02-05 17:40:59.912 15500 15500 V ActivityScenario: Activity lifecycle changed event received but ignored because the intent does not match. startActivityIntent=Intent { act=android.intent.action.MAIN cat=[android.intent.category.LAUNCHER] cmp=com.example.dogglers/.HorizontalListActivity }, activity.getIntent()=Intent { act=android.intent.action.MAIN cat=[android.intent.category.LAUNCHER] flg=0x10008000 cmp=com.example.dogglers/androidx.test.core.app.InstrumentationActivityInvoker$BootstrapActivity (has extras) }, activity=androidx.test.core.app.InstrumentationActivityInvoker$BootstrapActivity@c6be6a6
02-05 17:40:59.912 15500 15500 D LifecycleMonitor: callback completes: androidx.test.core.app.ActivityScenario$1@49bf8e7
02-05 17:40:59.913  1163  3970 W WindowManager: lockNow pending, ignore updating lockscreen timeout
02-05 17:40:59.914  1163  3970 I SurfaceControl: nativeRelease nativeObject s[499038982592]
02-05 17:40:59.914  1163  3970 I SurfaceControl: nativeRelease nativeObject e[499038982592]
02-05 17:40:59.914  1163  3970 I SurfaceControl: nativeRelease nativeObject s[496871102688]
02-05 17:40:59.914  1163  3970 I SurfaceControl: nativeRelease nativeObject e[496871102688]
02-05 17:40:59.914  1163  3970 I SurfaceControl: nativeRelease nativeObject s[496871104032]
02-05 17:40:59.914  1163  3970 I SurfaceControl: nativeRelease nativeObject e[496871104032]
02-05 17:40:59.921   789   789 I Layer   : id=79953[1] Destroyed ActivityRecord{2ae6d41 u0 com.example.dogglers/.HorizontalListActivity t12736}#0
02-05 17:40:59.921   789   834 I Layer   : id=79948 removeFromCurrentState ActivityRecord{1004214 u0 com.example.dogglers/androidx.test.core.app.InstrumentationActivityInvoker$BootstrapActivity t12736}#0 (198)
02-05 17:40:59.921   789   834 I Layer   : id=79957 removeFromCurrentState Surface(name=ActivityRecord{1004214 u0 com.example.dogglers/androidx.test.core.app.InstrumentationActivityInvoker$BootstrapActivity t12736})/@0x2f69840 - animation-bounds#0 (198)
02-05 17:40:59.921   789   834 I Layer   : id=79954 removeFromCurrentState Surface(name=ActivityRecord{1004214 u0 com.example.dogglers/androidx.test.core.app.InstrumentationActivityInvoker$BootstrapActivity t12736})/@0x2f69840 - animation-leash#0 (198)
02-05 17:40:59.921   789   834 I Layer   : id=79954 removeFromCurrentState Surface(name=ActivityRecord{1004214 u0 com.example.dogglers/androidx.test.core.app.InstrumentationActivityInvoker$BootstrapActivity t12736})/@0x2f69840 - animation-leash#0 (198)
02-05 17:40:59.921   789  2265 I SurfaceFlinger: id=79948 Removed ActivityRecord{1004214 u0 com.example.dogglers/androidx.test.core.app.InstrumentationActivityInvoker$BootstrapActivity t12736}#0 (198)
02-05 17:40:59.921   789  2265 I SurfaceFlinger: id=79957 Removed Surface(name=ActivityRecord{1004214 u0 com.example.dogglers/androidx.test.core.app.InstrumentationActivityInvoker$BootstrapActivity t12736})/@0x2f69840 - animation-bounds#0 (198)
02-05 17:40:59.921   789  2265 I SurfaceFlinger: id=79954 Removed Surface(name=ActivityRecord{1004214 u0 com.example.dogglers/androidx.test.core.app.InstrumentationActivityInvoker$BootstrapActivity t12736})/@0x2f69840 - animation-leash#0 (198)
02-05 17:40:59.922  1163  1240 W WindowManager: lockNow pending, ignore updating lockscreen timeout
02-05 17:40:59.924  1163  1240 W WindowManager: lockNow pending, ignore updating lockscreen timeout
02-05 17:40:59.927  1163  3940 I SemDvfsHyPerManager: acquire hyper - AMS_ACT_START/1163@20, type = -999
02-05 17:40:59.927   726   817 I HYPER-HAL: [RequestManager.cpp]acquire(): Acquired ID : 700356  [1163 / 20]    HINT : AMS_ACT_START    list :
02-05 17:40:59.927   789   835 I SurfaceFlinger: id=79970 createSurf (0x0),-1 flag=80004, ActivityRecord{28a544c u0 com.example.dogglers/androidx.test.core.app.InstrumentationActivityInvoker$EmptyActivity t12736}#0
02-05 17:40:59.928   726   817 I HYPER-HAL: [ResourceManager.cpp]updateResource(): [CPUMinFreq] UpdateResource Request ID : 700356    Value : 1930195
02-05 17:40:59.930  1163  3940 W WindowManager: lockNow pending, ignore updating lockscreen timeout
02-05 17:40:59.931 15500 15500 D LifecycleMonitor: Lifecycle status change: androidx.test.core.app.InstrumentationActivityInvoker$EmptyActivity@396f7bf in: PAUSED
02-05 17:40:59.931 15500 15500 D LifecycleMonitor: running callback: androidx.test.core.app.ActivityScenario$1@49bf8e7
02-05 17:40:59.931 15500 15500 V ActivityScenario: Activity lifecycle changed event received but ignored because the intent does not match. startActivityIntent=Intent { act=android.intent.action.MAIN cat=[android.intent.category.LAUNCHER] cmp=com.example.dogglers/.HorizontalListActivity }, activity.getIntent()=Intent { act=android.intent.action.MAIN cat=[android.intent.category.LAUNCHER] flg=0x10000000 cmp=com.example.dogglers/androidx.test.core.app.InstrumentationActivityInvoker$EmptyActivity }, activity=androidx.test.core.app.InstrumentationActivityInvoker$EmptyActivity@396f7bf
02-05 17:40:59.931 15500 15500 D LifecycleMonitor: callback completes: androidx.test.core.app.ActivityScenario$1@49bf8e7
02-05 17:40:59.933  1163  1796 V WindowOrientationListener: getProposedRotation: 0
02-05 17:40:59.933  1163  1796 V WindowOrientationListener: getProposedRotation: 0
02-05 17:40:59.933  1163  1796 V WindowOrientationListener: getProposedRotation: 0
02-05 17:40:59.934  1163  1796 D InputDispatcher: Focused application set to (0): 28a544c
02-05 17:40:59.936  1163  1796 W WindowManager: lockNow pending, ignore updating lockscreen timeout
02-05 17:40:59.937   789   789 I Layer   : id=79957[1] Destroyed Surface(name=ActivityRecord{1004214 u0 com.example.dogglers/androidx.test.core.app.InstrumentationActivityInvoker$BootstrapActivity t12736})/@0x2f69840 - animation-bounds#0
02-05 17:40:59.937   789   789 I Layer   : id=79954[1] Destroyed Surface(name=ActivityRecord{1004214 u0 com.example.dogglers/androidx.test.core.app.InstrumentationActivityInvoker$BootstrapActivity t12736})/@0x2f69840 - animation-leash#0
02-05 17:40:59.937   789   789 I Layer   : id=79948[1] Destroyed ActivityRecord{1004214 u0 com.example.dogglers/androidx.test.core.app.InstrumentationActivityInvoker$BootstrapActivity t12736}#0
02-05 17:40:59.940 15500 15500 D LifecycleMonitor: Lifecycle status change: androidx.test.core.app.InstrumentationActivityInvoker$EmptyActivity@e7c02bc in: PRE_ON_CREATE
02-05 17:40:59.940 15500 15500 D LifecycleMonitor: running callback: androidx.test.core.app.ActivityScenario$1@49bf8e7
02-05 17:40:59.940 15500 15500 V ActivityScenario: Activity lifecycle changed event received but ignored because the intent does not match. startActivityIntent=Intent { act=android.intent.action.MAIN cat=[android.intent.category.LAUNCHER] cmp=com.example.dogglers/.HorizontalListActivity }, activity.getIntent()=Intent { act=android.intent.action.MAIN cat=[android.intent.category.LAUNCHER] flg=0x10000000 cmp=com.example.dogglers/androidx.test.core.app.InstrumentationActivityInvoker$EmptyActivity }, activity=androidx.test.core.app.InstrumentationActivityInvoker$EmptyActivity@e7c02bc
02-05 17:40:59.941 15500 15500 D LifecycleMonitor: callback completes: androidx.test.core.app.ActivityScenario$1@49bf8e7
02-05 17:40:59.944 14119  5522 W ChimeraUtils: Module com.google.android.gms.nearby_en has empty metadata display_name_string_id
02-05 17:40:59.945 15500 15500 I DecorView: [INFO] isPopOver=false, config=true
02-05 17:40:59.945 15500 15500 I DecorView: updateCaptionType >> DecorView@1564d9a[], isFloating=false, isApplication=true, hasWindowDecorCaption=false, hasWindowControllerCallback=true
02-05 17:40:59.945 15500 15500 D DecorView: setCaptionType = 0, this = DecorView@1564d9a[]
02-05 17:40:59.947 14119  5522 W ChimeraUtils: Module com.google.android.gms.nearby_en has empty metadata display_name_string_id
02-05 17:40:59.947 15500 15500 D LifecycleMonitor: Lifecycle status change: androidx.test.core.app.InstrumentationActivityInvoker$EmptyActivity@e7c02bc in: CREATED
02-05 17:40:59.947 15500 15500 D LifecycleMonitor: running callback: androidx.test.core.app.ActivityScenario$1@49bf8e7
02-05 17:40:59.947 15500 15500 V ActivityScenario: Activity lifecycle changed event received but ignored because the intent does not match. startActivityIntent=Intent { act=android.intent.action.MAIN cat=[android.intent.category.LAUNCHER] cmp=com.example.dogglers/.HorizontalListActivity }, activity.getIntent()=Intent { act=android.intent.action.MAIN cat=[android.intent.category.LAUNCHER] flg=0x10000000 cmp=com.example.dogglers/androidx.test.core.app.InstrumentationActivityInvoker$EmptyActivity }, activity=androidx.test.core.app.InstrumentationActivityInvoker$EmptyActivity@e7c02bc
02-05 17:40:59.947 15500 15500 D LifecycleMonitor: callback completes: androidx.test.core.app.ActivityScenario$1@49bf8e7
02-05 17:40:59.948   726 16234 I HYPER-HAL: [ResourceManager.cpp]removeResource(): [CPUMinFreq] RemoveResource Request ID : 718236
02-05 17:40:59.948   726 16234 I HYPER-HAL: [RequestManager.cpp]releaseLocked(): Released ID : 718236
02-05 17:40:59.948 15500 15500 D LifecycleMonitor: Lifecycle status change: androidx.test.core.app.InstrumentationActivityInvoker$EmptyActivity@e7c02bc in: STARTED
02-05 17:40:59.948 15500 15500 D LifecycleMonitor: running callback: androidx.test.core.app.ActivityScenario$1@49bf8e7
02-05 17:40:59.949 15500 15500 V ActivityScenario: Activity lifecycle changed event received but ignored because the intent does not match. startActivityIntent=Intent { act=android.intent.action.MAIN cat=[android.intent.category.LAUNCHER] cmp=com.example.dogglers/.HorizontalListActivity }, activity.getIntent()=Intent { act=android.intent.action.MAIN cat=[android.intent.category.LAUNCHER] flg=0x10000000 cmp=com.example.dogglers/androidx.test.core.app.InstrumentationActivityInvoker$EmptyActivity }, activity=androidx.test.core.app.InstrumentationActivityInvoker$EmptyActivity@e7c02bc
02-05 17:40:59.949 15500 15500 D LifecycleMonitor: callback completes: androidx.test.core.app.ActivityScenario$1@49bf8e7
02-05 17:40:59.949 14119 16369 I Fitness : FitCleanupIntentOperation received Intent android.intent.action.PACKAGE_CHANGED [CONTEXT service_id=17 ]
02-05 17:40:59.952 15500 15500 D LifecycleMonitor: Lifecycle status change: androidx.test.core.app.InstrumentationActivityInvoker$EmptyActivity@e7c02bc in: RESUMED
02-05 17:40:59.952 15500 15500 D LifecycleMonitor: running callback: androidx.test.core.app.ActivityScenario$1@49bf8e7
02-05 17:40:59.952 15500 15500 V ActivityScenario: Activity lifecycle changed event received but ignored because the intent does not match. startActivityIntent=Intent { act=android.intent.action.MAIN cat=[android.intent.category.LAUNCHER] cmp=com.example.dogglers/.HorizontalListActivity }, activity.getIntent()=Intent { act=android.intent.action.MAIN cat=[android.intent.category.LAUNCHER] flg=0x10000000 cmp=com.example.dogglers/androidx.test.core.app.InstrumentationActivityInvoker$EmptyActivity }, activity=androidx.test.core.app.InstrumentationActivityInvoker$EmptyActivity@e7c02bc
02-05 17:40:59.952 15500 15500 D LifecycleMonitor: callback completes: androidx.test.core.app.ActivityScenario$1@49bf8e7
02-05 17:40:59.954  1163  3970 D InputTransport: Input channel constructed: '9904d49', fd=934
02-05 17:40:59.955  1163  3970 D InputTransport: Input channel constructed: '9904d49', fd=935
02-05 17:40:59.955   789   834 I SurfaceFlinger: id=79971 createSurf (0x0),-1 flag=80004, 9904d49 com.example.dogglers/androidx.test.core.app.InstrumentationActivityInvoker$EmptyActivity#0
02-05 17:40:59.955  1163  3939 I InputDispatcher: Focus left window (15500): 4d32353 in display 0 0
02-05 17:40:59.955  1163  3970 D WindowManager: isScreenshotDisabledLocked - win: Window{9904d49 u0 com.example.dogglers/androidx.test.core.app.InstrumentationActivityInvoker$EmptyActivity}
02-05 17:40:59.955  1163  3970 D WindowManager: isScreenshotDisabledLocked: userId = 0, disabled =false
02-05 17:40:59.956  1163  3970 D InputTransport: Input channel destroyed: '9904d49', fd=935
02-05 17:40:59.956 15500 15500 D InputTransport: Input channel constructed: '9904d49', fd=90
02-05 17:40:59.957 15500 15500 I ViewRootImpl@e381dc1[InstrumentationActivityInvoker$EmptyActivity]: setView = com.android.internal.policy.DecorView@1564d9a TM=true
02-05 17:40:59.959  1163  1235 V WindowManager: Relayout Window{9904d49 u0 com.example.dogglers/androidx.test.core.app.InstrumentationActivityInvoker$EmptyActivity}: viewVisibility=0 req=1080x2400
02-05 17:40:59.959  1163  1235 W WindowManager: lockNow pending, ignore updating lockscreen timeout
02-05 17:40:59.960  1163  1235 D WindowManager: isScreenshotDisabledLocked - win: Window{9904d49 u0 com.example.dogglers/androidx.test.core.app.InstrumentationActivityInvoker$EmptyActivity}
02-05 17:40:59.960  1163  1235 D WindowManager: isScreenshotDisabledLocked: userId = 0, disabled =false
02-05 17:40:59.960   789  1272 I SurfaceFlinger: id=79972 createSurf (1080x2400),1 flag=404, com.example.dogglers/androidx.test.core.app.InstrumentationActivityInvoker$EmptyActivity$_15500#1
02-05 17:40:59.962  1163  1235 I SurfaceControl: nativeRelease nativeObject s[496861211200]
02-05 17:40:59.962  1163  1235 I SurfaceControl: nativeRelease nativeObject e[496861211200]
02-05 17:40:59.962   789   835 I SurfaceFlinger: id=79973 createSurf (0x0),-1 flag=24000, Surface(name=8c655e2 StatusBar)/@0x44a9b07 - animation-leash#1
02-05 17:40:59.962  1163  1235 I SurfaceControl: nativeRelease nativeObject s[496861211296]
02-05 17:40:59.962  1163  1235 I SurfaceControl: nativeRelease nativeObject e[496861211296]
02-05 17:40:59.963   789   834 I SurfaceFlinger: id=79974 createSurf (0x0),-1 flag=24000, Surface(name=b29f82b NavigationBar0)/@0x8634759 - animation-leash#0
02-05 17:40:59.963  1163  1235 V WindowManager: Relayout hash=9904d49, pid=15500: mAttrs={(0,0)(fillxfill) sim={adjust=pan forwardNavigation} ty=BASE_APPLICATION wanim=0x1030001
02-05 17:40:59.963  1163  1235 V WindowManager:   fl=1810100
02-05 17:40:59.963  1163  1235 V WindowManager:   pfl=12020000
02-05 17:40:59.963  1163  1235 V WindowManager:   fitSides= naviIconColor=0}
02-05 17:40:59.963  1163  1235 I SurfaceControl: nativeRelease nativeObject s[499038068672]
02-05 17:40:59.963  1163  1235 I SurfaceControl: nativeRelease nativeObject e[499038068672]
02-05 17:40:59.964 15500 15500 I SurfaceControl: assignNativeObject: nativeObject = 0 Surface(name=null)/@0xb3ba966 / android.view.SurfaceControl.readFromParcel:1117 android.view.IWindowSession$Stub$Proxy.relayout:1820 android.view.ViewRootImpl.relayoutWindow:9005 android.view.ViewRootImpl.performTraversals:3360 android.view.ViewRootImpl.doTraversal:2618 android.view.ViewRootImpl$TraversalRunnable.run:9971 android.view.Choreographer$CallbackRecord.run:1010 android.view.Choreographer.doCallbacks:809 android.view.Choreographer.doFrame:744 android.view.Choreographer$FrameDisplayEventReceiver.run:995
02-05 17:40:59.964 15500 15500 I ViewRootImpl@e381dc1[InstrumentationActivityInvoker$EmptyActivity]: Relayout returned: old=(0,0,1080,2400) new=(0,0,1080,2400) req=(1080,2400)0 dur=5 res=0x7 s={true 497169784832} ch=true fn=-1
02-05 17:40:59.966 15500 15500 I ViewRootImpl@e381dc1[InstrumentationActivityInvoker$EmptyActivity]: [DP] dp(1) 1 android.view.ViewRootImpl.reportNextDraw:10957 android.view.ViewRootImpl.performTraversals:3845 android.view.ViewRootImpl.doTraversal:2618
02-05 17:40:59.966 15500 15500 I ViewRootImpl@e381dc1[InstrumentationActivityInvoker$EmptyActivity]: [DP] pd() Asnyc report
02-05 17:40:59.966 15500 15565 I mali_winsys: new_window_surface() [1080x2400] return: 0x3000
02-05 17:40:59.966   716   953 D gralloc : [mali_gralloc_allocate] begin
02-05 17:40:59.966   716   953 D gralloc : buffer_descriptor: wh(1080 2400) usage_pc(0x40000000000b00 0x40000000000b00) hal_format(0x1) layer_count(1) sizes(0 0 0) strde(0) byte_stride(0) alloc_wh(0 0) internal_format(0x0) alloc_format(0x0) fd_count(1) plane_count(0)
02-05 17:40:59.969   716   953 D gralloc : [mali_gralloc_allocate] allocation successful
02-05 17:40:59.969 12858 16004 I RoleControllerService: grantDefaultRoles() is done
02-05 17:40:59.970   716   953 D gralloc : [mali_gralloc_allocate] begin
02-05 17:40:59.970   716   953 D gralloc : buffer_descriptor: wh(1080 2400) usage_pc(0x40000000000b00 0x40000000000b00) hal_format(0x1) layer_count(1) sizes(0 0 0) strde(0) byte_stride(0) alloc_wh(0 0) internal_format(0x0) alloc_format(0x0) fd_count(1) plane_count(0)
02-05 17:40:59.971   716   953 D gralloc : [mali_gralloc_allocate] allocation successful
02-05 17:40:59.972   716   957 D gralloc : [mali_gralloc_allocate] begin
02-05 17:40:59.972   716   957 D gralloc : buffer_descriptor: wh(1080 2400) usage_pc(0x40000000000b00 0x40000000000b00) hal_format(0x1) layer_count(1) sizes(0 0 0) strde(0) byte_stride(0) alloc_wh(0 0) internal_format(0x0) alloc_format(0x0) fd_count(1) plane_count(0)
02-05 17:40:59.973 15500 15500 I ViewRootImpl@e381dc1[InstrumentationActivityInvoker$EmptyActivity]: [DP] pdf(0) 1 android.view.ViewRootImpl.lambda$performDraw$1$ViewRootImpl:4668 android.view.-$$Lambda$ViewRootImpl$DJd0VUYJgsebcnSohO6h8zc_ONI.run:6 android.os.Handler.handleCallback:938
02-05 17:40:59.973 15500 15500 I ViewRootImpl@e381dc1[InstrumentationActivityInvoker$EmptyActivity]: [DP] rdf()
02-05 17:40:59.973   716   957 D gralloc : [mali_gralloc_allocate] allocation successful
02-05 17:40:59.977   789   834 I Layer   : id=79967 removeFromCurrentState Surface(name=8c655e2 StatusBar)/@0x44a9b07 - animation-leash#0 (200)
02-05 17:40:59.977   789   834 I Layer   : id=79968 removeFromCurrentState Surface(name=b29f82b NavigationBar0)/@0x8634759 - animation-leash#1 (200)
02-05 17:40:59.978 15500 15500 I ViewRootImpl@2705778[InstrumentationActivityInvoker$EmptyActivity]: MSG_WINDOW_FOCUS_CHANGED 0 1
02-05 17:40:59.978  1163  1240 W WindowManager: lockNow pending, ignore updating lockscreen timeout
02-05 17:40:59.981  1163  1240 D PkgPredictorService: pkg:com.example.dogglers activity:androidx.test.core.app.InstrumentationActivityInvoker$EmptyActivity thisTime:55
02-05 17:40:59.981  1163  1240 I SemDvfsHyPerManager: acquire hyper - AMS_RESUME_TAIL/1163@22, type = -999
02-05 17:40:59.981  1163  1240 I SemDvfsHyPerManager: acquire hyper - AMS_ACT_LAZY/1163@23, type = -999
02-05 17:40:59.982   726   817 I HYPER-HAL: [RequestManager.cpp]acquire(): Acquired ID : 702727  [1163 / 22]    HINT : AMS_RESUME_TAIL    list :
02-05 17:40:59.982   726   817 I HYPER-HAL: [ResourceManager.cpp]updateResource(): [CPUMinFreq] UpdateResource Request ID : 702727    Value : 1844882
02-05 17:40:59.982   726   817 I HYPER-HAL: [RequestManager.cpp]acquire(): Acquired ID : 703914  [1163 / 23]    HINT :      list :
02-05 17:40:59.982   726   817 E HYPER-HAL: [Request.cpp]acquire(): Request:: id : 703914, No Resource to set
02-05 17:40:59.982   726   817 I HYPER-HAL: [ResourceManager.cpp]removeResource(): [CPUMinFreq] RemoveResource Request ID : 700356
02-05 17:40:59.982   726   817 I HYPER-HAL: [RequestManager.cpp]releaseLocked(): Released ID : 700356
02-05 17:40:59.983  1163  1240 W WindowManager: lockNow pending, ignore updating lockscreen timeout
02-05 17:40:59.985 15500 15500 I SurfaceControl: nativeRelease nativeObject s[498994764800]
02-05 17:40:59.985 15500 15500 I SurfaceControl: nativeRelease nativeObject e[498994764800]
02-05 17:40:59.985 15500 15500 I SurfaceControl: nativeRelease nativeObject s[498994764032]
02-05 17:40:59.985 15500 15500 I SurfaceControl: nativeRelease nativeObject e[498994764032]
02-05 17:40:59.985 15500 15500 I SurfaceControl: nativeRelease nativeObject s[498994763552]
02-05 17:40:59.985 15500 15500 I SurfaceControl: nativeRelease nativeObject e[498994763552]
02-05 17:40:59.985   789  2265 I SurfaceFlinger: id=79968 Removed Surface(name=b29f82b NavigationBar0)/@0x8634759 - animation-leash#1 (200)
02-05 17:40:59.985   789  2265 I SurfaceFlinger: id=79967 Removed Surface(name=8c655e2 StatusBar)/@0x44a9b07 - animation-leash#0 (200)
02-05 17:40:59.988 15500 15565 I mali_egl: eglDestroySurface() in
02-05 17:40:59.988   789   789 I Layer   : id=79967[1] Destroyed Surface(name=8c655e2 StatusBar)/@0x44a9b07 - animation-leash#0
02-05 17:40:59.989   789   789 I Layer   : id=79968[1] Destroyed Surface(name=b29f82b NavigationBar0)/@0x8634759 - animation-leash#1
02-05 17:40:59.989 15500 15565 I mali_winsys: delete_surface() [1080x2400] return
02-05 17:40:59.989 15500 15565 I mali_egl: eglDestroySurface() out
02-05 17:40:59.989   789  2265 E BufferQueueProducer: [com.example.dogglers/androidx.test.core.app.InstrumentationActivityInvoker$EmptyActivity$_15500#0](id:315000036de,api:0,p:-1,c:789) disconnect: not connected (req=1)
02-05 17:40:59.989 15500 15565 W libEGL  : EGLNativeWindowType 0x73d8179010 disconnect failed
02-05 17:40:59.989  1163  1793 I InputDispatcher: Focus entered window (15500): 9904d49 in display 0 0
02-05 17:40:59.990  1163  3939 V WindowManager: Relayout Window{4d32353 u0 com.example.dogglers/androidx.test.core.app.InstrumentationActivityInvoker$EmptyActivity}: viewVisibility=8 req=1080x2400
02-05 17:40:59.990  1163  3939 W WindowManager: lockNow pending, ignore updating lockscreen timeout
02-05 17:40:59.991  1163  3939 V WindowManager: Relayout hash=4d32353, pid=15500: mAttrs={(0,0)(fillxfill) sim={adjust=pan forwardNavigation} ty=BASE_APPLICATION wanim=0x1030001
02-05 17:40:59.991  1163  3939 V WindowManager:   fl=1810100
02-05 17:40:59.991  1163  3939 V WindowManager:   pfl=12020000
02-05 17:40:59.991  1163  3939 V WindowManager:   fitSides= naviIconColor=0}
02-05 17:40:59.991  1163  1240 W WindowManager: lockNow pending, ignore updating lockscreen timeout
02-05 17:40:59.991 15500 15500 I SurfaceControl: nativeRelease nativeObject s[498994772384]
02-05 17:40:59.991 15500 15500 I SurfaceControl: nativeRelease nativeObject e[498994772384]
02-05 17:40:59.992 15500 15500 I SurfaceControl: assignNativeObject: nativeObject = 0 Surface(name=null)/@0xe864a7 / android.view.SurfaceControl.readFromParcel:1117 android.view.IWindowSession$Stub$Proxy.relayout:1810 android.view.ViewRootImpl.relayoutWindow:9005 android.view.ViewRootImpl.performTraversals:3360 android.view.ViewRootImpl.doTraversal:2618 android.view.ViewRootImpl$TraversalRunnable.run:9971 android.view.Choreographer$CallbackRecord.run:1010 android.view.Choreographer.doCallbacks:809 android.view.Choreographer.doFrame:744 android.view.Choreographer$FrameDisplayEventReceiver.run:995
02-05 17:40:59.992 15500 15500 I SurfaceControl: assignNativeObject: nativeObject = 0 Surface(name=null)/@0x34bfe51 / android.view.SurfaceControl.readFromParcel:1117 android.view.IWindowSession$Stub$Proxy.relayout:1820 android.view.ViewRootImpl.relayoutWindow:9005 android.view.ViewRootImpl.performTraversals:3360 android.view.ViewRootImpl.doTraversal:2618 android.view.ViewRootImpl$TraversalRunnable.run:9971 android.view.Choreographer$CallbackRecord.run:1010 android.view.Choreographer.doCallbacks:809 android.view.Choreographer.doFrame:744 android.view.Choreographer$FrameDisplayEventReceiver.run:995
02-05 17:40:59.992 15500 15500 I SurfaceControl: nativeRelease nativeObject s[497477722912]
02-05 17:40:59.992 15500 15500 I SurfaceControl: nativeRelease nativeObject e[497477722912]
02-05 17:40:59.992 15500 15500 I ViewRootImpl@2705778[InstrumentationActivityInvoker$EmptyActivity]: Relayout returned: old=(0,0,1080,2400) new=(0,0,1080,2400) req=(1080,2400)8 dur=3 res=0x5 s={false 0} ch=true fn=2
02-05 17:40:59.993   789   789 D SurfaceFlinger: Display 21442653864348033 HWC layers:
02-05 17:40:59.993   789   789 D SurfaceFlinger:      DEVICE | 0x74084ff340 | 0002 | RGBA_8888    |    0.0    0.0 1080.0 2400.0 |    0    0 1080 2400 | com.example.dogglers/androidx.test.c[...]tivityInvoker$EmptyActivity$_15500#1
02-05 17:40:59.993   789   789 D SurfaceFlinger:      DEVICE | 0x7428c3fac0 | 0000 | RGBA_8888    |    0.0    0.0 1080.0   88.0 |    0    0 1080   88 | StatusBar$_1680#0
02-05 17:40:59.993   789   789 D SurfaceFlinger:      DEVICE | 0x7428c40600 | 0000 | RGBA_8888    |    0.0    0.0 1080.0  144.0 |    0 2256 1080 2400 | NavigationBar0$_1680#0
02-05 17:40:59.993   789   789 D SurfaceFlinger:      DEVICE | 0x7408191180 | 0000 | RGBA_8888    |    0.0    0.0 1080.0  125.0 |    0    0 1080  125 | ScreenDecorOverlay$_1680#0
02-05 17:40:59.993   789   789 D SurfaceFlinger:      DEVICE | 0x7428c3f480 | 0000 | RGBA_8888    |    0.0    0.0 1080.0  112.0 |    0 2288 1080 2400 | ScreenDecorOverlayBottom$_1680#0
02-05 17:40:59.993   789   789 D SurfaceFlinger:
02-05 17:40:59.995  1163  2104 D InputDispatcher: Focused application set to (0): 1dafdd4
02-05 17:40:59.996  1163  2104 W WindowManager: lockNow pending, ignore updating lockscreen timeout
02-05 17:40:59.997  1163  1163 D SdpManagerService: Not an enterprise user : 0
02-05 17:40:59.997  1163  1163 D SdpManagerService: Not an enterprise user : 0
02-05 17:40:59.998 15500 15500 I ViewRootImpl@2705778[InstrumentationActivityInvoker$EmptyActivity]: stopped(true) old=false
02-05 17:40:59.998 15500 15500 D LifecycleMonitor: Lifecycle status change: androidx.test.core.app.InstrumentationActivityInvoker$EmptyActivity@396f7bf in: STOPPED
02-05 17:40:59.998 15500 15500 D LifecycleMonitor: running callback: androidx.test.core.app.ActivityScenario$1@49bf8e7
02-05 17:40:59.998 15500 15500 V ActivityScenario: Activity lifecycle changed event received but ignored because the intent does not match. startActivityIntent=Intent { act=android.intent.action.MAIN cat=[android.intent.category.LAUNCHER] cmp=com.example.dogglers/.HorizontalListActivity }, activity.getIntent()=Intent { act=android.intent.action.MAIN cat=[android.intent.category.LAUNCHER] flg=0x10000000 cmp=com.example.dogglers/androidx.test.core.app.InstrumentationActivityInvoker$EmptyActivity }, activity=androidx.test.core.app.InstrumentationActivityInvoker$EmptyActivity@396f7bf
02-05 17:40:59.998 15500 15500 D LifecycleMonitor: callback completes: androidx.test.core.app.ActivityScenario$1@49bf8e7
02-05 17:40:59.999 12858 12888 I PermissionControllerServiceImpl: Updating user sensitive for uid 5009
02-05 17:40:59.999  1163  1163 D SEP_UNION_SemDeviceInfoManagerService: onReceive : android.intent.action.PACKAGE_CHANGED, userId = 0
02-05 17:41:00.000 15500 15500 D LifecycleMonitor: Lifecycle status change: androidx.test.core.app.InstrumentationActivityInvoker$EmptyActivity@396f7bf in: DESTROYED
02-05 17:41:00.000 15500 15500 D LifecycleMonitor: running callback: androidx.test.core.app.ActivityScenario$1@49bf8e7
02-05 17:41:00.000 15500 15500 V ActivityScenario: Activity lifecycle changed event received but ignored because the intent does not match. startActivityIntent=Intent { act=android.intent.action.MAIN cat=[android.intent.category.LAUNCHER] cmp=com.example.dogglers/.HorizontalListActivity }, activity.getIntent()=Intent { act=android.intent.action.MAIN cat=[android.intent.category.LAUNCHER] flg=0x10000000 cmp=com.example.dogglers/androidx.test.core.app.InstrumentationActivityInvoker$EmptyActivity }, activity=androidx.test.core.app.InstrumentationActivityInvoker$EmptyActivity@396f7bf
02-05 17:41:00.000 15500 15500 D LifecycleMonitor: callback completes: androidx.test.core.app.ActivityScenario$1@49bf8e7
02-05 17:41:00.000 15500 15500 I ViewRootImpl@2705778[InstrumentationActivityInvoker$EmptyActivity]: dispatchDetachedFromWindow
02-05 17:41:00.001  1163  3939 D InputTransport: Input channel destroyed: '4d32353', fd=917
02-05 17:41:00.001  1163  3939 I SurfaceControl: nativeRelease nativeObject s[496867020320]
02-05 17:41:00.001  1163  3939 I SurfaceControl: nativeRelease nativeObject e[496867020320]
02-05 17:41:00.001  1163  3939 D WindowManager: isScreenshotDisabledLocked - win: Window{4d32353 u0 com.example.dogglers/androidx.test.core.app.InstrumentationActivityInvoker$EmptyActivity}
02-05 17:41:00.001  1163  3939 D WindowManager: isScreenshotDisabledLocked: userId = 0, disabled =false
02-05 17:41:00.001  1163  3939 I SurfaceControl: nativeRelease nativeObject s[499038068384]
02-05 17:41:00.001  1163  3939 I SurfaceControl: nativeRelease nativeObject e[499038068384]
02-05 17:41:00.001   789   834 I SurfaceFlinger: id=79975 createSurf (0x0),-1 flag=24004, Surface(name=dbf3b45 InputMethod)/@0xf70bba8 - animation-leash#0
02-05 17:41:00.002  1163  3939 I SurfaceControl: nativeRelease nativeObject s[496861209088]
02-05 17:41:00.002  1163  3939 I SurfaceControl: nativeRelease nativeObject e[496861209088]
02-05 17:41:00.002   789  1272 I Layer   : id=79966 removeFromCurrentState com.example.dogglers/androidx.test.core.app.InstrumentationActivityInvoker$EmptyActivity$_15500#0 (199)
02-05 17:41:00.003  1163  3939 W WindowManager: lockNow pending, ignore updating lockscreen timeout
02-05 17:41:00.003   789  1272 I Layer   : id=79965 removeFromCurrentState 4d32353 com.example.dogglers/androidx.test.core.app.InstrumentationActivityInvoker$EmptyActivity#0 (199)
02-05 17:41:00.003   789  1272 I Layer   : id=79969 removeFromCurrentState Surface(name=dbf3b45 InputMethod)/@0xf70bba8 - animation-leash#1 (199)
02-05 17:41:00.004   789   834 I SurfaceFlinger: id=79966 Removed com.example.dogglers/androidx.test.core.app.InstrumentationActivityInvoker$EmptyActivity$_15500#0 (199)
02-05 17:41:00.004   789   834 I SurfaceFlinger: id=79965 Removed 4d32353 com.example.dogglers/androidx.test.core.app.InstrumentationActivityInvoker$EmptyActivity#0 (199)
02-05 17:41:00.004 15500 15500 D InputTransport: Input channel destroyed: '4d32353', fd=99
02-05 17:41:00.004 15500 15500 I ViewRootImpl@e381dc1[InstrumentationActivityInvoker$EmptyActivity]: MSG_WINDOW_FOCUS_CHANGED 1 1
02-05 17:41:00.004 15500 15500 D InputMethodManager: prepareNavigationBarInfo() DecorView@1564d9a[InstrumentationActivityInvoker$EmptyActivity]
02-05 17:41:00.004 15500 15500 D InputMethodManager: getNavigationBarColor() -16711423
02-05 17:41:00.005 15500 15500 D InputMethodManager: prepareNavigationBarInfo() DecorView@1564d9a[InstrumentationActivityInvoker$EmptyActivity]
02-05 17:41:00.005 15500 15500 D InputMethodManager: getNavigationBarColor() -16711423
02-05 17:41:00.005 15500 15500 V InputMethodManager: Starting input: tba=com.example.dogglers ic=null mNaviBarColor -16711423 mIsGetNaviBarColorSuccess true , NavVisible : true , NavTrans : false
02-05 17:41:00.005 15500 15500 D InputMethodManager: startInputInner - Id : 0
02-05 17:41:00.005 15500 15500 I InputMethodManager: startInputInner - mService.startInputOrWindowGainedFocus
02-05 17:41:00.005  1163  1796 D InputMethodManagerService: mSecureKeypadEnabled = false
02-05 17:41:00.005   789   789 I Layer   : id=79965[1] Destroyed 4d32353 com.example.dogglers/androidx.test.core.app.InstrumentationActivityInvoker$EmptyActivity#0
02-05 17:41:00.006   789   789 I Layer   : id=79966[1] Destroyed com.example.dogglers/androidx.test.core.app.InstrumentationActivityInvoker$EmptyActivity$_15500#0
02-05 17:41:00.006  1163  1796 V InputMethodManagerService: hideCurrentInputLocked : shouldHideSoftInput is false
02-05 17:41:00.006  1163  1796 D InputMethodManagerService: DESKTOP MODE! : 2
02-05 17:41:00.006  1163  1796 D InputMethodManagerService: NOT IN KNOX DESKTOP MODE!
02-05 17:41:00.006  1163  1796 V InputMethodManagerService: getDisplayIdOfInputMethodWindowToBeAdded : 0
02-05 17:41:00.007  1163  1793 I SurfaceControl: nativeRelease nativeObject s[496871104320]
02-05 17:41:00.007  1163  1793 I SurfaceControl: nativeRelease nativeObject e[496871104320]
02-05 17:41:00.007  1163  1796 D InputMethodManagerService: checkDisplayOfStartInputAndUpdateKeyboard display Id 0last 0
02-05 17:41:00.007  1163  1796 D InputTransport: Input channel constructed: 'ClientS', fd=917
02-05 17:41:00.007  1163  3939 I InputDispatcher: Focus left window (15500): 9904d49 in display 0 0
02-05 17:41:00.007  1163  1796 D InputTransport: Input channel destroyed: 'ClientS', fd=917
02-05 17:41:00.007 15500 15500 D InputTransport: Input channel constructed: 'ClientS', fd=97
02-05 17:41:00.007 15500 15500 D InputTransport: Input channel destroyed: 'ClientS', fd=98
02-05 17:41:00.019  1163  3939 I SurfaceControl: nativeRelease nativeObject s[496871096928]
02-05 17:41:00.019  1163  3939 I SurfaceControl: nativeRelease nativeObject e[496871096928]
02-05 17:41:00.019 15500 15500 D LifecycleMonitor: Lifecycle status change: androidx.test.core.app.InstrumentationActivityInvoker$EmptyActivity@e7c02bc in: PAUSED
02-05 17:41:00.019 15500 15500 D LifecycleMonitor: running callback: androidx.test.core.app.ActivityScenario$1@49bf8e7
02-05 17:41:00.019 15500 15500 V ActivityScenario: Activity lifecycle changed event received but ignored because the intent does not match. startActivityIntent=Intent { act=android.intent.action.MAIN cat=[android.intent.category.LAUNCHER] cmp=com.example.dogglers/.HorizontalListActivity }, activity.getIntent()=Intent { act=android.intent.action.MAIN cat=[android.intent.category.LAUNCHER] flg=0x10000000 cmp=com.example.dogglers/androidx.test.core.app.InstrumentationActivityInvoker$EmptyActivity }, activity=androidx.test.core.app.InstrumentationActivityInvoker$EmptyActivity@e7c02bc
02-05 17:41:00.019 15500 15500 D LifecycleMonitor: callback completes: androidx.test.core.app.ActivityScenario$1@49bf8e7
02-05 17:41:00.019   789   835 I SurfaceFlinger: id=79976 createSurf (0x0),-1 flag=24004, Surface(name=dbf3b45 InputMethod)/@0xf70bba8 - animation-leash#1
02-05 17:41:00.020  3640  3640 I GoogleInputMethodService: GoogleInputMethodService.onFinishInput():3316
02-05 17:41:00.021  3640  3640 I GoogleInputMethodService: GoogleInputMethodService.updateDeviceLockedStatus():2181 checkRepeatedly = false, unlocked = true
02-05 17:41:00.021  3640  3640 D InputMethodService: checkDisplayOfStartInputAndUpdateKeyboard display Id 0last 0
02-05 17:41:00.021  3640  3640 I GoogleInputMethodService: GoogleInputMethodService.onStartInput():1989
02-05 17:41:00.021  3640  3640 I GoogleInputMethodService: GoogleInputMethodService.updateDeviceLockedStatus():2181 checkRepeatedly = true, unlocked = true
02-05 17:41:00.024  1163  1235 I SemDvfsHyPerManager: acquire hyper - AMS_APP_HOME/1163@35, type = -999
02-05 17:41:00.024   726   817 I HYPER-HAL: [RequestManager.cpp]acquire(): Acquired ID : 718236  [1163 / 35]    HINT : AMS_APP_HOME    list :
02-05 17:41:00.024   726   817 I HYPER-HAL: [ResourceManager.cpp]updateResource(): [CPUMinFreq] UpdateResource Request ID : 718236    Value : 2623359
02-05 17:41:00.026  1163  1235 V WindowOrientationListener: getProposedRotation: 0
02-05 17:41:00.026  4183  4183 I SemDvfsHyPerManager: acquire hyper - com.sec.android.sdhms/4183@9, type = -999
02-05 17:41:00.026   726   817 I HYPER-HAL: [RequestManager.cpp]acquire(): Acquired ID : 8788537  [4183 / 9]    HINT : APP_START    list :
02-05 17:41:00.027   726   817 I HYPER-HAL: [ResourceManager.cpp]updateResource(): [CPUMaxFreq] UpdateResource Request ID : 8788537    Value : 2730000
02-05 17:41:00.031  1163  1235 W WindowManager: lockNow pending, ignore updating lockscreen timeout
02-05 17:41:00.032   789   835 I Layer   : id=79964 removeFromCurrentState ActivityRecord{fc9b8de u0 com.example.dogglers/androidx.test.core.app.InstrumentationActivityInvoker$EmptyActivity t12736}#0 (198)
02-05 17:41:00.032   789   835 I Layer   : id=79975 removeFromCurrentState Surface(name=dbf3b45 InputMethod)/@0xf70bba8 - animation-leash#0 (198)
02-05 17:41:00.033  1163  1240 I SurfaceControl: nativeRelease nativeObject s[499038982688]
02-05 17:41:00.033  1163  1240 I SurfaceControl: nativeRelease nativeObject e[499038982688]
02-05 17:41:00.033   789   834 I SurfaceFlinger: id=79964 Removed ActivityRecord{fc9b8de u0 com.example.dogglers/androidx.test.core.app.InstrumentationActivityInvoker$EmptyActivity t12736}#0 (198)
02-05 17:41:00.034 15500 15500 I SurfaceControl: nativeRelease nativeObject s[498994765568]
02-05 17:41:00.034  1163  3939 D SamsungIMMSHWKeyboard: isConnectedDexOnPC false
02-05 17:41:00.034 15500 15500 I SurfaceControl: nativeRelease nativeObject e[498994765568]
02-05 17:41:00.034 15500 15500 I SurfaceControl: nativeRelease nativeObject s[498994765280]
02-05 17:41:00.034 15500 15500 I SurfaceControl: nativeRelease nativeObject e[498994765280]
02-05 17:41:00.034 15500 15500 I ViewRootImpl@e381dc1[InstrumentationActivityInvoker$EmptyActivity]: MSG_WINDOW_FOCUS_CHANGED 0 1
02-05 17:41:00.034   789  1273 I Layer   : id=79956 removeFromCurrentState Surface(name=Dim Layer for - Task=12736 - animating-dim)/@0xe6ccd1f - animation-leash#0 (198)
02-05 17:41:00.035   789  1273 I SurfaceFlinger: id=79956 Removed Surface(name=Dim Layer for - Task=12736 - animating-dim)/@0xe6ccd1f - animation-leash#0 (198)
02-05 17:41:00.035 15500 15559 E TestRunner: failed: horizontal_scrolling(com.example.dogglers.HorizontalListTests)
02-05 17:41:00.035 15500 15559 E TestRunner: ----- begin exception -----
02-05 17:41:00.035  1163  3939 D InputMethodManagerService: isImeSwitcherDisabledPackage : false
02-05 17:41:00.037 15500 15559 E TestRunner: androidx.test.espresso.PerformException: Error performing 'fast swipe' on view 'Animations or transitions are enabled on the target device.
02-05 17:41:00.037 15500 15559 E TestRunner: For more info check: https://developer.android.com/training/testing/espresso/setup#set-up-environment
02-05 17:41:00.037 15500 15559 E TestRunner:
02-05 17:41:00.037 15500 15559 E TestRunner: with id is <com.example.dogglers:id/horizontal_recycler_view>'.
02-05 17:41:00.037 15500 15559 E TestRunner: 	at androidx.test.espresso.PerformException$Builder.build(PerformException.java:5)
02-05 17:41:00.037 15500 15559 E TestRunner: 	at androidx.test.espresso.base.DefaultFailureHandler.getUserFriendlyError(DefaultFailureHandler.java:25)
02-05 17:41:00.037 15500 15559 E TestRunner: 	at androidx.test.espresso.base.DefaultFailureHandler.handle(DefaultFailureHandler.java:36)
02-05 17:41:00.037 15500 15559 E TestRunner: 	at androidx.test.espresso.ViewInteraction.waitForAndHandleInteractionResults(ViewInteraction.java:106)
02-05 17:41:00.037 15500 15559 E TestRunner: 	at androidx.test.espresso.ViewInteraction.desugaredPerform(ViewInteraction.java:43)
02-05 17:41:00.037 15500 15559 E TestRunner: 	at androidx.test.espresso.ViewInteraction.perform(ViewInteraction.java:94)
02-05 17:41:00.037 15500 15559 E TestRunner: 	at com.example.dogglers.HorizontalListTests.horizontal_scrolling(HorizontalListTests.kt:55)
02-05 17:41:00.037 15500 15559 E TestRunner: 	at java.lang.reflect.Method.invoke(Native Method)
02-05 17:41:00.037 15500 15559 E TestRunner: 	at org.junit.runners.model.FrameworkMethod$1.runReflectiveCall(FrameworkMethod.java:50)
02-05 17:41:00.037 15500 15559 E TestRunner: 	at org.junit.internal.runners.model.ReflectiveCallable.run(ReflectiveCallable.java:12)
02-05 17:41:00.037 15500 15559 E TestRunner: 	at org.junit.runners.model.FrameworkMethod.invokeExplosively(FrameworkMethod.java:47)
02-05 17:41:00.037 15500 15559 E TestRunner: 	at org.junit.internal.runners.statements.InvokeMethod.evaluate(InvokeMethod.java:17)
02-05 17:41:00.037 15500 15559 E TestRunner: 	at org.junit.rules.ExternalResource$1.evaluate(ExternalResource.java:48)
02-05 17:41:00.037 15500 15559 E TestRunner: 	at org.junit.rules.RunRules.evaluate(RunRules.java:20)
02-05 17:41:00.037 15500 15559 E TestRunner: 	at org.junit.runners.ParentRunner.runLeaf(ParentRunner.java:325)
02-05 17:41:00.037 15500 15559 E TestRunner: 	at org.junit.runners.BlockJUnit4ClassRunner.runChild(BlockJUnit4ClassRunner.java:78)
02-05 17:41:00.037 15500 15559 E TestRunner: 	at org.junit.runners.BlockJUnit4ClassRunner.runChild(BlockJUnit4ClassRunner.java:57)
02-05 17:41:00.037 15500 15559 E TestRunner: 	at org.junit.runners.ParentRunner$3.run(ParentRunner.java:290)
02-05 17:41:00.037 15500 15559 E TestRunner: 	at org.junit.runners.ParentRunner$1.schedule(ParentRunner.java:71)
02-05 17:41:00.037 15500 15559 E TestRunner: 	at org.junit.runners.ParentRunner.runChildren(ParentRunner.java:288)
02-05 17:41:00.037 15500 15559 E TestRunner: 	at org.junit.runners.ParentRunner.access$000(ParentRunner.java:58)
02-05 17:41:00.037 15500 15559 E TestRunner: 	at org.junit.runners.ParentRunner$2.evaluate(ParentRunner.java:268)
02-05 17:41:00.037 15500 15559 E TestRunner: 	at org.junit.runners.ParentRunner.run(ParentRunner.java:363)
02-05 17:41:00.037 15500 15559 E TestRunner: 	at androidx.test.ext.junit.runners.AndroidJUnit4.run(AndroidJUnit4.java:154)
02-05 17:41:00.037 15500 15559 E TestRunner: 	at org.junit.runners.Suite.runChild(Suite.java:128)
02-05 17:41:00.037 15500 15559 E TestRunner: 	at org.junit.runners.Suite.runChild(Suite.java:27)
02-05 17:41:00.037 15500 15559 E TestRunner: 	at org.junit.runners.ParentRunner$3.run(ParentRunner.java:290)
02-05 17:41:00.037 15500 15559 E TestRunner: 	at org.junit.runners.ParentRunner$1.schedule(ParentRunner.java:71)
02-05 17:41:00.037 15500 15559 E TestRunner: 	at org.junit.runners.ParentRunner.runChildren(ParentRunner.java:288)
02-05 17:41:00.037 15500 15559 E TestRunner: 	at org.junit.runners.ParentRunner.access$000(ParentRunner.java:58)
02-05 17:41:00.037 15500 15559 E TestRunner: 	at org.junit.runners.ParentRunner$2.evaluate(ParentRunner.java:268)
02-05 17:41:00.037 15500 15559 E TestRunner: 	at org.junit.runners.ParentRunner.run(ParentRunner.java:363)
02-05 17:41:00.037 15500 15559 E TestRunner: 	at org.junit.runner.JUnitCore.run(JUnitCore.java:137)
02-05 17:41:00.037 15500 15559 E TestRunner: 	at org.junit.runner.JUnitCore.run(JUnitCore.java:115)
02-05 17:41:00.037 15500 15559 E TestRunner: 	at androidx.test.internal.runner.TestExecutor.execute(TestExecutor.java:56)
02-05 17:41:00.037 15500 15559 E TestRunner: 	at androidx.test.runner.AndroidJUnitRunner.onStart(AndroidJUnitRunner.java:395)
02-05 17:41:00.037 15500 15559 E TestRunner: 	at android.app.Instrumentation$InstrumentationThread.run(Instrumentation.java:2218)
02-05 17:41:00.037 15500 15559 E TestRunner: Caused by: java.lang.RuntimeException: Action will not be performed because the target view does not match one or more of the following constraints:
02-05 17:41:00.037 15500 15559 E TestRunner: at least 90 percent of the view's area is displayed to the user.
02-05 17:41:00.037 15500 15559 E TestRunner: Target view: "RecyclerView{id=2131230909, res-name=horizontal_recycler_view, visibility=VISIBLE, width=1080, height=0, has-focus=false, has-focusable=true, has-window-focus=true, is-clickable=false, is-enabled=true, is-focused=false, is-focusable=true, is-layout-requested=false, is-selected=false, layout-params=android.widget.FrameLayout$LayoutParams@d7ac692, tag=null, root-is-layout-requested=false, has-input-connection=false, x=0.0, y=1000.0, child-count=0}"
02-05 17:41:00.037 15500 15559 E TestRunner: 	at androidx.test.espresso.ViewInteraction.doPerform(ViewInteraction.java:63)
02-05 17:41:00.037 15500 15559 E TestRunner: 	at androidx.test.espresso.ViewInteraction.access$100(ViewInteraction.java:15)
02-05 17:41:00.037 15500 15559 E TestRunner: 	at androidx.test.espresso.ViewInteraction$1.call(ViewInteraction.java:3)
02-05 17:41:00.037 15500 15559 E TestRunner: 	at androidx.test.espresso.ViewInteraction$1.call(ViewInteraction.java:2)
02-05 17:41:00.037 15500 15559 E TestRunner: 	at java.util.concurrent.FutureTask.run(FutureTask.java:266)
02-05 17:41:00.037 15500 15559 E TestRunner: 	at android.os.Handler.handleCallback(Handler.java:938)
02-05 17:41:00.037 15500 15559 E TestRunner: 	at android.os.Handler.dispatchMessage(Handler.java:99)
02-05 17:41:00.037 15500 15559 E TestRunner: 	at android.os.Looper.loop(Looper.java:246)
02-05 17:41:00.037 15500 15559 E TestRunner: 	at android.app.ActivityThread.main(ActivityThread.java:8633)
02-05 17:41:00.037 15500 15559 E TestRunner: 	at java.lang.reflect.Method.invoke(Native Method)
02-05 17:41:00.037 15500 15559 E TestRunner: 	at com.android.internal.os.RuntimeInit$MethodAndArgsCaller.run(RuntimeInit.java:602)
02-05 17:41:00.037 15500 15559 E TestRunner: 	at com.android.internal.os.ZygoteInit.main(ZygoteInit.java:1130)
02-05 17:41:00.037 15500 15559 E TestRunner: ----- end exception -----
02-05 17:41:00.039   789   789 I Layer   : id=79956[1] Destroyed Surface(name=Dim Layer for - Task=12736 - animating-dim)/@0xe6ccd1f - animation-leash#0
02-05 17:41:00.039   789   789 I Layer   : id=79964[1] Destroyed ActivityRecord{fc9b8de u0 com.example.dogglers/androidx.test.core.app.InstrumentationActivityInvoker$EmptyActivity t12736}#0
02-05 17:41:00.039 15500 15559 I TestRunner: finished: horizontal_scrolling(com.example.dogglers.HorizontalListTests)
