02-05 17:40:57.620   789  2265 I Layer   : id=79842 removeFromCurrentState ActivityRecord{eda1da0 u0 com.example.dogglers/.GridListActivity t12733}#0 (218)
02-05 17:40:57.620   789  2265 I Layer   : id=79843 removeFromCurrentState dda7064 com.example.dogglers/com.example.dogglers.GridListActivity#0 (218)
02-05 17:40:57.620   789  2265 I Layer   : id=79844 removeFromCurrentState com.example.dogglers/com.example.dogglers.GridListActivity$_15500#0 (218)
02-05 17:40:57.620   789  2265 I Layer   : id=15 removeFromCurrentState ImeContainer#0 (218)
02-05 17:40:57.620   789  2265 I Layer   : id=59 removeFromCurrentState WindowToken{a5ffd77 android.os.Binder@f01e376}#0 (218)
02-05 17:40:57.620   789  2265 I Layer   : id=79858 removeFromCurrentState Surface(name=dbf3b45 InputMethod)/@0xf70bba8 - animation-leash#0 (218)
02-05 17:40:57.620   789  2265 I Layer   : id=60 removeFromCurrentState dbf3b45 InputMethod#0 (218)
02-05 17:40:57.620   789  2265 I Layer   : id=79849 removeFromCurrentState ActivityRecord{4139a1d u0 com.example.dogglers/androidx.test.core.app.InstrumentationActivityInvoker$EmptyActivity t12733}#0 (218)
02-05 17:40:57.620   789  2265 I Layer   : id=79854 removeFromCurrentState 6692b90 com.example.dogglers/androidx.test.core.app.InstrumentationActivityInvoker$EmptyActivity#0 (218)
02-05 17:40:57.620   789  2265 I Layer   : id=79855 removeFromCurrentState com.example.dogglers/androidx.test.core.app.InstrumentationActivityInvoker$EmptyActivity$_15500#0 (218)
02-05 17:40:57.620   789  2265 I Layer   : id=79859 removeFromCurrentState ActivityRecord{73b279f u0 com.example.dogglers/androidx.test.core.app.InstrumentationActivityInvoker$EmptyActivity t12733}#0 (218)
02-05 17:40:57.620   789  2265 I Layer   : id=79860 removeFromCurrentState e730d6d com.example.dogglers/androidx.test.core.app.InstrumentationActivityInvoker$EmptyActivity#0 (218)
02-05 17:40:57.620   789  2265 I Layer   : id=79861 removeFromCurrentState com.example.dogglers/androidx.test.core.app.InstrumentationActivityInvoker$EmptyActivity$_15500#1 (218)
02-05 17:40:57.620   789  2265 I Layer   : id=79834 addToCurrentState Task=12733#0 (218)
02-05 17:40:57.620   789  2265 I Layer   : id=79835 addToCurrentState ActivityRecord{b48a886 u0 com.example.dogglers/androidx.test.core.app.InstrumentationActivityInvoker$BootstrapActivity t12733}#0 (218)
02-05 17:40:57.620   789  2265 I Layer   : id=79842 addToCurrentState ActivityRecord{eda1da0 u0 com.example.dogglers/.GridListActivity t12733}#0 (218)
02-05 17:40:57.620   789  2265 I Layer   : id=79843 addToCurrentState dda7064 com.example.dogglers/com.example.dogglers.GridListActivity#0 (218)
02-05 17:40:57.620   789  2265 I Layer   : id=79844 addToCurrentState com.example.dogglers/com.example.dogglers.GridListActivity$_15500#0 (218)
02-05 17:40:57.620   789  2265 I Layer   : id=15 addToCurrentState ImeContainer#0 (218)
02-05 17:40:57.620   789  2265 I Layer   : id=59 addToCurrentState WindowToken{a5ffd77 android.os.Binder@f01e376}#0 (218)
02-05 17:40:57.620   789  2265 I Layer   : id=79858 addToCurrentState Surface(name=dbf3b45 InputMethod)/@0xf70bba8 - animation-leash#0 (218)
02-05 17:40:57.620   789  2265 I Layer   : id=60 addToCurrentState dbf3b45 InputMethod#0 (218)
02-05 17:40:57.620   789  2265 I Layer   : id=79849 addToCurrentState ActivityRecord{4139a1d u0 com.example.dogglers/androidx.test.core.app.InstrumentationActivityInvoker$EmptyActivity t12733}#0 (218)
02-05 17:40:57.620   789  2265 I Layer   : id=79854 addToCurrentState 6692b90 com.example.dogglers/androidx.test.core.app.InstrumentationActivityInvoker$EmptyActivity#0 (218)
02-05 17:40:57.620   789  2265 I Layer   : id=79855 addToCurrentState com.example.dogglers/androidx.test.core.app.InstrumentationActivityInvoker$EmptyActivity$_15500#0 (218)
02-05 17:40:57.620   789  2265 I Layer   : id=79859 addToCurrentState ActivityRecord{73b279f u0 com.example.dogglers/androidx.test.core.app.InstrumentationActivityInvoker$EmptyActivity t12733}#0 (218)
02-05 17:40:57.620   789  2265 I Layer   : id=79860 addToCurrentState e730d6d com.example.dogglers/androidx.test.core.app.InstrumentationActivityInvoker$EmptyActivity#0 (218)
02-05 17:40:57.620  1680  1680 D SecStatusBarMobileView: setStaticDrawableColor:
02-05 17:40:57.620   789  2265 I Layer   : id=79861 addToCurrentState com.example.dogglers/androidx.test.core.app.InstrumentationActivityInvoker$EmptyActivity$_15500#1 (218)
02-05 17:40:57.620   789  2265 I Layer   : id=79838 removeFromCurrentState Surface(name=Task=1)/@0x42bdb16 - animation-leash#0 (218)
02-05 17:40:57.620   789  2265 I Layer   : id=79862 removeFromCurrentState Surface(name=8c655e2 StatusBar)/@0x44a9b07 - animation-leash#0 (218)
02-05 17:40:57.620   789  2265 I Layer   : id=79863 removeFromCurrentState Surface(name=b29f82b NavigationBar0)/@0x8634759 - animation-leash#1 (218)
02-05 17:40:57.620  1680  1680 D SecLightBarControlHelper: updateStatus(BLACK icon) NumLightStacks:1, NumStacks:1, IndexLightStack:0, StatusBarMode:0, StatusBarState:SHD, NeedDarkFontFromWallpaper:true, isWhiteKeyguardStatusBarBySettings:true
02-05 17:40:57.620  1163  3938 D WindowManager: RemoteAnimationController::onAnimationStart, animations=[Landroid.view.RemoteAnimationTarget;@713352
02-05 17:40:57.621  2003 28329 I LauncherAnimationRunner: onAnimationStart, appTargets : [Lcom.android.systemui.shared.system.RemoteAnimationTargetCompat;@649d687 mStartAtFrontOfQueue : false
02-05 17:40:57.621 15500 15500 I SurfaceControl: nativeRelease nativeObject s[497477721088]
02-05 17:40:57.621 15500 15500 I SurfaceControl: nativeRelease nativeObject e[497477721088]
02-05 17:40:57.622 15500 15500 I SurfaceControl: nativeRelease nativeObject s[497477720800]
02-05 17:40:57.622 15500 15500 I SurfaceControl: nativeRelease nativeObject e[497477720800]
02-05 17:40:57.622   789  1273 I SurfaceFlinger: id=79839 Removed Surface(name=Task=12733)/@0xbefeb9c - animation-leash#0 (218)
02-05 17:40:57.622   789  1273 I SurfaceFlinger: id=79838 Removed Surface(name=Task=1)/@0x42bdb16 - animation-leash#0 (218)
02-05 17:40:57.622   789  2265 I SurfaceFlinger: id=79862 Removed Surface(name=8c655e2 StatusBar)/@0x44a9b07 - animation-leash#0 (218)
02-05 17:40:57.622   789  2265 I SurfaceFlinger: id=79863 Removed Surface(name=b29f82b NavigationBar0)/@0x8634759 - animation-leash#1 (218)
02-05 17:40:57.624 15500 15500 I ViewRootImpl@bed2669[InstrumentationActivityInvoker$EmptyActivity]: MSG_WINDOW_FOCUS_CHANGED 1 1
02-05 17:40:57.624 15500 15500 D InputMethodManager: prepareNavigationBarInfo() DecorView@489c4a2[InstrumentationActivityInvoker$EmptyActivity]
02-05 17:40:57.624 15500 15500 D InputMethodManager: getNavigationBarColor() -16711423
02-05 17:40:57.624 15500 15500 D InputMethodManager: prepareNavigationBarInfo() DecorView@489c4a2[InstrumentationActivityInvoker$EmptyActivity]
02-05 17:40:57.624 15500 15500 D InputMethodManager: getNavigationBarColor() -16711423
02-05 17:40:57.624 15500 15500 V InputMethodManager: Starting input: tba=com.example.dogglers ic=null mNaviBarColor -16711423 mIsGetNaviBarColorSuccess true , NavVisible : true , NavTrans : false
02-05 17:40:57.624 15500 15500 D InputMethodManager: startInputInner - Id : 0
02-05 17:40:57.624 15500 15500 I InputMethodManager: startInputInner - mService.startInputOrWindowGainedFocus
02-05 17:40:57.624  2003  2003 W Launcher.NotificationListener: setNotificationsChangedListener connected : true
02-05 17:40:57.624  2003  2003 I BadgeCountUpdaterImpl: onNotificationsChangedConnected
02-05 17:40:57.624  2003  2003 I Launcher.NotificationListener: onNotificationFullRefresh
02-05 17:40:57.625  2003  2087 I InstallPairAppsReceiver: Pair apps key is null
02-05 17:40:57.625  1163  1796 D InputMethodManagerService: mSecureKeypadEnabled = false
02-05 17:40:57.625  1163  1796 V InputMethodManagerService: hideCurrentInputLocked : shouldHideSoftInput is false
02-05 17:40:57.625  1163  2104 V WindowManager: Relayout Window{6030dc2 u0 com.sec.android.app.launcher/com.sec.android.app.launcher.activities.LauncherActivity}: viewVisibility=0 req=1080x2400
02-05 17:40:57.625  1163  1796 D InputMethodManagerService: DESKTOP MODE! : 2
02-05 17:40:57.625  1163  1796 D InputMethodManagerService: NOT IN KNOX DESKTOP MODE!
02-05 17:40:57.625  1163  1796 V InputMethodManagerService: getDisplayIdOfInputMethodWindowToBeAdded : 0
02-05 17:40:57.625  1163  1796 D InputMethodManagerService: checkDisplayOfStartInputAndUpdateKeyboard display Id 0last 0
02-05 17:40:57.625  1163  1796 D InputTransport: Input channel constructed: 'ClientS', fd=887
02-05 17:40:57.625  1163  1796 D InputTransport: Input channel destroyed: 'ClientS', fd=887
02-05 17:40:57.625 15500 15500 D InputTransport: Input channel constructed: 'ClientS', fd=115
02-05 17:40:57.625 15500 15500 D InputTransport: Input channel destroyed: 'ClientS', fd=106
02-05 17:40:57.626 15500 15500 I ViewRootImpl@bed2669[InstrumentationActivityInvoker$EmptyActivity]: MSG_WINDOW_FOCUS_CHANGED 0 1
02-05 17:40:57.626  1163  2104 W WindowManager: lockNow pending, ignore updating lockscreen timeout
02-05 17:40:57.627  2003  2087 I Launcher.NotificationListener: Full refresh isConnected : true active size : 0
02-05 17:40:57.630  1163  2104 V WindowManager: Relayout hash=6030dc2, pid=2003: mAttrs={(0,0)(fillxfill) sim={adjust=nothing} layoutInDisplayCutoutMode=shortEdges ty=BASE_APPLICATION fmt=TRANSPARENT wanim=0x10302f2
02-05 17:40:57.630  1163  2104 V WindowManager:   fl=81910100
02-05 17:40:57.630  1163  2104 V WindowManager:   pfl=16020000
02-05 17:40:57.630  1163  2104 V WindowManager:   vsysui=1700
02-05 17:40:57.630  1163  2104 V WindowManager:   apr=LIGHT_STATUS_BARS
02-05 17:40:57.630  1163  2104 V WindowManager:   bhv=SHOW_TRANSIENT_BARS_BY_SWIPE
02-05 17:40:57.630  1163  2104 V WindowManager:   fitSides= dimAmount=0.125 dimDuration=200 screenDimDuration=200000 naviIconColor=0}
02-05 17:40:57.630  1163  2104 I SurfaceControl: nativeRelease nativeObject s[496871104320]
02-05 17:40:57.630  1163  2104 I SurfaceControl: nativeRelease nativeObject e[496871104320]
02-05 17:40:57.630  1163  3938 I SurfaceControl: nativeRelease nativeObject s[496871103936]
02-05 17:40:57.630  1163  3938 I SurfaceControl: nativeRelease nativeObject e[496871103936]
02-05 17:40:57.630   789  2265 I SurfaceFlinger: id=79870 createSurf (0x0),-1 flag=24004, Surface(name=dbf3b45 InputMethod)/@0xf70bba8 - animation-leash#1
02-05 17:40:57.630  2003  2003 I SurfaceControl: nativeRelease nativeObject s[497484644864]
02-05 17:40:57.630  2003  2003 I SurfaceControl: nativeRelease nativeObject e[497484644864]
02-05 17:40:57.630  2003  2003 I SurfaceControl: assignNativeObject: nativeObject = 0 Surface(name=null)/@0x37cdda1 / android.view.SurfaceControl.readFromParcel:1117 android.view.IWindowSession$Stub$Proxy.relayout:1820 android.view.ViewRootImpl.relayoutWindow:9005 android.view.ViewRootImpl.performTraversals:3360 android.view.ViewRootImpl.doTraversal:2618 android.view.ViewRootImpl$TraversalRunnable.run:9971 android.view.Choreographer$CallbackRecord.run:1010 android.view.Choreographer.doCallbacks:809 android.view.Choreographer.doFrame:744 android.view.Choreographer$FrameDisplayEventReceiver.run:995
02-05 17:40:57.631  3640  3640 I GoogleInputMethodService: GoogleInputMethodService.onFinishInput():3316
02-05 17:40:57.631  2003  2003 I ViewRootImpl@e2e8b8d[LauncherActivity]: Relayout returned: old=(0,0,1080,2400) new=(0,0,1080,2400) req=(1080,2400)0 dur=5 res=0x1 s={true 497483223040} ch=false fn=25
02-05 17:40:57.631  2003  2003 I LiveIconUpdateEventHandler: registerDateChangedReceiver
02-05 17:40:57.632  3640  3640 I GoogleInputMethodService: GoogleInputMethodService.updateDeviceLockedStatus():2181 checkRepeatedly = false, unlocked = true
02-05 17:40:57.632  3640  3640 D InputMethodService: checkDisplayOfStartInputAndUpdateKeyboard display Id 0last 0
02-05 17:40:57.632  3640  3640 I GoogleInputMethodService: GoogleInputMethodService.onStartInput():1989
02-05 17:40:57.632  3640  3640 I GoogleInputMethodService: GoogleInputMethodService.updateDeviceLockedStatus():2181 checkRepeatedly = true, unlocked = true
02-05 17:40:57.633  2003  2086 I SPayUpdater: updateSpayHandler, show = true, defaultPage = false
02-05 17:40:57.634  2669  2669 E pageboostd: Received HALT command code 2
02-05 17:40:57.635  2003  2003 I LiveIconUpdateEventHandler: cancelDateChangeAlarm
02-05 17:40:57.636  1680  1680 D SecStatusBarMobileView: setStaticDrawableColor:
02-05 17:40:57.636   789   789 I Layer   : id=79838[1] Destroyed Surface(name=Task=1)/@0x42bdb16 - animation-leash#0
02-05 17:40:57.636   789   789 I Layer   : id=79839[1] Destroyed Surface(name=Task=12733)/@0xbefeb9c - animation-leash#0
02-05 17:40:57.636   789   789 I Layer   : id=79862[1] Destroyed Surface(name=8c655e2 StatusBar)/@0x44a9b07 - animation-leash#0
02-05 17:40:57.636   789   789 I Layer   : id=79863[1] Destroyed Surface(name=b29f82b NavigationBar0)/@0x8634759 - animation-leash#1
02-05 17:40:57.637   789   834 I Layer   : id=79858 removeFromCurrentState Surface(name=dbf3b45 InputMethod)/@0xf70bba8 - animation-leash#0 (215)
02-05 17:40:57.638  1163  3938 D SamsungIMMSHWKeyboard: isConnectedDexOnPC false
02-05 17:40:57.638  1163  3938 D InputMethodManagerService: isImeSwitcherDisabledPackage : false
02-05 17:40:57.638 15500 15500 I SurfaceControl: nativeRelease nativeObject s[499196694976]
02-05 17:40:57.638 15500 15500 I SurfaceControl: nativeRelease nativeObject e[499196694976]
02-05 17:40:57.638   789  1272 I SurfaceFlinger: id=79858 Removed Surface(name=dbf3b45 InputMethod)/@0xf70bba8 - animation-leash#0 (215)
02-05 17:40:57.640   789   789 D SurfaceFlinger: Display 21442653864348033 HWC layers:
02-05 17:40:57.640   789   789 D SurfaceFlinger:      DEVICE | 0x7428c40380 | 0002 | RGBA_8888    |    0.0    0.0 1080.0 2400.0 |    0    0 1080 2400 | com.example.dogglers/androidx.test.c[...]tivityInvoker$EmptyActivity$_15500#1
02-05 17:40:57.640   789   789 D SurfaceFlinger:      DEVICE | 0x7428c3fac0 | 0000 | RGBA_8888    |    0.0    0.0 1080.0   88.0 |    0    0 1080   88 | StatusBar$_1680#0
02-05 17:40:57.640   789   789 D SurfaceFlinger:      DEVICE | 0x7428c3f200 | 0000 | RGBA_8888    |    0.0    0.0 1080.0  144.0 |    0 2256 1080 2400 | NavigationBar0$_1680#0
02-05 17:40:57.640   789   789 D SurfaceFlinger:      DEVICE | 0x7408191180 | 0000 | RGBA_8888    |    0.0    0.0 1080.0  125.0 |    0    0 1080  125 | ScreenDecorOverlay$_1680#0
02-05 17:40:57.640   789   789 D SurfaceFlinger:      DEVICE | 0x7428c3f480 | 0000 | RGBA_8888    |    0.0    0.0 1080.0  112.0 |    0 2288 1080 2400 | ScreenDecorOverlayBottom$_1680#0
02-05 17:40:57.640   789   789 D SurfaceFlinger:
02-05 17:40:57.641  1163  2104 V WindowManager: Relayout Window{b594a18 u0 NotificationShade}: viewVisibility=4 req=1080x2400
02-05 17:40:57.641  2003  2003 I LiveIconUpdateEventHandler: setDateChangeAlarm
02-05 17:40:57.642  1163  2104 W WindowManager: lockNow pending, ignore updating lockscreen timeout
02-05 17:40:57.643  1163  2104 V WindowManager: Relayout hash=b594a18, pid=1680: mAttrs={(0,0)(fillxfill) gr=TOP CENTER_VERTICAL sim={adjust=resize} layoutInDisplayCutoutMode=always ty=2040 fmt=TRANSLUCENT colorMode=COLOR_MODE_WIDE_COLOR_GAMUT
02-05 17:40:57.643  1163  2104 V WindowManager:   fl=81840048
02-05 17:40:57.643  1163  2104 V WindowManager:   pfl=1b000000
02-05 17:40:57.643  1163  2104 V WindowManager:   vsysui=2000
02-05 17:40:57.643  1163  2104 V WindowManager:   apr=LIGHT_STATUS_BARS
02-05 17:40:57.643  1163  2104 V WindowManager:   bhv=SHOW_TRANSIENT_BARS_BY_SWIPE dimAmount=0.0 naviIconColor=0
02-05 17:40:57.643  1163  2104 V WindowManager:   sfl=40000}
02-05 17:40:57.644  1680  1680 I SurfaceControl: assignNativeObject: nativeObject = 0 Surface(name=null)/@0x7632417 / android.view.SurfaceControl.readFromParcel:1117 android.view.IWindowSession$Stub$Proxy.relayout:1810 android.view.ViewRootImpl.relayoutWindow:9005 android.view.ViewRootImpl.performTraversals:3360 android.view.ViewRootImpl.doTraversal:2618 android.view.ViewRootImpl$TraversalRunnable.run:9971 android.view.Choreographer$CallbackRecord.run:1010 android.view.Choreographer.doCallbacks:809 android.view.Choreographer.doFrame:744 android.view.Choreographer$FrameDisplayEventReceiver.run:995
02-05 17:40:57.644  1680  1680 I SurfaceControl: assignNativeObject: nativeObject = 0 Surface(name=null)/@0x2dd2a3a / android.view.SurfaceControl.readFromParcel:1117 android.view.IWindowSession$Stub$Proxy.relayout:1820 android.view.ViewRootImpl.relayoutWindow:9005 android.view.ViewRootImpl.performTraversals:3360 android.view.ViewRootImpl.doTraversal:2618 android.view.ViewRootImpl$TraversalRunnable.run:9971 android.view.Choreographer$CallbackRecord.run:1010 android.view.Choreographer.doCallbacks:809 android.view.Choreographer.doFrame:744 android.view.Choreographer$FrameDisplayEventReceiver.run:995
02-05 17:40:57.644  1680  1680 I ViewRootImpl@cb447c7[NotificationShade]: Relayout returned: old=(0,0,1080,2400) new=(0,0,1080,2400) req=(1080,2400)4 dur=4 res=0x1 s={false 0} ch=false fn=-1
02-05 17:40:57.646  1680  1680 D KeyguardBottomAreaShortcutView: updateCameraVisibility isCameraDisabled:false visible:true
02-05 17:40:57.646  1680  1680 D KeyguardBottomAreaShortcutView: mIndicationArea margin start : 180, end : 180, bottom : 400
02-05 17:40:57.646  1680  1680 D MediaControlPanel: mActionButtonNumCollapsed = 1, mActionButtonNumExpand = 1
02-05 17:40:57.646  1680  1680 D MediaControlPanel: mActionButtonNumCollapsed = 1, mActionButtonNumExpand = 1
02-05 17:40:57.646  1680  1680 D MediaControlPanel: mActionButtonNumCollapsed = 1, mActionButtonNumExpand = 1
02-05 17:40:57.646  1680  1680 D MediaControlPanel: mActionButtonNumCollapsed = 1, mActionButtonNumExpand = 1
02-05 17:40:57.646  1680  1680 D MediaControlPanel: mActionButtonNumCollapsed = 1, mActionButtonNumExpand = 1
02-05 17:40:57.646  1680  1680 D MediaControlPanel: mActionButtonNumCollapsed = 1, mActionButtonNumExpand = 1
02-05 17:40:57.646  1680  1680 D MediaControlPanel: mActionButtonNumCollapsed = 1, mActionButtonNumExpand = 1
02-05 17:40:57.646  1680  1680 D MediaControlPanel: mActionButtonNumCollapsed = 1, mActionButtonNumExpand = 1
02-05 17:40:57.646  1680  1680 D MediaControlPanel: mActionButtonNumCollapsed = 3, mActionButtonNumExpand = 5
02-05 17:40:57.646  1680  1680 D MediaControlPanel: mActionButtonNumCollapsed = 3, mActionButtonNumExpand = 5
02-05 17:40:57.649  2003  2003 I LiveIconUpdateEventHandler: cancelMinuteChangeAlarm
02-05 17:40:57.650  2003  2003 I LiveIconUpdateEventHandler: setMinuteChangeAlarm
02-05 17:40:57.650  2003  2003 I SurfaceControl: nativeRelease nativeObject s[497484217472]
02-05 17:40:57.650  2003  2003 I SurfaceControl: nativeRelease nativeObject e[497484217472]
02-05 17:40:57.650  2003  2003 I SurfaceControl: nativeRelease nativeObject s[497484644864]
02-05 17:40:57.650  2003  2003 I SurfaceControl: nativeRelease nativeObject e[497484644864]
02-05 17:40:57.650  2003  2003 I WrappedLauncherAnimationRunner: onCreateAnimation, animationRunnerImpl : com.android.launcher3.QuickstepAppTransitionManagerImpl$WallpaperOpenLauncherAnimationRunner@1b99894
02-05 17:40:57.650  2003  2003 I QuickstepTransition: WallpaperOpenLauncherAnimationRunner, onCreateAnimation
02-05 17:40:57.650  2003  2003 W AppTransitionAnimatorImpl: closing animation without icon
02-05 17:40:57.651  2003  2003 W AppTransitionAnimatorImpl: onAnimationStart - APP OUT
02-05 17:40:57.651  2003  2003 I RemoteCloseAnimationListener: RemoteCloseAnimation started, hashCode : 236054376
02-05 17:40:57.651  2003  2003 I PopupDataProvider: onNotificationFullRefresh prev dotInfoSize : 0
02-05 17:40:57.652   789   789 I Layer   : id=79858[1] Destroyed Surface(name=dbf3b45 InputMethod)/@0xf70bba8 - animation-leash#0
02-05 17:40:57.653  1163  3938 I InputDispatcher: Focus entered window (2003): 6030dc2 in display 0 0
02-05 17:40:57.656  2003  2003 I ViewRootImpl@e2e8b8d[LauncherActivity]: MSG_WINDOW_FOCUS_CHANGED 1 1
02-05 17:40:57.656  2003  2003 I InputMethodManager: startInputInner - mService.startInputOrWindowGainedFocus
02-05 17:40:57.657  1163  2104 D InputMethodManagerService: mSecureKeypadEnabled = false
02-05 17:40:57.657  1680  1680 D SecStatusBarMobileView: setStaticDrawableColor:
02-05 17:40:57.658  1163  2104 V InputMethodManagerService: hideCurrentInputLocked : shouldHideSoftInput is false
02-05 17:40:57.658  1163  2104 D InputMethodManagerService: DESKTOP MODE! : 2
02-05 17:40:57.658  1163  2104 D InputMethodManagerService: NOT IN KNOX DESKTOP MODE!
02-05 17:40:57.658  1163  2104 V InputMethodManagerService: getDisplayIdOfInputMethodWindowToBeAdded : 0
02-05 17:40:57.658  1680  1680 D MediaControlPanel: mActionButtonNumCollapsed = 1, mActionButtonNumExpand = 1
02-05 17:40:57.658  1680  1680 D MediaControlPanel: mActionButtonNumCollapsed = 1, mActionButtonNumExpand = 1
02-05 17:40:57.658  1163  2104 D SamsungIMMSHWKeyboard: isConnectedDexOnPC false
02-05 17:40:57.658  1163  2104 D InputMethodManagerService: isImeSwitcherDisabledPackage : false
02-05 17:40:57.658 15500 15500 D InputTransport: Input channel destroyed: 'ClientS', fd=115
02-05 17:40:57.659  1163  2104 D InputMethodManagerService: checkDisplayOfStartInputAndUpdateKeyboard display Id 0last 0
02-05 17:40:57.659  1163  2104 D InputTransport: Input channel constructed: 'ClientS', fd=887
02-05 17:40:57.659  1163  2104 D InputTransport: Input channel destroyed: 'ClientS', fd=887
02-05 17:40:57.659  1680  1680 D MediaControlPanel: mActionButtonNumCollapsed = 1, mActionButtonNumExpand = 1
02-05 17:40:57.660  1163  3938 I SurfaceControl: nativeRelease nativeObject s[496861207936]
02-05 17:40:57.660  1163  3938 I SurfaceControl: nativeRelease nativeObject e[496861207936]
02-05 17:40:57.660   789  1272 I SurfaceFlinger: id=79871 createSurf (0x0),-1 flag=24004, Surface(name=dbf3b45 InputMethod)/@0xf70bba8 - animation-leash#0
02-05 17:40:57.661  1680  1680 D MediaControlPanel: mActionButtonNumCollapsed = 1, mActionButtonNumExpand = 1
02-05 17:40:57.661  1680  1680 D MediaControlPanel: mActionButtonNumCollapsed = 1, mActionButtonNumExpand = 1
02-05 17:40:57.661  1680  1680 D MediaControlPanel: mActionButtonNumCollapsed = 1, mActionButtonNumExpand = 1
02-05 17:40:57.661  1680  1680 D MediaControlPanel: mActionButtonNumCollapsed = 1, mActionButtonNumExpand = 1
02-05 17:40:57.661  1680  1680 D MediaControlPanel: mActionButtonNumCollapsed = 1, mActionButtonNumExpand = 1
02-05 17:40:57.661  1680  1680 D MediaControlPanel: mActionButtonNumCollapsed = 3, mActionButtonNumExpand = 5
02-05 17:40:57.661  1680  1680 D MediaControlPanel: mActionButtonNumCollapsed = 3, mActionButtonNumExpand = 5
02-05 17:40:57.670  3640  3640 I GoogleInputMethodService: GoogleInputMethodService.onFinishInput():3316
02-05 17:40:57.671  2003  2003 I BadgeRenderer: Invalid count : 0
02-05 17:40:57.671  2003  2003 I BadgeRenderer: Invalid count : 0
02-05 17:40:57.671  1680  1680 D SecStatusBarMobileView: setStaticDrawableColor:
02-05 17:40:57.671  2003  2003 I BadgeRenderer: Invalid count : 0
02-05 17:40:57.671  2003  2003 I BadgeRenderer: Invalid count : 0
02-05 17:40:57.671  2003  2003 I BadgeRenderer: Invalid count : 0
02-05 17:40:57.671  2003  2003 I BadgeRenderer: Invalid count : 0
02-05 17:40:57.672   789   834 I Layer   : id=79870 removeFromCurrentState Surface(name=dbf3b45 InputMethod)/@0xf70bba8 - animation-leash#1 (215)
02-05 17:40:57.673 15500 15500 I SurfaceControl: nativeRelease nativeObject s[499196695648]
02-05 17:40:57.673 15500 15500 I SurfaceControl: nativeRelease nativeObject e[499196695648]
02-05 17:40:57.674  2003  2003 I SurfaceControl: nativeRelease nativeObject s[497484646112]
02-05 17:40:57.674  2003  2003 I SurfaceControl: nativeRelease nativeObject e[497484646112]
02-05 17:40:57.674  2003  2003 I SurfaceControl: nativeRelease nativeObject s[497484645920]
02-05 17:40:57.674  2003  2003 I SurfaceControl: nativeRelease nativeObject e[497484645920]
02-05 17:40:57.674   789   789 D SurfaceFlinger: Display 21442653864348033 HWC layers:
02-05 17:40:57.674   789   789 D SurfaceFlinger:      DEVICE | 0x7428c3fd40 | 0002 | RGBx_8888    |  180.0    0.0 1260.0 2400.0 |    0    0 1080 2400 | com.android.systemui.ImageWallpaper$_1680#0
02-05 17:40:57.674   789   789 D SurfaceFlinger:      DEVICE | 0x74084ff340 | 0000 | RGBA_8888    |    0.0    0.0 1080.0 2400.0 |    0    0 1080 2400 | com.sec.android.app.launcher/com.sec[...].activities.LauncherActivity$_2003#0
02-05 17:40:57.674   789   789 D SurfaceFlinger:      CLIENT | 0x74081908c0 | 0002 | RGBA_8888    |    0.0    0.0 1080.0 2400.0 |    4    8 1076 2392 | com.example.dogglers/com.example.dogglers.GridListActivity$_15500#0
02-05 17:40:57.674   789   789 D SurfaceFlinger:      CLIENT | 0x7428c3ffc0 | 0002 | RGBA_8888    |    0.0    0.0 1080.0 2400.0 |    4    8 1076 2392 | com.example.dogglers/androidx.test.c[...]tivityInvoker$EmptyActivity$_15500#0
02-05 17:40:57.674   789   789 D SurfaceFlinger:      CLIENT | 0x7428c40380 | 0002 | RGBA_8888    |    0.0    0.0 1080.0 2400.0 |    4    8 1076 2392 | com.example.dogglers/androidx.test.c[...]tivityInvoker$EmptyActivity$_15500#1
02-05 17:40:57.674   789   789 D SurfaceFlinger:      DEVICE | 0x7428c3e6c0 | 0000 | RGBA_8888    |    0.0    0.0 1080.0   88.0 |    0    0 1080   88 | StatusBar$_1680#0
02-05 17:40:57.674   789   789 D SurfaceFlinger:
02-05 17:40:57.674   789   789 D SurfaceFlinger:   DEVICE | 0x7428c3f200 | 0000 | RGBA_8888    |    0.0    0.0 1080.0  144.0 |    0 2256 1080 2400 | NavigationBar0$_1680#0
02-05 17:40:57.674   789   789 D SurfaceFlinger:      DEVICE | 0x7408191180 | 0000 | RGBA_8888    |    0.0    0.0 1080.0  125.0 |    0    0 1080  125 | ScreenDecorOverlay$_1680#0
02-05 17:40:57.674   789   789 D SurfaceFlinger:      DEVICE | 0x7428c3f480 | 0000 | RGBA_8888    |    0.0    0.0 1080.0  112.0 |    0 2288 1080 2400 | ScreenDecorOverlayBottom$_1680#0
02-05 17:40:57.674   789   789 D SurfaceFlinger:
02-05 17:40:57.674  1163  2104 D SamsungIMMSHWKeyboard: isConnectedDexOnPC false
02-05 17:40:57.675   789   834 I SurfaceFlinger: id=79870 Removed Surface(name=dbf3b45 InputMethod)/@0xf70bba8 - animation-leash#1 (215)
02-05 17:40:57.675  3640  3640 I GoogleInputMethodService: GoogleInputMethodService.updateDeviceLockedStatus():2181 checkRepeatedly = false, unlocked = true
02-05 17:40:57.675  3640  3640 D InputMethodService: checkDisplayOfStartInputAndUpdateKeyboard display Id 0last 0
02-05 17:40:57.675  3640  3640 I GoogleInputMethodService: GoogleInputMethodService.onStartInput():1989
02-05 17:40:57.676  1163  2104 D InputMethodManagerService: isImeSwitcherDisabledPackage : false
02-05 17:40:57.677  3640  3640 I GoogleInputMethodService: GoogleInputMethodService.updateDeviceLockedStatus():2181 checkRepeatedly = true, unlocked = true
02-05 17:40:57.686   789   789 I Layer   : id=79870[1] Destroyed Surface(name=dbf3b45 InputMethod)/@0xf70bba8 - animation-leash#1
02-05 17:40:57.688  1680  1680 D SecStatusBarMobileView: setStaticDrawableColor:
02-05 17:40:57.690  1163  1177 W System  : A resource failed to call release.
02-05 17:40:57.690  1163  1177 I SurfaceControl: nativeRelease nativeObject s[499038073856]
02-05 17:40:57.690  1163  1177 I SurfaceControl: nativeRelease nativeObject e[499038073856]
02-05 17:40:57.691  1163  1177 W System  : A resource failed to call release.
02-05 17:40:57.691  1163  1177 I SurfaceControl: nativeRelease nativeObject s[496861209472]
02-05 17:40:57.691  1163  1177 I SurfaceControl: nativeRelease nativeObject e[496861209472]
02-05 17:40:57.691   789   834 I SurfaceFlinger: id=79850 Removed Surface(name=8c655e2 StatusBar)/@0x44a9b07 - animation-leash#1 (214)
02-05 17:40:57.691  1163  1177 W System  : A resource failed to call release.
02-05 17:40:57.691  1163  1177 I SurfaceControl: nativeRelease nativeObject s[499183879328]
02-05 17:40:57.691  1163  1177 I SurfaceControl: nativeRelease nativeObject e[499183879328]
02-05 17:40:57.691   789   834 I SurfaceFlinger: id=79851 Removed Surface(name=b29f82b NavigationBar0)/@0x8634759 - animation-leash#0 (214)
02-05 17:40:57.691  1163  1177 W System  : A resource failed to call release.
02-05 17:40:57.691  1163  1177 I SurfaceControl: nativeRelease nativeObject s[496861208608]
02-05 17:40:57.691  1163  1177 I SurfaceControl: nativeRelease nativeObject e[496861208608]
02-05 17:40:57.691   789   834 I SurfaceFlinger: id=79833 Removed Surface(name=dbf3b45 InputMethod)/@0xf70bba8 - animation-leash#0 (214)
02-05 17:40:57.691  1163  1177 W System  : A resource failed to call release.
02-05 17:40:57.691   789   834 I SurfaceFlinger: id=79828 Removed Surface(name=b29f82b NavigationBar0)/@0x8634759 - animation-leash#1 (214)
02-05 17:40:57.691  1163  1177 I SurfaceControl: nativeRelease nativeObject s[496871094336]
02-05 17:40:57.691  1163  1177 I SurfaceControl: nativeRelease nativeObject e[496871094336]
02-05 17:40:57.691   789   834 I SurfaceFlinger: id=79827 Removed Surface(name=8c655e2 StatusBar)/@0x44a9b07 - animation-leash#0 (214)
02-05 17:40:57.691  1163  1177 W System  : A resource failed to call release.
02-05 17:40:57.691  1163  1177 I SurfaceControl: nativeRelease nativeObject s[496871095296]
02-05 17:40:57.691  1163  1177 I SurfaceControl: nativeRelease nativeObject e[496871095296]
02-05 17:40:57.691  1163  1177 W System  : A resource failed to call release.
02-05 17:40:57.691  1163  1177 I SurfaceControl: nativeRelease nativeObject s[496871102976]
02-05 17:40:57.691  1163  1177 I SurfaceControl: nativeRelease nativeObject e[496871102976]
02-05 17:40:57.691  1163  1177 W System  : A resource failed to call release.
02-05 17:40:57.691  1163  1177 I SurfaceControl: nativeRelease nativeObject s[496867020608]
02-05 17:40:57.691  1163  1177 I SurfaceControl: nativeRelease nativeObject e[496867020608]
02-05 17:40:57.691  1163  1177 W System  : A resource failed to call release.
02-05 17:40:57.691  1163  1177 I SurfaceControl: nativeRelease nativeObject s[496861205248]
02-05 17:40:57.691  1163  1177 I SurfaceControl: nativeRelease nativeObject e[496861205248]
02-05 17:40:57.691  1163  1177 W System  : A resource failed to call release.
02-05 17:40:57.692  1163  1177 I SurfaceControl: nativeRelease nativeObject s[499038066560]
02-05 17:40:57.692  1163  1177 I SurfaceControl: nativeRelease nativeObject e[499038066560]
02-05 17:40:57.692   789  2265 I SurfaceFlinger: id=79798 Removed Surface(name=dbf3b45 InputMethod)/@0xf70bba8 - animation-leash#0 (214)
02-05 17:40:57.692   789  2265 I SurfaceFlinger: id=79793 Removed Surface(name=b29f82b NavigationBar0)/@0x8634759 - animation-leash#0 (214)
02-05 17:40:57.692  1163  1177 W System  : A resource failed to call release.
02-05 17:40:57.692  1163  1177 I SurfaceControl: nativeRelease nativeObject s[499183879232]
02-05 17:40:57.692  1163  1177 I SurfaceControl: nativeRelease nativeObject e[499183879232]
02-05 17:40:57.692   789  2265 I SurfaceFlinger: id=79792 Removed Surface(name=8c655e2 StatusBar)/@0x44a9b07 - animation-leash#1 (214)
02-05 17:40:57.692  1163  1177 W System  : A resource failed to call release.
02-05 17:40:57.692  1163  1177 I SurfaceControl: nativeRelease nativeObject s[496867018496]
02-05 17:40:57.692  1163  1177 I SurfaceControl: nativeRelease nativeObject e[496867018496]
02-05 17:40:57.692  1163  1177 W System  : A resource failed to call release.
02-05 17:40:57.692  1163  1177 I SurfaceControl: nativeRelease nativeObject s[496884992224]
02-05 17:40:57.692  1163  1177 I SurfaceControl: nativeRelease nativeObject e[496884992224]
02-05 17:40:57.692  1163  1177 W System  : A resource failed to call release.
02-05 17:40:57.692  1163  1177 I SurfaceControl: nativeRelease nativeObject s[496871101344]
02-05 17:40:57.692  1163  1177 I SurfaceControl: nativeRelease nativeObject e[496871101344]
02-05 17:40:57.692   789  2265 I SurfaceFlinger: id=79774 Removed Surface(name=dbf3b45 InputMethod)/@0xf70bba8 - animation-leash#1 (214)
02-05 17:40:57.692  1163  1177 W System  : A resource failed to call release.
02-05 17:40:57.692  1163  1177 I SurfaceControl: nativeRelease nativeObject s[496871101728]
02-05 17:40:57.692  1163  1177 I SurfaceControl: nativeRelease nativeObject e[496871101728]
02-05 17:40:57.692   789  1272 I SurfaceFlinger: id=79776 Removed Surface(name=8c655e2 StatusBar)/@0x44a9b07 - animation-leash#1 (214)
02-05 17:40:57.692   789  1272 I SurfaceFlinger: id=79777 Removed Surface(name=b29f82b NavigationBar0)/@0x8634759 - animation-leash#0 (214)
02-05 17:40:57.692  1163  1177 W System  : A resource failed to call release.
02-05 17:40:57.692  1163  1177 I SurfaceControl: nativeRelease nativeObject s[499183207520]
02-05 17:40:57.693  1163  1177 I SurfaceControl: nativeRelease nativeObject e[499183207520]
02-05 17:40:57.693  1163  1177 W System  : A resource failed to call release.
02-05 17:40:57.693  1163  1177 I SurfaceControl: nativeRelease nativeObject s[499038065504]
02-05 17:40:57.693  1163  1177 I SurfaceControl: nativeRelease nativeObject e[499038065504]
02-05 17:40:57.693  1163  1177 W System  : A resource failed to call release.
02-05 17:40:57.693  1163  1177 I SurfaceControl: nativeRelease nativeObject s[496884987712]
02-05 17:40:57.693  1163  1177 I SurfaceControl: nativeRelease nativeObject e[496884987712]
02-05 17:40:57.693   789   834 I SurfaceFlinger: id=79757 Removed Surface(name=dbf3b45 InputMethod)/@0xf70bba8 - animation-leash#0 (214)
02-05 17:40:57.693  1163  1177 W System  : A resource failed to call release.
02-05 17:40:57.693  1163  1177 I SurfaceControl: nativeRelease nativeObject s[496867020224]
02-05 17:40:57.693  1163  1177 I SurfaceControl: nativeRelease nativeObject e[496867020224]
02-05 17:40:57.693   789  1272 I SurfaceFlinger: id=79752 Removed Surface(name=b29f82b NavigationBar0)/@0x8634759 - animation-leash#1 (214)
02-05 17:40:57.693   789   834 I SurfaceFlinger: id=79751 Removed Surface(name=8c655e2 StatusBar)/@0x44a9b07 - animation-leash#0 (214)
02-05 17:40:57.703  2003  2017 W System  : A resource failed to call release.
02-05 17:40:57.703  2003  2017 I SurfaceControl: nativeRelease nativeObject s[497484221888]
02-05 17:40:57.703  2003  2017 I SurfaceControl: nativeRelease nativeObject e[497484221888]
02-05 17:40:57.703  2003  2017 W System  : A resource failed to call release.
02-05 17:40:57.703  2003  2017 I SurfaceControl: nativeRelease nativeObject s[499014742880]
02-05 17:40:57.703  2003  2017 I SurfaceControl: nativeRelease nativeObject e[499014742880]
02-05 17:40:57.703  2003  2017 W System  : A resource failed to call release.
02-05 17:40:57.703  2003  2017 I SurfaceControl: nativeRelease nativeObject s[497484646304]
02-05 17:40:57.703  2003  2017 I SurfaceControl: nativeRelease nativeObject e[497484646304]
02-05 17:40:57.703   789   789 I Layer   : id=79833[1] Destroyed Surface(name=dbf3b45 InputMethod)/@0xf70bba8 - animation-leash#0
02-05 17:40:57.703   789   789 I Layer   : id=79777[1] Destroyed Surface(name=b29f82b NavigationBar0)/@0x8634759 - animation-leash#0
02-05 17:40:57.703   789   789 I Layer   : id=79850[1] Destroyed Surface(name=8c655e2 StatusBar)/@0x44a9b07 - animation-leash#1
02-05 17:40:57.703   789   789 I Layer   : id=79792[1] Destroyed Surface(name=8c655e2 StatusBar)/@0x44a9b07 - animation-leash#1
02-05 17:40:57.703   789   789 I Layer   : id=79798[1] Destroyed Surface(name=dbf3b45 InputMethod)/@0xf70bba8 - animation-leash#0
02-05 17:40:57.703   789   789 I Layer   : id=79776[1] Destroyed Surface(name=8c655e2 StatusBar)/@0x44a9b07 - animation-leash#1
02-05 17:40:57.703   789   789 I Layer   : id=79827[1] Destroyed Surface(name=8c655e2 StatusBar)/@0x44a9b07 - animation-leash#0
02-05 17:40:57.703   789   789 I Layer   : id=79828[1] Destroyed Surface(name=b29f82b NavigationBar0)/@0x8634759 - animation-leash#1
02-05 17:40:57.703   789   789 I Layer   : id=79757[1] Destroyed Surface(name=dbf3b45 InputMethod)/@0xf70bba8 - animation-leash#0
02-05 17:40:57.703   789   789 I Layer   : id=79851[1] Destroyed Surface(name=b29f82b NavigationBar0)/@0x8634759 - animation-leash#0
02-05 17:40:57.703   789   789 I Layer   : id=79793[1] Destroyed Surface(name=b29f82b NavigationBar0)/@0x8634759 - animation-leash#0
02-05 17:40:57.703   789   789 I Layer   : id=79751[1] Destroyed Surface(name=8c655e2 StatusBar)/@0x44a9b07 - animation-leash#0
02-05 17:40:57.703   789   789 I Layer   : id=79752[1] Destroyed Surface(name=b29f82b NavigationBar0)/@0x8634759 - animation-leash#1
02-05 17:40:57.703   789   789 I Layer   : id=79774[1] Destroyed Surface(name=dbf3b45 InputMethod)/@0xf70bba8 - animation-leash#1
02-05 17:40:57.704   789  1272 I SurfaceFlinger: id=79829 Removed Surface(name=Task=12732)/@0x4803914 - animation-leash#0 (200)
02-05 17:40:57.704   789  2265 I SurfaceFlinger: id=79830 Removed Surface(name=Task=1)/@0x42bdb16 - animation-leash#0 (200)
02-05 17:40:57.705  1680  1680 D SecStatusBarMobileView: setStaticDrawableColor:
02-05 17:40:57.720   789   789 I Layer   : id=79830[1] Destroyed Surface(name=Task=1)/@0x42bdb16 - animation-leash#0
02-05 17:40:57.720   789   789 I Layer   : id=79829[1] Destroyed Surface(name=Task=12732)/@0x4803914 - animation-leash#0
02-05 17:40:57.721  1680  1680 D SecStatusBarMobileView: setStaticDrawableColor:
02-05 17:40:57.737  1680  1680 D SecStatusBarMobileView: setStaticDrawableColor:
02-05 17:40:57.754  1680  1680 D SecStatusBarMobileView: setStaticDrawableColor:
02-05 17:40:57.771  1680  1680 D SecStatusBarMobileView: setStaticDrawableColor:
02-05 17:40:57.790 15677 15757 I [SC]SCNetworkUtil: handleResponse: [DATA_MIGRATION] 200
02-05 17:40:57.791 15677 15757 I [SC]SCNetworkUtil: execute: [DATA_MIGRATION] turnaround time: 6038
02-05 17:40:57.792 15677 15757 I [SC]OneDriveLinkApi: getLinkState : LinkStatusResponse{expiredTime=10800000, linkState=None, oneDriveLinkRequired=true, resultCode=301, eofStatus='P3', eofDates={"P1":1601856000000,"P2":1629158400000,"P3":1633392000000}, p2TypeValue='', p3EOFInfo={"isNewUser":true,"eofDates":{"P1":1601856000000,"P2":1629158400000,"P3":1633392000000}}}
02-05 17:40:57.793 15677 15757 I [SC][AUTH]AuthUtil: getAuthData
02-05 17:40:57.793 15677 15757 I [SC]DeviceUtil: hasSepLiteSpec: false
02-05 17:40:57.793 15677 15757 I [SC]DeviceUtil: hasSepLiteSpec: false
02-05 17:40:57.802   697   697 D Zygote  : Forked child process 16258
02-05 17:40:57.807   789   789 D SurfaceFlinger: Display 21442653864348033 HWC layers:
02-05 17:40:57.807   789   789 D SurfaceFlinger:      DEVICE | 0x7428c3fd40 | 0002 | RGBx_8888    |  180.0    0.0 1260.0 2400.0 |    0    0 1080 2400 | com.android.systemui.ImageWallpaper$_1680#0
02-05 17:40:57.807   789   789 D SurfaceFlinger:      DEVICE | 0x7428c3db80 | 0000 | RGBA_8888    |    0.0    0.0 1080.0 2400.0 |    0    0 1080 2400 | com.sec.android.app.launcher/com.sec[...].activities.LauncherActivity$_2003#0
02-05 17:40:57.807   789   789 D SurfaceFlinger:      DEVICE | 0x7428c3fac0 | 0000 | RGBA_8888    |    0.0    0.0 1080.0   88.0 |    0    0 1080   88 | StatusBar$_1680#0
02-05 17:40:57.807   789   789 D SurfaceFlinger:      DEVICE | 0x7428c3f200 | 0000 | RGBA_8888    |    0.0    0.0 1080.0  144.0 |    0 2256 1080 2400 | NavigationBar0$_1680#0
02-05 17:40:57.807   789   789 D SurfaceFlinger:      DEVICE | 0x7408191180 | 0000 | RGBA_8888    |    0.0    0.0 1080.0  125.0 |    0    0 1080  125 | ScreenDecorOverlay$_1680#0
02-05 17:40:57.807   789   789 D SurfaceFlinger:      DEVICE | 0x7428c3f480 | 0000 | RGBA_8888    |    0.0    0.0 1080.0  112.0 |    0 2288 1080 2400 | ScreenDecorOverlayBottom$_1680#0
02-05 17:40:57.807   789   789 D SurfaceFlinger:
02-05 17:40:57.811 16258 16258 E droid.sm.polic: Not starting debugger since process cannot load the jdwp agent.
02-05 17:40:57.814 16258 16258 D ActivityThread: setConscryptValidator
02-05 17:40:57.815 16258 16258 D ActivityThread: setConscryptValidator - put
02-05 17:40:57.876 16258 16258 I DIAGMON_SDK[605019]: SetConfiguration
02-05 17:40:57.876 16258 16258 I DIAGMON_SDK[605019]: generated SR object
02-05 17:40:57.886 16258 16258 I DIAGMON_SDK[605019]: value for uncaughtException will be default
02-05 17:40:57.893   726 16243 I HYPER-HAL: [ResourceManager.cpp]removeResource(): [CPUMinFreq] RemoveResource Request ID : 702727
02-05 17:40:57.893   726 16243 I HYPER-HAL: [RequestManager.cpp]releaseLocked(): Released ID : 702727
02-05 17:40:57.901 15677 15757 I [SC]OneDriveMigrationPolicyResolver: Using SCPM Policy
02-05 17:40:57.901 15677 15757 I [SC]DeviceUtil: getSalesCode: ZTO
02-05 17:40:57.914 15677 15757 I [SC]OneDriveMigrationPolicyResolver: isMigrationSupported: BRA,ZTO,true
02-05 17:40:57.915 15677 15757 I [SC]LinkContextManager: loadLinkContext: linkContext=LinkContext{contextType=SERVER, linkType=OneDrive, linkStatusInfo=LinkStatusInfo{linkState=None, isNewUser=true, eofStatus='P3', eofDatesValue='{"P1":1601856000000,"P2":1629158400000,"P3":1633392000000}', p2TypeValue='', p3EOFInfoValue='{"isNewUser":true,"eofDates":{"P1":1601856000000,"P2":1629158400000,"P3":1633392000000}}'}, eofInfo=EOFInfo{policyType=CloudPolicy, startDate=0, blockDate=0, endDate=0, serverStatus=P3, p2Type=Normal, endInfo=EndInfo{isNewUser=true, startDate=1601856000000, blockDate=1629158400000, endDate=1633392000000}, notiTriggerOffsets=[0], notiMaxCount=1}, linkPolicy=LinkPolicy{policyData=Bundle[{IS_LINK_START_SUPPORTED=true, IsChinaDevice=false, IS_SEP_LITE_DEVICE=false, IsChinaAccount=false}]}, isTriggeredDevice=false}
02-05 17:40:57.916 15677 15757 I [SC]LinkContextMonitor: notifyContextReceived: linkContext=LinkContext{contextType=SERVER, linkType=OneDrive, linkStatusInfo=LinkStatusInfo{linkState=None, isNewUser=true, eofStatus='P3', eofDatesValue='{"P1":1601856000000,"P2":1629158400000,"P3":1633392000000}', p2TypeValue='', p3EOFInfoValue='{"isNewUser":true,"eofDates":{"P1":1601856000000,"P2":1629158400000,"P3":1633392000000}}'}, eofInfo=EOFInfo{policyType=CloudPolicy, startDate=0, blockDate=0, endDate=0, serverStatus=P3, p2Type=Normal, endInfo=EndInfo{isNewUser=true, startDate=1601856000000, blockDate=1629158400000, endDate=1633392000000}, notiTriggerOffsets=[0], notiMaxCount=1}, linkPolicy=LinkPolicy{policyData=Bundle[{IS_LINK_START_SUPPORTED=true, IsChinaDevice=false, IS_SEP_LITE_DEVICE=false, IsChinaAccount=false}]}, isTriggeredDevice=false}, linkResponse=null, stateUpdateEvent=APP_CREATED
02-05 17:40:57.917 15677 15757 I [SC]DeviceUtil: hasSepLiteSpec: false
02-05 17:40:57.918 15677 15757 I [SC]LinkContextProvider: call : CLOUD_SETTING
02-05 17:40:57.918 15677 15757 I [SC]CloudSettingCommandResolverImpl: Execute getPartnerQuota with : true, false, true
02-05 17:40:57.921 15677 15737 I [SC]DataMigrationEventOperator: type  DATA_MIGRATION STATUS = NONE, RESULT = SUCCESS
02-05 17:40:57.922 15677 15737 I [SC]DataMigrationEventOperator: Handle migration event : NONE , obj : Bundle[{link_feature=LinkFeature{runtimeFeatureName='com.samsung.android.scloud.app.datamigrator.resolver.OneDriveRuntimeFeature', partnerPkgName='com.microsoft.skydrive', partnerAppStore=PlayStore, isAppStoreAvailable=true, hasLinkGuideTip=false, hasLinkErrorTip=true, hasLinkMoreMenu=true, hasLinkedMoreMenu=false, hasStorageNotiPopup=false, hasStorageTip=false, hasRoamingTip=false, galleryDashboardType=Disable, galleryViewMoreOperation=Disable, hasGalleryRoamingMenu=true, hasGalleryTrashMenu=false, hasGalleryDeleteMenu=false, hasGallerySharedContentMenu=false, hasGalleryRecentContentMenu=false, driveDashboardType=Disable, hasQuotaUI=false, supportBilling=false, gallerySyncMode=Disable, supportDrive=false, showChinaClient=false, galleryDashboardV5Type=Enable, hasHiddenLinkErrorTip=true, hasDownloadMoreMenu=false, hasDownloadDashboardMenu=false, hasLinkMenuInDownloadMode=false}, state_update_type=APP_CREATED, link_migration_result=null, link_context=LinkContext{contextType=SERVER, linkType=OneDrive, linkStatusInfo=LinkStatusInfo{linkState=None, isNewUser=true, eofStatus='P3', eofDatesValue='{"P1":1601856000000,"P2":1629158400000,"P3":1633392000000}', p2TypeValue='', p3EOFInfoValue='{"isNewUser":true,"eofDates":{"P1":1601856000000,"P2":1629158400000,"P3":1633392000000}}'}, eofInfo=EOFInfo{policyType=CloudPolicy, startDate=0, blockDate=0, endDate=0, serverStatus=P3, p2Type=Normal, endInfo=EndInfo{isNewUser=true, startDate=1601856000000, blockDate=1629158400000, endDate=1633392000000}, notiTriggerOffsets=[0], notiMaxCount=1}, linkPolicy=LinkPolicy{policyData=Bundle[{IS_LINK_START_SUPPORTED=true, IsChinaDevice=false, IS_SEP_LITE_DEVICE=false, IsChinaAccount=false}]}, isTriggeredDevice=false}}]
02-05 17:40:57.923 15677 15677 I [SC]EOFDownloadManager: handleAppCreated
02-05 17:40:57.923 15677 15677 I [SC]EOFNotificationManager: ouf of date for eof schedule:
02-05 17:40:57.923 15677 15677 I [SC]DataMigrationEventOperator: Getter handled immediately : Operation GET_LINK_CONTEXT
02-05 17:40:57.923 15677 15677 I [SC]DataMigrationEventOperator: Getter handled immediately : Operation GET_LINK_FEATURE
02-05 17:40:57.927 15677 15773 I [SC]CommonNotiUtil: hide: EOF_SUPPORTED_OD
02-05 17:40:57.927 15677 15774 I [SC]MigrationQuotaCacheManager: handleAppCreated: false
02-05 17:40:57.927 15677 15741 I [SC]SyncSettingOperator: handled: REQUEST_UPDATE_SYNC_LIST
02-05 17:40:57.927 15677 15755 I [SC]RequestObject: New request object created : 1, UPDATE_STATUS
02-05 17:40:57.928 15677 15755 I [SC]TipsOperator: handled: REQUEST_UPDATE_TIPS_CONFIGURATION
02-05 17:40:57.928 15677 15755 I [SC]RequestObject: New request object created : 2, UPDATE_STATUS
02-05 17:40:57.928 15677 15755 I [SC]RequestObject: New request object created : 3, UPDATE_STATUS
02-05 17:40:57.928 15677 15755 I [SC]TipsOperator: handled: REQUEST_UPDATE_TIPS_LINK_CONTEXT
02-05 17:40:57.928 15677 15773 I [SC]CommonNotiUtil: hide: EOF_SUPPORTED_OD_ONGOING
02-05 17:40:57.929  1163  1801 D SyncManager: userId - 0 auto - true
02-05 17:40:57.929 15677 16285 I [SC]MediaApi: isSyncAutomatically(): master sync: true
02-05 17:40:57.930 15677 16285 I [SC]MediaApi: isSyncAutomatically(), false
02-05 17:40:57.930 15677 16283 I [SC]DataMigrationEventOperator: Getter handled immediately : Operation GET_LINK_CONTEXT
02-05 17:40:57.931 15677 16286 I [SC]TipsProvider: call : UPDATE_STATUS
02-05 17:40:57.932 15677 16286 I [SC]TipsProvider: call : UPDATE_STATUS
02-05 17:40:57.933 15677 16286 I [SC]TipsProvider: call : UPDATE_STATUS
02-05 17:40:57.934 15677 15773 I [SC]CommonNotiUtil: hide: EOF_NOT_SUPPORTED_OD
02-05 17:40:57.935 15677 16283 I [SC]AutoDownloadCondition: handleDefaultCondition: link status mismatch - true,LinkContext{contextType=SERVER, linkType=OneDrive, linkStatusInfo=LinkStatusInfo{linkState=None, isNewUser=true, eofStatus='P3', eofDatesValue='{"P1":1601856000000,"P2":1629158400000,"P3":1633392000000}', p2TypeValue='', p3EOFInfoValue='{"isNewUser":true,"eofDates":{"P1":1601856000000,"P2":1629158400000,"P3":1633392000000}}'}, eofInfo=EOFInfo{policyType=CloudPolicy, startDate=0, blockDate=0, endDate=0, serverStatus=P3, p2Type=Normal, endInfo=EndInfo{isNewUser=true, startDate=1601856000000, blockDate=1629158400000, endDate=1633392000000}, notiTriggerOffsets=[0], notiMaxCount=1}, linkPolicy=LinkPolicy{policyData=Bundle[{IS_LINK_START_SUPPORTED=true, IsChinaDevice=false, IS_SEP_LITE_DEVICE=false, IsChinaAccount=false}]}, isTriggeredDevice=false}
02-05 17:40:57.935 15677 15773 I [SC]CommonNotiUtil: hide: EOF_NOT_SUPPORTED_OD_ONGOING
02-05 17:40:57.936 15677 16285 I [SC]DataMigrationEventReceivedListener: checkDeprecation: false,false
02-05 17:40:57.936 15677 16285 I [SC]DataMigrationEventReceivedListener: clearCache: false,true
02-05 17:40:57.936 15677 16285 I [SC]MediaApi: clearPolicyDb()
02-05 17:40:57.939 15677 15737 I [SC]TipsOperator: type  TIPS STATUS = FINISHED, RESULT = SUCCESS
02-05 17:40:57.941 15677 15755 I [SC]TipsOperator: Handle tips event - STATUS : FINISHED, RESULT : SUCCESS, MSG : 600205301
02-05 17:40:57.943  8863  8883 D SecMediaProvider: scloud: disable
02-05 17:40:57.944 15677 15773 I [SC]CommonNotiUtil: hide: EOF_NOT_SIGNED
02-05 17:40:57.945 15677 15773 I [SC]CommonNotiUtil: hide: EOF_DOWNLOAD_ENCOURAGE
02-05 17:40:57.946 15677 15773 I [SC]CommonNotiUtil: hide: EOF_DOWNLOAD_ENCOURAGE
02-05 17:40:57.947 15677 15773 I [SC]CommonNotiUtil: hide: EOF_DOWNLOAD_ENCOURAGE_ONGOING
02-05 17:40:57.947 15677 15737 I [SC]TipsOperator: type  TIPS STATUS = FINISHED, RESULT = SUCCESS
02-05 17:40:57.947 15677 15755 I [SC]TipsOperator: Handle tips event - STATUS : FINISHED, RESULT : SUCCESS, MSG : 600205301
02-05 17:40:57.949 15677 15773 I [SC]CommonNotiUtil: hide: EOF_DOWNLOAD_INCOMPLETE
02-05 17:40:57.991  2003  2003 W AppTransitionAnimatorImpl: onAnimationEnd - APP OUT, Execution time for each frame : Start-(0)-0-(0)-0-(1)-0-(17)-0-(17)-1-(16)-0-(17)-0-(17)-0-(17)-0-(17)-0-(17)-0-(17)-1-(15)-0-(17)-0-(17)-0-(17)-0-(17)-0-(17)-0-(17)-0-(17)-0-(17)-0-(17)-0-(17)-0-End
02-05 17:40:57.991  2003  2003 I RemoteCloseAnimationListener: RemoteCloseAnimation ended, hashCode : 236054376
02-05 17:40:57.991  1163  1801 I SurfaceControl: nativeRelease nativeObject s[496861208800]
02-05 17:40:57.991  1163  1801 I SurfaceControl: nativeRelease nativeObject e[496861208800]
02-05 17:40:57.992  1163  1801 W WindowManager: lockNow pending, ignore updating lockscreen timeout
02-05 17:40:57.992  1163  1801 I SurfaceControl: nativeRelease nativeObject s[499038067232]
02-05 17:40:57.992  1163  1801 I SurfaceControl: nativeRelease nativeObject e[499038067232]
02-05 17:40:57.993  1163  1801 W WindowManager: lockNow pending, ignore updating lockscreen timeout
02-05 17:40:57.994  1163  1801 W WindowManager: lockNow pending, ignore updating lockscreen timeout
02-05 17:40:57.994  1163  1801 I SurfaceControl: nativeRelease nativeObject s[499039088288]
02-05 17:40:57.994  1163  1801 I SurfaceControl: nativeRelease nativeObject e[499039088288]
02-05 17:40:57.994   789  1273 I Layer   : id=79864 removeFromCurrentState Surface(name=Task=12733)/@0xbefeb9c - animation-leash#1 (198)
02-05 17:40:57.995   789  1273 I Layer   : id=79865 removeFromCurrentState Surface(name=Task=1)/@0x42bdb16 - animation-leash#1 (198)
