02-05 17:40:57.278 15500 15559 I TestRunner: started: grid_list_content_at_last_position(com.example.dogglers.GridListTests)
02-05 17:40:57.282 15500 15559 W Settings: Setting always_finish_activities has moved from android.provider.Settings.System to android.provider.Settings.Global, returning read-only value.
02-05 17:40:57.288  1163  2602 I SemDvfsHyPerManager: acquire hyper - AMS_APP_SWITCH/1163@24, type = -999
02-05 17:40:57.288   726   817 I HYPER-HAL: [RequestManager.cpp]acquire(): Acquired ID : 705102  [1163 / 24]    HINT : AMS_APP_SWITCH    list :
02-05 17:40:57.288   789  1273 I SurfaceFlinger: id=79834 createSurf (0x0),-1 flag=24004, Task=12733#0
02-05 17:40:57.289   726   817 I HYPER-HAL: [ResourceManager.cpp]updateResource(): [CPUMinFreq] UpdateResource Request ID : 705102    Value : 2623359
02-05 17:40:57.289  4183  4183 I SemDvfsHyPerManager: acquire hyper - com.sec.android.sdhms/4183@9, type = -999
02-05 17:40:57.289   726   817 I HYPER-HAL: [RequestManager.cpp]acquire(): Acquired ID : 8788537  [4183 / 9]    HINT : APP_START    list :
02-05 17:40:57.289   726   817 I HYPER-HAL: [ResourceManager.cpp]updateResource(): [CPUMaxFreq] UpdateResource Request ID : 8788537    Value : 2730000
02-05 17:40:57.290   789  1273 I SurfaceFlinger: id=79835 createSurf (0x0),-1 flag=80004, ActivityRecord{b48a886 u0 com.example.dogglers/androidx.test.core.app.InstrumentationActivityInvoker$BootstrapActivity t12733}#0
02-05 17:40:57.291  2669 16238 E pageboostd: mem prepare done : 96468992 bytes
02-05 17:40:57.293  1163  3935 V WindowOrientationListener: getProposedRotation: 0
02-05 17:40:57.295  1163  3935 W WindowManager: lockNow pending, ignore updating lockscreen timeout
02-05 17:40:57.296  1163  3935 I SemDvfsHyPerManager: acquire hyper - AMS_APP_LAUNCH/1163@21, type = -999
02-05 17:40:57.296   726   817 I HYPER-HAL: [RequestManager.cpp]acquire(): Acquired ID : 701541  [1163 / 21]    HINT : AMS_APP_LAUNCH    list :
02-05 17:40:57.296   726   817 I HYPER-HAL: [ResourceManager.cpp]updateResource(): [CPUMinFreq] UpdateResource Request ID : 701541    Value : 2623359
02-05 17:40:57.297  2003  2003 I DragController: endDrag
02-05 17:40:57.297  2003  2003 W PageOverlayMover: updateActivityLifecycleState : 3
02-05 17:40:57.298  5089 28744 I PageOverlayServiceImpl: [FROM HOME] updateActivityLifecycleState : 3
02-05 17:40:57.299  2003  2003 I SPayUpdater: updateSpayHandler launcher activity is paused false
02-05 17:40:57.300  1163  1240 D InputTransport: Input channel constructed: '1f6425e', fd=887
02-05 17:40:57.300  1163  1240 D InputTransport: Input channel constructed: '1f6425e', fd=888
02-05 17:40:57.300   789   834 I SurfaceFlinger: id=79836 createSurf (0x0),-1 flag=80004, 1f6425e Splash Screen com.example.dogglers#0
02-05 17:40:57.301  1163  1240 I ViewRootImpl@b7a1f99[dogglers]: setView = com.android.internal.policy.DecorView@4e0266a TM=true
02-05 17:40:57.303  1163  3938 V WindowOrientationListener: getProposedRotation: 0
02-05 17:40:57.303  1163  3938 V WindowOrientationListener: getProposedRotation: 0
02-05 17:40:57.303  1163  3938 V WindowOrientationListener: getProposedRotation: 0
02-05 17:40:57.305  1163  3938 D InputDispatcher: Focused application set to (0): b48a886
02-05 17:40:57.324  1163  3938 W WindowManager: lockNow pending, ignore updating lockscreen timeout
02-05 17:40:57.326  1163  3938 V WindowManager: Relayout Window{6030dc2 u0 com.sec.android.app.launcher/com.sec.android.app.launcher.activities.LauncherActivity}: viewVisibility=0 req=1080x2400
02-05 17:40:57.327  1163  3938 W WindowManager: lockNow pending, ignore updating lockscreen timeout
02-05 17:40:57.328  1163  1240 V WindowManager: Relayout Window{1f6425e u0 Splash Screen com.example.dogglers}: viewVisibility=0 req=1080x2400
02-05 17:40:57.328  1163  3938 V WindowManager: Relayout hash=6030dc2, pid=2003: mAttrs={(0,0)(fillxfill) sim={adjust=nothing} layoutInDisplayCutoutMode=shortEdges ty=BASE_APPLICATION fmt=TRANSPARENT wanim=0x10302f2
02-05 17:40:57.328  1163  3938 V WindowManager:   fl=81910100
02-05 17:40:57.328  1163  3938 V WindowManager:   pfl=16020000
02-05 17:40:57.328  1163  3938 V WindowManager:   vsysui=1700
02-05 17:40:57.328  1163  3938 V WindowManager:   apr=LIGHT_STATUS_BARS
02-05 17:40:57.328  1163  3938 V WindowManager:   bhv=SHOW_TRANSIENT_BARS_BY_SWIPE
02-05 17:40:57.328  1163  3938 V WindowManager:   fitSides= dimAmount=0.125 dimDuration=200 naviIconColor=0}
02-05 17:40:57.328  1163  3938 I SurfaceControl: nativeRelease nativeObject s[499038031616]
02-05 17:40:57.328  1163  3938 I SurfaceControl: nativeRelease nativeObject e[499038031616]
02-05 17:40:57.328  1163  1240 W WindowManager: lockNow pending, ignore updating lockscreen timeout
02-05 17:40:57.328  2003  2003 I SurfaceControl: nativeRelease nativeObject s[497484643616]
02-05 17:40:57.328  2003  2003 I SurfaceControl: nativeRelease nativeObject e[497484643616]
02-05 17:40:57.329  2003  2003 I SurfaceControl: assignNativeObject: nativeObject = 0 Surface(name=null)/@0x37cdda1 / android.view.SurfaceControl.readFromParcel:1117 android.view.IWindowSession$Stub$Proxy.relayout:1820 android.view.ViewRootImpl.relayoutWindow:9005 android.view.ViewRootImpl.performTraversals:3360 android.view.ViewRootImpl.doTraversal:2618 android.view.ViewRootImpl$TraversalRunnable.run:9971 android.view.Choreographer$CallbackRecord.run:1010 android.view.Choreographer.doCallbacks:809 android.view.Choreographer.doFrame:744 android.view.Choreographer$FrameDisplayEventReceiver.run:995
02-05 17:40:57.329  2003  2003 I SurfaceControl: nativeRelease nativeObject s[497484645536]
02-05 17:40:57.329  2003  2003 I SurfaceControl: nativeRelease nativeObject e[497484645536]
02-05 17:40:57.329  2003  2003 I SurfaceControl: nativeRelease nativeObject s[497484221888]
02-05 17:40:57.329  2003  2003 I SurfaceControl: nativeRelease nativeObject e[497484221888]
02-05 17:40:57.329  2003  2003 I SurfaceControl: nativeRelease nativeObject s[497484220544]
02-05 17:40:57.329  2003  2003 I SurfaceControl: nativeRelease nativeObject e[497484220544]
02-05 17:40:57.329  1163  1240 D WindowManager: isScreenshotDisabledLocked - win: Window{1f6425e u0 Splash Screen com.example.dogglers}
02-05 17:40:57.329  1163  1240 D WindowManager: isScreenshotDisabledLocked: userId = 0, disabled =false
02-05 17:40:57.329  2003  2003 I ViewRootImpl@e2e8b8d[LauncherActivity]: Relayout returned: old=(0,0,1080,2400) new=(0,0,1080,2400) req=(1080,2400)0 dur=4 res=0x1 s={true 497483223040} ch=false fn=24
02-05 17:40:57.329   789   834 I SurfaceFlinger: id=79837 createSurf (1080x2400),1 flag=404, Splash Screen com.example.dogglers#0
02-05 17:40:57.329 15500 15500 D LifecycleMonitor: Lifecycle status change: androidx.test.core.app.InstrumentationActivityInvoker$BootstrapActivity@d24dc3d in: PRE_ON_CREATE
02-05 17:40:57.329 15500 15500 D LifecycleMonitor: running callback: androidx.test.core.app.ActivityScenario$1@7fa8c32
02-05 17:40:57.330 15500 15500 V ActivityScenario: Activity lifecycle changed event received but ignored because the intent does not match. startActivityIntent=Intent { act=android.intent.action.MAIN cat=[android.intent.category.LAUNCHER] cmp=com.example.dogglers/.GridListActivity }, activity.getIntent()=Intent { act=android.intent.action.MAIN cat=[android.intent.category.LAUNCHER] flg=0x10008000 cmp=com.example.dogglers/androidx.test.core.app.InstrumentationActivityInvoker$BootstrapActivity (has extras) }, activity=androidx.test.core.app.InstrumentationActivityInvoker$BootstrapActivity@d24dc3d
02-05 17:40:57.330 15500 15500 D LifecycleMonitor: callback completes: androidx.test.core.app.ActivityScenario$1@7fa8c32
02-05 17:40:57.332  1163  1240 V WindowManager: Relayout hash=1f6425e, pid=1163: mAttrs={(0,0)(fillxfill) sim={adjust=pan} layoutInDisplayCutoutMode=shortEdges ty=APPLICATION_STARTING wanim=0x1030001
02-05 17:40:57.332  1163  1240 V WindowManager:   fl=1830118
02-05 17:40:57.332  1163  1240 V WindowManager:   pfl=12020011
02-05 17:40:57.332  1163  1240 V WindowManager:   fitSides= naviIconColor=0}
02-05 17:40:57.332  1163  1240 I ViewRootImpl@b7a1f99[dogglers]: Relayout returned: old=(0,0,1080,2400) new=(0,0,1080,2400) req=(1080,2400)0 dur=5 res=0x7 s={true 497474408448} ch=true fn=-1
02-05 17:40:57.332  1163  1240 I ViewRootImpl@b7a1f99[dogglers]: [DP] dp(1) 1 android.view.ViewRootImpl.reportNextDraw:10957 android.view.ViewRootImpl.performTraversals:3845 android.view.ViewRootImpl.doTraversal:2618
02-05 17:40:57.333   716   957 D gralloc : [mali_gralloc_allocate] begin
02-05 17:40:57.333   716   957 D gralloc : buffer_descriptor: wh(1080 2400) usage_pc(0x966 0x906) hal_format(0x1) layer_count(1) sizes(0 0 0) strde(0) byte_stride(0) alloc_wh(0 0) internal_format(0x0) alloc_format(0x0) fd_count(1) plane_count(0)
02-05 17:40:57.333  1163  1259 D FastTrack: setFastTrackState: pid = 15500 ;tid= 15500 ;value= 1
02-05 17:40:57.333   716   957 D gralloc : [mali_gralloc_allocate] allocation successful
02-05 17:40:57.333  1163  1259 D FastTrack: setFastTrackState: pid = 15500 ;tid= 15565 ;value= 1
02-05 17:40:57.336  1163  1240 I ViewRootImpl@b7a1f99[dogglers]: [DP] pdf(0) 1 android.view.ViewRootImpl.performDraw:4809 android.view.ViewRootImpl.performTraversals:3866 android.view.ViewRootImpl.doTraversal:2618
02-05 17:40:57.336  1163  1240 I ViewRootImpl@b7a1f99[dogglers]: [DP] rdf()
02-05 17:40:57.338  1163  1240 W WindowManager: lockNow pending, ignore updating lockscreen timeout
02-05 17:40:57.339   789   834 I SurfaceFlinger: id=79838 createSurf (0x0),-1 flag=24000, Surface(name=Task=1)/@0x42bdb16 - animation-leash#0
02-05 17:40:57.340   789   834 I SurfaceFlinger: id=79839 createSurf (0x0),-1 flag=24004, Surface(name=Task=12733)/@0xbefeb9c - animation-leash#0
02-05 17:40:57.341  1163  1240 I SurfaceControl: nativeRelease nativeObject s[496860775104]
02-05 17:40:57.341  1163  1240 I SurfaceControl: nativeRelease nativeObject e[496860775104]
02-05 17:40:57.341   789   834 I SurfaceFlinger: id=79840 createSurf (0x0),-1 flag=24000, Surface(name=8c655e2 StatusBar)/@0x44a9b07 - animation-leash#1
02-05 17:40:57.342  1163  1240 I SurfaceControl: nativeRelease nativeObject s[496860777984]
02-05 17:40:57.342  1163  1240 I SurfaceControl: nativeRelease nativeObject e[496860777984]
02-05 17:40:57.342   789   834 I SurfaceFlinger: id=79841 createSurf (0x0),-1 flag=24000, Surface(name=b29f82b NavigationBar0)/@0x8634759 - animation-leash#0
02-05 17:40:57.342  1163  1240 W WindowManager: lockNow pending, ignore updating lockscreen timeout
02-05 17:40:57.343   789   834 I Layer   : id=79827 removeFromCurrentState Surface(name=8c655e2 StatusBar)/@0x44a9b07 - animation-leash#0 (203)
02-05 17:40:57.343   789   834 I Layer   : id=79828 removeFromCurrentState Surface(name=b29f82b NavigationBar0)/@0x8634759 - animation-leash#1 (203)
02-05 17:40:57.343  2003  2003 I SurfaceControl: nativeRelease nativeObject s[497484648608]
02-05 17:40:57.343  2003  2003 I SurfaceControl: nativeRelease nativeObject e[497484648608]
02-05 17:40:57.343  2003  2003 I SurfaceControl: nativeRelease nativeObject s[497484645440]
02-05 17:40:57.343  2003  2003 I SurfaceControl: nativeRelease nativeObject e[497484645440]
02-05 17:40:57.343  2003  2003 I SurfaceControl: nativeRelease nativeObject s[497484643616]
02-05 17:40:57.343  2003  2003 I SurfaceControl: nativeRelease nativeObject e[497484643616]
02-05 17:40:57.344  1163  1511 D PkgPredictorService: com.example.dogglers go to foreground!
02-05 17:40:57.344  1163  1511 E PkgPredictorService-Collector: record changed bt=1  wifi=1 screen=0
02-05 17:40:57.344  1163  1511 D PkgPredictorService: previous pkgs: com.example.dogglers,com.example.dogglers,com.example.dogglers running pkg: com.example.dogglers, uid: 0 is system: false
02-05 17:40:57.345  1163  1511 D PkgPredictorService-Collector: save record...
02-05 17:40:57.345  1163  1511 D PkgPredictorService-Collector:  (hour:17 day:7 previous:[com.example.dogglers, com.example.dogglers, com.example.dogglers] activityName:unknown running:com.example.dogglers userId:0 screenOrientation:0 wifi:1 bt:1 predictTime:0 apkVersion:1.0 consumeTime:-1 preloaded:false>)
02-05 17:40:57.345  1163  1511 D PkgPredictorService-NapPreloadController: User using: com.example.dogglers
02-05 17:40:57.345  1163  1511 I PkgPredictorService-NapClassifier: RF predict version:1644037200287
02-05 17:40:57.345  1163  1511 D PkgPredictorService-NapClassifier: Predict result: 22.0,-1.0,-1.0,-1.0,-1.0,-1.0,-1.0,-1.0,-1.0, - [0_&_com.laurencedawson.reddit_sync.pro]
02-05 17:40:57.345  1163  1237 D SehCodecSolutionService: Update top [com.example.dogglers]
02-05 17:40:57.346 15500 15500 I DecorView: [INFO] isPopOver=false, config=true
02-05 17:40:57.346 15500 15500 I DecorView: updateCaptionType >> DecorView@d99ab00[], isFloating=false, isApplication=true, hasWindowDecorCaption=false, hasWindowControllerCallback=true
02-05 17:40:57.346 15500 15500 D DecorView: setCaptionType = 0, this = DecorView@d99ab00[]
02-05 17:40:57.349 15500 15500 D LifecycleMonitor: Lifecycle status change: androidx.test.core.app.InstrumentationActivityInvoker$BootstrapActivity@d24dc3d in: CREATED
02-05 17:40:57.349 15500 15500 D LifecycleMonitor: running callback: androidx.test.core.app.ActivityScenario$1@7fa8c32
02-05 17:40:57.349 15500 15500 V ActivityScenario: Activity lifecycle changed event received but ignored because the intent does not match. startActivityIntent=Intent { act=android.intent.action.MAIN cat=[android.intent.category.LAUNCHER] cmp=com.example.dogglers/.GridListActivity }, activity.getIntent()=Intent { act=android.intent.action.MAIN cat=[android.intent.category.LAUNCHER] flg=0x10008000 cmp=com.example.dogglers/androidx.test.core.app.InstrumentationActivityInvoker$BootstrapActivity (has extras) }, activity=androidx.test.core.app.InstrumentationActivityInvoker$BootstrapActivity@d24dc3d
02-05 17:40:57.349 15500 15500 D LifecycleMonitor: callback completes: androidx.test.core.app.ActivityScenario$1@7fa8c32
02-05 17:40:57.349  1163  3938 I InputDispatcher: Focus left window (2003): 6030dc2 in display 0 0
02-05 17:40:57.350 15500 15500 D LifecycleMonitor: Lifecycle status change: androidx.test.core.app.InstrumentationActivityInvoker$BootstrapActivity@d24dc3d in: STARTED
02-05 17:40:57.350 15500 15500 D LifecycleMonitor: running callback: androidx.test.core.app.ActivityScenario$1@7fa8c32
02-05 17:40:57.350  2003  2003 I ViewRootImpl@e2e8b8d[LauncherActivity]: MSG_WINDOW_FOCUS_CHANGED 0 1
02-05 17:40:57.350 15500 15500 V ActivityScenario: Activity lifecycle changed event received but ignored because the intent does not match. startActivityIntent=Intent { act=android.intent.action.MAIN cat=[android.intent.category.LAUNCHER] cmp=com.example.dogglers/.GridListActivity }, activity.getIntent()=Intent { act=android.intent.action.MAIN cat=[android.intent.category.LAUNCHER] flg=0x10008000 cmp=com.example.dogglers/androidx.test.core.app.InstrumentationActivityInvoker$BootstrapActivity (has extras) }, activity=androidx.test.core.app.InstrumentationActivityInvoker$BootstrapActivity@d24dc3d
02-05 17:40:57.350 15500 15500 D LifecycleMonitor: callback completes: androidx.test.core.app.ActivityScenario$1@7fa8c32
02-05 17:40:57.352   789   834 I SurfaceFlinger: id=79842 createSurf (0x0),-1 flag=80004, ActivityRecord{eda1da0 u0 com.example.dogglers/.GridListActivity t12733}#0
02-05 17:40:57.355  1163  3944 W WindowManager: lockNow pending, ignore updating lockscreen timeout
02-05 17:40:57.356 15500 15500 D LifecycleMonitor: Lifecycle status change: androidx.test.core.app.InstrumentationActivityInvoker$BootstrapActivity@d24dc3d in: RESUMED
02-05 17:40:57.356 15500 15500 D LifecycleMonitor: running callback: androidx.test.core.app.ActivityScenario$1@7fa8c32
02-05 17:40:57.356 15500 15500 V ActivityScenario: Activity lifecycle changed event received but ignored because the intent does not match. startActivityIntent=Intent { act=android.intent.action.MAIN cat=[android.intent.category.LAUNCHER] cmp=com.example.dogglers/.GridListActivity }, activity.getIntent()=Intent { act=android.intent.action.MAIN cat=[android.intent.category.LAUNCHER] flg=0x10008000 cmp=com.example.dogglers/androidx.test.core.app.InstrumentationActivityInvoker$BootstrapActivity (has extras) }, activity=androidx.test.core.app.InstrumentationActivityInvoker$BootstrapActivity@d24dc3d
02-05 17:40:57.356 15500 15500 D LifecycleMonitor: callback completes: androidx.test.core.app.ActivityScenario$1@7fa8c32
02-05 17:40:57.356  1163  1240 I ViewRootImpl@b7a1f99[dogglers]: MSG_RESIZED_REPORT: frame=(0,0,1080,2400) ci=(0,88,0,144) vi=(0,88,0,144) or=1
02-05 17:40:57.356  1163  1240 I ViewRootImpl@b7a1f99[dogglers]: [DP] dp(1) 1 android.view.ViewRootImpl.reportNextDraw:10957 android.view.ViewRootImpl.access$1200:256 android.view.ViewRootImpl$ViewRootHandler.handleMessage:6101
02-05 17:40:57.357 15500 15500 D LifecycleMonitor: Lifecycle status change: androidx.test.core.app.InstrumentationActivityInvoker$BootstrapActivity@d24dc3d in: PAUSED
02-05 17:40:57.357 15500 15500 D LifecycleMonitor: running callback: androidx.test.core.app.ActivityScenario$1@7fa8c32
02-05 17:40:57.357 15500 15500 V ActivityScenario: Activity lifecycle changed event received but ignored because the intent does not match. startActivityIntent=Intent { act=android.intent.action.MAIN cat=[android.intent.category.LAUNCHER] cmp=com.example.dogglers/.GridListActivity }, activity.getIntent()=Intent { act=android.intent.action.MAIN cat=[android.intent.category.LAUNCHER] flg=0x10008000 cmp=com.example.dogglers/androidx.test.core.app.InstrumentationActivityInvoker$BootstrapActivity (has extras) }, activity=androidx.test.core.app.InstrumentationActivityInvoker$BootstrapActivity@d24dc3d
02-05 17:40:57.357 15500 15500 D LifecycleMonitor: callback completes: androidx.test.core.app.ActivityScenario$1@7fa8c32
02-05 17:40:57.358  1163  3938 V WindowOrientationListener: getProposedRotation: 0
02-05 17:40:57.359  1163  3938 D InputDispatcher: Focused application set to (0): eda1da0
02-05 17:40:57.360  1163  3938 W WindowManager: lockNow pending, ignore updating lockscreen timeout
02-05 17:40:57.362  1163  3938 W WindowManager: lockNow pending, ignore updating lockscreen timeout
02-05 17:40:57.363  1163  1237 D WindowManager: setDisableFlags: displayId=0, vis=0x8008, appearance=0, transientState=Pair{[I@c1c99ff [I@95373cc}, isFullscreen=false, isImmersive=false, barType=0, win=Window{1f6425e u0 Splash Screen com.example.dogglers}
02-05 17:40:57.363  1680  1680 D NavigationBar: onSystemBarAppearanceChanged() -  displayId:0, appearance:0, navbarColorManagedByIme:false
02-05 17:40:57.364  1680  1680 D SecStatusBarMobileView: setStaticDrawableColor:
02-05 17:40:57.364  1680  1680 D SecLightBarControlHelper: updateStatus(WHITE icon) NumLightStacks:0, NumStacks:1, IndexLightStack:-1, StatusBarMode:0, StatusBarState:SHD, NeedDarkFontFromWallpaper:true, isWhiteKeyguardStatusBarBySettings:true
02-05 17:40:57.365  2003  2003 I BadgeRenderer: Invalid count : 0
02-05 17:40:57.365  1680  1680 D SecStatusBarMobileView: setStaticDrawableColor:
02-05 17:40:57.365  2003  2003 I BadgeRenderer: Invalid count : 0
02-05 17:40:57.365  2003  2003 I BadgeRenderer: Invalid count : 0
02-05 17:40:57.365  2003  2003 I BadgeRenderer: Invalid count : 0
02-05 17:40:57.365  2003  2003 I BadgeRenderer: Invalid count : 0
02-05 17:40:57.365  2003  2003 I BadgeRenderer: Invalid count : 0
02-05 17:40:57.366 15500 15500 D LifecycleMonitor: Lifecycle status change: com.example.dogglers.GridListActivity@e6055f5 in: PRE_ON_CREATE
02-05 17:40:57.366 15500 15500 D LifecycleMonitor: running callback: androidx.test.core.app.ActivityScenario$1@7fa8c32
02-05 17:40:57.366  1163  1240 V WindowManager: Relayout Window{1f6425e u0 Splash Screen com.example.dogglers}: viewVisibility=0 req=1080x2400
02-05 17:40:57.366 15500 15500 V ActivityScenario: Activity lifecycle changed event received but ignored because the reported transition was not ON_CREATE while the last known transition was PRE_ON_CREATE
02-05 17:40:57.366 15500 15500 D LifecycleMonitor: callback completes: androidx.test.core.app.ActivityScenario$1@7fa8c32
02-05 17:40:57.366  1163  1240 W WindowManager: lockNow pending, ignore updating lockscreen timeout
02-05 17:40:57.367  1163  1240 I SurfaceControl: nativeRelease nativeObject s[496871094144]
02-05 17:40:57.367  1163  1240 I SurfaceControl: nativeRelease nativeObject e[496871094144]
02-05 17:40:57.368  1163  1240 V WindowManager: Relayout hash=1f6425e, pid=1163: mAttrs={(0,0)(fillxfill) sim={adjust=pan} layoutInDisplayCutoutMode=shortEdges ty=APPLICATION_STARTING wanim=0x1030001
02-05 17:40:57.368  1163  1240 V WindowManager:   fl=1830118
02-05 17:40:57.368  1163  1240 V WindowManager:   pfl=12020011
02-05 17:40:57.368  1163  1240 V WindowManager:   fitSides= naviIconColor=0}
02-05 17:40:57.368  1163  1240 I SurfaceControl: nativeRelease nativeObject s[496860777984]
02-05 17:40:57.368  1163  1240 I SurfaceControl: nativeRelease nativeObject e[496860777984]
02-05 17:40:57.368  1163  1240 I SurfaceControl: nativeRelease nativeObject s[496860775104]
02-05 17:40:57.368  1163  1240 I SurfaceControl: nativeRelease nativeObject e[496860775104]
02-05 17:40:57.368  1163  1240 I ViewRootImpl@b7a1f99[dogglers]: Relayout returned: old=(0,0,1080,2400) new=(0,0,1080,2400) req=(1080,2400)0 dur=3 res=0x1 s={true 497474408448} ch=false fn=2
02-05 17:40:57.369   716   957 D gralloc : [mali_gralloc_allocate] begin
02-05 17:40:57.369   716   957 D gralloc : buffer_descriptor: wh(1080 2400) usage_pc(0x966 0x906) hal_format(0x1) layer_count(1) sizes(0 0 0) strde(0) byte_stride(0) alloc_wh(0 0) internal_format(0x0) alloc_format(0x0) fd_count(1) plane_count(0)
02-05 17:40:57.370   716   957 D gralloc : [mali_gralloc_allocate] allocation successful
02-05 17:40:57.370 15500 15500 I DecorView: [INFO] isPopOver=false, config=true
02-05 17:40:57.371 15500 15500 I DecorView: updateCaptionType >> DecorView@b8a65e2[], isFloating=false, isApplication=true, hasWindowDecorCaption=false, hasWindowControllerCallback=true
02-05 17:40:57.371 15500 15500 D DecorView: setCaptionType = 0, this = DecorView@b8a65e2[]
02-05 17:40:57.373   789   789 D SurfaceFlinger: Display 21442653864348033 HWC layers:
02-05 17:40:57.373   789   789 D SurfaceFlinger:      DEVICE | 0x7428c3fd40 | 0002 | RGBx_8888    |  180.0    0.0 1260.0 2400.0 |    0    0 1080 2400 | com.android.systemui.ImageWallpaper$_1680#0
02-05 17:40:57.373   789   789 D SurfaceFlinger:      DEVICE | 0x7408190b40 | 0000 | RGBA_8888    |    0.0    0.0 1080.0 2400.0 |    0    0 1080 2400 | com.sec.android.app.launcher/com.sec[...].activities.LauncherActivity$_2003#0
02-05 17:40:57.373   789   789 D SurfaceFlinger:      DEVICE | 0x7428c3f0c0 | 0002 | RGBA_8888    |    0.0    0.0 1080.0 2400.0 |   79  175 1001 2225 | Splash Screen com.example.dogglers#0
02-05 17:40:57.373   789   789 D SurfaceFlinger:      DEVICE | 0x7428c3fac0 | 0000 | RGBA_8888    |    0.0    0.0 1080.0   88.0 |    0    0 1080   88 | StatusBar$_1680#0
02-05 17:40:57.373   789   789 D SurfaceFlinger:      DEVICE | 0x7428c3f200 | 0000 | RGBA_8888    |    0.0    0.0 1080.0  144.0 |    0 2256 1080 2400 | NavigationBar0$_1680#0
02-05 17:40:57.373   789   789 D SurfaceFlinger:      DEVICE | 0x7408191180 | 0000 | RGBA_8888    |    0.0    0.0 1080.0  125.0 |    0    0 1080  125 | ScreenDecorOverlay$_1680#0
02-05 17:40:57.373   789   789 D SurfaceFlinger:      DEVICE | 0x7428c3f480 | 0000 | RGBA_8888    |    0.0    0.0 1080.0  112.0 |    0 2288 1080 2400 | ScreenDecorOverlayBottom$_1680#0
02-05 17:40:57.373   789   789 D SurfaceFlinger:
02-05 17:40:57.374  1163  1796 V WindowManager: Relayout Window{b594a18 u0 NotificationShade}: viewVisibility=4 req=1080x2400
02-05 17:40:57.375  1163  1796 W WindowManager: lockNow pending, ignore updating lockscreen timeout
02-05 17:40:57.375  1163  1240 I ViewRootImpl@b7a1f99[dogglers]: [DP] pdf(0) 1 android.view.ViewRootImpl.performDraw:4809 android.view.ViewRootImpl.performTraversals:3866 android.view.ViewRootImpl.doTraversal:2618
02-05 17:40:57.375  1163  1240 I ViewRootImpl@b7a1f99[dogglers]: [DP] rdf()
02-05 17:40:57.376  1163  1796 V WindowManager: Relayout hash=b594a18, pid=1680: mAttrs={(0,0)(fillxfill) gr=TOP CENTER_VERTICAL sim={adjust=resize} layoutInDisplayCutoutMode=always ty=2040 fmt=TRANSLUCENT colorMode=COLOR_MODE_WIDE_COLOR_GAMUT
02-05 17:40:57.376  1163  1796 V WindowManager:   fl=81840048
02-05 17:40:57.376  1163  1796 V WindowManager:   pfl=1b000000
02-05 17:40:57.376  1163  1796 V WindowManager:   bhv=SHOW_TRANSIENT_BARS_BY_SWIPE dimAmount=0.0 naviIconColor=0
02-05 17:40:57.376  1163  1796 V WindowManager:   sfl=40000}
02-05 17:40:57.376  1680  1680 I SurfaceControl: assignNativeObject: nativeObject = 0 Surface(name=null)/@0x7632417 / android.view.SurfaceControl.readFromParcel:1117 android.view.IWindowSession$Stub$Proxy.relayout:1810 android.view.ViewRootImpl.relayoutWindow:9005 android.view.ViewRootImpl.performTraversals:3360 android.view.ViewRootImpl.doTraversal:2618 android.view.ViewRootImpl$TraversalRunnable.run:9971 android.view.Choreographer$CallbackRecord.run:1010 android.view.Choreographer.doCallbacks:809 android.view.Choreographer.doFrame:744 android.view.Choreographer$FrameDisplayEventReceiver.run:995
02-05 17:40:57.376  1680  1680 I SurfaceControl: assignNativeObject: nativeObject = 0 Surface(name=null)/@0x2dd2a3a / android.view.SurfaceControl.readFromParcel:1117 android.view.IWindowSession$Stub$Proxy.relayout:1820 android.view.ViewRootImpl.relayoutWindow:9005 android.view.ViewRootImpl.performTraversals:3360 android.view.ViewRootImpl.doTraversal:2618 android.view.ViewRootImpl$TraversalRunnable.run:9971 android.view.Choreographer$CallbackRecord.run:1010 android.view.Choreographer.doCallbacks:809 android.view.Choreographer.doFrame:744 android.view.Choreographer$FrameDisplayEventReceiver.run:995
02-05 17:40:57.377  1680  1680 I ViewRootImpl@cb447c7[NotificationShade]: Relayout returned: old=(0,0,1080,2400) new=(0,0,1080,2400) req=(1080,2400)4 dur=4 res=0x1 s={false 0} ch=false fn=-1
02-05 17:40:57.378  1680  1680 D KeyguardBottomAreaShortcutView: updateCameraVisibility isCameraDisabled:false visible:true
02-05 17:40:57.378  1680  1680 D KeyguardBottomAreaShortcutView: mIndicationArea margin start : 180, end : 180, bottom : 400
02-05 17:40:57.378  1680  1680 D MediaControlPanel: mActionButtonNumCollapsed = 1, mActionButtonNumExpand = 1
02-05 17:40:57.378  1680  1680 D MediaControlPanel: mActionButtonNumCollapsed = 1, mActionButtonNumExpand = 1
02-05 17:40:57.378  1680  1680 D MediaControlPanel: mActionButtonNumCollapsed = 1, mActionButtonNumExpand = 1
02-05 17:40:57.378  1680  1680 D MediaControlPanel: mActionButtonNumCollapsed = 1, mActionButtonNumExpand = 1
02-05 17:40:57.378  1680  1680 D MediaControlPanel: mActionButtonNumCollapsed = 1, mActionButtonNumExpand = 1
02-05 17:40:57.378  1680  1680 D MediaControlPanel: mActionButtonNumCollapsed = 1, mActionButtonNumExpand = 1
02-05 17:40:57.378  1680  1680 D MediaControlPanel: mActionButtonNumCollapsed = 1, mActionButtonNumExpand = 1
02-05 17:40:57.378  1680  1680 D MediaControlPanel: mActionButtonNumCollapsed = 1, mActionButtonNumExpand = 1
02-05 17:40:57.378  1680  1680 D MediaControlPanel: mActionButtonNumCollapsed = 3, mActionButtonNumExpand = 5
02-05 17:40:57.379  1680  1680 D MediaControlPanel: mActionButtonNumCollapsed = 3, mActionButtonNumExpand = 5
02-05 17:40:57.383  1680  1680 D SecStatusBarMobileView: setStaticDrawableColor:
02-05 17:40:57.383 15500 15500 D LifecycleMonitor: Lifecycle status change: com.example.dogglers.GridListActivity@e6055f5 in: CREATED
02-05 17:40:57.383 15500 15500 D LifecycleMonitor: running callback: androidx.test.core.app.ActivityScenario$1@7fa8c32
02-05 17:40:57.383  1680  1680 D MediaControlPanel: mActionButtonNumCollapsed = 1, mActionButtonNumExpand = 1
02-05 17:40:57.383  1680  1680 D MediaControlPanel: mActionButtonNumCollapsed = 1, mActionButtonNumExpand = 1
02-05 17:40:57.383  1680  1680 D MediaControlPanel: mActionButtonNumCollapsed = 1, mActionButtonNumExpand = 1
02-05 17:40:57.383  1680  1680 D MediaControlPanel: mActionButtonNumCollapsed = 1, mActionButtonNumExpand = 1
02-05 17:40:57.383 15500 15500 V ActivityScenario: Update currentActivityStage to CREATED, currentActivity=com.example.dogglers.GridListActivity@e6055f5
02-05 17:40:57.383 15500 15500 D LifecycleMonitor: callback completes: androidx.test.core.app.ActivityScenario$1@7fa8c32
02-05 17:40:57.383  1680  1680 D MediaControlPanel: mActionButtonNumCollapsed = 1, mActionButtonNumExpand = 1
02-05 17:40:57.383  1680  1680 D MediaControlPanel: mActionButtonNumCollapsed = 1, mActionButtonNumExpand = 1
02-05 17:40:57.383  1680  1680 D MediaControlPanel: mActionButtonNumCollapsed = 1, mActionButtonNumExpand = 1
02-05 17:40:57.383  1680  1680 D MediaControlPanel: mActionButtonNumCollapsed = 1, mActionButtonNumExpand = 1
02-05 17:40:57.383  1680  1680 D MediaControlPanel: mActionButtonNumCollapsed = 3, mActionButtonNumExpand = 5
02-05 17:40:57.383  1680  1680 D MediaControlPanel: mActionButtonNumCollapsed = 3, mActionButtonNumExpand = 5
02-05 17:40:57.384 15500 15500 D LifecycleMonitor: Lifecycle status change: com.example.dogglers.GridListActivity@e6055f5 in: STARTED
02-05 17:40:57.384 15500 15500 D LifecycleMonitor: running callback: androidx.test.core.app.ActivityScenario$1@7fa8c32
02-05 17:40:57.384 15500 15500 V ActivityScenario: Update currentActivityStage to STARTED, currentActivity=com.example.dogglers.GridListActivity@e6055f5
02-05 17:40:57.384 15500 15500 D LifecycleMonitor: callback completes: androidx.test.core.app.ActivityScenario$1@7fa8c32
02-05 17:40:57.385 15500 15500 D LifecycleMonitor: Lifecycle status change: com.example.dogglers.GridListActivity@e6055f5 in: RESUMED
02-05 17:40:57.385 15500 15500 D LifecycleMonitor: running callback: androidx.test.core.app.ActivityScenario$1@7fa8c32
02-05 17:40:57.385 15500 15500 V ActivityScenario: Update currentActivityStage to RESUMED, currentActivity=com.example.dogglers.GridListActivity@e6055f5
02-05 17:40:57.385 15500 15500 D LifecycleMonitor: callback completes: androidx.test.core.app.ActivityScenario$1@7fa8c32
02-05 17:40:57.387  1163  3935 D InputTransport: Input channel constructed: 'dda7064', fd=915
02-05 17:40:57.387  1163  3935 D InputTransport: Input channel constructed: 'dda7064', fd=921
02-05 17:40:57.388   789   834 I SurfaceFlinger: id=79843 createSurf (0x0),-1 flag=80004, dda7064 com.example.dogglers/com.example.dogglers.GridListActivity#0
02-05 17:40:57.388  1163  3935 D WindowManager: isScreenshotDisabledLocked - win: Window{dda7064 u0 com.example.dogglers/com.example.dogglers.GridListActivity}
02-05 17:40:57.388  1163  3935 D WindowManager: isScreenshotDisabledLocked: userId = 0, disabled =false
02-05 17:40:57.388  1163  3935 D InputTransport: Input channel destroyed: 'dda7064', fd=921
02-05 17:40:57.388 15500 15500 D InputTransport: Input channel constructed: 'dda7064', fd=90
02-05 17:40:57.389 15500 15500 I ViewRootImpl@6e93d1d[GridListActivity]: setView = com.android.internal.policy.DecorView@b8a65e2 TM=true
02-05 17:40:57.390 15500 15500 D IdlingResourceRegistry: All idling resources are idle.
02-05 17:40:57.400  1680  1680 D SecStatusBarMobileView: setStaticDrawableColor:
02-05 17:40:57.401  1163  3935 V WindowManager: Relayout Window{dda7064 u0 com.example.dogglers/com.example.dogglers.GridListActivity}: viewVisibility=0 req=1080x2400
02-05 17:40:57.401  1163  3935 W WindowManager: lockNow pending, ignore updating lockscreen timeout
02-05 17:40:57.402  1163  3935 D WindowManager: isScreenshotDisabledLocked - win: Window{dda7064 u0 com.example.dogglers/com.example.dogglers.GridListActivity}
02-05 17:40:57.402  1163  3935 D WindowManager: isScreenshotDisabledLocked: userId = 0, disabled =false
02-05 17:40:57.402   789  1272 I SurfaceFlinger: id=79844 createSurf (1080x2400),1 flag=404, com.example.dogglers/com.example.dogglers.GridListActivity$_15500#0
02-05 17:40:57.404  1163  3935 I SurfaceControl: nativeRelease nativeObject s[496861208224]
02-05 17:40:57.404  1163  3935 I SurfaceControl: nativeRelease nativeObject e[496861208224]
02-05 17:40:57.404   789  1273 I SurfaceFlinger: id=79845 createSurf (0x0),-1 flag=24000, Surface(name=8c655e2 StatusBar)/@0x44a9b07 - animation-leash#0
02-05 17:40:57.404  1163  3935 I SurfaceControl: nativeRelease nativeObject s[496861208320]
02-05 17:40:57.404  1163  3935 I SurfaceControl: nativeRelease nativeObject e[496861208320]
02-05 17:40:57.404   789  1272 I SurfaceFlinger: id=79846 createSurf (0x0),-1 flag=24000, Surface(name=b29f82b NavigationBar0)/@0x8634759 - animation-leash#1
02-05 17:40:57.405  1163  3935 V WindowManager: Relayout hash=dda7064, pid=15500: mAttrs={(0,0)(fillxfill) sim={adjust=resize forwardNavigation} ty=BASE_APPLICATION wanim=0x1030304
02-05 17:40:57.405  1163  3935 V WindowManager:   fl=81810100
02-05 17:40:57.405  1163  3935 V WindowManager:   pfl=12020000
02-05 17:40:57.405  1163  3935 V WindowManager:   fitSides= naviIconColor=0}
02-05 17:40:57.405  1163  3935 I SurfaceControl: nativeRelease nativeObject s[496871104128]
02-05 17:40:57.405  1163  3935 I SurfaceControl: nativeRelease nativeObject e[496871104128]
02-05 17:40:57.406 15500 15500 I SurfaceControl: assignNativeObject: nativeObject = 0 Surface(name=null)/@0x35c0b92 / android.view.SurfaceControl.readFromParcel:1117 android.view.IWindowSession$Stub$Proxy.relayout:1820 android.view.ViewRootImpl.relayoutWindow:9005 android.view.ViewRootImpl.performTraversals:3360 android.view.ViewRootImpl.doTraversal:2618 android.view.ViewRootImpl$TraversalRunnable.run:9971 android.view.Choreographer$CallbackRecord.run:1010 android.view.Choreographer.doCallbacks:809 android.view.Choreographer.doFrame:744 android.view.Choreographer$FrameDisplayEventReceiver.run:995
02-05 17:40:57.406 15500 15500 I ViewRootImpl@6e93d1d[GridListActivity]: Relayout returned: old=(0,0,1080,2400) new=(0,0,1080,2400) req=(1080,2400)0 dur=5 res=0x7 s={true 498992287744} ch=true fn=-1
02-05 17:40:57.407 15500 15565 I mali_winsys: new_window_surface() [1080x2400] return: 0x3000
02-05 17:40:57.407   716   957 D gralloc : [mali_gralloc_allocate] begin
02-05 17:40:57.407   716   957 D gralloc : buffer_descriptor: wh(1080 2400) usage_pc(0x40000000000b00 0x40000000000b00) hal_format(0x1) layer_count(1) sizes(0 0 0) strde(0) byte_stride(0) alloc_wh(0 0) internal_format(0x0) alloc_format(0x0) fd_count(1) plane_count(0)
02-05 17:40:57.408 15500 15500 I ViewRootImpl@6e93d1d[GridListActivity]: [DP] dp(1) 1 android.view.ViewRootImpl.reportNextDraw:10957 android.view.ViewRootImpl.performTraversals:3845 android.view.ViewRootImpl.doTraversal:2618
02-05 17:40:57.408 15500 15500 I ViewRootImpl@6e93d1d[GridListActivity]: [DP] pd() Asnyc report
02-05 17:40:57.409   716   957 D gralloc : [mali_gralloc_allocate] allocation successful
02-05 17:40:57.410   716   957 D gralloc : [mali_gralloc_allocate] begin
02-05 17:40:57.410   716   957 D gralloc : buffer_descriptor: wh(1080 2400) usage_pc(0x40000000000b00 0x40000000000b00) hal_format(0x1) layer_count(1) sizes(0 0 0) strde(0) byte_stride(0) alloc_wh(0 0) internal_format(0x0) alloc_format(0x0) fd_count(1) plane_count(0)
02-05 17:40:57.411   716   957 D gralloc : [mali_gralloc_allocate] allocation successful
02-05 17:40:57.411   716   953 D gralloc : [mali_gralloc_allocate] begin
02-05 17:40:57.411   716   953 D gralloc : buffer_descriptor: wh(1080 2400) usage_pc(0x40000000000b00 0x40000000000b00) hal_format(0x1) layer_count(1) sizes(0 0 0) strde(0) byte_stride(0) alloc_wh(0 0) internal_format(0x0) alloc_format(0x0) fd_count(1) plane_count(0)
02-05 17:40:57.412   716   953 D gralloc : [mali_gralloc_allocate] allocation successful
02-05 17:40:57.413 15500 15500 I ViewRootImpl@6e93d1d[GridListActivity]: [DP] pdf(0) 1 android.view.ViewRootImpl.lambda$performDraw$1$ViewRootImpl:4668 android.view.-$$Lambda$ViewRootImpl$DJd0VUYJgsebcnSohO6h8zc_ONI.run:6 android.os.Handler.handleCallback:938
02-05 17:40:57.413 15500 15500 I ViewRootImpl@6e93d1d[GridListActivity]: [DP] rdf()
02-05 17:40:57.414  1163  1240 W WindowManager: lockNow pending, ignore updating lockscreen timeout
02-05 17:40:57.415   789  1272 I Layer   : id=79840 removeFromCurrentState Surface(name=8c655e2 StatusBar)/@0x44a9b07 - animation-leash#1 (208)
02-05 17:40:57.415   789  1272 I Layer   : id=79841 removeFromCurrentState Surface(name=b29f82b NavigationBar0)/@0x8634759 - animation-leash#0 (208)
02-05 17:40:57.416  1163  1240 W WindowManager: lockNow pending, ignore updating lockscreen timeout
02-05 17:40:57.417  1680  1680 D SecStatusBarMobileView: setStaticDrawableColor:
02-05 17:40:57.418 15500 15500 D IdlingResourceRegistry: All idling resources are idle.
02-05 17:40:57.419 15500 15500 D RootViewPicker: Root not ready - waiting: 10ms for one to appear.
02-05 17:40:57.419  1163  1244 D ArtManagerInternalImpl: /data/misc/iorapd/com.example.dogglers/1/com.example.dogglers.GridListActivity/compiled_traces/compiled_trace.pb doesn't exist
02-05 17:40:57.420  1163  1240 D PkgPredictorService: pkg:com.example.dogglers activity:com.example.dogglers.GridListActivity thisTime:129
02-05 17:40:57.420  1163  1240 D PkgPredictorService-Collector: update activity launch time: GridListActivity : 129
02-05 17:40:57.420  1163  1240 I SurfaceControl: nativeRelease nativeObject s[496861206112]
02-05 17:40:57.420  1163  1240 I SurfaceControl: nativeRelease nativeObject e[496861206112]
02-05 17:40:57.420  1163  1240 I SurfaceControl: nativeRelease nativeObject s[496871094144]
02-05 17:40:57.420  1163  1240 I SurfaceControl: nativeRelease nativeObject e[496871094144]
02-05 17:40:57.421   789  1272 I SurfaceFlinger: id=79841 Removed Surface(name=b29f82b NavigationBar0)/@0x8634759 - animation-leash#0 (208)
02-05 17:40:57.421   789   834 I SurfaceFlinger: id=79840 Removed Surface(name=8c655e2 StatusBar)/@0x44a9b07 - animation-leash#1 (208)
02-05 17:40:57.421  1163  1796 I SemDvfsHyPerManager: acquire hyper - AMS_RESUME_TAIL/1163@22, type = -999
02-05 17:40:57.421  1163  1796 I SemDvfsHyPerManager: acquire hyper - AMS_ACT_LAZY/1163@23, type = -999
02-05 17:40:57.421   726   817 I HYPER-HAL: [RequestManager.cpp]acquire(): Acquired ID : 702727  [1163 / 22]    HINT : AMS_RESUME_TAIL    list :
02-05 17:40:57.421   726   817 I HYPER-HAL: [ResourceManager.cpp]updateResource(): [CPUMinFreq] UpdateResource Request ID : 702727    Value : 1844882
02-05 17:40:57.422   726   817 I HYPER-HAL: [RequestManager.cpp]acquire(): Acquired ID : 703914  [1163 / 23]    HINT :      list :
02-05 17:40:57.422   726   817 E HYPER-HAL: [Request.cpp]acquire(): Request:: id : 703914, No Resource to set
02-05 17:40:57.422   726   817 I HYPER-HAL: [ResourceManager.cpp]removeResource(): [CPUMinFreq] RemoveResource Request ID : 705102
02-05 17:40:57.422   726   817 I HYPER-HAL: [RequestManager.cpp]releaseLocked(): Released ID : 705102
02-05 17:40:57.423  1163  1240 D ViewRootImpl@b7a1f99[dogglers]: dispatchDetachedFromWindow: reset blurmask
02-05 17:40:57.423  1163  1240 I ViewRootImpl@b7a1f99[dogglers]: dispatchDetachedFromWindow
02-05 17:40:57.423  1163  1244 I ActivityTaskManager: Displayed com.example.dogglers/.GridListActivity: +129ms
02-05 17:40:57.424  1163  1240 I SurfaceControl: nativeRelease nativeObject s[496861208704]
02-05 17:40:57.424  1163  1240 I SurfaceControl: nativeRelease nativeObject e[496861208704]
02-05 17:40:57.424  2669  2669 E pageboostd: Received HALT command code 2
02-05 17:40:57.424  1163  1240 D InputTransport: Input channel destroyed: '1f6425e', fd=887
02-05 17:40:57.424   789   834 I SurfaceFlinger: id=79847 createSurf (0x0),-1 flag=24000, Surface(name=1f6425e Splash Screen com.example.dogglers)/@0x1a58d59 - animation-leash#0
02-05 17:40:57.425  1163  1240 W WindowManager: lockNow pending, ignore updating lockscreen timeout
02-05 17:40:57.426  1163  1240 D InputTransport: Input channel destroyed: '1f6425e', fd=888
02-05 17:40:57.428 15500 15500 D IdlingResourceRegistry: All idling resources are idle.
02-05 17:40:57.428 15500 15500 D IdlingResourceRegistry: All idling resources are idle.
02-05 17:40:57.428 15500 15500 D RootViewPicker: Root not ready - waiting: 25ms for one to appear.
02-05 17:40:57.432   789   789 I Layer   : id=79840[1] Destroyed Surface(name=8c655e2 StatusBar)/@0x44a9b07 - animation-leash#1
02-05 17:40:57.433   789   789 I Layer   : id=79841[1] Destroyed Surface(name=b29f82b NavigationBar0)/@0x8634759 - animation-leash#0
02-05 17:40:57.433  1680  1680 D SecStatusBarMobileView: setStaticDrawableColor:
02-05 17:40:57.433  1163  1796 I InputDispatcher: Focus entered window (15500): dda7064 in display 0 0
02-05 17:40:57.434 15500 15500 I ViewRootImpl@6e93d1d[GridListActivity]: MSG_WINDOW_FOCUS_CHANGED 1 1
02-05 17:40:57.434 15500 15500 D InputMethodManager: prepareNavigationBarInfo() DecorView@b8a65e2[GridListActivity]
02-05 17:40:57.434 15500 15500 D InputMethodManager: getNavigationBarColor() -16711423
02-05 17:40:57.434 15500 15500 D InputMethodManager: prepareNavigationBarInfo() DecorView@b8a65e2[GridListActivity]
02-05 17:40:57.434 15500 15500 D InputMethodManager: getNavigationBarColor() -16711423
02-05 17:40:57.434 15500 15500 V InputMethodManager: Starting input: tba=com.example.dogglers ic=null mNaviBarColor -16711423 mIsGetNaviBarColorSuccess true , NavVisible : true , NavTrans : false
02-05 17:40:57.434 15500 15500 D InputMethodManager: startInputInner - Id : 0
02-05 17:40:57.434 15500 15500 I InputMethodManager: startInputInner - mService.startInputOrWindowGainedFocus
02-05 17:40:57.435  1163  1796 D InputMethodManagerService: mSecureKeypadEnabled = false
02-05 17:40:57.435  1163  1796 V InputMethodManagerService: hideCurrentInputLocked : shouldHideSoftInput is false
02-05 17:40:57.435  1163  1796 D InputMethodManagerService: DESKTOP MODE! : 2
02-05 17:40:57.435  1163  1796 D InputMethodManagerService: NOT IN KNOX DESKTOP MODE!
02-05 17:40:57.435  1163  1796 V InputMethodManagerService: getDisplayIdOfInputMethodWindowToBeAdded : 0
02-05 17:40:57.435  1163  1796 D SamsungIMMSHWKeyboard: isConnectedDexOnPC false
02-05 17:40:57.435  1163  1796 D InputMethodManagerService: isImeSwitcherDisabledPackage : false
02-05 17:40:57.436  1163  1796 D InputMethodManagerService: checkDisplayOfStartInputAndUpdateKeyboard display Id 0last 0
02-05 17:40:57.436  1163  1796 D InputTransport: Input channel constructed: 'ClientS', fd=860
02-05 17:40:57.436  1163  1796 D InputTransport: Input channel destroyed: 'ClientS', fd=860
02-05 17:40:57.436 15500 15500 D InputTransport: Input channel constructed: 'ClientS', fd=97
02-05 17:40:57.438  1163  3938 I SurfaceControl: nativeRelease nativeObject s[496867020320]
02-05 17:40:57.438  1163  3938 I SurfaceControl: nativeRelease nativeObject e[496867020320]
02-05 17:40:57.438   789   789 D SurfaceFlinger: Display 21442653864348033 HWC layers:
02-05 17:40:57.438   789   789 D SurfaceFlinger:      DEVICE | 0x7428c3fd40 | 0002 | RGBx_8888    |  180.0    0.0 1260.0 2400.0 |    0    0 1080 2400 | com.android.systemui.ImageWallpaper$_1680#0
02-05 17:40:57.438   789   789 D SurfaceFlinger:      DEVICE | 0x7428c3db80 | 0000 | RGBA_8888    |    0.0    0.0 1080.0 2400.0 |    0    0 1080 2400 | com.sec.android.app.launcher/com.sec[...].activities.LauncherActivity$_2003#0
02-05 17:40:57.438   789   789 D SurfaceFlinger:      DEVICE | 0x7408190c80 | 0002 | RGBA_8888    |    0.0    0.0 1080.0 2400.0 |   43   95 1037 2305 | com.example.dogglers/com.example.dogglers.GridListActivity$_15500#0
02-05 17:40:57.438   789   789 D SurfaceFlinger:      DEVICE | 0x7408190a00 | 0002 | RGBA_8888    |    0.0    0.0 1080.0 2400.0 |   43   95 1037 2305 | Splash Screen com.example.dogglers#0
02-05 17:40:57.438   789   789 D SurfaceFlinger:      DEVICE | 0x7408500740 | 0000 | RGBA_8888    |    0.0    0.0 1080.0   88.0 |    0    0 1080   88 | StatusBar$_1680#0
02-05 17:40:57.438   789   789 D SurfaceFlinger:      DEVICE | 0x7428c3f200 | 0000 | RGBA_8888    |    0.0    0.0 1080.0  144.0 |    0 2256 1080 2400 | NavigationBar0$_1680#0
02-05 17:40:57.438   789   789 D SurfaceFlinger:      DEVICE | 0x7408191180 | 0000 | RGBA_8888    |    0.0    0.0 1080.0  125.0 |    0    0 1080  12
02-05 17:40:57.438   789   789 D SurfaceFlinger: 5 | ScreenDecorOverlay$_1680#0
02-05 17:40:57.438   789   789 D SurfaceFlinger:      DEVICE | 0x7428c3f480 | 0000 | RGBA_8888    |    0.0    0.0 1080.0  112.0 |    0 2288 1080 2400 | ScreenDecorOverlayBottom$_1680#0
02-05 17:40:57.438   789   789 D SurfaceFlinger:
02-05 17:40:57.438   789   834 I SurfaceFlinger: id=79848 createSurf (0x0),-1 flag=24004, Surface(name=dbf3b45 InputMethod)/@0xf70bba8 - animation-leash#1
02-05 17:40:57.440  3640  3640 I GoogleInputMethodService: GoogleInputMethodService.onFinishInput():3316
02-05 17:40:57.440  3640  3640 I GoogleInputMethodService: GoogleInputMethodService.updateDeviceLockedStatus():2181 checkRepeatedly = false, unlocked = true
02-05 17:40:57.440  3640  3640 D InputMethodService: checkDisplayOfStartInputAndUpdateKeyboard display Id 0last 0
02-05 17:40:57.441  3640  3640 I GoogleInputMethodService: GoogleInputMethodService.onStartInput():1989
02-05 17:40:57.441  3640  3640 I GoogleInputMethodService: GoogleInputMethodService.updateDeviceLockedStatus():2181 checkRepeatedly = true, unlocked = true
02-05 17:40:57.450  1680  1680 D SecStatusBarMobileView: setStaticDrawableColor:
02-05 17:40:57.450   789   834 I Layer   : id=79833 removeFromCurrentState Surface(name=dbf3b45 InputMethod)/@0xf70bba8 - animation-leash#0 (208)
02-05 17:40:57.450  2003  2003 I SurfaceControl: nativeRelease nativeObject s[497484645728]
02-05 17:40:57.450  2003  2003 I SurfaceControl: nativeRelease nativeObject e[497484645728]
02-05 17:40:57.452  1163  1796 D SamsungIMMSHWKeyboard: isConnectedDexOnPC false
02-05 17:40:57.452 15500 15500 I SurfaceControl: nativeRelease nativeObject s[499196692960]
02-05 17:40:57.452 15500 15500 I SurfaceControl: nativeRelease nativeObject e[499196692960]
02-05 17:40:57.452 15500 15500 I SurfaceControl: nativeRelease nativeObject s[499196691328]
02-05 17:40:57.452 15500 15500 I SurfaceControl: nativeRelease nativeObject e[499196691328]
02-05 17:40:57.452  1163  1796 D InputMethodManagerService: isImeSwitcherDisabledPackage : false
02-05 17:40:57.453 15500 15500 D IdlingResourceRegistry: All idling resources are idle.
02-05 17:40:57.453 15500 15500 D IdlingResourceRegistry: All idling resources are idle.
02-05 17:40:57.454 15500 15500 I ViewInteraction: Performing 'scroll RecyclerView to position: 5' action on view with id is <com.example.dogglers:id/grid_recycler_view>
02-05 17:40:57.454 15500 15500 D IdlingResourceRegistry: All idling resources are idle.
02-05 17:40:57.462   789   789 I SurfaceFlinger: SFWD update time=307851420220961
02-05 17:40:57.467  1680  1680 D SecStatusBarMobileView: setStaticDrawableColor:
02-05 17:40:57.468 15500 15500 D IdlingResourceRegistry: All idling resources are idle.
02-05 17:40:57.468 15500 15500 D IdlingResourceRegistry: All idling resources are idle.
02-05 17:40:57.468 15500 15500 D IdlingResourceRegistry: All idling resources are idle.
02-05 17:40:57.472 15500 15500 I ViewInteraction: Checking 'MatchesViewAssertion{viewMatcher=is displayed on the screen to the user}' assertion on view with text: is "Bella"
02-05 17:40:57.472 15500 15500 E ViewAssertions: 'is displayed on the screen to the user' check could not be performed because view 'with text: is "Bella"' was not found.
02-05 17:40:57.473   753   979 I EDEN    : [Exynos][EDEN][v1.6.7-6][SERVICE] processAliveMointorMain:176: Try to check pid=(734)...
02-05 17:40:57.477  1163  3944 I SemDvfsHyPerManager: acquire hyper - AMS_ACT_START/1163@20, type = -999
02-05 17:40:57.477   726   817 I HYPER-HAL: [RequestManager.cpp]acquire(): Acquired ID : 700356  [1163 / 20]    HINT : AMS_ACT_START    list :
02-05 17:40:57.477   726   817 I HYPER-HAL: [ResourceManager.cpp]updateResource(): [CPUMinFreq] UpdateResource Request ID : 700356    Value : 1930195
02-05 17:40:57.478   789  1272 I SurfaceFlinger: id=79849 createSurf (0x0),-1 flag=80004, ActivityRecord{4139a1d u0 com.example.dogglers/androidx.test.core.app.InstrumentationActivityInvoker$EmptyActivity t12733}#0
02-05 17:40:57.480  1163  3944 W WindowManager: lockNow pending, ignore updating lockscreen timeout
02-05 17:40:57.481 15500 15500 D LifecycleMonitor: Lifecycle status change: com.example.dogglers.GridListActivity@e6055f5 in: PAUSED
02-05 17:40:57.481 15500 15500 D LifecycleMonitor: running callback: androidx.test.core.app.ActivityScenario$1@7fa8c32
02-05 17:40:57.482 15500 15500 V ActivityScenario: Update currentActivityStage to PAUSED, currentActivity=com.example.dogglers.GridListActivity@e6055f5
02-05 17:40:57.482 15500 15500 D LifecycleMonitor: callback completes: androidx.test.core.app.ActivityScenario$1@7fa8c32
02-05 17:40:57.483  1163  3944 V WindowOrientationListener: getProposedRotation: 0
02-05 17:40:57.483  1163  3944 V WindowOrientationListener: getProposedRotation: 0
02-05 17:40:57.483  1163  3944 V WindowOrientationListener: getProposedRotation: 0
02-05 17:40:57.484  1680  1680 D SecStatusBarMobileView: setStaticDrawableColor:
02-05 17:40:57.484  1163  3944 D InputDispatcher: Focused application set to (0): 4139a1d
02-05 17:40:57.485  1163  3944 I SurfaceControl: nativeRelease nativeObject s[496861209472]
02-05 17:40:57.485  1163  3944 I SurfaceControl: nativeRelease nativeObject e[496861209472]
02-05 17:40:57.485   789  2265 I SurfaceFlinger: id=79850 createSurf (0x0),-1 flag=24000, Surface(name=8c655e2 StatusBar)/@0x44a9b07 - animation-leash#1
02-05 17:40:57.486  1163  3944 I SurfaceControl: nativeRelease nativeObject s[496861209568]
02-05 17:40:57.486  1163  3944 I SurfaceControl: nativeRelease nativeObject e[496861209568]
02-05 17:40:57.486   789  1273 I SurfaceFlinger: id=79851 createSurf (0x0),-1 flag=24000, Surface(name=b29f82b NavigationBar0)/@0x8634759 - animation-leash#0
