02-05 17:40:54.785  5089  5089 I SurfaceControl: assignNativeObject: nativeObject = 0 Surface(name=null)/@0xf71d6c8 / android.view.SurfaceControl.readFromParcel:1117 android.view.IWindowSession$Stub$Proxy.relayout:1820 android.view.ViewRootImpl.relayoutWindow:9005 android.view.ViewRootImpl.performTraversals:3360 android.view.ViewRootImpl.doTraversal:2618 android.view.ViewRootImpl$TraversalRunnable.run:9971 android.view.Choreographer$CallbackRecord.run:1010 android.view.Choreographer.doCallbacks:809 android.view.Choreographer.doFrame:744 android.view.Choreographer$FrameDisplayEventReceiver.run:995
02-05 17:40:54.785  5089  5089 I ViewRootImpl@7fb81b0[]: Relayout returned: old=(540,88,540,2256) new=(540,88,540,2256) req=(0,2168)8 dur=6 res=0x1 s={false 0} ch=false fn=-1
02-05 17:40:54.786  1163  3938 I SurfaceControl: nativeRelease nativeObject s[499038038912]
02-05 17:40:54.786  1163  3938 I SurfaceControl: nativeRelease nativeObject e[499038038912]
02-05 17:40:54.786   789   835 I SurfaceFlinger: id=79732 createSurf (0x0),-1 flag=24004, Surface(name=dbf3b45 InputMethod)/@0xf70bba8 - animation-leash#0
02-05 17:40:54.787   789   835 I Layer   : id=79719 removeFromCurrentState Surface(name=dbf3b45 InputMethod)/@0xf70bba8 - animation-leash#1 (196)
02-05 17:40:54.788  3640  3640 I GoogleInputMethodService: GoogleInputMethodService.onFinishInput():3316
02-05 17:40:54.788  2003  2003 I SurfaceControl: nativeRelease nativeObject s[497484648512]
02-05 17:40:54.788  2003  2003 I SurfaceControl: nativeRelease nativeObject e[497484648512]
02-05 17:40:54.789  1163  1235 D SamsungIMMSHWKeyboard: isConnectedDexOnPC false
02-05 17:40:54.789 15500 15500 I SurfaceControl: nativeRelease nativeObject s[497483546688]
02-05 17:40:54.789 15500 15500 I SurfaceControl: nativeRelease nativeObject e[497483546688]
02-05 17:40:54.789 15500 15500 I SurfaceControl: nativeRelease nativeObject s[497483546400]
02-05 17:40:54.789 15500 15500 I SurfaceControl: nativeRelease nativeObject e[497483546400]
02-05 17:40:54.789  1163  1235 D InputMethodManagerService: isImeSwitcherDisabledPackage : false
02-05 17:40:54.789  3640  3640 I GoogleInputMethodService: GoogleInputMethodService.updateDeviceLockedStatus():2181 checkRepeatedly = false, unlocked = true
02-05 17:40:54.789 15500 15500 D IdlingResourceRegistry: All idling resources are idle.
02-05 17:40:54.789 15500 15500 D IdlingResourceRegistry: All idling resources are idle.
02-05 17:40:54.789  3640  3640 D InputMethodService: checkDisplayOfStartInputAndUpdateKeyboard display Id 0last 0
02-05 17:40:54.790  3640  3640 I GoogleInputMethodService: GoogleInputMethodService.onStartInput():1989
02-05 17:40:54.790  3640  3640 I GoogleInputMethodService: GoogleInputMethodService.updateDeviceLockedStatus():2181 checkRepeatedly = true, unlocked = true
02-05 17:40:54.790 15500 15500 I ViewInteraction: Checking 'com.example.dogglers.BaseTest$DrawableMatcher$RecyclerViewAssertion@1cc98c7' assertion on view with id is <com.example.dogglers:id/grid_recycler_view>
02-05 17:40:54.791  1163  1237 D SehCodecSolutionService: Update top [com.example.dogglers]
02-05 17:40:54.791  1163  1237 E Native_CFMS: nativePerfMgrRemoveTask    Fail    tid : 2003    return : -1
02-05 17:40:54.793  1680  1680 D SecStatusBarMobileView: setStaticDrawableColor:
02-05 17:40:54.793   789   789 I Layer   : id=79712[1] Destroyed com.sec.android.app.launcher/com.sec.android.app.launcher.activities.LauncherActivity$_2003#0
02-05 17:40:54.794 15074 15259 I Finsky  : [53223] qgn.a(16): SCH: job service finished with id 9456.
02-05 17:40:54.796   531   531 I android.system.suspend@1.0-service: !@Released: PowerManagerService.WakeLocks(13116ms)
02-05 17:40:54.806  1163  2104 I SemDvfsHyPerManager: acquire hyper - AMS_ACT_START/1163@20, type = -999
02-05 17:40:54.807   726   817 I HYPER-HAL: [RequestManager.cpp]acquire(): Acquired ID : 700356  [1163 / 20]    HINT : AMS_ACT_START    list :
02-05 17:40:54.807   789  1272 I SurfaceFlinger: id=79733 createSurf (0x0),-1 flag=80004, ActivityRecord{9ff0fc7 u0 com.example.dogglers/androidx.test.core.app.InstrumentationActivityInvoker$EmptyActivity t12730}#0
02-05 17:40:54.807   726   817 I HYPER-HAL: [ResourceManager.cpp]updateResource(): [CPUMinFreq] UpdateResource Request ID : 700356    Value : 1930195
02-05 17:40:54.810  1680  1680 D SecStatusBarMobileView: setStaticDrawableColor:
02-05 17:40:54.812  1163  2104 W WindowManager: lockNow pending, ignore updating lockscreen timeout
02-05 17:40:54.815   789   789 D SurfaceFlinger: Display 21442653864348033 HWC layers:
02-05 17:40:54.815   789   789 D SurfaceFlinger:      DEVICE | 0x7408190b40 | 0002 | RGBA_8888    |    0.0    0.0 1080.0 2400.0 |    0    0 1080 2400 | com.example.dogglers/com.example.dogglers.GridListActivity$_15500#0
02-05 17:40:54.815   789   789 D SurfaceFlinger:      DEVICE | 0x7408500100 | 0002 | RGBA_8888    |    0.0    0.0 1080.0 2400.0 |    0    0 1080 2400 | Splash Screen com.example.dogglers#0
02-05 17:40:54.815   789   789 D SurfaceFlinger:      DEVICE | 0x7408500740 | 0000 | RGBA_8888    |    0.0    0.0 1080.0   88.0 |    0    0 1080   88 | StatusBar$_1680#0
02-05 17:40:54.815   789   789 D SurfaceFlinger:      DEVICE | 0x7428c3ea80 | 0000 | RGBA_8888    |    0.0    0.0 1080.0  144.0 |    0 2256 1080 2400 | NavigationBar0$_1680#0
02-05 17:40:54.815   789   789 D SurfaceFlinger:      DEVICE | 0x7408191180 | 0000 | RGBA_8888    |    0.0    0.0 1080.0  125.0 |    0    0 1080  125 | ScreenDecorOverlay$_1680#0
02-05 17:40:54.815   789   789 D SurfaceFlinger:      DEVICE | 0x7428c3f480 | 0000 | RGBA_8888    |    0.0    0.0 1080.0  112.0 |    0 2288 1080 2400 | ScreenDecorOverlayBottom$_1680#0
02-05 17:40:54.815   789   789 D SurfaceFlinger:
02-05 17:40:54.815 15500 15500 D LifecycleMonitor: Lifecycle status change: com.example.dogglers.GridListActivity@a58fe83 in: PAUSED
02-05 17:40:54.815 15500 15500 D LifecycleMonitor: running callback: androidx.test.core.app.ActivityScenario$1@aa313e8
02-05 17:40:54.816 15500 15500 V ActivityScenario: Update currentActivityStage to PAUSED, currentActivity=com.example.dogglers.GridListActivity@a58fe83
02-05 17:40:54.816 15500 15500 D LifecycleMonitor: callback completes: androidx.test.core.app.ActivityScenario$1@aa313e8
02-05 17:40:54.817  1163  1235 V WindowOrientationListener: getProposedRotation: 0
02-05 17:40:54.817  1163  1235 V WindowOrientationListener: getProposedRotation: 0
02-05 17:40:54.817  1163  1235 V WindowOrientationListener: getProposedRotation: 0
02-05 17:40:54.818  1163  1235 D InputDispatcher: Focused application set to (0): 9ff0fc7
02-05 17:40:54.819  1163  1235 I SurfaceControl: nativeRelease nativeObject s[499038979904]
02-05 17:40:54.819  1163  1235 I SurfaceControl: nativeRelease nativeObject e[499038979904]
02-05 17:40:54.819   789  2265 I SurfaceFlinger: id=79734 createSurf (0x0),-1 flag=24000, Surface(name=8c655e2 StatusBar)/@0x44a9b07 - animation-leash#0
02-05 17:40:54.820  1163  1235 I SurfaceControl: nativeRelease nativeObject s[499038980192]
02-05 17:40:54.820  1163  1235 I SurfaceControl: nativeRelease nativeObject e[499038980192]
02-05 17:40:54.820   789   835 I SurfaceFlinger: id=79735 createSurf (0x0),-1 flag=24000, Surface(name=b29f82b NavigationBar0)/@0x8634759 - animation-leash#1
02-05 17:40:54.822  1163  1235 W WindowManager: lockNow pending, ignore updating lockscreen timeout
02-05 17:40:54.823   789  1272 I Layer   : id=79729 removeFromCurrentState Surface(name=8c655e2 StatusBar)/@0x44a9b07 - animation-leash#1 (198)
02-05 17:40:54.823   789  1272 I Layer   : id=79730 removeFromCurrentState Surface(name=b29f82b NavigationBar0)/@0x8634759 - animation-leash#0 (198)
02-05 17:40:54.826 15500 15500 D LifecycleMonitor: Lifecycle status change: androidx.test.core.app.InstrumentationActivityInvoker$EmptyActivity@889f660 in: PRE_ON_CREATE
02-05 17:40:54.826 15500 15500 D LifecycleMonitor: running callback: androidx.test.core.app.ActivityScenario$1@aa313e8
02-05 17:40:54.826 15500 15500 V ActivityScenario: Activity lifecycle changed event received but ignored because the intent does not match. startActivityIntent=Intent { act=android.intent.action.MAIN cat=[android.intent.category.LAUNCHER] cmp=com.example.dogglers/.GridListActivity }, activity.getIntent()=Intent { act=android.intent.action.MAIN cat=[android.intent.category.LAUNCHER] flg=0x10000000 cmp=com.example.dogglers/androidx.test.core.app.InstrumentationActivityInvoker$EmptyActivity }, activity=androidx.test.core.app.InstrumentationActivityInvoker$EmptyActivity@889f660
02-05 17:40:54.826 15500 15500 D LifecycleMonitor: callback completes: androidx.test.core.app.ActivityScenario$1@aa313e8
02-05 17:40:54.827  1680  1680 D SecStatusBarMobileView: setStaticDrawableColor:
02-05 17:40:54.829  1163  1240 I SurfaceControl: nativeRelease nativeObject s[499183899328]
02-05 17:40:54.829  1163  1240 I SurfaceControl: nativeRelease nativeObject e[499183899328]
02-05 17:40:54.829  1163  1240 I SurfaceControl: nativeRelease nativeObject s[496867019264]
02-05 17:40:54.829  1163  1240 I SurfaceControl: nativeRelease nativeObject e[496867019264]
02-05 17:40:54.829   789  1272 I Layer   : id=79723 removeFromCurrentState Splash Screen com.example.dogglers#0 (198)
02-05 17:40:54.829  1163  1240 I SurfaceControl: nativeRelease nativeObject s[499183897120]
02-05 17:40:54.829  1163  1240 I SurfaceControl: nativeRelease nativeObject e[499183897120]
02-05 17:40:54.831  1163  1240 I SurfaceControl: nativeRelease nativeObject s[499038065312]
02-05 17:40:54.831  1163  1240 I SurfaceControl: nativeRelease nativeObject e[499038065312]
02-05 17:40:54.831   789  1273 I SurfaceFlinger: id=79736 createSurf (0x0),-1 flag=24000, Surface(name=8c655e2 StatusBar)/@0x44a9b07 - animation-leash#1
02-05 17:40:54.832  1163  1240 I SurfaceControl: nativeRelease nativeObject s[499038980288]
02-05 17:40:54.832  1163  1240 I SurfaceControl: nativeRelease nativeObject e[499038980288]
02-05 17:40:54.832   789  1273 I SurfaceFlinger: id=79737 createSurf (0x0),-1 flag=24000, Surface(name=b29f82b NavigationBar0)/@0x8634759 - animation-leash#0
02-05 17:40:54.833  1163  1240 W WindowManager: lockNow pending, ignore updating lockscreen timeout
02-05 17:40:54.834   789  1273 I Layer   : id=79722 removeFromCurrentState f51f435 Splash Screen com.example.dogglers#0 (200)
02-05 17:40:54.834   789  1273 I Layer   : id=79731 removeFromCurrentState Surface(name=f51f435 Splash Screen com.example.dogglers)/@0xeadf70 - animation-leash#0 (200)
02-05 17:40:54.834   789  1273 I Layer   : id=79734 removeFromCurrentState Surface(name=8c655e2 StatusBar)/@0x44a9b07 - animation-leash#0 (200)
02-05 17:40:54.834   789  1273 I Layer   : id=79735 removeFromCurrentState Surface(name=b29f82b NavigationBar0)/@0x8634759 - animation-leash#1 (200)
02-05 17:40:54.834   789  1273 I SurfaceFlinger: id=79722 Removed f51f435 Splash Screen com.example.dogglers#0 (200)
02-05 17:40:54.834   789  1273 I SurfaceFlinger: id=79731 Removed Surface(name=f51f435 Splash Screen com.example.dogglers)/@0xeadf70 - animation-leash#0 (200)
02-05 17:40:54.834   789  2265 I SurfaceFlinger: id=79723 Removed Splash Screen com.example.dogglers#0 (200)
02-05 17:40:54.837 15500 15500 I DecorView: [INFO] isPopOver=false, config=true
02-05 17:40:54.838 15500 15500 I DecorView: updateCaptionType >> DecorView@b67e3de[], isFloating=false, isApplication=true, hasWindowDecorCaption=false, hasWindowControllerCallback=true
02-05 17:40:54.838 15500 15500 D DecorView: setCaptionType = 0, this = DecorView@b67e3de[]
02-05 17:40:54.840 15500 15500 D LifecycleMonitor: Lifecycle status change: androidx.test.core.app.InstrumentationActivityInvoker$EmptyActivity@889f660 in: CREATED
02-05 17:40:54.840 15500 15500 D LifecycleMonitor: running callback: androidx.test.core.app.ActivityScenario$1@aa313e8
02-05 17:40:54.840 15500 15500 V ActivityScenario: Activity lifecycle changed event received but ignored because the intent does not match. startActivityIntent=Intent { act=android.intent.action.MAIN cat=[android.intent.category.LAUNCHER] cmp=com.example.dogglers/.GridListActivity }, activity.getIntent()=Intent { act=android.intent.action.MAIN cat=[android.intent.category.LAUNCHER] flg=0x10000000 cmp=com.example.dogglers/androidx.test.core.app.InstrumentationActivityInvoker$EmptyActivity }, activity=androidx.test.core.app.InstrumentationActivityInvoker$EmptyActivity@889f660
02-05 17:40:54.840 15500 15500 D LifecycleMonitor: callback completes: androidx.test.core.app.ActivityScenario$1@aa313e8
02-05 17:40:54.841 15500 15500 D LifecycleMonitor: Lifecycle status change: androidx.test.core.app.InstrumentationActivityInvoker$EmptyActivity@889f660 in: STARTED
02-05 17:40:54.841 15500 15500 D LifecycleMonitor: running callback: androidx.test.core.app.ActivityScenario$1@aa313e8
02-05 17:40:54.841 15500 15500 V ActivityScenario: Activity lifecycle changed event received but ignored because the intent does not match. startActivityIntent=Intent { act=android.intent.action.MAIN cat=[android.intent.category.LAUNCHER] cmp=com.example.dogglers/.GridListActivity }, activity.getIntent()=Intent { act=android.intent.action.MAIN cat=[android.intent.category.LAUNCHER] flg=0x10000000 cmp=com.example.dogglers/androidx.test.core.app.InstrumentationActivityInvoker$EmptyActivity }, activity=androidx.test.core.app.InstrumentationActivityInvoker$EmptyActivity@889f660
02-05 17:40:54.841 15500 15500 D LifecycleMonitor: callback completes: androidx.test.core.app.ActivityScenario$1@aa313e8
02-05 17:40:54.843 15500 15500 D LifecycleMonitor: Lifecycle status change: androidx.test.core.app.InstrumentationActivityInvoker$EmptyActivity@889f660 in: RESUMED
02-05 17:40:54.844 15500 15500 D LifecycleMonitor: running callback: androidx.test.core.app.ActivityScenario$1@aa313e8
02-05 17:40:54.844 15500 15500 V ActivityScenario: Activity lifecycle changed event received but ignored because the intent does not match. startActivityIntent=Intent { act=android.intent.action.MAIN cat=[android.intent.category.LAUNCHER] cmp=com.example.dogglers/.GridListActivity }, activity.getIntent()=Intent { act=android.intent.action.MAIN cat=[android.intent.category.LAUNCHER] flg=0x10000000 cmp=com.example.dogglers/androidx.test.core.app.InstrumentationActivityInvoker$EmptyActivity }, activity=androidx.test.core.app.InstrumentationActivityInvoker$EmptyActivity@889f660
02-05 17:40:54.844 15500 15500 D LifecycleMonitor: callback completes: androidx.test.core.app.ActivityScenario$1@aa313e8
02-05 17:40:54.844   789   789 I Layer   : id=79731[1] Destroyed Surface(name=f51f435 Splash Screen com.example.dogglers)/@0xeadf70 - animation-leash#0
02-05 17:40:54.844   789   789 I Layer   : id=79722[1] Destroyed f51f435 Splash Screen com.example.dogglers#0
02-05 17:40:54.846  1163  1235 I InputDispatcher: Focus left window (15500): 4ed04a0 in display 0 0
02-05 17:40:54.846  1163  3944 D InputTransport: Input channel constructed: '7eee953', fd=857
02-05 17:40:54.846  1163  3944 D InputTransport: Input channel constructed: '7eee953', fd=915
02-05 17:40:54.846  1680  1680 D SecStatusBarMobileView: setStaticDrawableColor:
02-05 17:40:54.846   789   789 I Layer   : id=79723[1] Destroyed Splash Screen com.example.dogglers#0
02-05 17:40:54.847   789   835 I SurfaceFlinger: id=79738 createSurf (0x0),-1 flag=80004, 7eee953 com.example.dogglers/androidx.test.core.app.InstrumentationActivityInvoker$EmptyActivity#0
02-05 17:40:54.847  1163  3944 D WindowManager: isScreenshotDisabledLocked - win: Window{7eee953 u0 com.example.dogglers/androidx.test.core.app.InstrumentationActivityInvoker$EmptyActivity}
02-05 17:40:54.847  1163  3944 D WindowManager: isScreenshotDisabledLocked: userId = 0, disabled =false
02-05 17:40:54.847  1163  3944 D InputTransport: Input channel destroyed: '7eee953', fd=915
02-05 17:40:54.848 15500 15500 D InputTransport: Input channel constructed: '7eee953', fd=98
02-05 17:40:54.848   789   789 D SurfaceFlinger: Display 21442653864348033 HWC layers:
02-05 17:40:54.848   789   789 D SurfaceFlinger:      DEVICE | 0x7408190b40 | 0002 | RGBA_8888    |    0.0    0.0 1080.0 2400.0 |    0    0 1080 2400 | com.example.dogglers/com.example.dogglers.GridListActivity$_15500#0
02-05 17:40:54.848   789   789 D SurfaceFlinger:      DEVICE | 0x7428c3fac0 | 0000 | RGBA_8888    |    0.0    0.0 1080.0   88.0 |    0    0 1080   88 | StatusBar$_1680#0
02-05 17:40:54.848   789   789 D SurfaceFlinger:      DEVICE | 0x7428c3ea80 | 0000 | RGBA_8888    |    0.0    0.0 1080.0  144.0 |    0 2256 1080 2400 | NavigationBar0$_1680#0
02-05 17:40:54.848   789   789 D SurfaceFlinger:      DEVICE | 0x7408191180 | 0000 | RGBA_8888    |    0.0    0.0 1080.0  125.0 |    0    0 1080  125 | ScreenDecorOverlay$_1680#0
02-05 17:40:54.848   789   789 D SurfaceFlinger:      DEVICE | 0x7428c3f480 | 0000 | RGBA_8888    |    0.0    0.0 1080.0  112.0 |    0 2288 1080 2400 | ScreenDecorOverlayBottom$_1680#0
02-05 17:40:54.848   789   789 D SurfaceFlinger:
02-05 17:40:54.849 15500 15500 I ViewRootImpl@6354bd5[InstrumentationActivityInvoker$EmptyActivity]: setView = com.android.internal.policy.DecorView@b67e3de TM=true
02-05 17:40:54.849 15500 15500 I SurfaceControl: nativeRelease nativeObject s[497483548608]
02-05 17:40:54.849 15500 15500 I SurfaceControl: nativeRelease nativeObject e[497483548608]
02-05 17:40:54.849 15500 15500 I SurfaceControl: nativeRelease nativeObject s[497483548032]
02-05 17:40:54.849 15500 15500 I SurfaceControl: nativeRelease nativeObject e[497483548032]
02-05 17:40:54.849 15500 15500 I SurfaceControl: nativeRelease nativeObject s[497483547168]
02-05 17:40:54.849 15500 15500 I SurfaceControl: nativeRelease nativeObject e[497483547168]
02-05 17:40:54.850 15500 15500 I SurfaceControl: nativeRelease nativeObject s[497483548704]
02-05 17:40:54.850 15500 15500 I SurfaceControl: nativeRelease nativeObject e[497483548704]
02-05 17:40:54.850   789  1272 I SurfaceFlinger: id=79730 Removed Surface(name=b29f82b NavigationBar0)/@0x8634759 - animation-leash#0 (198)
02-05 17:40:54.850   789  1272 I SurfaceFlinger: id=79729 Removed Surface(name=8c655e2 StatusBar)/@0x44a9b07 - animation-leash#1 (198)
02-05 17:40:54.860   789   789 I Layer   : id=79730[1] Destroyed Surface(name=b29f82b NavigationBar0)/@0x8634759 - animation-leash#0
02-05 17:40:54.860   789   789 I Layer   : id=79729[1] Destroyed Surface(name=8c655e2 StatusBar)/@0x44a9b07 - animation-leash#1
02-05 17:40:54.862  1680  1680 D SecStatusBarMobileView: setStaticDrawableColor:
02-05 17:40:54.862  1163  3944 V WindowManager: Relayout Window{7eee953 u0 com.example.dogglers/androidx.test.core.app.InstrumentationActivityInvoker$EmptyActivity}: viewVisibility=0 req=1080x2400
02-05 17:40:54.863  1163  3944 W WindowManager: lockNow pending, ignore updating lockscreen timeout
02-05 17:40:54.863  1163  3944 D WindowManager: isScreenshotDisabledLocked - win: Window{7eee953 u0 com.example.dogglers/androidx.test.core.app.InstrumentationActivityInvoker$EmptyActivity}
02-05 17:40:54.863  1163  3944 D WindowManager: isScreenshotDisabledLocked: userId = 0, disabled =false
02-05 17:40:54.864   789  2265 I SurfaceFlinger: id=79739 createSurf (1080x2400),1 flag=404, com.example.dogglers/androidx.test.core.app.InstrumentationActivityInvoker$EmptyActivity$_15500#0
02-05 17:40:54.865  1163  3944 I SurfaceControl: nativeRelease nativeObject s[496871101728]
02-05 17:40:54.865  1163  3944 I SurfaceControl: nativeRelease nativeObject e[496871101728]
02-05 17:40:54.866   789   835 I SurfaceFlinger: id=79740 createSurf (0x0),-1 flag=24000, Surface(name=8c655e2 StatusBar)/@0x44a9b07 - animation-leash#0
02-05 17:40:54.866  1163  3944 I SurfaceControl: nativeRelease nativeObject s[499038038912]
02-05 17:40:54.866  1163  3944 I SurfaceControl: nativeRelease nativeObject e[499038038912]
02-05 17:40:54.866   789  1273 I SurfaceFlinger: id=79741 createSurf (0x0),-1 flag=24000, Surface(name=b29f82b NavigationBar0)/@0x8634759 - animation-leash#1
02-05 17:40:54.867  1163  3944 V WindowManager: Relayout hash=7eee953, pid=15500: mAttrs={(0,0)(fillxfill) sim={adjust=pan forwardNavigation} ty=BASE_APPLICATION wanim=0x1030001
02-05 17:40:54.867  1163  3944 V WindowManager:   fl=1810100
02-05 17:40:54.867  1163  3944 V WindowManager:   pfl=12020000
02-05 17:40:54.867  1163  3944 V WindowManager:   fitSides= naviIconColor=0}
02-05 17:40:54.867  1163  3944 I SurfaceControl: nativeRelease nativeObject s[496861208224]
02-05 17:40:54.867  1163  3944 I SurfaceControl: nativeRelease nativeObject e[496861208224]
02-05 17:40:54.868 15500 15500 I SurfaceControl: assignNativeObject: nativeObject = 0 Surface(name=null)/@0xd8a5fea / android.view.SurfaceControl.readFromParcel:1117 android.view.IWindowSession$Stub$Proxy.relayout:1820 android.view.ViewRootImpl.relayoutWindow:9005 android.view.ViewRootImpl.performTraversals:3360 android.view.ViewRootImpl.doTraversal:2618 android.view.ViewRootImpl$TraversalRunnable.run:9971 android.view.Choreographer$CallbackRecord.run:1010 android.view.Choreographer.doCallbacks:809 android.view.Choreographer.doFrame:744 android.view.Choreographer$FrameDisplayEventReceiver.run:995
02-05 17:40:54.868 15500 15500 I ViewRootImpl@6354bd5[InstrumentationActivityInvoker$EmptyActivity]: Relayout returned: old=(0,0,1080,2400) new=(0,0,1080,2400) req=(1080,2400)0 dur=6 res=0x7 s={true 499198353408} ch=true fn=-1
02-05 17:40:54.870 15500 15565 I mali_winsys: new_window_surface() [1080x2400] return: 0x3000
02-05 17:40:54.870   716   953 D gralloc : [mali_gralloc_allocate] begin
02-05 17:40:54.870   716   953 D gralloc : buffer_descriptor: wh(1080 2400) usage_pc(0x40000000000b00 0x40000000000b00) hal_format(0x1) layer_count(1) sizes(0 0 0) strde(0) byte_stride(0) alloc_wh(0 0) internal_format(0x0) alloc_format(0x0) fd_count(1) plane_count(0)
02-05 17:40:54.870 15500 15500 I ViewRootImpl@6354bd5[InstrumentationActivityInvoker$EmptyActivity]: [DP] dp(1) 1 android.view.ViewRootImpl.reportNextDraw:10957 android.view.ViewRootImpl.performTraversals:3845 android.view.ViewRootImpl.doTraversal:2618
02-05 17:40:54.870 15500 15500 I ViewRootImpl@6354bd5[InstrumentationActivityInvoker$EmptyActivity]: [DP] pd() Asnyc report
02-05 17:40:54.871   716   953 D gralloc : [mali_gralloc_allocate] allocation successful
02-05 17:40:54.872   716   953 D gralloc : [mali_gralloc_allocate] begin
02-05 17:40:54.872   716   953 D gralloc : buffer_descriptor: wh(1080 2400) usage_pc(0x40000000000b00 0x40000000000b00) hal_format(0x1) layer_count(1) sizes(0 0 0) strde(0) byte_stride(0) alloc_wh(0 0) internal_format(0x0) alloc_format(0x0) fd_count(1) plane_count(0)
02-05 17:40:54.873   716   953 D gralloc : [mali_gralloc_allocate] allocation successful
02-05 17:40:54.873   716   957 D gralloc : [mali_gralloc_allocate] begin
02-05 17:40:54.873   716   957 D gralloc : buffer_descriptor: wh(1080 2400) usage_pc(0x40000000000b00 0x40000000000b00) hal_format(0x1) layer_count(1) sizes(0 0 0) strde(0) byte_stride(0) alloc_wh(0 0) internal_format(0x0) alloc_format(0x0) fd_count(1) plane_count(0)
02-05 17:40:54.874 15500 15500 I ViewRootImpl@6354bd5[InstrumentationActivityInvoker$EmptyActivity]: [DP] pdf(0) 1 android.view.ViewRootImpl.lambda$performDraw$1$ViewRootImpl:4668 android.view.-$$Lambda$ViewRootImpl$DJd0VUYJgsebcnSohO6h8zc_ONI.run:6 android.os.Handler.handleCallback:938
02-05 17:40:54.874 15500 15500 I ViewRootImpl@6354bd5[InstrumentationActivityInvoker$EmptyActivity]: [DP] rdf()
02-05 17:40:54.874   716   957 D gralloc : [mali_gralloc_allocate] allocation successful
02-05 17:40:54.875 15500 15500 I ViewRootImpl@99358eb[GridListActivity]: MSG_WINDOW_FOCUS_CHANGED 0 1
02-05 17:40:54.875  1163  1240 W WindowManager: lockNow pending, ignore updating lockscreen timeout
02-05 17:40:54.876   789  2265 I Layer   : id=79736 removeFromCurrentState Surface(name=8c655e2 StatusBar)/@0x44a9b07 - animation-leash#1 (199)
02-05 17:40:54.876   789  2265 I Layer   : id=79737 removeFromCurrentState Surface(name=b29f82b NavigationBar0)/@0x8634759 - animation-leash#0 (199)
02-05 17:40:54.877  1163  1240 D PkgPredictorService: pkg:com.example.dogglers activity:androidx.test.core.app.InstrumentationActivityInvoker$EmptyActivity thisTime:71
02-05 17:40:54.878  1163  1240 I SemDvfsHyPerManager: acquire hyper - AMS_RESUME_TAIL/1163@22, type = -999
02-05 17:40:54.878  1163  1240 I SemDvfsHyPerManager: acquire hyper - AMS_ACT_LAZY/1163@23, type = -999
02-05 17:40:54.878  1163  1244 I ActivityTaskManager: Displayed com.example.dogglers/androidx.test.core.app.InstrumentationActivityInvoker$EmptyActivity: +71ms
02-05 17:40:54.879  1163  1240 W WindowManager: lockNow pending, ignore updating lockscreen timeout
02-05 17:40:54.880   726   817 I HYPER-HAL: [RequestManager.cpp]acquire(): Acquired ID : 702727  [1163 / 22]    HINT : AMS_RESUME_TAIL    list :
02-05 17:40:54.880   726   817 I HYPER-HAL: [ResourceManager.cpp]updateResource(): [CPUMinFreq] UpdateResource Request ID : 702727    Value : 1844882
02-05 17:40:54.880   726   817 I HYPER-HAL: [RequestManager.cpp]acquire(): Acquired ID : 703914  [1163 / 23]    HINT :      list :
02-05 17:40:54.881 15500 15500 I SurfaceControl: nativeRelease nativeObject s[497483548800]
02-05 17:40:54.881 15500 15500 I SurfaceControl: nativeRelease nativeObject e[497483548800]
02-05 17:40:54.881 15500 15500 I SurfaceControl: nativeRelease nativeObject s[497483549568]
02-05 17:40:54.881 15500 15500 I SurfaceControl: nativeRelease nativeObject e[497483549568]
02-05 17:40:54.881 15500 15500 I SurfaceControl: nativeRelease nativeObject s[497483549280]
02-05 17:40:54.881 15500 15500 I SurfaceControl: nativeRelease nativeObject e[497483549280]
02-05 17:40:54.881   789  1272 I SurfaceFlinger: id=79737 Removed Surface(name=b29f82b NavigationBar0)/@0x8634759 - animation-leash#0 (199)
02-05 17:40:54.881   789  2265 I SurfaceFlinger: id=79736 Removed Surface(name=8c655e2 StatusBar)/@0x44a9b07 - animation-leash#1 (199)
02-05 17:40:54.881   726   817 E HYPER-HAL: [Request.cpp]acquire(): Request:: id : 703914, No Resource to set
02-05 17:40:54.881   726   817 I HYPER-HAL: [ResourceManager.cpp]removeResource(): [CPUMinFreq] RemoveResource Request ID : 700356
02-05 17:40:54.881   726   817 I HYPER-HAL: [RequestManager.cpp]releaseLocked(): Released ID : 700356
02-05 17:40:54.882  2669  2669 E pageboostd: Received HALT command code 2
02-05 17:40:54.882 15500 15500 I ViewRootImpl@99358eb[GridListActivity]: stopped(true) old=false
02-05 17:40:54.882 15500 15500 I SurfaceControl: nativeRelease nativeObject s[499196692288]
02-05 17:40:54.882 15500 15500 I SurfaceControl: nativeRelease nativeObject e[499196692288]
02-05 17:40:54.883 15500 15500 D LifecycleMonitor: Lifecycle status change: com.example.dogglers.GridListActivity@a58fe83 in: STOPPED
02-05 17:40:54.883 15500 15500 D LifecycleMonitor: running callback: androidx.test.core.app.ActivityScenario$1@aa313e8
02-05 17:40:54.883 15500 15500 V ActivityScenario: Update currentActivityStage to STOPPED, currentActivity=com.example.dogglers.GridListActivity@a58fe83
02-05 17:40:54.883 15500 15500 D LifecycleMonitor: callback completes: androidx.test.core.app.ActivityScenario$1@aa313e8
02-05 17:40:54.884 15500 15500 D LifecycleMonitor: Lifecycle status change: com.example.dogglers.GridListActivity@a58fe83 in: DESTROYED
02-05 17:40:54.884 15500 15500 D LifecycleMonitor: running callback: androidx.test.core.app.ActivityScenario$1@aa313e8
02-05 17:40:54.884  1163  1240 W WindowManager: lockNow pending, ignore updating lockscreen timeout
02-05 17:40:54.884 15500 15500 V ActivityScenario: Update currentActivityStage to DESTROYED, currentActivity=null
02-05 17:40:54.884 15500 15500 D LifecycleMonitor: callback completes: androidx.test.core.app.ActivityScenario$1@aa313e8
02-05 17:40:54.885 15500 15565 I mali_egl: eglDestroySurface() in
02-05 17:40:54.886  1163  1796 I SemDvfsHyPerManager: acquire hyper - AMS_ACT_START/1163@20, type = -999
02-05 17:40:54.886 15500 15565 I mali_winsys: delete_surface() [1080x2400] return
02-05 17:40:54.886 15500 15565 I mali_egl: eglDestroySurface() out
02-05 17:40:54.886   789  2265 E BufferQueueProducer: [com.example.dogglers/com.example.dogglers.GridListActivity$_15500#0](id:315000036c0,api:0,p:-1,c:789) disconnect: not connected (req=1)
02-05 17:40:54.886 15500 15565 W libEGL  : EGLNativeWindowType 0x742fbd1010 disconnect failed
02-05 17:40:54.886 15500 15500 I ViewRootImpl@99358eb[GridListActivity]: dispatchDetachedFromWindow
02-05 17:40:54.886   726   817 I HYPER-HAL: [RequestManager.cpp]acquire(): Acquired ID : 700356  [1163 / 20]    HINT : AMS_ACT_START    list :
02-05 17:40:54.886   726   817 I HYPER-HAL: [ResourceManager.cpp]updateResource(): [CPUMinFreq] UpdateResource Request ID : 700356    Value : 1930195
02-05 17:40:54.887   789  1272 I SurfaceFlinger: id=79742 createSurf (0x0),-1 flag=80004, ActivityRecord{6e0666 u0 com.example.dogglers/androidx.test.core.app.InstrumentationActivityInvoker$EmptyActivity t12730}#0
02-05 17:40:54.889  1163  1796 W WindowManager: lockNow pending, ignore updating lockscreen timeout
02-05 17:40:54.890  1163  3944 D InputTransport: Input channel destroyed: '4ed04a0', fd=921
02-05 17:40:54.890  1163  3944 I SurfaceControl: nativeRelease nativeObject s[496884988000]
02-05 17:40:54.890  1163  3944 I SurfaceControl: nativeRelease nativeObject e[496884988000]
02-05 17:40:54.890  1163  3944 D WindowManager: isScreenshotDisabledLocked - win: Window{4ed04a0 u0 com.example.dogglers/com.example.dogglers.GridListActivity}
02-05 17:40:54.890  1163  3944 D WindowManager: isScreenshotDisabledLocked: userId = 0, disabled =false
02-05 17:40:54.890  1163  3944 I SurfaceControl: nativeRelease nativeObject s[496867019840]
02-05 17:40:54.890  1163  3944 I SurfaceControl: nativeRelease nativeObject e[496867019840]
02-05 17:40:54.890   789  1272 I SurfaceFlinger: id=79743 createSurf (0x0),-1 flag=24004, Surface(name=dbf3b45 InputMethod)/@0xf70bba8 - animation-leash#1
02-05 17:40:54.891  1163  3944 I SurfaceControl: nativeRelease nativeObject s[496884992224]
02-05 17:40:54.891  1163  3944 I SurfaceControl: nativeRelease nativeObject e[496884992224]
02-05 17:40:54.891   789  2265 I Layer   : id=79728 removeFromCurrentState com.example.dogglers/com.example.dogglers.GridListActivity$_15500#0 (201)
02-05 17:40:54.892  1163  3944 W WindowManager: lockNow pending, ignore updating lockscreen timeout
02-05 17:40:54.892   789  1273 I Layer   : id=79727 removeFromCurrentState 4ed04a0 com.example.dogglers/com.example.dogglers.GridListActivity#0 (201)
02-05 17:40:54.892   789  1273 I Layer   : id=79732 removeFromCurrentState Surface(name=dbf3b45 InputMethod)/@0xf70bba8 - animation-leash#0 (201)
02-05 17:40:54.893 15500 15500 D InputTransport: Input channel destroyed: '4ed04a0', fd=90
02-05 17:40:54.893   789  1273 I SurfaceFlinger: id=79727 Removed 4ed04a0 com.example.dogglers/com.example.dogglers.GridListActivity#0 (201)
02-05 17:40:54.893   789  2265 I SurfaceFlinger: id=79728 Removed com.example.dogglers/com.example.dogglers.GridListActivity$_15500#0 (201)
02-05 17:40:54.894  1163  1235 I SurfaceControl: nativeRelease nativeObject s[496867018688]
02-05 17:40:54.894  1163  1235 I SurfaceControl: nativeRelease nativeObject e[496867018688]
02-05 17:40:54.894   789   789 I Layer   : id=79736[1] Destroyed Surface(name=8c655e2 StatusBar)/@0x44a9b07 - animation-leash#1
02-05 17:40:54.895   789   789 I Layer   : id=79737[1] Destroyed Surface(name=b29f82b NavigationBar0)/@0x8634759 - animation-leash#0
02-05 17:40:54.895   789   789 I Layer   : id=79727[1] Destroyed 4ed04a0 com.example.dogglers/com.example.dogglers.GridListActivity#0
02-05 17:40:54.895  1163  3944 I InputDispatcher: Focus entered window (15500): 7eee953 in display 0 0
02-05 17:40:54.896   789   789 I Layer   : id=79728[1] Destroyed com.example.dogglers/com.example.dogglers.GridListActivity$_15500#0
02-05 17:40:54.897   789  1273 I Layer   : id=79724 removeFromCurrentState ActivityRecord{c2d9db3 u0 com.example.dogglers/.GridListActivity t12730}#0 (197)
02-05 17:40:54.898   789  1272 I SurfaceFlinger: id=79724 Removed ActivityRecord{c2d9db3 u0 com.example.dogglers/.GridListActivity t12730}#0 (197)
02-05 17:40:54.898 15500 15500 D LifecycleMonitor: Lifecycle status change: androidx.test.core.app.InstrumentationActivityInvoker$EmptyActivity@889f660 in: PAUSED
02-05 17:40:54.898 15500 15500 D LifecycleMonitor: running callback: androidx.test.core.app.ActivityScenario$1@aa313e8
02-05 17:40:54.898   789   789 D SurfaceFlinger: Display 21442653864348033 HWC layers:
02-05 17:40:54.898   789   789 D SurfaceFlinger:      DEVICE | 0x7408500b00 | 0002 | RGBA_8888    |    0.0    0.0 1080.0 2400.0 |    0    0 1080 2400 | com.example.dogglers/androidx.test.c[...]tivityInvoker$EmptyActivity$_15500#0
02-05 17:40:54.898   789   789 D SurfaceFlinger:      DEVICE | 0x7428c3e6c0 | 0000 | RGBA_8888    |    0.0    0.0 1080.0   88.0 |    0    0 1080   88 | StatusBar$_1680#0
02-05 17:40:54.898   789   789 D SurfaceFlinger:      DEVICE | 0x7428c3ea80 | 0000 | RGBA_8888    |    0.0    0.0 1080.0  144.0 |    0 2256 1080 2400 | NavigationBar0$_1680#0
02-05 17:40:54.898   789   789 D SurfaceFlinger:      DEVICE | 0x7408191180 | 0000 | RGBA_8888    |    0.0    0.0 1080.0  125.0 |    0    0 1080  125 | ScreenDecorOverlay$_1680#0
02-05 17:40:54.898   789   789 D SurfaceFlinger:      DEVICE | 0x7428c3f480 | 0000 | RGBA_8888    |    0.0    0.0 1080.0  112.0 |    0 2288 1080 2400 | ScreenDecorOverlayBottom$_1680#0
02-05 17:40:54.898   789   789 D SurfaceFlinger:
02-05 17:40:54.898 15500 15500 V ActivityScenario: Activity lifecycle changed event received but ignored because the intent does not match. startActivityIntent=Intent { act=android.intent.action.MAIN cat=[android.intent.category.LAUNCHER] cmp=com.example.dogglers/.GridListActivity }, activity.getIntent()=Intent { act=android.intent.action.MAIN cat=[android.intent.category.LAUNCHER] flg=0x10000000 cmp=com.example.dogglers/androidx.test.core.app.InstrumentationActivityInvoker$EmptyActivity }, activity=androidx.test.core.app.InstrumentationActivityInvoker$EmptyActivity@889f660
02-05 17:40:54.898 15500 15500 D LifecycleMonitor: callback completes: androidx.test.core.app.ActivityScenario$1@aa313e8
02-05 17:40:54.900  1163  3944 V WindowOrientationListener: getProposedRotation: 0
02-05 17:40:54.900  1163  3944 V WindowOrientationListener: getProposedRotation: 0
02-05 17:40:54.900  1163  3944 V WindowOrientationListener: getProposedRotation: 0
02-05 17:40:54.901  1163  3944 D InputDispatcher: Focused application set to (0): 6e0666
02-05 17:40:54.903  1163  3944 W WindowManager: lockNow pending, ignore updating lockscreen timeout
02-05 17:40:54.907 15500 15500 D LifecycleMonitor: Lifecycle status change: androidx.test.core.app.InstrumentationActivityInvoker$BootstrapActivity@4bc790b in: DESTROYED
02-05 17:40:54.907 15500 15500 D LifecycleMonitor: running callback: androidx.test.core.app.ActivityScenario$1@aa313e8
02-05 17:40:54.907 15500 15500 V ActivityScenario: Activity lifecycle changed event received but ignored because the intent does not match. startActivityIntent=Intent { act=android.intent.action.MAIN cat=[android.intent.category.LAUNCHER] cmp=com.example.dogglers/.GridListActivity }, activity.getIntent()=Intent { act=android.intent.action.MAIN cat=[android.intent.category.LAUNCHER] flg=0x10008000 cmp=com.example.dogglers/androidx.test.core.app.InstrumentationActivityInvoker$BootstrapActivity (has extras) }, activity=androidx.test.core.app.InstrumentationActivityInvoker$BootstrapActivity@4bc790b
02-05 17:40:54.907 15500 15500 D LifecycleMonitor: callback completes: androidx.test.core.app.ActivityScenario$1@aa313e8
02-05 17:40:54.907 15500 15500 I ViewRootImpl@6354bd5[InstrumentationActivityInvoker$EmptyActivity]: MSG_WINDOW_FOCUS_CHANGED 1 1
02-05 17:40:54.907 15500 15500 D InputMethodManager: prepareNavigationBarInfo() DecorView@b67e3de[InstrumentationActivityInvoker$EmptyActivity]
02-05 17:40:54.907  1163  3944 I SurfaceControl: nativeRelease nativeObject s[499038974528]
02-05 17:40:54.907  1163  3944 I SurfaceControl: nativeRelease nativeObject e[499038974528]
02-05 17:40:54.907 15500 15500 D InputMethodManager: getNavigationBarColor() -16711423
02-05 17:40:54.907 15500 15500 D InputMethodManager: prepareNavigationBarInfo() DecorView@b67e3de[InstrumentationActivityInvoker$EmptyActivity]
02-05 17:40:54.907 15500 15500 D InputMethodManager: getNavigationBarColor() -16711423
02-05 17:40:54.907 15500 15500 V InputMethodManager: Starting input: tba=com.example.dogglers ic=null mNaviBarColor -16711423 mIsGetNaviBarColorSuccess true , NavVisible : true , NavTrans : false
02-05 17:40:54.908 15500 15500 D InputMethodManager: startInputInner - Id : 0
02-05 17:40:54.908 15500 15500 I InputMethodManager: startInputInner - mService.startInputOrWindowGainedFocus
02-05 17:40:54.908  1163  1796 D InputMethodManagerService: mSecureKeypadEnabled = false
02-05 17:40:54.908  1163  1796 V InputMethodManagerService: hideCurrentInputLocked : shouldHideSoftInput is false
02-05 17:40:54.908  1163  1796 D InputMethodManagerService: DESKTOP MODE! : 2
02-05 17:40:54.908  1163  1796 D InputMethodManagerService: NOT IN KNOX DESKTOP MODE!
02-05 17:40:54.908  1163  1796 V InputMethodManagerService: getDisplayIdOfInputMethodWindowToBeAdded : 0
02-05 17:40:54.908  1163  1796 D InputMethodManagerService: checkDisplayOfStartInputAndUpdateKeyboard display Id 0last 0
02-05 17:40:54.908  1163  1796 D InputTransport: Input channel constructed: 'ClientS', fd=915
02-05 17:40:54.909  1163  1796 D InputTransport: Input channel destroyed: 'ClientS', fd=915
02-05 17:40:54.909  1163  1240 W WindowManager: lockNow pending, ignore updating lockscreen timeout
02-05 17:40:54.909 15500 15500 D InputTransport: Input channel constructed: 'ClientS', fd=90
02-05 17:40:54.909 15500 15500 D InputTransport: Input channel destroyed: 'ClientS', fd=97
02-05 17:40:54.909   789  1272 I Layer   : id=79721 removeFromCurrentState ActivityRecord{d6077c8 u0 com.example.dogglers/androidx.test.core.app.InstrumentationActivityInvoker$BootstrapActivity t12730}#0 (197)
02-05 17:40:54.910   789  1272 I SurfaceFlinger: id=79721 Removed ActivityRecord{d6077c8 u0 com.example.dogglers/androidx.test.core.app.InstrumentationActivityInvoker$BootstrapActivity t12730}#0 (197)
02-05 17:40:54.910  1163  3944 I SurfaceControl: nativeRelease nativeObject s[499183895296]
02-05 17:40:54.910  1163  3944 I SurfaceControl: nativeRelease nativeObject e[499183895296]
02-05 17:40:54.910   789  1272 I SurfaceFlinger: id=79744 createSurf (0x0),-1 flag=24004, Surface(name=dbf3b45 InputMethod)/@0xf70bba8 - animation-leash#0
02-05 17:40:54.911   789   789 I Layer   : id=79721[1] Destroyed ActivityRecord{d6077c8 u0 com.example.dogglers/androidx.test.core.app.InstrumentationActivityInvoker$BootstrapActivity t12730}#0
02-05 17:40:54.911   789   789 I Layer   : id=79724[1] Destroyed ActivityRecord{c2d9db3 u0 com.example.dogglers/.GridListActivity t12730}#0
02-05 17:40:54.911  1163  3935 I InputDispatcher: Focus left window (15500): 7eee953 in display 0 0
02-05 17:40:54.912 15500 15500 D LifecycleMonitor: Lifecycle status change: androidx.test.core.app.InstrumentationActivityInvoker$EmptyActivity@f66ed24 in: PRE_ON_CREATE
02-05 17:40:54.912 15500 15500 D LifecycleMonitor: running callback: androidx.test.core.app.ActivityScenario$1@aa313e8
02-05 17:40:54.912 15500 15500 V ActivityScenario: Activity lifecycle changed event received but ignored because the intent does not match. startActivityIntent=Intent { act=android.intent.action.MAIN cat=[android.intent.category.LAUNCHER] cmp=com.example.dogglers/.GridListActivity }, activity.getIntent()=Intent { act=android.intent.action.MAIN cat=[android.intent.category.LAUNCHER] flg=0x10000000 cmp=com.example.dogglers/androidx.test.core.app.InstrumentationActivityInvoker$EmptyActivity }, activity=androidx.test.core.app.InstrumentationActivityInvoker$EmptyActivity@f66ed24
02-05 17:40:54.912 15500 15500 D LifecycleMonitor: callback completes: androidx.test.core.app.ActivityScenario$1@aa313e8
02-05 17:40:54.912  3640  3640 I GoogleInputMethodService: GoogleInputMethodService.onFinishInput():3316
02-05 17:40:54.913   789  1272 I Layer   : id=79743 removeFromCurrentState Surface(name=dbf3b45 InputMethod)/@0xf70bba8 - animation-leash#1 (196)
02-05 17:40:54.913  3640  3640 I GoogleInputMethodService: GoogleInputMethodService.updateDeviceLockedStatus():2181 checkRepeatedly = false, unlocked = true
02-05 17:40:54.913  3640  3640 D InputMethodService: checkDisplayOfStartInputAndUpdateKeyboard display Id 0last 0
02-05 17:40:54.914  3640  3640 I GoogleInputMethodService: GoogleInputMethodService.onStartInput():1989
02-05 17:40:54.914  3640  3640 I GoogleInputMethodService: GoogleInputMethodService.updateDeviceLockedStatus():2181 checkRepeatedly = true, unlocked = true
02-05 17:40:54.916 15500 15500 I DecorView: [INFO] isPopOver=false, config=true
02-05 17:40:54.916 15500 15500 I DecorView: updateCaptionType >> DecorView@8830242[], isFloating=false, isApplication=true, hasWindowDecorCaption=false, hasWindowControllerCallback=true
02-05 17:40:54.916 15500 15500 D DecorView: setCaptionType = 0, this = DecorView@8830242[]
02-05 17:40:54.918 15500 15500 D LifecycleMonitor: Lifecycle status change: androidx.test.core.app.InstrumentationActivityInvoker$EmptyActivity@f66ed24 in: CREATED
02-05 17:40:54.918 15500 15500 D LifecycleMonitor: running callback: androidx.test.core.app.ActivityScenario$1@aa313e8
02-05 17:40:54.918 15500 15500 V ActivityScenario: Activity lifecycle changed event received but ignored because the intent does not match. startActivityIntent=Intent { act=android.intent.action.MAIN cat=[android.intent.category.LAUNCHER] cmp=com.example.dogglers/.GridListActivity }, activity.getIntent()=Intent { act=android.intent.action.MAIN cat=[android.intent.category.LAUNCHER] flg=0x10000000 cmp=com.example.dogglers/androidx.test.core.app.InstrumentationActivityInvoker$EmptyActivity }, activity=androidx.test.core.app.InstrumentationActivityInvoker$EmptyActivity@f66ed24
02-05 17:40:54.918 15500 15500 D LifecycleMonitor: callback completes: androidx.test.core.app.ActivityScenario$1@aa313e8
02-05 17:40:54.919 15500 15500 D LifecycleMonitor: Lifecycle status change: androidx.test.core.app.InstrumentationActivityInvoker$EmptyActivity@f66ed24 in: STARTED
02-05 17:40:54.919 15500 15500 D LifecycleMonitor: running callback: androidx.test.core.app.ActivityScenario$1@aa313e8
02-05 17:40:54.919 15500 15500 V ActivityScenario: Activity lifecycle changed event received but ignored because the intent does not match. startActivityIntent=Intent { act=android.intent.action.MAIN cat=[android.intent.category.LAUNCHER] cmp=com.example.dogglers/.GridListActivity }, activity.getIntent()=Intent { act=android.intent.action.MAIN cat=[android.intent.category.LAUNCHER] flg=0x10000000 cmp=com.example.dogglers/androidx.test.core.app.InstrumentationActivityInvoker$EmptyActivity }, activity=androidx.test.core.app.InstrumentationActivityInvoker$EmptyActivity@f66ed24
02-05 17:40:54.919 15500 15500 D LifecycleMonitor: callback completes: androidx.test.core.app.ActivityScenario$1@aa313e8
02-05 17:40:54.921 15500 15500 D LifecycleMonitor: Lifecycle status change: androidx.test.core.app.InstrumentationActivityInvoker$EmptyActivity@f66ed24 in: RESUMED
02-05 17:40:54.921 15500 15500 D LifecycleMonitor: running callback: androidx.test.core.app.ActivityScenario$1@aa313e8
02-05 17:40:54.921 15500 15500 V ActivityScenario: Activity lifecycle changed event received but ignored because the intent does not match. startActivityIntent=Intent { act=android.intent.action.MAIN cat=[android.intent.category.LAUNCHER] cmp=com.example.dogglers/.GridListActivity }, activity.getIntent()=Intent { act=android.intent.action.MAIN cat=[android.intent.category.LAUNCHER] flg=0x10000000 cmp=com.example.dogglers/androidx.test.core.app.InstrumentationActivityInvoker$EmptyActivity }, activity=androidx.test.core.app.InstrumentationActivityInvoker$EmptyActivity@f66ed24
02-05 17:40:54.921 15500 15500 D LifecycleMonitor: callback completes: androidx.test.core.app.ActivityScenario$1@aa313e8
02-05 17:40:54.923  1163  1235 D InputTransport: Input channel constructed: '63d9e97', fd=915
02-05 17:40:54.923  1163  1235 D InputTransport: Input channel constructed: '63d9e97', fd=919
02-05 17:40:54.924   789  1272 I SurfaceFlinger: id=79745 createSurf (0x0),-1 flag=80004, 63d9e97 com.example.dogglers/androidx.test.core.app.InstrumentationActivityInvoker$EmptyActivity#0
02-05 17:40:54.924  1163  1235 D WindowManager: isScreenshotDisabledLocked - win: Window{63d9e97 u0 com.example.dogglers/androidx.test.core.app.InstrumentationActivityInvoker$EmptyActivity}
02-05 17:40:54.924  1163  1235 D WindowManager: isScreenshotDisabledLocked: userId = 0, disabled =false
02-05 17:40:54.924  1163  1235 D InputTransport: Input channel destroyed: '63d9e97', fd=919
02-05 17:40:54.924 15500 15500 D InputTransport: Input channel constructed: '63d9e97', fd=97
02-05 17:40:54.925 15500 15500 I ViewRootImpl@b873889[InstrumentationActivityInvoker$EmptyActivity]: setView = com.android.internal.policy.DecorView@8830242 TM=true
02-05 17:40:54.926  1163  3944 D SamsungIMMSHWKeyboard: isConnectedDexOnPC false
02-05 17:40:54.926 15500 15500 I SurfaceControl: nativeRelease nativeObject s[497483549760]
02-05 17:40:54.926  1163  3944 D InputMethodManagerService: isImeSwitcherDisabledPackage : false
02-05 17:40:54.926 15500 15500 I SurfaceControl: nativeRelease nativeObject e[497483549760]
02-05 17:40:54.926 15500 15500 I SurfaceControl: nativeRelease nativeObject s[497483549664]
02-05 17:40:54.926 15500 15500 I SurfaceControl: nativeRelease nativeObject e[497483549664]
02-05 17:40:54.930  1163  1793 V WindowManager: Relayout Window{63d9e97 u0 com.example.dogglers/androidx.test.core.app.InstrumentationActivityInvoker$EmptyActivity}: viewVisibility=0 req=1080x2400
02-05 17:40:54.930  1163  1793 W WindowManager: lockNow pending, ignore updating lockscreen timeout
02-05 17:40:54.931  1163  1793 D WindowManager: isScreenshotDisabledLocked - win: Window{63d9e97 u0 com.example.dogglers/androidx.test.core.app.InstrumentationActivityInvoker$EmptyActivity}
02-05 17:40:54.931  1163  1793 D WindowManager: isScreenshotDisabledLocked: userId = 0, disabled =false
02-05 17:40:54.931   789  1272 I SurfaceFlinger: id=79746 createSurf (1080x2400),1 flag=404, com.example.dogglers/androidx.test.core.app.InstrumentationActivityInvoker$EmptyActivity$_15500#1
02-05 17:40:54.932  1163  1793 I SurfaceControl: nativeRelease nativeObject s[499038974720]
02-05 17:40:54.932  1163  1793 I SurfaceControl: nativeRelease nativeObject e[499038974720]
02-05 17:40:54.932   789  2265 I SurfaceFlinger: id=79747 createSurf (0x0),-1 flag=24000, Surface(name=8c655e2 StatusBar)/@0x44a9b07 - animation-leash#1
02-05 17:40:54.933  1163  1793 I SurfaceControl: nativeRelease nativeObject s[499183877792]
02-05 17:40:54.933  1163  1793 I SurfaceControl: nativeRelease nativeObject e[499183877792]
02-05 17:40:54.933   789  1272 I SurfaceFlinger: id=79748 createSurf (0x0),-1 flag=24000, Surface(name=b29f82b NavigationBar0)/@0x8634759 - animation-leash#0
02-05 17:40:54.934  1163  1793 V WindowManager: Relayout hash=63d9e97, pid=15500: mAttrs={(0,0)(fillxfill) sim={adjust=pan forwardNavigation} ty=BASE_APPLICATION wanim=0x1030001
02-05 17:40:54.934  1163  1793 V WindowManager:   fl=1810100
02-05 17:40:54.934  1163  1793 V WindowManager:   pfl=12020000
02-05 17:40:54.934  1163  1793 V WindowManager:   fitSides= naviIconColor=0}
02-05 17:40:54.934  1163  1793 I SurfaceControl: nativeRelease nativeObject s[499183904992]
02-05 17:40:54.934  1163  1793 I SurfaceControl: nativeRelease nativeObject e[499183904992]
02-05 17:40:54.934 15500 15500 I SurfaceControl: assignNativeObject: nativeObject = 0 Surface(name=null)/@0xec3008e / android.view.SurfaceControl.readFromParcel:1117 android.view.IWindowSession$Stub$Proxy.relayout:1820 android.view.ViewRootImpl.relayoutWindow:9005 android.view.ViewRootImpl.performTraversals:3360 android.view.ViewRootImpl.doTraversal:2618 android.view.ViewRootImpl$TraversalRunnable.run:9971 android.view.Choreographer$CallbackRecord.run:1010 android.view.Choreographer.doCallbacks:809 android.view.Choreographer.doFrame:744 android.view.Choreographer$FrameDisplayEventReceiver.run:995
02-05 17:40:54.935 15500 15500 I ViewRootImpl@b873889[InstrumentationActivityInvoker$EmptyActivity]: Relayout returned: old=(0,0,1080,2400) new=(0,0,1080,2400) req=(1080,2400)0 dur=5 res=0x7 s={true 498992287744} ch=true fn=-1
02-05 17:40:54.936 15500 15565 I mali_winsys: new_window_surface() [1080x2400] return: 0x3000
02-05 17:40:54.936   716   953 D gralloc : [mali_gralloc_allocate] begin
02-05 17:40:54.936   716   953 D gralloc : buffer_descriptor: wh(1080 2400) usage_pc(0x40000000000b00 0x40000000000b00) hal_format(0x1) layer_count(1) sizes(0 0 0) strde(0) byte_stride(0) alloc_wh(0 0) internal_format(0x0) alloc_format(0x0) fd_count(1) plane_count(0)
02-05 17:40:54.936 15500 15500 I ViewRootImpl@b873889[InstrumentationActivityInvoker$EmptyActivity]: [DP] dp(1) 1 android.view.ViewRootImpl.reportNextDraw:10957 android.view.ViewRootImpl.performTraversals:3845 android.view.ViewRootImpl.doTraversal:2618
02-05 17:40:54.936 15500 15500 I ViewRootImpl@b873889[InstrumentationActivityInvoker$EmptyActivity]: [DP] pd() Asnyc report
02-05 17:40:54.938   716   953 D gralloc : [mali_gralloc_allocate] allocation successful
02-05 17:40:54.938   716   953 D gralloc : [mali_gralloc_allocate] begin
02-05 17:40:54.938   716   953 D gralloc : buffer_descriptor: wh(1080 2400) usage_pc(0x40000000000b00 0x40000000000b00) hal_format(0x1) layer_count(1) sizes(0 0 0) strde(0) byte_stride(0) alloc_wh(0 0) internal_format(0x0) alloc_format(0x0) fd_count(1) plane_count(0)
02-05 17:40:54.940   716   953 D gralloc : [mali_gralloc_allocate] allocation successful
