02-05 17:40:49.380 15500 15500 I ViewInteraction: Performing 'single click' action on view with id is <com.example.dogglers:id/horizontal_btn>
02-05 17:40:49.382  1163  3944 D InputDispatcher: Inject motion (15500): action=0x0, time=307843339000000, f=0x0, d=0
02-05 17:40:49.382  1163  1404 D InputDispatcher: pointer touchable region used!
02-05 17:40:49.382  1163  1404 W InputDispatcher: obscured by Splash Screen
02-05 17:40:49.382  1163  1404 I InputDispatcher: Delivering touch to (1680): action: 0x4, f=0x0, d=0, 'b29f82b', t=0
02-05 17:40:49.382  1163  1404 I InputDispatcher: Delivering touch to (15500): action: 0x0, f=0x1, d=0, 'bc608b3', t=0
02-05 17:40:49.383 15500 15500 I ViewRootImpl@e9ade54[MainActivity]: ViewPostIme pointer 0
02-05 17:40:49.384  1163  2104 I SurfaceControl: nativeRelease nativeObject s[499038029312]
02-05 17:40:49.384  1163  2104 I SurfaceControl: nativeRelease nativeObject e[499038029312]
02-05 17:40:49.384   789   835 I SurfaceFlinger: id=79502 createSurf (0x0),-1 flag=24004, Surface(name=dbf3b45 InputMethod)/@0xf70bba8 - animation-leash#0
02-05 17:40:49.385  3640  3640 I GoogleInputMethodService: GoogleInputMethodService.onFinishInput():3316
02-05 17:40:49.386  3640  3640 I GoogleInputMethodService: GoogleInputMethodService.updateDeviceLockedStatus():2181 checkRepeatedly = false, unlocked = true
02-05 17:40:49.386  3640  3640 D InputMethodService: checkDisplayOfStartInputAndUpdateKeyboard display Id 0last 0
02-05 17:40:49.387  3640  3640 I GoogleInputMethodService: GoogleInputMethodService.onStartInput():1989
02-05 17:40:49.387  3640  3640 I GoogleInputMethodService: GoogleInputMethodService.updateDeviceLockedStatus():2181 checkRepeatedly = true, unlocked = true
02-05 17:40:49.394  1680  1680 D SecStatusBarMobileView: setStaticDrawableColor:
02-05 17:40:49.394   789   835 I Layer   : id=79489 removeFromCurrentState Surface(name=dbf3b45 InputMethod)/@0xf70bba8 - animation-leash#1 (181)
02-05 17:40:49.395  2003  2003 I SurfaceControl: nativeRelease nativeObject s[499014697216]
02-05 17:40:49.395  2003  2003 I SurfaceControl: nativeRelease nativeObject e[499014697216]
02-05 17:40:49.395 15500 15500 D IdlingResourceRegistry: All idling resources are idle.
02-05 17:40:49.396  1163  3944 D SamsungIMMSHWKeyboard: isConnectedDexOnPC false
02-05 17:40:49.396 15500 15500 I SurfaceControl: nativeRelease nativeObject s[499183198880]
02-05 17:40:49.396 15500 15500 I SurfaceControl: nativeRelease nativeObject e[499183198880]
02-05 17:40:49.396 15500 15500 I SurfaceControl: nativeRelease nativeObject s[499183198304]
02-05 17:40:49.396 15500 15500 I SurfaceControl: nativeRelease nativeObject e[499183198304]
02-05 17:40:49.396  1163  3944 D InputMethodManagerService: isImeSwitcherDisabledPackage : false
02-05 17:40:49.396 15500 15500 D IdlingResourceRegistry: All idling resources are idle.
02-05 17:40:49.397   789   789 D SurfaceFlinger: Display 21442653864348033 HWC layers:
02-05 17:40:49.397   789   789 D SurfaceFlinger:      DEVICE | 0x7428c40880 | 0002 | RGBA_8888    |    0.0    0.0 1080.0 2400.0 |    0    0 1080 2400 | com.example.dogglers/com.example.dogglers.MainActivity$_15500#0
02-05 17:40:49.397   789   789 D SurfaceFlinger:      DEVICE | 0x7408190a00 | 0002 | RGBA_8888    |    0.0    0.0 1080.0 2400.0 |    0    0 1080 2400 | Splash Screen com.example.dogglers#0
02-05 17:40:49.397   789   789 D SurfaceFlinger:      DEVICE | 0x7428c3fac0 | 0000 | RGBA_8888    |    0.0    0.0 1080.0   88.0 |    0    0 1080   88 | StatusBar$_1680#0
02-05 17:40:49.397   789   789 D SurfaceFlinger:      DEVICE | 0x7428c3f200 | 0000 | RGBA_8888    |    0.0    0.0 1080.0  144.0 |    0 2256 1080 2400 | NavigationBar0$_1680#0
02-05 17:40:49.397   789   789 D SurfaceFlinger:      DEVICE | 0x7408191180 | 0000 | RGBA_8888    |    0.0    0.0 1080.0  125.0 |    0    0 1080  125 | ScreenDecorOverlay$_1680#0
02-05 17:40:49.397   789   789 D SurfaceFlinger:      DEVICE | 0x7428c3f480 | 0000 | RGBA_8888    |    0.0    0.0 1080.0  112.0 |    0 2288 1080 2400 | ScreenDecorOverlayBottom$_1680#0
02-05 17:40:49.397   789   789 D SurfaceFlinger:
02-05 17:40:49.397   916   916 I keystore: !@ Start - USRPKEY_gmphn_model_key_1000004_1 from uid 10231 for uid 10231, isKnoxKey(0)
02-05 17:40:49.397   916   916 I keystore: !@ reading blob user_0/10231_USRPKEY_gmphn_model_key_1000004_1
02-05 17:40:49.398   532   532 W keymaster_tee: [WRN]begin req PARAMS: A32 B32 P1
02-05 17:40:49.405 15500 15500 D IdlingResourceRegistry: All idling resources are idle.
02-05 17:40:49.405 15500 15500 D IdlingResourceRegistry: All idling resources are idle.
02-05 17:40:49.411  1680  1680 D SecStatusBarMobileView: setStaticDrawableColor:
02-05 17:40:49.412  1163  1240 I SurfaceControl: nativeRelease nativeObject s[496871102400]
02-05 17:40:49.412  1163  1240 I SurfaceControl: nativeRelease nativeObject e[496871102400]
02-05 17:40:49.412 15500 15500 D IdlingResourceRegistry: All idling resources are idle.
02-05 17:40:49.412 15500 15500 D IdlingResourceRegistry: All idling resources are idle.
02-05 17:40:49.413  1163  1240 I SurfaceControl: nativeRelease nativeObject s[496882942112]
02-05 17:40:49.413  1163  1240 I SurfaceControl: nativeRelease nativeObject e[496882942112]
02-05 17:40:49.413   789  2265 I Layer   : id=79494 removeFromCurrentState Splash Screen com.example.dogglers#0 (181)
02-05 17:40:49.413  1163  1240 I SurfaceControl: nativeRelease nativeObject s[499038070976]
02-05 17:40:49.413  1163  1240 I SurfaceControl: nativeRelease nativeObject e[499038070976]
02-05 17:40:49.415  1163  1240 W WindowManager: lockNow pending, ignore updating lockscreen timeout
02-05 17:40:49.416   789  1273 I Layer   : id=79492 removeFromCurrentState 7312641 Splash Screen com.example.dogglers#0 (181)
02-05 17:40:49.416   789  1273 I Layer   : id=79501 removeFromCurrentState Surface(name=7312641 Splash Screen com.example.dogglers)/@0x7c968c3 - animation-leash#0 (181)
02-05 17:40:49.416   789  1273 I SurfaceFlinger: id=79492 Removed 7312641 Splash Screen com.example.dogglers#0 (181)
02-05 17:40:49.417   789  1273 I SurfaceFlinger: id=79501 Removed Surface(name=7312641 Splash Screen com.example.dogglers)/@0x7c968c3 - animation-leash#0 (181)
02-05 17:40:49.417   789  1273 I SurfaceFlinger: id=79494 Removed Splash Screen com.example.dogglers#0 (181)
02-05 17:40:49.417 15500 15500 D IdlingResourceRegistry: All idling resources are idle.
02-05 17:40:49.417 15500 15500 D IdlingResourceRegistry: All idling resources are idle.
02-05 17:40:49.421 15500 15500 D IdlingResourceRegistry: All idling resources are idle.
02-05 17:40:49.421 15500 15500 D IdlingResourceRegistry: All idling resources are idle.
02-05 17:40:49.422 15500 15500 D IdlingResourceRegistry: All idling resources are idle.
02-05 17:40:49.422 15500 15500 D IdlingResourceRegistry: All idling resources are idle.
02-05 17:40:49.423  1163  1234 D InputDispatcher: Inject motion (15500): action=0x1, time=307843380000000, f=0x0, d=0
02-05 17:40:49.423  1163  1404 I InputDispatcher: Delivering touch to (15500): action: 0x1, f=0x1, d=0, 'bc608b3', t=1
02-05 17:40:49.423 15500 15500 I ViewRootImpl@e9ade54[MainActivity]: ViewPostIme pointer 1
02-05 17:40:49.424   916   916 I keystore: !@ Start - USRPKEY_gmphn_model_key_1000004_1 from uid 10231 for uid 10231, isKnoxKey(0)
02-05 17:40:49.425   916   916 I keystore: !@ reading blob user_0/10231_USRPKEY_gmphn_model_key_1000004_1
02-05 17:40:49.425   532   532 W keymaster_tee: [WRN]begin req PARAMS: A32 B32 P1
02-05 17:40:49.427  1163  3944 I SemDvfsHyPerManager: acquire hyper - AMS_ACT_START/1163@20, type = -999
02-05 17:40:49.427   726   817 I HYPER-HAL: [RequestManager.cpp]acquire(): Acquired ID : 700356  [1163 / 20]    HINT : AMS_ACT_START    list :
02-05 17:40:49.428   789   789 I Layer   : id=79501[1] Destroyed Surface(name=7312641 Splash Screen com.example.dogglers)/@0x7c968c3 - animation-leash#0
02-05 17:40:49.428   789   789 I Layer   : id=79492[1] Destroyed 7312641 Splash Screen com.example.dogglers#0
02-05 17:40:49.428  1680  1680 D SecStatusBarMobileView: setStaticDrawableColor:
02-05 17:40:49.428   789  1273 I SurfaceFlinger: id=79503 createSurf (0x0),-1 flag=80004, ActivityRecord{6c78d2e u0 com.example.dogglers/.HorizontalListActivity t12725}#0
02-05 17:40:49.429   789   789 I Layer   : id=79494[1] Destroyed Splash Screen com.example.dogglers#0
02-05 17:40:49.429   726   817 I HYPER-HAL: [ResourceManager.cpp]updateResource(): [CPUMinFreq] UpdateResource Request ID : 700356    Value : 1930195
02-05 17:40:49.430  1163  3944 W WindowManager: lockNow pending, ignore updating lockscreen timeout
02-05 17:40:49.432 15500 15520 W System  : A resource failed to call release.
02-05 17:40:49.432   789   789 D SurfaceFlinger: Display 21442653864348033 HWC layers:
02-05 17:40:49.432   789   789 D SurfaceFlinger:      DEVICE | 0x7428c3f840 | 0002 | RGBA_8888    |    0.0    0.0 1080.0 2400.0 |    0    0 1080 2400 | com.example.dogglers/com.example.dogglers.MainActivity$_15500#0
02-05 17:40:49.432   789   789 D SurfaceFlinger:      DEVICE | 0x7428c3e6c0 | 0000 | RGBA_8888    |    0.0    0.0 1080.0   88.0 |    0    0 1080   88 | StatusBar$_1680#0
02-05 17:40:49.432   789   789 D SurfaceFlinger:      DEVICE | 0x7428c3f200 | 0000 | RGBA_8888    |    0.0    0.0 1080.0  144.0 |    0 2256 1080 2400 | NavigationBar0$_1680#0
02-05 17:40:49.432   789   789 D SurfaceFlinger:      DEVICE | 0x7408191180 | 0000 | RGBA_8888    |    0.0    0.0 1080.0  125.0 |    0    0 1080  125 | ScreenDecorOverlay$_1680#0
02-05 17:40:49.432   789   789 D SurfaceFlinger:      DEVICE | 0x7428c3f480 | 0000 | RGBA_8888    |    0.0    0.0 1080.0  112.0 |    0 2288 1080 2400 | ScreenDecorOverlayBottom$_1680#0
02-05 17:40:49.432   789   789 D SurfaceFlinger:
02-05 17:40:49.432 15500 15520 I SurfaceControl: nativeRelease nativeObject s[499014697312]
02-05 17:40:49.432 15500 15520 I SurfaceControl: nativeRelease nativeObject e[499014697312]
02-05 17:40:49.432 15500 15520 W System  : A resource failed to call release.
02-05 17:40:49.432 15500 15520 I SurfaceControl: nativeRelease nativeObject s[499014697120]
02-05 17:40:49.432 15500 15520 I SurfaceControl: nativeRelease nativeObject e[499014697120]
02-05 17:40:49.436  1163  1240 W WindowManager: lockNow pending, ignore updating lockscreen timeout
02-05 17:40:49.441 15500 15500 D LifecycleMonitor: Lifecycle status change: com.example.dogglers.MainActivity@500efda in: PAUSED
02-05 17:40:49.441 15500 15500 D LifecycleMonitor: running callback: androidx.test.core.app.ActivityScenario$1@f392d93
02-05 17:40:49.441 15500 15500 V ActivityScenario: Update currentActivityStage to PAUSED, currentActivity=com.example.dogglers.MainActivity@500efda
02-05 17:40:49.441 15500 15500 D LifecycleMonitor: callback completes: androidx.test.core.app.ActivityScenario$1@f392d93
02-05 17:40:49.442  1163  3944 V WindowOrientationListener: getProposedRotation: 0
02-05 17:40:49.442  1163  3944 V WindowOrientationListener: getProposedRotation: 0
02-05 17:40:49.443  1163  3944 V WindowOrientationListener: getProposedRotation: 0
02-05 17:40:49.443  1163  3944 D InputDispatcher: Focused application set to (0): 6c78d2e
02-05 17:40:49.445  1680  1680 D SecStatusBarMobileView: setStaticDrawableColor:
02-05 17:40:49.445  1163  3944 W WindowManager: lockNow pending, ignore updating lockscreen timeout
02-05 17:40:49.446 23335  6587 W hirdpartyclien: Suspending all threads took: 9.972ms
02-05 17:40:49.452 15500 15500 D LifecycleMonitor: Lifecycle status change: com.example.dogglers.HorizontalListActivity@cf8b5aa in: PRE_ON_CREATE
02-05 17:40:49.452 15500 15500 D LifecycleMonitor: running callback: androidx.test.core.app.ActivityScenario$1@f392d93
02-05 17:40:49.452 15500 15500 V ActivityScenario: Activity lifecycle changed event received but ignored because the intent does not match. startActivityIntent=Intent { act=android.intent.action.MAIN cat=[android.intent.category.LAUNCHER] cmp=com.example.dogglers/.MainActivity }, activity.getIntent()=Intent { cmp=com.example.dogglers/.HorizontalListActivity }, activity=com.example.dogglers.HorizontalListActivity@cf8b5aa
02-05 17:40:49.452 15500 15500 D LifecycleMonitor: callback completes: androidx.test.core.app.ActivityScenario$1@f392d93
02-05 17:40:49.461  1163  1502 W SemWifiTransportLayerUtils: getApplicationCategory - IOException com.example.dogglers
02-05 17:40:49.462  1163  1502 W System.err: java.io.FileNotFoundException: https://play.google.com/store/apps/details?id=com.example.dogglers&hl=en
02-05 17:40:49.462  1163  1502 W System.err: 	at com.android.okhttp.internal.huc.HttpURLConnectionImpl.getInputStream(HttpURLConnectionImpl.java:255)
02-05 17:40:49.462  1163  1502 W System.err: 	at com.android.okhttp.internal.huc.DelegatingHttpsURLConnection.getInputStream(DelegatingHttpsURLConnection.java:211)
02-05 17:40:49.462  1163  1502 W System.err: 	at com.android.okhttp.internal.huc.HttpsURLConnectionImpl.getInputStream(HttpsURLConnectionImpl.java:30)
02-05 17:40:49.462  1163  1502 W System.err: 	at com.samsung.android.server.wifi.tcp.SemWifiTransportLayerUtils.getApplicationCategory(SemWifiTransportLayerUtils.java:103)
02-05 17:40:49.462  1163  1502 W System.err: 	at com.samsung.android.server.wifi.tcp.SemWifiTransportLayerMonitor$TcpMonitorHandler.handleMessage(SemWifiTransportLayerMonitor.java:242)
02-05 17:40:49.462  1163  1502 W System.err: 	at android.os.Handler.dispatchMessage(Handler.java:106)
02-05 17:40:49.462  1163  1502 W System.err: 	at android.os.Looper.loop(Looper.java:246)
02-05 17:40:49.462  1163  1502 W System.err: 	at android.os.HandlerThread.run(HandlerThread.java:67)
02-05 17:40:49.462  1680  1680 D SecStatusBarMobileView: setStaticDrawableColor:
02-05 17:40:49.462  1163  1502 D SemWifiTransportLayerMonitor.TcpMonitorHandler: MSG_SAVE_PACKAGE_INFO
02-05 17:40:49.462  1163  1502 D SemWifiTransportLayerFileManager: saveWifiPackageInfoToFile
02-05 17:40:49.462  1163  1502 D SemWifiTransportLayerFileManager: writeWifiPackageInfoList
02-05 17:40:49.466  1163  3939 I InputDispatcher: Focus left window (15500): bc608b3 in display 0 0
02-05 17:40:49.472 15500 15500 I DecorView: [INFO] isPopOver=false, config=true
02-05 17:40:49.472 15500 15500 I DecorView: updateCaptionType >> DecorView@b76376f[], isFloating=false, isApplication=true, hasWindowDecorCaption=false, hasWindowControllerCallback=true
02-05 17:40:49.472 15500 15500 D DecorView: setCaptionType = 0, this = DecorView@b76376f[]
02-05 17:40:49.483 15500 15500 D LifecycleMonitor: Lifecycle status change: com.example.dogglers.HorizontalListActivity@cf8b5aa in: CREATED
02-05 17:40:49.483 15500 15500 D LifecycleMonitor: running callback: androidx.test.core.app.ActivityScenario$1@f392d93
02-05 17:40:49.483 15500 15500 V ActivityScenario: Activity lifecycle changed event received but ignored because the intent does not match. startActivityIntent=Intent { act=android.intent.action.MAIN cat=[android.intent.category.LAUNCHER] cmp=com.example.dogglers/.MainActivity }, activity.getIntent()=Intent { cmp=com.example.dogglers/.HorizontalListActivity }, activity=com.example.dogglers.HorizontalListActivity@cf8b5aa
02-05 17:40:49.483 15500 15500 D LifecycleMonitor: callback completes: androidx.test.core.app.ActivityScenario$1@f392d93
02-05 17:40:49.484 15500 15500 D LifecycleMonitor: Lifecycle status change: com.example.dogglers.HorizontalListActivity@cf8b5aa in: STARTED
02-05 17:40:49.484 15500 15500 D LifecycleMonitor: running callback: androidx.test.core.app.ActivityScenario$1@f392d93
02-05 17:40:49.485 15500 15500 V ActivityScenario: Activity lifecycle changed event received but ignored because the intent does not match. startActivityIntent=Intent { act=android.intent.action.MAIN cat=[android.intent.category.LAUNCHER] cmp=com.example.dogglers/.MainActivity }, activity.getIntent()=Intent { cmp=com.example.dogglers/.HorizontalListActivity }, activity=com.example.dogglers.HorizontalListActivity@cf8b5aa
02-05 17:40:49.485 15500 15500 D LifecycleMonitor: callback completes: androidx.test.core.app.ActivityScenario$1@f392d93
02-05 17:40:49.485 15500 15500 D LifecycleMonitor: Lifecycle status change: com.example.dogglers.HorizontalListActivity@cf8b5aa in: RESUMED
02-05 17:40:49.485 15500 15500 D LifecycleMonitor: running callback: androidx.test.core.app.ActivityScenario$1@f392d93
02-05 17:40:49.485 15500 15500 V ActivityScenario: Activity lifecycle changed event received but ignored because the intent does not match. startActivityIntent=Intent { act=android.intent.action.MAIN cat=[android.intent.category.LAUNCHER] cmp=com.example.dogglers/.MainActivity }, activity.getIntent()=Intent { cmp=com.example.dogglers/.HorizontalListActivity }, activity=com.example.dogglers.HorizontalListActivity@cf8b5aa
02-05 17:40:49.485 15500 15500 D LifecycleMonitor: callback completes: androidx.test.core.app.ActivityScenario$1@f392d93
02-05 17:40:49.488  1163  3939 D InputTransport: Input channel constructed: '3881406', fd=888
02-05 17:40:49.488  1163  3939 D InputTransport: Input channel constructed: '3881406', fd=916
02-05 17:40:49.488   789   835 I SurfaceFlinger: id=79504 createSurf (0x0),-1 flag=80004, 3881406 com.example.dogglers/com.example.dogglers.HorizontalListActivity#0
02-05 17:40:49.488  1163  3939 D WindowManager: isScreenshotDisabledLocked - win: Window{3881406 u0 com.example.dogglers/com.example.dogglers.HorizontalListActivity}
02-05 17:40:49.488  1163  3939 D WindowManager: isScreenshotDisabledLocked: userId = 0, disabled =false
02-05 17:40:49.488  1163  3939 D InputTransport: Input channel destroyed: '3881406', fd=916
02-05 17:40:49.489 15500 15500 D InputTransport: Input channel constructed: '3881406', fd=99
02-05 17:40:49.490 15500 15500 I ViewRootImpl@4e1cd75[HorizontalListActivity]: setView = com.android.internal.policy.DecorView@b76376f TM=true
02-05 17:40:49.491   726 15624 I HYPER-HAL: [ResourceManager.cpp]removeResource(): [CPUMinFreq] RemoveResource Request ID : 718236
02-05 17:40:49.491   726 15624 I HYPER-HAL: [RequestManager.cpp]releaseLocked(): Released ID : 718236
02-05 17:40:49.496  1163  3938 V WindowManager: Relayout Window{3881406 u0 com.example.dogglers/com.example.dogglers.HorizontalListActivity}: viewVisibility=0 req=1080x2400
02-05 17:40:49.496  1163  3938 W WindowManager: lockNow pending, ignore updating lockscreen timeout
02-05 17:40:49.497  1163  3938 D WindowManager: isScreenshotDisabledLocked - win: Window{3881406 u0 com.example.dogglers/com.example.dogglers.HorizontalListActivity}
02-05 17:40:49.497  1163  3938 D WindowManager: isScreenshotDisabledLocked: userId = 0, disabled =false
02-05 17:40:49.497   789   834 I SurfaceFlinger: id=79505 createSurf (1080x2400),1 flag=404, com.example.dogglers/com.example.dogglers.HorizontalListActivity$_15500#0
02-05 17:40:49.498  1163  3938 I SurfaceControl: nativeRelease nativeObject s[496871094912]
02-05 17:40:49.498  1163  3938 I SurfaceControl: nativeRelease nativeObject e[496871094912]
02-05 17:40:49.498   789   835 I SurfaceFlinger: id=79506 createSurf (0x0),-1 flag=24000, Surface(name=8c655e2 StatusBar)/@0x44a9b07 - animation-leash#1
02-05 17:40:49.499  1163  3938 I SurfaceControl: nativeRelease nativeObject s[496871095008]
02-05 17:40:49.499  1163  3938 I SurfaceControl: nativeRelease nativeObject e[496871095008]
02-05 17:40:49.499   789  2265 I SurfaceFlinger: id=79507 createSurf (0x0),-1 flag=24000, Surface(name=b29f82b NavigationBar0)/@0x8634759 - animation-leash#0
02-05 17:40:49.499  1163  3938 V WindowManager: Relayout hash=3881406, pid=15500: mAttrs={(0,0)(fillxfill) sim={adjust=resize forwardNavigation} ty=BASE_APPLICATION wanim=0x1030304
02-05 17:40:49.499  1163  3938 V WindowManager:   fl=81810100
02-05 17:40:49.499  1163  3938 V WindowManager:   pfl=12020000
02-05 17:40:49.499  1163  3938 V WindowManager:   fitSides= naviIconColor=0}
02-05 17:40:49.499  1163  3938 I SurfaceControl: nativeRelease nativeObject s[496871092704]
02-05 17:40:49.499  1163  3938 I SurfaceControl: nativeRelease nativeObject e[496871092704]
02-05 17:40:49.500 15500 15500 I SurfaceControl: assignNativeObject: nativeObject = 0 Surface(name=null)/@0xe3c510a / android.view.SurfaceControl.readFromParcel:1117 android.view.IWindowSession$Stub$Proxy.relayout:1820 android.view.ViewRootImpl.relayoutWindow:9005 android.view.ViewRootImpl.performTraversals:3360 android.view.ViewRootImpl.doTraversal:2618 android.view.ViewRootImpl$TraversalRunnable.run:9971 android.view.Choreographer$CallbackRecord.run:1010 android.view.Choreographer.doCallbacks:809 android.view.Choreographer.doFrame:744 android.view.Choreographer$FrameDisplayEventReceiver.run:995
02-05 17:40:49.501 15500 15500 I ViewRootImpl@4e1cd75[HorizontalListActivity]: Relayout returned: old=(0,0,1080,2400) new=(0,0,1080,2400) req=(1080,2400)0 dur=5 res=0x7 s={true 499017125888} ch=true fn=-1
02-05 17:40:49.502 15500 15565 I mali_winsys: new_window_surface() [1080x2400] return: 0x3000
02-05 17:40:49.502   716   953 D gralloc : [mali_gralloc_allocate] begin
02-05 17:40:49.502   716   953 D gralloc : buffer_descriptor: wh(1080 2400) usage_pc(0x40000000000b00 0x40000000000b00) hal_format(0x1) layer_count(1) sizes(0 0 0) strde(0) byte_stride(0) alloc_wh(0 0) internal_format(0x0) alloc_format(0x0) fd_count(1) plane_count(0)
02-05 17:40:49.503   716   953 D gralloc : [mali_gralloc_allocate] allocation successful
02-05 17:40:49.503   716   953 D gralloc : [mali_gralloc_allocate] begin
02-05 17:40:49.503   716   953 D gralloc : buffer_descriptor: wh(1080 2400) usage_pc(0x40000000000b00 0x40000000000b00) hal_format(0x1) layer_count(1) sizes(0 0 0) strde(0) byte_stride(0) alloc_wh(0 0) internal_format(0x0) alloc_format(0x0) fd_count(1) plane_count(0)
02-05 17:40:49.504 15500 15500 I ViewRootImpl@4e1cd75[HorizontalListActivity]: [DP] dp(1) 1 android.view.ViewRootImpl.reportNextDraw:10957 android.view.ViewRootImpl.performTraversals:3845 android.view.ViewRootImpl.doTraversal:2618
02-05 17:40:49.504 15500 15500 I ViewRootImpl@4e1cd75[HorizontalListActivity]: [DP] pd() Asnyc report
02-05 17:40:49.504   716   953 D gralloc : [mali_gralloc_allocate] allocation successful
02-05 17:40:49.505   716   953 D gralloc : [mali_gralloc_allocate] begin
02-05 17:40:49.505   716   953 D gralloc : buffer_descriptor: wh(1080 2400) usage_pc(0x40000000000b00 0x40000000000b00) hal_format(0x1) layer_count(1) sizes(0 0 0) strde(0) byte_stride(0) alloc_wh(0 0) internal_format(0x0) alloc_format(0x0) fd_count(1) plane_count(0)
02-05 17:40:49.506   716   953 D gralloc : [mali_gralloc_allocate] allocation successful
02-05 17:40:49.514 15500 15500 I ViewRootImpl@4e1cd75[HorizontalListActivity]: [DP] pdf(0) 1 android.view.ViewRootImpl.lambda$performDraw$1$ViewRootImpl:4668 android.view.-$$Lambda$ViewRootImpl$DJd0VUYJgsebcnSohO6h8zc_ONI.run:6 android.os.Handler.handleCallback:938
02-05 17:40:49.514 15500 15500 I ViewRootImpl@4e1cd75[HorizontalListActivity]: [DP] rdf()
02-05 17:40:49.514   789  1273 I Layer   : id=79499 removeFromCurrentState Surface(name=8c655e2 StatusBar)/@0x44a9b07 - animation-leash#0 (183)
02-05 17:40:49.514   789  1273 I Layer   : id=79500 removeFromCurrentState Surface(name=b29f82b NavigationBar0)/@0x8634759 - animation-leash#1 (183)
02-05 17:40:49.516 15500 15500 I ViewRootImpl@e9ade54[MainActivity]: MSG_WINDOW_FOCUS_CHANGED 0 1
02-05 17:40:49.516   916   916 I keystore: !@ reading blob user_0/10231_USRPKEY_gmphn_model_key_1000008_1
02-05 17:40:49.516  1163  1240 W WindowManager: lockNow pending, ignore updating lockscreen timeout
02-05 17:40:49.518   789   835 I SurfaceFlinger: id=79508 createSurf (0x0),-1 flag=24000, Surface(name=ActivityRecord{103fc72 u0 com.example.dogglers/.MainActivity t12725})/@0xa1720cd - animation-leash#0
02-05 17:40:49.519   789   835 I SurfaceFlinger: id=79509 createSurf (0x0),-1 flag=20004, Dim Layer for - Task=12725 - animating-dim#0
02-05 17:40:49.519   789  1273 I SurfaceFlinger: id=79510 createSurf (0x0),-1 flag=24000, Surface(name=Dim Layer for - Task=12725 - animating-dim)/@0x809b3b7 - animation-leash#0
02-05 17:40:49.519   789   835 I SurfaceFlinger: id=79511 createSurf (0x0),-1 flag=80004, Surface(name=ActivityRecord{103fc72 u0 com.example.dogglers/.MainActivity t12725})/@0xa1720cd - animation-bounds#0
02-05 17:40:49.520   789   835 I SurfaceFlinger: id=79512 createSurf (0x0),-1 flag=24004, Surface(name=ActivityRecord{6c78d2e u0 com.example.dogglers/.HorizontalListActivity t12725})/@0x7e562af - animation-leash#0
02-05 17:40:49.522   789   835 I SurfaceFlinger: id=79513 createSurf (0x0),-1 flag=80004, Surface(name=ActivityRecord{6c78d2e u0 com.example.dogglers/.HorizontalListActivity t12725})/@0x7e562af - animation-bounds#0
02-05 17:40:49.522   916   916 I keystore: !@ Start - USRPKEY_gmphn_model_key_1000008_1 from uid 10231 for uid 10231, isKnoxKey(0)
02-05 17:40:49.522   916   916 I keystore: !@ reading blob user_0/10231_USRPKEY_gmphn_model_key_1000008_1
02-05 17:40:49.523   532   532 W keymaster_tee: [WRN]begin req PARAMS: A32 B32 P1
02-05 17:40:49.523 15500 15500 I SurfaceControl: nativeRelease nativeObject s[499183202336]
02-05 17:40:49.523 15500 15500 I SurfaceControl: nativeRelease nativeObject e[499183202336]
02-05 17:40:49.524 15500 15500 I SurfaceControl: nativeRelease nativeObject s[499183202240]
02-05 17:40:49.524 15500 15500 I SurfaceControl: nativeRelease nativeObject e[499183202240]
02-05 17:40:49.524 15500 15500 I SurfaceControl: nativeRelease nativeObject s[499183199360]
02-05 17:40:49.524 15500 15500 I SurfaceControl: nativeRelease nativeObject e[499183199360]
02-05 17:40:49.524   789  1273 I SurfaceFlinger: id=79500 Removed Surface(name=b29f82b NavigationBar0)/@0x8634759 - animation-leash#1 (189)
02-05 17:40:49.524   789  1273 I SurfaceFlinger: id=79499 Removed Surface(name=8c655e2 StatusBar)/@0x44a9b07 - animation-leash#0 (189)
02-05 17:40:49.524  1163  1240 D PkgPredictorService: pkg:com.example.dogglers activity:com.example.dogglers.HorizontalListActivity thisTime:97
02-05 17:40:49.524 15500 15500 D IdlingResourceRegistry: All idling resources are idle.
02-05 17:40:49.525 15500 15500 D IdlingResourceRegistry: All idling resources are idle.
02-05 17:40:49.525  1163  1244 I ActivityTaskManager: Displayed com.example.dogglers/.HorizontalListActivity: +97ms
02-05 17:40:49.525  1163  1240 W WindowManager: lockNow pending, ignore updating lockscreen timeout
02-05 17:40:49.525  2669  2669 E pageboostd: Received HALT command code 2
02-05 17:40:49.526  1163  2104 I SemDvfsHyPerManager: acquire hyper - AMS_RESUME_TAIL/1163@22, type = -999
02-05 17:40:49.526  1163  2104 I SemDvfsHyPerManager: acquire hyper - AMS_ACT_LAZY/1163@23, type = -999
02-05 17:40:49.526   726   817 I HYPER-HAL: [RequestManager.cpp]acquire(): Acquired ID : 702727  [1163 / 22]    HINT : AMS_RESUME_TAIL    list :
02-05 17:40:49.526   726   817 I HYPER-HAL: [ResourceManager.cpp]updateResource(): [CPUMinFreq] UpdateResource Request ID : 702727    Value : 1844882
02-05 17:40:49.526   726   817 I HYPER-HAL: [RequestManager.cpp]acquire(): Acquired ID : 703914  [1163 / 23]    HINT :      list :
02-05 17:40:49.527   726   817 E HYPER-HAL: [Request.cpp]acquire(): Request:: id : 703914, No Resource to set
02-05 17:40:49.527   726   817 I HYPER-HAL: [ResourceManager.cpp]removeResource(): [CPUMinFreq] RemoveResource Request ID : 700356
02-05 17:40:49.527   726   817 I HYPER-HAL: [RequestManager.cpp]releaseLocked(): Released ID : 700356
02-05 17:40:49.529   789   789 I Layer   : id=79499[1] Destroyed Surface(name=8c655e2 StatusBar)/@0x44a9b07 - animation-leash#0
02-05 17:40:49.529   789   789 I Layer   : id=79500[1] Destroyed Surface(name=b29f82b NavigationBar0)/@0x8634759 - animation-leash#1
02-05 17:40:49.530  1163  3944 I InputDispatcher: Focus entered window (15500): 3881406 in display 0 0
02-05 17:40:49.531 15500 15500 I ViewRootImpl@4e1cd75[HorizontalListActivity]: MSG_WINDOW_FOCUS_CHANGED 1 1
02-05 17:40:49.531 15500 15500 D InputMethodManager: prepareNavigationBarInfo() DecorView@b76376f[HorizontalListActivity]
02-05 17:40:49.531 15500 15500 D InputMethodManager: getNavigationBarColor() -16711423
02-05 17:40:49.531 15500 15500 D InputMethodManager: prepareNavigationBarInfo() DecorView@b76376f[HorizontalListActivity]
02-05 17:40:49.531 15500 15500 D InputMethodManager: getNavigationBarColor() -16711423
02-05 17:40:49.531 15500 15500 V InputMethodManager: Starting input: tba=com.example.dogglers ic=null mNaviBarColor -16711423 mIsGetNaviBarColorSuccess true , NavVisible : true , NavTrans : false
02-05 17:40:49.531 15500 15500 D InputMethodManager: startInputInner - Id : 0
02-05 17:40:49.531 15500 15500 I InputMethodManager: startInputInner - mService.startInputOrWindowGainedFocus
02-05 17:40:49.532  1163  1240 W WindowManager: lockNow pending, ignore updating lockscreen timeout
02-05 17:40:49.532  1163  3944 D InputMethodManagerService: mSecureKeypadEnabled = false
02-05 17:40:49.533  1163  3944 V InputMethodManagerService: hideCurrentInputLocked : shouldHideSoftInput is false
02-05 17:40:49.533  1163  3944 D InputMethodManagerService: DESKTOP MODE! : 2
02-05 17:40:49.533  1163  3944 D InputMethodManagerService: NOT IN KNOX DESKTOP MODE!
02-05 17:40:49.533  1163  3944 V InputMethodManagerService: getDisplayIdOfInputMethodWindowToBeAdded : 0
02-05 17:40:49.533  1163  3944 D InputMethodManagerService: checkDisplayOfStartInputAndUpdateKeyboard display Id 0last 0
02-05 17:40:49.533  1163  3944 D InputTransport: Input channel constructed: 'ClientS', fd=916
02-05 17:40:49.533  1163  3944 D InputTransport: Input channel destroyed: 'ClientS', fd=916
02-05 17:40:49.533 15500 15500 D InputTransport: Input channel constructed: 'ClientS', fd=109
02-05 17:40:49.534 15500 15500 D InputTransport: Input channel destroyed: 'ClientS', fd=95
02-05 17:40:49.534  1163  3944 I SurfaceControl: nativeRelease nativeObject s[496884992224]
02-05 17:40:49.534  1163  3944 I SurfaceControl: nativeRelease nativeObject e[496884992224]
02-05 17:40:49.534   789   835 I SurfaceFlinger: id=79514 createSurf (0x0),-1 flag=24004, Surface(name=dbf3b45 InputMethod)/@0xf70bba8 - animation-leash#1
02-05 17:40:49.535  3640  3640 I GoogleInputMethodService: GoogleInputMethodService.onFinishInput():3316
02-05 17:40:49.543  3640  3640 I GoogleInputMethodService: GoogleInputMethodService.updateDeviceLockedStatus():2181 checkRepeatedly = false, unlocked = true
02-05 17:40:49.543  3640  3640 D InputMethodService: checkDisplayOfStartInputAndUpdateKeyboard display Id 0last 0
02-05 17:40:49.543  3640  3640 I GoogleInputMethodService: GoogleInputMethodService.onStartInput():1989
02-05 17:40:49.543  3640  3640 I GoogleInputMethodService: GoogleInputMethodService.updateDeviceLockedStatus():2181 checkRepeatedly = true, unlocked = true
02-05 17:40:49.546   789   835 I Layer   : id=79502 removeFromCurrentState Surface(name=dbf3b45 InputMethod)/@0xf70bba8 - animation-leash#0 (188)
02-05 17:40:49.547 15500 15500 I SurfaceControl: nativeRelease nativeObject s[499014694336]
02-05 17:40:49.547 15500 15500 I SurfaceControl: nativeRelease nativeObject e[499014694336]
02-05 17:40:49.547   789   835 I SurfaceFlinger: id=79502 Removed Surface(name=dbf3b45 InputMethod)/@0xf70bba8 - animation-leash#0 (188)
02-05 17:40:49.548  1163  3944 D SamsungIMMSHWKeyboard: isConnectedDexOnPC false
02-05 17:40:49.548 15500 15500 I SurfaceControl: nativeRelease nativeObject s[499183202528]
02-05 17:40:49.548 15500 15500 I SurfaceControl: nativeRelease nativeObject e[499183202528]
02-05 17:40:49.548  1163  3944 D InputMethodManagerService: isImeSwitcherDisabledPackage : false
02-05 17:40:49.548 15500 15500 I SurfaceControl: nativeRelease nativeObject s[499183202432]
02-05 17:40:49.548 15500 15500 I SurfaceControl: nativeRelease nativeObject e[499183202432]
02-05 17:40:49.550   789   789 D SurfaceFlinger: Display 21442653864348033 HWC layers:
02-05 17:40:49.550   789   789 D SurfaceFlinger:      DEVICE | 0x7428c40880 | 0002 | RGBA_8888    |    0.0    4.0 1080.0 2400.0 |    0    0 1080 2396 | com.example.dogglers/com.example.dogglers.MainActivity$_15500#0
02-05 17:40:49.550   789   789 D SurfaceFlinger:      DEVICE | 0x74084ff340 | 0002 | RGBA_8888    |    0.0    0.0 1080.0 1973.0 |    0  427 1080 2400 | com.example.dogglers/com.example.dogglers.HorizontalListActivity$_15500#0
02-05 17:40:49.550   789   789 D SurfaceFlinger:      DEVICE | 0x7428c3e6c0 | 0000 | RGBA_8888    |    0.0    0.0 1080.0   88.0 |    0    0 1080   88 | StatusBar$_1680#0
02-05 17:40:49.550   789   789 D SurfaceFlinger:      DEVICE | 0x7428c3f200 | 0000 | RGBA_8888    |    0.0    0.0 1080.0  144.0 |    0 2256 1080 2400 | NavigationBar0$_1680#0
02-05 17:40:49.550   789   789 D SurfaceFlinger:      DEVICE | 0x7408191180 | 0000 | RGBA_8888    |    0.0    0.0 1080.0  125.0 |    0    0 1080  125 | ScreenDecorOverlay$_1680#0
02-05 17:40:49.550   789   789 D SurfaceFlinger:      DEVICE | 0x7428c3f480 | 0000 | RGBA_8888    |    0.0    0.0 1080.0  112.0 |    0 2288 1080 2400 | ScreenDecorOverlayBottom$_1680#0
02-05 17:40:49.550   789   789 D SurfaceFlinger:
02-05 17:40:49.551   916   916 I keystore: !@ Start - USRPKEY_gmphn_model_key_1000008_1 from uid 10231 for uid 10231, isKnoxKey(0)
02-05 17:40:49.551   916   916 I keystore: !@ reading blob user_0/10231_USRPKEY_gmphn_model_key_1000008_1
02-05 17:40:49.552   532   532 W keymaster_tee: [WRN]begin req PARAMS: A32 B32 P1
02-05 17:40:49.563   789   789 I Layer   : id=79502[1] Destroyed Surface(name=dbf3b45 InputMethod)/@0xf70bba8 - animation-leash#0
02-05 17:40:49.566   789   789 D SurfaceFlinger: Display 21442653864348033 HWC layers:
02-05 17:40:49.566   789   789 D SurfaceFlinger:      DEVICE | 0x7428c40740 | 0002 | RGBA_8888    |    0.0   13.0 1080.0 2400.0 |    0    0 1080 2387 | com.example.dogglers/com.example.dogglers.MainActivity$_15500#0
02-05 17:40:49.566   789   789 D SurfaceFlinger:  SOLID_COLOR |              | 0000 |  Unknown  |    0.0    0.0    0.0    0.0 |    0    0 1080 2400 | Dim Layer for - Task=12725 - animating-dim#0
02-05 17:40:49.566   789   789 D SurfaceFlinger:      DEVICE | 0x74084ff340 | 0002 | RGBA_8888    |    0.0    0.0 1080.0 2030.0 |    0  370 1080 2400 | com.example.dogglers/com.example.dogglers.HorizontalListActivity$_15500#0
02-05 17:40:49.566   789   789 D SurfaceFlinger:      DEVICE | 0x7428c3e6c0 | 0000 | RGBA_8888    |    0.0    0.0 1080.0   88.0 |    0    0 1080   88 | StatusBar$_1680#0
02-05 17:40:49.566   789   789 D SurfaceFlinger:      DEVICE | 0x7428c3f200 | 0000 | RGBA_8888    |    0.0    0.0 1080.0  144.0 |    0 2256 1080 2400 | NavigationBar0$_1680#0
02-05 17:40:49.566   789   789 D SurfaceFlinger:      DEVICE | 0x7408191180 | 0000 | RGBA_8888    |    0.0    0.0 1080.0  125.0 |    0    0 1080  125 | ScreenDecorOverlay$_1680#0
02-05 17:40:49.566   789   789 D SurfaceFlinger:      DEVICE | 0x7428c3f480 | 0000 | RGBA_8888    |    0.0    0.0 1080.0  112.0 |    0 2288 1080 2400 | ScreenDecorOver
02-05 17:40:49.566   789   789 D SurfaceFlinger: layBottom$_1680#0
02-05 17:40:49.566   789   789 D SurfaceFlinger:
02-05 17:40:49.575   916   916 I keystore: !@ Start - USRPKEY_gmphn_model_key_1000008_1 from uid 10231 for uid 10231, isKnoxKey(0)
02-05 17:40:49.575   916   916 I keystore: !@ reading blob user_0/10231_USRPKEY_gmphn_model_key_1000008_1
02-05 17:40:49.575   532   532 W keymaster_tee: [WRN]begin req PARAMS: A32 B32 P1
02-05 17:40:49.627   916   916 I keystore: !@ reading blob user_0/10231_USRPKEY_gmphn_model_key_1000006_1
02-05 17:40:49.640 15074 15098 I android.vendin: WaitForGcToComplete blocked ProfileSaver on ClassLinker for 581.126ms
02-05 17:40:49.641   916   916 I keystore: !@ Start - USRPKEY_gmphn_model_key_1000006_1 from uid 10231 for uid 10231, isKnoxKey(0)
02-05 17:40:49.641   916   916 I keystore: !@ reading blob user_0/10231_USRPKEY_gmphn_model_key_1000006_1
02-05 17:40:49.642   532   532 W keymaster_tee: [WRN]begin req PARAMS: A32 B32 P1
02-05 17:40:49.646   916   916 I keystore: !@ Start - USRPKEY_gmphn_model_key_1000006_1 from uid 10231 for uid 10231, isKnoxKey(0)
02-05 17:40:49.646   916   916 I keystore: !@ reading blob user_0/10231_USRPKEY_gmphn_model_key_1000006_1
02-05 17:40:49.647   532   532 W keymaster_tee: [WRN]begin req PARAMS: A32 B32 P1
02-05 17:40:49.653   916   916 I keystore: !@ Start - USRPKEY_gmphn_model_key_1000006_1 from uid 10231 for uid 10231, isKnoxKey(0)
02-05 17:40:49.653   916   916 I keystore: !@ reading blob user_0/10231_USRPKEY_gmphn_model_key_1000006_1
02-05 17:40:49.653   532   532 W keymaster_tee: [WRN]begin req PARAMS: A32 B32 P1
02-05 17:40:49.663   916   916 I keystore: !@ reading blob user_0/10231_USRPKEY_gmphn_model_key_1000007_1
02-05 17:40:49.668   916   916 I keystore: !@ Start - USRPKEY_gmphn_model_key_1000007_1 from uid 10231 for uid 10231, isKnoxKey(0)
02-05 17:40:49.668   916   916 I keystore: !@ reading blob user_0/10231_USRPKEY_gmphn_model_key_1000007_1
02-05 17:40:49.669   532   532 W keymaster_tee: [WRN]begin req PARAMS: A32 B32 P1
02-05 17:40:49.672 15074 15086 I android.vendin: WaitForGcToComplete blocked RunEmptyCheckpoint on ProfileSaver for 30.558ms
02-05 17:40:49.675 15500 15500 D IdlingResourceRegistry: All idling resources are idle.
02-05 17:40:49.675 15500 15500 D IdlingResourceRegistry: All idling resources are idle.
02-05 17:40:49.675   916   916 I keystore: !@ Start - USRPKEY_gmphn_model_key_1000007_1 from uid 10231 for uid 10231, isKnoxKey(0)
02-05 17:40:49.675   916   916 I keystore: !@ reading blob user_0/10231_USRPKEY_gmphn_model_key_1000007_1
02-05 17:40:49.675   532   532 W keymaster_tee: [WRN]begin req PARAMS: A32 B32 P1
02-05 17:40:49.681   916   916 I keystore: !@ Start - USRPKEY_gmphn_model_key_1000007_1 from uid 10231 for uid 10231, isKnoxKey(0)
02-05 17:40:49.681   916   916 I keystore: !@ reading blob user_0/10231_USRPKEY_gmphn_model_key_1000007_1
02-05 17:40:49.681   532   532 W keymaster_tee: [WRN]begin req PARAMS: A32 B32 P1
02-05 17:40:49.696   916   916 I keystore: !@ reading blob user_0/10231_USRPKEY_gmphn_model_key_1000009_1
02-05 17:40:49.700   916   916 I keystore: !@ Start - USRPKEY_gmphn_model_key_1000009_1 from uid 10231 for uid 10231, isKnoxKey(0)
02-05 17:40:49.701   916   916 I keystore: !@ reading blob user_0/10231_USRPKEY_gmphn_model_key_1000009_1
02-05 17:40:49.702   532   532 W keymaster_tee: [WRN]begin req PARAMS: A32 B32 P1
02-05 17:40:49.706   916   916 I keystore: !@ Start - USRPKEY_gmphn_model_key_1000009_1 from uid 10231 for uid 10231, isKnoxKey(0)
02-05 17:40:49.706   916   916 I keystore: !@ reading blob user_0/10231_USRPKEY_gmphn_model_key_1000009_1
02-05 17:40:49.706   532   532 W keymaster_tee: [WRN]begin req PARAMS: A32 B32 P1
02-05 17:40:49.711   916   916 I keystore: !@ Start - USRPKEY_gmphn_model_key_1000009_1 from uid 10231 for uid 10231, isKnoxKey(0)
02-05 17:40:49.711   916   916 I keystore: !@ reading blob user_0/10231_USRPKEY_gmphn_model_key_1000009_1
02-05 17:40:49.711   532   532 W keymaster_tee: [WRN]begin req PARAMS: A32 B32 P1
02-05 17:40:49.724   916   916 I keystore: !@ reading blob user_0/10231_USRPKEY_gmphn_model_key_1000010_1
02-05 17:40:49.728   916   916 I keystore: !@ Start - USRPKEY_gmphn_model_key_1000010_1 from uid 10231 for uid 10231, isKnoxKey(0)
02-05 17:40:49.728   916   916 I keystore: !@ reading blob user_0/10231_USRPKEY_gmphn_model_key_1000010_1
02-05 17:40:49.729   532   532 W keymaster_tee: [WRN]begin req PARAMS: A32 B32 P1
02-05 17:40:49.735   916   916 I keystore: !@ Start - USRPKEY_gmphn_model_key_1000010_1 from uid 10231 for uid 10231, isKnoxKey(0)
02-05 17:40:49.735   916   916 I keystore: !@ reading blob user_0/10231_USRPKEY_gmphn_model_key_1000010_1
02-05 17:40:49.735   532   532 W keymaster_tee: [WRN]begin req PARAMS: A32 B32 P1
02-05 17:40:49.740 15500 15500 D IdlingResourceRegistry: All idling resources are idle.
02-05 17:40:49.740 15500 15500 D IdlingResourceRegistry: All idling resources are idle.
02-05 17:40:49.740 15500 15500 D IdlingResourceRegistry: All idling resources are idle.
02-05 17:40:49.740 15500 15500 D IdlingResourceRegistry: All idling resources are idle.
02-05 17:40:49.741   916   916 I keystore: !@ Start - USRPKEY_gmphn_model_key_1000010_1 from uid 10231 for uid 10231, isKnoxKey(0)
02-05 17:40:49.741   916   916 I keystore: !@ reading blob user_0/10231_USRPKEY_gmphn_model_key_1000010_1
02-05 17:40:49.741   532   532 W keymaster_tee: [WRN]begin req PARAMS: A32 B32 P1
02-05 17:40:49.741 15500 15500 I ViewInteraction: Checking 'MatchesViewAssertion{viewMatcher=is displayed on the screen to the user}' assertion on view with id is <com.example.dogglers:id/horizontal_recycler_view>
02-05 17:40:49.747  1163  3939 I SemDvfsHyPerManager: acquire hyper - AMS_ACT_START/1163@20, type = -999
02-05 17:40:49.747   726   817 I HYPER-HAL: [RequestManager.cpp]acquire(): Acquired ID : 700356  [1163 / 20]    HINT : AMS_ACT_START    list :
02-05 17:40:49.748   726   817 I HYPER-HAL: [ResourceManager.cpp]updateResource(): [CPUMinFreq] UpdateResource Request ID : 700356    Value : 1930195
02-05 17:40:49.748   789  1273 I SurfaceFlinger: id=79515 createSurf (0x0),-1 flag=80004, ActivityRecord{246754a u0 com.example.dogglers/androidx.test.core.app.InstrumentationActivityInvoker$EmptyActivity t12725}#0
02-05 17:40:49.751  1163  3939 W WindowManager: lockNow pending, ignore updating lockscreen timeout
02-05 17:40:49.753 15500 15500 D LifecycleMonitor: Lifecycle status change: com.example.dogglers.HorizontalListActivity@cf8b5aa in: PAUSED
02-05 17:40:49.753 15500 15500 D LifecycleMonitor: running callback: androidx.test.core.app.ActivityScenario$1@f392d93
02-05 17:40:49.753 15500 15500 V ActivityScenario: Activity lifecycle changed event received but ignored because the intent does not match. startActivityIntent=Intent { act=android.intent.action.MAIN cat=[android.intent.category.LAUNCHER] cmp=com.example.dogglers/.MainActivity }, activity.getIntent()=Intent { cmp=com.example.dogglers/.HorizontalListActivity }, activity=com.example.dogglers.HorizontalListActivity@cf8b5aa
02-05 17:40:49.753 15500 15500 D LifecycleMonitor: callback completes: androidx.test.core.app.ActivityScenario$1@f392d93
02-05 17:40:49.755  1163  3944 V WindowOrientationListener: getProposedRotation: 0
02-05 17:40:49.755  1163  3944 V WindowOrientationListener: getProposedRotation: 0
02-05 17:40:49.756  1163  3944 V WindowOrientationListener: getProposedRotation: 0
02-05 17:40:49.756  1163  3944 D InputDispatcher: Focused application set to (0): 246754a
02-05 17:40:49.758  1163  3944 W WindowManager: lockNow pending, ignore updating lockscreen timeout
02-05 17:40:49.762 15500 15500 D LifecycleMonitor: Lifecycle status change: androidx.test.core.app.InstrumentationActivityInvoker$EmptyActivity@7fb81b0 in: PRE_ON_CREATE
02-05 17:40:49.762 15500 15500 D LifecycleMonitor: running callback: androidx.test.core.app.ActivityScenario$1@f392d93
02-05 17:40:49.762 15500 15500 V ActivityScenario: Activity lifecycle changed event received but ignored because the intent does not match. startActivityIntent=Intent { act=android.intent.action.MAIN cat=[android.intent.category.LAUNCHER] cmp=com.example.dogglers/.MainActivity }, activity.getIntent()=Intent { act=android.intent.action.MAIN cat=[android.intent.category.LAUNCHER] flg=0x10000000 cmp=com.example.dogglers/androidx.test.core.app.InstrumentationActivityInvoker$EmptyActivity }, activity=androidx.test.core.app.InstrumentationActivityInvoker$EmptyActivity@7fb81b0
02-05 17:40:49.762 15500 15500 D LifecycleMonitor: callback completes: androidx.test.core.app.ActivityScenario$1@f392d93
02-05 17:40:49.766 15500 15500 I DecorView: [INFO] isPopOver=false, config=true
02-05 17:40:49.766 15500 15500 I DecorView: updateCaptionType >> DecorView@76827ae[], isFloating=false, isApplication=true, hasWindowDecorCaption=false, hasWindowControllerCallback=true
02-05 17:40:49.766 15500 15500 D DecorView: setCaptionType = 0, this = DecorView@76827ae[]
02-05 17:40:49.769 15500 15500 D LifecycleMonitor: Lifecycle status change: androidx.test.core.app.InstrumentationActivityInvoker$EmptyActivity@7fb81b0 in: CREATED
02-05 17:40:49.769 15500 15500 D LifecycleMonitor: running callback: androidx.test.core.app.ActivityScenario$1@f392d93
02-05 17:40:49.769 15500 15500 V ActivityScenario: Activity lifecycle changed event received but ignored because the intent does not match. startActivityIntent=Intent { act=android.intent.action.MAIN cat=[android.intent.category.LAUNCHER] cmp=com.example.dogglers/.MainActivity }, activity.getIntent()=Intent { act=android.intent.action.MAIN cat=[android.intent.category.LAUNCHER] flg=0x10000000 cmp=com.example.dogglers/androidx.test.core.app.InstrumentationActivityInvoker$EmptyActivity }, activity=androidx.test.core.app.InstrumentationActivityInvoker$EmptyActivity@7fb81b0
02-05 17:40:49.769 15500 15500 D LifecycleMonitor: callback completes: androidx.test.core.app.ActivityScenario$1@f392d93
02-05 17:40:49.770 15500 15500 D LifecycleMonitor: Lifecycle status change: androidx.test.core.app.InstrumentationActivityInvoker$EmptyActivity@7fb81b0 in: STARTED
02-05 17:40:49.770 15500 15500 D LifecycleMonitor: running callback: androidx.test.core.app.ActivityScenario$1@f392d93
02-05 17:40:49.771 15500 15500 V ActivityScenario: Activity lifecycle changed event received but ignored because the intent does not match. startActivityIntent=Intent { act=android.intent.action.MAIN cat=[android.intent.category.LAUNCHER] cmp=com.example.dogglers/.MainActivity }, activity.getIntent()=Intent { act=android.intent.action.MAIN cat=[android.intent.category.LAUNCHER] flg=0x10000000 cmp=com.example.dogglers/androidx.test.core.app.InstrumentationActivityInvoker$EmptyActivity }, activity=androidx.test.core.app.InstrumentationActivityInvoker$EmptyActivity@7fb81b0
02-05 17:40:49.771 15500 15500 D LifecycleMonitor: callback completes: androidx.test.core.app.ActivityScenario$1@f392d93
02-05 17:40:49.771   916   916 I keystore: !@ reading blob user_0/10231_USRPKEY_gmphn_model_key_1000012_1
02-05 17:40:49.772 15500 15500 D LifecycleMonitor: Lifecycle status change: androidx.test.core.app.InstrumentationActivityInvoker$EmptyActivity@7fb81b0 in: RESUMED
02-05 17:40:49.772 15500 15500 D LifecycleMonitor: running callback: androidx.test.core.app.ActivityScenario$1@f392d93
02-05 17:40:49.773 15500 15500 V ActivityScenario: Activity lifecycle changed event received but ignored because the intent does not match. startActivityIntent=Intent { act=android.intent.action.MAIN cat=[android.intent.category.LAUNCHER] cmp=com.example.dogglers/.MainActivity }, activity.getIntent()=Intent { act=android.intent.action.MAIN cat=[android.intent.category.LAUNCHER] flg=0x10000000 cmp=com.example.dogglers/androidx.test.core.app.InstrumentationActivityInvoker$EmptyActivity }, activity=androidx.test.core.app.InstrumentationActivityInvoker$EmptyActivity@7fb81b0
02-05 17:40:49.773 15500 15500 D LifecycleMonitor: callback completes: androidx.test.core.app.ActivityScenario$1@f392d93
02-05 17:40:49.775  1163  1796 D InputTransport: Input channel constructed: 'ed4131c', fd=917
02-05 17:40:49.775   916   916 I keystore: !@ Start - USRPKEY_gmphn_model_key_1000012_1 from uid 10231 for uid 10231, isKnoxKey(0)
02-05 17:40:49.775  1163  1796 D InputTransport: Input channel constructed: 'ed4131c', fd=922
02-05 17:40:49.775   916   916 I keystore: !@ reading blob user_0/10231_USRPKEY_gmphn_model_key_1000012_1
02-05 17:40:49.775   789  1273 I SurfaceFlinger: id=79516 createSurf (0x0),-1 flag=80004, ed4131c com.example.dogglers/androidx.test.core.app.InstrumentationActivityInvoker$EmptyActivity#0
02-05 17:40:49.776  1163  1796 D WindowManager: isScreenshotDisabledLocked - win: Window{ed4131c u0 com.example.dogglers/androidx.test.core.app.InstrumentationActivityInvoker$EmptyActivity}
02-05 17:40:49.776  1163  1796 D WindowManager: isScreenshotDisabledLocked: userId = 0, disabled =false
02-05 17:40:49.776   532   532 W keymaster_tee: [WRN]begin req PARAMS: A32 B32 P1
02-05 17:40:49.776  1163  1796 D InputTransport: Input channel destroyed: 'ed4131c', fd=922
02-05 17:40:49.776 15500 15500 D InputTransport: Input channel constructed: 'ed4131c', fd=98
02-05 17:40:49.777 15500 15500 I ViewRootImpl@c1fde5[InstrumentationActivityInvoker$EmptyActivity]: setView = com.android.internal.policy.DecorView@76827ae TM=true
02-05 17:40:49.780  1163  1796 V WindowManager: Relayout Window{ed4131c u0 com.example.dogglers/androidx.test.core.app.InstrumentationActivityInvoker$EmptyActivity}: viewVisibility=0 req=1080x2400
02-05 17:40:49.781  1163  1796 W WindowManager: lockNow pending, ignore updating lockscreen timeout
02-05 17:40:49.781  1163  1796 D WindowManager: isScreenshotDisabledLocked - win: Window{ed4131c u0 com.example.dogglers/androidx.test.core.app.InstrumentationActivityInvoker$EmptyActivity}
02-05 17:40:49.781  1163  1796 D WindowManager: isScreenshotDisabledLocked: userId = 0, disabled =false
02-05 17:40:49.782   789  1273 I SurfaceFlinger: id=79517 createSurf (1080x2400),1 flag=404, com.example.dogglers/androidx.test.core.app.InstrumentationActivityInvoker$EmptyActivity$_15500#0
02-05 17:40:49.783   916   916 I keystore: !@ Start - USRPKEY_gmphn_model_key_1000012_1 from uid 10231 for uid 10231, isKnoxKey(0)
02-05 17:40:49.783  1163  1796 I SurfaceControl: nativeRelease nativeObject s[496871093088]
02-05 17:40:49.783  1163  1796 I SurfaceControl: nativeRelease nativeObject e[496871093088]
02-05 17:40:49.783   789  1273 I SurfaceFlinger: id=79518 createSurf (0x0),-1 flag=24000, Surface(name=8c655e2 StatusBar)/@0x44a9b07 - animation-leash#0
02-05 17:40:49.783  1163  1796 I SurfaceControl: nativeRelease nativeObject s[496871093568]
02-05 17:40:49.783  1163  1796 I SurfaceControl: nativeRelease nativeObject e[496871093568]
02-05 17:40:49.783  1163  3938 I InputDispatcher: Focus left window (15500): 3881406 in display 0 0
02-05 17:40:49.784   789   835 I SurfaceFlinger: id=79519 createSurf (0x0),-1 flag=24000, Surface(name=b29f82b NavigationBar0)/@0x8634759 - animation-leash#1
02-05 17:40:49.784   916   916 I keystore: !@ reading blob user_0/10231_USRPKEY_gmphn_model_key_1000012_1
