02-05 17:40:56.406  5089  5089 I PageOverlayRootLayout: onUiStopped
02-05 17:40:56.406  1163  3938 D InputMethodManagerService: mSecureKeypadEnabled = false
02-05 17:40:56.406  1163  3938 V InputMethodManagerService: hideCurrentInputLocked : shouldHideSoftInput is false
02-05 17:40:56.406  1163  3938 D InputMethodManagerService: DESKTOP MODE! : 2
02-05 17:40:56.406  1163  3938 D InputMethodManagerService: NOT IN KNOX DESKTOP MODE!
02-05 17:40:56.406  1163  3938 V InputMethodManagerService: getDisplayIdOfInputMethodWindowToBeAdded : 0
02-05 17:40:56.406  1163  3938 D SamsungIMMSHWKeyboard: isConnectedDexOnPC false
02-05 17:40:56.406  1163  3938 D InputMethodManagerService: isImeSwitcherDisabledPackage : false
02-05 17:40:56.407  1163  3938 D InputMethodManagerService: checkDisplayOfStartInputAndUpdateKeyboard display Id 0last 0
02-05 17:40:56.407  1163  3938 D InputTransport: Input channel constructed: 'ClientS', fd=857
02-05 17:40:56.407  1163  3938 D InputTransport: Input channel destroyed: 'ClientS', fd=857
02-05 17:40:56.407 15500 15500 D InputTransport: Input channel constructed: 'ClientS', fd=97
02-05 17:40:56.407 15500 15500 D IdlingResourceRegistry: All idling resources are idle.
02-05 17:40:56.407 15500 15500 D IdlingResourceRegistry: All idling resources are idle.
02-05 17:40:56.408 15500 15500 I ViewInteraction: Performing 'fast swipe' action on view with id is <com.example.dogglers:id/grid_recycler_view>
02-05 17:40:56.409  1163  3935 I SurfaceControl: nativeRelease nativeObject s[496866862624]
02-05 17:40:56.409  1163  3935 I SurfaceControl: nativeRelease nativeObject e[496866862624]
02-05 17:40:56.409   789  1272 I SurfaceFlinger: id=79811 createSurf (0x0),-1 flag=24004, Surface(name=dbf3b45 InputMethod)/@0xf70bba8 - animation-leash#1
02-05 17:40:56.409  1163  3938 D InputDispatcher: Inject motion (15500): action=0x0, time=307850366000000, f=0x0, d=0
02-05 17:40:56.409  1163  1404 D InputDispatcher: pointer touchable region used!
02-05 17:40:56.409  1163  1404 W InputDispatcher: obscured by Window{7c0121e
02-05 17:40:56.409  1163  1404 I InputDispatcher: Delivering touch to (1680): action: 0x4, f=0x0, d=0, 'b29f82b', t=0
02-05 17:40:56.409  1163  1404 I InputDispatcher: Delivering touch to (15500): action: 0x0, f=0x1, d=0, '34734e8', t=0
02-05 17:40:56.410 15500 15500 I ViewRootImpl@db11d72[GridListActivity]: ViewPostIme pointer 0
02-05 17:40:56.410  3640  3640 I GoogleInputMethodService: GoogleInputMethodService.onFinishInput():3316
02-05 17:40:56.411  3640  3640 I GoogleInputMethodService: GoogleInputMethodService.updateDeviceLockedStatus():2181 checkRepeatedly = false, unlocked = true
02-05 17:40:56.411  3640  3640 D InputMethodService: checkDisplayOfStartInputAndUpdateKeyboard display Id 0last 0
02-05 17:40:56.411  3640  3640 I GoogleInputMethodService: GoogleInputMethodService.onStartInput():1989
02-05 17:40:56.411  3640  3640 I GoogleInputMethodService: GoogleInputMethodService.updateDeviceLockedStatus():2181 checkRepeatedly = true, unlocked = true
02-05 17:40:56.417  1680  1680 D SecStatusBarMobileView: setStaticDrawableColor:
02-05 17:40:56.418   789   835 I Layer   : id=79798 removeFromCurrentState Surface(name=dbf3b45 InputMethod)/@0xf70bba8 - animation-leash#0 (203)
02-05 17:40:56.418  2003  2003 I SurfaceControl: nativeRelease nativeObject s[497484643616]
02-05 17:40:56.418  2003  2003 I SurfaceControl: nativeRelease nativeObject e[497484643616]
02-05 17:40:56.419 15500 15500 I SurfaceControl: nativeRelease nativeObject s[497483548320]
02-05 17:40:56.419  1163  3935 D SamsungIMMSHWKeyboard: isConnectedDexOnPC false
02-05 17:40:56.419 15500 15500 I SurfaceControl: nativeRelease nativeObject e[497483548320]
02-05 17:40:56.419 15500 15500 I SurfaceControl: nativeRelease nativeObject s[497477718592]
02-05 17:40:56.419 15500 15500 I SurfaceControl: nativeRelease nativeObject e[497477718592]
02-05 17:40:56.420  1163  3935 D InputMethodManagerService: isImeSwitcherDisabledPackage : false
02-05 17:40:56.435  1680  1680 D SecStatusBarMobileView: setStaticDrawableColor:
02-05 17:40:56.438   789   789 D SurfaceFlinger: Display 21442653864348033 HWC layers:
02-05 17:40:56.438   789   789 D SurfaceFlinger:      DEVICE | 0x7428c3e800 | 0002 | RGBA_8888    |    0.0    0.0 1080.0 2400.0 |    0    0 1080 2400 | com.example.dogglers/com.example.dogglers.GridListActivity$_15500#0
02-05 17:40:56.438   789   789 D SurfaceFlinger:      DEVICE | 0x74084fe300 | 0002 | RGBA_8888    |    0.0    0.0 1080.0 2400.0 |    0    0 1080 2400 | Splash Screen com.example.dogglers#0
02-05 17:40:56.438   789   789 D SurfaceFlinger:      DEVICE | 0x7428c3e6c0 | 0000 | RGBA_8888    |    0.0    0.0 1080.0   88.0 |    0    0 1080   88 | StatusBar$_1680#0
02-05 17:40:56.438   789   789 D SurfaceFlinger:      DEVICE | 0x7428c40600 | 0000 | RGBA_8888    |    0.0    0.0 1080.0  144.0 |    0 2256 1080 2400 | NavigationBar0$_1680#0
02-05 17:40:56.438   789   789 D SurfaceFlinger:      DEVICE | 0x7408191180 | 0000 | RGBA_8888    |    0.0    0.0 1080.0  125.0 |    0    0 1080  125 | ScreenDecorOverlay$_1680#0
02-05 17:40:56.438   789   789 D SurfaceFlinger:      DEVICE | 0x7428c3f480 | 0000 | RGBA_8888    |    0.0    0.0 1080.0  112.0 |    0 2288 1080 2400 | ScreenDecorOverlayBottom$_1680#0
02-05 17:40:56.438   789   789 D SurfaceFlinger:
02-05 17:40:56.451  1680  1680 D SecStatusBarMobileView: setStaticDrawableColor:
02-05 17:40:56.452  1163  1240 I SurfaceControl: nativeRelease nativeObject s[499038067136]
02-05 17:40:56.452  1163  1240 I SurfaceControl: nativeRelease nativeObject e[499038067136]
02-05 17:40:56.453  1163  1240 I SurfaceControl: nativeRelease nativeObject s[496884985696]
02-05 17:40:56.453  1163  1240 I SurfaceControl: nativeRelease nativeObject e[496884985696]
02-05 17:40:56.453   789   834 I Layer   : id=79802 removeFromCurrentState Splash Screen com.example.dogglers#0 (203)
02-05 17:40:56.454  1163  1240 I SurfaceControl: nativeRelease nativeObject s[496867019744]
02-05 17:40:56.454  1163  1240 I SurfaceControl: nativeRelease nativeObject e[496867019744]
02-05 17:40:56.456  1163  1240 W WindowManager: lockNow pending, ignore updating lockscreen timeout
02-05 17:40:56.458   789   834 I Layer   : id=79801 removeFromCurrentState 7c0121e Splash Screen com.example.dogglers#0 (203)
02-05 17:40:56.458   789   834 I Layer   : id=79810 removeFromCurrentState Surface(name=7c0121e Splash Screen com.example.dogglers)/@0x28e46f6 - animation-leash#0 (203)
02-05 17:40:56.458   789   834 I SurfaceFlinger: id=79801 Removed 7c0121e Splash Screen com.example.dogglers#0 (203)
02-05 17:40:56.458   789   834 I SurfaceFlinger: id=79810 Removed Surface(name=7c0121e Splash Screen com.example.dogglers)/@0x28e46f6 - animation-leash#0 (203)
02-05 17:40:56.458   789  1273 I SurfaceFlinger: id=79802 Removed Splash Screen com.example.dogglers#0 (203)
02-05 17:40:56.468   789   789 I Layer   : id=79810[1] Destroyed Surface(name=7c0121e Splash Screen com.example.dogglers)/@0x28e46f6 - animation-leash#0
02-05 17:40:56.468   789   789 I Layer   : id=79801[1] Destroyed 7c0121e Splash Screen com.example.dogglers#0
02-05 17:40:56.468  1680  1680 D SecStatusBarMobileView: setStaticDrawableColor:
02-05 17:40:56.469  1163  1240 W WindowManager: lockNow pending, ignore updating lockscreen timeout
02-05 17:40:56.470   789   789 I Layer   : id=79802[1] Destroyed Splash Screen com.example.dogglers#0
02-05 17:40:56.473   789   789 D SurfaceFlinger: Display 21442653864348033 HWC layers:
02-05 17:40:56.473   789   789 D SurfaceFlinger:      DEVICE | 0x7428c3e1c0 | 0002 | RGBA_8888    |    0.0    0.0 1080.0 2400.0 |    0    0 1080 2400 | com.example.dogglers/com.example.dogglers.GridListActivity$_15500#0
02-05 17:40:56.473   789   789 D SurfaceFlinger:      DEVICE | 0x7408500740 | 0000 | RGBA_8888    |    0.0    0.0 1080.0   88.0 |    0    0 1080   88 | StatusBar$_1680#0
02-05 17:40:56.473   789   789 D SurfaceFlinger:      DEVICE | 0x7428c40600 | 0000 | RGBA_8888    |    0.0    0.0 1080.0  144.0 |    0 2256 1080 2400 | NavigationBar0$_1680#0
02-05 17:40:56.473   789   789 D SurfaceFlinger:      DEVICE | 0x7408191180 | 0000 | RGBA_8888    |    0.0    0.0 1080.0  125.0 |    0    0 1080  125 | ScreenDecorOverlay$_1680#0
02-05 17:40:56.473   789   789 D SurfaceFlinger:      DEVICE | 0x7428c3f480 | 0000 | RGBA_8888    |    0.0    0.0 1080.0  112.0 |    0 2288 1080 2400 | ScreenDecorOverlayBottom$_1680#0
02-05 17:40:56.473   789   789 D SurfaceFlinger:
02-05 17:40:56.486  1680  1680 D SecStatusBarMobileView: setStaticDrawableColor:
02-05 17:40:56.573  1163  3935 D InputDispatcher: Inject motion (15500): action=0x1, time=307850531000000, f=0x0, d=0
02-05 17:40:56.573  1163  1404 I InputDispatcher: Delivering touch to (15500): action: 0x1, f=0x1, d=0, '34734e8', t=0
02-05 17:40:56.573 15500 15500 I ViewRootImpl@db11d72[GridListActivity]: ViewPostIme pointer 1
02-05 17:40:56.576  1163  1163 I SemDvfsHyPerManager: acquire hyper - GESTURE_DETECTED/1163@33, type = -999
02-05 17:40:56.576 15500 15500 D IdlingResourceRegistry: All idling resources are idle.
02-05 17:40:56.576 15500 15500 D IdlingResourceRegistry: All idling resources are idle.
02-05 17:40:56.576   726   817 I HYPER-HAL: [RequestManager.cpp]acquire(): Acquired ID : 715839  [1163 / 33]    HINT : GESTURE_DETECTED    list : [TIMEOUT / 2073]
02-05 17:40:56.576  1163  1163 I SemDvfsHyPerManager: acquire hyper - GESTURE_DETECTED/1163@33, type = -999
02-05 17:40:56.576  1163  1163 I SemDvfsHyPerManager: acquire hyper - SMOOTH_SCROLL/1163@26, type = -999
02-05 17:40:56.576   726   817 I HYPER-HAL: [ResourceManager.cpp]updateResource(): [CPUMinFreq] UpdateResource Request ID : 715839    Value : 1167714
02-05 17:40:56.576  1163  1163 I SemDvfsHyPerManager: acquire hyper - SMOOTH_SCROLL/1163@26, type = -999
02-05 17:40:56.576   726   817 I HYPER-HAL: [RequestManager.cpp]acquire(): Acquired ID : 715839  [1163 / 33]    HINT : GESTURE_DETECTED    list : [TIMEOUT / 2073]
02-05 17:40:56.576   726   817 I HYPER-HAL: [ResourceManager.cpp]updateResource(): [CPUMinFreq] UpdateResource Request ID : 715839    Value : 1167714
02-05 17:40:56.576   726   817 I HYPER-HAL: [RequestManager.cpp]acquire(): Acquired ID : 707481  [1163 / 26]    HINT : SMOOTH_SCROLL    list :
02-05 17:40:56.577   726   817 I HYPER-HAL: [ResourceManager.cpp]updateResource(): [CPUMinFreq] UpdateResource Request ID : 707481    Value : 1258359
02-05 17:40:56.577   726   817 I HYPER-HAL: [ResourceManager.cpp]removeResource(): [CPUMinFreq] RemoveResource Request ID : 707481
02-05 17:40:56.577   726   817 I HYPER-HAL: [RequestManager.cpp]releaseLocked(): Released ID : 707481
02-05 17:40:56.577   726   817 I HYPER-HAL: [RequestManager.cpp]acquire(): Acquired ID : 707481  [1163 / 26]    HINT : SMOOTH_SCROLL    list :
02-05 17:40:56.577   726   817 I HYPER-HAL: [ResourceManager.cpp]updateResource(): [CPUMinFreq] UpdateResource Request ID : 707481    Value : 1258359
02-05 17:40:56.588   726   817 I HYPER-HAL: [ResourceManager.cpp]removeResource(): [CPUMinFreq] RemoveResource Request ID : 707481
02-05 17:40:56.588   726   817 I HYPER-HAL: [RequestManager.cpp]releaseLocked(): Released ID : 707481
02-05 17:40:56.605 14119 14119 D BoundBrokerSvc: onUnbind: Intent { act=com.google.android.gms.scheduler.ACTION_PROXY_SCHEDULE cmp=com.google.android.gms/.chimera.PersistentInternalBoundBrokerService }
02-05 17:40:56.618   726 16203 I HYPER-HAL: [ResourceManager.cpp]removeResource(): [CPUMinFreq] RemoveResource Request ID : 718236
02-05 17:40:56.618   726 16203 I HYPER-HAL: [RequestManager.cpp]releaseLocked(): Released ID : 718236
02-05 17:40:56.633  1163  1801 D SensorService: Calling batch handle==41 flags=0 rate=200000000 timeout== 0
02-05 17:40:56.633  1163  1163 D WifiP2pService: GopsReceiver : received : com.samsung.intent.action.CHECK_SIOP_LEVEL
02-05 17:40:56.633  1163  1163 I WifiP2pService: siop_level = 2
02-05 17:40:56.633   722   722 I Sensors : batch(5) - uncal_light_sensor try to batching with 200000000
02-05 17:40:56.633  8795  8842 I SystemBroadcastReceiver: [#CMH#] onReceive completed :  0
02-05 17:40:56.633  1163  1163 D WifiP2pService: GopsReceiver : received : com.samsung.intent.action.CHECK_SIOP_LEVEL time : 0ms
02-05 17:40:56.633  8795  8795 I PolicyManager: [#CMH#] onReceive action = EVENT_SIOP
02-05 17:40:56.633  8795  8795 I PolicyManager: [#CMH#] SIOP level is high = 2
02-05 17:40:56.633 15677 15677 I [SC]SiopLevelMonitorReceiverImpl: onReceive: com.samsung.intent.action.CHECK_SIOP_LEVEL
02-05 17:40:56.634   722   722 I Sensors : UncalLightSensor old sensor_state 278528, new sensor_state : 71468256083968 en : 1
02-05 17:40:56.638   722   722 I Sensors : enable:: uncal_light_sensor(5)
02-05 17:40:56.640 15500 15500 D IdlingResourceRegistry: All idling resources are idle.
02-05 17:40:56.640 15500 15500 D IdlingResourceRegistry: All idling resources are idle.
02-05 17:40:56.640 15500 15500 D IdlingResourceRegistry: All idling resources are idle.
02-05 17:40:56.640 15500 15500 D IdlingResourceRegistry: All idling resources are idle.
02-05 17:40:56.644 15500 15500 I ViewInteraction: Checking 'MatchesViewAssertion{viewMatcher=is displayed on the screen to the user}' assertion on view with text: is "Bella"
02-05 17:40:56.644 15500 15500 E ViewAssertions: 'is displayed on the screen to the user' check could not be performed because view 'with text: is "Bella"' was not found.
02-05 17:40:56.649  1163  1801 I SemDvfsHyPerManager: acquire hyper - AMS_ACT_START/1163@20, type = -999
02-05 17:40:56.649   726   817 I HYPER-HAL: [RequestManager.cpp]acquire(): Acquired ID : 700356  [1163 / 20]    HINT : AMS_ACT_START    list :
02-05 17:40:56.650   726   817 I HYPER-HAL: [ResourceManager.cpp]updateResource(): [CPUMinFreq] UpdateResource Request ID : 700356    Value : 1930195
02-05 17:40:56.650   789   834 I SurfaceFlinger: id=79812 createSurf (0x0),-1 flag=80004, ActivityRecord{f9b698e u0 com.example.dogglers/androidx.test.core.app.InstrumentationActivityInvoker$EmptyActivity t12732}#0
02-05 17:40:56.653  1163  1801 W WindowManager: lockNow pending, ignore updating lockscreen timeout
02-05 17:40:56.655 15500 15500 D LifecycleMonitor: Lifecycle status change: com.example.dogglers.GridListActivity@b086d6a in: PAUSED
02-05 17:40:56.655 15500 15500 D LifecycleMonitor: running callback: androidx.test.core.app.ActivityScenario$1@2ae49e3
02-05 17:40:56.655 15500 15500 V ActivityScenario: Update currentActivityStage to PAUSED, currentActivity=com.example.dogglers.GridListActivity@b086d6a
02-05 17:40:56.655 15500 15500 D LifecycleMonitor: callback completes: androidx.test.core.app.ActivityScenario$1@2ae49e3
02-05 17:40:56.656  1163  1801 V WindowOrientationListener: getProposedRotation: 0
02-05 17:40:56.656  1163  1801 V WindowOrientationListener: getProposedRotation: 0
02-05 17:40:56.657  1163  1801 V WindowOrientationListener: getProposedRotation: 0
02-05 17:40:56.658  1163  1801 D InputDispatcher: Focused application set to (0): f9b698e
02-05 17:40:56.660  1163  1801 W WindowManager: lockNow pending, ignore updating lockscreen timeout
02-05 17:40:56.663 15500 15500 D LifecycleMonitor: Lifecycle status change: androidx.test.core.app.InstrumentationActivityInvoker$EmptyActivity@911a2cc in: PRE_ON_CREATE
02-05 17:40:56.663 15500 15500 D LifecycleMonitor: running callback: androidx.test.core.app.ActivityScenario$1@2ae49e3
02-05 17:40:56.664 15500 15500 V ActivityScenario: Activity lifecycle changed event received but ignored because the intent does not match. startActivityIntent=Intent { act=android.intent.action.MAIN cat=[android.intent.category.LAUNCHER] cmp=com.example.dogglers/.GridListActivity }, activity.getIntent()=Intent { act=android.intent.action.MAIN cat=[android.intent.category.LAUNCHER] flg=0x10000000 cmp=com.example.dogglers/androidx.test.core.app.InstrumentationActivityInvoker$EmptyActivity }, activity=androidx.test.core.app.InstrumentationActivityInvoker$EmptyActivity@911a2cc
02-05 17:40:56.664 15500 15500 D LifecycleMonitor: callback completes: androidx.test.core.app.ActivityScenario$1@2ae49e3
02-05 17:40:56.667 15500 15500 I DecorView: [INFO] isPopOver=false, config=true
02-05 17:40:56.667 15500 15500 I DecorView: updateCaptionType >> DecorView@51e942a[], isFloating=false, isApplication=true, hasWindowDecorCaption=false, hasWindowControllerCallback=true
02-05 17:40:56.667 15500 15500 D DecorView: setCaptionType = 0, this = DecorView@51e942a[]
02-05 17:40:56.669 15500 15500 D LifecycleMonitor: Lifecycle status change: androidx.test.core.app.InstrumentationActivityInvoker$EmptyActivity@911a2cc in: CREATED
02-05 17:40:56.669 15500 15500 D LifecycleMonitor: running callback: androidx.test.core.app.ActivityScenario$1@2ae49e3
02-05 17:40:56.669 15500 15500 V ActivityScenario: Activity lifecycle changed event received but ignored because the intent does not match. startActivityIntent=Intent { act=android.intent.action.MAIN cat=[android.intent.category.LAUNCHER] cmp=com.example.dogglers/.GridListActivity }, activity.getIntent()=Intent { act=android.intent.action.MAIN cat=[android.intent.category.LAUNCHER] flg=0x10000000 cmp=com.example.dogglers/androidx.test.core.app.InstrumentationActivityInvoker$EmptyActivity }, activity=androidx.test.core.app.InstrumentationActivityInvoker$EmptyActivity@911a2cc
02-05 17:40:56.669 15500 15500 D LifecycleMonitor: callback completes: androidx.test.core.app.ActivityScenario$1@2ae49e3
02-05 17:40:56.669 15500 15500 D LifecycleMonitor: Lifecycle status change: androidx.test.core.app.InstrumentationActivityInvoker$EmptyActivity@911a2cc in: STARTED
02-05 17:40:56.670 15500 15500 D LifecycleMonitor: running callback: androidx.test.core.app.ActivityScenario$1@2ae49e3
02-05 17:40:56.670 15500 15500 V ActivityScenario: Activity lifecycle changed event received but ignored because the intent does not match. startActivityIntent=Intent { act=android.intent.action.MAIN cat=[android.intent.category.LAUNCHER] cmp=com.example.dogglers/.GridListActivity }, activity.getIntent()=Intent { act=android.intent.action.MAIN cat=[android.intent.category.LAUNCHER] flg=0x10000000 cmp=com.example.dogglers/androidx.test.core.app.InstrumentationActivityInvoker$EmptyActivity }, activity=androidx.test.core.app.InstrumentationActivityInvoker$EmptyActivity@911a2cc
02-05 17:40:56.670 15500 15500 D LifecycleMonitor: callback completes: androidx.test.core.app.ActivityScenario$1@2ae49e3
02-05 17:40:56.670 15500 15500 D LifecycleMonitor: Lifecycle status change: androidx.test.core.app.InstrumentationActivityInvoker$EmptyActivity@911a2cc in: RESUMED
02-05 17:40:56.670 15500 15500 D LifecycleMonitor: running callback: androidx.test.core.app.ActivityScenario$1@2ae49e3
02-05 17:40:56.670 15500 15500 V ActivityScenario: Activity lifecycle changed event received but ignored because the intent does not match. startActivityIntent=Intent { act=android.intent.action.MAIN cat=[android.intent.category.LAUNCHER] cmp=com.example.dogglers/.GridListActivity }, activity.getIntent()=Intent { act=android.intent.action.MAIN cat=[android.intent.category.LAUNCHER] flg=0x10000000 cmp=com.example.dogglers/androidx.test.core.app.InstrumentationActivityInvoker$EmptyActivity }, activity=androidx.test.core.app.InstrumentationActivityInvoker$EmptyActivity@911a2cc
02-05 17:40:56.670 15500 15500 D LifecycleMonitor: callback completes: androidx.test.core.app.ActivityScenario$1@2ae49e3
02-05 17:40:56.673  1163  3935 D InputTransport: Input channel constructed: 'c1a5ba7', fd=857
02-05 17:40:56.673  1163  3935 D InputTransport: Input channel constructed: 'c1a5ba7', fd=887
02-05 17:40:56.673   789  2265 I SurfaceFlinger: id=79813 createSurf (0x0),-1 flag=80004, c1a5ba7 com.example.dogglers/androidx.test.core.app.InstrumentationActivityInvoker$EmptyActivity#0
02-05 17:40:56.673  1163  3935 D WindowManager: isScreenshotDisabledLocked - win: Window{c1a5ba7 u0 com.example.dogglers/androidx.test.core.app.InstrumentationActivityInvoker$EmptyActivity}
02-05 17:40:56.673  1163  3935 D WindowManager: isScreenshotDisabledLocked: userId = 0, disabled =false
02-05 17:40:56.674  1163  3935 D InputTransport: Input channel destroyed: 'c1a5ba7', fd=887
02-05 17:40:56.674 15500 15500 D InputTransport: Input channel constructed: 'c1a5ba7', fd=99
02-05 17:40:56.674 15500 15500 I ViewRootImpl@2f3c191[InstrumentationActivityInvoker$EmptyActivity]: setView = com.android.internal.policy.DecorView@51e942a TM=true
02-05 17:40:56.677  1163  1801 V WindowManager: Relayout Window{c1a5ba7 u0 com.example.dogglers/androidx.test.core.app.InstrumentationActivityInvoker$EmptyActivity}: viewVisibility=0 req=1080x2400
02-05 17:40:56.677  1163  1801 W WindowManager: lockNow pending, ignore updating lockscreen timeout
02-05 17:40:56.678  1163  1801 D WindowManager: isScreenshotDisabledLocked - win: Window{c1a5ba7 u0 com.example.dogglers/androidx.test.core.app.InstrumentationActivityInvoker$EmptyActivity}
02-05 17:40:56.678  1163  1801 D WindowManager: isScreenshotDisabledLocked: userId = 0, disabled =false
02-05 17:40:56.678   789   835 I SurfaceFlinger: id=79814 createSurf (1080x2400),1 flag=404, com.example.dogglers/androidx.test.core.app.InstrumentationActivityInvoker$EmptyActivity$_15500#0
02-05 17:40:56.679  1163  1801 I SurfaceControl: nativeRelease nativeObject s[499038038912]
02-05 17:40:56.679  1163  1801 I SurfaceControl: nativeRelease nativeObject e[499038038912]
02-05 17:40:56.680   789  1273 I SurfaceFlinger: id=79815 createSurf (0x0),-1 flag=24000, Surface(name=8c655e2 StatusBar)/@0x44a9b07 - animation-leash#0
02-05 17:40:56.680  1163  1801 I SurfaceControl: nativeRelease nativeObject s[496860777696]
02-05 17:40:56.680  1163  1801 I SurfaceControl: nativeRelease nativeObject e[496860777696]
02-05 17:40:56.680   789   835 I SurfaceFlinger: id=79816 createSurf (0x0),-1 flag=24000, Surface(name=b29f82b NavigationBar0)/@0x8634759 - animation-leash#1
02-05 17:40:56.681  1163  1801 V WindowManager: Relayout hash=c1a5ba7, pid=15500: mAttrs={(0,0)(fillxfill) sim={adjust=pan forwardNavigation} ty=BASE_APPLICATION wanim=0x1030001
02-05 17:40:56.681  1163  1801 V WindowManager:   fl=1810100
02-05 17:40:56.681  1163  1801 V WindowManager:   pfl=12020000
02-05 17:40:56.681  1163  1801 V WindowManager:   fitSides= naviIconColor=0}
02-05 17:40:56.681  1163  1801 I SurfaceControl: nativeRelease nativeObject s[499014694912]
02-05 17:40:56.681  1163  1801 I SurfaceControl: nativeRelease nativeObject e[499014694912]
02-05 17:40:56.681 15500 15500 I SurfaceControl: assignNativeObject: nativeObject = 0 Surface(name=null)/@0xde9c8f6 / android.view.SurfaceControl.readFromParcel:1117 android.view.IWindowSession$Stub$Proxy.relayout:1820 android.view.ViewRootImpl.relayoutWindow:9005 android.view.ViewRootImpl.performTraversals:3360 android.view.ViewRootImpl.doTraversal:2618 android.view.ViewRootImpl$TraversalRunnable.run:9971 android.view.Choreographer$CallbackRecord.run:1010 android.view.Choreographer.doCallbacks:809 android.view.Choreographer.doFrame:744 android.view.Choreographer$FrameDisplayEventReceiver.run:995
02-05 17:40:56.682 15500 15500 I ViewRootImpl@2f3c191[InstrumentationActivityInvoker$EmptyActivity]: Relayout returned: old=(0,0,1080,2400) new=(0,0,1080,2400) req=(1080,2400)0 dur=4 res=0x7 s={true 499016704000} ch=true fn=-1
02-05 17:40:56.683 15500 15565 I mali_winsys: new_window_surface() [1080x2400] return: 0x3000
02-05 17:40:56.683   716   957 D gralloc : [mali_gralloc_allocate] begin
02-05 17:40:56.683   716   957 D gralloc : buffer_descriptor: wh(1080 2400) usage_pc(0x40000000000b00 0x40000000000b00) hal_format(0x1) layer_count(1) sizes(0 0 0) strde(0) byte_stride(0) alloc_wh(0 0) internal_format(0x0) alloc_format(0x0) fd_count(1) plane_count(0)
02-05 17:40:56.683 15500 15500 I ViewRootImpl@2f3c191[InstrumentationActivityInvoker$EmptyActivity]: [DP] dp(1) 1 android.view.ViewRootImpl.reportNextDraw:10957 android.view.ViewRootImpl.performTraversals:3845 android.view.ViewRootImpl.doTraversal:2618
02-05 17:40:56.683 15500 15500 I ViewRootImpl@2f3c191[InstrumentationActivityInvoker$EmptyActivity]: [DP] pd() Asnyc report
02-05 17:40:56.684   716   957 D gralloc : [mali_gralloc_allocate] allocation successful
02-05 17:40:56.686   716   957 D gralloc : [mali_gralloc_allocate] begin
02-05 17:40:56.686   716   957 D gralloc : buffer_descriptor: wh(1080 2400) usage_pc(0x40000000000b00 0x40000000000b00) hal_format(0x1) layer_count(1) sizes(0 0 0) strde(0) byte_stride(0) alloc_wh(0 0) internal_format(0x0) alloc_format(0x0) fd_count(1) plane_count(0)
02-05 17:40:56.687 15500 15500 I ViewRootImpl@2f3c191[InstrumentationActivityInvoker$EmptyActivity]: [DP] pdf(0) 1 android.view.ViewRootImpl.lambda$performDraw$1$ViewRootImpl:4668 android.view.-$$Lambda$ViewRootImpl$DJd0VUYJgsebcnSohO6h8zc_ONI.run:6 android.os.Handler.handleCallback:938
02-05 17:40:56.687 15500 15500 I ViewRootImpl@2f3c191[InstrumentationActivityInvoker$EmptyActivity]: [DP] rdf()
02-05 17:40:56.688   716   957 D gralloc : [mali_gralloc_allocate] allocation successful
02-05 17:40:56.688  1163  1240 W WindowManager: lockNow pending, ignore updating lockscreen timeout
02-05 17:40:56.688   716   953 D gralloc : [mali_gralloc_allocate] begin
02-05 17:40:56.688   716   953 D gralloc : buffer_descriptor: wh(1080 2400) usage_pc(0x40000000000b00 0x40000000000b00) hal_format(0x1) layer_count(1) sizes(0 0 0) strde(0) byte_stride(0) alloc_wh(0 0) internal_format(0x0) alloc_format(0x0) fd_count(1) plane_count(0)
02-05 17:40:56.688   726 16212 I HYPER-HAL: [ResourceManager.cpp]removeResource(): [CPUMinFreq] RemoveResource Request ID : 702727
02-05 17:40:56.688   726 16212 I HYPER-HAL: [RequestManager.cpp]releaseLocked(): Released ID : 702727
02-05 17:40:56.689   789   834 I Layer   : id=79808 removeFromCurrentState Surface(name=8c655e2 StatusBar)/@0x44a9b07 - animation-leash#1 (205)
02-05 17:40:56.689   789   834 I Layer   : id=79809 removeFromCurrentState Surface(name=b29f82b NavigationBar0)/@0x8634759 - animation-leash#0 (205)
02-05 17:40:56.689  1163  3935 I InputDispatcher: Focus left window (15500): 34734e8 in display 0 0
02-05 17:40:56.690   716   953 D gralloc : [mali_gralloc_allocate] allocation successful
02-05 17:40:56.691  1163  1240 D PkgPredictorService: pkg:com.example.dogglers activity:androidx.test.core.app.InstrumentationActivityInvoker$EmptyActivity thisTime:42
02-05 17:40:56.691 15500 15500 I SurfaceControl: nativeRelease nativeObject s[497483549952]
02-05 17:40:56.691 15500 15500 I SurfaceControl: nativeRelease nativeObject e[497483549952]
02-05 17:40:56.692 15500 15500 I SurfaceControl: nativeRelease nativeObject s[497483549664]
02-05 17:40:56.692 15500 15500 I SurfaceControl: nativeRelease nativeObject e[497483549664]
02-05 17:40:56.692 15500 15500 I SurfaceControl: nativeRelease nativeObject s[497483549280]
02-05 17:40:56.692 15500 15500 I SurfaceControl: nativeRelease nativeObject e[497483549280]
02-05 17:40:56.692   789  2265 I SurfaceFlinger: id=79809 Removed Surface(name=b29f82b NavigationBar0)/@0x8634759 - animation-leash#0 (205)
02-05 17:40:56.692   789  1273 I SurfaceFlinger: id=79808 Removed Surface(name=8c655e2 StatusBar)/@0x44a9b07 - animation-leash#1 (205)
02-05 17:40:56.692  1163  1240 I SemDvfsHyPerManager: acquire hyper - AMS_RESUME_TAIL/1163@22, type = -999
02-05 17:40:56.692  1163  1244 I ActivityTaskManager: Displayed com.example.dogglers/androidx.test.core.app.InstrumentationActivityInvoker$EmptyActivity: +42ms
02-05 17:40:56.692  1163  1240 I SemDvfsHyPerManager: acquire hyper - AMS_ACT_LAZY/1163@23, type = -999
02-05 17:40:56.693   726   817 I HYPER-HAL: [RequestManager.cpp]acquire(): Acquired ID : 702727  [1163 / 22]    HINT : AMS_RESUME_TAIL    list :
02-05 17:40:56.693  2669  2669 E pageboostd: Received HALT command code 2
02-05 17:40:56.693   726   817 I HYPER-HAL: [ResourceManager.cpp]updateResource(): [CPUMinFreq] UpdateResource Request ID : 702727    Value : 1844882
02-05 17:40:56.693   726   817 I HYPER-HAL: [RequestManager.cpp]acquire(): Acquired ID : 703914  [1163 / 23]    HINT :      list :
02-05 17:40:56.693   726   817 E HYPER-HAL: [Request.cpp]acquire(): Request:: id : 703914, No Resource to set
02-05 17:40:56.694   726   817 I HYPER-HAL: [ResourceManager.cpp]removeResource(): [CPUMinFreq] RemoveResource Request ID : 700356
02-05 17:40:56.694   726   817 I HYPER-HAL: [RequestManager.cpp]releaseLocked(): Released ID : 700356
02-05 17:40:56.694  1163  1240 W WindowManager: lockNow pending, ignore updating lockscreen timeout
02-05 17:40:56.697  1163  1240 W WindowManager: lockNow pending, ignore updating lockscreen timeout
02-05 17:40:56.701  1163  3935 I SemDvfsHyPerManager: acquire hyper - AMS_ACT_START/1163@20, type = -999
02-05 17:40:56.701   726   817 I HYPER-HAL: [RequestManager.cpp]acquire(): Acquired ID : 700356  [1163 / 20]    HINT : AMS_ACT_START    list :
02-05 17:40:56.701   789   835 I SurfaceFlinger: id=79817 createSurf (0x0),-1 flag=80004, ActivityRecord{62c9fbb u0 com.example.dogglers/androidx.test.core.app.InstrumentationActivityInvoker$EmptyActivity t12732}#0
02-05 17:40:56.701   726   817 I HYPER-HAL: [ResourceManager.cpp]updateResource(): [CPUMinFreq] UpdateResource Request ID : 700356    Value : 1930195
02-05 17:40:56.703  1163  3935 W WindowManager: lockNow pending, ignore updating lockscreen timeout
02-05 17:40:56.705 15500 15565 I mali_egl: eglDestroySurface() in
02-05 17:40:56.705   789   789 I Layer   : id=79808[1] Destroyed Surface(name=8c655e2 StatusBar)/@0x44a9b07 - animation-leash#1
02-05 17:40:56.705   789   789 I Layer   : id=79809[1] Destroyed Surface(name=b29f82b NavigationBar0)/@0x8634759 - animation-leash#0
02-05 17:40:56.706 15500 15565 I mali_winsys: delete_surface() [1080x2400] return
02-05 17:40:56.706 15500 15565 I mali_egl: eglDestroySurface() out
02-05 17:40:56.706   789  1272 E BufferQueueProducer: [com.example.dogglers/com.example.dogglers.GridListActivity$_15500#0](id:315000036ca,api:0,p:-1,c:789) disconnect: not connected (req=1)
02-05 17:40:56.706 15500 15565 W libEGL  : EGLNativeWindowType 0x742e421010 disconnect failed
02-05 17:40:56.706  1163  3935 V WindowManager: Relayout Window{34734e8 u0 com.example.dogglers/com.example.dogglers.GridListActivity}: viewVisibility=8 req=1080x2400
02-05 17:40:56.706  1163  1801 I InputDispatcher: Focus entered window (15500): c1a5ba7 in display 0 0
02-05 17:40:56.707  1163  3935 W WindowManager: lockNow pending, ignore updating lockscreen timeout
02-05 17:40:56.708  1163  3935 V WindowManager: Relayout hash=34734e8, pid=15500: mAttrs={(0,0)(fillxfill) sim={adjust=resize forwardNavigation} ty=BASE_APPLICATION wanim=0x1030304
02-05 17:40:56.708  1163  3935 V WindowManager:   fl=81810100
02-05 17:40:56.708  1163  3935 V WindowManager:   pfl=12020000
02-05 17:40:56.708  1163  3935 V WindowManager:   fitSides= naviIconColor=0}
02-05 17:40:56.708 15500 15500 I SurfaceControl: nativeRelease nativeObject s[498994762112]
02-05 17:40:56.708 15500 15500 I SurfaceControl: nativeRelease nativeObject e[498994762112]
02-05 17:40:56.708 15500 15500 I SurfaceControl: assignNativeObject: nativeObject = 0 Surface(name=null)/@0x34f7f64 / android.view.SurfaceControl.readFromParcel:1117 android.view.IWindowSession$Stub$Proxy.relayout:1810 android.view.ViewRootImpl.relayoutWindow:9005 android.view.ViewRootImpl.performTraversals:3360 android.view.ViewRootImpl.doTraversal:2618 android.view.ViewRootImpl$TraversalRunnable.run:9971 android.view.Choreographer$CallbackRecord.run:1010 android.view.Choreographer.doCallbacks:809 android.view.Choreographer.doFrame:744 android.view.Choreographer$FrameDisplayEventReceiver.run:995
02-05 17:40:56.708 15500 15500 I SurfaceControl: assignNativeObject: nativeObject = 0 Surface(name=null)/@0x38e75c3 / android.view.SurfaceControl.readFromParcel:1117 android.view.IWindowSession$Stub$Proxy.relayout:1820 android.view.ViewRootImpl.relayoutWindow:9005 android.view.ViewRootImpl.performTraversals:3360 android.view.ViewRootImpl.doTraversal:2618 android.view.ViewRootImpl$TraversalRunnable.run:9971 android.view.Choreographer$CallbackRecord.run:1010 android.view.Choreographer.doCallbacks:809 android.view.Choreographer.doFrame:744 android.view.Choreographer$FrameDisplayEventReceiver.run:995
02-05 17:40:56.709 15500 15500 I SurfaceControl: nativeRelease nativeObject s[499196687584]
02-05 17:40:56.709 15500 15500 I SurfaceControl: nativeRelease nativeObject e[499196687584]
02-05 17:40:56.709 15500 15500 I ViewRootImpl@db11d72[GridListActivity]: Relayout returned: old=(0,0,1080,2400) new=(0,0,1080,2400) req=(1080,2400)8 dur=2 res=0x5 s={false 0} ch=true fn=19
02-05 17:40:56.709   789   789 D SurfaceFlinger: Display 21442653864348033 HWC layers:
02-05 17:40:56.709   789   789 D SurfaceFlinger:      DEVICE | 0x7408191900 | 0002 | RGBA_8888    |    0.0    0.0 1080.0 2400.0 |    0    0 1080 2400 | com.example.dogglers/androidx.test.c[...]tivityInvoker$EmptyActivity$_15500#0
02-05 17:40:56.709   789   789 D SurfaceFlinger:      DEVICE | 0x7428c3fac0 | 0000 | RGBA_8888    |    0.0    0.0 1080.0   88.0 |    0    0 1080   88 | StatusBar$_1680#0
02-05 17:40:56.709   789   789 D SurfaceFlinger:      DEVICE | 0x7428c40600 | 0000 | RGBA_8888    |    0.0    0.0 1080.0  144.0 |    0 2256 1080 2400 | NavigationBar0$_1680#0
02-05 17:40:56.709   789   789 D SurfaceFlinger:      DEVICE | 0x7408191180 | 0000 | RGBA_8888    |    0.0    0.0 1080.0  125.0 |    0    0 1080  125 | ScreenDecorOverlay$_1680#0
02-05 17:40:56.709   789   789 D SurfaceFlinger:      DEVICE | 0x7428c3f480 | 0000 | RGBA_8888    |    0.0    0.0 1080.0  112.0 |    0 2288 1080 2400 | ScreenDecorOverlayBottom$_1680#0
02-05 17:40:56.709   789   789 D SurfaceFlinger:
02-05 17:40:56.709 15500 15500 I ViewRootImpl@db11d72[GridListActivity]: stopped(true) old=false
02-05 17:40:56.709 15500 15500 D LifecycleMonitor: Lifecycle status change: com.example.dogglers.GridListActivity@b086d6a in: STOPPED
02-05 17:40:56.710 15500 15500 D LifecycleMonitor: running callback: androidx.test.core.app.ActivityScenario$1@2ae49e3
02-05 17:40:56.710 15500 15500 V ActivityScenario: Update currentActivityStage to STOPPED, currentActivity=com.example.dogglers.GridListActivity@b086d6a
02-05 17:40:56.710 15500 15500 D LifecycleMonitor: callback completes: androidx.test.core.app.ActivityScenario$1@2ae49e3
02-05 17:40:56.710 15500 15500 D LifecycleMonitor: Lifecycle status change: com.example.dogglers.GridListActivity@b086d6a in: DESTROYED
02-05 17:40:56.710 15500 15500 D LifecycleMonitor: running callback: androidx.test.core.app.ActivityScenario$1@2ae49e3
02-05 17:40:56.710 15500 15500 V ActivityScenario: Update currentActivityStage to DESTROYED, currentActivity=null
02-05 17:40:56.710 15500 15500 D LifecycleMonitor: callback completes: androidx.test.core.app.ActivityScenario$1@2ae49e3
02-05 17:40:56.712 15500 15500 I ViewRootImpl@db11d72[GridListActivity]: dispatchDetachedFromWindow
02-05 17:40:56.712  1163  2104 D InputTransport: Input channel destroyed: '34734e8', fd=915
02-05 17:40:56.712  1163  2104 I SurfaceControl: nativeRelease nativeObject s[496884985984]
02-05 17:40:56.712  1163  2104 I SurfaceControl: nativeRelease nativeObject e[496884985984]
02-05 17:40:56.712  1163  2104 D WindowManager: isScreenshotDisabledLocked - win: Window{34734e8 u0 com.example.dogglers/com.example.dogglers.GridListActivity}
02-05 17:40:56.712  1163  2104 D WindowManager: isScreenshotDisabledLocked: userId = 0, disabled =false
02-05 17:40:56.712  1163  2104 I SurfaceControl: nativeRelease nativeObject s[496871103936]
02-05 17:40:56.712  1163  2104 I SurfaceControl: nativeRelease nativeObject e[496871103936]
02-05 17:40:56.712   789   835 I SurfaceFlinger: id=79818 createSurf (0x0),-1 flag=24004, Surface(name=dbf3b45 InputMethod)/@0xf70bba8 - animation-leash#0
02-05 17:40:56.713  1163  2104 I SurfaceControl: nativeRelease nativeObject s[496884987808]
02-05 17:40:56.713  1163  2104 I SurfaceControl: nativeRelease nativeObject e[496884987808]
02-05 17:40:56.713   789   834 I Layer   : id=79807 removeFromCurrentState com.example.dogglers/com.example.dogglers.GridListActivity$_15500#0 (205)
02-05 17:40:56.714  1163  2104 W WindowManager: lockNow pending, ignore updating lockscreen timeout
02-05 17:40:56.714   789  1272 I Layer   : id=79806 removeFromCurrentState 34734e8 com.example.dogglers/com.example.dogglers.GridListActivity#0 (205)
02-05 17:40:56.714   789  1272 I Layer   : id=79811 removeFromCurrentState Surface(name=dbf3b45 InputMethod)/@0xf70bba8 - animation-leash#1 (205)
02-05 17:40:56.715 15500 15500 D InputTransport: Input channel destroyed: '34734e8', fd=90
02-05 17:40:56.715   789   835 I SurfaceFlinger: id=79807 Removed com.example.dogglers/com.example.dogglers.GridListActivity$_15500#0 (205)
02-05 17:40:56.715 15500 15500 E ViewRootImpl: sendUserActionEvent() mView returned.
02-05 17:40:56.715   789   835 I SurfaceFlinger: id=79806 Removed 34734e8 com.example.dogglers/com.example.dogglers.GridListActivity#0 (205)
02-05 17:40:56.716  1163  3938 I SurfaceControl: nativeRelease nativeObject s[499038073568]
02-05 17:40:56.716  1163  3938 I SurfaceControl: nativeRelease nativeObject e[499038073568]
02-05 17:40:56.719 15500 15500 D LifecycleMonitor: Lifecycle status change: androidx.test.core.app.InstrumentationActivityInvoker$EmptyActivity@911a2cc in: PAUSED
02-05 17:40:56.719 15500 15500 D LifecycleMonitor: running callback: androidx.test.core.app.ActivityScenario$1@2ae49e3
02-05 17:40:56.719 15500 15500 V ActivityScenario: Activity lifecycle changed event received but ignored because the intent does not match. startActivityIntent=Intent { act=android.intent.action.MAIN cat=[android.intent.category.LAUNCHER] cmp=com.example.dogglers/.GridListActivity }, activity.getIntent()=Intent { act=android.intent.action.MAIN cat=[android.intent.category.LAUNCHER] flg=0x10000000 cmp=com.example.dogglers/androidx.test.core.app.InstrumentationActivityInvoker$EmptyActivity }, activity=androidx.test.core.app.InstrumentationActivityInvoker$EmptyActivity@911a2cc
02-05 17:40:56.719 15500 15500 D LifecycleMonitor: callback completes: androidx.test.core.app.ActivityScenario$1@2ae49e3
02-05 17:40:56.721  1163  3944 V WindowOrientationListener: getProposedRotation: 0
02-05 17:40:56.721  1163  3944 V WindowOrientationListener: getProposedRotation: 0
02-05 17:40:56.721  1163  3944 V WindowOrientationListener: getProposedRotation: 0
02-05 17:40:56.722  1163  3944 D InputDispatcher: Focused application set to (0): 62c9fbb
02-05 17:40:56.722   789   789 I Layer   : id=79806[1] Destroyed 34734e8 com.example.dogglers/com.example.dogglers.GridListActivity#0
02-05 17:40:56.722   789   789 I Layer   : id=79807[1] Destroyed com.example.dogglers/com.example.dogglers.GridListActivity$_15500#0
02-05 17:40:56.724  1163  3944 W WindowManager: lockNow pending, ignore updating lockscreen timeout
02-05 17:40:56.724   789   835 I Layer   : id=79803 removeFromCurrentState ActivityRecord{5837791 u0 com.example.dogglers/.GridListActivity t12732}#0 (203)
02-05 17:40:56.725   789  2265 I SurfaceFlinger: id=79803 Removed ActivityRecord{5837791 u0 com.example.dogglers/.GridListActivity t12732}#0 (203)
02-05 17:40:56.725 15500 15500 I ViewRootImpl@2f3c191[InstrumentationActivityInvoker$EmptyActivity]: MSG_WINDOW_FOCUS_CHANGED 1 1
02-05 17:40:56.725 15500 15500 D InputMethodManager: prepareNavigationBarInfo() DecorView@51e942a[InstrumentationActivityInvoker$EmptyActivity]
02-05 17:40:56.725 15500 15500 D InputMethodManager: getNavigationBarColor() -16711423
02-05 17:40:56.725 15500 15500 D InputMethodManager: prepareNavigationBarInfo() DecorView@51e942a[InstrumentationActivityInvoker$EmptyActivity]
02-05 17:40:56.725 15500 15500 D InputMethodManager: getNavigationBarColor() -16711423
02-05 17:40:56.725 15500 15500 V InputMethodManager: Starting input: tba=com.example.dogglers ic=null mNaviBarColor -16711423 mIsGetNaviBarColorSuccess true , NavVisible : true , NavTrans : false
02-05 17:40:56.725 15500 15500 D InputMethodManager: startInputInner - Id : 0
02-05 17:40:56.725 15500 15500 I InputMethodManager: startInputInner - mService.startInputOrWindowGainedFocus
02-05 17:40:56.726  1163  3944 D InputMethodManagerService: mSecureKeypadEnabled = false
02-05 17:40:56.726  1163  3944 V InputMethodManagerService: hideCurrentInputLocked : shouldHideSoftInput is false
02-05 17:40:56.726  1163  3944 D InputMethodManagerService: DESKTOP MODE! : 2
02-05 17:40:56.726  1163  3944 D InputMethodManagerService: NOT IN KNOX DESKTOP MODE!
02-05 17:40:56.726  1163  3944 V InputMethodManagerService: getDisplayIdOfInputMethodWindowToBeAdded : 0
02-05 17:40:56.726  1163  3944 D InputMethodManagerService: checkDisplayOfStartInputAndUpdateKeyboard display Id 0last 0
02-05 17:40:56.726  1163  3944 D InputTransport: Input channel constructed: 'ClientS', fd=887
02-05 17:40:56.726  1163  3944 D InputTransport: Input channel destroyed: 'ClientS', fd=887
02-05 17:40:56.726 15500 15500 D InputTransport: Input channel constructed: 'ClientS', fd=90
02-05 17:40:56.726 15500 15500 D InputTransport: Input channel destroyed: 'ClientS', fd=97
02-05 17:40:56.727  1163  3935 I SurfaceControl: nativeRelease nativeObject s[496867019840]
02-05 17:40:56.727  1163  3935 I SurfaceControl: nativeRelease nativeObject e[496867019840]
02-05 17:40:56.727   789  2265 I SurfaceFlinger: id=79819 createSurf (0x0),-1 flag=24004, Surface(name=dbf3b45 InputMethod)/@0xf70bba8 - animation-leash#1
02-05 17:40:56.728  3640  3640 I GoogleInputMethodService: GoogleInputMethodService.onFinishInput():3316
02-05 17:40:56.729 15500 15500 D LifecycleMonitor: Lifecycle status change: androidx.test.core.app.InstrumentationActivityInvoker$BootstrapActivity@8192e12 in: DESTROYED
02-05 17:40:56.729  3640  3640 I GoogleInputMethodService: GoogleInputMethodService.updateDeviceLockedStatus():2181 checkRepeatedly = false, unlocked = true
02-05 17:40:56.729 15500 15500 D LifecycleMonitor: running callback: androidx.test.core.app.ActivityScenario$1@2ae49e3
02-05 17:40:56.729  3640  3640 D InputMethodService: checkDisplayOfStartInputAndUpdateKeyboard display Id 0last 0
02-05 17:40:56.729 15500 15500 V ActivityScenario: Activity lifecycle changed event received but ignored because the intent does not match. startActivityIntent=Intent { act=android.intent.action.MAIN cat=[android.intent.category.LAUNCHER] cmp=com.example.dogglers/.GridListActivity }, activity.getIntent()=Intent { act=android.intent.action.MAIN cat=[android.intent.category.LAUNCHER] flg=0x10008000 cmp=com.example.dogglers/androidx.test.core.app.InstrumentationActivityInvoker$BootstrapActivity (has extras) }, activity=androidx.test.core.app.InstrumentationActivityInvoker$BootstrapActivity@8192e12
02-05 17:40:56.729 15500 15500 D LifecycleMonitor: callback completes: androidx.test.core.app.ActivityScenario$1@2ae49e3
02-05 17:40:56.729  3640  3640 I GoogleInputMethodService: GoogleInputMethodService.onStartInput():1989
02-05 17:40:56.729  1163  3935 I SurfaceControl: nativeRelease nativeObject s[499038030848]
02-05 17:40:56.729  1163  3935 I SurfaceControl: nativeRelease nativeObject e[499038030848]
02-05 17:40:56.730  3640  3640 I GoogleInputMethodService: GoogleInputMethodService.updateDeviceLockedStatus():2181 checkRepeatedly = true, unlocked = true
02-05 17:40:56.731  1163  1240 W WindowManager: lockNow pending, ignore updating lockscreen timeout
02-05 17:40:56.732   789  2265 I Layer   : id=79818 removeFromCurrentState Surface(name=dbf3b45 InputMethod)/@0xf70bba8 - animation-leash#0 (204)
02-05 17:40:56.732   789  2265 I Layer   : id=79800 removeFromCurrentState ActivityRecord{e9d231a u0 com.example.dogglers/androidx.test.core.app.InstrumentationActivityInvoker$BootstrapActivity t12732}#0 (204)
02-05 17:40:56.732   789  2265 I SurfaceFlinger: id=79800 Removed ActivityRecord{e9d231a u0 com.example.dogglers/androidx.test.core.app.InstrumentationActivityInvoker$BootstrapActivity t12732}#0 (204)
02-05 17:40:56.733 15500 15500 D LifecycleMonitor: Lifecycle status change: androidx.test.core.app.InstrumentationActivityInvoker$EmptyActivity@d5411c9 in: PRE_ON_CREATE
02-05 17:40:56.733 15500 15500 D LifecycleMonitor: running callback: androidx.test.core.app.ActivityScenario$1@2ae49e3
02-05 17:40:56.733 15500 15500 V ActivityScenario: Activity lifecycle changed event received but ignored because the intent does not match. startActivityIntent=Intent { act=android.intent.action.MAIN cat=[android.intent.category.LAUNCHER] cmp=com.example.dogglers/.GridListActivity }, activity.getIntent()=Intent { act=android.intent.action.MAIN cat=[android.intent.category.LAUNCHER] flg=0x10000000 cmp=com.example.dogglers/androidx.test.core.app.InstrumentationActivityInvoker$EmptyActivity }, activity=androidx.test.core.app.InstrumentationActivityInvoker$EmptyActivity@d5411c9
02-05 17:40:56.733 15500 15500 D LifecycleMonitor: callback completes: androidx.test.core.app.ActivityScenario$1@2ae49e3
02-05 17:40:56.734 32609 32609 D BoundBrokerSvc: onUnbind: Intent { act=com.google.android.gms.facs.internal.service.START cmp=com.google.android.gms/.chimera.GmsInternalApiService }
02-05 17:40:56.735   722  1358 I Sensors : Uncalibrated lux = 0, CCT = 0, r = 0, g = 0, b = 0, c = 0, atime = 0, again = 0, time = 515559077855543
02-05 17:40:56.735   722  1358 I Sensors : luminance 0
02-05 17:40:56.738 15500 15500 I DecorView: [INFO] isPopOver=false, config=true
02-05 17:40:56.738 15500 15500 I DecorView: updateCaptionType >> DecorView@13c4bef[], isFloating=false, isApplication=true, hasWindowDecorCaption=false, hasWindowControllerCallback=true
02-05 17:40:56.738 15500 15500 D DecorView: setCaptionType = 0, this = DecorView@13c4bef[]
02-05 17:40:56.739   789   789 I Layer   : id=79800[1] Destroyed ActivityRecord{e9d231a u0 com.example.dogglers/androidx.test.core.app.InstrumentationActivityInvoker$BootstrapActivity t12732}#0
02-05 17:40:56.739   789   789 I Layer   : id=79803[1] Destroyed ActivityRecord{5837791 u0 com.example.dogglers/.GridListActivity t12732}#0
02-05 17:40:56.739  1163  3944 I InputDispatcher: Focus left window (15500): c1a5ba7 in display 0 0
02-05 17:40:56.739 15500 15500 D LifecycleMonitor: Lifecycle status change: androidx.test.core.app.InstrumentationActivityInvoker$EmptyActivity@d5411c9 in: CREATED
02-05 17:40:56.740 15500 15500 D LifecycleMonitor: running callback: androidx.test.core.app.ActivityScenario$1@2ae49e3
02-05 17:40:56.740 15500 15500 V ActivityScenario: Activity lifecycle changed event received but ignored because the intent does not match. startActivityIntent=Intent { act=android.intent.action.MAIN cat=[android.intent.category.LAUNCHER] cmp=com.example.dogglers/.GridListActivity }, activity.getIntent()=Intent { act=android.intent.action.MAIN cat=[android.intent.category.LAUNCHER] flg=0x10000000 cmp=com.example.dogglers/androidx.test.core.app.InstrumentationActivityInvoker$EmptyActivity }, activity=androidx.test.core.app.InstrumentationActivityInvoker$EmptyActivity@d5411c9
02-05 17:40:56.740 15500 15500 D LifecycleMonitor: callback completes: androidx.test.core.app.ActivityScenario$1@2ae49e3
02-05 17:40:56.741 15500 15500 D LifecycleMonitor: Lifecycle status change: androidx.test.core.app.InstrumentationActivityInvoker$EmptyActivity@d5411c9 in: STARTED
02-05 17:40:56.741 15500 15500 D LifecycleMonitor: running callback: androidx.test.core.app.ActivityScenario$1@2ae49e3
02-05 17:40:56.741 15500 15500 V ActivityScenario: Activity lifecycle changed event received but ignored because the intent does not match. startActivityIntent=Intent { act=android.intent.action.MAIN cat=[android.intent.category.LAUNCHER] cmp=com.example.dogglers/.GridListActivity }, activity.getIntent()=Intent { act=android.intent.action.MAIN cat=[android.intent.category.LAUNCHER] flg=0x10000000 cmp=com.example.dogglers/androidx.test.core.app.InstrumentationActivityInvoker$EmptyActivity }, activity=androidx.test.core.app.InstrumentationActivityInvoker$EmptyActivity@d5411c9
02-05 17:40:56.741 15500 15500 D LifecycleMonitor: callback completes: androidx.test.core.app.ActivityScenario$1@2ae49e3
02-05 17:40:56.742 15500 15500 D LifecycleMonitor: Lifecycle status change: androidx.test.core.app.InstrumentationActivityInvoker$EmptyActivity@d5411c9 in: RESUMED
02-05 17:40:56.742 15500 15500 D LifecycleMonitor: running callback: androidx.test.core.app.ActivityScenario$1@2ae49e3
02-05 17:40:56.742 15500 15500 V ActivityScenario: Activity lifecycle changed event received but ignored because the intent does not match. startActivityIntent=Intent { act=android.intent.action.MAIN cat=[android.intent.category.LAUNCHER] cmp=com.example.dogglers/.GridListActivity }, activity.getIntent()=Intent { act=android.intent.action.MAIN cat=[android.intent.category.LAUNCHER] flg=0x10000000 cmp=com.example.dogglers/androidx.test.core.app.InstrumentationActivityInvoker$EmptyActivity }, activity=androidx.test.core.app.InstrumentationActivityInvoker$EmptyActivity@d5411c9
02-05 17:40:56.742 15500 15500 D LifecycleMonitor: callback completes: androidx.test.core.app.ActivityScenario$1@2ae49e3
02-05 17:40:56.743   722  1358 I Sensors : Uncalibrated lux = 64, CCT = 0, r = 209, g = 28, b = 0, c = 0, atime = 384, again = 2, time = 515559099855543
02-05 17:40:56.743   722  1358 I Sensors : luminance 193
02-05 17:40:56.743  1163  3938 D SensorService: removeConnection, index : 0, size : 1
02-05 17:40:56.743  1163  3938 D SensorService: # removeConnection, index : 0, size : 0
02-05 17:40:56.743  1163  3938 D SensorService: Calling activate off 41
02-05 17:40:56.744   722   722 I Sensors : UncalLightSensor old sensor_state 278528, new sensor_state : 70368744456192 en : 0
02-05 17:40:56.744   722   722 I Sensors : disable:: uncal_light_sensor(5)
02-05 17:40:56.745  1163  1801 D InputTransport: Input channel constructed: '6ac6fa1', fd=887
02-05 17:40:56.745  1163  1801 D InputTransport: Input channel constructed: '6ac6fa1', fd=888
02-05 17:40:56.745   789   835 I SurfaceFlinger: id=79820 createSurf (0x0),-1 flag=80004, 6ac6fa1 com.example.dogglers/androidx.test.core.app.InstrumentationActivityInvoker$EmptyActivity#0
