02-05 17:41:00.706  1163  1237 E Native_CFMS: nativePerfMgrRemoveTask    Fail    tid : 2003    return : -1
02-05 17:41:00.709 15500 15500 D IdlingResourceRegistry: All idling resources are idle.
02-05 17:41:00.709 15500 15500 D IdlingResourceRegistry: All idling resources are idle.
02-05 17:41:00.710 15500 15500 I ViewInteraction: Performing 'scroll RecyclerView to position: 5' action on view with id is <com.example.dogglers:id/horizontal_recycler_view>
02-05 17:41:00.714  1163  2104 I SemDvfsHyPerManager: acquire hyper - AMS_ACT_START/1163@20, type = -999
02-05 17:41:00.714   726   817 I HYPER-HAL: [RequestManager.cpp]acquire(): Acquired ID : 700356  [1163 / 20]    HINT : AMS_ACT_START    list :
02-05 17:41:00.715   789  1272 I SurfaceFlinger: id=79998 createSurf (0x0),-1 flag=80004, ActivityRecord{ac05321 u0 com.example.dogglers/androidx.test.core.app.InstrumentationActivityInvoker$EmptyActivity t12737}#0
02-05 17:41:00.715   726   817 I HYPER-HAL: [ResourceManager.cpp]updateResource(): [CPUMinFreq] UpdateResource Request ID : 700356    Value : 1930195
02-05 17:41:00.716   789   789 I Layer   : id=79977[1] Destroyed com.sec.android.app.launcher/com.sec.android.app.launcher.activities.LauncherActivity$_2003#0
02-05 17:41:00.716  1680  1680 D SecStatusBarMobileView: setStaticDrawableColor:
02-05 17:41:00.717  1163  2104 W WindowManager: lockNow pending, ignore updating lockscreen timeout
02-05 17:41:00.719 15500 15500 D LifecycleMonitor: Lifecycle status change: com.example.dogglers.HorizontalListActivity@ae2f931 in: PAUSED
02-05 17:41:00.719 15500 15500 D LifecycleMonitor: running callback: androidx.test.core.app.ActivityScenario$1@f6c7f3e
02-05 17:41:00.719 15500 15500 V ActivityScenario: Update currentActivityStage to PAUSED, currentActivity=com.example.dogglers.HorizontalListActivity@ae2f931
02-05 17:41:00.719 15500 15500 D LifecycleMonitor: callback completes: androidx.test.core.app.ActivityScenario$1@f6c7f3e
02-05 17:41:00.720  1163  1796 V WindowOrientationListener: getProposedRotation: 0
02-05 17:41:00.720  1163  1796 V WindowOrientationListener: getProposedRotation: 0
02-05 17:41:00.721  1163  1796 V WindowOrientationListener: getProposedRotation: 0
02-05 17:41:00.722  1163  1796 D InputDispatcher: Focused application set to (0): ac05321
02-05 17:41:00.722  1163  1796 I SurfaceControl: nativeRelease nativeObject s[499183877696]
02-05 17:41:00.722  1163  1796 I SurfaceControl: nativeRelease nativeObject e[499183877696]
02-05 17:41:00.722   789  1272 I SurfaceFlinger: id=79999 createSurf (0x0),-1 flag=24000, Surface(name=8c655e2 StatusBar)/@0x44a9b07 - animation-leash#1
02-05 17:41:00.723  1163  1796 I SurfaceControl: nativeRelease nativeObject s[499183877792]
02-05 17:41:00.723  1163  1796 I SurfaceControl: nativeRelease nativeObject e[499183877792]
02-05 17:41:00.723   789  1273 I SurfaceFlinger: id=80000 createSurf (0x0),-1 flag=24000, Surface(name=b29f82b NavigationBar0)/@0x8634759 - animation-leash#0
02-05 17:41:00.725  1163  1796 W WindowManager: lockNow pending, ignore updating lockscreen timeout
02-05 17:41:00.726   789  1273 I Layer   : id=79994 removeFromCurrentState Surface(name=8c655e2 StatusBar)/@0x44a9b07 - animation-leash#0 (204)
02-05 17:41:00.726   789  1273 I Layer   : id=79995 removeFromCurrentState Surface(name=b29f82b NavigationBar0)/@0x8634759 - animation-leash#1 (204)
02-05 17:41:00.730 15500 15500 D LifecycleMonitor: Lifecycle status change: androidx.test.core.app.InstrumentationActivityInvoker$EmptyActivity@d947976 in: PRE_ON_CREATE
02-05 17:41:00.730 15500 15500 D LifecycleMonitor: running callback: androidx.test.core.app.ActivityScenario$1@f6c7f3e
02-05 17:41:00.730 15500 15500 V ActivityScenario: Activity lifecycle changed event received but ignored because the intent does not match. startActivityIntent=Intent { act=android.intent.action.MAIN cat=[android.intent.category.LAUNCHER] cmp=com.example.dogglers/.HorizontalListActivity }, activity.getIntent()=Intent { act=android.intent.action.MAIN cat=[android.intent.category.LAUNCHER] flg=0x10000000 cmp=com.example.dogglers/androidx.test.core.app.InstrumentationActivityInvoker$EmptyActivity }, activity=androidx.test.core.app.InstrumentationActivityInvoker$EmptyActivity@d947976
02-05 17:41:00.730 15500 15500 D LifecycleMonitor: callback completes: androidx.test.core.app.ActivityScenario$1@f6c7f3e
02-05 17:41:00.733  1680  1680 D SecStatusBarMobileView: setStaticDrawableColor:
02-05 17:41:00.734 15500 15500 I DecorView: [INFO] isPopOver=false, config=true
02-05 17:41:00.734 15500 15500 I DecorView: updateCaptionType >> DecorView@f7ee3e4[], isFloating=false, isApplication=true, hasWindowDecorCaption=false, hasWindowControllerCallback=true
02-05 17:41:00.734 15500 15500 D DecorView: setCaptionType = 0, this = DecorView@f7ee3e4[]
02-05 17:41:00.736 15500 15500 D LifecycleMonitor: Lifecycle status change: androidx.test.core.app.InstrumentationActivityInvoker$EmptyActivity@d947976 in: CREATED
02-05 17:41:00.736 15500 15500 D LifecycleMonitor: running callback: androidx.test.core.app.ActivityScenario$1@f6c7f3e
02-05 17:41:00.736 15500 15500 V ActivityScenario: Activity lifecycle changed event received but ignored because the intent does not match. startActivityIntent=Intent { act=android.intent.action.MAIN cat=[android.intent.category.LAUNCHER] cmp=com.example.dogglers/.HorizontalListActivity }, activity.getIntent()=Intent { act=android.intent.action.MAIN cat=[android.intent.category.LAUNCHER] flg=0x10000000 cmp=com.example.dogglers/androidx.test.core.app.InstrumentationActivityInvoker$EmptyActivity }, activity=androidx.test.core.app.InstrumentationActivityInvoker$EmptyActivity@d947976
02-05 17:41:00.736 15500 15500 D LifecycleMonitor: callback completes: androidx.test.core.app.ActivityScenario$1@f6c7f3e
02-05 17:41:00.737 15500 15500 D LifecycleMonitor: Lifecycle status change: androidx.test.core.app.InstrumentationActivityInvoker$EmptyActivity@d947976 in: STARTED
02-05 17:41:00.737 15500 15500 D LifecycleMonitor: running callback: androidx.test.core.app.ActivityScenario$1@f6c7f3e
02-05 17:41:00.737 15500 15500 V ActivityScenario: Activity lifecycle changed event received but ignored because the intent does not match. startActivityIntent=Intent { act=android.intent.action.MAIN cat=[android.intent.category.LAUNCHER] cmp=com.example.dogglers/.HorizontalListActivity }, activity.getIntent()=Intent { act=android.intent.action.MAIN cat=[android.intent.category.LAUNCHER] flg=0x10000000 cmp=com.example.dogglers/androidx.test.core.app.InstrumentationActivityInvoker$EmptyActivity }, activity=androidx.test.core.app.InstrumentationActivityInvoker$EmptyActivity@d947976
02-05 17:41:00.737 15500 15500 D LifecycleMonitor: callback completes: androidx.test.core.app.ActivityScenario$1@f6c7f3e
02-05 17:41:00.739   789   789 D SurfaceFlinger: Display 21442653864348033 HWC layers:
02-05 17:41:00.739   789   789 D SurfaceFlinger:      DEVICE | 0x74084fe300 | 0002 | RGBA_8888    |    0.0    0.0 1080.0 2400.0 |    0    0 1080 2400 | com.example.dogglers/com.example.dogglers.HorizontalListActivity$_15500#0
02-05 17:41:00.739   789   789 D SurfaceFlinger:      DEVICE | 0x7428c3f840 | 0002 | RGBA_8888    |    0.0    0.0 1080.0 2400.0 |    0    0 1080 2400 | Splash Screen com.example.dogglers#0
02-05 17:41:00.739   789   789 D SurfaceFlinger:      DEVICE | 0x7428c3fac0 | 0000 | RGBA_8888    |    0.0    0.0 1080.0   88.0 |    0    0 1080   88 | StatusBar$_1680#0
02-05 17:41:00.739   789   789 D SurfaceFlinger:      DEVICE | 0x7428c3ea80 | 0000 | RGBA_8888    |    0.0    0.0 1080.0  144.0 |    0 2256 1080 2400 | NavigationBar0$_1680#0
02-05 17:41:00.739   789   789 D SurfaceFlinger:      DEVICE | 0x7408191180 | 0000 | RGBA_8888    |    0.0    0.0 1080.0  125.0 |    0    0 1080  125 | ScreenDecorOverlay$_1680#0
02-05 17:41:00.739   789   789 D SurfaceFlinger:      DEVICE | 0x7428c3f480 | 0000 | RGBA_8888    |    0.0    0.0 1080.0  112.0 |    0 2288 1080 2400 | ScreenDecorOverlayBottom$_1680#0
02-05 17:41:00.739   789   789 D SurfaceFlinger:
02-05 17:41:00.739 15500 15500 D LifecycleMonitor: Lifecycle status change: androidx.test.core.app.InstrumentationActivityInvoker$EmptyActivity@d947976 in: RESUMED
02-05 17:41:00.739 15500 15500 D LifecycleMonitor: running callback: androidx.test.core.app.ActivityScenario$1@f6c7f3e
02-05 17:41:00.739 15500 15500 V ActivityScenario: Activity lifecycle changed event received but ignored because the intent does not match. startActivityIntent=Intent { act=android.intent.action.MAIN cat=[android.intent.category.LAUNCHER] cmp=com.example.dogglers/.HorizontalListActivity }, activity.getIntent()=Intent { act=android.intent.action.MAIN cat=[android.intent.category.LAUNCHER] flg=0x10000000 cmp=com.example.dogglers/androidx.test.core.app.InstrumentationActivityInvoker$EmptyActivity }, activity=androidx.test.core.app.InstrumentationActivityInvoker$EmptyActivity@d947976
02-05 17:41:00.739 15500 15500 D LifecycleMonitor: callback completes: androidx.test.core.app.ActivityScenario$1@f6c7f3e
02-05 17:41:00.742  1163  2104 D InputTransport: Input channel constructed: '9c6cf1b', fd=934
02-05 17:41:00.742  1163  2104 D InputTransport: Input channel constructed: '9c6cf1b', fd=963
02-05 17:41:00.742   789  1273 I SurfaceFlinger: id=80001 createSurf (0x0),-1 flag=80004, 9c6cf1b com.example.dogglers/androidx.test.core.app.InstrumentationActivityInvoker$EmptyActivity#0
02-05 17:41:00.742  1163  2104 D WindowManager: isScreenshotDisabledLocked - win: Window{9c6cf1b u0 com.example.dogglers/androidx.test.core.app.InstrumentationActivityInvoker$EmptyActivity}
02-05 17:41:00.742  1163  2104 D WindowManager: isScreenshotDisabledLocked: userId = 0, disabled =false
02-05 17:41:00.743  1163  2104 D InputTransport: Input channel destroyed: '9c6cf1b', fd=963
02-05 17:41:00.743 15500 15500 D InputTransport: Input channel constructed: '9c6cf1b', fd=100
02-05 17:41:00.744 15500 15500 I ViewRootImpl@16ab813[InstrumentationActivityInvoker$EmptyActivity]: setView = com.android.internal.policy.DecorView@f7ee3e4 TM=true
02-05 17:41:00.744 15500 15500 I SurfaceControl: nativeRelease nativeObject s[498994765376]
02-05 17:41:00.744 15500 15500 I SurfaceControl: nativeRelease nativeObject e[498994765376]
02-05 17:41:00.744 15500 15500 I SurfaceControl: nativeRelease nativeObject s[498994764800]
02-05 17:41:00.744 15500 15500 I SurfaceControl: nativeRelease nativeObject e[498994764800]
02-05 17:41:00.744 15500 15500 I SurfaceControl: nativeRelease nativeObject s[498994764512]
02-05 17:41:00.744 15500 15500 I SurfaceControl: nativeRelease nativeObject e[498994764512]
02-05 17:41:00.744   789  1273 I SurfaceFlinger: id=79995 Removed Surface(name=b29f82b NavigationBar0)/@0x8634759 - animation-leash#1 (205)
02-05 17:41:00.744   789   834 I SurfaceFlinger: id=79994 Removed Surface(name=8c655e2 StatusBar)/@0x44a9b07 - animation-leash#0 (205)
02-05 17:41:00.749   789   789 I Layer   : id=79995[1] Destroyed Surface(name=b29f82b NavigationBar0)/@0x8634759 - animation-leash#1
02-05 17:41:00.749   789   789 I Layer   : id=79994[1] Destroyed Surface(name=8c655e2 StatusBar)/@0x44a9b07 - animation-leash#0
02-05 17:41:00.750  1680  1680 D SecStatusBarMobileView: setStaticDrawableColor:
02-05 17:41:00.750  1163  1796 I InputDispatcher: Focus left window (15500): 7b19a5e in display 0 0
02-05 17:41:00.752  1163  2104 V WindowManager: Relayout Window{9c6cf1b u0 com.example.dogglers/androidx.test.core.app.InstrumentationActivityInvoker$EmptyActivity}: viewVisibility=0 req=1080x2400
02-05 17:41:00.752  1163  2104 W WindowManager: lockNow pending, ignore updating lockscreen timeout
02-05 17:41:00.753  1163  2104 D WindowManager: isScreenshotDisabledLocked - win: Window{9c6cf1b u0 com.example.dogglers/androidx.test.core.app.InstrumentationActivityInvoker$EmptyActivity}
02-05 17:41:00.753  1163  2104 D WindowManager: isScreenshotDisabledLocked: userId = 0, disabled =false
02-05 17:41:00.753   789  1272 I SurfaceFlinger: id=80002 createSurf (1080x2400),1 flag=404, com.example.dogglers/androidx.test.core.app.InstrumentationActivityInvoker$EmptyActivity$_15500#0
02-05 17:41:00.755  1163  2104 I SurfaceControl: nativeRelease nativeObject s[499038064736]
02-05 17:41:00.755  1163  2104 I SurfaceControl: nativeRelease nativeObject e[499038064736]
02-05 17:41:00.755   789   834 I SurfaceFlinger: id=80003 createSurf (0x0),-1 flag=24000, Surface(name=8c655e2 StatusBar)/@0x44a9b07 - animation-leash#0
02-05 17:41:00.755  1163  2104 I SurfaceControl: nativeRelease nativeObject s[499038064832]
02-05 17:41:00.755  1163  2104 I SurfaceControl: nativeRelease nativeObject e[499038064832]
02-05 17:41:00.755   789  1272 I SurfaceFlinger: id=80004 createSurf (0x0),-1 flag=24000, Surface(name=b29f82b NavigationBar0)/@0x8634759 - animation-leash#1
02-05 17:41:00.756  1163  1240 I SurfaceControl: nativeRelease nativeObject s[496785827520]
02-05 17:41:00.756  1163  1240 I SurfaceControl: nativeRelease nativeObject e[496785827520]
02-05 17:41:00.756  1163  2104 V WindowManager: Relayout hash=9c6cf1b, pid=15500: mAttrs={(0,0)(fillxfill) sim={adjust=pan forwardNavigation} ty=BASE_APPLICATION wanim=0x1030001
02-05 17:41:00.756  1163  2104 V WindowManager:   fl=1810100
02-05 17:41:00.756  1163  2104 V WindowManager:   pfl=12020000
02-05 17:41:00.756  1163  2104 V WindowManager:   fitSides= naviIconColor=0}
02-05 17:41:00.756  1163  2104 I SurfaceControl: nativeRelease nativeObject s[496785828672]
02-05 17:41:00.756  1163  2104 I SurfaceControl: nativeRelease nativeObject e[496785828672]
02-05 17:41:00.756  1163  1240 I SurfaceControl: nativeRelease nativeObject s[499038068384]
02-05 17:41:00.756  1163  1240 I SurfaceControl: nativeRelease nativeObject e[499038068384]
02-05 17:41:00.756   789   834 I Layer   : id=79989 removeFromCurrentState Splash Screen com.example.dogglers#0 (206)
02-05 17:41:00.756  1163  1240 I SurfaceControl: nativeRelease nativeObject s[496884985984]
02-05 17:41:00.756  1163  1240 I SurfaceControl: nativeRelease nativeObject e[496884985984]
02-05 17:41:00.757 15500 15500 I SurfaceControl: assignNativeObject: nativeObject = 0 Surface(name=null)/@0x385a50 / android.view.SurfaceControl.readFromParcel:1117 android.view.IWindowSession$Stub$Proxy.relayout:1820 android.view.ViewRootImpl.relayoutWindow:9005 android.view.ViewRootImpl.performTraversals:3360 android.view.ViewRootImpl.doTraversal:2618 android.view.ViewRootImpl$TraversalRunnable.run:9971 android.view.Choreographer$CallbackRecord.run:1010 android.view.Choreographer.doCallbacks:809 android.view.Choreographer.doFrame:744 android.view.Choreographer$FrameDisplayEventReceiver.run:995
02-05 17:41:00.757 15500 15500 I ViewRootImpl@16ab813[InstrumentationActivityInvoker$EmptyActivity]: Relayout returned: old=(0,0,1080,2400) new=(0,0,1080,2400) req=(1080,2400)0 dur=6 res=0x7 s={true 497546661888} ch=true fn=-1
02-05 17:41:00.757  1163  1240 W WindowManager: lockNow pending, ignore updating lockscreen timeout
02-05 17:41:00.758 15500 15565 I mali_winsys: new_window_surface() [1080x2400] return: 0x3000
02-05 17:41:00.758   716   953 D gralloc : [mali_gralloc_allocate] begin
02-05 17:41:00.758   716   953 D gralloc : buffer_descriptor: wh(1080 2400) usage_pc(0x40000000000b00 0x40000000000b00) hal_format(0x1) layer_count(1) sizes(0 0 0) strde(0) byte_stride(0) alloc_wh(0 0) internal_format(0x0) alloc_format(0x0) fd_count(1) plane_count(0)
02-05 17:41:00.758   789   834 I Layer   : id=79999 removeFromCurrentState Surface(name=8c655e2 StatusBar)/@0x44a9b07 - animation-leash#1 (206)
02-05 17:41:00.758   789   834 I Layer   : id=80000 removeFromCurrentState Surface(name=b29f82b NavigationBar0)/@0x8634759 - animation-leash#0 (206)
02-05 17:41:00.758   789   834 I Layer   : id=79987 removeFromCurrentState 5071962 Splash Screen com.example.dogglers#0 (206)
02-05 17:41:00.758   789   834 I Layer   : id=79996 removeFromCurrentState Surface(name=5071962 Splash Screen com.example.dogglers)/@0xc21334f - animation-leash#0 (206)
02-05 17:41:00.759 15500 15500 I ViewRootImpl@16ab813[InstrumentationActivityInvoker$EmptyActivity]: [DP] dp(1) 1 android.view.ViewRootImpl.reportNextDraw:10957 android.view.ViewRootImpl.performTraversals:3845 android.view.ViewRootImpl.doTraversal:2618
02-05 17:41:00.759 15500 15500 I ViewRootImpl@16ab813[InstrumentationActivityInvoker$EmptyActivity]: [DP] pd() Asnyc report
02-05 17:41:00.759   789   834 I SurfaceFlinger: id=79987 Removed 5071962 Splash Screen com.example.dogglers#0 (206)
02-05 17:41:00.759   789   834 I SurfaceFlinger: id=79996 Removed Surface(name=5071962 Splash Screen com.example.dogglers)/@0xc21334f - animation-leash#0 (206)
02-05 17:41:00.759   789  2265 I SurfaceFlinger: id=79989 Removed Splash Screen com.example.dogglers#0 (206)
02-05 17:41:00.760   716   953 D gralloc : [mali_gralloc_allocate] allocation successful
02-05 17:41:00.760   716   953 D gralloc : [mali_gralloc_allocate] begin
02-05 17:41:00.760   716   953 D gralloc : buffer_descriptor: wh(1080 2400) usage_pc(0x40000000000b00 0x40000000000b00) hal_format(0x1) layer_count(1) sizes(0 0 0) strde(0) byte_stride(0) alloc_wh(0 0) internal_format(0x0) alloc_format(0x0) fd_count(1) plane_count(0)
02-05 17:41:00.762   716   953 D gralloc : [mali_gralloc_allocate] allocation successful
02-05 17:41:00.762   716   957 D gralloc : [mali_gralloc_allocate] begin
02-05 17:41:00.762   716   957 D gralloc : buffer_descriptor: wh(1080 2400) usage_pc(0x40000000000b00 0x40000000000b00) hal_format(0x1) layer_count(1) sizes(0 0 0) strde(0) byte_stride(0) alloc_wh(0 0) internal_format(0x0) alloc_format(0x0) fd_count(1) plane_count(0)
02-05 17:41:00.762 15500 15500 I ViewRootImpl@16ab813[InstrumentationActivityInvoker$EmptyActivity]: [DP] pdf(0) 1 android.view.ViewRootImpl.lambda$performDraw$1$ViewRootImpl:4668 android.view.-$$Lambda$ViewRootImpl$DJd0VUYJgsebcnSohO6h8zc_ONI.run:6 android.os.Handler.handleCallback:938
02-05 17:41:00.762 15500 15500 I ViewRootImpl@16ab813[InstrumentationActivityInvoker$EmptyActivity]: [DP] rdf()
02-05 17:41:00.763   716   957 D gralloc : [mali_gralloc_allocate] allocation successful
02-05 17:41:00.763  1163  1240 W WindowManager: lockNow pending, ignore updating lockscreen timeout
02-05 17:41:00.765  1163  1240 D PkgPredictorService: pkg:com.example.dogglers activity:androidx.test.core.app.InstrumentationActivityInvoker$EmptyActivity thisTime:50
02-05 17:41:00.765  1163  1240 I SemDvfsHyPerManager: acquire hyper - AMS_RESUME_TAIL/1163@22, type = -999
02-05 17:41:00.765  1163  1244 I ActivityTaskManager: Displayed com.example.dogglers/androidx.test.core.app.InstrumentationActivityInvoker$EmptyActivity: +50ms
02-05 17:41:00.765  1163  1240 I SemDvfsHyPerManager: acquire hyper - AMS_ACT_LAZY/1163@23, type = -999
02-05 17:41:00.765   726   817 I HYPER-HAL: [RequestManager.cpp]acquire(): Acquired ID : 702727  [1163 / 22]    HINT : AMS_RESUME_TAIL    list :
02-05 17:41:00.765   726   817 I HYPER-HAL: [ResourceManager.cpp]updateResource(): [CPUMinFreq] UpdateResource Request ID : 702727    Value : 1844882
02-05 17:41:00.765   726   817 I HYPER-HAL: [RequestManager.cpp]acquire(): Acquired ID : 703914  [1163 / 23]    HINT :      list :
02-05 17:41:00.765   726   817 E HYPER-HAL: [Request.cpp]acquire(): Request:: id : 703914, No Resource to set
02-05 17:41:00.765  2669  2669 E pageboostd: Received HALT command code 2
02-05 17:41:00.765   726   817 I HYPER-HAL: [ResourceManager.cpp]removeResource(): [CPUMinFreq] RemoveResource Request ID : 700356
02-05 17:41:00.766   726   817 I HYPER-HAL: [RequestManager.cpp]releaseLocked(): Released ID : 700356
02-05 17:41:00.766  1163  1240 W WindowManager: lockNow pending, ignore updating lockscreen timeout
02-05 17:41:00.766   789   789 I Layer   : id=79996[1] Destroyed Surface(name=5071962 Splash Screen com.example.dogglers)/@0xc21334f - animation-leash#0
02-05 17:41:00.766   789   789 I Layer   : id=79987[1] Destroyed 5071962 Splash Screen com.example.dogglers#0
02-05 17:41:00.766  1680  1680 D SecStatusBarMobileView: setStaticDrawableColor:
02-05 17:41:00.768 15500 15500 I ViewRootImpl@4fcb2d9[HorizontalListActivity]: MSG_WINDOW_FOCUS_CHANGED 0 1
02-05 17:41:00.769   789   789 I Layer   : id=79989[1] Destroyed Splash Screen com.example.dogglers#0
02-05 17:41:00.769 15500 15500 I ViewRootImpl@4fcb2d9[HorizontalListActivity]: stopped(true) old=false
02-05 17:41:00.769 15500 15500 I SurfaceControl: nativeRelease nativeObject s[498994773056]
02-05 17:41:00.769 15500 15500 I SurfaceControl: nativeRelease nativeObject e[498994773056]
02-05 17:41:00.769 15500 15500 D LifecycleMonitor: Lifecycle status change: com.example.dogglers.HorizontalListActivity@ae2f931 in: STOPPED
02-05 17:41:00.770 15500 15500 D LifecycleMonitor: running callback: androidx.test.core.app.ActivityScenario$1@f6c7f3e
02-05 17:41:00.770 15500 15500 V ActivityScenario: Update currentActivityStage to STOPPED, currentActivity=com.example.dogglers.HorizontalListActivity@ae2f931
02-05 17:41:00.770 15500 15500 D LifecycleMonitor: callback completes: androidx.test.core.app.ActivityScenario$1@f6c7f3e
02-05 17:41:00.770   789   789 D SurfaceFlinger: Display 21442653864348033 HWC layers:
02-05 17:41:00.770   789   789 D SurfaceFlinger:      DEVICE | 0x74084fe300 | 0002 | RGBA_8888    |    0.0    0.0 1080.0 2400.0 |    0    0 1080 2400 | com.example.dogglers/com.example.dogglers.HorizontalListActivity$_15500#0
02-05 17:41:00.770   789   789 D SurfaceFlinger:      DEVICE | 0x7428c3e6c0 | 0000 | RGBA_8888    |    0.0    0.0 1080.0   88.0 |    0    0 1080   88 | StatusBar$_1680#0
02-05 17:41:00.770   789   789 D SurfaceFlinger:      DEVICE | 0x7428c3ea80 | 0000 | RGBA_8888    |    0.0    0.0 1080.0  144.0 |    0 2256 1080 2400 | NavigationBar0$_1680#0
02-05 17:41:00.770   789   789 D SurfaceFlinger:      DEVICE | 0x7408191180 | 0000 | RGBA_8888    |    0.0    0.0 1080.0  125.0 |    0    0 1080  125 | ScreenDecorOverlay$_1680#0
02-05 17:41:00.770   789   789 D SurfaceFlinger:      DEVICE | 0x7428c3f480 | 0000 | RGBA_8888    |    0.0    0.0 1080.0  112.0 |    0 2288 1080 2400 | ScreenDecorOverlayBottom$_1680#0
02-05 17:41:00.770   789   789 D SurfaceFlinger:
02-05 17:41:00.770 15500 15500 D LifecycleMonitor: Lifecycle status change: com.example.dogglers.HorizontalListActivity@ae2f931 in: DESTROYED
02-05 17:41:00.770 15500 15500 D LifecycleMonitor: running callback: androidx.test.core.app.ActivityScenario$1@f6c7f3e
02-05 17:41:00.771 15500 15500 V ActivityScenario: Update currentActivityStage to DESTROYED, currentActivity=null
02-05 17:41:00.771 15500 15500 D LifecycleMonitor: callback completes: androidx.test.core.app.ActivityScenario$1@f6c7f3e
02-05 17:41:00.771  1163  1240 W WindowManager: lockNow pending, ignore updating lockscreen timeout
02-05 17:41:00.772 15500 15565 I mali_egl: eglDestroySurface() in
02-05 17:41:00.773 15500 15565 I mali_winsys: delete_surface() [1080x2400] return
02-05 17:41:00.773 15500 15565 I mali_egl: eglDestroySurface() out
02-05 17:41:00.773   789   835 E BufferQueueProducer: [com.example.dogglers/com.example.dogglers.HorizontalListActivity$_15500#0](id:315000036e2,api:0,p:-1,c:789) disconnect: not connected (req=1)
02-05 17:41:00.773 15500 15565 W libEGL  : EGLNativeWindowType 0x73c1a0e010 disconnect failed
02-05 17:41:00.774 15500 15500 I ViewRootImpl@4fcb2d9[HorizontalListActivity]: dispatchDetachedFromWindow
02-05 17:41:00.774  1163  2104 D InputTransport: Input channel destroyed: '7b19a5e', fd=966
02-05 17:41:00.774  1163  2104 I SurfaceControl: nativeRelease nativeObject s[499183875200]
02-05 17:41:00.774  1163  2104 I SurfaceControl: nativeRelease nativeObject e[499183875200]
02-05 17:41:00.774  1163  2104 D WindowManager: isScreenshotDisabledLocked - win: Window{7b19a5e u0 com.example.dogglers/com.example.dogglers.HorizontalListActivity}
02-05 17:41:00.774  1163  2104 D WindowManager: isScreenshotDisabledLocked: userId = 0, disabled =false
02-05 17:41:00.774  1163  2104 I SurfaceControl: nativeRelease nativeObject s[496861208608]
02-05 17:41:00.774  1163  2104 I SurfaceControl: nativeRelease nativeObject e[496861208608]
02-05 17:41:00.774   789   835 I SurfaceFlinger: id=80005 createSurf (0x0),-1 flag=24004, Surface(name=dbf3b45 InputMethod)/@0xf70bba8 - animation-leash#0
02-05 17:41:00.775  1163  2104 I SurfaceControl: nativeRelease nativeObject s[499038974720]
02-05 17:41:00.775  1163  2104 I SurfaceControl: nativeRelease nativeObject e[499038974720]
02-05 17:41:00.775   789   834 I Layer   : id=79993 removeFromCurrentState com.example.dogglers/com.example.dogglers.HorizontalListActivity$_15500#0 (204)
02-05 17:41:00.776  1163  2104 W WindowManager: lockNow pending, ignore updating lockscreen timeout
02-05 17:41:00.776   789  2265 I SurfaceFlinger: id=79993 Removed com.example.dogglers/com.example.dogglers.HorizontalListActivity$_15500#0 (204)
02-05 17:41:00.776   789  2265 I Layer   : id=79992 removeFromCurrentState 7b19a5e com.example.dogglers/com.example.dogglers.HorizontalListActivity#0 (204)
02-05 17:41:00.776   789  2265 I Layer   : id=79997 removeFromCurrentState Surface(name=dbf3b45 InputMethod)/@0xf70bba8 - animation-leash#1 (204)
02-05 17:41:00.777 15500 15500 D InputTransport: Input channel destroyed: '7b19a5e', fd=90
02-05 17:41:00.777   789   834 I SurfaceFlinger: id=79992 Removed 7b19a5e com.example.dogglers/com.example.dogglers.HorizontalListActivity#0 (204)
02-05 17:41:00.778  1163  3944 I SemDvfsHyPerManager: acquire hyper - AMS_ACT_START/1163@20, type = -999
02-05 17:41:00.778   726   817 I HYPER-HAL: [RequestManager.cpp]acquire(): Acquired ID : 700356  [1163 / 20]    HINT : AMS_ACT_START    list :
02-05 17:41:00.778   789   835 I SurfaceFlinger: id=80006 createSurf (0x0),-1 flag=80004, ActivityRecord{1499fe8 u0 com.example.dogglers/androidx.test.core.app.InstrumentationActivityInvoker$EmptyActivity t12737}#0
02-05 17:41:00.778   726   817 I HYPER-HAL: [ResourceManager.cpp]updateResource(): [CPUMinFreq] UpdateResource Request ID : 700356    Value : 1930195
02-05 17:41:00.781  1163  3944 W WindowManager: lockNow pending, ignore updating lockscreen timeout
02-05 17:41:00.782  1163  3939 I SurfaceControl: nativeRelease nativeObject s[499038982976]
02-05 17:41:00.782  1163  3939 I SurfaceControl: nativeRelease nativeObject e[499038982976]
02-05 17:41:00.783  1680  1680 D SecStatusBarMobileView: setStaticDrawableColor:
02-05 17:41:00.784   789   789 I Layer   : id=79992[1] Destroyed 7b19a5e com.example.dogglers/com.example.dogglers.HorizontalListActivity#0
02-05 17:41:00.785 15500 15500 D LifecycleMonitor: Lifecycle status change: androidx.test.core.app.InstrumentationActivityInvoker$EmptyActivity@d947976 in: PAUSED
02-05 17:41:00.785 15500 15500 D LifecycleMonitor: running callback: androidx.test.core.app.ActivityScenario$1@f6c7f3e
02-05 17:41:00.785 15500 15500 V ActivityScenario: Activity lifecycle changed event received but ignored because the intent does not match. startActivityIntent=Intent { act=android.intent.action.MAIN cat=[android.intent.category.LAUNCHER] cmp=com.example.dogglers/.HorizontalListActivity }, activity.getIntent()=Intent { act=android.intent.action.MAIN cat=[android.intent.category.LAUNCHER] flg=0x10000000 cmp=com.example.dogglers/androidx.test.core.app.InstrumentationActivityInvoker$EmptyActivity }, activity=androidx.test.core.app.InstrumentationActivityInvoker$EmptyActivity@d947976
02-05 17:41:00.785 15500 15500 D LifecycleMonitor: callback completes: androidx.test.core.app.ActivityScenario$1@f6c7f3e
02-05 17:41:00.785  1163  3944 I InputDispatcher: Focus entered window (15500): 9c6cf1b in display 0 0
02-05 17:41:00.786  1163  1796 V WindowOrientationListener: getProposedRotation: 0
02-05 17:41:00.786   789   789 I Layer   : id=79993[1] Destroyed com.example.dogglers/com.example.dogglers.HorizontalListActivity$_15500#0
02-05 17:41:00.786  1163  1796 V WindowOrientationListener: getProposedRotation: 0
02-05 17:41:00.786  1163  1796 V WindowOrientationListener: getProposedRotation: 0
02-05 17:41:00.787  1163  1796 D InputDispatcher: Focused application set to (0): 1499fe8
02-05 17:41:00.788   789   789 D SurfaceFlinger: Display 21442653864348033 HWC layers:
02-05 17:41:00.788   789   789 D SurfaceFlinger:      DEVICE | 0x74084ff480 | 0002 | RGBA_8888    |    0.0    0.0 1080.0 2400.0 |    0    0 1080 2400 | com.example.dogglers/androidx.test.c[...]tivityInvoker$EmptyActivity$_15500#0
02-05 17:41:00.788   789   789 D SurfaceFlinger:      DEVICE | 0x7428c3fac0 | 0000 | RGBA_8888    |    0.0    0.0 1080.0   88.0 |    0    0 1080   88 | StatusBar$_1680#0
02-05 17:41:00.788   789   789 D SurfaceFlinger:      DEVICE | 0x7428c3ea80 | 0000 | RGBA_8888    |    0.0    0.0 1080.0  144.0 |    0 2256 1080 2400 | NavigationBar0$_1680#0
02-05 17:41:00.788   789   789 D SurfaceFlinger:      DEVICE | 0x7408191180 | 0000 | RGBA_8888    |    0.0    0.0 1080.0  125.0 |    0    0 1080  125 | ScreenDecorOverlay$_1680#0
02-05 17:41:00.788   789   789 D SurfaceFlinger:      DEVICE | 0x7428c3f480 | 0000 | RGBA_8888    |    0.0    0.0 1080.0  112.0 |    0 2288 1080 2400 | ScreenDecorOverlayBottom$_1680#0
02-05 17:41:00.788   789   789 D SurfaceFlinger:
02-05 17:41:00.789  1163  1796 W WindowManager: lockNow pending, ignore updating lockscreen timeout
02-05 17:41:00.790   789   835 I Layer   : id=79988 removeFromCurrentState ActivityRecord{5c169ae u0 com.example.dogglers/.HorizontalListActivity t12737}#0 (203)
02-05 17:41:00.791   789   834 I SurfaceFlinger: id=79988 Removed ActivityRecord{5c169ae u0 com.example.dogglers/.HorizontalListActivity t12737}#0 (203)
02-05 17:41:00.793 15500 15500 D LifecycleMonitor: Lifecycle status change: androidx.test.core.app.InstrumentationActivityInvoker$BootstrapActivity@2e1c3f9 in: DESTROYED
02-05 17:41:00.793 15500 15500 D LifecycleMonitor: running callback: androidx.test.core.app.ActivityScenario$1@f6c7f3e
02-05 17:41:00.793 15500 15500 V ActivityScenario: Activity lifecycle changed event received but ignored because the intent does not match. startActivityIntent=Intent { act=android.intent.action.MAIN cat=[android.intent.category.LAUNCHER] cmp=com.example.dogglers/.HorizontalListActivity }, activity.getIntent()=Intent { act=android.intent.action.MAIN cat=[android.intent.category.LAUNCHER] flg=0x10008000 cmp=com.example.dogglers/androidx.test.core.app.InstrumentationActivityInvoker$BootstrapActivity (has extras) }, activity=androidx.test.core.app.InstrumentationActivityInvoker$BootstrapActivity@2e1c3f9
02-05 17:41:00.793 15500 15500 D LifecycleMonitor: callback completes: androidx.test.core.app.ActivityScenario$1@f6c7f3e
02-05 17:41:00.797 15500 15500 D LifecycleMonitor: Lifecycle status change: androidx.test.core.app.InstrumentationActivityInvoker$EmptyActivity@c60245a in: PRE_ON_CREATE
02-05 17:41:00.797 15500 15500 D LifecycleMonitor: running callback: androidx.test.core.app.ActivityScenario$1@f6c7f3e
02-05 17:41:00.797 15500 15500 V ActivityScenario: Activity lifecycle changed event received but ignored because the intent does not match. startActivityIntent=Intent { act=android.intent.action.MAIN cat=[android.intent.category.LAUNCHER] cmp=com.example.dogglers/.HorizontalListActivity }, activity.getIntent()=Intent { act=android.intent.action.MAIN cat=[android.intent.category.LAUNCHER] flg=0x10000000 cmp=com.example.dogglers/androidx.test.core.app.InstrumentationActivityInvoker$EmptyActivity }, activity=androidx.test.core.app.InstrumentationActivityInvoker$EmptyActivity@c60245a
02-05 17:41:00.797 15500 15500 D LifecycleMonitor: callback completes: androidx.test.core.app.ActivityScenario$1@f6c7f3e
02-05 17:41:00.798  1163  1796 I SurfaceControl: nativeRelease nativeObject s[499038976640]
02-05 17:41:00.798  1163  1796 I SurfaceControl: nativeRelease nativeObject e[499038976640]
02-05 17:41:00.800  1163  1240 W WindowManager: lockNow pending, ignore updating lockscreen timeout
02-05 17:41:00.801   789   789 I Layer   : id=79988[1] Destroyed ActivityRecord{5c169ae u0 com.example.dogglers/.HorizontalListActivity t12737}#0
02-05 17:41:00.801   789   835 I Layer   : id=79986 removeFromCurrentState ActivityRecord{8d9cdd u0 com.example.dogglers/androidx.test.core.app.InstrumentationActivityInvoker$BootstrapActivity t12737}#0 (202)
02-05 17:41:00.801   789   835 I SurfaceFlinger: id=79986 Removed ActivityRecord{8d9cdd u0 com.example.dogglers/androidx.test.core.app.InstrumentationActivityInvoker$BootstrapActivity t12737}#0 (202)
02-05 17:41:00.802  1163  1793 I InputDispatcher: Focus left window (15500): 9c6cf1b in display 0 0
02-05 17:41:00.803 15500 15500 I DecorView: [INFO] isPopOver=false, config=true
02-05 17:41:00.803 15500 15500 I DecorView: updateCaptionType >> DecorView@21d2368[], isFloating=false, isApplication=true, hasWindowDecorCaption=false, hasWindowControllerCallback=true
02-05 17:41:00.803 15500 15500 D DecorView: setCaptionType = 0, this = DecorView@21d2368[]
02-05 17:41:00.805 15500 15500 D LifecycleMonitor: Lifecycle status change: androidx.test.core.app.InstrumentationActivityInvoker$EmptyActivity@c60245a in: CREATED
02-05 17:41:00.805 15500 15500 D LifecycleMonitor: running callback: androidx.test.core.app.ActivityScenario$1@f6c7f3e
02-05 17:41:00.805 15500 15500 V ActivityScenario: Activity lifecycle changed event received but ignored because the intent does not match. startActivityIntent=Intent { act=android.intent.action.MAIN cat=[android.intent.category.LAUNCHER] cmp=com.example.dogglers/.HorizontalListActivity }, activity.getIntent()=Intent { act=android.intent.action.MAIN cat=[android.intent.category.LAUNCHER] flg=0x10000000 cmp=com.example.dogglers/androidx.test.core.app.InstrumentationActivityInvoker$EmptyActivity }, activity=androidx.test.core.app.InstrumentationActivityInvoker$EmptyActivity@c60245a
02-05 17:41:00.805 15500 15500 D LifecycleMonitor: callback completes: androidx.test.core.app.ActivityScenario$1@f6c7f3e
02-05 17:41:00.805 15500 15500 D LifecycleMonitor: Lifecycle status change: androidx.test.core.app.InstrumentationActivityInvoker$EmptyActivity@c60245a in: STARTED
02-05 17:41:00.806 15500 15500 D LifecycleMonitor: running callback: androidx.test.core.app.ActivityScenario$1@f6c7f3e
02-05 17:41:00.806 15500 15500 V ActivityScenario: Activity lifecycle changed event received but ignored because the intent does not match. startActivityIntent=Intent { act=android.intent.action.MAIN cat=[android.intent.category.LAUNCHER] cmp=com.example.dogglers/.HorizontalListActivity }, activity.getIntent()=Intent { act=android.intent.action.MAIN cat=[android.intent.category.LAUNCHER] flg=0x10000000 cmp=com.example.dogglers/androidx.test.core.app.InstrumentationActivityInvoker$EmptyActivity }, activity=androidx.test.core.app.InstrumentationActivityInvoker$EmptyActivity@c60245a
02-05 17:41:00.806 15500 15500 D LifecycleMonitor: callback completes: androidx.test.core.app.ActivityScenario$1@f6c7f3e
02-05 17:41:00.806 15500 15500 D LifecycleMonitor: Lifecycle status change: androidx.test.core.app.InstrumentationActivityInvoker$EmptyActivity@c60245a in: RESUMED
02-05 17:41:00.806 15500 15500 D LifecycleMonitor: running callback: androidx.test.core.app.ActivityScenario$1@f6c7f3e
02-05 17:41:00.806 15500 15500 V ActivityScenario: Activity lifecycle changed event received but ignored because the intent does not match. startActivityIntent=Intent { act=android.intent.action.MAIN cat=[android.intent.category.LAUNCHER] cmp=com.example.dogglers/.HorizontalListActivity }, activity.getIntent()=Intent { act=android.intent.action.MAIN cat=[android.intent.category.LAUNCHER] flg=0x10000000 cmp=com.example.dogglers/androidx.test.core.app.InstrumentationActivityInvoker$EmptyActivity }, activity=androidx.test.core.app.InstrumentationActivityInvoker$EmptyActivity@c60245a
02-05 17:41:00.806 15500 15500 D LifecycleMonitor: callback completes: androidx.test.core.app.ActivityScenario$1@f6c7f3e
02-05 17:41:00.809  1163  1796 D InputTransport: Input channel constructed: 'f583a7e', fd=963
02-05 17:41:00.809  1163  1796 D InputTransport: Input channel constructed: 'f583a7e', fd=964
02-05 17:41:00.809   789   835 I SurfaceFlinger: id=80007 createSurf (0x0),-1 flag=80004, f583a7e com.example.dogglers/androidx.test.core.app.InstrumentationActivityInvoker$EmptyActivity#0
02-05 17:41:00.809  1163  1796 D WindowManager: isScreenshotDisabledLocked - win: Window{f583a7e u0 com.example.dogglers/androidx.test.core.app.InstrumentationActivityInvoker$EmptyActivity}
02-05 17:41:00.809  1163  1796 D WindowManager: isScreenshotDisabledLocked: userId = 0, disabled =false
02-05 17:41:00.809  1163  1796 D InputTransport: Input channel destroyed: 'f583a7e', fd=964
02-05 17:41:00.810 15500 15500 D InputTransport: Input channel constructed: 'f583a7e', fd=90
02-05 17:41:00.810 15500 15500 I ViewRootImpl@5669067[InstrumentationActivityInvoker$EmptyActivity]: setView = com.android.internal.policy.DecorView@21d2368 TM=true
02-05 17:41:00.811 15500 15500 I ViewRootImpl@16ab813[InstrumentationActivityInvoker$EmptyActivity]: MSG_WINDOW_FOCUS_CHANGED 0 1
02-05 17:41:00.817   789   789 I Layer   : id=79986[1] Destroyed ActivityRecord{8d9cdd u0 com.example.dogglers/androidx.test.core.app.InstrumentationActivityInvoker$BootstrapActivity t12737}#0
02-05 17:41:00.819  1163  1796 V WindowManager: Relayout Window{f583a7e u0 com.example.dogglers/androidx.test.core.app.InstrumentationActivityInvoker$EmptyActivity}: viewVisibility=0 req=1080x2400
02-05 17:41:00.819  1163  1796 W WindowManager: lockNow pending, ignore updating lockscreen timeout
02-05 17:41:00.819  1163  1796 D WindowManager: isScreenshotDisabledLocked - win: Window{f583a7e u0 com.example.dogglers/androidx.test.core.app.InstrumentationActivityInvoker$EmptyActivity}
02-05 17:41:00.819  1163  1796 D WindowManager: isScreenshotDisabledLocked: userId = 0, disabled =false
02-05 17:41:00.820   789   834 I SurfaceFlinger: id=80008 createSurf (1080x2400),1 flag=404, com.example.dogglers/androidx.test.core.app.InstrumentationActivityInvoker$EmptyActivity$_15500#1
02-05 17:41:00.821  1163  1796 I SurfaceControl: nativeRelease nativeObject s[496785829536]
02-05 17:41:00.821  1163  1796 I SurfaceControl: nativeRelease nativeObject e[496785829536]
02-05 17:41:00.821   789   834 I SurfaceFlinger: id=80009 createSurf (0x0),-1 flag=24000, Surface(name=8c655e2 StatusBar)/@0x44a9b07 - animation-leash#1
02-05 17:41:00.822  1163  1796 I SurfaceControl: nativeRelease nativeObject s[496785829632]
02-05 17:41:00.822  1163  1796 I SurfaceControl: nativeRelease nativeObject e[496785829632]
02-05 17:41:00.822   789  1272 I SurfaceFlinger: id=80010 createSurf (0x0),-1 flag=24000, Surface(name=b29f82b NavigationBar0)/@0x8634759 - animation-leash#0
02-05 17:41:00.822  1163  1796 V WindowManager: Relayout hash=f583a7e, pid=15500: mAttrs={(0,0)(fillxfill) sim={adjust=pan forwardNavigation} ty=BASE_APPLICATION wanim=0x1030001
02-05 17:41:00.822  1163  1796 V WindowManager:   fl=1810100
02-05 17:41:00.822  1163  1796 V WindowManager:   pfl=12020000
02-05 17:41:00.822  1163  1796 V WindowManager:   fitSides= naviIconColor=0}
02-05 17:41:00.823  1163  1796 I SurfaceControl: nativeRelease nativeObject s[499038982976]
02-05 17:41:00.823  1163  1796 I SurfaceControl: nativeRelease nativeObject e[499038982976]
02-05 17:41:00.823 15500 15500 I SurfaceControl: assignNativeObject: nativeObject = 0 Surface(name=null)/@0x3550e14 / android.view.SurfaceControl.readFromParcel:1117 android.view.IWindowSession$Stub$Proxy.relayout:1820 android.view.ViewRootImpl.relayoutWindow:9005 android.view.ViewRootImpl.performTraversals:3360 android.view.ViewRootImpl.doTraversal:2618 android.view.ViewRootImpl$TraversalRunnable.run:9971 android.view.Choreographer$CallbackRecord.run:1010 android.view.Choreographer.doCallbacks:809 android.view.Choreographer.doFrame:744 android.view.Choreographer$FrameDisplayEventReceiver.run:995
02-05 17:41:00.824 15500 15500 I ViewRootImpl@5669067[InstrumentationActivityInvoker$EmptyActivity]: Relayout returned: old=(0,0,1080,2400) new=(0,0,1080,2400) req=(1080,2400)0 dur=5 res=0x7 s={true 497172631552} ch=true fn=-1
02-05 17:41:00.824 15500 15565 I mali_winsys: new_window_surface() [1080x2400] return: 0x3000
02-05 17:41:00.825 15500 15500 I ViewRootImpl@5669067[InstrumentationActivityInvoker$EmptyActivity]: [DP] dp(1) 1 android.view.ViewRootImpl.reportNextDraw:10957 android.view.ViewRootImpl.performTraversals:3845 android.view.ViewRootImpl.doTraversal:2618
02-05 17:41:00.825 15500 15500 I ViewRootImpl@5669067[InstrumentationActivityInvoker$EmptyActivity]: [DP] pd() Asnyc report
02-05 17:41:00.825   716   953 D gralloc : [mali_gralloc_allocate] begin
02-05 17:41:00.825   716   953 D gralloc : buffer_descriptor: wh(1080 2400) usage_pc(0x40000000000b00 0x40000000000b00) hal_format(0x1) layer_count(1) sizes(0 0 0) strde(0) byte_stride(0) alloc_wh(0 0) internal_format(0x0) alloc_format(0x0) fd_count(1) plane_count(0)
02-05 17:41:00.825   726 16383 I HYPER-HAL: [ResourceManager.cpp]removeResource(): [CPUMinFreq] RemoveResource Request ID : 718236
02-05 17:41:00.825   726 16383 I HYPER-HAL: [RequestManager.cpp]releaseLocked(): Released ID : 718236
02-05 17:41:00.825   716   953 D gralloc : [mali_gralloc_allocate] allocation successful
02-05 17:41:00.825   716   953 D gralloc : [mali_gralloc_allocate] begin
02-05 17:41:00.825   716   953 D gralloc : buffer_descriptor: wh(1080 2400) usage_pc(0x40000000000b00 0x40000000000b00) hal_format(0x1) layer_count(1) sizes(0 0 0) strde(0) byte_stride(0) alloc_wh(0 0) internal_format(0x0) alloc_format(0x0) fd_count(1) plane_count(0)
02-05 17:41:00.826   716   953 D gralloc : [mali_gralloc_allocate] allocation successful
02-05 17:41:00.827   716   953 D gralloc : [mali_gralloc_allocate] begin
02-05 17:41:00.827   716   953 D gralloc : buffer_descriptor: wh(1080 2400) usage_pc(0x40000000000b00 0x40000000000b00) hal_format(0x1) layer_count(1) sizes(0 0 0) strde(0) byte_stride(0) alloc_wh(0 0) internal_format(0x0) alloc_format(0x0) fd_count(1) plane_count(0)
02-05 17:41:00.828   716   953 D gralloc : [mali_gralloc_allocate] allocation successful
02-05 17:41:00.828 15500 15500 I ViewRootImpl@5669067[InstrumentationActivityInvoker$EmptyActivity]: [DP] pdf(0) 1 android.view.ViewRootImpl.lambda$performDraw$1$ViewRootImpl:4668 android.view.-$$Lambda$ViewRootImpl$DJd0VUYJgsebcnSohO6h8zc_ONI.run:6 android.os.Handler.handleCallback:938
02-05 17:41:00.828 15500 15500 I ViewRootImpl@5669067[InstrumentationActivityInvoker$EmptyActivity]: [DP] rdf()
02-05 17:41:00.828 15500 15500 I ViewRootImpl@16ab813[InstrumentationActivityInvoker$EmptyActivity]: MSG_WINDOW_FOCUS_CHANGED 0 1
02-05 17:41:00.829  1163  1240 W WindowManager: lockNow pending, ignore updating lockscreen timeout
02-05 17:41:00.830   789   835 I Layer   : id=80004 removeFromCurrentState Surface(name=b29f82b NavigationBar0)/@0x8634759 - animation-leash#1 (205)
02-05 17:41:00.830   789   835 I Layer   : id=21 removeFromCurrentState b29f82b NavigationBar0#0 (205)
02-05 17:41:00.830   789   835 I Layer   : id=28 removeFromCurrentState NavigationBar0$_1680#0 (205)
02-05 17:41:00.830   789   835 I Layer   : id=80003 removeFromCurrentState Surface(name=8c655e2 StatusBar)/@0x44a9b07 - animation-leash#0 (205)
02-05 17:41:00.830   789   835 I Layer   : id=21 addToCurrentState b29f82b NavigationBar0#0 (205)
02-05 17:41:00.830   789   835 I Layer   : id=28 addToCurrentState NavigationBar0$_1680#0 (205)
02-05 17:41:00.831  1163  1240 D PkgPredictorService: pkg:com.example.dogglers activity:androidx.test.core.app.InstrumentationActivityInvoker$EmptyActivity thisTime:56
02-05 17:41:00.832  1163  1240 I SemDvfsHyPerManager: acquire hyper - AMS_RESUME_TAIL/1163@22, type = -999
02-05 17:41:00.832  1163  1240 I SemDvfsHyPerManager: acquire hyper - AMS_ACT_LAZY/1163@23, type = -999
02-05 17:41:00.832  1163  1244 I ActivityTaskManager: Displayed com.example.dogglers/androidx.test.core.app.InstrumentationActivityInvoker$EmptyActivity: +56ms
02-05 17:41:00.832   726   817 I HYPER-HAL: [RequestManager.cpp]acquire(): Acquired ID : 702727  [1163 / 22]    HINT : AMS_RESUME_TAIL    list :
02-05 17:41:00.832   726   817 I HYPER-HAL: [ResourceManager.cpp]updateResource(): [CPUMinFreq] UpdateResource Request ID : 702727    Value : 1844882
02-05 17:41:00.832   726   817 I HYPER-HAL: [RequestManager.cpp]acquire(): Acquired ID : 703914  [1163 / 23]    HINT :      list :
02-05 17:41:00.832   726   817 E HYPER-HAL: [Request.cpp]acquire(): Request:: id : 703914, No Resource to set
02-05 17:41:00.832   726   817 I HYPER-HAL: [ResourceManager.cpp]removeResource(): [CPUMinFreq] RemoveResource Request ID : 700356
02-05 17:41:00.832   726   817 I HYPER-HAL: [RequestManager.cpp]releaseLocked(): Released ID : 700356
02-05 17:41:00.832  2669  2669 E pageboostd: Received HALT command code 2
02-05 17:41:00.833  1163  1240 W WindowManager: lockNow pending, ignore updating lockscreen timeout
02-05 17:41:00.835 15500 15500 I SurfaceControl: nativeRelease nativeObject s[498994764128]
02-05 17:41:00.835 15500 15500 I SurfaceControl: nativeRelease nativeObject e[498994764128]
02-05 17:41:00.835 15500 15500 I SurfaceControl: nativeRelease nativeObject s[498994763456]
02-05 17:41:00.835 15500 15500 I SurfaceControl: nativeRelease nativeObject e[498994763456]
02-05 17:41:00.835   789   835 I SurfaceFlinger: id=80004 Removed Surface(name=b29f82b NavigationBar0)/@0x8634759 - animation-leash#1 (205)
02-05 17:41:00.835   789   834 I SurfaceFlinger: id=80003 Removed Surface(name=8c655e2 StatusBar)/@0x44a9b07 - animation-leash#0 (205)
02-05 17:41:00.838  1163  1240 W WindowManager: lockNow pending, ignore updating lockscreen timeout
02-05 17:41:00.851 15500 15565 I mali_egl: eglDestroySurface() in
02-05 17:41:00.851   789   789 I Layer   : id=80004[1] Destroyed Surface(name=b29f82b NavigationBar0)/@0x8634759 - animation-leash#1
02-05 17:41:00.851   789   789 I Layer   : id=80003[1] Destroyed Surface(name=8c655e2 StatusBar)/@0x44a9b07 - animation-leash#0
02-05 17:41:00.852 15500 15565 I mali_winsys: delete_surface() [1080x2400] return
02-05 17:41:00.852 15500 15565 I mali_egl: eglDestroySurface() out
02-05 17:41:00.852   789  1272 E BufferQueueProducer: [com.example.dogglers/androidx.test.core.app.InstrumentationActivityInvoker$EmptyActivity$_15500#0](id:315000036e3,api:0,p:-1,c:789) disconnect: not connected (req=1)
02-05 17:41:00.852 15500 15565 W libEGL  : EGLNativeWindowType 0x73d8179010 disconnect failed
02-05 17:41:00.852  1163  1793 V WindowManager: Relayout Window{9c6cf1b u0 com.example.dogglers/androidx.test.core.app.InstrumentationActivityInvoker$EmptyActivity}: viewVisibility=8 req=1080x2400
02-05 17:41:00.852  1163  1796 I InputDispatcher: Focus entered window (15500): f583a7e in display 0 0
02-05 17:41:00.852  1163  1793 W WindowManager: lockNow pending, ignore updating lockscreen timeout
02-05 17:41:00.853  1163  1793 V WindowManager: Relayout hash=9c6cf1b, pid=15500: mAttrs={(0,0)(fillxfill) sim={adjust=pan forwardNavigation} ty=BASE_APPLICATION wanim=0x1030001
02-05 17:41:00.853  1163  1793 V WindowManager:   fl=1810100
02-05 17:41:00.853  1163  1793 V WindowManager:   pfl=12020000
02-05 17:41:00.853  1163  1793 V WindowManager:   fitSides= naviIconColor=0}
02-05 17:41:00.854 15500 15500 I SurfaceControl: nativeRelease nativeObject s[498994764512]
02-05 17:41:00.854 15500 15500 I SurfaceControl: nativeRelease nativeObject e[498994764512]
02-05 17:41:00.854 15500 15500 I SurfaceControl: assignNativeObject: nativeObject = 0 Surface(name=null)/@0xcf946bd / android.view.SurfaceControl.readFromParcel:1117 android.view.IWindowSession$Stub$Proxy.relayout:1810 android.view.ViewRootImpl.relayoutWindow:9005 android.view.ViewRootImpl.performTraversals:3360 android.view.ViewRootImpl.doTraversal:2618 android.view.ViewRootImpl$TraversalRunnable.run:9971 android.view.Choreographer$CallbackRecord.run:1010 android.view.Choreographer.doCallbacks:809 android.view.Choreographer.doFrame:744 android.view.Choreographer$FrameDisplayEventReceiver.run:995
02-05 17:41:00.854 15500 15500 I SurfaceControl: assignNativeObject: nativeObject = 0 Surface(name=null)/@0x385a50 / android.view.SurfaceControl.readFromParcel:1117 android.view.IWindowSession$Stub$Proxy.relayout:1820 android.view.ViewRootImpl.relayoutWindow:9005 android.view.ViewRootImpl.performTraversals:3360 android.view.ViewRootImpl.doTraversal:2618 android.view.ViewRootImpl$TraversalRunnable.run:9971 android.view.Choreographer$CallbackRecord.run:1010 android.view.Choreographer.doCallbacks:809 android.view.Choreographer.doFrame:744 android.view.Choreographer$FrameDisplayEventReceiver.run:995
02-05 17:41:00.854 15500 15500 I ViewRootImpl@16ab813[InstrumentationActivityInvoker$EmptyActivity]: Relayout returned: old=(0,0,1080,2400) new=(0,0,1080,2400) req=(1080,2400)8 dur=2 res=0x5 s={false 0} ch=true fn=2
02-05 17:41:00.855   789   789 D SurfaceFlinger: Display 21442653864348033 HWC layers:
02-05 17:41:00.855   789   789 D SurfaceFlinger:      DEVICE | 0x74084fea80 | 0002 | RGBA_8888    |    0.0    0.0 1080.0 2400.0 |    0    0 1080 2400 | com.example.dogglers/androidx.test.c[...]tivityInvoker$EmptyActivity$_15500#1
02-05 17:41:00.855   789   789 D SurfaceFlinger:      DEVICE | 0x7408500740 | 0000 | RGBA_8888    |    0.0    0.0 1080.0   88.0 |    0    0 1080   88 | StatusBar$_1680#0
02-05 17:41:00.855   789   789 D SurfaceFlinger:      DEVICE | 0x7428c3ea80 | 0000 | RGBA_8888    |    0.0    0.0 1080.0  144.0 |    0 2256 1080 2400 | NavigationBar0$_1680#0
02-05 17:41:00.855   789   789 D SurfaceFlinger:      DEVICE | 0x7408191180 | 0000 | RGBA_8888    |    0.0    0.0 1080.0  125.0 |    0    0 1080  125 | ScreenDecorOverlay$_1680#0
02-05 17:41:00.855   789   789 D SurfaceFlinger:      DEVICE | 0x7428c3f480 | 0000 | RGBA_8888    |    0.0    0.0 1080.0  112.0 |    0 2288 1080 2400 | ScreenDecorOverlayBottom$_1680#0
02-05 17:41:00.855   789   789 D SurfaceFlinger:
02-05 17:41:00.856  1163  1793 D InputDispatcher: Focused application set to (0): 1dafdd4
02-05 17:41:00.858  1163  1793 W WindowManager: lockNow pending, ignore updating lockscreen timeout
