02-05 17:41:02.971  5089  5089 I SurfaceControl: assignNativeObject: nativeObject = 0 Surface(name=null)/@0xb12fb6b / android.view.SurfaceControl.readFromParcel:1117 android.view.IWindowSession$Stub$Proxy.relayout:1810 android.view.ViewRootImpl.relayoutWindow:9005 android.view.ViewRootImpl.performTraversals:3360 android.view.ViewRootImpl.doTraversal:2618 android.view.ViewRootImpl$TraversalRunnable.run:9971 android.view.Choreographer$CallbackRecord.run:1010 android.view.Choreographer.doCallbacks:809 android.view.Choreographer.doFrame:744 android.view.Choreographer$FrameDisplayEventReceiver.run:995
02-05 17:41:02.971  5089  5089 I SurfaceControl: assignNativeObject: nativeObject = 0 Surface(name=null)/@0xf71d6c8 / android.view.SurfaceControl.readFromParcel:1117 android.view.IWindowSession$Stub$Proxy.relayout:1820 android.view.ViewRootImpl.relayoutWindow:9005 android.view.ViewRootImpl.performTraversals:3360 android.view.ViewRootImpl.doTraversal:2618 android.view.ViewRootImpl$TraversalRunnable.run:9971 android.view.Choreographer$CallbackRecord.run:1010 android.view.Choreographer.doCallbacks:809 android.view.Choreographer.doFrame:744 android.view.Choreographer$FrameDisplayEventReceiver.run:995
02-05 17:41:02.971  5089  5089 I ViewRootImpl@7fb81b0[]: Relayout returned: old=(540,88,540,2256) new=(540,88,540,2256) req=(0,2168)8 dur=4 res=0x1 s={false 0} ch=false fn=-1
02-05 17:41:02.972  1163  1240 W WindowManager: lockNow pending, ignore updating lockscreen timeout
02-05 17:41:02.979 15500 15500 I ViewRootImpl@a937af9[VerticalListActivity]: MSG_WINDOW_FOCUS_CHANGED 1 1
02-05 17:41:02.979 15500 15500 D InputMethodManager: prepareNavigationBarInfo() DecorView@1c3818e[VerticalListActivity]
02-05 17:41:02.979 15500 15500 D InputMethodManager: getNavigationBarColor() -16711423
02-05 17:41:02.980 15500 15500 D InputMethodManager: prepareNavigationBarInfo() DecorView@1c3818e[VerticalListActivity]
02-05 17:41:02.980 15500 15500 D InputMethodManager: getNavigationBarColor() -16711423
02-05 17:41:02.980 15500 15500 V InputMethodManager: Starting input: tba=com.example.dogglers ic=null mNaviBarColor -16711423 mIsGetNaviBarColorSuccess true , NavVisible : true , NavTrans : false
02-05 17:41:02.980 15500 15500 D InputMethodManager: startInputInner - Id : 0
02-05 17:41:02.980 15500 15500 I InputMethodManager: startInputInner - mService.startInputOrWindowGainedFocus
02-05 17:41:02.980  1163  3938 D InputMethodManagerService: mSecureKeypadEnabled = false
02-05 17:41:02.980  1163  3938 V InputMethodManagerService: hideCurrentInputLocked : shouldHideSoftInput is false
02-05 17:41:02.980  1163  3938 D InputMethodManagerService: DESKTOP MODE! : 2
02-05 17:41:02.980  1163  3938 D InputMethodManagerService: NOT IN KNOX DESKTOP MODE!
02-05 17:41:02.980  1163  3938 V InputMethodManagerService: getDisplayIdOfInputMethodWindowToBeAdded : 0
02-05 17:41:02.980  1163  3938 D SamsungIMMSHWKeyboard: isConnectedDexOnPC false
02-05 17:41:02.980  1163  3938 D InputMethodManagerService: isImeSwitcherDisabledPackage : false
02-05 17:41:02.981  1163  3938 D InputMethodManagerService: checkDisplayOfStartInputAndUpdateKeyboard display Id 0last 0
02-05 17:41:02.981  1163  3938 D InputTransport: Input channel constructed: 'ClientS', fd=857
02-05 17:41:02.981  1163  3938 D InputTransport: Input channel destroyed: 'ClientS', fd=857
02-05 17:41:02.981 15500 15500 D InputTransport: Input channel constructed: 'ClientS', fd=97
02-05 17:41:02.982  1163  3938 I SurfaceControl: nativeRelease nativeObject s[496866858208]
02-05 17:41:02.982  1163  3938 I SurfaceControl: nativeRelease nativeObject e[496866858208]
02-05 17:41:02.982   789   835 I SurfaceFlinger: id=80107 createSurf (0x0),-1 flag=24004, Surface(name=dbf3b45 InputMethod)/@0xf70bba8 - animation-leash#1
02-05 17:41:02.982 15500 15520 W System  : A resource failed to call release.
02-05 17:41:02.982 15500 15520 I SurfaceControl: nativeRelease nativeObject s[497477724448]
02-05 17:41:02.982 15500 15520 I SurfaceControl: nativeRelease nativeObject e[497477724448]
02-05 17:41:02.983  3640  3640 I GoogleInputMethodService: GoogleInputMethodService.onFinishInput():3316
02-05 17:41:02.984  1680  1680 D SecStatusBarMobileView: setStaticDrawableColor:
02-05 17:41:02.984 15500 15500 D IdlingResourceRegistry: All idling resources are idle.
02-05 17:41:02.984  3640  3640 I GoogleInputMethodService: GoogleInputMethodService.updateDeviceLockedStatus():2181 checkRepeatedly = false, unlocked = true
02-05 17:41:02.984  3640  3640 D InputMethodService: checkDisplayOfStartInputAndUpdateKeyboard display Id 0last 0
02-05 17:41:02.984  3640  3640 I GoogleInputMethodService: GoogleInputMethodService.onStartInput():1989
02-05 17:41:02.985 15500 15500 I ViewInteraction: Performing 'scroll RecyclerView to position: 5' action on view with id is <com.example.dogglers:id/vertical_recycler_view>
02-05 17:41:02.985 15500 15500 D IdlingResourceRegistry: All idling resources are idle.
02-05 17:41:02.985   789   834 I Layer   : id=80094 removeFromCurrentState Surface(name=dbf3b45 InputMethod)/@0xf70bba8 - animation-leash#0 (213)
02-05 17:41:02.985  3640  3640 I GoogleInputMethodService: GoogleInputMethodService.updateDeviceLockedStatus():2181 checkRepeatedly = true, unlocked = true
02-05 17:41:02.986 15500 15520 W System  : A resource failed to call release.
02-05 17:41:02.986 15500 15520 I SurfaceControl: nativeRelease nativeObject s[498994763072]
02-05 17:41:02.986 15500 15520 I SurfaceControl: nativeRelease nativeObject e[498994763072]
02-05 17:41:02.986   789   834 I SurfaceFlinger: id=79997 Removed Surface(name=dbf3b45 InputMethod)/@0xf70bba8 - animation-leash#1 (213)
02-05 17:41:02.987   789  1272 I SurfaceFlinger: id=80087 Removed com.sec.android.app.launcher/com.sec.android.app.launcher.activities.LauncherActivity$_2003#0 (213)
02-05 17:41:02.987  2003  2003 I SurfaceControl: nativeRelease nativeObject s[499183208576]
02-05 17:41:02.987  2003  2003 I SurfaceControl: nativeRelease nativeObject e[499183208576]
02-05 17:41:02.987  1163  1237 D SehCodecSolutionService: Update top [com.example.dogglers]
02-05 17:41:02.987  1163  1237 E Native_CFMS: nativePerfMgrRemoveTask    Fail    tid : 2003    return : -1
02-05 17:41:02.990 15500 15520 W System  : A resource failed to call release.
02-05 17:41:02.990 15500 15520 I SurfaceControl: nativeRelease nativeObject s[498994772384]
02-05 17:41:02.990 15500 15520 I SurfaceControl: nativeRelease nativeObject e[498994772384]
02-05 17:41:02.990   789  1272 I SurfaceFlinger: id=79969 Removed Surface(name=dbf3b45 InputMethod)/@0xf70bba8 - animation-leash#1 (213)
02-05 17:41:02.991 15500 15520 W System  : A resource failed to call release.
02-05 17:41:02.991 15500 15520 I SurfaceControl: nativeRelease nativeObject s[497477719360]
02-05 17:41:02.991 15500 15520 I SurfaceControl: nativeRelease nativeObject e[497477719360]
02-05 17:41:02.991   789  1272 I SurfaceFlinger: id=79922 Removed Surface(name=dbf3b45 InputMethod)/@0xf70bba8 - animation-leash#0 (213)
02-05 17:41:02.992 15500 15520 W System  : A resource failed to call release.
02-05 17:41:02.992 15500 15520 I SurfaceControl: nativeRelease nativeObject s[497477718496]
02-05 17:41:02.992 15500 15520 I SurfaceControl: nativeRelease nativeObject e[497477718496]
02-05 17:41:02.992   789   834 I SurfaceFlinger: id=79896 Removed Surface(name=dbf3b45 InputMethod)/@0xf70bba8 - animation-leash#1 (213)
02-05 17:41:02.992 15500 15520 W System  : A resource failed to call release.
02-05 17:41:02.992 15500 15520 I SurfaceControl: nativeRelease nativeObject s[498994765856]
02-05 17:41:02.992 15500 15520 I SurfaceControl: nativeRelease nativeObject e[498994765856]
02-05 17:41:02.992   789   834 I SurfaceFlinger: id=79884 Removed Surface(name=dbf3b45 InputMethod)/@0xf70bba8 - animation-leash#1 (213)
02-05 17:41:02.992 15500 15520 W System  : A resource failed to call release.
02-05 17:41:02.993 15500 15520 I SurfaceControl: nativeRelease nativeObject s[499196698528]
02-05 17:41:02.993 15500 15520 I SurfaceControl: nativeRelease nativeObject e[499196698528]
02-05 17:41:02.993   789   834 I SurfaceFlinger: id=79819 Removed Surface(name=dbf3b45 InputMethod)/@0xf70bba8 - animation-leash#1 (213)
02-05 17:41:02.993 15500 15520 W System  : A resource failed to call release.
02-05 17:41:02.993 15500 15520 I SurfaceControl: nativeRelease nativeObject s[498994762112]
02-05 17:41:02.993 15500 15520 I SurfaceControl: nativeRelease nativeObject e[498994762112]
02-05 17:41:02.993   789   834 I SurfaceFlinger: id=79811 Removed Surface(name=dbf3b45 InputMethod)/@0xf70bba8 - animation-leash#1 (213)
02-05 17:41:02.993 15500 15520 W System  : A resource failed to call release.
02-05 17:41:02.993 15500 15520 I SurfaceControl: nativeRelease nativeObject s[497483548800]
02-05 17:41:02.993 15500 15520 I SurfaceControl: nativeRelease nativeObject e[497483548800]
02-05 17:41:02.993   789   834 I SurfaceFlinger: id=79785 Removed Surface(name=dbf3b45 InputMethod)/@0xf70bba8 - animation-leash#0 (213)
02-05 17:41:02.993 15500 15520 W System  : A resource failed to call release.
02-05 17:41:02.993 15500 15520 I SurfaceControl: nativeRelease nativeObject s[497483548704]
02-05 17:41:02.993 15500 15520 I SurfaceControl: nativeRelease nativeObject e[497483548704]
02-05 17:41:02.994   789   834 I SurfaceFlinger: id=79744 Removed Surface(name=dbf3b45 InputMethod)/@0xf70bba8 - animation-leash#0 (213)
02-05 17:41:02.994 15500 15520 W System  : A resource failed to call release.
02-05 17:41:02.994 15500 15520 I SurfaceControl: nativeRelease nativeObject s[499014748352]
02-05 17:41:02.994 15500 15520 I SurfaceControl: nativeRelease nativeObject e[499014748352]
02-05 17:41:02.994   789   834 I SurfaceFlinger: id=79732 Removed Surface(name=dbf3b45 InputMethod)/@0xf70bba8 - animation-leash#0 (213)
02-05 17:41:02.995 15500 15520 W System  : A resource failed to call release.
02-05 17:41:02.995 15500 15520 I SurfaceControl: nativeRelease nativeObject s[499196691424]
02-05 17:41:02.995 15500 15520 I SurfaceControl: nativeRelease nativeObject e[499196691424]
02-05 17:41:02.995   789   834 I SurfaceFlinger: id=79706 Removed Surface(name=dbf3b45 InputMethod)/@0xf70bba8 - animation-leash#1 (213)
02-05 17:41:02.996 15500 15520 W System  : A resource failed to call release.
02-05 17:41:02.996 15500 15520 I SurfaceControl: nativeRelease nativeObject s[499183199360]
02-05 17:41:02.996 15500 15520 I SurfaceControl: nativeRelease nativeObject e[499183199360]
02-05 17:41:02.996   789  1272 I SurfaceFlinger: id=79665 Removed Surface(name=dbf3b45 InputMethod)/@0xf70bba8 - animation-leash#1 (213)
02-05 17:41:02.996 15500 15520 W System  : A resource failed to call release.
02-05 17:41:02.996 15500 15520 I SurfaceControl: nativeRelease nativeObject s[499014753920]
02-05 17:41:02.996 15500 15520 I SurfaceControl: nativeRelease nativeObject e[499014753920]
02-05 17:41:02.996   789  1272 I SurfaceFlinger: id=79656 Removed Surface(name=dbf3b45 InputMethod)/@0xf70bba8 - animation-leash#1 (213)
02-05 17:41:02.996 15500 15520 W System  : A resource failed to call release.
02-05 17:41:02.996 15500 15520 I SurfaceControl: nativeRelease nativeObject s[499014751616]
02-05 17:41:02.996 15500 15520 I SurfaceControl: nativeRelease nativeObject e[499014751616]
02-05 17:41:02.996   789  2265 I SurfaceFlinger: id=79622 Removed Surface(name=dbf3b45 InputMethod)/@0xf70bba8 - animation-leash#0 (213)
02-05 17:41:02.998 15500 15520 W System  : A resource failed to call release.
02-05 17:41:02.998 15500 15520 I SurfaceControl: nativeRelease nativeObject s[499014749120]
02-05 17:41:02.998 15500 15520 I SurfaceControl: nativeRelease nativeObject e[499014749120]
02-05 17:41:02.998   789  2265 I SurfaceFlinger: id=79575 Removed Surface(name=dbf3b45 InputMethod)/@0xf70bba8 - animation-leash#0 (213)
02-05 17:41:02.999 15500 15520 W System  : A resource failed to call release.
02-05 17:41:02.999 15500 15520 I SurfaceControl: nativeRelease nativeObject s[497483549472]
02-05 17:41:02.999 15500 15520 I SurfaceControl: nativeRelease nativeObject e[497483549472]
02-05 17:41:02.999   789  2265 I SurfaceFlinger: id=79529 Removed Surface(name=dbf3b45 InputMethod)/@0xf70bba8 - animation-leash#0 (213)
02-05 17:41:02.999 15500 15520 W System  : A resource failed to call release.
02-05 17:41:02.999 15500 15520 I SurfaceControl: nativeRelease nativeObject s[499014700960]
02-05 17:41:02.999 15500 15520 I SurfaceControl: nativeRelease nativeObject e[499014700960]
02-05 17:41:02.999   789  2265 I SurfaceFlinger: id=79521 Removed Surface(name=dbf3b45 InputMethod)/@0xf70bba8 - animation-leash#0 (213)
02-05 17:41:03.001  1680  1680 D SecStatusBarMobileView: setStaticDrawableColor:
02-05 17:41:03.001   789   789 I Layer   : id=79656[1] Destroyed Surface(name=dbf3b45 InputMethod)/@0xf70bba8 - animation-leash#1
02-05 17:41:03.001   789   789 I Layer   : id=79785[1] Destroyed Surface(name=dbf3b45 InputMethod)/@0xf70bba8 - animation-leash#0
02-05 17:41:03.001   789   789 I Layer   : id=79521[1] Destroyed Surface(name=dbf3b45 InputMethod)/@0xf70bba8 - animation-leash#0
02-05 17:41:03.001   789   789 I Layer   : id=79706[1] Destroyed Surface(name=dbf3b45 InputMethod)/@0xf70bba8 - animation-leash#1
02-05 17:41:03.001   789   789 I Layer   : id=79997[1] Destroyed Surface(name=dbf3b45 InputMethod)/@0xf70bba8 - animation-leash#1
02-05 17:41:03.001   789   789 I Layer   : id=79969[1] Destroyed Surface(name=dbf3b45 InputMethod)/@0xf70bba8 - animation-leash#1
02-05 17:41:03.001   789   789 I Layer   : id=79819[1] Destroyed Surface(name=dbf3b45 InputMethod)/@0xf70bba8 - animation-leash#1
02-05 17:41:03.001   789   789 I Layer   : id=79622[1] Destroyed Surface(name=dbf3b45 InputMethod)/@0xf70bba8 - animation-leash#0
02-05 17:41:03.001   789   789 I Layer   : id=79896[1] Destroyed Surface(name=dbf3b45 InputMethod)/@0xf70bba8 - animation-leash#1
02-05 17:41:03.001   789   789 I Layer   : id=79811[1] Destroyed Surface(name=dbf3b45 InputMethod)/@0xf70bba8 - animation-leash#1
02-05 17:41:03.001   789   789 I Layer   : id=80087[1] Destroyed com.sec.android.app.launcher/com.sec.android.app.launcher.activities.LauncherActivity$_2003#0
02-05 17:41:03.001   789   789 I Layer   : id=79732[1] Destroyed Surface(name=dbf3b45 InputMethod)/@0xf70bba8 - animation-leash#0
02-05 17:41:03.001   789   789 I Layer   : id=79529[1] Destroyed Surface(name=dbf3b45 InputMethod)/@0xf70bba8 - animation-leash#0
02-05 17:41:03.002   789   789 I Layer   : id=79884[1] Destroyed Surface(name=dbf3b45 InputMethod)/@0xf70bba8 - animation-leash#1
02-05 17:41:03.002   789   789 I Layer   : id=79744[1] Destroyed Surface(name=dbf3b45 InputMethod)/@0xf70bba8 - animation-leash#0
02-05 17:41:03.002   789   789 I Layer   : id=79922[1] Destroyed Surface(name=dbf3b45 InputMethod)/@0xf70bba8 - animation-leash#0
02-05 17:41:03.002   789   789 I Layer   : id=79665[1] Destroyed Surface(name=dbf3b45 InputMethod)/@0xf70bba8 - animation-leash#1
02-05 17:41:03.002   789   789 I Layer   : id=79575[1] Destroyed Surface(name=dbf3b45 InputMethod)/@0xf70bba8 - animation-leash#0
02-05 17:41:03.003 15500 15500 I SurfaceControl: nativeRelease nativeObject s[498994771904]
02-05 17:41:03.003 15500 15500 I SurfaceControl: nativeRelease nativeObject e[498994771904]
02-05 17:41:03.003 15500 15500 I SurfaceControl: nativeRelease nativeObject s[498994772576]
02-05 17:41:03.003 15500 15500 I SurfaceControl: nativeRelease nativeObject e[498994772576]
02-05 17:41:03.003  1163  3938 D SamsungIMMSHWKeyboard: isConnectedDexOnPC false
02-05 17:41:03.003 15500 15500 D IdlingResourceRegistry: All idling resources are idle.
02-05 17:41:03.003  1163  3938 D InputMethodManagerService: isImeSwitcherDisabledPackage : false
02-05 17:41:03.003 15500 15500 D IdlingResourceRegistry: All idling resources are idle.
02-05 17:41:03.003 15500 15500 D IdlingResourceRegistry: All idling resources are idle.
02-05 17:41:03.006 15500 15500 I ViewInteraction: Checking 'MatchesViewAssertion{viewMatcher=is displayed on the screen to the user}' assertion on view with text: is "Bella"
02-05 17:41:03.006 15500 15500 E ViewAssertions: 'is displayed on the screen to the user' check could not be performed because view 'with text: is "Bella"' was not found.
02-05 17:41:03.007   789   789 D SurfaceFlinger: Display 21442653864348033 HWC layers:
02-05 17:41:03.007   789   789 D SurfaceFlinger:      DEVICE | 0x7408190c80 | 0002 | RGBA_8888    |    0.0    0.0 1080.0 2400.0 |    0    0 1080 2400 | com.example.dogglers/com.example.dogglers.VerticalListActivity$_15500#0
02-05 17:41:03.007   789   789 D SurfaceFlinger:      DEVICE | 0x7407b64640 | 0002 | RGBA_8888    |    0.0    0.0 1080.0 2400.0 |    0    0 1080 2400 | Splash Screen com.example.dogglers#0
02-05 17:41:03.007   789   789 D SurfaceFlinger:      DEVICE | 0x7428c3e6c0 | 0000 | RGBA_8888    |    0.0    0.0 1080.0   88.0 |    0    0 1080   88 | StatusBar$_1680#0
02-05 17:41:03.007   789   789 D SurfaceFlinger:      DEVICE | 0x7428c40600 | 0000 | RGBA_8888    |    0.0    0.0 1080.0  144.0 |    0 2256 1080 2400 | NavigationBar0$_1680#0
02-05 17:41:03.007   789   789 D SurfaceFlinger:      DEVICE | 0x7408191180 | 0000 | RGBA_8888    |    0.0    0.0 1080.0  125.0 |    0    0 1080  125 | ScreenDecorOverlay$_1680#0
02-05 17:41:03.007   789   789 D SurfaceFlinger:      DEVICE | 0x7428c3f480 | 0000 | RGBA_8888    |    0.0    0.0 1080.0  112.0 |    0 2288 1080 2400 | ScreenDecorOverlayBottom$_1680#0
02-05 17:41:03.007   789   789 D SurfaceFlinger:
02-05 17:41:03.013  1163  3970 I SemDvfsHyPerManager: acquire hyper - AMS_ACT_START/1163@20, type = -999
02-05 17:41:03.013   726   817 I HYPER-HAL: [RequestManager.cpp]acquire(): Acquired ID : 700356  [1163 / 20]    HINT : AMS_ACT_START    list :
02-05 17:41:03.013   726   817 I HYPER-HAL: [ResourceManager.cpp]updateResource(): [CPUMinFreq] UpdateResource Request ID : 700356    Value : 1930195
02-05 17:41:03.013   789  1272 I SurfaceFlinger: id=80108 createSurf (0x0),-1 flag=80004, ActivityRecord{7c88fa7 u0 com.example.dogglers/androidx.test.core.app.InstrumentationActivityInvoker$EmptyActivity t12740}#0
02-05 17:41:03.017  1680  1680 D SecStatusBarMobileView: setStaticDrawableColor:
02-05 17:41:03.018  1163  3970 W WindowManager: lockNow pending, ignore updating lockscreen timeout
02-05 17:41:03.019 15500 15500 D LifecycleMonitor: Lifecycle status change: com.example.dogglers.VerticalListActivity@1c61551 in: PAUSED
02-05 17:41:03.019 15500 15500 D LifecycleMonitor: running callback: androidx.test.core.app.ActivityScenario$1@1d624de
02-05 17:41:03.019 15500 15500 V ActivityScenario: Update currentActivityStage to PAUSED, currentActivity=com.example.dogglers.VerticalListActivity@1c61551
02-05 17:41:03.019 15500 15500 D LifecycleMonitor: callback completes: androidx.test.core.app.ActivityScenario$1@1d624de
02-05 17:41:03.021  1163  3970 V WindowOrientationListener: getProposedRotation: 0
02-05 17:41:03.021  1163  3970 V WindowOrientationListener: getProposedRotation: 0
02-05 17:41:03.021  1163  3970 V WindowOrientationListener: getProposedRotation: 0
02-05 17:41:03.022  1163  3970 D InputDispatcher: Focused application set to (0): 7c88fa7
02-05 17:41:03.023  1163  3970 I SurfaceControl: nativeRelease nativeObject s[499038066464]
02-05 17:41:03.023  1163  3970 I SurfaceControl: nativeRelease nativeObject e[499038066464]
02-05 17:41:03.023   789  2265 I SurfaceFlinger: id=80109 createSurf (0x0),-1 flag=24000, Surface(name=8c655e2 StatusBar)/@0x44a9b07 - animation-leash#1
02-05 17:41:03.024  1163  3970 I SurfaceControl: nativeRelease nativeObject s[499038975488]
02-05 17:41:03.024  1163  3970 I SurfaceControl: nativeRelease nativeObject e[499038975488]
02-05 17:41:03.024   789  1272 I SurfaceFlinger: id=80110 createSurf (0x0),-1 flag=24000, Surface(name=b29f82b NavigationBar0)/@0x8634759 - animation-leash#0
02-05 17:41:03.026  1163  3970 W WindowManager: lockNow pending, ignore updating lockscreen timeout
02-05 17:41:03.026   789  1272 I Layer   : id=80104 removeFromCurrentState Surface(name=8c655e2 StatusBar)/@0x44a9b07 - animation-leash#0 (198)
02-05 17:41:03.026   789  1272 I Layer   : id=80105 removeFromCurrentState Surface(name=b29f82b NavigationBar0)/@0x8634759 - animation-leash#1 (198)
02-05 17:41:03.028  1163  1240 I SurfaceControl: nativeRelease nativeObject s[496884985984]
02-05 17:41:03.028  1163  1240 I SurfaceControl: nativeRelease nativeObject e[496884985984]
02-05 17:41:03.029  1163  1240 I SurfaceControl: nativeRelease nativeObject s[496871104416]
02-05 17:41:03.029  1163  1240 I SurfaceControl: nativeRelease nativeObject e[496871104416]
02-05 17:41:03.029   789  1272 I Layer   : id=80098 removeFromCurrentState Splash Screen com.example.dogglers#0 (198)
02-05 17:41:03.029  1163  1240 I SurfaceControl: nativeRelease nativeObject s[499038069920]
02-05 17:41:03.029  1163  1240 I SurfaceControl: nativeRelease nativeObject e[499038069920]
02-05 17:41:03.030  1163  1240 I SurfaceControl: nativeRelease nativeObject s[499038984992]
02-05 17:41:03.030  1163  1240 I SurfaceControl: nativeRelease nativeObject e[499038984992]
02-05 17:41:03.031   789  1272 I SurfaceFlinger: id=80111 createSurf (0x0),-1 flag=24000, Surface(name=8c655e2 StatusBar)/@0x44a9b07 - animation-leash#0
02-05 17:41:03.032  1163  1240 I SurfaceControl: nativeRelease nativeObject s[499038985088]
02-05 17:41:03.032  1163  1240 I SurfaceControl: nativeRelease nativeObject e[499038985088]
02-05 17:41:03.032   789  2265 I SurfaceFlinger: id=80112 createSurf (0x0),-1 flag=24000, Surface(name=b29f82b NavigationBar0)/@0x8634759 - animation-leash#1
02-05 17:41:03.032  1163  1240 W WindowManager: lockNow pending, ignore updating lockscreen timeout
02-05 17:41:03.033   789  1272 I Layer   : id=80097 removeFromCurrentState 71c8ef7 Splash Screen com.example.dogglers#0 (200)
02-05 17:41:03.033   789  1272 I Layer   : id=80106 removeFromCurrentState Surface(name=71c8ef7 Splash Screen com.example.dogglers)/@0x427720b - animation-leash#0 (200)
02-05 17:41:03.033   789  1272 I Layer   : id=80110 removeFromCurrentState Surface(name=b29f82b NavigationBar0)/@0x8634759 - animation-leash#0 (200)
02-05 17:41:03.033   789  1272 I Layer   : id=21 removeFromCurrentState b29f82b NavigationBar0#0 (200)
02-05 17:41:03.033   789  1272 I Layer   : id=28 removeFromCurrentState NavigationBar0$_1680#0 (200)
02-05 17:41:03.033   789  1272 I Layer   : id=80109 removeFromCurrentState Surface(name=8c655e2 StatusBar)/@0x44a9b07 - animation-leash#1 (200)
02-05 17:41:03.033   789  1272 I Layer   : id=21 addToCurrentState b29f82b NavigationBar0#0 (200)
02-05 17:41:03.033   789  1272 I Layer   : id=28 addToCurrentState NavigationBar0$_1680#0 (200)
02-05 17:41:03.034   789  2265 I SurfaceFlinger: id=80097 Removed 71c8ef7 Splash Screen com.example.dogglers#0 (200)
02-05 17:41:03.034   789  2265 I SurfaceFlinger: id=80106 Removed Surface(name=71c8ef7 Splash Screen com.example.dogglers)/@0x427720b - animation-leash#0 (200)
02-05 17:41:03.034   789  2265 I SurfaceFlinger: id=80098 Removed Splash Screen com.example.dogglers#0 (200)
02-05 17:41:03.034 15500 15500 D LifecycleMonitor: Lifecycle status change: androidx.test.core.app.InstrumentationActivityInvoker$EmptyActivity@7244f9b in: PRE_ON_CREATE
02-05 17:41:03.034 15500 15500 D LifecycleMonitor: running callback: androidx.test.core.app.ActivityScenario$1@1d624de
02-05 17:41:03.034 15500 15500 V ActivityScenario: Activity lifecycle changed event received but ignored because the intent does not match. startActivityIntent=Intent { act=android.intent.action.MAIN cat=[android.intent.category.LAUNCHER] cmp=com.example.dogglers/.VerticalListActivity }, activity.getIntent()=Intent { act=android.intent.action.MAIN cat=[android.intent.category.LAUNCHER] flg=0x10000000 cmp=com.example.dogglers/androidx.test.core.app.InstrumentationActivityInvoker$EmptyActivity }, activity=androidx.test.core.app.InstrumentationActivityInvoker$EmptyActivity@7244f9b
02-05 17:41:03.034   789   789 I Layer   : id=80106[1] Destroyed Surface(name=71c8ef7 Splash Screen com.example.dogglers)/@0x427720b - animation-leash#0
02-05 17:41:03.034 15500 15500 D LifecycleMonitor: callback completes: androidx.test.core.app.ActivityScenario$1@1d624de
02-05 17:41:03.034   789   789 I Layer   : id=80097[1] Destroyed 71c8ef7 Splash Screen com.example.dogglers#0
02-05 17:41:03.036  1680  1680 D SecStatusBarMobileView: setStaticDrawableColor:
02-05 17:41:03.036   789   789 I Layer   : id=80098[1] Destroyed Splash Screen com.example.dogglers#0
02-05 17:41:03.038   789   789 D SurfaceFlinger: Display 21442653864348033 HWC layers:
02-05 17:41:03.038   789   789 D SurfaceFlinger:      DEVICE | 0x7408500880 | 0002 | RGBA_8888    |    0.0    0.0 1080.0 2400.0 |    0    0 1080 2400 | com.example.dogglers/com.example.dogglers.VerticalListActivity$_15500#0
02-05 17:41:03.038   789   789 D SurfaceFlinger:      DEVICE | 0x7408500740 | 0000 | RGBA_8888    |    0.0    0.0 1080.0   88.0 |    0    0 1080   88 | StatusBar$_1680#0
02-05 17:41:03.038   789   789 D SurfaceFlinger:      DEVICE | 0x7428c40600 | 0000 | RGBA_8888    |    0.0    0.0 1080.0  144.0 |    0 2256 1080 2400 | NavigationBar0$_1680#0
02-05 17:41:03.038   789   789 D SurfaceFlinger:      DEVICE | 0x7408191180 | 0000 | RGBA_8888    |    0.0    0.0 1080.0  125.0 |    0    0 1080  125 | ScreenDecorOverlay$_1680#0
02-05 17:41:03.038   789   789 D SurfaceFlinger:      DEVICE | 0x7428c3f480 | 0000 | RGBA_8888    |    0.0    0.0 1080.0  112.0 |    0 2288 1080 2400 | ScreenDecorOverlayBottom$_1680#0
02-05 17:41:03.038   789   789 D SurfaceFlinger:
02-05 17:41:03.039 15500 15500 I DecorView: [INFO] isPopOver=false, config=true
02-05 17:41:03.039 15500 15500 I DecorView: updateCaptionType >> DecorView@8c9f9e6[], isFloating=false, isApplication=true, hasWindowDecorCaption=false, hasWindowControllerCallback=true
02-05 17:41:03.039 15500 15500 D DecorView: setCaptionType = 0, this = DecorView@8c9f9e6[]
02-05 17:41:03.040 15500 15500 D LifecycleMonitor: Lifecycle status change: androidx.test.core.app.InstrumentationActivityInvoker$EmptyActivity@7244f9b in: CREATED
02-05 17:41:03.040 15500 15500 D LifecycleMonitor: running callback: androidx.test.core.app.ActivityScenario$1@1d624de
02-05 17:41:03.040 15500 15500 V ActivityScenario: Activity lifecycle changed event received but ignored because the intent does not match. startActivityIntent=Intent { act=android.intent.action.MAIN cat=[android.intent.category.LAUNCHER] cmp=com.example.dogglers/.VerticalListActivity }, activity.getIntent()=Intent { act=android.intent.action.MAIN cat=[android.intent.category.LAUNCHER] flg=0x10000000 cmp=com.example.dogglers/androidx.test.core.app.InstrumentationActivityInvoker$EmptyActivity }, activity=androidx.test.core.app.InstrumentationActivityInvoker$EmptyActivity@7244f9b
02-05 17:41:03.040 15500 15500 D LifecycleMonitor: callback completes: androidx.test.core.app.ActivityScenario$1@1d624de
02-05 17:41:03.041 15500 15500 D LifecycleMonitor: Lifecycle status change: androidx.test.core.app.InstrumentationActivityInvoker$EmptyActivity@7244f9b in: STARTED
02-05 17:41:03.041 15500 15500 D LifecycleMonitor: running callback: androidx.test.core.app.ActivityScenario$1@1d624de
02-05 17:41:03.041 15500 15500 V ActivityScenario: Activity lifecycle changed event received but ignored because the intent does not match. startActivityIntent=Intent { act=android.intent.action.MAIN cat=[android.intent.category.LAUNCHER] cmp=com.example.dogglers/.VerticalListActivity }, activity.getIntent()=Intent { act=android.intent.action.MAIN cat=[android.intent.category.LAUNCHER] flg=0x10000000 cmp=com.example.dogglers/androidx.test.core.app.InstrumentationActivityInvoker$EmptyActivity }, activity=androidx.test.core.app.InstrumentationActivityInvoker$EmptyActivity@7244f9b
02-05 17:41:03.041 15500 15500 D LifecycleMonitor: callback completes: androidx.test.core.app.ActivityScenario$1@1d624de
02-05 17:41:03.044 15500 15500 D LifecycleMonitor: Lifecycle status change: androidx.test.core.app.InstrumentationActivityInvoker$EmptyActivity@7244f9b in: RESUMED
02-05 17:41:03.044 15500 15500 D LifecycleMonitor: running callback: androidx.test.core.app.ActivityScenario$1@1d624de
02-05 17:41:03.044 15500 15500 V ActivityScenario: Activity lifecycle changed event received but ignored because the intent does not match. startActivityIntent=Intent { act=android.intent.action.MAIN cat=[android.intent.category.LAUNCHER] cmp=com.example.dogglers/.VerticalListActivity }, activity.getIntent()=Intent { act=android.intent.action.MAIN cat=[android.intent.category.LAUNCHER] flg=0x10000000 cmp=com.example.dogglers/androidx.test.core.app.InstrumentationActivityInvoker$EmptyActivity }, activity=androidx.test.core.app.InstrumentationActivityInvoker$EmptyActivity@7244f9b
02-05 17:41:03.044 15500 15500 D LifecycleMonitor: callback completes: androidx.test.core.app.ActivityScenario$1@1d624de
02-05 17:41:03.046  1163  3970 D InputTransport: Input channel constructed: '2a0e6a2', fd=857
02-05 17:41:03.046  1163  3970 D InputTransport: Input channel constructed: '2a0e6a2', fd=887
02-05 17:41:03.046   789  2265 I SurfaceFlinger: id=80113 createSurf (0x0),-1 flag=80004, 2a0e6a2 com.example.dogglers/androidx.test.core.app.InstrumentationActivityInvoker$EmptyActivity#0
02-05 17:41:03.047  1163  3970 D WindowManager: isScreenshotDisabledLocked - win: Window{2a0e6a2 u0 com.example.dogglers/androidx.test.core.app.InstrumentationActivityInvoker$EmptyActivity}
02-05 17:41:03.047  1163  3970 D WindowManager: isScreenshotDisabledLocked: userId = 0, disabled =false
02-05 17:41:03.047  1163  3970 D InputTransport: Input channel destroyed: '2a0e6a2', fd=887
02-05 17:41:03.047 15500 15500 D InputTransport: Input channel constructed: '2a0e6a2', fd=99
02-05 17:41:03.048 15500 15500 I ViewRootImpl@6a4bf7d[InstrumentationActivityInvoker$EmptyActivity]: setView = com.android.internal.policy.DecorView@8c9f9e6 TM=true
02-05 17:41:03.048 15500 15500 I SurfaceControl: nativeRelease nativeObject s[498994772288]
02-05 17:41:03.048 15500 15500 I SurfaceControl: nativeRelease nativeObject e[498994772288]
02-05 17:41:03.048 15500 15500 I SurfaceControl: nativeRelease nativeObject s[498994772096]
02-05 17:41:03.048 15500 15500 I SurfaceControl: nativeRelease nativeObject e[498994772096]
02-05 17:41:03.048 15500 15500 I SurfaceControl: nativeRelease nativeObject s[498994772000]
02-05 17:41:03.048 15500 15500 I SurfaceControl: nativeRelease nativeObject e[498994772000]
02-05 17:41:03.048   789  2265 I SurfaceFlinger: id=80105 Removed Surface(name=b29f82b NavigationBar0)/@0x8634759 - animation-leash#1 (198)
02-05 17:41:03.048   789  1272 I SurfaceFlinger: id=80104 Removed Surface(name=8c655e2 StatusBar)/@0x44a9b07 - animation-leash#0 (198)
02-05 17:41:03.049 15500 15500 I SurfaceControl: nativeRelease nativeObject s[497477725792]
02-05 17:41:03.049 15500 15500 I SurfaceControl: nativeRelease nativeObject e[497477725792]
02-05 17:41:03.051   789   789 I Layer   : id=80104[1] Destroyed Surface(name=8c655e2 StatusBar)/@0x44a9b07 - animation-leash#0
02-05 17:41:03.051   789   789 I Layer   : id=80105[1] Destroyed Surface(name=b29f82b NavigationBar0)/@0x8634759 - animation-leash#1
02-05 17:41:03.051  1680  1680 D SecStatusBarMobileView: setStaticDrawableColor:
02-05 17:41:03.052  1163  3939 I InputDispatcher: Focus left window (15500): acca8df in display 0 0
02-05 17:41:03.053  1163  3944 V WindowManager: Relayout Window{2a0e6a2 u0 com.example.dogglers/androidx.test.core.app.InstrumentationActivityInvoker$EmptyActivity}: viewVisibility=0 req=1080x2400
02-05 17:41:03.054  1163  3944 W WindowManager: lockNow pending, ignore updating lockscreen timeout
02-05 17:41:03.054  1163  3944 D WindowManager: isScreenshotDisabledLocked - win: Window{2a0e6a2 u0 com.example.dogglers/androidx.test.core.app.InstrumentationActivityInvoker$EmptyActivity}
02-05 17:41:03.054  1163  3944 D WindowManager: isScreenshotDisabledLocked: userId = 0, disabled =false
02-05 17:41:03.054   789  1272 I SurfaceFlinger: id=80114 createSurf (1080x2400),1 flag=404, com.example.dogglers/androidx.test.core.app.InstrumentationActivityInvoker$EmptyActivity$_15500#0
02-05 17:41:03.056  1163  3944 I SurfaceControl: nativeRelease nativeObject s[499183877792]
02-05 17:41:03.056  1163  3944 I SurfaceControl: nativeRelease nativeObject e[499183877792]
02-05 17:41:03.056   789  1273 I SurfaceFlinger: id=80115 createSurf (0x0),-1 flag=24000, Surface(name=8c655e2 StatusBar)/@0x44a9b07 - animation-leash#1
02-05 17:41:03.056  1163  3944 I SurfaceControl: nativeRelease nativeObject s[496860780384]
02-05 17:41:03.056  1163  3944 I SurfaceControl: nativeRelease nativeObject e[496860780384]
02-05 17:41:03.056   789   834 I SurfaceFlinger: id=80116 createSurf (0x0),-1 flag=24000, Surface(name=b29f82b NavigationBar0)/@0x8634759 - animation-leash#0
02-05 17:41:03.057  1163  3944 V WindowManager: Relayout hash=2a0e6a2, pid=15500: mAttrs={(0,0)(fillxfill) sim={adjust=pan forwardNavigation} ty=BASE_APPLICATION wanim=0x1030001
02-05 17:41:03.057  1163  3944 V WindowManager:   fl=1810100
02-05 17:41:03.057  1163  3944 V WindowManager:   pfl=12020000
02-05 17:41:03.057  1163  3944 V WindowManager:   fitSides= naviIconColor=0}
02-05 17:41:03.057  1163  3944 I SurfaceControl: nativeRelease nativeObject s[496866868192]
02-05 17:41:03.057  1163  3944 I SurfaceControl: nativeRelease nativeObject e[496866868192]
02-05 17:41:03.058 15500 15500 I SurfaceControl: assignNativeObject: nativeObject = 0 Surface(name=null)/@0xe2bce72 / android.view.SurfaceControl.readFromParcel:1117 android.view.IWindowSession$Stub$Proxy.relayout:1820 android.view.ViewRootImpl.relayoutWindow:9005 android.view.ViewRootImpl.performTraversals:3360 android.view.ViewRootImpl.doTraversal:2618 android.view.ViewRootImpl$TraversalRunnable.run:9971 android.view.Choreographer$CallbackRecord.run:1010 android.view.Choreographer.doCallbacks:809 android.view.Choreographer.doFrame:744 android.view.Choreographer$FrameDisplayEventReceiver.run:995
02-05 17:41:03.058 15500 15500 I ViewRootImpl@6a4bf7d[InstrumentationActivityInvoker$EmptyActivity]: Relayout returned: old=(0,0,1080,2400) new=(0,0,1080,2400) req=(1080,2400)0 dur=6 res=0x7 s={true 497174126592} ch=true fn=-1
02-05 17:41:03.059 15500 15565 I mali_winsys: new_window_surface() [1080x2400] return: 0x3000
02-05 17:41:03.059 15500 15500 I ViewRootImpl@6a4bf7d[InstrumentationActivityInvoker$EmptyActivity]: [DP] dp(1) 1 android.view.ViewRootImpl.reportNextDraw:10957 android.view.ViewRootImpl.performTraversals:3845 android.view.ViewRootImpl.doTraversal:2618
02-05 17:41:03.059 15500 15500 I ViewRootImpl@6a4bf7d[InstrumentationActivityInvoker$EmptyActivity]: [DP] pd() Asnyc report
02-05 17:41:03.059   716   953 D gralloc : [mali_gralloc_allocate] begin
02-05 17:41:03.059   716   953 D gralloc : buffer_descriptor: wh(1080 2400) usage_pc(0x40000000000b00 0x40000000000b00) hal_format(0x1) layer_count(1) sizes(0 0 0) strde(0) byte_stride(0) alloc_wh(0 0) internal_format(0x0) alloc_format(0x0) fd_count(1) plane_count(0)
02-05 17:41:03.060   716   953 D gralloc : [mali_gralloc_allocate] allocation successful
02-05 17:41:03.060   716   953 D gralloc : [mali_gralloc_allocate] begin
02-05 17:41:03.060   716   953 D gralloc : buffer_descriptor: wh(1080 2400) usage_pc(0x40000000000b00 0x40000000000b00) hal_format(0x1) layer_count(1) sizes(0 0 0) strde(0) byte_stride(0) alloc_wh(0 0) internal_format(0x0) alloc_format(0x0) fd_count(1) plane_count(0)
02-05 17:41:03.061   716   953 D gralloc : [mali_gralloc_allocate] allocation successful
02-05 17:41:03.061   716   953 D gralloc : [mali_gralloc_allocate] begin
02-05 17:41:03.061   716   953 D gralloc : buffer_descriptor: wh(1080 2400) usage_pc(0x40000000000b00 0x40000000000b00) hal_format(0x1) layer_count(1) sizes(0 0 0) strde(0) byte_stride(0) alloc_wh(0 0) internal_format(0x0) alloc_format(0x0) fd_count(1) plane_count(0)
02-05 17:41:03.062   716   953 D gralloc : [mali_gralloc_allocate] allocation successful
02-05 17:41:03.062 15500 15500 I ViewRootImpl@6a4bf7d[InstrumentationActivityInvoker$EmptyActivity]: [DP] pdf(0) 1 android.view.ViewRootImpl.lambda$performDraw$1$ViewRootImpl:4668 android.view.-$$Lambda$ViewRootImpl$DJd0VUYJgsebcnSohO6h8zc_ONI.run:6 android.os.Handler.handleCallback:938
02-05 17:41:03.063 15500 15500 I ViewRootImpl@6a4bf7d[InstrumentationActivityInvoker$EmptyActivity]: [DP] rdf()
02-05 17:41:03.063  1163  1240 W WindowManager: lockNow pending, ignore updating lockscreen timeout
02-05 17:41:03.064   789   835 I Layer   : id=80111 removeFromCurrentState Surface(name=8c655e2 StatusBar)/@0x44a9b07 - animation-leash#0 (199)
02-05 17:41:03.064   789   835 I Layer   : id=80112 removeFromCurrentState Surface(name=b29f82b NavigationBar0)/@0x8634759 - animation-leash#1 (199)
02-05 17:41:03.065   789  1272 I SurfaceFlinger: id=80009 Removed Surface(name=8c655e2 StatusBar)/@0x44a9b07 - animation-leash#1 (199)
02-05 17:41:03.065   789  1272 I SurfaceFlinger: id=80010 Removed Surface(name=b29f82b NavigationBar0)/@0x8634759 - animation-leash#0 (199)
02-05 17:41:03.066  1163  1240 D PkgPredictorService: pkg:com.example.dogglers activity:androidx.test.core.app.InstrumentationActivityInvoker$EmptyActivity thisTime:53
02-05 17:41:03.067  1163  1240 I SemDvfsHyPerManager: acquire hyper - AMS_RESUME_TAIL/1163@22, type = -999
02-05 17:41:03.067  1163  1244 I ActivityTaskManager: Displayed com.example.dogglers/androidx.test.core.app.InstrumentationActivityInvoker$EmptyActivity: +53ms
02-05 17:41:03.067  1163  1240 I SemDvfsHyPerManager: acquire hyper - AMS_ACT_LAZY/1163@23, type = -999
02-05 17:41:03.067   726   817 I HYPER-HAL: [RequestManager.cpp]acquire(): Acquired ID : 702727  [1163 / 22]    HINT : AMS_RESUME_TAIL    list :
02-05 17:41:03.067   726   817 I HYPER-HAL: [ResourceManager.cpp]updateResource(): [CPUMinFreq] UpdateResource Request ID : 702727    Value : 1844882
02-05 17:41:03.067   726   817 I HYPER-HAL: [RequestManager.cpp]acquire(): Acquired ID : 703914  [1163 / 23]    HINT :      list :
02-05 17:41:03.067   726   817 E HYPER-HAL: [Request.cpp]acquire(): Request:: id : 703914, No Resource to set
02-05 17:41:03.067   726   817 I HYPER-HAL: [ResourceManager.cpp]removeResource(): [CPUMinFreq] RemoveResource Request ID : 700356
02-05 17:41:03.067   726   817 I HYPER-HAL: [RequestManager.cpp]releaseLocked(): Released ID : 700356
02-05 17:41:03.067  2669  2669 E pageboostd: Received HALT command code 2
02-05 17:41:03.068  1163  1240 W WindowManager: lockNow pending, ignore updating lockscreen timeout
02-05 17:41:03.068  1680  1680 D SecStatusBarMobileView: setStaticDrawableColor:
02-05 17:41:03.068   789   789 I Layer   : id=80009[1] Destroyed Surface(name=8c655e2 StatusBar)/@0x44a9b07 - animation-leash#1
02-05 17:41:03.069   789   789 I Layer   : id=80010[1] Destroyed Surface(name=b29f82b NavigationBar0)/@0x8634759 - animation-leash#0
02-05 17:41:03.070 15500 15500 I ViewRootImpl@a937af9[VerticalListActivity]: MSG_WINDOW_FOCUS_CHANGED 0 1
02-05 17:41:03.071 15500 15500 I SurfaceControl: nativeRelease nativeObject s[497477725888]
02-05 17:41:03.071  1163  1240 W WindowManager: lockNow pending, ignore updating lockscreen timeout
02-05 17:41:03.071 15500 15500 I SurfaceControl: nativeRelease nativeObject e[497477725888]
02-05 17:41:03.071 15500 15500 I SurfaceControl: nativeRelease nativeObject s[499183199360]
02-05 17:41:03.071 15500 15500 I SurfaceControl: nativeRelease nativeObject e[499183199360]
02-05 17:41:03.071 15500 15500 I SurfaceControl: nativeRelease nativeObject s[499183198304]
02-05 17:41:03.071 15500 15500 I SurfaceControl: nativeRelease nativeObject e[499183198304]
02-05 17:41:03.071   789   834 I SurfaceFlinger: id=80112 Removed Surface(name=b29f82b NavigationBar0)/@0x8634759 - animation-leash#1 (197)
02-05 17:41:03.072   789   834 I SurfaceFlinger: id=80111 Removed Surface(name=8c655e2 StatusBar)/@0x44a9b07 - animation-leash#0 (197)
02-05 17:41:03.072 15500 15500 I ViewRootImpl@a937af9[VerticalListActivity]: stopped(true) old=false
02-05 17:41:03.072 15500 15500 I SurfaceControl: nativeRelease nativeObject s[497546647936]
02-05 17:41:03.072 15500 15500 I SurfaceControl: nativeRelease nativeObject e[497546647936]
02-05 17:41:03.073 15500 15500 D LifecycleMonitor: Lifecycle status change: com.example.dogglers.VerticalListActivity@1c61551 in: STOPPED
02-05 17:41:03.073 15500 15500 D LifecycleMonitor: running callback: androidx.test.core.app.ActivityScenario$1@1d624de
02-05 17:41:03.073 15500 15500 V ActivityScenario: Update currentActivityStage to STOPPED, currentActivity=com.example.dogglers.VerticalListActivity@1c61551
02-05 17:41:03.073 15500 15500 D LifecycleMonitor: callback completes: androidx.test.core.app.ActivityScenario$1@1d624de
02-05 17:41:03.073 15500 15500 D LifecycleMonitor: Lifecycle status change: com.example.dogglers.VerticalListActivity@1c61551 in: DESTROYED
02-05 17:41:03.073 15500 15500 D LifecycleMonitor: running callback: androidx.test.core.app.ActivityScenario$1@1d624de
02-05 17:41:03.073 15500 15500 V ActivityScenario: Update currentActivityStage to DESTROYED, currentActivity=null
02-05 17:41:03.073 15500 15500 D LifecycleMonitor: callback completes: androidx.test.core.app.ActivityScenario$1@1d624de
02-05 17:41:03.074 15500 15565 I mali_egl: eglDestroySurface() in
02-05 17:41:03.075 15500 15565 I mali_winsys: delete_surface() [1080x2400] return
02-05 17:41:03.075 15500 15565 I mali_egl: eglDestroySurface() out
02-05 17:41:03.075   789  1272 E BufferQueueProducer: [com.example.dogglers/com.example.dogglers.VerticalListActivity$_15500#0](id:315000036f0,api:0,p:-1,c:789) disconnect: not connected (req=1)
02-05 17:41:03.075 15500 15565 W libEGL  : EGLNativeWindowType 0x7437321010 disconnect failed
02-05 17:41:03.075 15500 15500 I ViewRootImpl@a937af9[VerticalListActivity]: dispatchDetachedFromWindow
02-05 17:41:03.075  1163  3944 D InputTransport: Input channel destroyed: 'acca8df', fd=860
02-05 17:41:03.075  1163  3944 I SurfaceControl: nativeRelease nativeObject s[499183875392]
02-05 17:41:03.075  1163  3944 I SurfaceControl: nativeRelease nativeObject e[499183875392]
02-05 17:41:03.076  1163  3944 D WindowManager: isScreenshotDisabledLocked - win: Window{acca8df u0 com.example.dogglers/com.example.dogglers.VerticalListActivity}
02-05 17:41:03.076  1163  3944 D WindowManager: isScreenshotDisabledLocked: userId = 0, disabled =false
02-05 17:41:03.076  1163  3944 I SurfaceControl: nativeRelease nativeObject s[496861211392]
02-05 17:41:03.076  1163  3944 I SurfaceControl: nativeRelease nativeObject e[496861211392]
02-05 17:41:03.076   789  1272 I SurfaceFlinger: id=80117 createSurf (0x0),-1 flag=24004, Surface(name=dbf3b45 InputMethod)/@0xf70bba8 - animation-leash#0
02-05 17:41:03.077  1163  3944 I SurfaceControl: nativeRelease nativeObject s[499038069344]
02-05 17:41:03.077  1163  3944 I SurfaceControl: nativeRelease nativeObject e[499038069344]
02-05 17:41:03.077   789   835 I Layer   : id=80103 removeFromCurrentState com.example.dogglers/com.example.dogglers.VerticalListActivity$_15500#0 (198)
02-05 17:41:03.078  1163  3944 W WindowManager: lockNow pending, ignore updating lockscreen timeout
02-05 17:41:03.078   789  2265 I Layer   : id=80102 removeFromCurrentState acca8df com.example.dogglers/com.example.dogglers.VerticalListActivity#0 (198)
02-05 17:41:03.078   789  2265 I Layer   : id=80107 removeFromCurrentState Surface(name=dbf3b45 InputMethod)/@0xf70bba8 - animation-leash#1 (198)
02-05 17:41:03.078   789  2265 I SurfaceFlinger: id=80103 Removed com.example.dogglers/com.example.dogglers.VerticalListActivity$_15500#0 (198)
02-05 17:41:03.078   789  2265 I SurfaceFlinger: id=80102 Removed acca8df com.example.dogglers/com.example.dogglers.VerticalListActivity#0 (198)
02-05 17:41:03.079 15500 15500 D InputTransport: Input channel destroyed: 'acca8df', fd=90
02-05 17:41:03.079  1163  3970 I SurfaceControl: nativeRelease nativeObject s[496882941824]
02-05 17:41:03.079  1163  3970 I SurfaceControl: nativeRelease nativeObject e[496882941824]
02-05 17:41:03.080  1163  2104 I SemDvfsHyPerManager: acquire hyper - AMS_ACT_START/1163@20, type = -999
02-05 17:41:03.080   726   817 I HYPER-HAL: [RequestManager.cpp]acquire(): Acquired ID : 700356  [1163 / 20]    HINT : AMS_ACT_START    list :
02-05 17:41:03.081   789  1272 I SurfaceFlinger: id=80118 createSurf (0x0),-1 flag=80004, ActivityRecord{1f5cb9e u0 com.example.dogglers/androidx.test.core.app.InstrumentationActivityInvoker$EmptyActivity t12740}#0
02-05 17:41:03.082   726   817 I HYPER-HAL: [ResourceManager.cpp]updateResource(): [CPUMinFreq] UpdateResource Request ID : 700356    Value : 1930195
02-05 17:41:03.083  1163  2104 W WindowManager: lockNow pending, ignore updating lockscreen timeout
02-05 17:41:03.084   789  2265 I Layer   : id=80099 removeFromCurrentState ActivityRecord{9aabdda u0 com.example.dogglers/.VerticalListActivity t12740}#0 (199)
02-05 17:41:03.084   789  2265 I SurfaceFlinger: id=80099 Removed ActivityRecord{9aabdda u0 com.example.dogglers/.VerticalListActivity t12740}#0 (199)
02-05 17:41:03.085   789   789 I Layer   : id=80111[1] Destroyed Surface(name=8c655e2 StatusBar)/@0x44a9b07 - animation-leash#0
02-05 17:41:03.085   789   789 I Layer   : id=80112[1] Destroyed Surface(name=b29f82b NavigationBar0)/@0x8634759 - animation-leash#1
02-05 17:41:03.086   789   789 I Layer   : id=80099[1] Destroyed ActivityRecord{9aabdda u0 com.example.dogglers/.VerticalListActivity t12740}#0
02-05 17:41:03.086   789   789 I Layer   : id=80102[1] Destroyed acca8df com.example.dogglers/com.example.dogglers.VerticalListActivity#0
02-05 17:41:03.086 15500 15500 D LifecycleMonitor: Lifecycle status change: androidx.test.core.app.InstrumentationActivityInvoker$EmptyActivity@7244f9b in: PAUSED
02-05 17:41:03.086 15500 15500 D LifecycleMonitor: running callback: androidx.test.core.app.ActivityScenario$1@1d624de
02-05 17:41:03.087 15500 15500 V ActivityScenario: Activity lifecycle changed event received but ignored because the intent does not match. startActivityIntent=Intent { act=android.intent.action.MAIN cat=[android.intent.category.LAUNCHER] cmp=com.example.dogglers/.VerticalListActivity }, activity.getIntent()=Intent { act=android.intent.action.MAIN cat=[android.intent.category.LAUNCHER] flg=0x10000000 cmp=com.example.dogglers/androidx.test.core.app.InstrumentationActivityInvoker$EmptyActivity }, activity=androidx.test.core.app.InstrumentationActivityInvoker$EmptyActivity@7244f9b
02-05 17:41:03.087 15500 15500 D LifecycleMonitor: callback completes: androidx.test.core.app.ActivityScenario$1@1d624de
02-05 17:41:03.087  1163  3940 I InputDispatcher: Focus entered window (15500): 2a0e6a2 in display 0 0
02-05 17:41:03.088  1163  2104 V WindowOrientationListener: getProposedRotation: 0
02-05 17:41:03.088  1163  2104 V WindowOrientationListener: getProposedRotation: 0
02-05 17:41:03.088   789   789 I Layer   : id=80103[1] Destroyed com.example.dogglers/com.example.dogglers.VerticalListActivity$_15500#0
02-05 17:41:03.088  1163  2104 V WindowOrientationListener: getProposedRotation: 0
02-05 17:41:03.089  1163  2104 D InputDispatcher: Focused application set to (0): 1f5cb9e
02-05 17:41:03.089   789   789 D SurfaceFlinger: Display 21442653864348033 HWC layers:
02-05 17:41:03.089   789   789 D SurfaceFlinger:      DEVICE | 0x74084fe300 | 0002 | RGBA_8888    |    0.0    0.0 1080.0 2400.0 |    0    0 1080 2400 | com.example.dogglers/androidx.test.c[...]tivityInvoker$EmptyActivity$_15500#0
02-05 17:41:03.089   789   789 D SurfaceFlinger:      DEVICE | 0x7408500740 | 0000 | RGBA_8888    |    0.0    0.0 1080.0   88.0 |    0    0 1080   88 | StatusBar$_1680#0
02-05 17:41:03.089   789   789 D SurfaceFlinger:      DEVICE | 0x7428c40600 | 0000 | RGBA_8888    |    0.0    0.0 1080.0  144.0 |    0 2256 1080 2400 | NavigationBar0$_1680#0
02-05 17:41:03.089   789   789 D SurfaceFlinger:      DEVICE | 0x7408191180 | 0000 | RGBA_8888    |    0.0    0.0 1080.0  125.0 |    0    0 1080  125 | ScreenDecorOverlay$_1680#0
02-05 17:41:03.089   789   789 D SurfaceFlinger:      DEVICE | 0x7428c3f480 | 0000 | RGBA_8888    |    0.0    0.0 1080.0  112.0 |    0 2288 1080 2400 | ScreenDecorOverlayBottom$_1680#0
02-05 17:41:03.089   789   789 D SurfaceFlinger:
02-05 17:41:03.091  1163  2104 W WindowManager: lockNow pending, ignore updating lockscreen timeout
02-05 17:41:03.094 15500 15500 D LifecycleMonitor: Lifecycle status change: androidx.test.core.app.InstrumentationActivityInvoker$BootstrapActivity@239fc19 in: DESTROYED
02-05 17:41:03.094 15500 15500 D LifecycleMonitor: running callback: androidx.test.core.app.ActivityScenario$1@1d624de
02-05 17:41:03.094 15500 15500 V ActivityScenario: Activity lifecycle changed event received but ignored because the intent does not match. startActivityIntent=Intent { act=android.intent.action.MAIN cat=[android.intent.category.LAUNCHER] cmp=com.example.dogglers/.VerticalListActivity }, activity.getIntent()=Intent { act=android.intent.action.MAIN cat=[android.intent.category.LAUNCHER] flg=0x10008000 cmp=com.example.dogglers/androidx.test.core.app.InstrumentationActivityInvoker$BootstrapActivity (has extras) }, activity=androidx.test.core.app.InstrumentationActivityInvoker$BootstrapActivity@239fc19
02-05 17:41:03.094 15500 15500 D LifecycleMonitor: callback completes: androidx.test.core.app.ActivityScenario$1@1d624de
02-05 17:41:03.095  1163  2104 I SurfaceControl: nativeRelease nativeObject s[496861211680]
02-05 17:41:03.095  1163  2104 I SurfaceControl: nativeRelease nativeObject e[496861211680]
02-05 17:41:03.096  1163  1240 W WindowManager: lockNow pending, ignore updating lockscreen timeout
02-05 17:41:03.097   789  1272 I Layer   : id=80096 removeFromCurrentState ActivityRecord{3c83040 u0 com.example.dogglers/androidx.test.core.app.InstrumentationActivityInvoker$BootstrapActivity t12740}#0 (194)
02-05 17:41:03.097   789  1272 I SurfaceFlinger: id=80096 Removed ActivityRecord{3c83040 u0 com.example.dogglers/androidx.test.core.app.InstrumentationActivityInvoker$BootstrapActivity t12740}#0 (194)
