02-05 17:40:51.740 15500 15559 I TestRunner: started: clicking_vertical_list_button_displays_vertical_list(com.example.dogglers.ButtonTests)
02-05 17:40:51.741  1163  1240 W WindowManager: lockNow pending, ignore updating lockscreen timeout
02-05 17:40:51.741   789   835 I Layer   : id=79553 removeFromCurrentState ActivityRecord{5602cb4 u0 com.example.dogglers/.GridListActivity t12726}#0 (177)
02-05 17:40:51.741   789   835 I Layer   : id=79540 removeFromCurrentState Task=12726#0 (177)
02-05 17:40:51.742   789  1273 I SurfaceFlinger: id=79553 Removed ActivityRecord{5602cb4 u0 com.example.dogglers/.GridListActivity t12726}#0 (177)
02-05 17:40:51.742   789  1273 I SurfaceFlinger: id=79540 Removed Task=12726#0 (177)
02-05 17:40:51.744 15677 15703 I [SCSDK][C][2.0.02]: [SamsungCloudActivate]No expire
02-05 17:40:51.744 15500 15559 W Settings: Setting always_finish_activities has moved from android.provider.Settings.System to android.provider.Settings.Global, returning read-only value.
02-05 17:40:51.745 15709 15729 I SamsungAccount: [OpenContentProvider]  URI : content://com.msc.openprovider.openContentProvider/tncRequest
02-05 17:40:51.746 15709 15729 I SamsungAccount: [AccountManagerUtil] isSamsungAccountSignedIn : true
02-05 17:40:51.746   789   789 I Layer   : id=79540[1] Destroyed Task=12726#0
02-05 17:40:51.746   789   789 I Layer   : id=79553[1] Destroyed ActivityRecord{5602cb4 u0 com.example.dogglers/.GridListActivity t12726}#0
02-05 17:40:51.746   789   789 I Layer   : id=79554[1] Destroyed 5509e7f com.example.dogglers/com.example.dogglers.GridListActivity#0
02-05 17:40:51.746   789   789 I Layer   : id=79555[1] Destroyed com.example.dogglers/com.example.dogglers.GridListActivity$_15500#0
02-05 17:40:51.749  1163  2602 I SemDvfsHyPerManager: acquire hyper - AMS_APP_SWITCH/1163@24, type = -999
02-05 17:40:51.749   726   817 I HYPER-HAL: [RequestManager.cpp]acquire(): Acquired ID : 705102  [1163 / 24]    HINT : AMS_APP_SWITCH    list :
02-05 17:40:51.749 15677 15703 I [SC][AUTH]AccountSupplier: isValidSamsungAccount: name: 0 email: 0
02-05 17:40:51.749   789   834 I SurfaceFlinger: id=79588 createSurf (0x0),-1 flag=24004, Task=12727#0
02-05 17:40:51.749   726   817 I HYPER-HAL: [ResourceManager.cpp]updateResource(): [CPUMinFreq] UpdateResource Request ID : 705102    Value : 2623359
02-05 17:40:51.750  4183  4183 I SemDvfsHyPerManager: acquire hyper - com.sec.android.sdhms/4183@9, type = -999
02-05 17:40:51.750   726   817 I HYPER-HAL: [RequestManager.cpp]acquire(): Acquired ID : 8788537  [4183 / 9]    HINT : APP_START    list :
02-05 17:40:51.750   726   817 I HYPER-HAL: [ResourceManager.cpp]updateResource(): [CPUMaxFreq] UpdateResource Request ID : 8788537    Value : 2730000
02-05 17:40:51.751   789   834 I SurfaceFlinger: id=79589 createSurf (0x0),-1 flag=80004, ActivityRecord{4cb2a3b u0 com.example.dogglers/androidx.test.core.app.InstrumentationActivityInvoker$BootstrapActivity t12727}#0
02-05 17:40:51.751 15677 15703 I [SC][AUTH]RequestSmp: PushPreference exist.
02-05 17:40:51.751 15677 15703 I [SCSDK][C][2.0.02]: [SamsungCloud]getCloudToken
02-05 17:40:51.751 15677 15703 I [SCSDK][C][2.0.02]: [SamsungCloudCertificate]version : 2.0.02
02-05 17:40:51.752 15677 15775 W .android.sclou: Long monitor contention with owner Thread-4 (15703) at java.lang.String com.samsung.android.scloud.auth.j.b(android.content.Context)(AuthUtil.java:78) waiters=0 in java.lang.String com.samsung.android.scloud.auth.j.b(android.content.Context) for 870ms
02-05 17:40:51.752 15677 15775 I [SCSDK][C][2.0.02]: [SamsungCloud]getCloudToken
02-05 17:40:51.752 15677 15775 I [SCSDK][C][2.0.02]: [SamsungCloudPolicy]version : 2.0.02
02-05 17:40:51.752  1163  3944 V WindowOrientationListener: getProposedRotation: 0
02-05 17:40:51.752 15677 15785 W .android.sclou: Long monitor contention with owner Thread-4 (15703) at java.lang.String com.samsung.android.scloud.auth.j.b(android.content.Context)(AuthUtil.java:78) waiters=1 in java.lang.String com.samsung.android.scloud.auth.j.b(android.content.Context) for 856ms
02-05 17:40:51.752 15677 15785 I [SCSDK][C][2.0.02]: [SamsungCloud]getCloudToken
02-05 17:40:51.752 15677 15785 I [SCSDK][C][2.0.02]: [SamsungCloudDevice]version : 2.0.02
02-05 17:40:51.752 15677 15757 I [SCSDK][C][2.0.02]: [SamsungCloud]getCloudToken
02-05 17:40:51.753 15677 15757 I [SC]SCNetworkUtil: execute: [DATA_MIGRATION] url: https://api.samsungcloud.com/odi/v2/link/status?referrer=com.samsung.android.scloud&type=AppCreated&includeP3EofDates=true, serverRequestId: 3687129014
02-05 17:40:51.753  1163  3944 W WindowManager: lockNow pending, ignore updating lockscreen timeout
02-05 17:40:51.754  1163  3944 I SemDvfsHyPerManager: acquire hyper - AMS_APP_LAUNCH/1163@21, type = -999
02-05 17:40:51.754   726   817 I HYPER-HAL: [RequestManager.cpp]acquire(): Acquired ID : 701541  [1163 / 21]    HINT : AMS_APP_LAUNCH    list :
02-05 17:40:51.755   726   817 I HYPER-HAL: [ResourceManager.cpp]updateResource(): [CPUMinFreq] UpdateResource Request ID : 701541    Value : 2623359
02-05 17:40:51.756  2003  2003 I DragController: endDrag
02-05 17:40:51.756  2003  2003 W PageOverlayMover: updateActivityLifecycleState : 3
02-05 17:40:51.756  5089 28744 I PageOverlayServiceImpl: [FROM HOME] updateActivityLifecycleState : 3
02-05 17:40:51.757  2003  2003 I SPayUpdater: updateSpayHandler launcher activity is paused false
02-05 17:40:51.759 15677 15775 I [SCSDK][C][2.0.02]: [SamsungCloudPolicy]getPolicyInfo
02-05 17:40:51.759 15677 15775 I [SCSDK][C][2.0.02]: [SamsungCloudPolicy]getPolicyFromCacheFile
02-05 17:40:51.760 15677 15703 I [SCSDK][C][2.0.02]: [SamsungCloudCertificate]keyChainID : KC01
02-05 17:40:51.771 15677 15703 I [SCSDK][C][2.0.02]: [SamsungCloudCertificate]retrieveCertificate
02-05 17:40:51.771 15677 15703 I [SCSDK][C][2.0.02]: [CronetNetworkImpl]get
02-05 17:40:51.775 15677 15703 I [SCSDK][C][2.0.02]: [CronetNetworkImpl][CERTIFICATE_RETRIEVE][182131316][185715613]
02-05 17:40:51.780   696   827 E Netd    : getNetworkForDns: getNetId from enterpriseCtrl is netid 0
02-05 17:40:51.781   696   816 E Netd    : getNetworkForDns: getNetId from enterpriseCtrl is netid 0
02-05 17:40:51.804  1163  3944 V WindowOrientationListener: getProposedRotation: 0
02-05 17:40:51.804  1163  3944 V WindowOrientationListener: getProposedRotation: 0
02-05 17:40:51.804  1163  3944 V WindowOrientationListener: getProposedRotation: 0
02-05 17:40:51.805  1163  3944 D InputDispatcher: Focused application set to (0): 4cb2a3b
02-05 17:40:51.807  1163  3944 W WindowManager: lockNow pending, ignore updating lockscreen timeout
02-05 17:40:51.808  1163  1240 D InputTransport: Input channel constructed: '2e521db', fd=857
02-05 17:40:51.808  1163  1240 D InputTransport: Input channel constructed: '2e521db', fd=860
02-05 17:40:51.809   789  1273 I SurfaceFlinger: id=79590 createSurf (0x0),-1 flag=80004, 2e521db Splash Screen com.example.dogglers#0
02-05 17:40:51.811  1163  1240 I ViewRootImpl@3cd5edf[dogglers]: setView = com.android.internal.policy.DecorView@ccab751 TM=true
02-05 17:40:51.811  1163  1259 D FastTrack: setFastTrackState: pid = 15500 ;tid= 15500 ;value= 1
02-05 17:40:51.811  1163  1259 D FastTrack: setFastTrackState: pid = 15500 ;tid= 15565 ;value= 1
02-05 17:40:51.811  1163  3944 V WindowManager: Relayout Window{6030dc2 u0 com.sec.android.app.launcher/com.sec.android.app.launcher.activities.LauncherActivity}: viewVisibility=0 req=1080x2400
02-05 17:40:51.812  1163  3944 W WindowManager: lockNow pending, ignore updating lockscreen timeout
02-05 17:40:51.812  1163  1240 V WindowManager: Relayout Window{2e521db u0 Splash Screen com.example.dogglers}: viewVisibility=0 req=1080x2400
02-05 17:40:51.813  1163  3944 V WindowManager: Relayout hash=6030dc2, pid=2003: mAttrs={(0,0)(fillxfill) sim={adjust=nothing} layoutInDisplayCutoutMode=shortEdges ty=BASE_APPLICATION fmt=TRANSPARENT wanim=0x10302f2
02-05 17:40:51.813  1163  3944 V WindowManager:   fl=81910100
02-05 17:40:51.813  1163  3944 V WindowManager:   pfl=16020000
02-05 17:40:51.813  1163  3944 V WindowManager:   vsysui=1700
02-05 17:40:51.813  1163  3944 V WindowManager:   apr=LIGHT_STATUS_BARS
02-05 17:40:51.813  1163  3944 V WindowManager:   bhv=SHOW_TRANSIENT_BARS_BY_SWIPE
02-05 17:40:51.813  1163  3944 V WindowManager:   fitSides= dimAmount=0.125 dimDuration=200 naviIconColor=0}
02-05 17:40:51.813  1163  3944 I SurfaceControl: nativeRelease nativeObject s[499183894912]
02-05 17:40:51.813  1163  3944 I SurfaceControl: nativeRelease nativeObject e[499183894912]
02-05 17:40:51.813  1163  1240 W WindowManager: lockNow pending, ignore updating lockscreen timeout
02-05 17:40:51.813  2003  2003 I SurfaceControl: nativeRelease nativeObject s[499184610240]
02-05 17:40:51.813  2003  2003 I SurfaceControl: nativeRelease nativeObject e[499184610240]
02-05 17:40:51.813  2003  2003 I SurfaceControl: assignNativeObject: nativeObject = 0 Surface(name=null)/@0x37cdda1 / android.view.SurfaceControl.readFromParcel:1117 android.view.IWindowSession$Stub$Proxy.relayout:1820 android.view.ViewRootImpl.relayoutWindow:9005 android.view.ViewRootImpl.performTraversals:3360 android.view.ViewRootImpl.doTraversal:2618 android.view.ViewRootImpl$TraversalRunnable.run:9971 android.view.Choreographer$CallbackRecord.run:1010 android.view.Choreographer.doCallbacks:809 android.view.Choreographer.doFrame:744 android.view.Choreographer$FrameDisplayEventReceiver.run:995
02-05 17:40:51.813  2003  2003 I SurfaceControl: nativeRelease nativeObject s[497484221984]
02-05 17:40:51.813  2003  2003 I SurfaceControl: nativeRelease nativeObject e[497484221984]
02-05 17:40:51.813  2003  2003 I SurfaceControl: nativeRelease nativeObject s[497484221888]
02-05 17:40:51.813  2003  2003 I SurfaceControl: nativeRelease nativeObject e[497484221888]
02-05 17:40:51.813  2003  2003 I SurfaceControl: nativeRelease nativeObject s[497484220640]
02-05 17:40:51.813  2003  2003 I SurfaceControl: nativeRelease nativeObject e[497484220640]
02-05 17:40:51.813  2003  2003 I ViewRootImpl@e2e8b8d[LauncherActivity]: Relayout returned: old=(0,0,1080,2400) new=(0,0,1080,2400) req=(1080,2400)0 dur=5 res=0x1 s={true 497483223040} ch=false fn=26
02-05 17:40:51.814  1163  1240 D WindowManager: isScreenshotDisabledLocked - win: Window{2e521db u0 Splash Screen com.example.dogglers}
02-05 17:40:51.814  1163  1240 D WindowManager: isScreenshotDisabledLocked: userId = 0, disabled =false
02-05 17:40:51.814   789  1273 I SurfaceFlinger: id=79591 createSurf (1080x2400),1 flag=404, Splash Screen com.example.dogglers#0
02-05 17:40:51.816 15500 15500 D LifecycleMonitor: Lifecycle status change: androidx.test.core.app.InstrumentationActivityInvoker$BootstrapActivity@fa36952 in: PRE_ON_CREATE
02-05 17:40:51.816  1163  1240 V WindowManager: Relayout hash=2e521db, pid=1163: mAttrs={(0,0)(fillxfill) sim={adjust=pan} layoutInDisplayCutoutMode=shortEdges ty=APPLICATION_STARTING wanim=0x1030001
02-05 17:40:51.816  1163  1240 V WindowManager:   fl=1830118
02-05 17:40:51.816  1163  1240 V WindowManager:   pfl=12020011
02-05 17:40:51.816  1163  1240 V WindowManager:   fitSides= naviIconColor=0}
02-05 17:40:51.816 15500 15500 D LifecycleMonitor: running callback: androidx.test.core.app.ActivityScenario$1@a170423
02-05 17:40:51.816  1163  1240 I ViewRootImpl@3cd5edf[dogglers]: Relayout returned: old=(0,0,1080,2400) new=(0,0,1080,2400) req=(1080,2400)0 dur=4 res=0x7 s={true 497474408448} ch=true fn=-1
02-05 17:40:51.816 15500 15500 V ActivityScenario: Activity lifecycle changed event received but ignored because the intent does not match. startActivityIntent=Intent { act=android.intent.action.MAIN cat=[android.intent.category.LAUNCHER] cmp=com.example.dogglers/.MainActivity }, activity.getIntent()=Intent { act=android.intent.action.MAIN cat=[android.intent.category.LAUNCHER] flg=0x10008000 cmp=com.example.dogglers/androidx.test.core.app.InstrumentationActivityInvoker$BootstrapActivity (has extras) }, activity=androidx.test.core.app.InstrumentationActivityInvoker$BootstrapActivity@fa36952
02-05 17:40:51.816 15500 15500 D LifecycleMonitor: callback completes: androidx.test.core.app.ActivityScenario$1@a170423
02-05 17:40:51.816  1163  1240 I ViewRootImpl@3cd5edf[dogglers]: [DP] dp(1) 1 android.view.ViewRootImpl.reportNextDraw:10957 android.view.ViewRootImpl.performTraversals:3845 android.view.ViewRootImpl.doTraversal:2618
02-05 17:40:51.817   716   953 D gralloc : [mali_gralloc_allocate] begin
02-05 17:40:51.817   716   953 D gralloc : buffer_descriptor: wh(1080 2400) usage_pc(0x966 0x906) hal_format(0x1) layer_count(1) sizes(0 0 0) strde(0) byte_stride(0) alloc_wh(0 0) internal_format(0x0) alloc_format(0x0) fd_count(1) plane_count(0)
02-05 17:40:51.817   716   953 D gralloc : [mali_gralloc_allocate] allocation successful
02-05 17:40:51.820  1163  1240 I ViewRootImpl@3cd5edf[dogglers]: [DP] pdf(0) 1 android.view.ViewRootImpl.performDraw:4809 android.view.ViewRootImpl.performTraversals:3866 android.view.ViewRootImpl.doTraversal:2618
02-05 17:40:51.820  1163  1240 I ViewRootImpl@3cd5edf[dogglers]: [DP] rdf()
02-05 17:40:51.820  1163  1237 D SehCodecSolutionService: Update top [com.example.dogglers]
02-05 17:40:51.821  1163  1240 W WindowManager: lockNow pending, ignore updating lockscreen timeout
02-05 17:40:51.821 15500 15500 I DecorView: [INFO] isPopOver=false, config=true
02-05 17:40:51.821 15500 15500 I DecorView: updateCaptionType >> DecorView@3efd6d9[], isFloating=false, isApplication=true, hasWindowDecorCaption=false, hasWindowControllerCallback=true
02-05 17:40:51.821 15500 15500 D DecorView: setCaptionType = 0, this = DecorView@3efd6d9[]
02-05 17:40:51.821  1163  1511 D PkgPredictorService: com.example.dogglers go to foreground!
02-05 17:40:51.821  1163  1511 E PkgPredictorService-Collector: record changed bt=1  wifi=1 screen=0
02-05 17:40:51.821  1163  1511 D PkgPredictorService: previous pkgs: com.example.dogglers,com.example.dogglers,com.example.dogglers running pkg: com.example.dogglers, uid: 0 is system: false
02-05 17:40:51.822  1163  1511 D PkgPredictorService-Collector: save record...
02-05 17:40:51.822  1163  1511 D PkgPredictorService-Collector:  (hour:17 day:7 previous:[com.example.dogglers, com.example.dogglers, com.example.dogglers] activityName:unknown running:com.example.dogglers userId:0 screenOrientation:0 wifi:1 bt:1 predictTime:0 apkVersion:1.0 consumeTime:-1 preloaded:false>)
02-05 17:40:51.822  1163  1511 D PkgPredictorService-NapPreloadController: User using: com.example.dogglers
02-05 17:40:51.822  1163  1511 I PkgPredictorService-NapClassifier: RF predict version:1644037200287
02-05 17:40:51.822  1163  1511 D PkgPredictorService-NapClassifier: Predict result: 22.0,-1.0,-1.0,-1.0,-1.0,-1.0,-1.0,-1.0,-1.0, - [0_&_com.laurencedawson.reddit_sync.pro]
02-05 17:40:51.823  1680  6710 D WallpaperService: dispatchAppVisibility onVisibilityChanged(): false
02-05 17:40:51.823  1163  1240 I SurfaceControl: nativeRelease nativeObject s[496867019840]
02-05 17:40:51.823  1163  1240 I SurfaceControl: nativeRelease nativeObject e[496867019840]
02-05 17:40:51.824 15500 15500 D LifecycleMonitor: Lifecycle status change: androidx.test.core.app.InstrumentationActivityInvoker$BootstrapActivity@fa36952 in: CREATED
02-05 17:40:51.824 15500 15500 D LifecycleMonitor: running callback: androidx.test.core.app.ActivityScenario$1@a170423
02-05 17:40:51.824   789  1273 I SurfaceFlinger: id=79592 createSurf (0x0),-1 flag=24000, Surface(name=8c655e2 StatusBar)/@0x44a9b07 - animation-leash#1
02-05 17:40:51.824 15500 15500 V ActivityScenario: Activity lifecycle changed event received but ignored because the intent does not match. startActivityIntent=Intent { act=android.intent.action.MAIN cat=[android.intent.category.LAUNCHER] cmp=com.example.dogglers/.MainActivity }, activity.getIntent()=Intent { act=android.intent.action.MAIN cat=[android.intent.category.LAUNCHER] flg=0x10008000 cmp=com.example.dogglers/androidx.test.core.app.InstrumentationActivityInvoker$BootstrapActivity (has extras) }, activity=androidx.test.core.app.InstrumentationActivityInvoker$BootstrapActivity@fa36952
02-05 17:40:51.824 15500 15500 D LifecycleMonitor: callback completes: androidx.test.core.app.ActivityScenario$1@a170423
02-05 17:40:51.824  1163  1240 I SurfaceControl: nativeRelease nativeObject s[497264239200]
02-05 17:40:51.824  1163  1240 I SurfaceControl: nativeRelease nativeObject e[497264239200]
02-05 17:40:51.824   789  1273 I SurfaceFlinger: id=79593 createSurf (0x0),-1 flag=24000, Surface(name=b29f82b NavigationBar0)/@0x8634759 - animation-leash#0
02-05 17:40:51.825  1163  1240 W WindowManager: lockNow pending, ignore updating lockscreen timeout
02-05 17:40:51.825  1680  1680 D WallpaperService: reportVisibility onVisibilityChanged visible: false
02-05 17:40:51.825  1680  1806 I ImageWallpaper:  onVisibilityChanged false , 0
02-05 17:40:51.825   789  1273 I Layer   : id=79582 removeFromCurrentState Surface(name=8c655e2 StatusBar)/@0x44a9b07 - animation-leash#0 (179)
02-05 17:40:51.825   789  1273 I Layer   : id=79583 removeFromCurrentState Surface(name=b29f82b NavigationBar0)/@0x8634759 - animation-leash#1 (179)
02-05 17:40:51.826 15500 15500 D LifecycleMonitor: Lifecycle status change: androidx.test.core.app.InstrumentationActivityInvoker$BootstrapActivity@fa36952 in: STARTED
02-05 17:40:51.826 15500 15500 D LifecycleMonitor: running callback: androidx.test.core.app.ActivityScenario$1@a170423
02-05 17:40:51.826 15500 15500 V ActivityScenario: Activity lifecycle changed event received but ignored because the intent does not match. startActivityIntent=Intent { act=android.intent.action.MAIN cat=[android.intent.category.LAUNCHER] cmp=com.example.dogglers/.MainActivity }, activity.getIntent()=Intent { act=android.intent.action.MAIN cat=[android.intent.category.LAUNCHER] flg=0x10008000 cmp=com.example.dogglers/androidx.test.core.app.InstrumentationActivityInvoker$BootstrapActivity (has extras) }, activity=androidx.test.core.app.InstrumentationActivityInvoker$BootstrapActivity@fa36952
02-05 17:40:51.826 15500 15500 D LifecycleMonitor: callback completes: androidx.test.core.app.ActivityScenario$1@a170423
02-05 17:40:51.830   789  1273 I SurfaceFlinger: id=79594 createSurf (0x0),-1 flag=80004, ActivityRecord{8ae37cb u0 com.example.dogglers/.MainActivity t12727}#0
02-05 17:40:51.831  2003  4215 I mali_egl: eglDestroySurface() in
02-05 17:40:51.832  2003  4215 I mali_winsys: delete_surface() [1080x2400] return
02-05 17:40:51.832  2003  4215 I mali_egl: eglDestroySurface() out
02-05 17:40:51.832   789  1273 E BufferQueueProducer: [com.sec.android.app.launcher/com.sec.android.app.launcher.activities.LauncherActivity$_2003#0](id:315000036ae,api:0,p:-1,c:789) disconnect: not connected (req=1)
02-05 17:40:51.832  2003  4215 W libEGL  : EGLNativeWindowType 0x73d44f9010 disconnect failed
02-05 17:40:51.833  1163  3938 W WindowManager: lockNow pending, ignore updating lockscreen timeout
02-05 17:40:51.833  1163  1793 I InputDispatcher: Focus left window (2003): 6030dc2 in display 0 0
02-05 17:40:51.834 15500 15500 D LifecycleMonitor: Lifecycle status change: androidx.test.core.app.InstrumentationActivityInvoker$BootstrapActivity@fa36952 in: RESUMED
02-05 17:40:51.834 15500 15500 D LifecycleMonitor: running callback: androidx.test.core.app.ActivityScenario$1@a170423
02-05 17:40:51.834 15500 15500 V ActivityScenario: Activity lifecycle changed event received but ignored because the intent does not match. startActivityIntent=Intent { act=android.intent.action.MAIN cat=[android.intent.category.LAUNCHER] cmp=com.example.dogglers/.MainActivity }, activity.getIntent()=Intent { act=android.intent.action.MAIN cat=[android.intent.category.LAUNCHER] flg=0x10008000 cmp=com.example.dogglers/androidx.test.core.app.InstrumentationActivityInvoker$BootstrapActivity (has extras) }, activity=androidx.test.core.app.InstrumentationActivityInvoker$BootstrapActivity@fa36952
02-05 17:40:51.834 15500 15500 D LifecycleMonitor: callback completes: androidx.test.core.app.ActivityScenario$1@a170423
02-05 17:40:51.834  1163  2104 V WindowManager: Relayout Window{6030dc2 u0 com.sec.android.app.launcher/com.sec.android.app.launcher.activities.LauncherActivity}: viewVisibility=8 req=1080x2400
02-05 17:40:51.835  1163  2104 W WindowManager: lockNow pending, ignore updating lockscreen timeout
02-05 17:40:51.836   789   789 D SurfaceFlinger: Display 21442653864348033 HWC layers:
02-05 17:40:51.836   789   789 D SurfaceFlinger:      DEVICE | 0x74081908c0 | 0002 | RGBA_8888    |    0.0    0.0 1080.0 2400.0 |    0    0 1080 2400 | Splash Screen com.example.dogglers#0
02-05 17:40:51.836   789   789 D SurfaceFlinger:      DEVICE | 0x7428c3e6c0 | 0000 | RGBA_8888    |    0.0    0.0 1080.0   88.0 |    0    0 1080   88 | StatusBar$_1680#0
02-05 17:40:51.836   789   789 D SurfaceFlinger:      DEVICE | 0x7428c3f200 | 0000 | RGBA_8888    |    0.0    0.0 1080.0  144.0 |    0 2256 1080 2400 | NavigationBar0$_1680#0
02-05 17:40:51.836   789   789 D SurfaceFlinger:      DEVICE | 0x7408191180 | 0000 | RGBA_8888    |    0.0    0.0 1080.0  125.0 |    0    0 1080  125 | ScreenDecorOverlay$_1680#0
02-05 17:40:51.836   789   789 D SurfaceFlinger:      DEVICE | 0x7428c3f480 | 0000 | RGBA_8888    |    0.0    0.0 1080.0  112.0 |    0 2288 1080 2400 | ScreenDecorOverlayBottom$_1680#0
02-05 17:40:51.836   789   789 D SurfaceFlinger:
02-05 17:40:51.836  1163  2104 V WindowManager: Relayout hash=6030dc2, pid=2003: mAttrs={(0,0)(fillxfill) sim={adjust=nothing} layoutInDisplayCutoutMode=shortEdges ty=BASE_APPLICATION fmt=TRANSPARENT wanim=0x10302f2
02-05 17:40:51.836  1163  2104 V WindowManager:   fl=81910100
02-05 17:40:51.836  1163  2104 V WindowManager:   pfl=16020000
02-05 17:40:51.836  1163  2104 V WindowManager:   vsysui=1700
02-05 17:40:51.836  1163  2104 V WindowManager:   apr=LIGHT_STATUS_BARS
02-05 17:40:51.836  1163  2104 V WindowManager:   bhv=SHOW_TRANSIENT_BARS_BY_SWIPE
02-05 17:40:51.836  1163  2104 V WindowManager:   fitSides= dimAmount=0.125 dimDuration=200 naviIconColor=0}
02-05 17:40:51.837  2003  2003 I SurfaceControl: nativeRelease nativeObject s[497484219584]
02-05 17:40:51.837  2003  2003 I SurfaceControl: nativeRelease nativeObject e[497484219584]
02-05 17:40:51.837  2003  2003 I SurfaceControl: assignNativeObject: nativeObject = 0 Surface(name=null)/@0x631c8c8 / android.view.SurfaceControl.readFromParcel:1117 android.view.IWindowSession$Stub$Proxy.relayout:1810 android.view.ViewRootImpl.relayoutWindow:9005 android.view.ViewRootImpl.performTraversals:3360 android.view.ViewRootImpl.doTraversal:2618 android.view.ViewRootImpl$TraversalRunnable.run:9971 android.view.Choreographer$CallbackRecord.run:1010 android.view.Choreographer.doCallbacks:809 android.view.Choreographer.doFrame:744 android.view.Choreographer$FrameDisplayEventReceiver.run:995
02-05 17:40:51.837  2003  2003 I SurfaceControl: assignNativeObject: nativeObject = 0 Surface(name=null)/@0x37cdda1 / android.view.SurfaceControl.readFromParcel:1117 android.view.IWindowSession$Stub$Proxy.relayout:1820 android.view.ViewRootImpl.relayoutWindow:9005 android.view.ViewRootImpl.performTraversals:3360 android.view.ViewRootImpl.doTraversal:2618 android.view.ViewRootImpl$TraversalRunnable.run:9971 android.view.Choreographer$CallbackRecord.run:1010 android.view.Choreographer.doCallbacks:809 android.view.Choreographer.doFrame:744 android.view.Choreographer$FrameDisplayEventReceiver.run:995
02-05 17:40:51.837  2003  2003 I SurfaceControl: nativeRelease nativeObject s[499014697216]
02-05 17:40:51.837  2003  2003 I SurfaceControl: nativeRelease nativeObject e[499014697216]
02-05 17:40:51.837  2003  2003 I SurfaceControl: nativeRelease nativeObject s[497484219680]
02-05 17:40:51.837  2003  2003 I SurfaceControl: nativeRelease nativeObject e[497484219680]
02-05 17:40:51.837  2003  2003 I SurfaceControl: nativeRelease nativeObject s[499184610240]
02-05 17:40:51.837  2003  2003 I SurfaceControl: nativeRelease nativeObject e[499184610240]
02-05 17:40:51.837  1163  1240 I ViewRootImpl@3cd5edf[dogglers]: MSG_RESIZED_REPORT: frame=(0,0,1080,2400) ci=(0,88,0,144) vi=(0,88,0,144) or=1
02-05 17:40:51.837  2003  2003 I ViewRootImpl@e2e8b8d[LauncherActivity]: Relayout returned: old=(0,0,1080,2400) new=(0,0,1080,2400) req=(1080,2400)8 dur=4 res=0x5 s={false 0} ch=true fn=26
02-05 17:40:51.837  1163  1240 I ViewRootImpl@3cd5edf[dogglers]: [DP] dp(1) 1 android.view.ViewRootImpl.reportNextDraw:10957 android.view.ViewRootImpl.access$1200:256 android.view.ViewRootImpl$ViewRootHandler.handleMessage:6101
02-05 17:40:51.837 15500 15500 D LifecycleMonitor: Lifecycle status change: androidx.test.core.app.InstrumentationActivityInvoker$BootstrapActivity@fa36952 in: PAUSED
02-05 17:40:51.837 15500 15500 D LifecycleMonitor: running callback: androidx.test.core.app.ActivityScenario$1@a170423
02-05 17:40:51.838 15500 15500 V ActivityScenario: Activity lifecycle changed event received but ignored because the intent does not match. startActivityIntent=Intent { act=android.intent.action.MAIN cat=[android.intent.category.LAUNCHER] cmp=com.example.dogglers/.MainActivity }, activity.getIntent()=Intent { act=android.intent.action.MAIN cat=[android.intent.category.LAUNCHER] flg=0x10008000 cmp=com.example.dogglers/androidx.test.core.app.InstrumentationActivityInvoker$BootstrapActivity (has extras) }, activity=androidx.test.core.app.InstrumentationActivityInvoker$BootstrapActivity@fa36952
02-05 17:40:51.838 15500 15500 D LifecycleMonitor: callback completes: androidx.test.core.app.ActivityScenario$1@a170423
02-05 17:40:51.838  2003  2003 I SurfaceControl: nativeRelease nativeObject s[497484219584]
02-05 17:40:51.838  2003  2003 I SurfaceControl: nativeRelease nativeObject e[497484219584]
02-05 17:40:51.838  2003  2003 I ViewRootImpl@e2e8b8d[LauncherActivity]: MSG_WINDOW_FOCUS_CHANGED 0 1
02-05 17:40:51.839  1163  3970 V WindowOrientationListener: getProposedRotation: 0
02-05 17:40:51.840  1163  3970 D InputDispatcher: Focused application set to (0): 8ae37cb
02-05 17:40:51.842  1163  3970 W WindowManager: lockNow pending, ignore updating lockscreen timeout
02-05 17:40:51.843   789   834 I SurfaceFlinger: id=79595 createSurf (0x0),-1 flag=24000, Surface(name=ActivityRecord{4cb2a3b u0 com.example.dogglers/androidx.test.core.app.InstrumentationActivityInvoker$BootstrapActivity t12727})/@0xc324af2 - animation-leash#0
02-05 17:40:51.844   789  1272 I SurfaceFlinger: id=79596 createSurf (0x0),-1 flag=20004, Dim Layer for - Task=12727 - animating-dim#0
02-05 17:40:51.844   789  2265 I SurfaceFlinger: id=79597 createSurf (0x0),-1 flag=24000, Surface(name=Dim Layer for - Task=12727 - animating-dim)/@0xdc6dcf9 - animation-leash#0
02-05 17:40:51.844   789  2265 I SurfaceFlinger: id=79598 createSurf (0x0),-1 flag=80004, Surface(name=ActivityRecord{4cb2a3b u0 com.example.dogglers/androidx.test.core.app.InstrumentationActivityInvoker$BootstrapActivity t12727})/@0xc324af2 - animation-bounds#0
02-05 17:40:51.845  1163  3970 I SurfaceControl: nativeRelease nativeObject s[496871102400]
02-05 17:40:51.845  1163  3970 I SurfaceControl: nativeRelease nativeObject e[496871102400]
02-05 17:40:51.845  1163  3970 W WindowManager: lockNow pending, ignore updating lockscreen timeout
02-05 17:40:51.845   789  2265 I Layer   : id=79596 removeFromCurrentState Dim Layer for - Task=12727 - animating-dim#0 (184)
02-05 17:40:51.846   789  2265 I SurfaceFlinger: id=79596 Removed Dim Layer for - Task=12727 - animating-dim#0 (184)
02-05 17:40:51.846  1163  1240 W WindowManager: lockNow pending, ignore updating lockscreen timeout
02-05 17:40:51.847  1163  1237 D WindowManager: setDisableFlags: displayId=0, vis=0x8008, appearance=0, transientState=Pair{[I@40f4fb5 [I@fcc464a}, isFullscreen=false, isImmersive=false, barType=0, win=Window{2e521db u0 Splash Screen com.example.dogglers}
02-05 17:40:51.848  1163  1240 V WindowManager: Relayout Window{2e521db u0 Splash Screen com.example.dogglers}: viewVisibility=0 req=1080x2400
02-05 17:40:51.848   789   789 I Layer   : id=79596[1] Destroyed Dim Layer for - Task=12727 - animating-dim#0
02-05 17:40:51.849  1163  1240 W WindowManager: lockNow pending, ignore updating lockscreen timeout
02-05 17:40:51.849  1680  1680 D NavigationBar: onSystemBarAppearanceChanged() -  displayId:0, appearance:0, navbarColorManagedByIme:false
02-05 17:40:51.849  1163  1240 I SurfaceControl: nativeRelease nativeObject s[496871094336]
02-05 17:40:51.849  1163  1240 I SurfaceControl: nativeRelease nativeObject e[496871094336]
02-05 17:40:51.850 15500 15500 D LifecycleMonitor: Lifecycle status change: com.example.dogglers.MainActivity@3b6d0aa in: PRE_ON_CREATE
02-05 17:40:51.850 15500 15500 D LifecycleMonitor: running callback: androidx.test.core.app.ActivityScenario$1@a170423
02-05 17:40:51.850 15500 15500 V ActivityScenario: Activity lifecycle changed event received but ignored because the reported transition was not ON_CREATE while the last known transition was PRE_ON_CREATE
02-05 17:40:51.850 15500 15500 D LifecycleMonitor: callback completes: androidx.test.core.app.ActivityScenario$1@a170423
02-05 17:40:51.850  1680  1680 D SecStatusBarMobileView: setStaticDrawableColor:
02-05 17:40:51.851  1680  1680 D SecLightBarControlHelper: updateStatus(WHITE icon) NumLightStacks:0, NumStacks:1, IndexLightStack:-1, StatusBarMode:0, StatusBarState:SHD, NeedDarkFontFromWallpaper:true, isWhiteKeyguardStatusBarBySettings:true
02-05 17:40:51.857  2003  2003 I ViewRootImpl@e2e8b8d[LauncherActivity]: stopped(true) old=false
02-05 17:40:51.857  2003  2003 I StateManager: goToState isInState Normal
02-05 17:40:51.858  2003  2003 W LauncherAppWidgetHost: setListenIfResumed, mFlags = 7
02-05 17:40:51.859  1163  3940 I AppWidgetServiceImpl: stopListening callbacks : null
02-05 17:40:51.859  2003  2003 W Launcher.NotificationListener: removeNotificationsChangedListener
02-05 17:40:51.859  2003  2003 I BadgeCountUpdaterImpl: onNotificationsChangedDisConnected
02-05 17:40:51.859  2003  2003 I Launcher.NotificationListener: unregisterObserver, this is not notificationService!!
02-05 17:40:51.859  2003  2003 W PageOverlayMover: updateActivityLifecycleState : 4
02-05 17:40:51.859  2003  2003 I LiveIconUpdateEventHandler: cancelMinuteChangeAlarm
02-05 17:40:51.861 15500 15500 I DecorView: [INFO] isPopOver=false, config=true
02-05 17:40:51.862 15500 15500 I DecorView: updateCaptionType >> DecorView@adb1a74[], isFloating=false, isApplication=true, hasWindowDecorCaption=false, hasWindowControllerCallback=true
02-05 17:40:51.862 15500 15500 D DecorView: setCaptionType = 0, this = DecorView@adb1a74[]
02-05 17:40:51.862   851   851 I CameraService: notifyMonitoredUids
02-05 17:40:51.865  1680  1680 D SecStatusBarMobileView: setStaticDrawableColor:
02-05 17:40:51.867  1163  3970 V WindowManager: Relayout Window{b594a18 u0 NotificationShade}: viewVisibility=4 req=1080x2400
02-05 17:40:51.868  1163  3970 W WindowManager: lockNow pending, ignore updating lockscreen timeout
02-05 17:40:51.869  1163  1240 V WindowManager: Relayout hash=2e521db, pid=1163: mAttrs={(0,0)(fillxfill) sim={adjust=pan} layoutInDisplayCutoutMode=shortEdges ty=APPLICATION_STARTING wanim=0x1030001
02-05 17:40:51.869  1163  1240 V WindowManager:   fl=1830118
02-05 17:40:51.869  1163  1240 V WindowManager:   pfl=12020011
02-05 17:40:51.869  1163  1240 V WindowManager:   fitSides= naviIconColor=0}
02-05 17:40:51.869  2003  2003 I LiveIconUpdateEventHandler: cancelDateChangeAlarm
02-05 17:40:51.869  1163  1240 I SurfaceControl: nativeRelease nativeObject s[497264239200]
02-05 17:40:51.869  1163  1240 I SurfaceControl: nativeRelease nativeObject e[497264239200]
02-05 17:40:51.869  1163  1240 I SurfaceControl: nativeRelease nativeObject s[496867019840]
02-05 17:40:51.869  1163  1240 I SurfaceControl: nativeRelease nativeObject e[496867019840]
02-05 17:40:51.869  1163  1240 I ViewRootImpl@3cd5edf[dogglers]: Relayout returned: old=(0,0,1080,2400) new=(0,0,1080,2400) req=(1080,2400)0 dur=21 res=0x1 s={true 497474408448} ch=false fn=2
02-05 17:40:51.869 15500 15500 D LifecycleMonitor: Lifecycle status change: com.example.dogglers.MainActivity@3b6d0aa in: CREATED
02-05 17:40:51.869 15500 15500 D LifecycleMonitor: running callback: androidx.test.core.app.ActivityScenario$1@a170423
02-05 17:40:51.869  1163  3970 V WindowManager: Relayout hash=b594a18, pid=1680: mAttrs={(0,0)(fillxfill) gr=TOP CENTER_VERTICAL sim={adjust=resize} layoutInDisplayCutoutMode=always ty=2040 fmt=TRANSLUCENT colorMode=COLOR_MODE_WIDE_COLOR_GAMUT
02-05 17:40:51.869  1163  3970 V WindowManager:   fl=81840048
02-05 17:40:51.869  1163  3970 V WindowManager:   pfl=1b000000
02-05 17:40:51.869  1163  3970 V WindowManager:   bhv=SHOW_TRANSIENT_BARS_BY_SWIPE dimAmount=0.0 naviIconColor=0
02-05 17:40:51.869  1163  3970 V WindowManager:   sfl=40000}
02-05 17:40:51.869 15500 15500 V ActivityScenario: Update currentActivityStage to CREATED, currentActivity=com.example.dogglers.MainActivity@3b6d0aa
02-05 17:40:51.869 15500 15500 D LifecycleMonitor: callback completes: androidx.test.core.app.ActivityScenario$1@a170423
02-05 17:40:51.870  2003  2003 I LiveIconUpdateEventHandler: unregisterReceiver
02-05 17:40:51.870  1680  1680 I SurfaceControl: assignNativeObject: nativeObject = 0 Surface(name=null)/@0x7632417 / android.view.SurfaceControl.readFromParcel:1117 android.view.IWindowSession$Stub$Proxy.relayout:1810 android.view.ViewRootImpl.relayoutWindow:9005 android.view.ViewRootImpl.performTraversals:3360 android.view.ViewRootImpl.doTraversal:2618 android.view.ViewRootImpl$TraversalRunnable.run:9971 android.view.Choreographer$CallbackRecord.run:1010 android.view.Choreographer.doCallbacks:809 android.view.Choreographer.doFrame:744 android.view.Choreographer$FrameDisplayEventReceiver.run:995
02-05 17:40:51.870  1680  1680 I SurfaceControl: assignNativeObject: nativeObject = 0 Surface(name=null)/@0x2dd2a3a / android.view.SurfaceControl.readFromParcel:1117 android.view.IWindowSession$Stub$Proxy.relayout:1820 android.view.ViewRootImpl.relayoutWindow:9005 android.view.ViewRootImpl.performTraversals:3360 android.view.ViewRootImpl.doTraversal:2618 android.view.ViewRootImpl$TraversalRunnable.run:9971 android.view.Choreographer$CallbackRecord.run:1010 android.view.Choreographer.doCallbacks:809 android.view.Choreographer.doFrame:744 android.view.Choreographer$FrameDisplayEventReceiver.run:995
02-05 17:40:51.870  1680  1680 I ViewRootImpl@cb447c7[NotificationShade]: Relayout returned: old=(0,0,1080,2400) new=(0,0,1080,2400) req=(1080,2400)4 dur=3 res=0x1 s={false 0} ch=false fn=-1
02-05 17:40:51.871 15500 15500 D LifecycleMonitor: Lifecycle status change: com.example.dogglers.MainActivity@3b6d0aa in: STARTED
02-05 17:40:51.871 15500 15500 D LifecycleMonitor: running callback: androidx.test.core.app.ActivityScenario$1@a170423
02-05 17:40:51.871 15500 15500 V ActivityScenario: Update currentActivityStage to STARTED, currentActivity=com.example.dogglers.MainActivity@3b6d0aa
02-05 17:40:51.871 15500 15500 D LifecycleMonitor: callback completes: androidx.test.core.app.ActivityScenario$1@a170423
02-05 17:40:51.871 15500 15500 D LifecycleMonitor: Lifecycle status change: com.example.dogglers.MainActivity@3b6d0aa in: RESUMED
02-05 17:40:51.872 15500 15500 D LifecycleMonitor: running callback: androidx.test.core.app.ActivityScenario$1@a170423
02-05 17:40:51.872 15500 15500 V ActivityScenario: Update currentActivityStage to RESUMED, currentActivity=com.example.dogglers.MainActivity@3b6d0aa
02-05 17:40:51.872 15500 15500 D LifecycleMonitor: callback completes: androidx.test.core.app.ActivityScenario$1@a170423
02-05 17:40:51.872  1680  1680 D KeyguardBottomAreaShortcutView: updateCameraVisibility isCameraDisabled:false visible:true
02-05 17:40:51.872  1680  1680 D KeyguardBottomAreaShortcutView: mIndicationArea margin start : 180, end : 180, bottom : 400
02-05 17:40:51.872  1680  1680 D MediaControlPanel: mActionButtonNumCollapsed = 1, mActionButtonNumExpand = 1
02-05 17:40:51.872  1680  1680 D MediaControlPanel: mActionButtonNumCollapsed = 1, mActionButtonNumExpand = 1
02-05 17:40:51.872  1680  1680 D MediaControlPanel: mActionButtonNumCollapsed = 1, mActionButtonNumExpand = 1
02-05 17:40:51.872  1680  1680 D MediaControlPanel: mActionButtonNumCollapsed = 1, mActionButtonNumExpand = 1
02-05 17:40:51.872  1680  1680 D MediaControlPanel: mActionButtonNumCollapsed = 1, mActionButtonNumExpand = 1
02-05 17:40:51.872  1680  1680 D MediaControlPanel: mActionButtonNumCollapsed = 1, mActionButtonNumExpand = 1
02-05 17:40:51.872  1680  1680 D MediaControlPanel: mActionButtonNumCollapsed = 1, mActionButtonNumExpand = 1
02-05 17:40:51.872  1680  1680 D MediaControlPanel: mActionButtonNumCollapsed = 1, mActionButtonNumExpand = 1
02-05 17:40:51.873  1680  1680 D MediaControlPanel: mActionButtonNumCollapsed = 3, mActionButtonNumExpand = 5
02-05 17:40:51.873  1680  1680 D MediaControlPanel: mActionButtonNumCollapsed = 3, mActionButtonNumExpand = 5
02-05 17:40:51.874   716   953 D gralloc : [mali_gralloc_allocate] begin
02-05 17:40:51.874   716   953 D gralloc : buffer_descriptor: wh(1080 2400) usage_pc(0x966 0x906) hal_format(0x1) layer_count(1) sizes(0 0 0) strde(0) byte_stride(0) alloc_wh(0 0) internal_format(0x0) alloc_format(0x0) fd_count(1) plane_count(0)
02-05 17:40:51.874   716   953 D gralloc : [mali_gralloc_allocate] allocation successful
02-05 17:40:51.874  1163  1793 D InputTransport: Input channel constructed: '89bf669', fd=888
02-05 17:40:51.875  1163  1793 D InputTransport: Input channel constructed: '89bf669', fd=917
02-05 17:40:51.875   789  1272 I SurfaceFlinger: id=79599 createSurf (0x0),-1 flag=80004, 89bf669 com.example.dogglers/com.example.dogglers.MainActivity#0
02-05 17:40:51.875  1163  1793 D WindowManager: isScreenshotDisabledLocked - win: Window{89bf669 u0 com.example.dogglers/com.example.dogglers.MainActivity}
02-05 17:40:51.875  1163  1793 D WindowManager: isScreenshotDisabledLocked: userId = 0, disabled =false
02-05 17:40:51.875  1163  1793 D InputTransport: Input channel destroyed: '89bf669', fd=917
02-05 17:40:51.876 15500 15500 D InputTransport: Input channel constructed: '89bf669', fd=90
02-05 17:40:51.877 15500 15500 I ViewRootImpl@7f19b37[MainActivity]: setView = com.android.internal.policy.DecorView@adb1a74 TM=true
02-05 17:40:51.877  1163  1240 I ViewRootImpl@3cd5edf[dogglers]: [DP] pdf(0) 1 android.view.ViewRootImpl.performDraw:4809 android.view.ViewRootImpl.performTraversals:3866 android.view.ViewRootImpl.doTraversal:2618
02-05 17:40:51.877  1163  1240 I ViewRootImpl@3cd5edf[dogglers]: [DP] rdf()
02-05 17:40:51.878 15500 15500 D IdlingResourceRegistry: All idling resources are idle.
02-05 17:40:51.882  1680  1680 D SecStatusBarMobileView: setStaticDrawableColor:
02-05 17:40:51.882  1163  1793 I SurfaceControl: nativeRelease nativeObject s[499183201856]
02-05 17:40:51.882  1163  1793 I SurfaceControl: nativeRelease nativeObject e[499183201856]
02-05 17:40:51.882  1680  1680 D MediaControlPanel: mActionButtonNumCollapsed = 1, mActionButtonNumExpand = 1
02-05 17:40:51.882  1680  1680 D MediaControlPanel: mActionButtonNumCollapsed = 1, mActionButtonNumExpand = 1
02-05 17:40:51.882   789  2265 I Layer   : id=79581 removeFromCurrentState com.sec.android.app.launcher/com.sec.android.app.launcher.activities.LauncherActivity$_2003#0 (184)
02-05 17:40:51.882  1680  1680 D MediaControlPanel: mActionButtonNumCollapsed = 1, mActionButtonNumExpand = 1
02-05 17:40:51.883  1680  1680 D MediaControlPanel: mActionButtonNumCollapsed = 1, mActionButtonNumExpand = 1
02-05 17:40:51.883  1680  1680 D MediaControlPanel: mActionButtonNumCollapsed = 1, mActionButtonNumExpand = 1
02-05 17:40:51.883  1680  1680 D MediaControlPanel: mActionButtonNumCollapsed = 1, mActionButtonNumExpand = 1
02-05 17:40:51.883  1680  1680 D MediaControlPanel: mActionButtonNumCollapsed = 1, mActionButtonNumExpand = 1
02-05 17:40:51.883  1680  1680 D MediaControlPanel: mActionButtonNumCollapsed = 1, mActionButtonNumExpand = 1
02-05 17:40:51.883  1680  1680 D MediaControlPanel: mActionButtonNumCollapsed = 3, mActionButtonNumExpand = 5
02-05 17:40:51.883  1680  1680 D MediaControlPanel: mActionButtonNumCollapsed = 3, mActionButtonNumExpand = 5
02-05 17:40:51.886   789  1272 I SurfaceFlinger: id=79581 Removed com.sec.android.app.launcher/com.sec.android.app.launcher.activities.LauncherActivity$_2003#0 (184)
02-05 17:40:51.886  1163  1237 D SehCodecSolutionService: Update top [com.example.dogglers]
02-05 17:40:51.886  1163  1237 E Native_CFMS: nativePerfMgrRemoveTask    Fail    tid : 2003    return : -1
02-05 17:40:51.888  1163  3938 V WindowManager: Relayout Window{89bf669 u0 com.example.dogglers/com.example.dogglers.MainActivity}: viewVisibility=0 req=1080x2400
02-05 17:40:51.888  1163  3938 W WindowManager: lockNow pending, ignore updating lockscreen timeout
02-05 17:40:51.889  1163  3938 D WindowManager: isScreenshotDisabledLocked - win: Window{89bf669 u0 com.example.dogglers/com.example.dogglers.MainActivity}
02-05 17:40:51.889  1163  3938 D WindowManager: isScreenshotDisabledLocked: userId = 0, disabled =false
02-05 17:40:51.889   789  1273 I SurfaceFlinger: id=79600 createSurf (1080x2400),1 flag=404, com.example.dogglers/com.example.dogglers.MainActivity$_15500#0
02-05 17:40:51.890  1163  3938 I SurfaceControl: nativeRelease nativeObject s[496871101440]
02-05 17:40:51.890  1163  3938 I SurfaceControl: nativeRelease nativeObject e[496871101440]
02-05 17:40:51.890   789  1272 I SurfaceFlinger: id=79601 createSurf (0x0),-1 flag=24000, Surface(name=8c655e2 StatusBar)/@0x44a9b07 - animation-leash#0
02-05 17:40:51.891  1163  3938 I SurfaceControl: nativeRelease nativeObject s[496871101728]
02-05 17:40:51.891  1163  3938 I SurfaceControl: nativeRelease nativeObject e[496871101728]
02-05 17:40:51.891   789   835 I SurfaceFlinger: id=79602 createSurf (0x0),-1 flag=24000, Surface(name=b29f82b NavigationBar0)/@0x8634759 - animation-leash#1
02-05 17:40:51.892  1163  3938 V WindowManager: Relayout hash=89bf669, pid=15500: mAttrs={(0,0)(fillxfill) sim={adjust=pan forwardNavigation} ty=BASE_APPLICATION wanim=0x1030304
02-05 17:40:51.892  1163  3938 V WindowManager:   fl=81810100
02-05 17:40:51.892  1163  3938 V WindowManager:   pfl=12020000
02-05 17:40:51.892  1163  3938 V WindowManager:   fitSides= naviIconColor=0}
02-05 17:40:51.892  1163  3938 I SurfaceControl: nativeRelease nativeObject s[496867020512]
02-05 17:40:51.892  1163  3938 I SurfaceControl: nativeRelease nativeObject e[496867020512]
02-05 17:40:51.893 15500 15500 I SurfaceControl: assignNativeObject: nativeObject = 0 Surface(name=null)/@0xb6dc83c / android.view.SurfaceControl.readFromParcel:1117 android.view.IWindowSession$Stub$Proxy.relayout:1820 android.view.ViewRootImpl.relayoutWindow:9005 android.view.ViewRootImpl.performTraversals:3360 android.view.ViewRootImpl.doTraversal:2618 android.view.ViewRootImpl$TraversalRunnable.run:9971 android.view.Choreographer$CallbackRecord.run:1010 android.view.Choreographer.doCallbacks:809 android.view.Choreographer.doFrame:744 android.view.Choreographer$FrameDisplayEventReceiver.run:995
02-05 17:40:51.893 15500 15500 I ViewRootImpl@7f19b37[MainActivity]: Relayout returned: old=(0,0,1080,2400) new=(0,0,1080,2400) req=(1080,2400)0 dur=5 res=0x7 s={true 499016744960} ch=true fn=-1
02-05 17:40:51.894 15500 15565 I mali_winsys: new_window_surface() [1080x2400] return: 0x3000
02-05 17:40:51.894   716   953 D gralloc : [mali_gralloc_allocate] begin
02-05 17:40:51.894   716   953 D gralloc : buffer_descriptor: wh(1080 2400) usage_pc(0x40000000000b00 0x40000000000b00) hal_format(0x1) layer_count(1) sizes(0 0 0) strde(0) byte_stride(0) alloc_wh(0 0) internal_format(0x0) alloc_format(0x0) fd_count(1) plane_count(0)
02-05 17:40:51.896   716   953 D gralloc : [mali_gralloc_allocate] allocation successful
02-05 17:40:51.896 15500 15500 I ViewRootImpl@7f19b37[MainActivity]: [DP] dp(1) 1 android.view.ViewRootImpl.reportNextDraw:10957 android.view.ViewRootImpl.performTraversals:3845 android.view.ViewRootImpl.doTraversal:2618
02-05 17:40:51.896   716   953 D gralloc : [mali_gralloc_allocate] begin
02-05 17:40:51.896   716   953 D gralloc : buffer_descriptor: wh(1080 2400) usage_pc(0x40000000000b00 0x40000000000b00) hal_format(0x1) layer_count(1) sizes(0 0 0) strde(0) byte_stride(0) alloc_wh(0 0) internal_format(0x0) alloc_format(0x0) fd_count(1) plane_count(0)
02-05 17:40:51.896 15500 15500 I ViewRootImpl@7f19b37[MainActivity]: [DP] pd() Asnyc report
02-05 17:40:51.898   716   953 D gralloc : [mali_gralloc_allocate] allocation successful
02-05 17:40:51.898   716   957 D gralloc : [mali_gralloc_allocate] begin
02-05 17:40:51.898   716   957 D gralloc : buffer_descriptor: wh(1080 2400) usage_pc(0x40000000000b00 0x40000000000b00) hal_format(0x1) layer_count(1) sizes(0 0 0) strde(0) byte_stride(0) alloc_wh(0 0) internal_format(0x0) alloc_format(0x0) fd_count(1) plane_count(0)
02-05 17:40:51.899   789   789 I Layer   : id=79581[1] Destroyed com.sec.android.app.launcher/com.sec.android.app.launcher.activities.LauncherActivity$_2003#0
02-05 17:40:51.899   789  2265 I Layer   : id=79592 removeFromCurrentState Surface(name=8c655e2 StatusBar)/@0x44a9b07 - animation-leash#1 (186)
02-05 17:40:51.900   789  2265 I Layer   : id=79593 removeFromCurrentState Surface(name=b29f82b NavigationBar0)/@0x8634759 - animation-leash#0 (186)
02-05 17:40:51.900  1680  1680 D SecStatusBarMobileView: setStaticDrawableColor:
02-05 17:40:51.900  1163  1240 I SurfaceControl: nativeRelease nativeObject s[496871102976]
02-05 17:40:51.900   716   957 D gralloc : [mali_gralloc_allocate] allocation successful
02-05 17:40:51.900  1163  1240 I SurfaceControl: nativeRelease nativeObject e[496871102976]
02-05 17:40:51.900  1163  1240 I SurfaceControl: nativeRelease nativeObject s[496871094336]
02-05 17:40:51.900  1163  1240 I SurfaceControl: nativeRelease nativeObject e[496871094336]
02-05 17:40:51.900   789   834 I SurfaceFlinger: id=79593 Removed Surface(name=b29f82b NavigationBar0)/@0x8634759 - animation-leash#0 (186)
02-05 17:40:51.900   789   834 I SurfaceFlinger: id=79592 Removed Surface(name=8c655e2 StatusBar)/@0x44a9b07 - animation-leash#1 (186)
02-05 17:40:51.906 15500 15500 I ViewRootImpl@7f19b37[MainActivity]: [DP] pdf(0) 1 android.view.ViewRootImpl.lambda$performDraw$1$ViewRootImpl:4668 android.view.-$$Lambda$ViewRootImpl$DJd0VUYJgsebcnSohO6h8zc_ONI.run:6 android.os.Handler.handleCallback:938
02-05 17:40:51.906 15500 15500 I ViewRootImpl@7f19b37[MainActivity]: [DP] rdf()
02-05 17:40:51.907  1163  1240 W WindowManager: lockNow pending, ignore updating lockscreen timeout
02-05 17:40:51.908  1163  1240 W WindowManager: lockNow pending, ignore updating lockscreen timeout
02-05 17:40:51.909  1163  1240 D PkgPredictorService: pkg:com.example.dogglers activity:com.example.dogglers.MainActivity thisTime:160
02-05 17:40:51.909  1163  1240 D PkgPredictorService-Collector: update activity launch time: MainActivity : 160
02-05 17:40:51.909  1163  1240 I SemDvfsHyPerManager: acquire hyper - AMS_RESUME_TAIL/1163@22, type = -999
02-05 17:40:51.909  1163  1240 I SemDvfsHyPerManager: acquire hyper - AMS_ACT_LAZY/1163@23, type = -999
02-05 17:40:51.909   726   817 I HYPER-HAL: [RequestManager.cpp]acquire(): Acquired ID : 702727  [1163 / 22]    HINT : AMS_RESUME_TAIL    list :
02-05 17:40:51.909  1163  1244 D ArtManagerInternalImpl: /data/misc/iorapd/com.example.dogglers/1/com.example.dogglers.MainActivity/compiled_traces/compiled_trace.pb doesn't exist
02-05 17:40:51.909   726   817 I HYPER-HAL: [ResourceManager.cpp]updateResource(): [CPUMinFreq] UpdateResource Request ID : 702727    Value : 1844882
02-05 17:40:51.910   726   817 I HYPER-HAL: [RequestManager.cpp]acquire(): Acquired ID : 703914  [1163 / 23]    HINT :      list :
02-05 17:40:51.910   726   817 E HYPER-HAL: [Request.cpp]acquire(): Request:: id : 703914, No Resource to set
02-05 17:40:51.910   726   817 I HYPER-HAL: [ResourceManager.cpp]removeResource(): [CPUMinFreq] RemoveResource Request ID : 705102
02-05 17:40:51.910   726   817 I HYPER-HAL: [RequestManager.cpp]releaseLocked(): Released ID : 705102
02-05 17:40:51.911  1163  1240 D ViewRootImpl@3cd5edf[dogglers]: dispatchDetachedFromWindow: reset blurmask
02-05 17:40:51.911  1163  1240 I ViewRootImpl@3cd5edf[dogglers]: dispatchDetachedFromWindow
02-05 17:40:51.911  1163  1240 I SurfaceControl: nativeRelease nativeObject s[496871102496]
02-05 17:40:51.911  1163  1240 I SurfaceControl: nativeRelease nativeObject e[496871102496]
02-05 17:40:51.911  1163  1240 D InputTransport: Input channel destroyed: '2e521db', fd=857
02-05 17:40:51.912   789   834 I SurfaceFlinger: id=79603 createSurf (0x0),-1 flag=24000, Surface(name=2e521db Splash Screen com.example.dogglers)/@0x92fcba8 - animation-leash#0
02-05 17:40:51.913 15500 15500 D IdlingResourceRegistry: All idling resources are idle.
02-05 17:40:51.913 15500 15500 D RootViewPicker: Root not ready - waiting: 10ms for one to appear.
02-05 17:40:51.913  1163  1240 W WindowManager: lockNow pending, ignore updating lockscreen timeout
02-05 17:40:51.914  1163  1240 D InputTransport: Input channel destroyed: '2e521db', fd=860
02-05 17:40:51.916  1680  1680 D SecStatusBarMobileView: setStaticDrawableColor:
02-05 17:40:51.916   789   789 I Layer   : id=79592[1] Destroyed Surface(name=8c655e2 StatusBar)/@0x44a9b07 - animation-leash#1
02-05 17:40:51.916   789   789 I Layer   : id=79593[1] Destroyed Surface(name=b29f82b NavigationBar0)/@0x8634759 - animation-leash#0
02-05 17:40:51.917  1163  1240 W WindowManager: lockNow pending, ignore updating lockscreen timeout
02-05 17:40:51.917  1163  3938 I InputDispatcher: Focus entered window (15500): 89bf669 in display 0 0
02-05 17:40:51.918 15500 15500 I ViewRootImpl@7f19b37[MainActivity]: MSG_WINDOW_FOCUS_CHANGED 1 1
02-05 17:40:51.918 15500 15500 D InputMethodManager: prepareNavigationBarInfo() DecorView@adb1a74[MainActivity]
02-05 17:40:51.918 15500 15500 D InputMethodManager: getNavigationBarColor() -16711423
