02-05 17:40:58.186 15852 15852 I SEMS:Common_12.2.5.7: [CommonLog][main][ThreadPoolExecutorUtil] isRunning : true
02-05 17:40:58.186 15500 15500 D InputMethodManager: prepareNavigationBarInfo() DecorView@e296c77[GridListActivity]
02-05 17:40:58.186 15500 15500 D InputMethodManager: getNavigationBarColor() -16711423
02-05 17:40:58.186 15500 15500 V InputMethodManager: Starting input: tba=com.example.dogglers ic=null mNaviBarColor -16711423 mIsGetNaviBarColorSuccess true , NavVisible : true , NavTrans : false
02-05 17:40:58.186 15500 15500 D InputMethodManager: startInputInner - Id : 0
02-05 17:40:58.186 15500 15500 I InputMethodManager: startInputInner - mService.startInputOrWindowGainedFocus
02-05 17:40:58.186  1163  3938 D InputMethodManagerService: mSecureKeypadEnabled = false
02-05 17:40:58.186  1163  3938 V InputMethodManagerService: hideCurrentInputLocked : shouldHideSoftInput is false
02-05 17:40:58.186  1163  3938 D InputMethodManagerService: DESKTOP MODE! : 2
02-05 17:40:58.186  1163  3938 D InputMethodManagerService: NOT IN KNOX DESKTOP MODE!
02-05 17:40:58.186  1163  3938 V InputMethodManagerService: getDisplayIdOfInputMethodWindowToBeAdded : 0
02-05 17:40:58.187  1163  3938 D SamsungIMMSHWKeyboard: isConnectedDexOnPC false
02-05 17:40:58.187  1163  3938 D InputMethodManagerService: isImeSwitcherDisabledPackage : false
02-05 17:40:58.187  1163  3938 D InputMethodManagerService: checkDisplayOfStartInputAndUpdateKeyboard display Id 0last 0
02-05 17:40:58.187  1163  3938 D InputTransport: Input channel constructed: 'ClientS', fd=857
02-05 17:40:58.187  1163  3938 D InputTransport: Input channel destroyed: 'ClientS', fd=857
02-05 17:40:58.187 15500 15500 D InputTransport: Input channel constructed: 'ClientS', fd=97
02-05 17:40:58.191  1163  3938 I SurfaceControl: nativeRelease nativeObject s[496871097216]
02-05 17:40:58.191  1163  3938 I SurfaceControl: nativeRelease nativeObject e[496871097216]
02-05 17:40:58.191   789   834 I SurfaceFlinger: id=79884 createSurf (0x0),-1 flag=24004, Surface(name=dbf3b45 InputMethod)/@0xf70bba8 - animation-leash#1
02-05 17:40:58.192 15500 15500 D IdlingResourceRegistry: All idling resources are idle.
02-05 17:40:58.192 15500 15500 D IdlingResourceRegistry: All idling resources are idle.
02-05 17:40:58.194  1680  1680 D SecStatusBarMobileView: setStaticDrawableColor:
02-05 17:40:58.195   789   789 I Layer   : id=79748[1] Destroyed Surface(name=b29f82b NavigationBar0)/@0x8634759 - animation-leash#0
02-05 17:40:58.195   789   789 I Layer   : id=79747[1] Destroyed Surface(name=8c655e2 StatusBar)/@0x44a9b07 - animation-leash#1
02-05 17:40:58.195  1163  1244 I ActivityTaskManager: Displayed com.example.dogglers/.GridListActivity: +129ms
02-05 17:40:58.196 15500 15500 I ViewInteraction: Checking 'MatchesViewAssertion{viewMatcher=is displayed on the screen to the user}' assertion on view with text: is "Tzeitel"
02-05 17:40:58.196 15500 15500 E ViewAssertions: 'is displayed on the screen to the user' check could not be performed because view 'with text: is "Tzeitel"' was not found.
02-05 17:40:58.197  3640  3640 I GoogleInputMethodService: GoogleInputMethodService.onFinishInput():3316
02-05 17:40:58.197   789   834 I Layer   : id=79871 removeFromCurrentState Surface(name=dbf3b45 InputMethod)/@0xf70bba8 - animation-leash#0 (194)
02-05 17:40:58.198  2669  2669 E pageboostd: Received HALT command code 2
02-05 17:40:58.198  1163  3944 V WindowManager: Relayout Window{f87dac6 u0 com.samsung.android.app.spage}: viewVisibility=8 req=0x2168
02-05 17:40:58.199  2003  2003 I SurfaceControl: nativeRelease nativeObject s[497484645920]
02-05 17:40:58.199  2003  2003 I SurfaceControl: nativeRelease nativeObject e[497484645920]
02-05 17:40:58.199  3640  3640 I GoogleInputMethodService: GoogleInputMethodService.updateDeviceLockedStatus():2181 checkRepeatedly = false, unlocked = true
02-05 17:40:58.199  3640  3640 D InputMethodService: checkDisplayOfStartInputAndUpdateKeyboard display Id 0last 0
02-05 17:40:58.199  3640  3640 I GoogleInputMethodService: GoogleInputMethodService.onStartInput():1989
02-05 17:40:58.199  1163  3944 W WindowManager: lockNow pending, ignore updating lockscreen timeout
02-05 17:40:58.200  3640  3640 I GoogleInputMethodService: GoogleInputMethodService.updateDeviceLockedStatus():2181 checkRepeatedly = true, unlocked = true
02-05 17:40:58.202  1163  3944 V WindowManager: Relayout hash=f87dac6, pid=5089: mAttrs={(0,0)(0xfill) sim={adjust=pan} ty=APPLICATION_PANEL fmt=RGBA_8888
02-05 17:40:58.202  1163  3944 V WindowManager:   fl=1000018
02-05 17:40:58.202  1163  3944 V WindowManager:   pfl=2000040
02-05 17:40:58.202  1163  3944 V WindowManager:   fitTypes=STATUS_BARS NAVIGATION_BARS CAPTION_BAR IME naviIconColor=0}
02-05 17:40:58.202  5089  5089 I SurfaceControl: assignNativeObject: nativeObject = 0 Surface(name=null)/@0xb12fb6b / android.view.SurfaceControl.readFromParcel:1117 android.view.IWindowSession$Stub$Proxy.relayout:1810 android.view.ViewRootImpl.relayoutWindow:9005 android.view.ViewRootImpl.performTraversals:3360 android.view.ViewRootImpl.doTraversal:2618 android.view.ViewRootImpl$TraversalRunnable.run:9971 android.view.Choreographer$CallbackRecord.run:1010 android.view.Choreographer.doCallbacks:809 android.view.Choreographer.doFrame:744 android.view.Choreographer$FrameDisplayEventReceiver.run:995
02-05 17:40:58.202 15500 15500 I SurfaceControl: nativeRelease nativeObject s[497477721376]
02-05 17:40:58.202 15500 15500 I SurfaceControl: nativeRelease nativeObject e[497477721376]
02-05 17:40:58.202 15500 15500 I SurfaceControl: nativeRelease nativeObject s[497477721280]
02-05 17:40:58.202 15500 15500 I SurfaceControl: nativeRelease nativeObject e[497477721280]
02-05 17:40:58.202  5089  5089 I SurfaceControl: assignNativeObject: nativeObject = 0 Surface(name=null)/@0xf71d6c8 / android.view.SurfaceControl.readFromParcel:1117 android.view.IWindowSession$Stub$Proxy.relayout:1820 android.view.ViewRootImpl.relayoutWindow:9005 android.view.ViewRootImpl.performTraversals:3360 android.view.ViewRootImpl.doTraversal:2618 android.view.ViewRootImpl$TraversalRunnable.run:9971 android.view.Choreographer$CallbackRecord.run:1010 android.view.Choreographer.doCallbacks:809 android.view.Choreographer.doFrame:744 android.view.Choreographer$FrameDisplayEventReceiver.run:995
02-05 17:40:58.203  5089  5089 I ViewRootImpl@7fb81b0[]: Relayout returned: old=(540,88,540,2256) new=(540,88,540,2256) req=(0,2168)8 dur=8 res=0x1 s={false 0} ch=false fn=-1
02-05 17:40:58.204  1163  3944 D SamsungIMMSHWKeyboard: isConnectedDexOnPC false
02-05 17:40:58.204 15852 15949 I SEMS:Common_12.2.5.7: [CommonLog][pool-13-thread-5][SimUtil] MultiSimManagerCompat.getInstance().getDefaultSubId(2) = 1, slotId = 0
02-05 17:40:58.204 15852 15949 I SEMS:Registration_12.2.5.7: [ActivateLog][pool-13-thread-5][ActivateDBHandler] updateActivate
02-05 17:40:58.204  1163  3944 D InputMethodManagerService: isImeSwitcherDisabledPackage : false
02-05 17:40:58.206  1163  1237 D SehCodecSolutionService: Update top [com.example.dogglers]
02-05 17:40:58.206  1163  1237 E Native_CFMS: nativePerfMgrRemoveTask    Fail    tid : 2003    return : -1
02-05 17:40:58.207   916   916 I keystore: !@ Start - USRPKEY_com.samsung.android.mobileservice_activate from uid 10118 for uid 10118, isKnoxKey(0)
02-05 17:40:58.207   916   916 I keystore: !@ reading blob user_0/10118_USRPKEY_com+^samsung+^android+^mobileservice_activate
02-05 17:40:58.207   532   532 W keymaster_tee: [WRN]begin req PARAMS: A32 B2 P64
02-05 17:40:58.208  1163  1235 I SemDvfsHyPerManager: acquire hyper - AMS_ACT_START/1163@20, type = -999
02-05 17:40:58.209   726   817 I HYPER-HAL: [RequestManager.cpp]acquire(): Acquired ID : 700356  [1163 / 20]    HINT : AMS_ACT_START    list :
02-05 17:40:58.209   789   834 I SurfaceFlinger: id=79885 createSurf (0x0),-1 flag=80004, ActivityRecord{62aa33a u0 com.example.dogglers/androidx.test.core.app.InstrumentationActivityInvoker$EmptyActivity t12734}#0
02-05 17:40:58.209   726   817 I HYPER-HAL: [ResourceManager.cpp]updateResource(): [CPUMinFreq] UpdateResource Request ID : 700356    Value : 1930195
02-05 17:40:58.211  1680  1680 D SecStatusBarMobileView: setStaticDrawableColor:
02-05 17:40:58.212  1163  1235 W WindowManager: lockNow pending, ignore updating lockscreen timeout
02-05 17:40:58.214 15500 15500 D LifecycleMonitor: Lifecycle status change: com.example.dogglers.GridListActivity@b3a099e in: PAUSED
02-05 17:40:58.214 15500 15500 D LifecycleMonitor: running callback: androidx.test.core.app.ActivityScenario$1@15a9387
02-05 17:40:58.214 15500 15500 V ActivityScenario: Update currentActivityStage to PAUSED, currentActivity=com.example.dogglers.GridListActivity@b3a099e
02-05 17:40:58.214 15500 15500 D LifecycleMonitor: callback completes: androidx.test.core.app.ActivityScenario$1@15a9387
02-05 17:40:58.215  1163  3944 V WindowOrientationListener: getProposedRotation: 0
02-05 17:40:58.215  1163  3944 V WindowOrientationListener: getProposedRotation: 0
02-05 17:40:58.216 15852 15949 I SEMS:Registration_12.2.5.7: [ActivateLog][pool-13-thread-5][ActivateDBHandler] duid is empty
02-05 17:40:58.216  1163  3944 V WindowOrientationListener: getProposedRotation: 0
02-05 17:40:58.216 15852 15949 I SEMS:DataAdapter_12.2.5.7: [][pool-13-thread-5][DatabaseManager] request update
02-05 17:40:58.216  1163  3944 D InputDispatcher: Focused application set to (0): 62aa33a
02-05 17:40:58.217  1163  3944 I SurfaceControl: nativeRelease nativeObject s[499039088480]
02-05 17:40:58.217  1163  3944 I SurfaceControl: nativeRelease nativeObject e[499039088480]
02-05 17:40:58.217   789   789 D SurfaceFlinger: Display 21442653864348033 HWC layers:
02-05 17:40:58.217   789   789 D SurfaceFlinger:      DEVICE | 0x7428c3e940 | 0002 | RGBA_8888    |    0.0    0.0 1080.0 2400.0 |    0    0 1080 2400 | com.example.dogglers/com.example.dogglers.GridListActivity$_15500#0
02-05 17:40:58.217   789   789 D SurfaceFlinger:      DEVICE | 0x7428c3f840 | 0002 | RGBA_8888    |    0.0    0.0 1080.0 2400.0 |    0    0 1080 2400 | Splash Screen com.example.dogglers#0
02-05 17:40:58.217   789   789 D SurfaceFlinger:      DEVICE | 0x7408500740 | 0000 | RGBA_8888    |    0.0    0.0 1080.0   88.0 |    0    0 1080   88 | StatusBar$_1680#0
02-05 17:40:58.217   789   789 D SurfaceFlinger:      DEVICE | 0x7428c3ea80 | 0000 | RGBA_8888    |    0.0    0.0 1080.0  144.0 |    0 2256 1080 2400 | NavigationBar0$_1680#0
02-05 17:40:58.217   789   789 D SurfaceFlinger:      DEVICE | 0x7408191180 | 0000 | RGBA_8888    |    0.0    0.0 1080.0  125.0 |    0    0 1080  125 | ScreenDecorOverlay$_1680#0
02-05 17:40:58.217   789   789 D SurfaceFlinger:      DEVICE | 0x7428c3f480 | 0000 | RGBA_8888    |    0.0    0.0 1080.0  112.0 |    0 2288 1080 2400 | ScreenDecorOverlayBottom$_1680#0
02-05 17:40:58.217   789   789 D SurfaceFlinger:
02-05 17:40:58.217   789   835 I SurfaceFlinger: id=79886 createSurf (0x0),-1 flag=24000, Surface(name=8c655e2 StatusBar)/@0x44a9b07 - animation-leash#0
02-05 17:40:58.218  1163  3944 I SurfaceControl: nativeRelease nativeObject s[499183897408]
02-05 17:40:58.218  1163  3944 I SurfaceControl: nativeRelease nativeObject e[499183897408]
02-05 17:40:58.218   789   835 I SurfaceFlinger: id=79887 createSurf (0x0),-1 flag=24000, Surface(name=b29f82b NavigationBar0)/@0x8634759 - animation-leash#1
02-05 17:40:58.220  1163  3944 W WindowManager: lockNow pending, ignore updating lockscreen timeout
02-05 17:40:58.220   789   834 I Layer   : id=79881 removeFromCurrentState Surface(name=8c655e2 StatusBar)/@0x44a9b07 - animation-leash#1 (197)
02-05 17:40:58.220   789   834 I Layer   : id=79882 removeFromCurrentState Surface(name=b29f82b NavigationBar0)/@0x8634759 - animation-leash#0 (197)
02-05 17:40:58.224 15500 15500 D LifecycleMonitor: Lifecycle status change: androidx.test.core.app.InstrumentationActivityInvoker$EmptyActivity@d4fe8e3 in: PRE_ON_CREATE
02-05 17:40:58.224 15500 15500 D LifecycleMonitor: running callback: androidx.test.core.app.ActivityScenario$1@15a9387
02-05 17:40:58.224 15500 15500 V ActivityScenario: Activity lifecycle changed event received but ignored because the intent does not match. startActivityIntent=Intent { act=android.intent.action.MAIN cat=[android.intent.category.LAUNCHER] cmp=com.example.dogglers/.GridListActivity }, activity.getIntent()=Intent { act=android.intent.action.MAIN cat=[android.intent.category.LAUNCHER] flg=0x10000000 cmp=com.example.dogglers/androidx.test.core.app.InstrumentationActivityInvoker$EmptyActivity }, activity=androidx.test.core.app.InstrumentationActivityInvoker$EmptyActivity@d4fe8e3
02-05 17:40:58.224 15500 15500 D LifecycleMonitor: callback completes: androidx.test.core.app.ActivityScenario$1@15a9387
02-05 17:40:58.227 15852 15949 I SEMS:Registration_12.2.5.7: [ActivateLog][pool-13-thread-5][ActivateDBHandler] update data : 1
02-05 17:40:58.227 15852 15949 I SEMS:Registration_12.2.5.7: [ActivateLog][pool-13-thread-5][ActivateDBHandler] refreshCachedMap
02-05 17:40:58.228  1680  1680 D SecStatusBarMobileView: setStaticDrawableColor:
02-05 17:40:58.229  1163  1240 I SurfaceControl: nativeRelease nativeObject s[496884986560]
02-05 17:40:58.229  1163  1240 I SurfaceControl: nativeRelease nativeObject e[496884986560]
02-05 17:40:58.229  1163  3935 I InputDispatcher: Focus left window (15500): bf8c459 in display 0 0
02-05 17:40:58.230 15500 15500 I DecorView: [INFO] isPopOver=false, config=true
02-05 17:40:58.230 15500 15500 I DecorView: updateCaptionType >> DecorView@1612999[], isFloating=false, isApplication=true, hasWindowDecorCaption=false, hasWindowControllerCallback=true
02-05 17:40:58.230 15500 15500 D DecorView: setCaptionType = 0, this = DecorView@1612999[]
02-05 17:40:58.230  1163  1240 I SurfaceControl: nativeRelease nativeObject s[496871094144]
02-05 17:40:58.230  1163  1240 I SurfaceControl: nativeRelease nativeObject e[496871094144]
02-05 17:40:58.230   789   835 I Layer   : id=79875 removeFromCurrentState Splash Screen com.example.dogglers#0 (197)
02-05 17:40:58.230  1163  1240 I SurfaceControl: nativeRelease nativeObject s[496860779328]
02-05 17:40:58.230  1163  1240 I SurfaceControl: nativeRelease nativeObject e[496860779328]
02-05 17:40:58.231  1163  1240 I SurfaceControl: nativeRelease nativeObject s[496884985984]
02-05 17:40:58.231  1163  1240 I SurfaceControl: nativeRelease nativeObject e[496884985984]
02-05 17:40:58.231 15500 15500 D LifecycleMonitor: Lifecycle status change: androidx.test.core.app.InstrumentationActivityInvoker$EmptyActivity@d4fe8e3 in: CREATED
02-05 17:40:58.231 15500 15500 D LifecycleMonitor: running callback: androidx.test.core.app.ActivityScenario$1@15a9387
02-05 17:40:58.231   789  1272 I SurfaceFlinger: id=79888 createSurf (0x0),-1 flag=24000, Surface(name=8c655e2 StatusBar)/@0x44a9b07 - animation-leash#1
02-05 17:40:58.231 15500 15500 V ActivityScenario: Activity lifecycle changed event received but ignored because the intent does not match. startActivityIntent=Intent { act=android.intent.action.MAIN cat=[android.intent.category.LAUNCHER] cmp=com.example.dogglers/.GridListActivity }, activity.getIntent()=Intent { act=android.intent.action.MAIN cat=[android.intent.category.LAUNCHER] flg=0x10000000 cmp=com.example.dogglers/androidx.test.core.app.InstrumentationActivityInvoker$EmptyActivity }, activity=androidx.test.core.app.InstrumentationActivityInvoker$EmptyActivity@d4fe8e3
02-05 17:40:58.231 15500 15500 D LifecycleMonitor: callback completes: androidx.test.core.app.ActivityScenario$1@15a9387
02-05 17:40:58.232  1163  1240 I SurfaceControl: nativeRelease nativeObject s[496861207936]
02-05 17:40:58.232  1163  1240 I SurfaceControl: nativeRelease nativeObject e[496861207936]
02-05 17:40:58.233   789  1272 I SurfaceFlinger: id=79889 createSurf (0x0),-1 flag=24000, Surface(name=b29f82b NavigationBar0)/@0x8634759 - animation-leash#0
02-05 17:40:58.233  1163  1240 W WindowManager: lockNow pending, ignore updating lockscreen timeout
02-05 17:40:58.234   789   835 I Layer   : id=79874 removeFromCurrentState 400fab1 Splash Screen com.example.dogglers#0 (199)
02-05 17:40:58.234   789   835 I Layer   : id=79883 removeFromCurrentState Surface(name=400fab1 Splash Screen com.example.dogglers)/@0x1f1c76e - animation-leash#0 (199)
02-05 17:40:58.234   789   835 I Layer   : id=79886 removeFromCurrentState Surface(name=8c655e2 StatusBar)/@0x44a9b07 - animation-leash#0 (199)
02-05 17:40:58.234   789   835 I Layer   : id=79887 removeFromCurrentState Surface(name=b29f82b NavigationBar0)/@0x8634759 - animation-leash#1 (199)
02-05 17:40:58.234   789   835 I SurfaceFlinger: id=79874 Removed 400fab1 Splash Screen com.example.dogglers#0 (199)
02-05 17:40:58.234   789   835 I SurfaceFlinger: id=79883 Removed Surface(name=400fab1 Splash Screen com.example.dogglers)/@0x1f1c76e - animation-leash#0 (199)
02-05 17:40:58.234   789  1272 I SurfaceFlinger: id=79875 Removed Splash Screen com.example.dogglers#0 (199)
02-05 17:40:58.235 15500 15500 D LifecycleMonitor: Lifecycle status change: androidx.test.core.app.InstrumentationActivityInvoker$EmptyActivity@d4fe8e3 in: STARTED
02-05 17:40:58.235 15500 15500 D LifecycleMonitor: running callback: androidx.test.core.app.ActivityScenario$1@15a9387
02-05 17:40:58.235 15500 15500 V ActivityScenario: Activity lifecycle changed event received but ignored because the intent does not match. startActivityIntent=Intent { act=android.intent.action.MAIN cat=[android.intent.category.LAUNCHER] cmp=com.example.dogglers/.GridListActivity }, activity.getIntent()=Intent { act=android.intent.action.MAIN cat=[android.intent.category.LAUNCHER] flg=0x10000000 cmp=com.example.dogglers/androidx.test.core.app.InstrumentationActivityInvoker$EmptyActivity }, activity=androidx.test.core.app.InstrumentationActivityInvoker$EmptyActivity@d4fe8e3
02-05 17:40:58.235 15500 15500 D LifecycleMonitor: callback completes: androidx.test.core.app.ActivityScenario$1@15a9387
02-05 17:40:58.237 15500 15500 D LifecycleMonitor: Lifecycle status change: androidx.test.core.app.InstrumentationActivityInvoker$EmptyActivity@d4fe8e3 in: RESUMED
02-05 17:40:58.237 15500 15500 D LifecycleMonitor: running callback: androidx.test.core.app.ActivityScenario$1@15a9387
02-05 17:40:58.237 15500 15500 V ActivityScenario: Activity lifecycle changed event received but ignored because the intent does not match. startActivityIntent=Intent { act=android.intent.action.MAIN cat=[android.intent.category.LAUNCHER] cmp=com.example.dogglers/.GridListActivity }, activity.getIntent()=Intent { act=android.intent.action.MAIN cat=[android.intent.category.LAUNCHER] flg=0x10000000 cmp=com.example.dogglers/androidx.test.core.app.InstrumentationActivityInvoker$EmptyActivity }, activity=androidx.test.core.app.InstrumentationActivityInvoker$EmptyActivity@d4fe8e3
02-05 17:40:58.237 15500 15500 D LifecycleMonitor: callback completes: androidx.test.core.app.ActivityScenario$1@15a9387
02-05 17:40:58.237   916   916 I keystore: !@ Start - USRPKEY_com.samsung.android.mobileservice_activate from uid 10118 for uid 10118, isKnoxKey(0)
02-05 17:40:58.237   916   916 I keystore: !@ reading blob user_0/10118_USRPKEY_com+^samsung+^android+^mobileservice_activate
02-05 17:40:58.238   532   532 W keymaster_tee: [WRN]begin req PARAMS: A32 B2 P64
02-05 17:40:58.239  1163  3935 D InputTransport: Input channel constructed: 'b3e6fb6', fd=857
02-05 17:40:58.239  1163  3935 D InputTransport: Input channel constructed: 'b3e6fb6', fd=860
02-05 17:40:58.240   789  1272 I SurfaceFlinger: id=79890 createSurf (0x0),-1 flag=80004, b3e6fb6 com.example.dogglers/androidx.test.core.app.InstrumentationActivityInvoker$EmptyActivity#0
02-05 17:40:58.240  1163  3935 D WindowManager: isScreenshotDisabledLocked - win: Window{b3e6fb6 u0 com.example.dogglers/androidx.test.core.app.InstrumentationActivityInvoker$EmptyActivity}
02-05 17:40:58.240  1163  3935 D WindowManager: isScreenshotDisabledLocked: userId = 0, disabled =false
02-05 17:40:58.240  1163  3935 D InputTransport: Input channel destroyed: 'b3e6fb6', fd=860
02-05 17:40:58.241 15500 15500 D InputTransport: Input channel constructed: 'b3e6fb6', fd=99
02-05 17:40:58.241 15500 15500 I ViewRootImpl@af7ed0c[InstrumentationActivityInvoker$EmptyActivity]: setView = com.android.internal.policy.DecorView@1612999 TM=true
02-05 17:40:58.242 15500 15500 I SurfaceControl: nativeRelease nativeObject s[499183204160]
02-05 17:40:58.242 15500 15500 I SurfaceControl: nativeRelease nativeObject e[499183204160]
02-05 17:40:58.242 15500 15500 I SurfaceControl: nativeRelease nativeObject s[499183203968]
02-05 17:40:58.242 15500 15500 I SurfaceControl: nativeRelease nativeObject e[499183203968]
02-05 17:40:58.242 15500 15500 I SurfaceControl: nativeRelease nativeObject s[499183203008]
02-05 17:40:58.242 15500 15500 I SurfaceControl: nativeRelease nativeObject e[499183203008]
02-05 17:40:58.242   789  1272 I SurfaceFlinger: id=79882 Removed Surface(name=b29f82b NavigationBar0)/@0x8634759 - animation-leash#0 (200)
02-05 17:40:58.242   789  1273 I SurfaceFlinger: id=79881 Removed Surface(name=8c655e2 StatusBar)/@0x44a9b07 - animation-leash#1 (200)
02-05 17:40:58.242 15500 15500 I SurfaceControl: nativeRelease nativeObject s[497477718496]
02-05 17:40:58.242 15500 15500 I SurfaceControl: nativeRelease nativeObject e[497477718496]
02-05 17:40:58.244   916   916 I keystore: !@ Start - USRPKEY_com.samsung.android.mobileservice_activate from uid 10118 for uid 10118, isKnoxKey(0)
02-05 17:40:58.244   916   916 I keystore: !@ reading blob user_0/10118_USRPKEY_com+^samsung+^android+^mobileservice_activate
02-05 17:40:58.245   789   789 I Layer   : id=79882[1] Destroyed Surface(name=b29f82b NavigationBar0)/@0x8634759 - animation-leash#0
02-05 17:40:58.245   789   789 I Layer   : id=79881[1] Destroyed Surface(name=8c655e2 StatusBar)/@0x44a9b07 - animation-leash#1
02-05 17:40:58.245   789   789 I Layer   : id=79883[1] Destroyed Surface(name=400fab1 Splash Screen com.example.dogglers)/@0x1f1c76e - animation-leash#0
02-05 17:40:58.245   789   789 I Layer   : id=79874[1] Destroyed 400fab1 Splash Screen com.example.dogglers#0
02-05 17:40:58.245  1680  1680 D SecStatusBarMobileView: setStaticDrawableColor:
02-05 17:40:58.246   532   532 W keymaster_tee: [WRN]begin req PARAMS: A32 B2 P64
02-05 17:40:58.246   789   789 I Layer   : id=79875[1] Destroyed Splash Screen com.example.dogglers#0
02-05 17:40:58.247  1163  3935 V WindowManager: Relayout Window{b3e6fb6 u0 com.example.dogglers/androidx.test.core.app.InstrumentationActivityInvoker$EmptyActivity}: viewVisibility=0 req=1080x2400
02-05 17:40:58.248   789   789 D SurfaceFlinger: Display 21442653864348033 HWC layers:
02-05 17:40:58.248   789   789 D SurfaceFlinger:      DEVICE | 0x7428c3e940 | 0002 | RGBA_8888    |    0.0    0.0 1080.0 2400.0 |    0    0 1080 2400 | com.example.dogglers/com.example.dogglers.GridListActivity$_15500#0
02-05 17:40:58.248   789   789 D SurfaceFlinger:      DEVICE | 0x7428c3fac0 | 0000 | RGBA_8888    |    0.0    0.0 1080.0   88.0 |    0    0 1080   88 | StatusBar$_1680#0
02-05 17:40:58.248   789   789 D SurfaceFlinger:      DEVICE | 0x7428c3ea80 | 0000 | RGBA_8888    |    0.0    0.0 1080.0  144.0 |    0 2256 1080 2400 | NavigationBar0$_1680#0
02-05 17:40:58.248   789   789 D SurfaceFlinger:      DEVICE | 0x7408191180 | 0000 | RGBA_8888    |    0.0    0.0 1080.0  125.0 |    0    0 1080  125 | ScreenDecorOverlay$_1680#0
02-05 17:40:58.248   789   789 D SurfaceFlinger:      DEVICE | 0x7428c3f480 | 0000 | RGBA_8888    |    0.0    0.0 1080.0  112.0 |    0 2288 1080 2400 | ScreenDecorOverlayBottom$_1680#0
02-05 17:40:58.248   789   789 D SurfaceFlinger:
02-05 17:40:58.248  1163  3935 W WindowManager: lockNow pending, ignore updating lockscreen timeout
02-05 17:40:58.248  1163  3935 D WindowManager: isScreenshotDisabledLocked - win: Window{b3e6fb6 u0 com.example.dogglers/androidx.test.core.app.InstrumentationActivityInvoker$EmptyActivity}
02-05 17:40:58.248  1163  3935 D WindowManager: isScreenshotDisabledLocked: userId = 0, disabled =false
02-05 17:40:58.249   789  1272 I SurfaceFlinger: id=79891 createSurf (1080x2400),1 flag=404, com.example.dogglers/androidx.test.core.app.InstrumentationActivityInvoker$EmptyActivity$_15500#0
02-05 17:40:58.250  1163  3935 I SurfaceControl: nativeRelease nativeObject s[496860775104]
02-05 17:40:58.250  1163  3935 I SurfaceControl: nativeRelease nativeObject e[496860775104]
02-05 17:40:58.250   789  1272 I SurfaceFlinger: id=79892 createSurf (0x0),-1 flag=24000, Surface(name=8c655e2 StatusBar)/@0x44a9b07 - animation-leash#0
02-05 17:40:58.251  1163  3935 I SurfaceControl: nativeRelease nativeObject s[496871101344]
02-05 17:40:58.251  1163  3935 I SurfaceControl: nativeRelease nativeObject e[496871101344]
02-05 17:40:58.251   789   835 I SurfaceFlinger: id=79893 createSurf (0x0),-1 flag=24000, Surface(name=b29f82b NavigationBar0)/@0x8634759 - animation-leash#1
02-05 17:40:58.251  1163  3935 V WindowManager: Relayout hash=b3e6fb6, pid=15500: mAttrs={(0,0)(fillxfill) sim={adjust=pan forwardNavigation} ty=BASE_APPLICATION wanim=0x1030001
02-05 17:40:58.251  1163  3935 V WindowManager:   fl=1810100
02-05 17:40:58.251  1163  3935 V WindowManager:   pfl=12020000
02-05 17:40:58.251  1163  3935 V WindowManager:   fitSides= naviIconColor=0}
02-05 17:40:58.251  1163  3935 I SurfaceControl: nativeRelease nativeObject s[496871097600]
02-05 17:40:58.251  1163  3935 I SurfaceControl: nativeRelease nativeObject e[496871097600]
02-05 17:40:58.252 15500 15500 I SurfaceControl: assignNativeObject: nativeObject = 0 Surface(name=null)/@0x911c655 / android.view.SurfaceControl.readFromParcel:1117 android.view.IWindowSession$Stub$Proxy.relayout:1820 android.view.ViewRootImpl.relayoutWindow:9005 android.view.ViewRootImpl.performTraversals:3360 android.view.ViewRootImpl.doTraversal:2618 android.view.ViewRootImpl$TraversalRunnable.run:9971 android.view.Choreographer$CallbackRecord.run:1010 android.view.Choreographer.doCallbacks:809 android.view.Choreographer.doFrame:744 android.view.Choreographer$FrameDisplayEventReceiver.run:995
02-05 17:40:58.253   916   916 I keystore: !@ Start - USRPKEY_com.samsung.android.mobileservice_activate from uid 10118 for uid 10118, isKnoxKey(0)
02-05 17:40:58.253 15500 15500 I ViewRootImpl@af7ed0c[InstrumentationActivityInvoker$EmptyActivity]: Relayout returned: old=(0,0,1080,2400) new=(0,0,1080,2400) req=(1080,2400)0 dur=6 res=0x7 s={true 497546661888} ch=true fn=-1
02-05 17:40:58.253   916   916 I keystore: !@ reading blob user_0/10118_USRPKEY_com+^samsung+^android+^mobileservice_activate
02-05 17:40:58.253   789   835 I Layer   : id=79888 removeFromCurrentState Surface(name=8c655e2 StatusBar)/@0x44a9b07 - animation-leash#1 (198)
02-05 17:40:58.253   789   835 I Layer   : id=25 removeFromCurrentState 8c655e2 StatusBar#0 (198)
02-05 17:40:58.253   789   835 I Layer   : id=34 removeFromCurrentState StatusBar$_1680#0 (198)
02-05 17:40:58.253   789   835 I Layer   : id=25 addToCurrentState 8c655e2 StatusBar#0 (198)
02-05 17:40:58.253   789   835 I Layer   : id=34 addToCurrentState StatusBar$_1680#0 (198)
02-05 17:40:58.253   789   835 I Layer   : id=79889 removeFromCurrentState Surface(name=b29f82b NavigationBar0)/@0x8634759 - animation-leash#0 (198)
02-05 17:40:58.253   532   532 W keymaster_tee: [WRN]begin req PARAMS: A32 B2 P64
02-05 17:40:58.253 15500 15565 I mali_winsys: new_window_surface() [1080x2400] return: 0x3000
02-05 17:40:58.254   716   957 D gralloc : [mali_gralloc_allocate] begin
02-05 17:40:58.254   716   957 D gralloc : buffer_descriptor: wh(1080 2400) usage_pc(0x40000000000b00 0x40000000000b00) hal_format(0x1) layer_count(1) sizes(0 0 0) strde(0) byte_stride(0) alloc_wh(0 0) internal_format(0x0) alloc_format(0x0) fd_count(1) plane_count(0)
02-05 17:40:58.254 15500 15500 I ViewRootImpl@af7ed0c[InstrumentationActivityInvoker$EmptyActivity]: [DP] dp(1) 1 android.view.ViewRootImpl.reportNextDraw:10957 android.view.ViewRootImpl.performTraversals:3845 android.view.ViewRootImpl.doTraversal:2618
02-05 17:40:58.254 15500 15500 I ViewRootImpl@af7ed0c[InstrumentationActivityInvoker$EmptyActivity]: [DP] pd() Asnyc report
02-05 17:40:58.255   716   957 D gralloc : [mali_gralloc_allocate] allocation successful
02-05 17:40:58.256   716   957 D gralloc : [mali_gralloc_allocate] begin
02-05 17:40:58.256   716   957 D gralloc : buffer_descriptor: wh(1080 2400) usage_pc(0x40000000000b00 0x40000000000b00) hal_format(0x1) layer_count(1) sizes(0 0 0) strde(0) byte_stride(0) alloc_wh(0 0) internal_format(0x0) alloc_format(0x0) fd_count(1) plane_count(0)
02-05 17:40:58.257   716   957 D gralloc : [mali_gralloc_allocate] allocation successful
02-05 17:40:58.257   716   957 D gralloc : [mali_gralloc_allocate] begin
02-05 17:40:58.257   716   957 D gralloc : buffer_descriptor: wh(1080 2400) usage_pc(0x40000000000b00 0x40000000000b00) hal_format(0x1) layer_count(1) sizes(0 0 0) strde(0) byte_stride(0) alloc_wh(0 0) internal_format(0x0) alloc_format(0x0) fd_count(1) plane_count(0)
02-05 17:40:58.257 15500 15500 I ViewRootImpl@af7ed0c[InstrumentationActivityInvoker$EmptyActivity]: [DP] pdf(0) 1 android.view.ViewRootImpl.lambda$performDraw$1$ViewRootImpl:4668 android.view.-$$Lambda$ViewRootImpl$DJd0VUYJgsebcnSohO6h8zc_ONI.run:6 android.os.Handler.handleCallback:938
02-05 17:40:58.257 15500 15500 I ViewRootImpl@af7ed0c[InstrumentationActivityInvoker$EmptyActivity]: [DP] rdf()
02-05 17:40:58.258 15500 15500 I ViewRootImpl@86ea126[GridListActivity]: MSG_WINDOW_FOCUS_CHANGED 0 1
02-05 17:40:58.258  1163  1240 W WindowManager: lockNow pending, ignore updating lockscreen timeout
02-05 17:40:58.259   716   957 D gralloc : [mali_gralloc_allocate] allocation successful
02-05 17:40:58.259 15500 15500 I SurfaceControl: nativeRelease nativeObject s[497477718688]
02-05 17:40:58.259 15500 15500 I SurfaceControl: nativeRelease nativeObject e[497477718688]
02-05 17:40:58.259 15500 15500 I SurfaceControl: nativeRelease nativeObject s[497477719264]
02-05 17:40:58.259 15500 15500 I SurfaceControl: nativeRelease nativeObject e[497477719264]
02-05 17:40:58.259 15500 15500 I SurfaceControl: nativeRelease nativeObject s[497477718784]
02-05 17:40:58.259 15500 15500 I SurfaceControl: nativeRelease nativeObject e[497477718784]
02-05 17:40:58.259   789  1272 I SurfaceFlinger: id=79889 Removed Surface(name=b29f82b NavigationBar0)/@0x8634759 - animation-leash#0 (198)
02-05 17:40:58.259   916   916 I keystore: !@ Start - USRPKEY_com.samsung.android.mobileservice_activate from uid 10118 for uid 10118, isKnoxKey(0)
02-05 17:40:58.259   789   834 I SurfaceFlinger: id=79888 Removed Surface(name=8c655e2 StatusBar)/@0x44a9b07 - animation-leash#1 (198)
02-05 17:40:58.259   916   916 I keystore: !@ reading blob user_0/10118_USRPKEY_com+^samsung+^android+^mobileservice_activate
02-05 17:40:58.260   532   532 W keymaster_tee: [WRN]begin req PARAMS: A32 B2 P64
02-05 17:40:58.260  1163  1240 D PkgPredictorService: pkg:com.example.dogglers activity:androidx.test.core.app.InstrumentationActivityInvoker$EmptyActivity thisTime:52
02-05 17:40:58.261  1163  1240 I SemDvfsHyPerManager: acquire hyper - AMS_RESUME_TAIL/1163@22, type = -999
02-05 17:40:58.261  1163  1244 I ActivityTaskManager: Displayed com.example.dogglers/androidx.test.core.app.InstrumentationActivityInvoker$EmptyActivity: +52ms
02-05 17:40:58.261  1163  1240 I SemDvfsHyPerManager: acquire hyper - AMS_ACT_LAZY/1163@23, type = -999
02-05 17:40:58.261   726   817 I HYPER-HAL: [RequestManager.cpp]acquire(): Acquired ID : 702727  [1163 / 22]    HINT : AMS_RESUME_TAIL    list :
02-05 17:40:58.261   726   817 I HYPER-HAL: [ResourceManager.cpp]updateResource(): [CPUMinFreq] UpdateResource Request ID : 702727    Value : 1844882
02-05 17:40:58.262   726   817 I HYPER-HAL: [RequestManager.cpp]acquire(): Acquired ID : 703914  [1163 / 23]    HINT :      list :
02-05 17:40:58.262   789   789 I Layer   : id=79888[1] Destroyed Surface(name=8c655e2 StatusBar)/@0x44a9b07 - animation-leash#1
02-05 17:40:58.262  1680  1680 D SecStatusBarMobileView: setStaticDrawableColor:
02-05 17:40:58.262   789   789 I Layer   : id=79889[1] Destroyed Surface(name=b29f82b NavigationBar0)/@0x8634759 - animation-leash#0
02-05 17:40:58.262  2669  2669 E pageboostd: Received HALT command code 2
02-05 17:40:58.263   726   817 E HYPER-HAL: [Request.cpp]acquire(): Request:: id : 703914, No Resource to set
02-05 17:40:58.263   726   817 I HYPER-HAL: [ResourceManager.cpp]removeResource(): [CPUMinFreq] RemoveResource Request ID : 700356
02-05 17:40:58.263   726   817 I HYPER-HAL: [RequestManager.cpp]releaseLocked(): Released ID : 700356
02-05 17:40:58.265  1163  1240 W WindowManager: lockNow pending, ignore updating lockscreen timeout
02-05 17:40:58.269   916   916 I keystore: !@ Start - USRPKEY_com.samsung.android.mobileservice_activate from uid 10118 for uid 10118, isKnoxKey(0)
02-05 17:40:58.269   916   916 I keystore: !@ reading blob user_0/10118_USRPKEY_com+^samsung+^android+^mobileservice_activate
02-05 17:40:58.269   532   532 W keymaster_tee: [WRN]begin req PARAMS: A32 B2 P64
02-05 17:40:58.269  1163  1240 W WindowManager: lockNow pending, ignore updating lockscreen timeout
02-05 17:40:58.271  1163  3944 I SemDvfsHyPerManager: acquire hyper - AMS_ACT_START/1163@20, type = -999
02-05 17:40:58.271   726   817 I HYPER-HAL: [RequestManager.cpp]acquire(): Acquired ID : 700356  [1163 / 20]    HINT : AMS_ACT_START    list :
02-05 17:40:58.271   726   817 I HYPER-HAL: [ResourceManager.cpp]updateResource(): [CPUMinFreq] UpdateResource Request ID : 700356    Value : 1930195
02-05 17:40:58.271   789   835 I SurfaceFlinger: id=79894 createSurf (0x0),-1 flag=80004, ActivityRecord{c50df45 u0 com.example.dogglers/androidx.test.core.app.InstrumentationActivityInvoker$EmptyActivity t12734}#0
02-05 17:40:58.274  1163  3944 W WindowManager: lockNow pending, ignore updating lockscreen timeout
02-05 17:40:58.278 15852 15949 I SEMS:Registration_12.2.5.7: [ActivateLog][pool-13-thread-5][RequestActivateTask] broadcastActivation Calendar
02-05 17:40:58.278 15852 15949 I SEMS:Registration_12.2.5.7: [ActivateLog][pool-13-thread-5][RequestActivateTask] callback : Calendar, success : true
02-05 17:40:58.279 15852 15949 I SEMS:Registration_12.2.5.7: [ActivateLog][pool-13-thread-5][RequestActivateTask] setRunningStatus : false
02-05 17:40:58.279 15852 15949 I SEMS:Common_12.2.5.7: [CommonLog][pool-13-thread-5][ThreadPoolExecutorUtil] execute
02-05 17:40:58.279 15852 15949 I SEMS:Common_12.2.5.7: [CommonLog][pool-13-thread-5][ThreadPoolExecutorUtil] isRunning : true
02-05 17:40:58.279 15852 15949 I SEMS:Common_12.2.5.7: [CommonLog][pool-13-thread-5][ThreadPoolExecutorUtil] execute
02-05 17:40:58.279 15852 15949 I SEMS:Common_12.2.5.7: [CommonLog][pool-13-thread-5][ThreadPoolExecutorUtil] isRunning : true
02-05 17:40:58.279  1680  1680 D SecStatusBarMobileView: setStaticDrawableColor:
02-05 17:40:58.279 15500 15565 I mali_egl: eglDestroySurface() in
02-05 17:40:58.280 15500 15565 I mali_winsys: delete_surface() [1080x2400] return
02-05 17:40:58.280 15500 15565 I mali_egl: eglDestroySurface() out
02-05 17:40:58.280   789   834 E BufferQueueProducer: [com.example.dogglers/com.example.dogglers.GridListActivity$_15500#0](id:315000036d3,api:0,p:-1,c:789) disconnect: not connected (req=1)
02-05 17:40:58.280 15500 15565 W libEGL  : EGLNativeWindowType 0x73d8177010 disconnect failed
02-05 17:40:58.280 15852 15956 I SEMS:Registration_12.2.5.7: [ActivateLog][pool-13-thread-9][RequestActivateTask] removeFromMap
02-05 17:40:58.280 15852 15961 I SEMS:Registration_12.2.5.7: [ActivateLog][pool-13-thread-8][InitialActivationListTask] remain :
02-05 17:40:58.280  1163  3944 V WindowManager: Relayout Window{bf8c459 u0 com.example.dogglers/com.example.dogglers.GridListActivity}: viewVisibility=8 req=1080x2400
02-05 17:40:58.280  1163  1235 I InputDispatcher: Focus entered window (15500): b3e6fb6 in display 0 0
02-05 17:40:58.281 15852 15961 I SEMS:Common_12.2.5.7: [CommonLog][pool-13-thread-8][LocalBroadcastUtil] sendBroadcast : INITIAL_ACTIVATION_COMPLETE
02-05 17:40:58.281 15852 15961 I SEMS:Common_12.2.5.7: [CommonLog][pool-13-thread-8][LocalBroadcastUtil] no registered receiver for INITIAL_ACTIVATION_COMPLETE
02-05 17:40:58.281  1163  3944 W WindowManager: lockNow pending, ignore updating lockscreen timeout
02-05 17:40:58.282  1163  3944 V WindowManager: Relayout hash=bf8c459, pid=15500: mAttrs={(0,0)(fillxfill) sim={adjust=resize forwardNavigation} ty=BASE_APPLICATION wanim=0x1030304
02-05 17:40:58.282  1163  3944 V WindowManager:   fl=81810100
02-05 17:40:58.282  1163  3944 V WindowManager:   pfl=12020000
02-05 17:40:58.282  1163  3944 V WindowManager:   fitSides= naviIconColor=0}
02-05 17:40:58.282 15500 15500 I SurfaceControl: nativeRelease nativeObject s[498994765856]
02-05 17:40:58.282 15500 15500 I SurfaceControl: nativeRelease nativeObject e[498994765856]
02-05 17:40:58.282 15500 15500 I SurfaceControl: assignNativeObject: nativeObject = 0 Surface(name=null)/@0x93f915b / android.view.SurfaceControl.readFromParcel:1117 android.view.IWindowSession$Stub$Proxy.relayout:1810 android.view.ViewRootImpl.relayoutWindow:9005 android.view.ViewRootImpl.performTraversals:3360 android.view.ViewRootImpl.doTraversal:2618 android.view.ViewRootImpl$TraversalRunnable.run:9971 android.view.Choreographer$CallbackRecord.run:1010 android.view.Choreographer.doCallbacks:809 android.view.Choreographer.doFrame:744 android.view.Choreographer$FrameDisplayEventReceiver.run:995
02-05 17:40:58.282 15500 15500 I SurfaceControl: assignNativeObject: nativeObject = 0 Surface(name=null)/@0x5986167 / android.view.SurfaceControl.readFromParcel:1117 android.view.IWindowSession$Stub$Proxy.relayout:1820 android.view.ViewRootImpl.relayoutWindow:9005 android.view.ViewRootImpl.performTraversals:3360 android.view.ViewRootImpl.doTraversal:2618 android.view.ViewRootImpl$TraversalRunnable.run:9971 android.view.Choreographer$CallbackRecord.run:1010 android.view.Choreographer.doCallbacks:809 android.view.Choreographer.doFrame:744 android.view.Choreographer$FrameDisplayEventReceiver.run:995
02-05 17:40:58.283 15500 15500 I SurfaceControl: nativeRelease nativeObject s[497477719360]
02-05 17:40:58.283 15500 15500 I SurfaceControl: nativeRelease nativeObject e[497477719360]
02-05 17:40:58.283 15500 15500 I ViewRootImpl@86ea126[GridListActivity]: Relayout returned: old=(0,0,1080,2400) new=(0,0,1080,2400) req=(1080,2400)8 dur=2 res=0x5 s={false 0} ch=true fn=3
02-05 17:40:58.283   789   789 D SurfaceFlinger: Display 21442653864348033 HWC layers:
02-05 17:40:58.283   789   789 D SurfaceFlinger:      DEVICE | 0x7428c409c0 | 0002 | RGBA_8888    |    0.0    0.0 1080.0 2400.0 |    0    0 1080 2400 | com.example.dogglers/androidx.test.c[...]tivityInvoker$EmptyActivity$_15500#0
02-05 17:40:58.283   789   789 D SurfaceFlinger:      DEVICE | 0x7428c3e6c0 | 0000 | RGBA_8888    |    0.0    0.0 1080.0   88.0 |    0    0 1080   88 | StatusBar$_1680#0
02-05 17:40:58.283   789   789 D SurfaceFlinger:      DEVICE | 0x7428c3ea80 | 0000 | RGBA_8888    |    0.0    0.0 1080.0  144.0 |    0 2256 1080 2400 | NavigationBar0$_1680#0
02-05 17:40:58.283   789   789 D SurfaceFlinger:      DEVICE | 0x7408191180 | 0000 | RGBA_8888    |    0.0    0.0 1080.0  125.0 |    0    0 1080  125 | ScreenDecorOverlay$_1680#0
02-05 17:40:58.283   789   789 D SurfaceFlinger:      DEVICE | 0x7428c3f480 | 0000 | RGBA_8888    |    0.0    0.0 1080.0  112.0 |    0 2288 1080 2400 | ScreenDecorOverlayBottom$_1680#0
02-05 17:40:58.283   789   789 D SurfaceFlinger:
02-05 17:40:58.283 15500 15500 I ViewRootImpl@86ea126[GridListActivity]: stopped(true) old=false
02-05 17:40:58.284 15500 15500 D LifecycleMonitor: Lifecycle status change: com.example.dogglers.GridListActivity@b3a099e in: STOPPED
02-05 17:40:58.284 15500 15500 D LifecycleMonitor: running callback: androidx.test.core.app.ActivityScenario$1@15a9387
02-05 17:40:58.284 15500 15500 V ActivityScenario: Update currentActivityStage to STOPPED, currentActivity=com.example.dogglers.GridListActivity@b3a099e
02-05 17:40:58.284 15500 15500 D LifecycleMonitor: callback completes: androidx.test.core.app.ActivityScenario$1@15a9387
02-05 17:40:58.284 15500 15500 D LifecycleMonitor: Lifecycle status change: com.example.dogglers.GridListActivity@b3a099e in: DESTROYED
02-05 17:40:58.284 15500 15500 D LifecycleMonitor: running callback: androidx.test.core.app.ActivityScenario$1@15a9387
02-05 17:40:58.285 15500 15500 V ActivityScenario: Update currentActivityStage to DESTROYED, currentActivity=null
02-05 17:40:58.285 15500 15500 D LifecycleMonitor: callback completes: androidx.test.core.app.ActivityScenario$1@15a9387
02-05 17:40:58.286 15500 15500 I ViewRootImpl@86ea126[GridListActivity]: dispatchDetachedFromWindow
02-05 17:40:58.286  1163  3944 D InputTransport: Input channel destroyed: 'bf8c459', fd=915
02-05 17:40:58.286  1163  3944 I SurfaceControl: nativeRelease nativeObject s[499038031616]
02-05 17:40:58.286  1163  3944 I SurfaceControl: nativeRelease nativeObject e[499038031616]
02-05 17:40:58.286  1163  3944 D WindowManager: isScreenshotDisabledLocked - win: Window{bf8c459 u0 com.example.dogglers/com.example.dogglers.GridListActivity}
02-05 17:40:58.286  1163  3944 D WindowManager: isScreenshotDisabledLocked: userId = 0, disabled =false
02-05 17:40:58.286  1163  3944 I SurfaceControl: nativeRelease nativeObject s[496861208704]
02-05 17:40:58.286  1163  3944 I SurfaceControl: nativeRelease nativeObject e[496861208704]
02-05 17:40:58.286   789   834 I SurfaceFlinger: id=79895 createSurf (0x0),-1 flag=24004, Surface(name=dbf3b45 InputMethod)/@0xf70bba8 - animation-leash#0
02-05 17:40:58.287  1163  3944 I SurfaceControl: nativeRelease nativeObject s[496867019648]
02-05 17:40:58.287  1163  3944 I SurfaceControl: nativeRelease nativeObject e[496867019648]
02-05 17:40:58.287   789  2265 I Layer   : id=79880 removeFromCurrentState com.example.dogglers/com.example.dogglers.GridListActivity$_15500#0 (198)
02-05 17:40:58.288  1163  3944 W WindowManager: lockNow pending, ignore updating lockscreen timeout
02-05 17:40:58.288   789   834 I Layer   : id=79879 removeFromCurrentState bf8c459 com.example.dogglers/com.example.dogglers.GridListActivity#0 (198)
02-05 17:40:58.288   789   834 I Layer   : id=79884 removeFromCurrentState Surface(name=dbf3b45 InputMethod)/@0xf70bba8 - animation-leash#1 (198)
02-05 17:40:58.289 15500 15500 D InputTransport: Input channel destroyed: 'bf8c459', fd=90
02-05 17:40:58.289   789   834 I SurfaceFlinger: id=79879 Removed bf8c459 com.example.dogglers/com.example.dogglers.GridListActivity#0 (198)
02-05 17:40:58.289  1163  1796 I SurfaceControl: nativeRelease nativeObject s[496861208128]
02-05 17:40:58.289  1163  1796 I SurfaceControl: nativeRelease nativeObject e[496861208128]
02-05 17:40:58.289   789  2265 I SurfaceFlinger: id=79880 Removed com.example.dogglers/com.example.dogglers.GridListActivity$_15500#0 (198)
02-05 17:40:58.291 15500 15500 D LifecycleMonitor: Lifecycle status change: androidx.test.core.app.InstrumentationActivityInvoker$EmptyActivity@d4fe8e3 in: PAUSED
02-05 17:40:58.292 15500 15500 D LifecycleMonitor: running callback: androidx.test.core.app.ActivityScenario$1@15a9387
02-05 17:40:58.292 15500 15500 V ActivityScenario: Activity lifecycle changed event received but ignored because the intent does not match. startActivityIntent=Intent { act=android.intent.action.MAIN cat=[android.intent.category.LAUNCHER] cmp=com.example.dogglers/.GridListActivity }, activity.getIntent()=Intent { act=android.intent.action.MAIN cat=[android.intent.category.LAUNCHER] flg=0x10000000 cmp=com.example.dogglers/androidx.test.core.app.InstrumentationActivityInvoker$EmptyActivity }, activity=androidx.test.core.app.InstrumentationActivityInvoker$EmptyActivity@d4fe8e3
02-05 17:40:58.292 15500 15500 D LifecycleMonitor: callback completes: androidx.test.core.app.ActivityScenario$1@15a9387
02-05 17:40:58.293  1163  3935 V WindowOrientationListener: getProposedRotation: 0
02-05 17:40:58.293  1163  3935 V WindowOrientationListener: getProposedRotation: 0
02-05 17:40:58.293  1163  3935 V WindowOrientationListener: getProposedRotation: 0
02-05 17:40:58.294  1163  3935 D InputDispatcher: Focused application set to (0): c50df45
02-05 17:40:58.296   789   789 I Layer   : id=79879[1] Destroyed bf8c459 com.example.dogglers/com.example.dogglers.GridListActivity#0
02-05 17:40:58.296   789   789 I Layer   : id=79880[1] Destroyed com.example.dogglers/com.example.dogglers.GridListActivity$_15500#0
02-05 17:40:58.296  1163  3935 W WindowManager: lockNow pending, ignore updating lockscreen timeout
02-05 17:40:58.297   789   835 I Layer   : id=79876 removeFromCurrentState ActivityRecord{56b4ee9 u0 com.example.dogglers/.GridListActivity t12734}#0 (196)
02-05 17:40:58.297 15500 15500 I ViewRootImpl@af7ed0c[InstrumentationActivityInvoker$EmptyActivity]: MSG_WINDOW_FOCUS_CHANGED 1 1
02-05 17:40:58.297 15500 15500 D InputMethodManager: prepareNavigationBarInfo() DecorView@1612999[InstrumentationActivityInvoker$EmptyActivity]
02-05 17:40:58.297 15500 15500 D InputMethodManager: getNavigationBarColor() -16711423
02-05 17:40:58.297 15500 15500 D InputMethodManager: prepareNavigationBarInfo() DecorView@1612999[InstrumentationActivityInvoker$EmptyActivity]
02-05 17:40:58.297 15500 15500 D InputMethodManager: getNavigationBarColor() -16711423
02-05 17:40:58.297 15500 15500 V InputMethodManager: Starting input: tba=com.example.dogglers ic=null mNaviBarColor -16711423 mIsGetNaviBarColorSuccess true , NavVisible : true , NavTrans : false
02-05 17:40:58.297 15500 15500 D InputMethodManager: startInputInner - Id : 0
02-05 17:40:58.297 15500 15500 I InputMethodManager: startInputInner - mService.startInputOrWindowGainedFocus
02-05 17:40:58.298  1163  1796 D InputMethodManagerService: mSecureKeypadEnabled = false
02-05 17:40:58.298   789   834 I SurfaceFlinger: id=79876 Removed ActivityRecord{56b4ee9 u0 com.example.dogglers/.GridListActivity t12734}#0 (196)
02-05 17:40:58.298  1163  1796 V InputMethodManagerService: hideCurrentInputLocked : shouldHideSoftInput is false
02-05 17:40:58.298  1163  1796 D InputMethodManagerService: DESKTOP MODE! : 2
02-05 17:40:58.298  1163  1796 D InputMethodManagerService: NOT IN KNOX DESKTOP MODE!
02-05 17:40:58.298  1163  1796 V InputMethodManagerService: getDisplayIdOfInputMethodWindowToBeAdded : 0
02-05 17:40:58.299  1163  1796 D InputMethodManagerService: checkDisplayOfStartInputAndUpdateKeyboard display Id 0last 0
02-05 17:40:58.299  1163  1796 D InputTransport: Input channel constructed: 'ClientS', fd=860
02-05 17:40:58.299  1163  1796 D InputTransport: Input channel destroyed: 'ClientS', fd=860
02-05 17:40:58.299 15500 15500 D InputTransport: Input channel constructed: 'ClientS', fd=90
02-05 17:40:58.299 15500 15500 D InputTransport: Input channel destroyed: 'ClientS', fd=97
02-05 17:40:58.299  1163  1235 I SurfaceControl: nativeRelease nativeObject s[499183898752]
02-05 17:40:58.299  1163  1235 I SurfaceControl: nativeRelease nativeObject e[499183898752]
02-05 17:40:58.299 15500 15500 D LifecycleMonitor: Lifecycle status change: androidx.test.core.app.InstrumentationActivityInvoker$BootstrapActivity@92fc7c6 in: DESTROYED
02-05 17:40:58.299 15500 15500 D LifecycleMonitor: running callback: androidx.test.core.app.ActivityScenario$1@15a9387
02-05 17:40:58.300 15500 15500 V ActivityScenario: Activity lifecycle changed event received but ignored because the intent does not match. startActivityIntent=Intent { act=android.intent.action.MAIN cat=[android.intent.category.LAUNCHER] cmp=com.example.dogglers/.GridListActivity }, activity.getIntent()=Intent { act=android.intent.action.MAIN cat=[android.intent.category.LAUNCHER] flg=0x10008000 cmp=com.example.dogglers/androidx.test.core.app.InstrumentationActivityInvoker$BootstrapActivity (has extras) }, activity=androidx.test.core.app.InstrumentationActivityInvoker$BootstrapActivity@92fc7c6
02-05 17:40:58.300 15500 15500 D LifecycleMonitor: callback completes: androidx.test.core.app.ActivityScenario$1@15a9387
02-05 17:40:58.300   789  2265 I SurfaceFlinger: id=79896 createSurf (0x0),-1 flag=24004, Surface(name=dbf3b45 InputMethod)/@0xf70bba8 - animation-leash#1
02-05 17:40:58.301  1163  1796 I SurfaceControl: nativeRelease nativeObject s[496861209376]
02-05 17:40:58.301  1163  1796 I SurfaceControl: nativeRelease nativeObject e[496861209376]
02-05 17:40:58.302  3640  3640 I GoogleInputMethodService: GoogleInputMethodService.onFinishInput():3316
02-05 17:40:58.303  3640  3640 I GoogleInputMethodService: GoogleInputMethodService.updateDeviceLockedStatus():2181 checkRepeatedly = false, unlocked = true
02-05 17:40:58.303  3640  3640 D InputMethodService: checkDisplayOfStartInputAndUpdateKeyboard display Id 0last 0
02-05 17:40:58.303  3640  3640 I GoogleInputMethodService: GoogleInputMethodService.onStartInput():1989
02-05 17:40:58.303  1163  1240 W WindowManager: lockNow pending, ignore updating lockscreen timeout
02-05 17:40:58.303  3640  3640 I GoogleInputMethodService: GoogleInputMethodService.updateDeviceLockedStatus():2181 checkRepeatedly = true, unlocked = true
02-05 17:40:58.303   789  2265 I Layer   : id=79895 removeFromCurrentState Surface(name=dbf3b45 InputMethod)/@0xf70bba8 - animation-leash#0 (197)
02-05 17:40:58.304   789  2265 I Layer   : id=79873 removeFromCurrentState ActivityRecord{f7f5ba u0 com.example.dogglers/androidx.test.core.app.InstrumentationActivityInvoker$BootstrapActivity t12734}#0 (197)
02-05 17:40:58.304   789  2265 I SurfaceFlinger: id=79873 Removed ActivityRecord{f7f5ba u0 com.example.dogglers/androidx.test.core.app.InstrumentationActivityInvoker$BootstrapActivity t12734}#0 (197)
02-05 17:40:58.304 15500 15500 D LifecycleMonitor: Lifecycle status change: androidx.test.core.app.InstrumentationActivityInvoker$EmptyActivity@5ecd1a4 in: PRE_ON_CREATE
02-05 17:40:58.304 15500 15500 D LifecycleMonitor: running callback: androidx.test.core.app.ActivityScenario$1@15a9387
