02-05 17:41:01.469  3640  3640 I GoogleInputMethodService: GoogleInputMethodService.updateDeviceLockedStatus():2181 checkRepeatedly = true, unlocked = true
02-05 17:41:01.478   789  1273 I Layer   : id=80019 removeFromCurrentState Surface(name=dbf3b45 InputMethod)/@0xf70bba8 - animation-leash#0 (209)
02-05 17:41:01.478  1680  1680 D SecStatusBarMobileView: setStaticDrawableColor:
02-05 17:41:01.479  2003  2003 I SurfaceControl: nativeRelease nativeObject s[499183204640]
02-05 17:41:01.479  2003  2003 I SurfaceControl: nativeRelease nativeObject e[499183204640]
02-05 17:41:01.479  1163  2104 D SamsungIMMSHWKeyboard: isConnectedDexOnPC false
02-05 17:41:01.479 15500 15500 I SurfaceControl: nativeRelease nativeObject s[498994769120]
02-05 17:41:01.479 15500 15500 I SurfaceControl: nativeRelease nativeObject e[498994769120]
02-05 17:41:01.479 15500 15500 I SurfaceControl: nativeRelease nativeObject s[498994766432]
02-05 17:41:01.479 15500 15500 I SurfaceControl: nativeRelease nativeObject e[498994766432]
02-05 17:41:01.479  1163  2104 D InputMethodManagerService: isImeSwitcherDisabledPackage : false
02-05 17:41:01.482 15500 15500 D IdlingResourceRegistry: All idling resources are idle.
02-05 17:41:01.482 15500 15500 D IdlingResourceRegistry: All idling resources are idle.
02-05 17:41:01.485 15500 15500 I ViewInteraction: Checking 'MatchesViewAssertion{viewMatcher=is displayed on the screen to the user}' assertion on view with text: is "Tzeitel"
02-05 17:41:01.485 15500 15500 E ViewAssertions: 'is displayed on the screen to the user' check could not be performed because view 'with text: is "Tzeitel"' was not found.
02-05 17:41:01.490  1163  2104 I SemDvfsHyPerManager: acquire hyper - AMS_ACT_START/1163@20, type = -999
02-05 17:41:01.490   726   817 I HYPER-HAL: [RequestManager.cpp]acquire(): Acquired ID : 700356  [1163 / 20]    HINT : AMS_ACT_START    list :
02-05 17:41:01.491   789  1273 I SurfaceFlinger: id=80035 createSurf (0x0),-1 flag=80004, ActivityRecord{7d9c8ed u0 com.example.dogglers/androidx.test.core.app.InstrumentationActivityInvoker$EmptyActivity t12738}#0
02-05 17:41:01.492   726   817 I HYPER-HAL: [ResourceManager.cpp]updateResource(): [CPUMinFreq] UpdateResource Request ID : 700356    Value : 1930195
02-05 17:41:01.494  1680  1680 D SecStatusBarMobileView: setStaticDrawableColor:
02-05 17:41:01.502  1163  2104 W WindowManager: lockNow pending, ignore updating lockscreen timeout
02-05 17:41:01.503 15500 15500 D LifecycleMonitor: Lifecycle status change: com.example.dogglers.HorizontalListActivity@11e6157 in: PAUSED
02-05 17:41:01.503 15500 15500 D LifecycleMonitor: running callback: androidx.test.core.app.ActivityScenario$1@59c0bac
02-05 17:41:01.503 15500 15500 V ActivityScenario: Update currentActivityStage to PAUSED, currentActivity=com.example.dogglers.HorizontalListActivity@11e6157
02-05 17:41:01.503 15500 15500 D LifecycleMonitor: callback completes: androidx.test.core.app.ActivityScenario$1@59c0bac
02-05 17:41:01.505  1163  3944 V WindowOrientationListener: getProposedRotation: 0
02-05 17:41:01.505  1163  3944 V WindowOrientationListener: getProposedRotation: 0
02-05 17:41:01.506  1163  3944 V WindowOrientationListener: getProposedRotation: 0
02-05 17:41:01.507  1163  3944 D InputDispatcher: Focused application set to (0): 7d9c8ed
02-05 17:41:01.508  1163  3944 I SurfaceControl: nativeRelease nativeObject s[499038979424]
02-05 17:41:01.508  1163  3944 I SurfaceControl: nativeRelease nativeObject e[499038979424]
02-05 17:41:01.508   789   834 I SurfaceFlinger: id=80036 createSurf (0x0),-1 flag=24000, Surface(name=8c655e2 StatusBar)/@0x44a9b07 - animation-leash#1
02-05 17:41:01.509  1163  3944 I SurfaceControl: nativeRelease nativeObject s[499038979520]
02-05 17:41:01.509  1163  3944 I SurfaceControl: nativeRelease nativeObject e[499038979520]
02-05 17:41:01.509   789  1272 I SurfaceFlinger: id=80037 createSurf (0x0),-1 flag=24000, Surface(name=b29f82b NavigationBar0)/@0x8634759 - animation-leash#0
02-05 17:41:01.511  1680  1680 D SecStatusBarMobileView: setStaticDrawableColor:
02-05 17:41:01.512  1163  3944 W WindowManager: lockNow pending, ignore updating lockscreen timeout
02-05 17:41:01.512  1163  1177 W System  : A resource failed to call release.
02-05 17:41:01.512  1163  1177 I SurfaceControl: nativeRelease nativeObject s[499183885856]
02-05 17:41:01.512  1163  1177 I SurfaceControl: nativeRelease nativeObject e[499183885856]
02-05 17:41:01.512  1163  1177 W System  : A resource failed to call release.
02-05 17:41:01.512  1163  1177 I SurfaceControl: nativeRelease nativeObject s[499038075200]
02-05 17:41:01.512   789   835 I SurfaceFlinger: id=80019 Removed Surface(name=dbf3b45 InputMethod)/@0xf70bba8 - animation-leash#0 (212)
02-05 17:41:01.512  1163  1177 I SurfaceControl: nativeRelease nativeObject e[499038075200]
02-05 17:41:01.512  1163  1177 W System  : A resource failed to call release.
02-05 17:41:01.512  1163  1177 I SurfaceControl: nativeRelease nativeObject s[499183875392]
02-05 17:41:01.512  1163  1177 I SurfaceControl: nativeRelease nativeObject e[499183875392]
02-05 17:41:01.512   789  2265 I SurfaceFlinger: id=80014 Removed Surface(name=b29f82b NavigationBar0)/@0x8634759 - animation-leash#1 (212)
02-05 17:41:01.512   789  2265 I SurfaceFlinger: id=80013 Removed Surface(name=8c655e2 StatusBar)/@0x44a9b07 - animation-leash#0 (212)
02-05 17:41:01.513   789  2265 I Layer   : id=80031 removeFromCurrentState Surface(name=8c655e2 StatusBar)/@0x44a9b07 - animation-leash#0 (212)
02-05 17:41:01.513   789  2265 I Layer   : id=80032 removeFromCurrentState Surface(name=b29f82b NavigationBar0)/@0x8634759 - animation-leash#1 (212)
02-05 17:41:01.515  1163  1177 W System  : A resource failed to call release.
02-05 17:41:01.515  1163  1177 I SurfaceControl: nativeRelease nativeObject s[496785826944]
02-05 17:41:01.515  1163  1177 I SurfaceControl: nativeRelease nativeObject e[496785826944]
02-05 17:41:01.516  1163  1177 W System  : A resource failed to call release.
02-05 17:41:01.516  1163  1177 I SurfaceControl: nativeRelease nativeObject s[496867020608]
02-05 17:41:01.516  1163  1177 I SurfaceControl: nativeRelease nativeObject e[496867020608]
02-05 17:41:01.516  1163  1177 W System  : A resource failed to call release.
02-05 17:41:01.516  1163  1177 I SurfaceControl: nativeRelease nativeObject s[499183204928]
02-05 17:41:01.516  1163  1177 I SurfaceControl: nativeRelease nativeObject e[499183204928]
02-05 17:41:01.516  1163  1177 W System  : A resource failed to call release.
02-05 17:41:01.516   789   834 I SurfaceFlinger: id=79984 Removed Surface(name=dbf3b45 InputMethod)/@0xf70bba8 - animation-leash#0 (212)
02-05 17:41:01.516  1163  1177 I SurfaceControl: nativeRelease nativeObject s[496867020320]
02-05 17:41:01.516  1163  1177 I SurfaceControl: nativeRelease nativeObject e[496867020320]
02-05 17:41:01.516   789  2265 I SurfaceFlinger: id=79979 Removed Surface(name=b29f82b NavigationBar0)/@0x8634759 - animation-leash#1 (212)
02-05 17:41:01.516   789  2265 I SurfaceFlinger: id=79978 Removed Surface(name=8c655e2 StatusBar)/@0x44a9b07 - animation-leash#0 (212)
02-05 17:41:01.516  1163  1240 I SurfaceControl: nativeRelease nativeObject s[496785831552]
02-05 17:41:01.516  1163  1240 I SurfaceControl: nativeRelease nativeObject e[496785831552]
02-05 17:41:01.517  1163  1240 I SurfaceControl: nativeRelease nativeObject s[499038070496]
02-05 17:41:01.517  1163  1240 I SurfaceControl: nativeRelease nativeObject e[499038070496]
02-05 17:41:01.517   789  2265 I Layer   : id=80023 removeFromCurrentState Splash Screen com.example.dogglers#0 (212)
02-05 17:41:01.517  1163  1240 I SurfaceControl: nativeRelease nativeObject s[496785827808]
02-05 17:41:01.517  1163  1240 I SurfaceControl: nativeRelease nativeObject e[496785827808]
02-05 17:41:01.519  1163  1240 I SurfaceControl: nativeRelease nativeObject s[499038977792]
02-05 17:41:01.519  1163  1240 I SurfaceControl: nativeRelease nativeObject e[499038977792]
02-05 17:41:01.519   789  2265 I SurfaceFlinger: id=80038 createSurf (0x0),-1 flag=24000, Surface(name=8c655e2 StatusBar)/@0x44a9b07 - animation-leash#0
02-05 17:41:01.520  1163  1240 I SurfaceControl: nativeRelease nativeObject s[499038977888]
02-05 17:41:01.520  1163  1240 I SurfaceControl: nativeRelease nativeObject e[499038977888]
02-05 17:41:01.521   789  2265 I SurfaceFlinger: id=80039 createSurf (0x0),-1 flag=24000, Surface(name=b29f82b NavigationBar0)/@0x8634759 - animation-leash#1
02-05 17:41:01.521  1163  1240 W WindowManager: lockNow pending, ignore updating lockscreen timeout
02-05 17:41:01.522   789  2265 I Layer   : id=80022 removeFromCurrentState b63456d Splash Screen com.example.dogglers#0 (214)
02-05 17:41:01.522   789  2265 I Layer   : id=80033 removeFromCurrentState Surface(name=b63456d Splash Screen com.example.dogglers)/@0x28db9f3 - animation-leash#0 (214)
02-05 17:41:01.522   789  2265 I Layer   : id=80036 removeFromCurrentState Surface(name=8c655e2 StatusBar)/@0x44a9b07 - animation-leash#1 (214)
02-05 17:41:01.522   789  2265 I Layer   : id=80037 removeFromCurrentState Surface(name=b29f82b NavigationBar0)/@0x8634759 - animation-leash#0 (214)
02-05 17:41:01.523   789  1272 I SurfaceFlinger: id=80022 Removed b63456d Splash Screen com.example.dogglers#0 (214)
02-05 17:41:01.523   789  2265 I SurfaceFlinger: id=80023 Removed Splash Screen com.example.dogglers#0 (214)
02-05 17:41:01.523   789  2265 I SurfaceFlinger: id=80033 Removed Surface(name=b63456d Splash Screen com.example.dogglers)/@0x28db9f3 - animation-leash#0 (214)
02-05 17:41:01.523 15500 15500 D LifecycleMonitor: Lifecycle status change: androidx.test.core.app.InstrumentationActivityInvoker$EmptyActivity@4d444b1 in: PRE_ON_CREATE
02-05 17:41:01.523 15500 15500 D LifecycleMonitor: running callback: androidx.test.core.app.ActivityScenario$1@59c0bac
02-05 17:41:01.523 15500 15500 V ActivityScenario: Activity lifecycle changed event received but ignored because the intent does not match. startActivityIntent=Intent { act=android.intent.action.MAIN cat=[android.intent.category.LAUNCHER] cmp=com.example.dogglers/.HorizontalListActivity }, activity.getIntent()=Intent { act=android.intent.action.MAIN cat=[android.intent.category.LAUNCHER] flg=0x10000000 cmp=com.example.dogglers/androidx.test.core.app.InstrumentationActivityInvoker$EmptyActivity }, activity=androidx.test.core.app.InstrumentationActivityInvoker$EmptyActivity@4d444b1
02-05 17:41:01.523 15500 15500 D LifecycleMonitor: callback completes: androidx.test.core.app.ActivityScenario$1@59c0bac
02-05 17:41:01.527 15500 15500 I DecorView: [INFO] isPopOver=false, config=true
02-05 17:41:01.527 15500 15500 I DecorView: updateCaptionType >> DecorView@a40bd17[], isFloating=false, isApplication=true, hasWindowDecorCaption=false, hasWindowControllerCallback=true
02-05 17:41:01.527 15500 15500 D DecorView: setCaptionType = 0, this = DecorView@a40bd17[]
02-05 17:41:01.528   789   789 I Layer   : id=79979[1] Destroyed Surface(name=b29f82b NavigationBar0)/@0x8634759 - animation-leash#1
02-05 17:41:01.528   789   789 I Layer   : id=79978[1] Destroyed Surface(name=8c655e2 StatusBar)/@0x44a9b07 - animation-leash#0
02-05 17:41:01.528   789   789 I Layer   : id=80014[1] Destroyed Surface(name=b29f82b NavigationBar0)/@0x8634759 - animation-leash#1
02-05 17:41:01.528   789   789 I Layer   : id=80019[1] Destroyed Surface(name=dbf3b45 InputMethod)/@0xf70bba8 - animation-leash#0
02-05 17:41:01.528   789   789 I Layer   : id=79984[1] Destroyed Surface(name=dbf3b45 InputMethod)/@0xf70bba8 - animation-leash#0
02-05 17:41:01.528   789   789 I Layer   : id=80013[1] Destroyed Surface(name=8c655e2 StatusBar)/@0x44a9b07 - animation-leash#0
02-05 17:41:01.528   789   789 I Layer   : id=80033[1] Destroyed Surface(name=b63456d Splash Screen com.example.dogglers)/@0x28db9f3 - animation-leash#0
02-05 17:41:01.528   789   789 I Layer   : id=80022[1] Destroyed b63456d Splash Screen com.example.dogglers#0
02-05 17:41:01.529 15500 15500 D LifecycleMonitor: Lifecycle status change: androidx.test.core.app.InstrumentationActivityInvoker$EmptyActivity@4d444b1 in: CREATED
02-05 17:41:01.529 15500 15500 D LifecycleMonitor: running callback: androidx.test.core.app.ActivityScenario$1@59c0bac
02-05 17:41:01.529  1680  1680 D SecStatusBarMobileView: setStaticDrawableColor:
02-05 17:41:01.529 15500 15500 V ActivityScenario: Activity lifecycle changed event received but ignored because the intent does not match. startActivityIntent=Intent { act=android.intent.action.MAIN cat=[android.intent.category.LAUNCHER] cmp=com.example.dogglers/.HorizontalListActivity }, activity.getIntent()=Intent { act=android.intent.action.MAIN cat=[android.intent.category.LAUNCHER] flg=0x10000000 cmp=com.example.dogglers/androidx.test.core.app.InstrumentationActivityInvoker$EmptyActivity }, activity=androidx.test.core.app.InstrumentationActivityInvoker$EmptyActivity@4d444b1
02-05 17:41:01.529 15500 15500 D LifecycleMonitor: callback completes: androidx.test.core.app.ActivityScenario$1@59c0bac
02-05 17:41:01.529  1163  2104 I InputDispatcher: Focus left window (15500): d13ec47 in display 0 0
02-05 17:41:01.531   789   789 I Layer   : id=80023[1] Destroyed Splash Screen com.example.dogglers#0
02-05 17:41:01.532 15500 15500 D LifecycleMonitor: Lifecycle status change: androidx.test.core.app.InstrumentationActivityInvoker$EmptyActivity@4d444b1 in: STARTED
02-05 17:41:01.532 15500 15500 D LifecycleMonitor: running callback: androidx.test.core.app.ActivityScenario$1@59c0bac
02-05 17:41:01.532 15500 15500 V ActivityScenario: Activity lifecycle changed event received but ignored because the intent does not match. startActivityIntent=Intent { act=android.intent.action.MAIN cat=[android.intent.category.LAUNCHER] cmp=com.example.dogglers/.HorizontalListActivity }, activity.getIntent()=Intent { act=android.intent.action.MAIN cat=[android.intent.category.LAUNCHER] flg=0x10000000 cmp=com.example.dogglers/androidx.test.core.app.InstrumentationActivityInvoker$EmptyActivity }, activity=androidx.test.core.app.InstrumentationActivityInvoker$EmptyActivity@4d444b1
02-05 17:41:01.532 15500 15500 D LifecycleMonitor: callback completes: androidx.test.core.app.ActivityScenario$1@59c0bac
02-05 17:41:01.533   789   789 D SurfaceFlinger: Display 21442653864348033 HWC layers:
02-05 17:41:01.533   789   789 D SurfaceFlinger:      DEVICE | 0x7428c3fd40 | 0002 | RGBx_8888    |  180.0    0.0 1260.0 2400.0 |    0    0 1080 2400 | com.android.systemui.ImageWallpaper$_1680#0
02-05 17:41:01.533   789   789 D SurfaceFlinger:      DEVICE | 0x7428c3de00 | 0000 | RGBA_8888    |    0.0    0.0 1080.0 2400.0 |    0    0 1080 2400 | com.sec.android.app.launcher/com.sec[...].activities.LauncherActivity$_2003#0
02-05 17:41:01.533   789   789 D SurfaceFlinger:      DEVICE | 0x7428c3fe80 | 0002 | RGBA_8888    |    0.0    0.0 1080.0 2400.0 |   24   53 1056 2347 | com.example.dogglers/com.example.dogglers.HorizontalListActivity$_15500#0
02-05 17:41:01.533   789   789 D SurfaceFlinger:      DEVICE | 0x7428c3e6c0 | 0000 | RGBA_8888    |    0.0    0.0 1080.0   88.0 |    0    0 1080   88 | StatusBar$_1680#0
02-05 17:41:01.533   789   789 D SurfaceFlinger:      DEVICE | 0x7428c40600 | 0000 | RGBA_8888    |    0.0    0.0 1080.0  144.0 |    0 2256 1080 2400 | NavigationBar0$_1680#0
02-05 17:41:01.533   789   789 D SurfaceFlinger:      DEVICE | 0x7408191180 | 0000 | RGBA_8888    |    0.0    0.0 1080.0  125.0 |    0    0 1080  125 | ScreenDecorOverlay$_1680#0
02-05 17:41:01.533   789   789 D SurfaceFlinger:      DEVICE | 0x7428c3f480 | 0000 | RGBA_8888    |    0.0    0.0 1080.0  112.0 |    0 2288 1080 2400 |
02-05 17:41:01.533   789   789 D SurfaceFlinger: ScreenDecorOverlayBottom$_1680#0
02-05 17:41:01.533   789   789 D SurfaceFlinger:
02-05 17:41:01.535 15500 15500 D LifecycleMonitor: Lifecycle status change: androidx.test.core.app.InstrumentationActivityInvoker$EmptyActivity@4d444b1 in: RESUMED
02-05 17:41:01.535 15500 15500 D LifecycleMonitor: running callback: androidx.test.core.app.ActivityScenario$1@59c0bac
02-05 17:41:01.535 15500 15500 V ActivityScenario: Activity lifecycle changed event received but ignored because the intent does not match. startActivityIntent=Intent { act=android.intent.action.MAIN cat=[android.intent.category.LAUNCHER] cmp=com.example.dogglers/.HorizontalListActivity }, activity.getIntent()=Intent { act=android.intent.action.MAIN cat=[android.intent.category.LAUNCHER] flg=0x10000000 cmp=com.example.dogglers/androidx.test.core.app.InstrumentationActivityInvoker$EmptyActivity }, activity=androidx.test.core.app.InstrumentationActivityInvoker$EmptyActivity@4d444b1
02-05 17:41:01.535 15500 15500 D LifecycleMonitor: callback completes: androidx.test.core.app.ActivityScenario$1@59c0bac
02-05 17:41:01.537  1163  2104 D InputTransport: Input channel constructed: '2e968a0', fd=857
02-05 17:41:01.537  1163  2104 D InputTransport: Input channel constructed: '2e968a0', fd=860
02-05 17:41:01.538   789   834 I SurfaceFlinger: id=80040 createSurf (0x0),-1 flag=80004, 2e968a0 com.example.dogglers/androidx.test.core.app.InstrumentationActivityInvoker$EmptyActivity#0
02-05 17:41:01.538  1163  2104 D WindowManager: isScreenshotDisabledLocked - win: Window{2e968a0 u0 com.example.dogglers/androidx.test.core.app.InstrumentationActivityInvoker$EmptyActivity}
02-05 17:41:01.538  1163  2104 D WindowManager: isScreenshotDisabledLocked: userId = 0, disabled =false
02-05 17:41:01.538  1163  2104 D InputTransport: Input channel destroyed: '2e968a0', fd=860
02-05 17:41:01.538 15500 15500 D InputTransport: Input channel constructed: '2e968a0', fd=99
02-05 17:41:01.539 15500 15500 I ViewRootImpl@5e1bd22[InstrumentationActivityInvoker$EmptyActivity]: setView = com.android.internal.policy.DecorView@a40bd17 TM=true
02-05 17:41:01.540 15500 15500 I SurfaceControl: nativeRelease nativeObject s[498994769600]
02-05 17:41:01.540 15500 15500 I SurfaceControl: nativeRelease nativeObject e[498994769600]
02-05 17:41:01.540 15500 15500 I SurfaceControl: nativeRelease nativeObject s[498994769504]
02-05 17:41:01.540 15500 15500 I SurfaceControl: nativeRelease nativeObject e[498994769504]
02-05 17:41:01.540 15500 15500 I SurfaceControl: nativeRelease nativeObject s[498994769312]
02-05 17:41:01.540 15500 15500 I SurfaceControl: nativeRelease nativeObject e[498994769312]
02-05 17:41:01.540   789   834 I SurfaceFlinger: id=80032 Removed Surface(name=b29f82b NavigationBar0)/@0x8634759 - animation-leash#1 (206)
02-05 17:41:01.540   789  1273 I SurfaceFlinger: id=80031 Removed Surface(name=8c655e2 StatusBar)/@0x44a9b07 - animation-leash#0 (206)
02-05 17:41:01.540 15500 15500 I SurfaceControl: nativeRelease nativeObject s[498994769792]
02-05 17:41:01.540 15500 15500 I SurfaceControl: nativeRelease nativeObject e[498994769792]
02-05 17:41:01.545   789   789 I Layer   : id=80032[1] Destroyed Surface(name=b29f82b NavigationBar0)/@0x8634759 - animation-leash#1
02-05 17:41:01.545   789   789 I Layer   : id=80031[1] Destroyed Surface(name=8c655e2 StatusBar)/@0x44a9b07 - animation-leash#0
02-05 17:41:01.546  1680  1680 D SecStatusBarMobileView: setStaticDrawableColor:
02-05 17:41:01.546  1163  3944 V WindowManager: Relayout Window{2e968a0 u0 com.example.dogglers/androidx.test.core.app.InstrumentationActivityInvoker$EmptyActivity}: viewVisibility=0 req=1080x2400
02-05 17:41:01.547  1163  3944 W WindowManager: lockNow pending, ignore updating lockscreen timeout
02-05 17:41:01.547  1163  3944 D WindowManager: isScreenshotDisabledLocked - win: Window{2e968a0 u0 com.example.dogglers/androidx.test.core.app.InstrumentationActivityInvoker$EmptyActivity}
02-05 17:41:01.547  1163  3944 D WindowManager: isScreenshotDisabledLocked: userId = 0, disabled =false
02-05 17:41:01.547   789   835 I SurfaceFlinger: id=80041 createSurf (1080x2400),1 flag=404, com.example.dogglers/androidx.test.core.app.InstrumentationActivityInvoker$EmptyActivity$_15500#0
02-05 17:41:01.549  1163  3944 I SurfaceControl: nativeRelease nativeObject s[496882941824]
02-05 17:41:01.549  1163  3944 I SurfaceControl: nativeRelease nativeObject e[496882941824]
02-05 17:41:01.549   789  2265 I SurfaceFlinger: id=80042 createSurf (0x0),-1 flag=24000, Surface(name=8c655e2 StatusBar)/@0x44a9b07 - animation-leash#1
02-05 17:41:01.549  1163  3944 I SurfaceControl: nativeRelease nativeObject s[499014694912]
02-05 17:41:01.549  1163  3944 I SurfaceControl: nativeRelease nativeObject e[499014694912]
02-05 17:41:01.549   789   835 I SurfaceFlinger: id=80043 createSurf (0x0),-1 flag=24000, Surface(name=b29f82b NavigationBar0)/@0x8634759 - animation-leash#0
02-05 17:41:01.550  1163  3944 V WindowManager: Relayout hash=2e968a0, pid=15500: mAttrs={(0,0)(fillxfill) sim={adjust=pan forwardNavigation} ty=BASE_APPLICATION wanim=0x1030001
02-05 17:41:01.550  1163  3944 V WindowManager:   fl=1810100
02-05 17:41:01.550  1163  3944 V WindowManager:   pfl=12020000
02-05 17:41:01.550  1163  3944 V WindowManager:   fitSides= naviIconColor=0}
02-05 17:41:01.550  1163  3944 I SurfaceControl: nativeRelease nativeObject s[499038977504]
02-05 17:41:01.550  1163  3944 I SurfaceControl: nativeRelease nativeObject e[499038977504]
02-05 17:41:01.551 15500 15500 I SurfaceControl: assignNativeObject: nativeObject = 0 Surface(name=null)/@0x30a13b3 / android.view.SurfaceControl.readFromParcel:1117 android.view.IWindowSession$Stub$Proxy.relayout:1820 android.view.ViewRootImpl.relayoutWindow:9005 android.view.ViewRootImpl.performTraversals:3360 android.view.ViewRootImpl.doTraversal:2618 android.view.ViewRootImpl$TraversalRunnable.run:9971 android.view.Choreographer$CallbackRecord.run:1010 android.view.Choreographer.doCallbacks:809 android.view.Choreographer.doFrame:744 android.view.Choreographer$FrameDisplayEventReceiver.run:995
02-05 17:41:01.551 15500 15500 I ViewRootImpl@5e1bd22[InstrumentationActivityInvoker$EmptyActivity]: Relayout returned: old=(0,0,1080,2400) new=(0,0,1080,2400) req=(1080,2400)0 dur=5 res=0x7 s={true 497546661888} ch=true fn=-1
02-05 17:41:01.552 15500 15565 I mali_winsys: new_window_surface() [1080x2400] return: 0x3000
02-05 17:41:01.552 15500 15500 I ViewRootImpl@5e1bd22[InstrumentationActivityInvoker$EmptyActivity]: [DP] dp(1) 1 android.view.ViewRootImpl.reportNextDraw:10957 android.view.ViewRootImpl.performTraversals:3845 android.view.ViewRootImpl.doTraversal:2618
02-05 17:41:01.552   716   957 D gralloc : [mali_gralloc_allocate] begin
02-05 17:41:01.552   716   957 D gralloc : buffer_descriptor: wh(1080 2400) usage_pc(0x40000000000b00 0x40000000000b00) hal_format(0x1) layer_count(1) sizes(0 0 0) strde(0) byte_stride(0) alloc_wh(0 0) internal_format(0x0) alloc_format(0x0) fd_count(1) plane_count(0)
02-05 17:41:01.552 15500 15500 I ViewRootImpl@5e1bd22[InstrumentationActivityInvoker$EmptyActivity]: [DP] pd() Asnyc report
02-05 17:41:01.554   716   957 D gralloc : [mali_gralloc_allocate] allocation successful
02-05 17:41:01.554   716   957 D gralloc : [mali_gralloc_allocate] begin
02-05 17:41:01.554   716   957 D gralloc : buffer_descriptor: wh(1080 2400) usage_pc(0x40000000000b00 0x40000000000b00) hal_format(0x1) layer_count(1) sizes(0 0 0) strde(0) byte_stride(0) alloc_wh(0 0) internal_format(0x0) alloc_format(0x0) fd_count(1) plane_count(0)
02-05 17:41:01.556   716   957 D gralloc : [mali_gralloc_allocate] allocation successful
02-05 17:41:01.556   716   953 D gralloc : [mali_gralloc_allocate] begin
02-05 17:41:01.556   716   953 D gralloc : buffer_descriptor: wh(1080 2400) usage_pc(0x40000000000b00 0x40000000000b00) hal_format(0x1) layer_count(1) sizes(0 0 0) strde(0) byte_stride(0) alloc_wh(0 0) internal_format(0x0) alloc_format(0x0) fd_count(1) plane_count(0)
02-05 17:41:01.558 15500 15500 I ViewRootImpl@5e1bd22[InstrumentationActivityInvoker$EmptyActivity]: [DP] pdf(0) 1 android.view.ViewRootImpl.lambda$performDraw$1$ViewRootImpl:4668 android.view.-$$Lambda$ViewRootImpl$DJd0VUYJgsebcnSohO6h8zc_ONI.run:6 android.os.Handler.handleCallback:938
02-05 17:41:01.558 15500 15500 I ViewRootImpl@5e1bd22[InstrumentationActivityInvoker$EmptyActivity]: [DP] rdf()
02-05 17:41:01.558 15500 15500 I ViewRootImpl@dc6bf3f[HorizontalListActivity]: MSG_WINDOW_FOCUS_CHANGED 0 1
02-05 17:41:01.558   716   953 D gralloc : [mali_gralloc_allocate] allocation successful
02-05 17:41:01.558  1163  1240 W WindowManager: lockNow pending, ignore updating lockscreen timeout
02-05 17:41:01.559   789  1272 I Layer   : id=80038 removeFromCurrentState Surface(name=8c655e2 StatusBar)/@0x44a9b07 - animation-leash#0 (207)
02-05 17:41:01.559   789  1272 I Layer   : id=80039 removeFromCurrentState Surface(name=b29f82b NavigationBar0)/@0x8634759 - animation-leash#1 (207)
02-05 17:41:01.560  1163  1240 D PkgPredictorService: pkg:com.example.dogglers activity:androidx.test.core.app.InstrumentationActivityInvoker$EmptyActivity thisTime:70
02-05 17:41:01.560  1163  1244 I ActivityTaskManager: Displayed com.example.dogglers/androidx.test.core.app.InstrumentationActivityInvoker$EmptyActivity: +70ms
02-05 17:41:01.560  1163  1240 W WindowManager: lockNow pending, ignore updating lockscreen timeout
02-05 17:41:01.561 15500 15500 I SurfaceControl: nativeRelease nativeObject s[498994770368]
02-05 17:41:01.561 15500 15500 I SurfaceControl: nativeRelease nativeObject e[498994770368]
02-05 17:41:01.561 15500 15500 I SurfaceControl: nativeRelease nativeObject s[498994770656]
02-05 17:41:01.561 15500 15500 I SurfaceControl: nativeRelease nativeObject e[498994770656]
02-05 17:41:01.562 15500 15500 I SurfaceControl: nativeRelease nativeObject s[498994770464]
02-05 17:41:01.562 15500 15500 I SurfaceControl: nativeRelease nativeObject e[498994770464]
02-05 17:41:01.562  2669  2669 E pageboostd: Received HALT command code 2
02-05 17:41:01.563  1163  3944 I InputDispatcher: Focus entered window (15500): 2e968a0 in display 0 0
02-05 17:41:01.563   789   835 I SurfaceFlinger: id=80039 Removed Surface(name=b29f82b NavigationBar0)/@0x8634759 - animation-leash#1 (207)
02-05 17:41:01.563   789   835 I SurfaceFlinger: id=80038 Removed Surface(name=8c655e2 StatusBar)/@0x44a9b07 - animation-leash#0 (207)
02-05 17:41:01.564  1163  1793 I SemDvfsHyPerManager: acquire hyper - AMS_RESUME_TAIL/1163@22, type = -999
02-05 17:41:01.564  1163  1793 I SemDvfsHyPerManager: acquire hyper - AMS_ACT_LAZY/1163@23, type = -999
02-05 17:41:01.564   726   817 I HYPER-HAL: [RequestManager.cpp]acquire(): Acquired ID : 702727  [1163 / 22]    HINT : AMS_RESUME_TAIL    list :
02-05 17:41:01.564   726   817 I HYPER-HAL: [ResourceManager.cpp]updateResource(): [CPUMinFreq] UpdateResource Request ID : 702727    Value : 1844882
02-05 17:41:01.564   726   817 I HYPER-HAL: [RequestManager.cpp]acquire(): Acquired ID : 703914  [1163 / 23]    HINT :      list :
02-05 17:41:01.564   726   817 E HYPER-HAL: [Request.cpp]acquire(): Request:: id : 703914, No Resource to set
02-05 17:41:01.564   726   817 I HYPER-HAL: [ResourceManager.cpp]removeResource(): [CPUMinFreq] RemoveResource Request ID : 700356
02-05 17:41:01.565   726   817 I HYPER-HAL: [RequestManager.cpp]releaseLocked(): Released ID : 700356
02-05 17:41:01.565   789   789 D SurfaceFlinger: Display 21442653864348033 HWC layers:
02-05 17:41:01.565   789   789 D SurfaceFlinger:      DEVICE | 0x7428c3fd40 | 0002 | RGBx_8888    |  180.0    0.0 1260.0 2400.0 |    0    0 1080 2400 | com.android.systemui.ImageWallpaper$_1680#0
02-05 17:41:01.565   789   789 D SurfaceFlinger:      DEVICE | 0x7428c3de00 | 0000 | RGBA_8888    |    0.0    0.0 1080.0 2400.0 |    0    0 1080 2400 | com.sec.android.app.launcher/com.sec[...].activities.LauncherActivity$_2003#0
02-05 17:41:01.565   789   789 D SurfaceFlinger:      DEVICE | 0x7428c40740 | 0002 | RGBA_8888    |    0.0    0.0 1080.0 2400.0 |   15   34 1065 2366 | com.example.dogglers/androidx.test.c[...]tivityInvoker$EmptyActivity$_15500#0
02-05 17:41:01.565   789   789 D SurfaceFlinger:      DEVICE | 0x7408500740 | 0000 | RGBA_8888    |    0.0    0.0 1080.0   88.0 |    0    0 1080   88 | StatusBar$_1680#0
02-05 17:41:01.565   789   789 D SurfaceFlinger:      DEVICE | 0x7428c40600 | 0000 | RGBA_8888    |    0.0    0.0 1080.0  144.0 |    0 2256 1080 2400 | NavigationBar0$_1680#0
02-05 17:41:01.565   789   789 D SurfaceFlinger:      DEVICE | 0x7408191180 | 0000 | RGBA_8888    |    0.0    0.0 1080.0  125.0 |    0    0 1080  125 | ScreenDecorOverlay$_1680#0
02-05 17:41:01.565   789   789 D SurfaceFlinger:      DEVICE | 0x7428c3f480 | 0000 | RGBA_8888    |    0.0    0.0 1080.0  112.0 |    0 2288 1080 240
02-05 17:41:01.565   789   789 D SurfaceFlinger: 0 | ScreenDecorOverlayBottom$_1680#0
02-05 17:41:01.565   789   789 D SurfaceFlinger:
02-05 17:41:01.566  1163  1240 W WindowManager: lockNow pending, ignore updating lockscreen timeout
02-05 17:41:01.567 15500 15500 I ViewRootImpl@5e1bd22[InstrumentationActivityInvoker$EmptyActivity]: MSG_WINDOW_FOCUS_CHANGED 1 1
02-05 17:41:01.567 15500 15500 D InputMethodManager: prepareNavigationBarInfo() DecorView@a40bd17[InstrumentationActivityInvoker$EmptyActivity]
02-05 17:41:01.567 15500 15500 D InputMethodManager: getNavigationBarColor() -16711423
02-05 17:41:01.567 15500 15500 D InputMethodManager: prepareNavigationBarInfo() DecorView@a40bd17[InstrumentationActivityInvoker$EmptyActivity]
02-05 17:41:01.567 15500 15500 D InputMethodManager: getNavigationBarColor() -16711423
02-05 17:41:01.567 15500 15500 V InputMethodManager: Starting input: tba=com.example.dogglers ic=null mNaviBarColor -16711423 mIsGetNaviBarColorSuccess true , NavVisible : true , NavTrans : false
02-05 17:41:01.567 15500 15500 D InputMethodManager: startInputInner - Id : 0
02-05 17:41:01.567 15500 15500 I InputMethodManager: startInputInner - mService.startInputOrWindowGainedFocus
02-05 17:41:01.568  1163  3970 I SemDvfsHyPerManager: acquire hyper - AMS_ACT_START/1163@20, type = -999
02-05 17:41:01.568  1163  1793 D InputMethodManagerService: mSecureKeypadEnabled = false
02-05 17:41:01.568   726   817 I HYPER-HAL: [RequestManager.cpp]acquire(): Acquired ID : 700356  [1163 / 20]    HINT : AMS_ACT_START    list :
02-05 17:41:01.568   789  2265 I SurfaceFlinger: id=80044 createSurf (0x0),-1 flag=80004, ActivityRecord{5ae34f6 u0 com.example.dogglers/androidx.test.core.app.InstrumentationActivityInvoker$EmptyActivity t12738}#0
02-05 17:41:01.568   726   817 I HYPER-HAL: [ResourceManager.cpp]updateResource(): [CPUMinFreq] UpdateResource Request ID : 700356    Value : 1930195
02-05 17:41:01.571  1163  3970 W WindowManager: lockNow pending, ignore updating lockscreen timeout
02-05 17:41:01.572  1163  1793 V InputMethodManagerService: hideCurrentInputLocked : shouldHideSoftInput is false
02-05 17:41:01.572  1163  1793 D InputMethodManagerService: DESKTOP MODE! : 2
02-05 17:41:01.572  1163  1793 D InputMethodManagerService: NOT IN KNOX DESKTOP MODE!
02-05 17:41:01.572  1163  1793 V InputMethodManagerService: getDisplayIdOfInputMethodWindowToBeAdded : 0
02-05 17:41:01.572  1163  1793 D InputMethodManagerService: checkDisplayOfStartInputAndUpdateKeyboard display Id 0last 0
02-05 17:41:01.572  1163  1793 D InputTransport: Input channel constructed: 'ClientS', fd=860
02-05 17:41:01.572  1163  1793 D InputTransport: Input channel destroyed: 'ClientS', fd=860
02-05 17:41:01.572 15500 15500 D InputTransport: Input channel constructed: 'ClientS', fd=106
02-05 17:41:01.572 15500 15500 D InputTransport: Input channel destroyed: 'ClientS', fd=97
02-05 17:41:01.572  1163  3970 I SurfaceControl: nativeRelease nativeObject s[496861208608]
02-05 17:41:01.572  1163  3970 I SurfaceControl: nativeRelease nativeObject e[496861208608]
02-05 17:41:01.573   789  2265 I SurfaceFlinger: id=80045 createSurf (0x0),-1 flag=24004, Surface(name=dbf3b45 InputMethod)/@0xf70bba8 - animation-leash#0
02-05 17:41:01.574 15500 15500 D LifecycleMonitor: Lifecycle status change: androidx.test.core.app.InstrumentationActivityInvoker$EmptyActivity@4d444b1 in: PAUSED
02-05 17:41:01.574  3640  3640 I GoogleInputMethodService: GoogleInputMethodService.onFinishInput():3316
02-05 17:41:01.574 15500 15500 D LifecycleMonitor: running callback: androidx.test.core.app.ActivityScenario$1@59c0bac
02-05 17:41:01.574 15500 15500 V ActivityScenario: Activity lifecycle changed event received but ignored because the intent does not match. startActivityIntent=Intent { act=android.intent.action.MAIN cat=[android.intent.category.LAUNCHER] cmp=com.example.dogglers/.HorizontalListActivity }, activity.getIntent()=Intent { act=android.intent.action.MAIN cat=[android.intent.category.LAUNCHER] flg=0x10000000 cmp=com.example.dogglers/androidx.test.core.app.InstrumentationActivityInvoker$EmptyActivity }, activity=androidx.test.core.app.InstrumentationActivityInvoker$EmptyActivity@4d444b1
02-05 17:41:01.574 15500 15500 D LifecycleMonitor: callback completes: androidx.test.core.app.ActivityScenario$1@59c0bac
02-05 17:41:01.575  3640  3640 I GoogleInputMethodService: GoogleInputMethodService.updateDeviceLockedStatus():2181 checkRepeatedly = false, unlocked = true
02-05 17:41:01.575  3640  3640 D InputMethodService: checkDisplayOfStartInputAndUpdateKeyboard display Id 0last 0
02-05 17:41:01.575  3640  3640 I GoogleInputMethodService: GoogleInputMethodService.onStartInput():1989
02-05 17:41:01.575  1163  3970 V WindowOrientationListener: getProposedRotation: 0
02-05 17:41:01.575  1163  3970 V WindowOrientationListener: getProposedRotation: 0
02-05 17:41:01.575  3640  3640 I GoogleInputMethodService: GoogleInputMethodService.updateDeviceLockedStatus():2181 checkRepeatedly = true, unlocked = true
02-05 17:41:01.575  1163  3970 V WindowOrientationListener: getProposedRotation: 0
02-05 17:41:01.576  1163  3970 D InputDispatcher: Focused application set to (0): 5ae34f6
02-05 17:41:01.578  1163  3970 W WindowManager: lockNow pending, ignore updating lockscreen timeout
02-05 17:41:01.579   789   789 I Layer   : id=80038[1] Destroyed Surface(name=8c655e2 StatusBar)/@0x44a9b07 - animation-leash#0
02-05 17:41:01.579   789   789 I Layer   : id=80039[1] Destroyed Surface(name=b29f82b NavigationBar0)/@0x8634759 - animation-leash#1
02-05 17:41:01.579   789  1272 I Layer   : id=80034 removeFromCurrentState Surface(name=dbf3b45 InputMethod)/@0xf70bba8 - animation-leash#1 (207)
02-05 17:41:01.583 15500 15500 D LifecycleMonitor: Lifecycle status change: androidx.test.core.app.InstrumentationActivityInvoker$EmptyActivity@202896e in: PRE_ON_CREATE
02-05 17:41:01.583 15500 15500 D LifecycleMonitor: running callback: androidx.test.core.app.ActivityScenario$1@59c0bac
02-05 17:41:01.583 15500 15500 V ActivityScenario: Activity lifecycle changed event received but ignored because the intent does not match. startActivityIntent=Intent { act=android.intent.action.MAIN cat=[android.intent.category.LAUNCHER] cmp=com.example.dogglers/.HorizontalListActivity }, activity.getIntent()=Intent { act=android.intent.action.MAIN cat=[android.intent.category.LAUNCHER] flg=0x10000000 cmp=com.example.dogglers/androidx.test.core.app.InstrumentationActivityInvoker$EmptyActivity }, activity=androidx.test.core.app.InstrumentationActivityInvoker$EmptyActivity@202896e
02-05 17:41:01.583 15500 15500 D LifecycleMonitor: callback completes: androidx.test.core.app.ActivityScenario$1@59c0bac
02-05 17:41:01.587 15500 15500 I DecorView: [INFO] isPopOver=false, config=true
02-05 17:41:01.587 15500 15500 I DecorView: updateCaptionType >> DecorView@12ea09c[], isFloating=false, isApplication=true, hasWindowDecorCaption=false, hasWindowControllerCallback=true
02-05 17:41:01.587 15500 15500 D DecorView: setCaptionType = 0, this = DecorView@12ea09c[]
02-05 17:41:01.588 15500 15500 D LifecycleMonitor: Lifecycle status change: androidx.test.core.app.InstrumentationActivityInvoker$EmptyActivity@202896e in: CREATED
02-05 17:41:01.588 15500 15500 D LifecycleMonitor: running callback: androidx.test.core.app.ActivityScenario$1@59c0bac
02-05 17:41:01.589 15500 15500 V ActivityScenario: Activity lifecycle changed event received but ignored because the intent does not match. startActivityIntent=Intent { act=android.intent.action.MAIN cat=[android.intent.category.LAUNCHER] cmp=com.example.dogglers/.HorizontalListActivity }, activity.getIntent()=Intent { act=android.intent.action.MAIN cat=[android.intent.category.LAUNCHER] flg=0x10000000 cmp=com.example.dogglers/androidx.test.core.app.InstrumentationActivityInvoker$EmptyActivity }, activity=androidx.test.core.app.InstrumentationActivityInvoker$EmptyActivity@202896e
02-05 17:41:01.589 15500 15500 D LifecycleMonitor: callback completes: androidx.test.core.app.ActivityScenario$1@59c0bac
02-05 17:41:01.589 15500 15500 D LifecycleMonitor: Lifecycle status change: androidx.test.core.app.InstrumentationActivityInvoker$EmptyActivity@202896e in: STARTED
02-05 17:41:01.589 15500 15500 D LifecycleMonitor: running callback: androidx.test.core.app.ActivityScenario$1@59c0bac
02-05 17:41:01.589 15500 15500 V ActivityScenario: Activity lifecycle changed event received but ignored because the intent does not match. startActivityIntent=Intent { act=android.intent.action.MAIN cat=[android.intent.category.LAUNCHER] cmp=com.example.dogglers/.HorizontalListActivity }, activity.getIntent()=Intent { act=android.intent.action.MAIN cat=[android.intent.category.LAUNCHER] flg=0x10000000 cmp=com.example.dogglers/androidx.test.core.app.InstrumentationActivityInvoker$EmptyActivity }, activity=androidx.test.core.app.InstrumentationActivityInvoker$EmptyActivity@202896e
02-05 17:41:01.589 15500 15500 D LifecycleMonitor: callback completes: androidx.test.core.app.ActivityScenario$1@59c0bac
02-05 17:41:01.590 15500 15500 D LifecycleMonitor: Lifecycle status change: androidx.test.core.app.InstrumentationActivityInvoker$EmptyActivity@202896e in: RESUMED
02-05 17:41:01.590 15500 15500 D LifecycleMonitor: running callback: androidx.test.core.app.ActivityScenario$1@59c0bac
02-05 17:41:01.590 15500 15500 V ActivityScenario: Activity lifecycle changed event received but ignored because the intent does not match. startActivityIntent=Intent { act=android.intent.action.MAIN cat=[android.intent.category.LAUNCHER] cmp=com.example.dogglers/.HorizontalListActivity }, activity.getIntent()=Intent { act=android.intent.action.MAIN cat=[android.intent.category.LAUNCHER] flg=0x10000000 cmp=com.example.dogglers/androidx.test.core.app.InstrumentationActivityInvoker$EmptyActivity }, activity=androidx.test.core.app.InstrumentationActivityInvoker$EmptyActivity@202896e
02-05 17:41:01.590 15500 15500 D LifecycleMonitor: callback completes: androidx.test.core.app.ActivityScenario$1@59c0bac
02-05 17:41:01.592  1163  3944 D InputTransport: Input channel constructed: '6f507da', fd=860
02-05 17:41:01.592  1163  3944 D InputTransport: Input channel constructed: '6f507da', fd=887
02-05 17:41:01.593   789  1272 I SurfaceFlinger: id=80046 createSurf (0x0),-1 flag=80004, 6f507da com.example.dogglers/androidx.test.core.app.InstrumentationActivityInvoker$EmptyActivity#0
02-05 17:41:01.593  1163  3944 D WindowManager: isScreenshotDisabledLocked - win: Window{6f507da u0 com.example.dogglers/androidx.test.core.app.InstrumentationActivityInvoker$EmptyActivity}
02-05 17:41:01.593  1163  3944 D WindowManager: isScreenshotDisabledLocked: userId = 0, disabled =false
02-05 17:41:01.593  1163  3944 D InputTransport: Input channel destroyed: '6f507da', fd=887
02-05 17:41:01.593 15500 15500 D InputTransport: Input channel constructed: '6f507da', fd=100
02-05 17:41:01.594 15500 15500 I ViewRootImpl@71a462b[InstrumentationActivityInvoker$EmptyActivity]: setView = com.android.internal.policy.DecorView@12ea09c TM=true
02-05 17:41:01.595 15500 15500 I SurfaceControl: nativeRelease nativeObject s[498994766432]
02-05 17:41:01.595 15500 15500 I SurfaceControl: nativeRelease nativeObject e[498994766432]
02-05 17:41:01.595   789  1272 I SurfaceFlinger: id=80034 Removed Surface(name=dbf3b45 InputMethod)/@0xf70bba8 - animation-leash#1 (208)
02-05 17:41:01.595  1163  3944 D SamsungIMMSHWKeyboard: isConnectedDexOnPC false
02-05 17:41:01.595 15500 15500 I SurfaceControl: nativeRelease nativeObject s[497477723488]
02-05 17:41:01.595 15500 15500 I SurfaceControl: nativeRelease nativeObject e[497477723488]
02-05 17:41:01.595 15500 15500 I SurfaceControl: nativeRelease nativeObject s[497477723392]
02-05 17:41:01.595 15500 15500 I SurfaceControl: nativeRelease nativeObject e[497477723392]
02-05 17:41:01.595  1163  3944 D InputMethodManagerService: isImeSwitcherDisabledPackage : false
02-05 17:41:01.596   789   789 I Layer   : id=80034[1] Destroyed Surface(name=dbf3b45 InputMethod)/@0xf70bba8 - animation-leash#1
02-05 17:41:01.596  1163  3944 I InputDispatcher: Focus left window (15500): 2e968a0 in display 0 0
02-05 17:41:01.597  1163  3944 V WindowManager: Relayout Window{6f507da u0 com.example.dogglers/androidx.test.core.app.InstrumentationActivityInvoker$EmptyActivity}: viewVisibility=0 req=1080x2400
02-05 17:41:01.598  1163  3944 W WindowManager: lockNow pending, ignore updating lockscreen timeout
02-05 17:41:01.598  1163  3944 D WindowManager: isScreenshotDisabledLocked - win: Window{6f507da u0 com.example.dogglers/androidx.test.core.app.InstrumentationActivityInvoker$EmptyActivity}
02-05 17:41:01.598  1163  3944 D WindowManager: isScreenshotDisabledLocked: userId = 0, disabled =false
02-05 17:41:01.598   789  1273 I SurfaceFlinger: id=80047 createSurf (1080x2400),1 flag=404, com.example.dogglers/androidx.test.core.app.InstrumentationActivityInvoker$EmptyActivity$_15500#1
02-05 17:41:01.600  1163  3944 I SurfaceControl: nativeRelease nativeObject s[499183201280]
02-05 17:41:01.600  1163  3944 I SurfaceControl: nativeRelease nativeObject e[499183201280]
02-05 17:41:01.600   789   834 I SurfaceFlinger: id=80048 createSurf (0x0),-1 flag=24000, Surface(name=8c655e2 StatusBar)/@0x44a9b07 - animation-leash#0
02-05 17:41:01.600  1163  3944 I SurfaceControl: nativeRelease nativeObject s[499183202816]
02-05 17:41:01.600  1163  3944 I SurfaceControl: nativeRelease nativeObject e[499183202816]
02-05 17:41:01.600   789  1273 I SurfaceFlinger: id=80049 createSurf (0x0),-1 flag=24000, Surface(name=b29f82b NavigationBar0)/@0x8634759 - animation-leash#1
02-05 17:41:01.601  1163  3944 V WindowManager: Relayout hash=6f507da, pid=15500: mAttrs={(0,0)(fillxfill) sim={adjust=pan forwardNavigation} ty=BASE_APPLICATION wanim=0x1030001
02-05 17:41:01.601  1163  3944 V WindowManager:   fl=1810100
02-05 17:41:01.601  1163  3944 V WindowManager:   pfl=12020000
02-05 17:41:01.601  1163  3944 V WindowManager:   fitSides= naviIconColor=0}
02-05 17:41:01.601  1163  3944 I SurfaceControl: nativeRelease nativeObject s[499038979520]
02-05 17:41:01.601  1163  3944 I SurfaceControl: nativeRelease nativeObject e[499038979520]
02-05 17:41:01.602 15500 15500 I SurfaceControl: assignNativeObject: nativeObject = 0 Surface(name=null)/@0x7d32a88 / android.view.SurfaceControl.readFromParcel:1117 android.view.IWindowSession$Stub$Proxy.relayout:1820 android.view.ViewRootImpl.relayoutWindow:9005 android.view.ViewRootImpl.performTraversals:3360 android.view.ViewRootImpl.doTraversal:2618 android.view.ViewRootImpl$TraversalRunnable.run:9971 android.view.Choreographer$CallbackRecord.run:1010 android.view.Choreographer.doCallbacks:809 android.view.Choreographer.doFrame:744 android.view.Choreographer$FrameDisplayEventReceiver.run:995
02-05 17:41:01.602 15500 15500 I ViewRootImpl@71a462b[InstrumentationActivityInvoker$EmptyActivity]: Relayout returned: old=(0,0,1080,2400) new=(0,0,1080,2400) req=(1080,2400)0 dur=5 res=0x7 s={true 497172643840} ch=true fn=-1
02-05 17:41:01.603 15500 15565 I mali_winsys: new_window_surface() [1080x2400] return: 0x3000
02-05 17:41:01.603 15500 15500 I ViewRootImpl@71a462b[InstrumentationActivityInvoker$EmptyActivity]: [DP] dp(1) 1 android.view.ViewRootImpl.reportNextDraw:10957 android.view.ViewRootImpl.performTraversals:3845 android.view.ViewRootImpl.doTraversal:2618
02-05 17:41:01.603   716   953 D gralloc : [mali_gralloc_allocate] begin
02-05 17:41:01.603   716   953 D gralloc : buffer_descriptor: wh(1080 2400) usage_pc(0x40000000000b00 0x40000000000b00) hal_format(0x1) layer_count(1) sizes(0 0 0) strde(0) byte_stride(0) alloc_wh(0 0) internal_format(0x0) alloc_format(0x0) fd_count(1) plane_count(0)
02-05 17:41:01.603 15500 15500 I ViewRootImpl@71a462b[InstrumentationActivityInvoker$EmptyActivity]: [DP] pd() Asnyc report
02-05 17:41:01.605   716   953 D gralloc : [mali_gralloc_allocate] allocation successful
02-05 17:41:01.605   716   953 D gralloc : [mali_gralloc_allocate] begin
02-05 17:41:01.605   716   953 D gralloc : buffer_descriptor: wh(1080 2400) usage_pc(0x40000000000b00 0x40000000000b00) hal_format(0x1) layer_count(1) sizes(0 0 0) strde(0) byte_stride(0) alloc_wh(0 0) internal_format(0x0) alloc_format(0x0) fd_count(1) plane_count(0)
02-05 17:41:01.608 15500 15500 I ViewRootImpl@71a462b[InstrumentationActivityInvoker$EmptyActivity]: [DP] pdf(0) 1 android.view.ViewRootImpl.lambda$performDraw$1$ViewRootImpl:4668 android.view.-$$Lambda$ViewRootImpl$DJd0VUYJgsebcnSohO6h8zc_ONI.run:6 android.os.Handler.handleCallback:938
02-05 17:41:01.608 15500 15500 I ViewRootImpl@71a462b[InstrumentationActivityInvoker$EmptyActivity]: [DP] rdf()
02-05 17:41:01.608   716   953 D gralloc : [mali_gralloc_allocate] allocation successful
02-05 17:41:01.608   716   957 D gralloc : [mali_gralloc_allocate] begin
02-05 17:41:01.608   716   957 D gralloc : buffer_descriptor: wh(1080 2400) usage_pc(0x40000000000b00 0x40000000000b00) hal_format(0x1) layer_count(1) sizes(0 0 0) strde(0) byte_stride(0) alloc_wh(0 0) internal_format(0x0) alloc_format(0x0) fd_count(1) plane_count(0)
02-05 17:41:01.609  1163  1240 W WindowManager: lockNow pending, ignore updating lockscreen timeout
02-05 17:41:01.610   789  1273 I Layer   : id=80042 removeFromCurrentState Surface(name=8c655e2 StatusBar)/@0x44a9b07 - animation-leash#1 (210)
02-05 17:41:01.610   789  1273 I Layer   : id=25 removeFromCurrentState 8c655e2 StatusBar#0 (210)
02-05 17:41:01.610   789  1273 I Layer   : id=34 removeFromCurrentState StatusBar$_1680#0 (210)
02-05 17:41:01.610   789  1273 I Layer   : id=25 addToCurrentState 8c655e2 StatusBar#0 (210)
02-05 17:41:01.610   789  1273 I Layer   : id=34 addToCurrentState StatusBar$_1680#0 (210)
02-05 17:41:01.610   789  1273 I Layer   : id=80043 removeFromCurrentState Surface(name=b29f82b NavigationBar0)/@0x8634759 - animation-leash#0 (210)
02-05 17:41:01.611  1163  1240 D PkgPredictorService: pkg:com.example.dogglers activity:androidx.test.core.app.InstrumentationActivityInvoker$EmptyActivity thisTime:43
02-05 17:41:01.611   716   957 D gralloc : [mali_gralloc_allocate] allocation successful
02-05 17:41:01.611  1163  1244 I ActivityTaskManager: Displayed com.example.dogglers/androidx.test.core.app.InstrumentationActivityInvoker$EmptyActivity: +43ms
02-05 17:41:01.612  1163  1240 W WindowManager: lockNow pending, ignore updating lockscreen timeout
02-05 17:41:01.613  2669  2669 E pageboostd: Received HALT command code 2
02-05 17:41:01.613 15500 15500 I ViewRootImpl@5e1bd22[InstrumentationActivityInvoker$EmptyActivity]: MSG_WINDOW_FOCUS_CHANGED 0 1
02-05 17:41:01.614 15500 15500 I SurfaceControl: nativeRelease nativeObject s[497477723776]
02-05 17:41:01.614 15500 15500 I SurfaceControl: nativeRelease nativeObject e[497477723776]
02-05 17:41:01.614 15500 15500 I SurfaceControl: nativeRelease nativeObject s[497477723680]
02-05 17:41:01.614 15500 15500 I SurfaceControl: nativeRelease nativeObject e[497477723680]
02-05 17:41:01.614 15500 15500 I SurfaceControl: nativeRelease nativeObject s[497477723584]
02-05 17:41:01.614 15500 15500 I SurfaceControl: nativeRelease nativeObject e[497477723584]
02-05 17:41:01.614   789  1272 I SurfaceFlinger: id=80043 Removed Surface(name=b29f82b NavigationBar0)/@0x8634759 - animation-leash#0 (210)
02-05 17:41:01.614   789  1272 I SurfaceFlinger: id=80042 Removed Surface(name=8c655e2 StatusBar)/@0x44a9b07 - animation-leash#1 (210)
02-05 17:41:01.615  1163  1240 W WindowManager: lockNow pending, ignore updating lockscreen timeout
02-05 17:41:01.616  1163  1793 I SemDvfsHyPerManager: acquire hyper - AMS_RESUME_TAIL/1163@22, type = -999
02-05 17:41:01.616  1163  1793 I SemDvfsHyPerManager: acquire hyper - AMS_ACT_LAZY/1163@23, type = -999
02-05 17:41:01.616   726   817 I HYPER-HAL: [RequestManager.cpp]acquire(): Acquired ID : 702727  [1163 / 22]    HINT : AMS_RESUME_TAIL    list :
02-05 17:41:01.616   726   817 I HYPER-HAL: [ResourceManager.cpp]updateResource(): [CPUMinFreq] UpdateResource Request ID : 702727    Value : 1844882
02-05 17:41:01.616   726   817 I HYPER-HAL: [RequestManager.cpp]acquire(): Acquired ID : 703914  [1163 / 23]    HINT :      list :
02-05 17:41:01.616   726   817 E HYPER-HAL: [Request.cpp]acquire(): Request:: id : 703914, No Resource to set
02-05 17:41:01.616   726   817 I HYPER-HAL: [ResourceManager.cpp]removeResource(): [CPUMinFreq] RemoveResource Request ID : 700356
02-05 17:41:01.616   726   817 I HYPER-HAL: [RequestManager.cpp]releaseLocked(): Released ID : 700356
02-05 17:41:01.618  1163  1796 D InputDispatcher: Focused application set to (0): 1dafdd4
02-05 17:41:01.619  1163  1796 W WindowManager: lockNow pending, ignore updating lockscreen timeout
02-05 17:41:01.621 15500 15500 D LifecycleMonitor: Lifecycle status change: androidx.test.core.app.InstrumentationActivityInvoker$EmptyActivity@202896e in: PAUSED
02-05 17:41:01.621 15500 15500 D LifecycleMonitor: running callback: androidx.test.core.app.ActivityScenario$1@59c0bac
02-05 17:41:01.621 15500 15500 V ActivityScenario: Activity lifecycle changed event received but ignored because the intent does not match. startActivityIntent=Intent { act=android.intent.action.MAIN cat=[android.intent.category.LAUNCHER] cmp=com.example.dogglers/.HorizontalListActivity }, activity.getIntent()=Intent { act=android.intent.action.MAIN cat=[android.intent.category.LAUNCHER] flg=0x10000000 cmp=com.example.dogglers/androidx.test.core.app.InstrumentationActivityInvoker$EmptyActivity }, activity=androidx.test.core.app.InstrumentationActivityInvoker$EmptyActivity@202896e
