02-05 17:40:58.969 15500 15500 D InputMethodManager: getNavigationBarColor() -16711423
02-05 17:40:58.969 15500 15500 D InputMethodManager: prepareNavigationBarInfo() DecorView@660adb1[HorizontalListActivity]
02-05 17:40:58.969 15500 15500 D InputMethodManager: getNavigationBarColor() -16711423
02-05 17:40:58.969 15500 15500 V InputMethodManager: Starting input: tba=com.example.dogglers ic=null mNaviBarColor -16711423 mIsGetNaviBarColorSuccess true , NavVisible : true , NavTrans : false
02-05 17:40:58.969 15500 15500 D InputMethodManager: startInputInner - Id : 0
02-05 17:40:58.969 15500 15500 I InputMethodManager: startInputInner - mService.startInputOrWindowGainedFocus
02-05 17:40:58.970  1163  2104 D InputMethodManagerService: mSecureKeypadEnabled = false
02-05 17:40:58.970  1163  2104 V InputMethodManagerService: hideCurrentInputLocked : shouldHideSoftInput is false
02-05 17:40:58.970  1163  2104 D InputMethodManagerService: DESKTOP MODE! : 2
02-05 17:40:58.970  1163  2104 D InputMethodManagerService: NOT IN KNOX DESKTOP MODE!
02-05 17:40:58.970  1163  2104 V InputMethodManagerService: getDisplayIdOfInputMethodWindowToBeAdded : 0
02-05 17:40:58.970  1163  2104 D SamsungIMMSHWKeyboard: isConnectedDexOnPC false
02-05 17:40:58.970  1163  2104 D InputMethodManagerService: isImeSwitcherDisabledPackage : false
02-05 17:40:58.970   851  2286 I CameraService: notifyMonitoredUids
02-05 17:40:58.970  1163  2104 D InputMethodManagerService: checkDisplayOfStartInputAndUpdateKeyboard display Id 0last 0
02-05 17:40:58.970  1163  2104 D InputTransport: Input channel constructed: 'ClientS', fd=857
02-05 17:40:58.970  1163  2104 D InputTransport: Input channel destroyed: 'ClientS', fd=857
02-05 17:40:58.971 15500 15500 D InputTransport: Input channel constructed: 'ClientS', fd=97
02-05 17:40:58.971  1163  1244 I ActivityTaskManager: Displayed com.example.dogglers/.HorizontalListActivity: +139ms
02-05 17:40:58.972  2669  2669 E pageboostd: Received HALT command code 2
02-05 17:40:58.973  1680  1680 D SecStatusBarMobileView: setStaticDrawableColor:
02-05 17:40:58.973  1163  3944 I SurfaceControl: nativeRelease nativeObject s[496871104416]
02-05 17:40:58.973  1163  3944 I SurfaceControl: nativeRelease nativeObject e[496871104416]
02-05 17:40:58.973   789   834 I SurfaceFlinger: id=79922 createSurf (0x0),-1 flag=24004, Surface(name=dbf3b45 InputMethod)/@0xf70bba8 - animation-leash#0
02-05 17:40:58.975  3640  3640 I GoogleInputMethodService: GoogleInputMethodService.onFinishInput():3316
02-05 17:40:58.976  3640  3640 I GoogleInputMethodService: GoogleInputMethodService.updateDeviceLockedStatus():2181 checkRepeatedly = false, unlocked = true
02-05 17:40:58.976  3640  3640 D InputMethodService: checkDisplayOfStartInputAndUpdateKeyboard display Id 0last 0
02-05 17:40:58.976   789   834 I Layer   : id=79909 removeFromCurrentState Surface(name=dbf3b45 InputMethod)/@0xf70bba8 - animation-leash#1 (205)
02-05 17:40:58.976  3640  3640 I GoogleInputMethodService: GoogleInputMethodService.onStartInput():1989
02-05 17:40:58.977  3640  3640 I GoogleInputMethodService: GoogleInputMethodService.updateDeviceLockedStatus():2181 checkRepeatedly = true, unlocked = true
02-05 17:40:58.977  1163  3944 I SurfaceControl: nativeRelease nativeObject s[496867019840]
02-05 17:40:58.977  1163  3944 I SurfaceControl: nativeRelease nativeObject e[496867019840]
02-05 17:40:58.978   789   834 I Layer   : id=79902 removeFromCurrentState com.sec.android.app.launcher/com.sec.android.app.launcher.activities.LauncherActivity$_2003#0 (205)
02-05 17:40:58.978  1163  2104 D SamsungIMMSHWKeyboard: isConnectedDexOnPC false
02-05 17:40:58.978 15500 15500 I SurfaceControl: nativeRelease nativeObject s[497477719360]
02-05 17:40:58.978 15500 15500 I SurfaceControl: nativeRelease nativeObject e[497477719360]
02-05 17:40:58.978 15500 15500 I SurfaceControl: nativeRelease nativeObject s[497477719264]
02-05 17:40:58.978 15500 15500 I SurfaceControl: nativeRelease nativeObject e[497477719264]
02-05 17:40:58.978  1163  2104 D InputMethodManagerService: isImeSwitcherDisabledPackage : false
02-05 17:40:58.978 15500 15500 D IdlingResourceRegistry: All idling resources are idle.
02-05 17:40:58.978 15500 15500 D IdlingResourceRegistry: All idling resources are idle.
02-05 17:40:58.979 15500 15500 I ViewInteraction: Checking 'com.example.dogglers.BaseTest$DrawableMatcher$RecyclerViewAssertion@69fe434' assertion on view with id is <com.example.dogglers:id/horizontal_recycler_view>
02-05 17:40:58.982   789  1272 I SurfaceFlinger: id=79902 Removed com.sec.android.app.launcher/com.sec.android.app.launcher.activities.LauncherActivity$_2003#0 (205)
02-05 17:40:58.982  2003  2003 I SurfaceControl: nativeRelease nativeObject s[497485757824]
02-05 17:40:58.982  2003  2003 I SurfaceControl: nativeRelease nativeObject e[497485757824]
02-05 17:40:58.983  1163  1237 D SehCodecSolutionService: Update top [com.example.dogglers]
02-05 17:40:58.983  1163  1237 E Native_CFMS: nativePerfMgrRemoveTask    Fail    tid : 2003    return : -1
02-05 17:40:58.985  1163  3944 I SemDvfsHyPerManager: acquire hyper - AMS_ACT_START/1163@20, type = -999
02-05 17:40:58.985   726   817 I HYPER-HAL: [RequestManager.cpp]acquire(): Acquired ID : 700356  [1163 / 20]    HINT : AMS_ACT_START    list :
02-05 17:40:58.985   789  1272 I SurfaceFlinger: id=79923 createSurf (0x0),-1 flag=80004, ActivityRecord{80b76c4 u0 com.example.dogglers/androidx.test.core.app.InstrumentationActivityInvoker$EmptyActivity t12735}#0
02-05 17:40:58.985   726   817 I HYPER-HAL: [ResourceManager.cpp]updateResource(): [CPUMinFreq] UpdateResource Request ID : 700356    Value : 1930195
02-05 17:40:58.988  1163  3944 W WindowManager: lockNow pending, ignore updating lockscreen timeout
02-05 17:40:58.989 15500 15500 D LifecycleMonitor: Lifecycle status change: com.example.dogglers.HorizontalListActivity@3f3f140 in: PAUSED
02-05 17:40:58.989 15500 15500 D LifecycleMonitor: running callback: androidx.test.core.app.ActivityScenario$1@a67b241
02-05 17:40:58.989 15500 15500 V ActivityScenario: Update currentActivityStage to PAUSED, currentActivity=com.example.dogglers.HorizontalListActivity@3f3f140
02-05 17:40:58.989 15500 15500 D LifecycleMonitor: callback completes: androidx.test.core.app.ActivityScenario$1@a67b241
02-05 17:40:58.990  1680  1680 D SecStatusBarMobileView: setStaticDrawableColor:
02-05 17:40:58.990   789   789 I Layer   : id=79902[1] Destroyed com.sec.android.app.launcher/com.sec.android.app.launcher.activities.LauncherActivity$_2003#0
02-05 17:40:58.992  1163  3944 V WindowOrientationListener: getProposedRotation: 0
02-05 17:40:58.992  1163  3944 V WindowOrientationListener: getProposedRotation: 0
02-05 17:40:58.992  1163  3944 V WindowOrientationListener: getProposedRotation: 0
02-05 17:40:58.993  1163  3944 D InputDispatcher: Focused application set to (0): 80b76c4
02-05 17:40:58.994  1163  3944 I SurfaceControl: nativeRelease nativeObject s[499038974816]
02-05 17:40:58.994  1163  3944 I SurfaceControl: nativeRelease nativeObject e[499038974816]
02-05 17:40:58.994   789   834 I SurfaceFlinger: id=79924 createSurf (0x0),-1 flag=24000, Surface(name=8c655e2 StatusBar)/@0x44a9b07 - animation-leash#1
02-05 17:40:58.995  1163  3944 I SurfaceControl: nativeRelease nativeObject s[499038974912]
02-05 17:40:58.995  1163  3944 I SurfaceControl: nativeRelease nativeObject e[499038974912]
02-05 17:40:58.995   789  1272 I SurfaceFlinger: id=79925 createSurf (0x0),-1 flag=24000, Surface(name=b29f82b NavigationBar0)/@0x8634759 - animation-leash#0
02-05 17:40:58.996   789   789 D SurfaceFlinger: Display 21442653864348033 HWC layers:
02-05 17:40:58.996   789   789 D SurfaceFlinger:      DEVICE | 0x74084ffc00 | 0002 | RGBA_8888    |    0.0    0.0 1080.0 2400.0 |    0    0 1080 2400 | com.example.dogglers/com.example.dogglers.HorizontalListActivity$_15500#0
02-05 17:40:58.996   789   789 D SurfaceFlinger:      DEVICE | 0x7428c40380 | 0002 | RGBA_8888    |    0.0    0.0 1080.0 2400.0 |    0    0 1080 2400 | Splash Screen com.example.dogglers#0
02-05 17:40:58.996   789   789 D SurfaceFlinger:      DEVICE | 0x7428c3e6c0 | 0000 | RGBA_8888    |    0.0    0.0 1080.0   88.0 |    0    0 1080   88 | StatusBar$_1680#0
02-05 17:40:58.996   789   789 D SurfaceFlinger:      DEVICE | 0x7428c3f200 | 0000 | RGBA_8888    |    0.0    0.0 1080.0  144.0 |    0 2256 1080 2400 | NavigationBar0$_1680#0
02-05 17:40:58.996   789   789 D SurfaceFlinger:      DEVICE | 0x7408191180 | 0000 | RGBA_8888    |    0.0    0.0 1080.0  125.0 |    0    0 1080  125 | ScreenDecorOverlay$_1680#0
02-05 17:40:58.996   789   789 D SurfaceFlinger:      DEVICE | 0x7428c3f480 | 0000 | RGBA_8888    |    0.0    0.0 1080.0  112.0 |    0 2288 1080 2400 | ScreenDecorOverlayBottom$_1680#0
02-05 17:40:58.996   789   789 D SurfaceFlinger:
02-05 17:40:58.997  1163  3944 W WindowManager: lockNow pending, ignore updating lockscreen timeout
02-05 17:40:58.997   789   834 I Layer   : id=79919 removeFromCurrentState Surface(name=8c655e2 StatusBar)/@0x44a9b07 - animation-leash#0 (207)
02-05 17:40:58.997   789   834 I Layer   : id=79920 removeFromCurrentState Surface(name=b29f82b NavigationBar0)/@0x8634759 - animation-leash#1 (207)
02-05 17:40:59.000 15500 15500 D LifecycleMonitor: Lifecycle status change: androidx.test.core.app.InstrumentationActivityInvoker$EmptyActivity@aa69759 in: PRE_ON_CREATE
02-05 17:40:59.000 15500 15500 D LifecycleMonitor: running callback: androidx.test.core.app.ActivityScenario$1@a67b241
02-05 17:40:59.000 15500 15500 V ActivityScenario: Activity lifecycle changed event received but ignored because the intent does not match. startActivityIntent=Intent { act=android.intent.action.MAIN cat=[android.intent.category.LAUNCHER] cmp=com.example.dogglers/.HorizontalListActivity }, activity.getIntent()=Intent { act=android.intent.action.MAIN cat=[android.intent.category.LAUNCHER] flg=0x10000000 cmp=com.example.dogglers/androidx.test.core.app.InstrumentationActivityInvoker$EmptyActivity }, activity=androidx.test.core.app.InstrumentationActivityInvoker$EmptyActivity@aa69759
02-05 17:40:59.000 15500 15500 D LifecycleMonitor: callback completes: androidx.test.core.app.ActivityScenario$1@a67b241
02-05 17:40:59.003 15500 15500 I DecorView: [INFO] isPopOver=false, config=true
02-05 17:40:59.003 15500 15500 I DecorView: updateCaptionType >> DecorView@18db3ff[], isFloating=false, isApplication=true, hasWindowDecorCaption=false, hasWindowControllerCallback=true
02-05 17:40:59.003 15500 15500 D DecorView: setCaptionType = 0, this = DecorView@18db3ff[]
02-05 17:40:59.005 15500 15500 D LifecycleMonitor: Lifecycle status change: androidx.test.core.app.InstrumentationActivityInvoker$EmptyActivity@aa69759 in: CREATED
02-05 17:40:59.005 15500 15500 D LifecycleMonitor: running callback: androidx.test.core.app.ActivityScenario$1@a67b241
02-05 17:40:59.005 15500 15500 V ActivityScenario: Activity lifecycle changed event received but ignored because the intent does not match. startActivityIntent=Intent { act=android.intent.action.MAIN cat=[android.intent.category.LAUNCHER] cmp=com.example.dogglers/.HorizontalListActivity }, activity.getIntent()=Intent { act=android.intent.action.MAIN cat=[android.intent.category.LAUNCHER] flg=0x10000000 cmp=com.example.dogglers/androidx.test.core.app.InstrumentationActivityInvoker$EmptyActivity }, activity=androidx.test.core.app.InstrumentationActivityInvoker$EmptyActivity@aa69759
02-05 17:40:59.005 15500 15500 D LifecycleMonitor: callback completes: androidx.test.core.app.ActivityScenario$1@a67b241
02-05 17:40:59.007  1680  1680 D SecStatusBarMobileView: setStaticDrawableColor:
02-05 17:40:59.008 15500 15500 D LifecycleMonitor: Lifecycle status change: androidx.test.core.app.InstrumentationActivityInvoker$EmptyActivity@aa69759 in: STARTED
02-05 17:40:59.008 15500 15500 D LifecycleMonitor: running callback: androidx.test.core.app.ActivityScenario$1@a67b241
02-05 17:40:59.008 15500 15500 V ActivityScenario: Activity lifecycle changed event received but ignored because the intent does not match. startActivityIntent=Intent { act=android.intent.action.MAIN cat=[android.intent.category.LAUNCHER] cmp=com.example.dogglers/.HorizontalListActivity }, activity.getIntent()=Intent { act=android.intent.action.MAIN cat=[android.intent.category.LAUNCHER] flg=0x10000000 cmp=com.example.dogglers/androidx.test.core.app.InstrumentationActivityInvoker$EmptyActivity }, activity=androidx.test.core.app.InstrumentationActivityInvoker$EmptyActivity@aa69759
02-05 17:40:59.008 15500 15500 D LifecycleMonitor: callback completes: androidx.test.core.app.ActivityScenario$1@a67b241
02-05 17:40:59.009  1163  1240 I SurfaceControl: nativeRelease nativeObject s[496884986560]
02-05 17:40:59.009  1163  1240 I SurfaceControl: nativeRelease nativeObject e[496884986560]
02-05 17:40:59.009  1163  1240 I SurfaceControl: nativeRelease nativeObject s[496867018496]
02-05 17:40:59.009  1163  1240 I SurfaceControl: nativeRelease nativeObject e[496867018496]
02-05 17:40:59.010   789  1272 I Layer   : id=79913 removeFromCurrentState Splash Screen com.example.dogglers#0 (207)
02-05 17:40:59.010  1163  1240 I SurfaceControl: nativeRelease nativeObject s[496860780384]
02-05 17:40:59.010  1163  1240 I SurfaceControl: nativeRelease nativeObject e[496860780384]
02-05 17:40:59.010  1163  1240 I SurfaceControl: nativeRelease nativeObject s[499038981920]
02-05 17:40:59.010  1163  1240 I SurfaceControl: nativeRelease nativeObject e[499038981920]
02-05 17:40:59.011   789  1272 I SurfaceFlinger: id=79926 createSurf (0x0),-1 flag=24000, Surface(name=8c655e2 StatusBar)/@0x44a9b07 - animation-leash#0
02-05 17:40:59.012  1163  1240 I SurfaceControl: nativeRelease nativeObject s[499038982016]
02-05 17:40:59.012  1163  1240 I SurfaceControl: nativeRelease nativeObject e[499038982016]
02-05 17:40:59.012   789  1273 I SurfaceFlinger: id=79927 createSurf (0x0),-1 flag=24000, Surface(name=b29f82b NavigationBar0)/@0x8634759 - animation-leash#1
02-05 17:40:59.012  1163  1240 W WindowManager: lockNow pending, ignore updating lockscreen timeout
02-05 17:40:59.013   789  1272 I Layer   : id=79912 removeFromCurrentState fa91fd4 Splash Screen com.example.dogglers#0 (209)
02-05 17:40:59.013   789  1272 I Layer   : id=79921 removeFromCurrentState Surface(name=fa91fd4 Splash Screen com.example.dogglers)/@0x3ad1d3b - animation-leash#0 (209)
02-05 17:40:59.013   789  1272 I Layer   : id=79924 removeFromCurrentState Surface(name=8c655e2 StatusBar)/@0x44a9b07 - animation-leash#1 (209)
02-05 17:40:59.013   789  1272 I Layer   : id=25 removeFromCurrentState 8c655e2 StatusBar#0 (209)
02-05 17:40:59.013   789  1272 I Layer   : id=34 removeFromCurrentState StatusBar$_1680#0 (209)
02-05 17:40:59.013   789  1272 I Layer   : id=25 addToCurrentState 8c655e2 StatusBar#0 (209)
02-05 17:40:59.013   789  1272 I Layer   : id=34 addToCurrentState StatusBar$_1680#0 (209)
02-05 17:40:59.013   789  1272 I Layer   : id=79925 removeFromCurrentState Surface(name=b29f82b NavigationBar0)/@0x8634759 - animation-leash#0 (209)
02-05 17:40:59.013   789  1272 I Layer   : id=21 removeFromCurrentState b29f82b NavigationBar0#0 (209)
02-05 17:40:59.013   789  1272 I Layer   : id=28 removeFromCurrentState NavigationBar0$_1680#0 (209)
02-05 17:40:59.013   789  1272 I Layer   : id=21 addToCurrentState b29f82b NavigationBar0#0 (209)
02-05 17:40:59.013   789  1272 I Layer   : id=28 addToCurrentState NavigationBar0$_1680#0 (209)
02-05 17:40:59.013   789  1273 I SurfaceFlinger: id=79913 Removed Splash Screen com.example.dogglers#0 (209)
02-05 17:40:59.014   789  1272 I SurfaceFlinger: id=79912 Removed fa91fd4 Splash Screen com.example.dogglers#0 (209)
02-05 17:40:59.014   789  1272 I SurfaceFlinger: id=79921 Removed Surface(name=fa91fd4 Splash Screen com.example.dogglers)/@0x3ad1d3b - animation-leash#0 (209)
02-05 17:40:59.014 15500 15500 D LifecycleMonitor: Lifecycle status change: androidx.test.core.app.InstrumentationActivityInvoker$EmptyActivity@aa69759 in: RESUMED
02-05 17:40:59.014 15500 15500 D LifecycleMonitor: running callback: androidx.test.core.app.ActivityScenario$1@a67b241
02-05 17:40:59.014 15500 15500 V ActivityScenario: Activity lifecycle changed event received but ignored because the intent does not match. startActivityIntent=Intent { act=android.intent.action.MAIN cat=[android.intent.category.LAUNCHER] cmp=com.example.dogglers/.HorizontalListActivity }, activity.getIntent()=Intent { act=android.intent.action.MAIN cat=[android.intent.category.LAUNCHER] flg=0x10000000 cmp=com.example.dogglers/androidx.test.core.app.InstrumentationActivityInvoker$EmptyActivity }, activity=androidx.test.core.app.InstrumentationActivityInvoker$EmptyActivity@aa69759
02-05 17:40:59.014 15500 15500 D LifecycleMonitor: callback completes: androidx.test.core.app.ActivityScenario$1@a67b241
02-05 17:40:59.017  1163  1235 D InputTransport: Input channel constructed: '758fc63', fd=857
02-05 17:40:59.017  1163  1235 D InputTransport: Input channel constructed: '758fc63', fd=887
02-05 17:40:59.017   789  1272 I SurfaceFlinger: id=79928 createSurf (0x0),-1 flag=80004, 758fc63 com.example.dogglers/androidx.test.core.app.InstrumentationActivityInvoker$EmptyActivity#0
02-05 17:40:59.017  1163  1235 D WindowManager: isScreenshotDisabledLocked - win: Window{758fc63 u0 com.example.dogglers/androidx.test.core.app.InstrumentationActivityInvoker$EmptyActivity}
02-05 17:40:59.017  1163  1235 D WindowManager: isScreenshotDisabledLocked: userId = 0, disabled =false
02-05 17:40:59.018  1163  1235 D InputTransport: Input channel destroyed: '758fc63', fd=887
02-05 17:40:59.018 15500 15500 D InputTransport: Input channel constructed: '758fc63', fd=100
02-05 17:40:59.019 15500 15500 I ViewRootImpl@3e6af2a[InstrumentationActivityInvoker$EmptyActivity]: setView = com.android.internal.policy.DecorView@18db3ff TM=true
02-05 17:40:59.019 15500 15500 I SurfaceControl: nativeRelease nativeObject s[497477721088]
02-05 17:40:59.019 15500 15500 I SurfaceControl: nativeRelease nativeObject e[497477721088]
02-05 17:40:59.019 15500 15500 I SurfaceControl: nativeRelease nativeObject s[497477721472]
02-05 17:40:59.019 15500 15500 I SurfaceControl: nativeRelease nativeObject e[497477721472]
02-05 17:40:59.019 15500 15500 I SurfaceControl: nativeRelease nativeObject s[497477721376]
02-05 17:40:59.019 15500 15500 I SurfaceControl: nativeRelease nativeObject e[497477721376]
02-05 17:40:59.019   789  1272 I SurfaceFlinger: id=79920 Removed Surface(name=b29f82b NavigationBar0)/@0x8634759 - animation-leash#1 (210)
02-05 17:40:59.019   789  1273 I SurfaceFlinger: id=79919 Removed Surface(name=8c655e2 StatusBar)/@0x44a9b07 - animation-leash#0 (210)
02-05 17:40:59.020 15500 15500 I SurfaceControl: nativeRelease nativeObject s[497477721280]
02-05 17:40:59.020 15500 15500 I SurfaceControl: nativeRelease nativeObject e[497477721280]
02-05 17:40:59.023   789   789 I Layer   : id=79920[1] Destroyed Surface(name=b29f82b NavigationBar0)/@0x8634759 - animation-leash#1
02-05 17:40:59.023   789   789 I Layer   : id=79919[1] Destroyed Surface(name=8c655e2 StatusBar)/@0x44a9b07 - animation-leash#0
02-05 17:40:59.023   789   789 I Layer   : id=79921[1] Destroyed Surface(name=fa91fd4 Splash Screen com.example.dogglers)/@0x3ad1d3b - animation-leash#0
02-05 17:40:59.023   789   789 I Layer   : id=79912[1] Destroyed fa91fd4 Splash Screen com.example.dogglers#0
02-05 17:40:59.023  1680  1680 D SecStatusBarMobileView: setStaticDrawableColor:
02-05 17:40:59.024  1163  3938 I InputDispatcher: Focus left window (15500): eb2319c in display 0 0
02-05 17:40:59.025  1163  3938 V WindowManager: Relayout Window{758fc63 u0 com.example.dogglers/androidx.test.core.app.InstrumentationActivityInvoker$EmptyActivity}: viewVisibility=0 req=1080x2400
02-05 17:40:59.025   789   789 I Layer   : id=79913[1] Destroyed Splash Screen com.example.dogglers#0
02-05 17:40:59.025  1163  3938 W WindowManager: lockNow pending, ignore updating lockscreen timeout
02-05 17:40:59.026  1163  3938 D WindowManager: isScreenshotDisabledLocked - win: Window{758fc63 u0 com.example.dogglers/androidx.test.core.app.InstrumentationActivityInvoker$EmptyActivity}
02-05 17:40:59.026  1163  3938 D WindowManager: isScreenshotDisabledLocked: userId = 0, disabled =false
02-05 17:40:59.026   789   835 I SurfaceFlinger: id=79929 createSurf (1080x2400),1 flag=404, com.example.dogglers/androidx.test.core.app.InstrumentationActivityInvoker$EmptyActivity$_15500#0
02-05 17:40:59.027   789   789 D SurfaceFlinger: Display 21442653864348033 HWC layers:
02-05 17:40:59.027   789   789 D SurfaceFlinger:      DEVICE | 0x74084ffc00 | 0002 | RGBA_8888    |    0.0    0.0 1080.0 2400.0 |    0    0 1080 2400 | com.example.dogglers/com.example.dogglers.HorizontalListActivity$_15500#0
02-05 17:40:59.027   789   789 D SurfaceFlinger:      DEVICE | 0x7408500740 | 0000 | RGBA_8888    |    0.0    0.0 1080.0   88.0 |    0    0 1080   88 | StatusBar$_1680#0
02-05 17:40:59.027   789   789 D SurfaceFlinger:      DEVICE | 0x7428c3f200 | 0000 | RGBA_8888    |    0.0    0.0 1080.0  144.0 |    0 2256 1080 2400 | NavigationBar0$_1680#0
02-05 17:40:59.027   789   789 D SurfaceFlinger:      DEVICE | 0x7408191180 | 0000 | RGBA_8888    |    0.0    0.0 1080.0  125.0 |    0    0 1080  125 | ScreenDecorOverlay$_1680#0
02-05 17:40:59.027   789   789 D SurfaceFlinger:      DEVICE | 0x7428c3f480 | 0000 | RGBA_8888    |    0.0    0.0 1080.0  112.0 |    0 2288 1080 2400 | ScreenDecorOverlayBottom$_1680#0
02-05 17:40:59.027   789   789 D SurfaceFlinger:
02-05 17:40:59.028  1163  3938 I SurfaceControl: nativeRelease nativeObject s[496861208896]
02-05 17:40:59.028  1163  3938 I SurfaceControl: nativeRelease nativeObject e[496861208896]
02-05 17:40:59.028   789  1273 I SurfaceFlinger: id=79930 createSurf (0x0),-1 flag=24000, Surface(name=8c655e2 StatusBar)/@0x44a9b07 - animation-leash#1
02-05 17:40:59.028  1163  3938 I SurfaceControl: nativeRelease nativeObject s[499038066464]
02-05 17:40:59.028  1163  3938 I SurfaceControl: nativeRelease nativeObject e[499038066464]
02-05 17:40:59.028   789   835 I SurfaceFlinger: id=79931 createSurf (0x0),-1 flag=24000, Surface(name=b29f82b NavigationBar0)/@0x8634759 - animation-leash#0
02-05 17:40:59.029  1163  3938 V WindowManager: Relayout hash=758fc63, pid=15500: mAttrs={(0,0)(fillxfill) sim={adjust=pan forwardNavigation} ty=BASE_APPLICATION wanim=0x1030001
02-05 17:40:59.029  1163  3938 V WindowManager:   fl=1810100
02-05 17:40:59.029  1163  3938 V WindowManager:   pfl=12020000
02-05 17:40:59.029  1163  3938 V WindowManager:   fitSides= naviIconColor=0}
02-05 17:40:59.029  1163  3938 I SurfaceControl: nativeRelease nativeObject s[496871104320]
02-05 17:40:59.029  1163  3938 I SurfaceControl: nativeRelease nativeObject e[496871104320]
02-05 17:40:59.030 15500 15500 I SurfaceControl: assignNativeObject: nativeObject = 0 Surface(name=null)/@0x713911b / android.view.SurfaceControl.readFromParcel:1117 android.view.IWindowSession$Stub$Proxy.relayout:1820 android.view.ViewRootImpl.relayoutWindow:9005 android.view.ViewRootImpl.performTraversals:3360 android.view.ViewRootImpl.doTraversal:2618 android.view.ViewRootImpl$TraversalRunnable.run:9971 android.view.Choreographer$CallbackRecord.run:1010 android.view.Choreographer.doCallbacks:809 android.view.Choreographer.doFrame:744 android.view.Choreographer$FrameDisplayEventReceiver.run:995
02-05 17:40:59.030 15500 15500 I ViewRootImpl@3e6af2a[InstrumentationActivityInvoker$EmptyActivity]: Relayout returned: old=(0,0,1080,2400) new=(0,0,1080,2400) req=(1080,2400)0 dur=6 res=0x7 s={true 497546661888} ch=true fn=-1
02-05 17:40:59.031 15500 15565 I mali_winsys: new_window_surface() [1080x2400] return: 0x3000
02-05 17:40:59.031 15500 15500 I ViewRootImpl@3e6af2a[InstrumentationActivityInvoker$EmptyActivity]: [DP] dp(1) 1 android.view.ViewRootImpl.reportNextDraw:10957 android.view.ViewRootImpl.performTraversals:3845 android.view.ViewRootImpl.doTraversal:2618
02-05 17:40:59.031   716   957 D gralloc : [mali_gralloc_allocate] begin
02-05 17:40:59.031   716   957 D gralloc : buffer_descriptor: wh(1080 2400) usage_pc(0x40000000000b00 0x40000000000b00) hal_format(0x1) layer_count(1) sizes(0 0 0) strde(0) byte_stride(0) alloc_wh(0 0) internal_format(0x0) alloc_format(0x0) fd_count(1) plane_count(0)
02-05 17:40:59.031 15500 15500 I ViewRootImpl@3e6af2a[InstrumentationActivityInvoker$EmptyActivity]: [DP] pd() Asnyc report
02-05 17:40:59.032   716   957 D gralloc : [mali_gralloc_allocate] allocation successful
02-05 17:40:59.033   716   957 D gralloc : [mali_gralloc_allocate] begin
02-05 17:40:59.033   716   957 D gralloc : buffer_descriptor: wh(1080 2400) usage_pc(0x40000000000b00 0x40000000000b00) hal_format(0x1) layer_count(1) sizes(0 0 0) strde(0) byte_stride(0) alloc_wh(0 0) internal_format(0x0) alloc_format(0x0) fd_count(1) plane_count(0)
02-05 17:40:59.034   716   957 D gralloc : [mali_gralloc_allocate] allocation successful
02-05 17:40:59.034   716   953 D gralloc : [mali_gralloc_allocate] begin
02-05 17:40:59.034   716   953 D gralloc : buffer_descriptor: wh(1080 2400) usage_pc(0x40000000000b00 0x40000000000b00) hal_format(0x1) layer_count(1) sizes(0 0 0) strde(0) byte_stride(0) alloc_wh(0 0) internal_format(0x0) alloc_format(0x0) fd_count(1) plane_count(0)
02-05 17:40:59.035 15500 15500 I ViewRootImpl@3e6af2a[InstrumentationActivityInvoker$EmptyActivity]: [DP] pdf(0) 1 android.view.ViewRootImpl.lambda$performDraw$1$ViewRootImpl:4668 android.view.-$$Lambda$ViewRootImpl$DJd0VUYJgsebcnSohO6h8zc_ONI.run:6 android.os.Handler.handleCallback:938
02-05 17:40:59.035 15500 15500 I ViewRootImpl@3e6af2a[InstrumentationActivityInvoker$EmptyActivity]: [DP] rdf()
02-05 17:40:59.036  1163  1240 W WindowManager: lockNow pending, ignore updating lockscreen timeout
02-05 17:40:59.036   716   953 D gralloc : [mali_gralloc_allocate] allocation successful
02-05 17:40:59.036   789  2265 I Layer   : id=79926 removeFromCurrentState Surface(name=8c655e2 StatusBar)/@0x44a9b07 - animation-leash#0 (208)
02-05 17:40:59.036   789  2265 I Layer   : id=79927 removeFromCurrentState Surface(name=b29f82b NavigationBar0)/@0x8634759 - animation-leash#1 (208)
02-05 17:40:59.037  1163  1240 D PkgPredictorService: pkg:com.example.dogglers activity:androidx.test.core.app.InstrumentationActivityInvoker$EmptyActivity thisTime:52
02-05 17:40:59.038  1163  1240 I SemDvfsHyPerManager: acquire hyper - AMS_RESUME_TAIL/1163@22, type = -999
02-05 17:40:59.038  1163  1240 I SemDvfsHyPerManager: acquire hyper - AMS_ACT_LAZY/1163@23, type = -999
02-05 17:40:59.038  1163  1244 I ActivityTaskManager: Displayed com.example.dogglers/androidx.test.core.app.InstrumentationActivityInvoker$EmptyActivity: +52ms
02-05 17:40:59.038   726   817 I HYPER-HAL: [RequestManager.cpp]acquire(): Acquired ID : 702727  [1163 / 22]    HINT : AMS_RESUME_TAIL    list :
02-05 17:40:59.038   726   817 I HYPER-HAL: [ResourceManager.cpp]updateResource(): [CPUMinFreq] UpdateResource Request ID : 702727    Value : 1844882
02-05 17:40:59.038   726   817 I HYPER-HAL: [RequestManager.cpp]acquire(): Acquired ID : 703914  [1163 / 23]    HINT :      list :
02-05 17:40:59.038   726   817 E HYPER-HAL: [Request.cpp]acquire(): Request:: id : 703914, No Resource to set
02-05 17:40:59.038  2669  2669 E pageboostd: Received HALT command code 2
02-05 17:40:59.038   726   817 I HYPER-HAL: [ResourceManager.cpp]removeResource(): [CPUMinFreq] RemoveResource Request ID : 700356
02-05 17:40:59.038   726   817 I HYPER-HAL: [RequestManager.cpp]releaseLocked(): Released ID : 700356
02-05 17:40:59.040  1163  1240 W WindowManager: lockNow pending, ignore updating lockscreen timeout
02-05 17:40:59.040  1680  1680 D SecStatusBarMobileView: setStaticDrawableColor:
02-05 17:40:59.042 15500 15500 I ViewRootImpl@710d788[HorizontalListActivity]: MSG_WINDOW_FOCUS_CHANGED 0 1
02-05 17:40:59.043 15500 15500 I SurfaceControl: nativeRelease nativeObject s[497477721568]
02-05 17:40:59.043 15500 15500 I SurfaceControl: nativeRelease nativeObject e[497477721568]
02-05 17:40:59.043 15500 15500 I SurfaceControl: nativeRelease nativeObject s[497477719264]
02-05 17:40:59.043 15500 15500 I SurfaceControl: nativeRelease nativeObject e[497477719264]
02-05 17:40:59.043 15500 15500 I SurfaceControl: nativeRelease nativeObject s[497477721760]
02-05 17:40:59.043 15500 15500 I SurfaceControl: nativeRelease nativeObject e[497477721760]
02-05 17:40:59.043   789  2265 I SurfaceFlinger: id=79927 Removed Surface(name=b29f82b NavigationBar0)/@0x8634759 - animation-leash#1 (208)
02-05 17:40:59.043   789  2265 I SurfaceFlinger: id=79926 Removed Surface(name=8c655e2 StatusBar)/@0x44a9b07 - animation-leash#0 (208)
02-05 17:40:59.044 15500 15500 I ViewRootImpl@710d788[HorizontalListActivity]: stopped(true) old=false
02-05 17:40:59.044 15500 15500 I SurfaceControl: nativeRelease nativeObject s[498994767680]
02-05 17:40:59.044 15500 15500 I SurfaceControl: nativeRelease nativeObject e[498994767680]
02-05 17:40:59.045  1163  1240 W WindowManager: lockNow pending, ignore updating lockscreen timeout
02-05 17:40:59.045 15500 15500 D LifecycleMonitor: Lifecycle status change: com.example.dogglers.HorizontalListActivity@3f3f140 in: STOPPED
02-05 17:40:59.045 15500 15500 D LifecycleMonitor: running callback: androidx.test.core.app.ActivityScenario$1@a67b241
02-05 17:40:59.045 15500 15500 V ActivityScenario: Update currentActivityStage to STOPPED, currentActivity=com.example.dogglers.HorizontalListActivity@3f3f140
02-05 17:40:59.045 15500 15500 D LifecycleMonitor: callback completes: androidx.test.core.app.ActivityScenario$1@a67b241
02-05 17:40:59.046 15500 15500 D LifecycleMonitor: Lifecycle status change: com.example.dogglers.HorizontalListActivity@3f3f140 in: DESTROYED
02-05 17:40:59.046 15500 15500 D LifecycleMonitor: running callback: androidx.test.core.app.ActivityScenario$1@a67b241
02-05 17:40:59.046 15500 15500 V ActivityScenario: Update currentActivityStage to DESTROYED, currentActivity=null
02-05 17:40:59.046 15500 15500 D LifecycleMonitor: callback completes: androidx.test.core.app.ActivityScenario$1@a67b241
02-05 17:40:59.047  1163  3944 I SemDvfsHyPerManager: acquire hyper - AMS_ACT_START/1163@20, type = -999
02-05 17:40:59.047   726   817 I HYPER-HAL: [RequestManager.cpp]acquire(): Acquired ID : 700356  [1163 / 20]    HINT : AMS_ACT_START    list :
02-05 17:40:59.047 15500 15565 I mali_egl: eglDestroySurface() in
02-05 17:40:59.048   726   817 I HYPER-HAL: [ResourceManager.cpp]updateResource(): [CPUMinFreq] UpdateResource Request ID : 700356    Value : 1930195
02-05 17:40:59.048   789   834 I SurfaceFlinger: id=79932 createSurf (0x0),-1 flag=80004, ActivityRecord{3f9e251 u0 com.example.dogglers/androidx.test.core.app.InstrumentationActivityInvoker$EmptyActivity t12735}#0
02-05 17:40:59.048 15500 15565 I mali_winsys: delete_surface() [1080x2400] return
02-05 17:40:59.048 15500 15565 I mali_egl: eglDestroySurface() out
02-05 17:40:59.048   789  1273 E BufferQueueProducer: [com.example.dogglers/com.example.dogglers.HorizontalListActivity$_15500#0](id:315000036d8,api:0,p:-1,c:789) disconnect: not connected (req=1)
02-05 17:40:59.048 15500 15565 W libEGL  : EGLNativeWindowType 0x73d8177010 disconnect failed
02-05 17:40:59.048 15500 15500 I ViewRootImpl@710d788[HorizontalListActivity]: dispatchDetachedFromWindow
02-05 17:40:59.051  1163  3944 W WindowManager: lockNow pending, ignore updating lockscreen timeout
02-05 17:40:59.053  1163  2104 D InputTransport: Input channel destroyed: 'eb2319c', fd=860
02-05 17:40:59.053  1163  2104 I SurfaceControl: nativeRelease nativeObject s[496871102976]
02-05 17:40:59.053  1163  2104 I SurfaceControl: nativeRelease nativeObject e[496871102976]
02-05 17:40:59.053  1163  2104 D WindowManager: isScreenshotDisabledLocked - win: Window{eb2319c u0 com.example.dogglers/com.example.dogglers.HorizontalListActivity}
02-05 17:40:59.053  1163  2104 D WindowManager: isScreenshotDisabledLocked: userId = 0, disabled =false
02-05 17:40:59.053  1163  2104 I SurfaceControl: nativeRelease nativeObject s[499038974624]
02-05 17:40:59.053  1163  2104 I SurfaceControl: nativeRelease nativeObject e[499038974624]
02-05 17:40:59.053   789   834 I SurfaceFlinger: id=79933 createSurf (0x0),-1 flag=24004, Surface(name=dbf3b45 InputMethod)/@0xf70bba8 - animation-leash#1
02-05 17:40:59.054  1163  2104 I SurfaceControl: nativeRelease nativeObject s[499038974528]
02-05 17:40:59.054  1163  2104 I SurfaceControl: nativeRelease nativeObject e[499038974528]
02-05 17:40:59.054   789  2265 I Layer   : id=79918 removeFromCurrentState com.example.dogglers/com.example.dogglers.HorizontalListActivity$_15500#0 (210)
02-05 17:40:59.055  1163  2104 W WindowManager: lockNow pending, ignore updating lockscreen timeout
02-05 17:40:59.055   789  1273 I SurfaceFlinger: id=79918 Removed com.example.dogglers/com.example.dogglers.HorizontalListActivity$_15500#0 (210)
02-05 17:40:59.055   789  2265 I Layer   : id=79917 removeFromCurrentState eb2319c com.example.dogglers/com.example.dogglers.HorizontalListActivity#0 (210)
02-05 17:40:59.055   789  2265 I Layer   : id=79922 removeFromCurrentState Surface(name=dbf3b45 InputMethod)/@0xf70bba8 - animation-leash#0 (210)
02-05 17:40:59.056 15500 15500 D InputTransport: Input channel destroyed: 'eb2319c', fd=90
02-05 17:40:59.056   789  2265 I SurfaceFlinger: id=79917 Removed eb2319c com.example.dogglers/com.example.dogglers.HorizontalListActivity#0 (210)
02-05 17:40:59.057   789   789 I Layer   : id=79926[1] Destroyed Surface(name=8c655e2 StatusBar)/@0x44a9b07 - animation-leash#0
02-05 17:40:59.057   789   789 I Layer   : id=79927[1] Destroyed Surface(name=b29f82b NavigationBar0)/@0x8634759 - animation-leash#1
02-05 17:40:59.057   789   789 I Layer   : id=79917[1] Destroyed eb2319c com.example.dogglers/com.example.dogglers.HorizontalListActivity#0
02-05 17:40:59.058  1163  1235 I InputDispatcher: Focus entered window (15500): 758fc63 in display 0 0
02-05 17:40:59.058 15500 15500 D LifecycleMonitor: Lifecycle status change: androidx.test.core.app.InstrumentationActivityInvoker$EmptyActivity@aa69759 in: PAUSED
02-05 17:40:59.058  1163  3944 I SurfaceControl: nativeRelease nativeObject s[496871100768]
02-05 17:40:59.058  1163  3944 I SurfaceControl: nativeRelease nativeObject e[496871100768]
02-05 17:40:59.058 15500 15500 D LifecycleMonitor: running callback: androidx.test.core.app.ActivityScenario$1@a67b241
02-05 17:40:59.058 15500 15500 V ActivityScenario: Activity lifecycle changed event received but ignored because the intent does not match. startActivityIntent=Intent { act=android.intent.action.MAIN cat=[android.intent.category.LAUNCHER] cmp=com.example.dogglers/.HorizontalListActivity }, activity.getIntent()=Intent { act=android.intent.action.MAIN cat=[android.intent.category.LAUNCHER] flg=0x10000000 cmp=com.example.dogglers/androidx.test.core.app.InstrumentationActivityInvoker$EmptyActivity }, activity=androidx.test.core.app.InstrumentationActivityInvoker$EmptyActivity@aa69759
02-05 17:40:59.058 15500 15500 D LifecycleMonitor: callback completes: androidx.test.core.app.ActivityScenario$1@a67b241
02-05 17:40:59.059   789   789 I Layer   : id=79918[1] Destroyed com.example.dogglers/com.example.dogglers.HorizontalListActivity$_15500#0
02-05 17:40:59.060  1163  1235 V WindowOrientationListener: getProposedRotation: 0
02-05 17:40:59.060  1163  1235 V WindowOrientationListener: getProposedRotation: 0
02-05 17:40:59.060   789   789 D SurfaceFlinger: Display 21442653864348033 HWC layers:
02-05 17:40:59.060   789   789 D SurfaceFlinger:      DEVICE | 0x7428c3fe80 | 0002 | RGBA_8888    |    0.0    0.0 1080.0 2400.0 |    0    0 1080 2400 | com.example.dogglers/androidx.test.c[...]tivityInvoker$EmptyActivity$_15500#0
02-05 17:40:59.060   789   789 D SurfaceFlinger:      DEVICE | 0x7428c3fac0 | 0000 | RGBA_8888    |    0.0    0.0 1080.0   88.0 |    0    0 1080   88 | StatusBar$_1680#0
02-05 17:40:59.060   789   789 D SurfaceFlinger:      DEVICE | 0x7428c3f200 | 0000 | RGBA_8888    |    0.0    0.0 1080.0  144.0 |    0 2256 1080 2400 | NavigationBar0$_1680#0
02-05 17:40:59.060   789   789 D SurfaceFlinger:      DEVICE | 0x7408191180 | 0000 | RGBA_8888    |    0.0    0.0 1080.0  125.0 |    0    0 1080  125 | ScreenDecorOverlay$_1680#0
02-05 17:40:59.060   789   789 D SurfaceFlinger:      DEVICE | 0x7428c3f480 | 0000 | RGBA_8888    |    0.0    0.0 1080.0  112.0 |    0 2288 1080 2400 | ScreenDecorOverlayBottom$_1680#0
02-05 17:40:59.060   789   789 D SurfaceFlinger:
02-05 17:40:59.060  1163  1235 V WindowOrientationListener: getProposedRotation: 0
02-05 17:40:59.061  1163  1235 D InputDispatcher: Focused application set to (0): 3f9e251
02-05 17:40:59.063  1163  1235 W WindowManager: lockNow pending, ignore updating lockscreen timeout
02-05 17:40:59.063   789  2265 I Layer   : id=79914 removeFromCurrentState ActivityRecord{33c57ca u0 com.example.dogglers/.HorizontalListActivity t12735}#0 (206)
02-05 17:40:59.064   789  1273 I SurfaceFlinger: id=79914 Removed ActivityRecord{33c57ca u0 com.example.dogglers/.HorizontalListActivity t12735}#0 (206)
02-05 17:40:59.067 15500 15500 D LifecycleMonitor: Lifecycle status change: androidx.test.core.app.InstrumentationActivityInvoker$BootstrapActivity@6fba528 in: DESTROYED
02-05 17:40:59.067 15500 15500 D LifecycleMonitor: running callback: androidx.test.core.app.ActivityScenario$1@a67b241
02-05 17:40:59.067 15500 15500 V ActivityScenario: Activity lifecycle changed event received but ignored because the intent does not match. startActivityIntent=Intent { act=android.intent.action.MAIN cat=[android.intent.category.LAUNCHER] cmp=com.example.dogglers/.HorizontalListActivity }, activity.getIntent()=Intent { act=android.intent.action.MAIN cat=[android.intent.category.LAUNCHER] flg=0x10008000 cmp=com.example.dogglers/androidx.test.core.app.InstrumentationActivityInvoker$BootstrapActivity (has extras) }, activity=androidx.test.core.app.InstrumentationActivityInvoker$BootstrapActivity@6fba528
02-05 17:40:59.067 15500 15500 D LifecycleMonitor: callback completes: androidx.test.core.app.ActivityScenario$1@a67b241
02-05 17:40:59.068  1163  3944 I SurfaceControl: nativeRelease nativeObject s[496884985984]
02-05 17:40:59.068  1163  3944 I SurfaceControl: nativeRelease nativeObject e[496884985984]
02-05 17:40:59.070  1163  1240 W WindowManager: lockNow pending, ignore updating lockscreen timeout
02-05 17:40:59.071   789  1273 I Layer   : id=79911 removeFromCurrentState ActivityRecord{3cf9544 u0 com.example.dogglers/androidx.test.core.app.InstrumentationActivityInvoker$BootstrapActivity t12735}#0 (206)
02-05 17:40:59.071   789  1273 I SurfaceFlinger: id=79911 Removed ActivityRecord{3cf9544 u0 com.example.dogglers/androidx.test.core.app.InstrumentationActivityInvoker$BootstrapActivity t12735}#0 (206)
02-05 17:40:59.072 15500 15500 D LifecycleMonitor: Lifecycle status change: androidx.test.core.app.InstrumentationActivityInvoker$EmptyActivity@eab6ccd in: PRE_ON_CREATE
02-05 17:40:59.072 15500 15500 D LifecycleMonitor: running callback: androidx.test.core.app.ActivityScenario$1@a67b241
02-05 17:40:59.072 15500 15500 V ActivityScenario: Activity lifecycle changed event received but ignored because the intent does not match. startActivityIntent=Intent { act=android.intent.action.MAIN cat=[android.intent.category.LAUNCHER] cmp=com.example.dogglers/.HorizontalListActivity }, activity.getIntent()=Intent { act=android.intent.action.MAIN cat=[android.intent.category.LAUNCHER] flg=0x10000000 cmp=com.example.dogglers/androidx.test.core.app.InstrumentationActivityInvoker$EmptyActivity }, activity=androidx.test.core.app.InstrumentationActivityInvoker$EmptyActivity@eab6ccd
02-05 17:40:59.072 15500 15500 D LifecycleMonitor: callback completes: androidx.test.core.app.ActivityScenario$1@a67b241
02-05 17:40:59.074   789   789 I Layer   : id=79911[1] Destroyed ActivityRecord{3cf9544 u0 com.example.dogglers/androidx.test.core.app.InstrumentationActivityInvoker$BootstrapActivity t12735}#0
02-05 17:40:59.074   789   789 I Layer   : id=79914[1] Destroyed ActivityRecord{33c57ca u0 com.example.dogglers/.HorizontalListActivity t12735}#0
02-05 17:40:59.075  1163  1235 I InputDispatcher: Focus left window (15500): 758fc63 in display 0 0
02-05 17:40:59.075 15500 15500 I DecorView: [INFO] isPopOver=false, config=true
02-05 17:40:59.075 15500 15500 I DecorView: updateCaptionType >> DecorView@b590893[], isFloating=false, isApplication=true, hasWindowDecorCaption=false, hasWindowControllerCallback=true
02-05 17:40:59.075 15500 15500 D DecorView: setCaptionType = 0, this = DecorView@b590893[]
02-05 17:40:59.077 15500 15500 D LifecycleMonitor: Lifecycle status change: androidx.test.core.app.InstrumentationActivityInvoker$EmptyActivity@eab6ccd in: CREATED
02-05 17:40:59.077 15500 15500 D LifecycleMonitor: running callback: androidx.test.core.app.ActivityScenario$1@a67b241
02-05 17:40:59.077 15500 15500 V ActivityScenario: Activity lifecycle changed event received but ignored because the intent does not match. startActivityIntent=Intent { act=android.intent.action.MAIN cat=[android.intent.category.LAUNCHER] cmp=com.example.dogglers/.HorizontalListActivity }, activity.getIntent()=Intent { act=android.intent.action.MAIN cat=[android.intent.category.LAUNCHER] flg=0x10000000 cmp=com.example.dogglers/androidx.test.core.app.InstrumentationActivityInvoker$EmptyActivity }, activity=androidx.test.core.app.InstrumentationActivityInvoker$EmptyActivity@eab6ccd
02-05 17:40:59.077 15500 15500 D LifecycleMonitor: callback completes: androidx.test.core.app.ActivityScenario$1@a67b241
02-05 17:40:59.078 15500 15500 D LifecycleMonitor: Lifecycle status change: androidx.test.core.app.InstrumentationActivityInvoker$EmptyActivity@eab6ccd in: STARTED
02-05 17:40:59.078 15500 15500 D LifecycleMonitor: running callback: androidx.test.core.app.ActivityScenario$1@a67b241
02-05 17:40:59.078 15500 15500 V ActivityScenario: Activity lifecycle changed event received but ignored because the intent does not match. startActivityIntent=Intent { act=android.intent.action.MAIN cat=[android.intent.category.LAUNCHER] cmp=com.example.dogglers/.HorizontalListActivity }, activity.getIntent()=Intent { act=android.intent.action.MAIN cat=[android.intent.category.LAUNCHER] flg=0x10000000 cmp=com.example.dogglers/androidx.test.core.app.InstrumentationActivityInvoker$EmptyActivity }, activity=androidx.test.core.app.InstrumentationActivityInvoker$EmptyActivity@eab6ccd
02-05 17:40:59.078 15500 15500 D LifecycleMonitor: callback completes: androidx.test.core.app.ActivityScenario$1@a67b241
02-05 17:40:59.080 15500 15500 D LifecycleMonitor: Lifecycle status change: androidx.test.core.app.InstrumentationActivityInvoker$EmptyActivity@eab6ccd in: RESUMED
02-05 17:40:59.080 15500 15500 D LifecycleMonitor: running callback: androidx.test.core.app.ActivityScenario$1@a67b241
02-05 17:40:59.080 15500 15500 V ActivityScenario: Activity lifecycle changed event received but ignored because the intent does not match. startActivityIntent=Intent { act=android.intent.action.MAIN cat=[android.intent.category.LAUNCHER] cmp=com.example.dogglers/.HorizontalListActivity }, activity.getIntent()=Intent { act=android.intent.action.MAIN cat=[android.intent.category.LAUNCHER] flg=0x10000000 cmp=com.example.dogglers/androidx.test.core.app.InstrumentationActivityInvoker$EmptyActivity }, activity=androidx.test.core.app.InstrumentationActivityInvoker$EmptyActivity@eab6ccd
02-05 17:40:59.080 15500 15500 D LifecycleMonitor: callback completes: androidx.test.core.app.ActivityScenario$1@a67b241
02-05 17:40:59.082  1163  3944 D InputTransport: Input channel constructed: '2b36acb', fd=860
02-05 17:40:59.082  1163  3944 D InputTransport: Input channel constructed: '2b36acb', fd=887
02-05 17:40:59.083   789  1273 I SurfaceFlinger: id=79934 createSurf (0x0),-1 flag=80004, 2b36acb com.example.dogglers/androidx.test.core.app.InstrumentationActivityInvoker$EmptyActivity#0
02-05 17:40:59.083  1163  3944 D WindowManager: isScreenshotDisabledLocked - win: Window{2b36acb u0 com.example.dogglers/androidx.test.core.app.InstrumentationActivityInvoker$EmptyActivity}
02-05 17:40:59.083  1163  3944 D WindowManager: isScreenshotDisabledLocked: userId = 0, disabled =false
02-05 17:40:59.083  1163  3944 D InputTransport: Input channel destroyed: '2b36acb', fd=887
02-05 17:40:59.083 15500 15500 D InputTransport: Input channel constructed: '2b36acb', fd=90
02-05 17:40:59.084 15500 15500 I ViewRootImpl@f0a2bce[InstrumentationActivityInvoker$EmptyActivity]: setView = com.android.internal.policy.DecorView@b590893 TM=true
02-05 17:40:59.084 15500 15500 I ViewRootImpl@3e6af2a[InstrumentationActivityInvoker$EmptyActivity]: MSG_WINDOW_FOCUS_CHANGED 0 1
02-05 17:40:59.093  1163  3944 V WindowManager: Relayout Window{2b36acb u0 com.example.dogglers/androidx.test.core.app.InstrumentationActivityInvoker$EmptyActivity}: viewVisibility=0 req=1080x2400
02-05 17:40:59.093  1163  3944 W WindowManager: lockNow pending, ignore updating lockscreen timeout
02-05 17:40:59.094  1163  3944 D WindowManager: isScreenshotDisabledLocked - win: Window{2b36acb u0 com.example.dogglers/androidx.test.core.app.InstrumentationActivityInvoker$EmptyActivity}
02-05 17:40:59.094  1163  3944 D WindowManager: isScreenshotDisabledLocked: userId = 0, disabled =false
02-05 17:40:59.094   789  2265 I SurfaceFlinger: id=79935 createSurf (1080x2400),1 flag=404, com.example.dogglers/androidx.test.core.app.InstrumentationActivityInvoker$EmptyActivity$_15500#1
02-05 17:40:59.095  1163  3944 I SurfaceControl: nativeRelease nativeObject s[496871096928]
02-05 17:40:59.095  1163  3944 I SurfaceControl: nativeRelease nativeObject e[496871096928]
02-05 17:40:59.095   789   835 I SurfaceFlinger: id=79936 createSurf (0x0),-1 flag=24000, Surface(name=8c655e2 StatusBar)/@0x44a9b07 - animation-leash#0
02-05 17:40:59.096  1163  3944 I SurfaceControl: nativeRelease nativeObject s[496871097600]
02-05 17:40:59.096  1163  3944 I SurfaceControl: nativeRelease nativeObject e[496871097600]
02-05 17:40:59.096   789  1273 I SurfaceFlinger: id=79937 createSurf (0x0),-1 flag=24000, Surface(name=b29f82b NavigationBar0)/@0x8634759 - animation-leash#1
02-05 17:40:59.096  1163  3944 V WindowManager: Relayout hash=2b36acb, pid=15500: mAttrs={(0,0)(fillxfill) sim={adjust=pan forwardNavigation} ty=BASE_APPLICATION wanim=0x1030001
02-05 17:40:59.096  1163  3944 V WindowManager:   fl=1810100
02-05 17:40:59.096  1163  3944 V WindowManager:   pfl=12020000
02-05 17:40:59.096  1163  3944 V WindowManager:   fitSides= naviIconColor=0}
02-05 17:40:59.096  1163  3944 I SurfaceControl: nativeRelease nativeObject s[499038974720]
02-05 17:40:59.096  1163  3944 I SurfaceControl: nativeRelease nativeObject e[499038974720]
02-05 17:40:59.097 15500 15500 I SurfaceControl: assignNativeObject: nativeObject = 0 Surface(name=null)/@0x19aef / android.view.SurfaceControl.readFromParcel:1117 android.view.IWindowSession$Stub$Proxy.relayout:1820 android.view.ViewRootImpl.relayoutWindow:9005 android.view.ViewRootImpl.performTraversals:3360 android.view.ViewRootImpl.doTraversal:2618 android.view.ViewRootImpl$TraversalRunnable.run:9971 android.view.Choreographer$CallbackRecord.run:1010 android.view.Choreographer.doCallbacks:809 android.view.Choreographer.doFrame:744 android.view.Choreographer$FrameDisplayEventReceiver.run:995
02-05 17:40:59.098 15500 15500 I ViewRootImpl@f0a2bce[InstrumentationActivityInvoker$EmptyActivity]: Relayout returned: old=(0,0,1080,2400) new=(0,0,1080,2400) req=(1080,2400)0 dur=5 res=0x7 s={true 497169784832} ch=true fn=-1
02-05 17:40:59.098 15500 15565 I mali_winsys: new_window_surface() [1080x2400] return: 0x3000
02-05 17:40:59.099   716   953 D gralloc : [mali_gralloc_allocate] begin
02-05 17:40:59.099 15500 15500 I ViewRootImpl@f0a2bce[InstrumentationActivityInvoker$EmptyActivity]: [DP] dp(1) 1 android.view.ViewRootImpl.reportNextDraw:10957 android.view.ViewRootImpl.performTraversals:3845 android.view.ViewRootImpl.doTraversal:2618
02-05 17:40:59.099   716   953 D gralloc : buffer_descriptor: wh(1080 2400) usage_pc(0x40000000000b00 0x40000000000b00) hal_format(0x1) layer_count(1) sizes(0 0 0) strde(0) byte_stride(0) alloc_wh(0 0) internal_format(0x0) alloc_format(0x0) fd_count(1) plane_count(0)
02-05 17:40:59.099 15500 15500 I ViewRootImpl@f0a2bce[InstrumentationActivityInvoker$EmptyActivity]: [DP] pd() Asnyc report
02-05 17:40:59.099   716   953 D gralloc : [mali_gralloc_allocate] allocation successful
02-05 17:40:59.099   716   953 D gralloc : [mali_gralloc_allocate] begin
02-05 17:40:59.099   716   953 D gralloc : buffer_descriptor: wh(1080 2400) usage_pc(0x40000000000b00 0x40000000000b00) hal_format(0x1) layer_count(1) sizes(0 0 0) strde(0) byte_stride(0) alloc_wh(0 0) internal_format(0x0) alloc_format(0x0) fd_count(1) plane_count(0)
02-05 17:40:59.101   716   953 D gralloc : [mali_gralloc_allocate] allocation successful
02-05 17:40:59.101   716   953 D gralloc : [mali_gralloc_allocate] begin
02-05 17:40:59.101   716   953 D gralloc : buffer_descriptor: wh(1080 2400) usage_pc(0x40000000000b00 0x40000000000b00) hal_format(0x1) layer_count(1) sizes(0 0 0) strde(0) byte_stride(0) alloc_wh(0 0) internal_format(0x0) alloc_format(0x0) fd_count(1) plane_count(0)
02-05 17:40:59.102 15500 15500 I ViewRootImpl@f0a2bce[InstrumentationActivityInvoker$EmptyActivity]: [DP] pdf(0) 1 android.view.ViewRootImpl.lambda$performDraw$1$ViewRootImpl:4668 android.view.-$$Lambda$ViewRootImpl$DJd0VUYJgsebcnSohO6h8zc_ONI.run:6 android.os.Handler.handleCallback:938
02-05 17:40:59.102 15500 15500 I ViewRootImpl@f0a2bce[InstrumentationActivityInvoker$EmptyActivity]: [DP] rdf()
02-05 17:40:59.102   716   953 D gralloc : [mali_gralloc_allocate] allocation successful
02-05 17:40:59.103 15500 15500 I ViewRootImpl@3e6af2a[InstrumentationActivityInvoker$EmptyActivity]: MSG_WINDOW_FOCUS_CHANGED 0 1
02-05 17:40:59.103  1163  1240 W WindowManager: lockNow pending, ignore updating lockscreen timeout
