02-05 17:40:54.629 15500 15559 I TestRunner: started: recycler_view_item_count(com.example.dogglers.GridListTests)
02-05 17:40:54.631  2669 16160 E pageboostd: prefetch start : app comgoogleandroidcalculator
02-05 17:40:54.631  2669 16160 E pageboostd: comgoogleandroidcalculator, amt 1200128 scnt 5 fcnt 11
02-05 17:40:54.631  2669 16160 E pageboostd: prefetch end : app comgoogleandroidcalculator data_amount 1200128
02-05 17:40:54.632  2669 16161 E pageboostd: prefetch start : app brcomunimedsantosuniapp
02-05 17:40:54.632  2669  2669 E pageboostd: Received Reclaim command code 3, 92MB
02-05 17:40:54.632  2669 16161 E pageboostd: brcomunimedsantosuniapp, amt 4386816 scnt 10 fcnt 0
02-05 17:40:54.632  2669 16161 E pageboostd: prefetch end : app brcomunimedsantosuniapp data_amount 4386816
02-05 17:40:54.632  2669 16162 E pageboostd: mem prepare start : 92 MB
02-05 17:40:54.632 15500 15559 W Settings: Setting always_finish_activities has moved from android.provider.Settings.System to android.provider.Settings.Global, returning read-only value.
02-05 17:40:54.636  1163  2602 I SemDvfsHyPerManager: acquire hyper - AMS_APP_SWITCH/1163@24, type = -999
02-05 17:40:54.636   726   817 I HYPER-HAL: [RequestManager.cpp]acquire(): Acquired ID : 705102  [1163 / 24]    HINT : AMS_APP_SWITCH    list :
02-05 17:40:54.636   789   834 I SurfaceFlinger: id=79720 createSurf (0x0),-1 flag=24004, Task=12730#0
02-05 17:40:54.636   726   817 I HYPER-HAL: [ResourceManager.cpp]updateResource(): [CPUMinFreq] UpdateResource Request ID : 705102    Value : 2623359
02-05 17:40:54.637  4183  4183 I SemDvfsHyPerManager: acquire hyper - com.sec.android.sdhms/4183@9, type = -999
02-05 17:40:54.637   726   817 I HYPER-HAL: [RequestManager.cpp]acquire(): Acquired ID : 8788537  [4183 / 9]    HINT : APP_START    list :
02-05 17:40:54.637   726   817 I HYPER-HAL: [ResourceManager.cpp]updateResource(): [CPUMaxFreq] UpdateResource Request ID : 8788537    Value : 2730000
02-05 17:40:54.638   789   834 I SurfaceFlinger: id=79721 createSurf (0x0),-1 flag=80004, ActivityRecord{d6077c8 u0 com.example.dogglers/androidx.test.core.app.InstrumentationActivityInvoker$BootstrapActivity t12730}#0
02-05 17:40:54.639  1163  1235 V WindowOrientationListener: getProposedRotation: 0
02-05 17:40:54.639 15074 15130 I Finsky  : [53186] ogu.h(7): Already at the latest configurations for experiment package com.google.android.finsky.stable.
02-05 17:40:54.640  1163  1235 W WindowManager: lockNow pending, ignore updating lockscreen timeout
02-05 17:40:54.641  1163  1235 I SemDvfsHyPerManager: acquire hyper - AMS_APP_LAUNCH/1163@21, type = -999
02-05 17:40:54.641   726   817 I HYPER-HAL: [RequestManager.cpp]acquire(): Acquired ID : 701541  [1163 / 21]    HINT : AMS_APP_LAUNCH    list :
02-05 17:40:54.641   726   817 I HYPER-HAL: [ResourceManager.cpp]updateResource(): [CPUMinFreq] UpdateResource Request ID : 701541    Value : 2623359
02-05 17:40:54.641  2003  2003 I DragController: endDrag
02-05 17:40:54.641  2003  2003 W PageOverlayMover: updateActivityLifecycleState : 3
02-05 17:40:54.642  5089 28744 I PageOverlayServiceImpl: [FROM HOME] updateActivityLifecycleState : 3
02-05 17:40:54.642  2003  2003 I SPayUpdater: updateSpayHandler launcher activity is paused false
02-05 17:40:54.643  1163  1796 V WindowOrientationListener: getProposedRotation: 0
02-05 17:40:54.643  1163  1796 V WindowOrientationListener: getProposedRotation: 0
02-05 17:40:54.643  1163  1796 V WindowOrientationListener: getProposedRotation: 0
02-05 17:40:54.644  1163  1796 D InputDispatcher: Focused application set to (0): d6077c8
02-05 17:40:54.677  1163  1796 W WindowManager: lockNow pending, ignore updating lockscreen timeout
02-05 17:40:54.678  1163  1259 D FastTrack: setFastTrackState: pid = 15500 ;tid= 15500 ;value= 1
02-05 17:40:54.678  2669 16162 E pageboostd: mem prepare done : 96468992 bytes
02-05 17:40:54.678  1163  1796 V WindowManager: Relayout Window{6030dc2 u0 com.sec.android.app.launcher/com.sec.android.app.launcher.activities.LauncherActivity}: viewVisibility=0 req=1080x2400
02-05 17:40:54.679  1163  1259 D FastTrack: setFastTrackState: pid = 15500 ;tid= 15565 ;value= 1
02-05 17:40:54.680  1163  1796 W WindowManager: lockNow pending, ignore updating lockscreen timeout
02-05 17:40:54.681  1163  1796 V WindowManager: Relayout hash=6030dc2, pid=2003: mAttrs={(0,0)(fillxfill) sim={adjust=nothing} layoutInDisplayCutoutMode=shortEdges ty=BASE_APPLICATION fmt=TRANSPARENT wanim=0x10302f2
02-05 17:40:54.681  1163  1796 V WindowManager:   fl=81910100
02-05 17:40:54.681  1163  1796 V WindowManager:   pfl=16020000
02-05 17:40:54.681  1163  1796 V WindowManager:   vsysui=1700
02-05 17:40:54.681  1163  1796 V WindowManager:   apr=LIGHT_STATUS_BARS
02-05 17:40:54.681  1163  1796 V WindowManager:   bhv=SHOW_TRANSIENT_BARS_BY_SWIPE
02-05 17:40:54.681  1163  1796 V WindowManager:   fitSides= dimAmount=0.125 dimDuration=200 naviIconColor=0}
02-05 17:40:54.681  1163  1796 I SurfaceControl: nativeRelease nativeObject s[497264239200]
02-05 17:40:54.681  1163  1796 I SurfaceControl: nativeRelease nativeObject e[497264239200]
02-05 17:40:54.681  2003  2003 I SurfaceControl: nativeRelease nativeObject s[497484648032]
02-05 17:40:54.681  2003  2003 I SurfaceControl: nativeRelease nativeObject e[497484648032]
02-05 17:40:54.682  2003  2003 I SurfaceControl: assignNativeObject: nativeObject = 0 Surface(name=null)/@0x37cdda1 / android.view.SurfaceControl.readFromParcel:1117 android.view.IWindowSession$Stub$Proxy.relayout:1820 android.view.ViewRootImpl.relayoutWindow:9005 android.view.ViewRootImpl.performTraversals:3360 android.view.ViewRootImpl.doTraversal:2618 android.view.ViewRootImpl$TraversalRunnable.run:9971 android.view.Choreographer$CallbackRecord.run:1010 android.view.Choreographer.doCallbacks:809 android.view.Choreographer.doFrame:744 android.view.Choreographer$FrameDisplayEventReceiver.run:995
02-05 17:40:54.682  2003  2003 I SurfaceControl: nativeRelease nativeObject s[499183206848]
02-05 17:40:54.682  2003  2003 I SurfaceControl: nativeRelease nativeObject e[499183206848]
02-05 17:40:54.682  2003  2003 I SurfaceControl: nativeRelease nativeObject s[499183206080]
02-05 17:40:54.682  2003  2003 I SurfaceControl: nativeRelease nativeObject e[499183206080]
02-05 17:40:54.682  2003  2003 I SurfaceControl: nativeRelease nativeObject s[499183205600]
02-05 17:40:54.682  2003  2003 I SurfaceControl: nativeRelease nativeObject e[499183205600]
02-05 17:40:54.682  2003  2003 I ViewRootImpl@e2e8b8d[LauncherActivity]: Relayout returned: old=(0,0,1080,2400) new=(0,0,1080,2400) req=(1080,2400)0 dur=4 res=0x1 s={true 497483223040} ch=false fn=23
02-05 17:40:54.683 15500 15500 D LifecycleMonitor: Lifecycle status change: androidx.test.core.app.InstrumentationActivityInvoker$BootstrapActivity@4bc790b in: PRE_ON_CREATE
02-05 17:40:54.683 15500 15500 D LifecycleMonitor: running callback: androidx.test.core.app.ActivityScenario$1@aa313e8
02-05 17:40:54.683 15500 15500 V ActivityScenario: Activity lifecycle changed event received but ignored because the intent does not match. startActivityIntent=Intent { act=android.intent.action.MAIN cat=[android.intent.category.LAUNCHER] cmp=com.example.dogglers/.GridListActivity }, activity.getIntent()=Intent { act=android.intent.action.MAIN cat=[android.intent.category.LAUNCHER] flg=0x10008000 cmp=com.example.dogglers/androidx.test.core.app.InstrumentationActivityInvoker$BootstrapActivity (has extras) }, activity=androidx.test.core.app.InstrumentationActivityInvoker$BootstrapActivity@4bc790b
02-05 17:40:54.683 15500 15500 D LifecycleMonitor: callback completes: androidx.test.core.app.ActivityScenario$1@aa313e8
02-05 17:40:54.685  1163  1240 D InputTransport: Input channel constructed: 'f51f435', fd=857
02-05 17:40:54.685  1163  1240 D InputTransport: Input channel constructed: 'f51f435', fd=915
02-05 17:40:54.685  1163  1511 D PkgPredictorService: com.example.dogglers go to foreground!
02-05 17:40:54.685  1163  1511 E PkgPredictorService-Collector: record changed bt=1  wifi=1 screen=0
02-05 17:40:54.685  1163  1511 D PkgPredictorService: previous pkgs: com.example.dogglers,com.example.dogglers,com.example.dogglers running pkg: com.example.dogglers, uid: 0 is system: false
02-05 17:40:54.685  1163  1511 D PkgPredictorService-Collector: save record...
02-05 17:40:54.685  1163  1511 D PkgPredictorService-Collector:  (hour:17 day:7 previous:[com.example.dogglers, com.example.dogglers, com.example.dogglers] activityName:unknown running:com.example.dogglers userId:0 screenOrientation:0 wifi:1 bt:1 predictTime:1 apkVersion:1.0 consumeTime:-1 preloaded:false>)
02-05 17:40:54.685  1163  1511 D PkgPredictorService-NapPreloadController: User using: com.example.dogglers
02-05 17:40:54.685  1163  1511 I PkgPredictorService-NapClassifier: RF predict version:1644037200287
02-05 17:40:54.685  1163  1511 D PkgPredictorService-NapClassifier: Predict result: 22.0,-1.0,-1.0,-1.0,-1.0,-1.0,-1.0,-1.0,-1.0, - [0_&_com.laurencedawson.reddit_sync.pro]
02-05 17:40:54.685   789  1273 I SurfaceFlinger: id=79722 createSurf (0x0),-1 flag=80004, f51f435 Splash Screen com.example.dogglers#0
02-05 17:40:54.687  1163  1237 D SehCodecSolutionService: Update top [com.example.dogglers]
02-05 17:40:54.687  1163  1240 I ViewRootImpl@c903979[dogglers]: setView = com.android.internal.policy.DecorView@23a9eb1 TM=true
02-05 17:40:54.689 15500 15500 I DecorView: [INFO] isPopOver=false, config=true
02-05 17:40:54.689 15500 15500 I DecorView: updateCaptionType >> DecorView@388d0a6[], isFloating=false, isApplication=true, hasWindowDecorCaption=false, hasWindowControllerCallback=true
02-05 17:40:54.689 15500 15500 D DecorView: setCaptionType = 0, this = DecorView@388d0a6[]
02-05 17:40:54.691 15500 15500 D LifecycleMonitor: Lifecycle status change: androidx.test.core.app.InstrumentationActivityInvoker$BootstrapActivity@4bc790b in: CREATED
02-05 17:40:54.691 15500 15500 D LifecycleMonitor: running callback: androidx.test.core.app.ActivityScenario$1@aa313e8
02-05 17:40:54.691 15500 15500 V ActivityScenario: Activity lifecycle changed event received but ignored because the intent does not match. startActivityIntent=Intent { act=android.intent.action.MAIN cat=[android.intent.category.LAUNCHER] cmp=com.example.dogglers/.GridListActivity }, activity.getIntent()=Intent { act=android.intent.action.MAIN cat=[android.intent.category.LAUNCHER] flg=0x10008000 cmp=com.example.dogglers/androidx.test.core.app.InstrumentationActivityInvoker$BootstrapActivity (has extras) }, activity=androidx.test.core.app.InstrumentationActivityInvoker$BootstrapActivity@4bc790b
02-05 17:40:54.691 15500 15500 D LifecycleMonitor: callback completes: androidx.test.core.app.ActivityScenario$1@aa313e8
02-05 17:40:54.692 15500 15500 D LifecycleMonitor: Lifecycle status change: androidx.test.core.app.InstrumentationActivityInvoker$BootstrapActivity@4bc790b in: STARTED
02-05 17:40:54.692 15500 15500 D LifecycleMonitor: running callback: androidx.test.core.app.ActivityScenario$1@aa313e8
02-05 17:40:54.692 15500 15500 V ActivityScenario: Activity lifecycle changed event received but ignored because the intent does not match. startActivityIntent=Intent { act=android.intent.action.MAIN cat=[android.intent.category.LAUNCHER] cmp=com.example.dogglers/.GridListActivity }, activity.getIntent()=Intent { act=android.intent.action.MAIN cat=[android.intent.category.LAUNCHER] flg=0x10008000 cmp=com.example.dogglers/androidx.test.core.app.InstrumentationActivityInvoker$BootstrapActivity (has extras) }, activity=androidx.test.core.app.InstrumentationActivityInvoker$BootstrapActivity@4bc790b
02-05 17:40:54.692 15500 15500 D LifecycleMonitor: callback completes: androidx.test.core.app.ActivityScenario$1@aa313e8
02-05 17:40:54.693  1163  1240 V WindowManager: Relayout Window{f51f435 u0 Splash Screen com.example.dogglers}: viewVisibility=0 req=1080x2400
02-05 17:40:54.693  1163  1240 W WindowManager: lockNow pending, ignore updating lockscreen timeout
02-05 17:40:54.695  1163  1240 D WindowManager: isScreenshotDisabledLocked - win: Window{f51f435 u0 Splash Screen com.example.dogglers}
02-05 17:40:54.695  1163  1240 D WindowManager: isScreenshotDisabledLocked: userId = 0, disabled =false
02-05 17:40:54.695   789  1273 I SurfaceFlinger: id=79723 createSurf (1080x2400),1 flag=404, Splash Screen com.example.dogglers#0
02-05 17:40:54.697  1163  1240 V WindowManager: Relayout hash=f51f435, pid=1163: mAttrs={(0,0)(fillxfill) sim={adjust=pan} layoutInDisplayCutoutMode=shortEdges ty=APPLICATION_STARTING wanim=0x1030001
02-05 17:40:54.697  1163  1240 V WindowManager:   fl=1830118
02-05 17:40:54.697  1163  1240 V WindowManager:   pfl=12020011
02-05 17:40:54.697  1163  1240 V WindowManager:   fitSides= naviIconColor=0}
02-05 17:40:54.697  1163  1240 I ViewRootImpl@c903979[dogglers]: Relayout returned: old=(0,0,1080,2400) new=(0,0,1080,2400) req=(1080,2400)0 dur=4 res=0x7 s={true 497474408448} ch=true fn=-1
02-05 17:40:54.698   789  1273 I SurfaceFlinger: id=79724 createSurf (0x0),-1 flag=80004, ActivityRecord{c2d9db3 u0 com.example.dogglers/.GridListActivity t12730}#0
02-05 17:40:54.700  1163  3935 W WindowManager: lockNow pending, ignore updating lockscreen timeout
02-05 17:40:54.701 15500 15500 D LifecycleMonitor: Lifecycle status change: androidx.test.core.app.InstrumentationActivityInvoker$BootstrapActivity@4bc790b in: RESUMED
02-05 17:40:54.701 15500 15500 D LifecycleMonitor: running callback: androidx.test.core.app.ActivityScenario$1@aa313e8
02-05 17:40:54.701  1163  1240 I ViewRootImpl@c903979[dogglers]: [DP] dp(1) 1 android.view.ViewRootImpl.reportNextDraw:10957 android.view.ViewRootImpl.performTraversals:3845 android.view.ViewRootImpl.doTraversal:2618
02-05 17:40:54.701 15500 15500 V ActivityScenario: Activity lifecycle changed event received but ignored because the intent does not match. startActivityIntent=Intent { act=android.intent.action.MAIN cat=[android.intent.category.LAUNCHER] cmp=com.example.dogglers/.GridListActivity }, activity.getIntent()=Intent { act=android.intent.action.MAIN cat=[android.intent.category.LAUNCHER] flg=0x10008000 cmp=com.example.dogglers/androidx.test.core.app.InstrumentationActivityInvoker$BootstrapActivity (has extras) }, activity=androidx.test.core.app.InstrumentationActivityInvoker$BootstrapActivity@4bc790b
02-05 17:40:54.701 15500 15500 D LifecycleMonitor: callback completes: androidx.test.core.app.ActivityScenario$1@aa313e8
02-05 17:40:54.702   716   953 D gralloc : [mali_gralloc_allocate] begin
02-05 17:40:54.702   716   953 D gralloc : buffer_descriptor: wh(1080 2400) usage_pc(0x966 0x906) hal_format(0x1) layer_count(1) sizes(0 0 0) strde(0) byte_stride(0) alloc_wh(0 0) internal_format(0x0) alloc_format(0x0) fd_count(1) plane_count(0)
02-05 17:40:54.702   716   953 D gralloc : [mali_gralloc_allocate] allocation successful
02-05 17:40:54.702 15500 15500 D LifecycleMonitor: Lifecycle status change: androidx.test.core.app.InstrumentationActivityInvoker$BootstrapActivity@4bc790b in: PAUSED
02-05 17:40:54.702 15500 15500 D LifecycleMonitor: running callback: androidx.test.core.app.ActivityScenario$1@aa313e8
02-05 17:40:54.703 15500 15500 V ActivityScenario: Activity lifecycle changed event received but ignored because the intent does not match. startActivityIntent=Intent { act=android.intent.action.MAIN cat=[android.intent.category.LAUNCHER] cmp=com.example.dogglers/.GridListActivity }, activity.getIntent()=Intent { act=android.intent.action.MAIN cat=[android.intent.category.LAUNCHER] flg=0x10008000 cmp=com.example.dogglers/androidx.test.core.app.InstrumentationActivityInvoker$BootstrapActivity (has extras) }, activity=androidx.test.core.app.InstrumentationActivityInvoker$BootstrapActivity@4bc790b
02-05 17:40:54.703 15500 15500 D LifecycleMonitor: callback completes: androidx.test.core.app.ActivityScenario$1@aa313e8
02-05 17:40:54.704  1163  1796 V WindowOrientationListener: getProposedRotation: 0
02-05 17:40:54.704  1163  1796 V WindowOrientationListener: getProposedRotation: 0
02-05 17:40:54.704  1163  1796 V WindowOrientationListener: getProposedRotation: 0
02-05 17:40:54.705  1163  1796 D InputDispatcher: Focused application set to (0): c2d9db3
02-05 17:40:54.707  1163  1240 I ViewRootImpl@c903979[dogglers]: [DP] pdf(0) 1 android.view.ViewRootImpl.performDraw:4809 android.view.ViewRootImpl.performTraversals:3866 android.view.ViewRootImpl.doTraversal:2618
02-05 17:40:54.707  1163  1240 I ViewRootImpl@c903979[dogglers]: [DP] rdf()
02-05 17:40:54.707  1163  1796 W WindowManager: lockNow pending, ignore updating lockscreen timeout
02-05 17:40:54.709  1163  1796 I InputDispatcher: Focus left window (2003): 6030dc2 in display 0 0
02-05 17:40:54.710  1163  1240 W WindowManager: lockNow pending, ignore updating lockscreen timeout
02-05 17:40:54.714  1680  3903 D WallpaperService: dispatchAppVisibility onVisibilityChanged(): false
02-05 17:40:54.714  1680  1680 D WallpaperService: reportVisibility onVisibilityChanged visible: false
02-05 17:40:54.714  1680  1806 I ImageWallpaper:  onVisibilityChanged false , 0
02-05 17:40:54.714  1163  1240 I SurfaceControl: nativeRelease nativeObject s[499038975488]
02-05 17:40:54.714  1163  1240 I SurfaceControl: nativeRelease nativeObject e[499038975488]
02-05 17:40:54.715   789   835 I SurfaceFlinger: id=79725 createSurf (0x0),-1 flag=24000, Surface(name=8c655e2 StatusBar)/@0x44a9b07 - animation-leash#0
02-05 17:40:54.715   696   827 E Netd    : getNetworkForDns: getNetId from enterpriseCtrl is netid 0
02-05 17:40:54.715  1163  1240 I SurfaceControl: nativeRelease nativeObject s[496884985696]
02-05 17:40:54.715  1163  1240 I SurfaceControl: nativeRelease nativeObject e[496884985696]
02-05 17:40:54.716   789   835 I SurfaceFlinger: id=79726 createSurf (0x0),-1 flag=24000, Surface(name=b29f82b NavigationBar0)/@0x8634759 - animation-leash#1
02-05 17:40:54.716  1163  1240 W WindowManager: lockNow pending, ignore updating lockscreen timeout
02-05 17:40:54.716  1163  1237 D WindowManager: setDisableFlags: displayId=0, vis=0x8008, appearance=0, transientState=Pair{[I@1bf9621 [I@cd72a46}, isFullscreen=false, isImmersive=false, barType=0, win=Window{f51f435 u0 Splash Screen com.example.dogglers}
02-05 17:40:54.717  1680  1680 D NavigationBar: onSystemBarAppearanceChanged() -  displayId:0, appearance:0, navbarColorManagedByIme:false
02-05 17:40:54.717   789   835 I Layer   : id=79713 removeFromCurrentState Surface(name=8c655e2 StatusBar)/@0x44a9b07 - animation-leash#1 (192)
02-05 17:40:54.717   789   835 I Layer   : id=79714 removeFromCurrentState Surface(name=b29f82b NavigationBar0)/@0x8634759 - animation-leash#0 (192)
02-05 17:40:54.718 15500 15500 D LifecycleMonitor: Lifecycle status change: com.example.dogglers.GridListActivity@a58fe83 in: PRE_ON_CREATE
02-05 17:40:54.718  1680  1680 D SecStatusBarMobileView: setStaticDrawableColor:
02-05 17:40:54.718 15500 15500 D LifecycleMonitor: running callback: androidx.test.core.app.ActivityScenario$1@aa313e8
02-05 17:40:54.718  1680  1680 D SecLightBarControlHelper: updateStatus(WHITE icon) NumLightStacks:0, NumStacks:1, IndexLightStack:-1, StatusBarMode:0, StatusBarState:SHD, NeedDarkFontFromWallpaper:true, isWhiteKeyguardStatusBarBySettings:true
02-05 17:40:54.718 15500 15500 V ActivityScenario: Activity lifecycle changed event received but ignored because the reported transition was not ON_CREATE while the last known transition was PRE_ON_CREATE
02-05 17:40:54.719 15500 15500 D LifecycleMonitor: callback completes: androidx.test.core.app.ActivityScenario$1@aa313e8
02-05 17:40:54.721  1163  1240 I ViewRootImpl@c903979[dogglers]: MSG_RESIZED_REPORT: frame=(0,0,1080,2400) ci=(0,88,0,144) vi=(0,88,0,144) or=1
02-05 17:40:54.721  1163  1240 I ViewRootImpl@c903979[dogglers]: [DP] dp(1) 1 android.view.ViewRootImpl.reportNextDraw:10957 android.view.ViewRootImpl.access$1200:256 android.view.ViewRootImpl$ViewRootHandler.handleMessage:6101
02-05 17:40:54.723 15500 15500 I DecorView: [INFO] isPopOver=false, config=true
02-05 17:40:54.723 15500 15500 I DecorView: updateCaptionType >> DecorView@5b74718[], isFloating=false, isApplication=true, hasWindowDecorCaption=false, hasWindowControllerCallback=true
02-05 17:40:54.723 15500 15500 D DecorView: setCaptionType = 0, this = DecorView@5b74718[]
02-05 17:40:54.725  1680  1680 D SecStatusBarMobileView: setStaticDrawableColor:
02-05 17:40:54.726  2003  4215 I mali_egl: eglDestroySurface() in
02-05 17:40:54.726  1163  1240 V WindowManager: Relayout Window{f51f435 u0 Splash Screen com.example.dogglers}: viewVisibility=0 req=1080x2400
02-05 17:40:54.727  1163  1240 W WindowManager: lockNow pending, ignore updating lockscreen timeout
02-05 17:40:54.727  2003  4215 I mali_winsys: delete_surface() [1080x2400] return
02-05 17:40:54.727  2003  4215 I mali_egl: eglDestroySurface() out
02-05 17:40:54.727   789   835 E BufferQueueProducer: [com.sec.android.app.launcher/com.sec.android.app.launcher.activities.LauncherActivity$_2003#0](id:315000036be,api:0,p:-1,c:789) disconnect: not connected (req=1)
02-05 17:40:54.727  2003  4215 W libEGL  : EGLNativeWindowType 0x73d44f9010 disconnect failed
02-05 17:40:54.728  1163  1240 I SurfaceControl: nativeRelease nativeObject s[499183899328]
02-05 17:40:54.728  1163  1240 I SurfaceControl: nativeRelease nativeObject e[499183899328]
02-05 17:40:54.728  1163  3935 V WindowManager: Relayout Window{6030dc2 u0 com.sec.android.app.launcher/com.sec.android.app.launcher.activities.LauncherActivity}: viewVisibility=8 req=1080x2400
02-05 17:40:54.728  1163  1240 V WindowManager: Relayout hash=f51f435, pid=1163: mAttrs={(0,0)(fillxfill) sim={adjust=pan} layoutInDisplayCutoutMode=shortEdges ty=APPLICATION_STARTING wanim=0x1030001
02-05 17:40:54.728  1163  1240 V WindowManager:   fl=1830118
02-05 17:40:54.728  1163  1240 V WindowManager:   pfl=12020011
02-05 17:40:54.728  1163  1240 V WindowManager:   fitSides= naviIconColor=0}
02-05 17:40:54.729  1163  3935 W WindowManager: lockNow pending, ignore updating lockscreen timeout
02-05 17:40:54.729  1163  1240 I SurfaceControl: nativeRelease nativeObject s[496884985696]
02-05 17:40:54.729  1163  1240 I SurfaceControl: nativeRelease nativeObject e[496884985696]
02-05 17:40:54.729  1163  1240 I SurfaceControl: nativeRelease nativeObject s[499038975488]
02-05 17:40:54.729  1163  1240 I SurfaceControl: nativeRelease nativeObject e[499038975488]
02-05 17:40:54.729  1163  1240 I ViewRootImpl@c903979[dogglers]: Relayout returned: old=(0,0,1080,2400) new=(0,0,1080,2400) req=(1080,2400)0 dur=2 res=0x1 s={true 497474408448} ch=false fn=2
02-05 17:40:54.729   716   953 D gralloc : [mali_gralloc_allocate] begin
02-05 17:40:54.729   716   953 D gralloc : buffer_descriptor: wh(1080 2400) usage_pc(0x966 0x906) hal_format(0x1) layer_count(1) sizes(0 0 0) strde(0) byte_stride(0) alloc_wh(0 0) internal_format(0x0) alloc_format(0x0) fd_count(1) plane_count(0)
02-05 17:40:54.730   716   953 D gralloc : [mali_gralloc_allocate] allocation successful
02-05 17:40:54.730  1163  3935 V WindowManager: Relayout hash=6030dc2, pid=2003: mAttrs={(0,0)(fillxfill) sim={adjust=nothing} layoutInDisplayCutoutMode=shortEdges ty=BASE_APPLICATION fmt=TRANSPARENT wanim=0x10302f2
02-05 17:40:54.730  1163  3935 V WindowManager:   fl=81910100
02-05 17:40:54.730  1163  3935 V WindowManager:   pfl=16020000
02-05 17:40:54.730  1163  3935 V WindowManager:   vsysui=1700
02-05 17:40:54.730  1163  3935 V WindowManager:   apr=LIGHT_STATUS_BARS
02-05 17:40:54.730  1163  3935 V WindowManager:   bhv=SHOW_TRANSIENT_BARS_BY_SWIPE
02-05 17:40:54.730  1163  3935 V WindowManager:   fitSides= dimAmount=0.125 dimDuration=200 naviIconColor=0}
02-05 17:40:54.730  2003  2003 I SurfaceControl: nativeRelease nativeObject s[499184610336]
02-05 17:40:54.730  2003  2003 I SurfaceControl: nativeRelease nativeObject e[499184610336]
02-05 17:40:54.730  2003  2003 I SurfaceControl: assignNativeObject: nativeObject = 0 Surface(name=null)/@0x631c8c8 / android.view.SurfaceControl.readFromParcel:1117 android.view.IWindowSession$Stub$Proxy.relayout:1810 android.view.ViewRootImpl.relayoutWindow:9005 android.view.ViewRootImpl.performTraversals:3360 android.view.ViewRootImpl.doTraversal:2618 android.view.ViewRootImpl$TraversalRunnable.run:9971 android.view.Choreographer$CallbackRecord.run:1010 android.view.Choreographer.doCallbacks:809 android.view.Choreographer.doFrame:744 android.view.Choreographer$FrameDisplayEventReceiver.run:995
02-05 17:40:54.730  2003  2003 I SurfaceControl: assignNativeObject: nativeObject = 0 Surface(name=null)/@0x37cdda1 / android.view.SurfaceControl.readFromParcel:1117 android.view.IWindowSession$Stub$Proxy.relayout:1820 android.view.ViewRootImpl.relayoutWindow:9005 android.view.ViewRootImpl.performTraversals:3360 android.view.ViewRootImpl.doTraversal:2618 android.view.ViewRootImpl$TraversalRunnable.run:9971 android.view.Choreographer$CallbackRecord.run:1010 android.view.Choreographer.doCallbacks:809 android.view.Choreographer.doFrame:744 android.view.Choreographer$FrameDisplayEventReceiver.run:995
02-05 17:40:54.731  2003  2003 I SurfaceControl: nativeRelease nativeObject s[497484644864]
02-05 17:40:54.731  2003  2003 I SurfaceControl: nativeRelease nativeObject e[497484644864]
02-05 17:40:54.731  2003  2003 I SurfaceControl: nativeRelease nativeObject s[499184610432]
02-05 17:40:54.731  2003  2003 I SurfaceControl: nativeRelease nativeObject e[499184610432]
02-05 17:40:54.731  2003  2003 I SurfaceControl: nativeRelease nativeObject s[497484648032]
02-05 17:40:54.731  2003  2003 I SurfaceControl: nativeRelease nativeObject e[497484648032]
02-05 17:40:54.731  2003  2003 I ViewRootImpl@e2e8b8d[LauncherActivity]: Relayout returned: old=(0,0,1080,2400) new=(0,0,1080,2400) req=(1080,2400)8 dur=4 res=0x5 s={false 0} ch=true fn=23
02-05 17:40:54.731   789   789 D SurfaceFlinger: Display 21442653864348033 HWC layers:
02-05 17:40:54.731   789   789 D SurfaceFlinger:      DEVICE | 0x7408190c80 | 0002 | RGBA_8888    |    0.0    0.0 1080.0 2400.0 |    0    0 1080 2400 | Splash Screen com.example.dogglers#0
02-05 17:40:54.731   789   789 D SurfaceFlinger:      DEVICE | 0x7428c3e6c0 | 0000 | RGBA_8888    |    0.0    0.0 1080.0   88.0 |    0    0 1080   88 | StatusBar$_1680#0
02-05 17:40:54.731   789   789 D SurfaceFlinger:      DEVICE | 0x7428c3f200 | 0000 | RGBA_8888    |    0.0    0.0 1080.0  144.0 |    0 2256 1080 2400 | NavigationBar0$_1680#0
02-05 17:40:54.731   789   789 D SurfaceFlinger:      DEVICE | 0x7408191180 | 0000 | RGBA_8888    |    0.0    0.0 1080.0  125.0 |    0    0 1080  125 | ScreenDecorOverlay$_1680#0
02-05 17:40:54.731   789   789 D SurfaceFlinger:      DEVICE | 0x7428c3f480 | 0000 | RGBA_8888    |    0.0    0.0 1080.0  112.0 |    0 2288 1080 2400 | ScreenDecorOverlayBottom$_1680#0
02-05 17:40:54.731   789   789 D SurfaceFlinger:
02-05 17:40:54.731  2003  2003 I SurfaceControl: nativeRelease nativeObject s[499184610336]
02-05 17:40:54.731  2003  2003 I SurfaceControl: nativeRelease nativeObject e[499184610336]
02-05 17:40:54.731  2003  2003 I ViewRootImpl@e2e8b8d[LauncherActivity]: MSG_WINDOW_FOCUS_CHANGED 0 1
02-05 17:40:54.732  1163  1235 V WindowManager: Relayout Window{b594a18 u0 NotificationShade}: viewVisibility=4 req=1080x2400
02-05 17:40:54.732 15500 15500 D LifecycleMonitor: Lifecycle status change: com.example.dogglers.GridListActivity@a58fe83 in: CREATED
02-05 17:40:54.732 15500 15500 D LifecycleMonitor: running callback: androidx.test.core.app.ActivityScenario$1@aa313e8
02-05 17:40:54.732 15500 15500 V ActivityScenario: Update currentActivityStage to CREATED, currentActivity=com.example.dogglers.GridListActivity@a58fe83
02-05 17:40:54.732 15500 15500 D LifecycleMonitor: callback completes: androidx.test.core.app.ActivityScenario$1@aa313e8
02-05 17:40:54.733  1163  1235 W WindowManager: lockNow pending, ignore updating lockscreen timeout
02-05 17:40:54.734  2003  2003 I ViewRootImpl@e2e8b8d[LauncherActivity]: stopped(true) old=false
02-05 17:40:54.735  1163  1235 V WindowManager: Relayout hash=b594a18, pid=1680: mAttrs={(0,0)(fillxfill) gr=TOP CENTER_VERTICAL sim={adjust=resize} layoutInDisplayCutoutMode=always ty=2040 fmt=TRANSLUCENT colorMode=COLOR_MODE_WIDE_COLOR_GAMUT
02-05 17:40:54.735  1163  1235 V WindowManager:   fl=81840048
02-05 17:40:54.735  1163  1235 V WindowManager:   pfl=1b000000
02-05 17:40:54.735  1163  1235 V WindowManager:   bhv=SHOW_TRANSIENT_BARS_BY_SWIPE dimAmount=0.0 naviIconColor=0
02-05 17:40:54.735  1163  1235 V WindowManager:   sfl=40000}
02-05 17:40:54.735 15500 15500 D LifecycleMonitor: Lifecycle status change: com.example.dogglers.GridListActivity@a58fe83 in: STARTED
02-05 17:40:54.735 15500 15500 D LifecycleMonitor: running callback: androidx.test.core.app.ActivityScenario$1@aa313e8
02-05 17:40:54.735 15500 15500 V ActivityScenario: Update currentActivityStage to STARTED, currentActivity=com.example.dogglers.GridListActivity@a58fe83
02-05 17:40:54.735 15500 15500 D LifecycleMonitor: callback completes: androidx.test.core.app.ActivityScenario$1@aa313e8
02-05 17:40:54.735  1680  1680 I SurfaceControl: assignNativeObject: nativeObject = 0 Surface(name=null)/@0x7632417 / android.view.SurfaceControl.readFromParcel:1117 android.view.IWindowSession$Stub$Proxy.relayout:1810 android.view.ViewRootImpl.relayoutWindow:9005 android.view.ViewRootImpl.performTraversals:3360 android.view.ViewRootImpl.doTraversal:2618 android.view.ViewRootImpl$TraversalRunnable.run:9971 android.view.Choreographer$CallbackRecord.run:1010 android.view.Choreographer.doCallbacks:809 android.view.Choreographer.doFrame:744 android.view.Choreographer$FrameDisplayEventReceiver.run:995
02-05 17:40:54.735  1163  1240 I ViewRootImpl@c903979[dogglers]: [DP] pdf(0) 1 android.view.ViewRootImpl.performDraw:4809 android.view.ViewRootImpl.performTraversals:3866 android.view.ViewRootImpl.doTraversal:2618
02-05 17:40:54.735  1163  1240 I ViewRootImpl@c903979[dogglers]: [DP] rdf()
02-05 17:40:54.735  1680  1680 I SurfaceControl: assignNativeObject: nativeObject = 0 Surface(name=null)/@0x2dd2a3a / android.view.SurfaceControl.readFromParcel:1117 android.view.IWindowSession$Stub$Proxy.relayout:1820 android.view.ViewRootImpl.relayoutWindow:9005 android.view.ViewRootImpl.performTraversals:3360 android.view.ViewRootImpl.doTraversal:2618 android.view.ViewRootImpl$TraversalRunnable.run:9971 android.view.Choreographer$CallbackRecord.run:1010 android.view.Choreographer.doCallbacks:809 android.view.Choreographer.doFrame:744 android.view.Choreographer$FrameDisplayEventReceiver.run:995
02-05 17:40:54.736  1680  1680 I ViewRootImpl@cb447c7[NotificationShade]: Relayout returned: old=(0,0,1080,2400) new=(0,0,1080,2400) req=(1080,2400)4 dur=4 res=0x1 s={false 0} ch=false fn=-1
02-05 17:40:54.736 15500 15500 D LifecycleMonitor: Lifecycle status change: com.example.dogglers.GridListActivity@a58fe83 in: RESUMED
02-05 17:40:54.736 15500 15500 D LifecycleMonitor: running callback: androidx.test.core.app.ActivityScenario$1@aa313e8
02-05 17:40:54.736 15500 15500 V ActivityScenario: Update currentActivityStage to RESUMED, currentActivity=com.example.dogglers.GridListActivity@a58fe83
02-05 17:40:54.736 15500 15500 D LifecycleMonitor: callback completes: androidx.test.core.app.ActivityScenario$1@aa313e8
02-05 17:40:54.737  1680  1680 D KeyguardBottomAreaShortcutView: updateCameraVisibility isCameraDisabled:false visible:true
02-05 17:40:54.737  1680  1680 D KeyguardBottomAreaShortcutView: mIndicationArea margin start : 180, end : 180, bottom : 400
02-05 17:40:54.737  1680  1680 D MediaControlPanel: mActionButtonNumCollapsed = 1, mActionButtonNumExpand = 1
02-05 17:40:54.737  1680  1680 D MediaControlPanel: mActionButtonNumCollapsed = 1, mActionButtonNumExpand = 1
02-05 17:40:54.737  1680  1680 D MediaControlPanel: mActionButtonNumCollapsed = 1, mActionButtonNumExpand = 1
02-05 17:40:54.737  1680  1680 D MediaControlPanel: mActionButtonNumCollapsed = 1, mActionButtonNumExpand = 1
02-05 17:40:54.737  1680  1680 D MediaControlPanel: mActionButtonNumCollapsed = 1, mActionButtonNumExpand = 1
02-05 17:40:54.737  1680  1680 D MediaControlPanel: mActionButtonNumCollapsed = 1, mActionButtonNumExpand = 1
02-05 17:40:54.737  1680  1680 D MediaControlPanel: mActionButtonNumCollapsed = 1, mActionButtonNumExpand = 1
02-05 17:40:54.737  1680  1680 D MediaControlPanel: mActionButtonNumCollapsed = 1, mActionButtonNumExpand = 1
02-05 17:40:54.738  1680  1680 D MediaControlPanel: mActionButtonNumCollapsed = 3, mActionButtonNumExpand = 5
02-05 17:40:54.738  1680  1680 D MediaControlPanel: mActionButtonNumCollapsed = 3, mActionButtonNumExpand = 5
02-05 17:40:54.739  1163  1235 D InputTransport: Input channel constructed: '4ed04a0', fd=921
02-05 17:40:54.739  1163  1235 D InputTransport: Input channel constructed: '4ed04a0', fd=924
02-05 17:40:54.739   789  2265 I SurfaceFlinger: id=79727 createSurf (0x0),-1 flag=80004, 4ed04a0 com.example.dogglers/com.example.dogglers.GridListActivity#0
02-05 17:40:54.740  1163  1235 D WindowManager: isScreenshotDisabledLocked - win: Window{4ed04a0 u0 com.example.dogglers/com.example.dogglers.GridListActivity}
02-05 17:40:54.740  1163  1235 D WindowManager: isScreenshotDisabledLocked: userId = 0, disabled =false
02-05 17:40:54.740  1163  1235 D InputTransport: Input channel destroyed: '4ed04a0', fd=924
02-05 17:40:54.740 15500 15500 D InputTransport: Input channel constructed: '4ed04a0', fd=90
02-05 17:40:54.734  2003  2003 I StateManager: goToState isInState Normal
02-05 17:40:54.741 15500 15500 I ViewRootImpl@99358eb[GridListActivity]: setView = com.android.internal.policy.DecorView@5b74718 TM=true
02-05 17:40:54.742 15500 15500 D LifecycleMonitor: Lifecycle status change: androidx.test.core.app.InstrumentationActivityInvoker$BootstrapActivity@4bc790b in: STOPPED
02-05 17:40:54.742 15500 15500 D LifecycleMonitor: running callback: androidx.test.core.app.ActivityScenario$1@aa313e8
02-05 17:40:54.742 15500 15500 V ActivityScenario: Activity lifecycle changed event received but ignored because the intent does not match. startActivityIntent=Intent { act=android.intent.action.MAIN cat=[android.intent.category.LAUNCHER] cmp=com.example.dogglers/.GridListActivity }, activity.getIntent()=Intent { act=android.intent.action.MAIN cat=[android.intent.category.LAUNCHER] flg=0x10008000 cmp=com.example.dogglers/androidx.test.core.app.InstrumentationActivityInvoker$BootstrapActivity (has extras) }, activity=androidx.test.core.app.InstrumentationActivityInvoker$BootstrapActivity@4bc790b
02-05 17:40:54.742 15500 15500 D LifecycleMonitor: callback completes: androidx.test.core.app.ActivityScenario$1@aa313e8
02-05 17:40:54.743 15500 15500 D IdlingResourceRegistry: All idling resources are idle.
02-05 17:40:54.743  1680  1680 D SecStatusBarMobileView: setStaticDrawableColor:
02-05 17:40:54.743  1680  1680 D MediaControlPanel: mActionButtonNumCollapsed = 1, mActionButtonNumExpand = 1
02-05 17:40:54.743  1680  1680 D MediaControlPanel: mActionButtonNumCollapsed = 1, mActionButtonNumExpand = 1
02-05 17:40:54.743  1680  1680 D MediaControlPanel: mActionButtonNumCollapsed = 1, mActionButtonNumExpand = 1
02-05 17:40:54.743  1680  1680 D MediaControlPanel: mActionButtonNumCollapsed = 1, mActionButtonNumExpand = 1
02-05 17:40:54.743  1680  1680 D MediaControlPanel: mActionButtonNumCollapsed = 1, mActionButtonNumExpand = 1
02-05 17:40:54.743  1680  1680 D MediaControlPanel: mActionButtonNumCollapsed = 1, mActionButtonNumExpand = 1
02-05 17:40:54.743  1680  1680 D MediaControlPanel: mActionButtonNumCollapsed = 1, mActionButtonNumExpand = 1
02-05 17:40:54.743  1680  1680 D MediaControlPanel: mActionButtonNumCollapsed = 1, mActionButtonNumExpand = 1
02-05 17:40:54.743  1680  1680 D MediaControlPanel: mActionButtonNumCollapsed = 3, mActionButtonNumExpand = 5
02-05 17:40:54.743  1680  1680 D MediaControlPanel: mActionButtonNumCollapsed = 3, mActionButtonNumExpand = 5
02-05 17:40:54.746  1163  1235 V WindowManager: Relayout Window{4ed04a0 u0 com.example.dogglers/com.example.dogglers.GridListActivity}: viewVisibility=0 req=1080x2400
02-05 17:40:54.746  1163  1235 W WindowManager: lockNow pending, ignore updating lockscreen timeout
02-05 17:40:54.747   851  9221 I CameraService: notifyMonitoredUids
02-05 17:40:54.747  1163  1235 D WindowManager: isScreenshotDisabledLocked - win: Window{4ed04a0 u0 com.example.dogglers/com.example.dogglers.GridListActivity}
02-05 17:40:54.747  1163  1235 D WindowManager: isScreenshotDisabledLocked: userId = 0, disabled =false
02-05 17:40:54.747   789  2265 I SurfaceFlinger: id=79728 createSurf (1080x2400),1 flag=404, com.example.dogglers/com.example.dogglers.GridListActivity$_15500#0
02-05 17:40:54.748  1163  1235 I SurfaceControl: nativeRelease nativeObject s[496871101344]
02-05 17:40:54.748  1163  1235 I SurfaceControl: nativeRelease nativeObject e[496871101344]
02-05 17:40:54.749   789   834 I SurfaceFlinger: id=79729 createSurf (0x0),-1 flag=24000, Surface(name=8c655e2 StatusBar)/@0x44a9b07 - animation-leash#1
02-05 17:40:54.749  1163  1235 I SurfaceControl: nativeRelease nativeObject s[496871102496]
02-05 17:40:54.749  1163  1235 I SurfaceControl: nativeRelease nativeObject e[496871102496]
02-05 17:40:54.749   789  1272 I SurfaceFlinger: id=79730 createSurf (0x0),-1 flag=24000, Surface(name=b29f82b NavigationBar0)/@0x8634759 - animation-leash#0
02-05 17:40:54.750  1163  1235 V WindowManager: Relayout hash=4ed04a0, pid=15500: mAttrs={(0,0)(fillxfill) sim={adjust=resize forwardNavigation} ty=BASE_APPLICATION wanim=0x1030304
02-05 17:40:54.750  1163  1235 V WindowManager:   fl=81810100
02-05 17:40:54.750  1163  1235 V WindowManager:   pfl=12020000
02-05 17:40:54.750  1163  1235 V WindowManager:   fitSides= naviIconColor=0}
02-05 17:40:54.750  1163  1235 I SurfaceControl: nativeRelease nativeObject s[496867019744]
02-05 17:40:54.750  1163  1235 I SurfaceControl: nativeRelease nativeObject e[496867019744]
02-05 17:40:54.751 15500 15500 I SurfaceControl: assignNativeObject: nativeObject = 0 Surface(name=null)/@0x996a648 / android.view.SurfaceControl.readFromParcel:1117 android.view.IWindowSession$Stub$Proxy.relayout:1820 android.view.ViewRootImpl.relayoutWindow:9005 android.view.ViewRootImpl.performTraversals:3360 android.view.ViewRootImpl.doTraversal:2618 android.view.ViewRootImpl$TraversalRunnable.run:9971 android.view.Choreographer$CallbackRecord.run:1010 android.view.Choreographer.doCallbacks:809 android.view.Choreographer.doFrame:744 android.view.Choreographer$FrameDisplayEventReceiver.run:995
02-05 17:40:54.751 15500 15500 I ViewRootImpl@99358eb[GridListActivity]: Relayout returned: old=(0,0,1080,2400) new=(0,0,1080,2400) req=(1080,2400)0 dur=6 res=0x7 s={true 499017125888} ch=true fn=-1
02-05 17:40:54.752 15500 15565 I mali_winsys: new_window_surface() [1080x2400] return: 0x3000
02-05 17:40:54.752   716   953 D gralloc : [mali_gralloc_allocate] begin
02-05 17:40:54.752   716   953 D gralloc : buffer_descriptor: wh(1080 2400) usage_pc(0x40000000000b00 0x40000000000b00) hal_format(0x1) layer_count(1) sizes(0 0 0) strde(0) byte_stride(0) alloc_wh(0 0) internal_format(0x0) alloc_format(0x0) fd_count(1) plane_count(0)
02-05 17:40:54.753 15500 15500 I ViewRootImpl@99358eb[GridListActivity]: [DP] dp(1) 1 android.view.ViewRootImpl.reportNextDraw:10957 android.view.ViewRootImpl.performTraversals:3845 android.view.ViewRootImpl.doTraversal:2618
02-05 17:40:54.753 15500 15500 I ViewRootImpl@99358eb[GridListActivity]: [DP] pd() Asnyc report
02-05 17:40:54.754   716   953 D gralloc : [mali_gralloc_allocate] allocation successful
02-05 17:40:54.755   716   953 D gralloc : [mali_gralloc_allocate] begin
02-05 17:40:54.755   716   953 D gralloc : buffer_descriptor: wh(1080 2400) usage_pc(0x40000000000b00 0x40000000000b00) hal_format(0x1) layer_count(1) sizes(0 0 0) strde(0) byte_stride(0) alloc_wh(0 0) internal_format(0x0) alloc_format(0x0) fd_count(1) plane_count(0)
02-05 17:40:54.756   716   953 D gralloc : [mali_gralloc_allocate] allocation successful
02-05 17:40:54.756   716   957 D gralloc : [mali_gralloc_allocate] begin
02-05 17:40:54.756   716   957 D gralloc : buffer_descriptor: wh(1080 2400) usage_pc(0x40000000000b00 0x40000000000b00) hal_format(0x1) layer_count(1) sizes(0 0 0) strde(0) byte_stride(0) alloc_wh(0 0) internal_format(0x0) alloc_format(0x0) fd_count(1) plane_count(0)
02-05 17:40:54.758 15500 15500 I ViewRootImpl@99358eb[GridListActivity]: [DP] pdf(0) 1 android.view.ViewRootImpl.lambda$performDraw$1$ViewRootImpl:4668 android.view.-$$Lambda$ViewRootImpl$DJd0VUYJgsebcnSohO6h8zc_ONI.run:6 android.os.Handler.handleCallback:938
02-05 17:40:54.758 15500 15500 I ViewRootImpl@99358eb[GridListActivity]: [DP] rdf()
02-05 17:40:54.758   716   957 D gralloc : [mali_gralloc_allocate] allocation successful
02-05 17:40:54.759  1163  1240 W WindowManager: lockNow pending, ignore updating lockscreen timeout
02-05 17:40:54.759  1680  1680 D SecStatusBarMobileView: setStaticDrawableColor:
02-05 17:40:54.760   789  1273 I Layer   : id=79725 removeFromCurrentState Surface(name=8c655e2 StatusBar)/@0x44a9b07 - animation-leash#0 (196)
02-05 17:40:54.760   789  1273 I Layer   : id=79726 removeFromCurrentState Surface(name=b29f82b NavigationBar0)/@0x8634759 - animation-leash#1 (196)
02-05 17:40:54.760  1163  1240 W WindowManager: lockNow pending, ignore updating lockscreen timeout
02-05 17:40:54.761  1163  1240 D PkgPredictorService: pkg:com.example.dogglers activity:com.example.dogglers.GridListActivity thisTime:125
02-05 17:40:54.761  1163  1240 D PkgPredictorService-Collector: update activity launch time: GridListActivity : 125
02-05 17:40:54.761  1163  1240 I SemDvfsHyPerManager: acquire hyper - AMS_RESUME_TAIL/1163@22, type = -999
02-05 17:40:54.761  1163  1240 I SemDvfsHyPerManager: acquire hyper - AMS_ACT_LAZY/1163@23, type = -999
02-05 17:40:54.761   726   817 I HYPER-HAL: [RequestManager.cpp]acquire(): Acquired ID : 702727  [1163 / 22]    HINT : AMS_RESUME_TAIL    list :
02-05 17:40:54.762  2003  2003 W LauncherAppWidgetHost: setListenIfResumed, mFlags = 7
02-05 17:40:54.762  1163  1244 D ArtManagerInternalImpl: /data/misc/iorapd/com.example.dogglers/1/com.example.dogglers.GridListActivity/compiled_traces/compiled_trace.pb doesn't exist
02-05 17:40:54.762  1163  1235 I AppWidgetServiceImpl: stopListening callbacks : null
02-05 17:40:54.763  2003  2003 W Launcher.NotificationListener: removeNotificationsChangedListener
02-05 17:40:54.763  2003  2003 I BadgeCountUpdaterImpl: onNotificationsChangedDisConnected
02-05 17:40:54.763  2003  2003 I Launcher.NotificationListener: unregisterObserver, this is not notificationService!!
02-05 17:40:54.763  2003  2003 W PageOverlayMover: updateActivityLifecycleState : 4
02-05 17:40:54.763   726   817 I HYPER-HAL: [ResourceManager.cpp]updateResource(): [CPUMinFreq] UpdateResource Request ID : 702727    Value : 1844882
02-05 17:40:54.763   726   817 I HYPER-HAL: [RequestManager.cpp]acquire(): Acquired ID : 703914  [1163 / 23]    HINT :      list :
02-05 17:40:54.763  2003  2003 I LiveIconUpdateEventHandler: cancelMinuteChangeAlarm
02-05 17:40:54.764   726   817 E HYPER-HAL: [Request.cpp]acquire(): Request:: id : 703914, No Resource to set
02-05 17:40:54.765  2003  2003 I LiveIconUpdateEventHandler: cancelDateChangeAlarm
02-05 17:40:54.765   726   817 I HYPER-HAL: [ResourceManager.cpp]removeResource(): [CPUMinFreq] RemoveResource Request ID : 705102
02-05 17:40:54.765   726   817 I HYPER-HAL: [RequestManager.cpp]releaseLocked(): Released ID : 705102
02-05 17:40:54.765  5089  5538 I PageOverlayServiceImpl: [FROM HOME] updateActivityLifecycleState : 4
02-05 17:40:54.765  5089  5089 I PageOverlayCoordinator: onUiStopped
02-05 17:40:54.765  5089  5089 I PageOverlayRootLayout: onUiStopped
02-05 17:40:54.766  1163  1244 I ActivityTaskManager: Displayed com.example.dogglers/.GridListActivity: +125ms
02-05 17:40:54.767  1163  1240 I SurfaceControl: nativeRelease nativeObject s[496871101728]
02-05 17:40:54.767  1163  1240 I SurfaceControl: nativeRelease nativeObject e[496871101728]
02-05 17:40:54.767  1163  1240 I SurfaceControl: nativeRelease nativeObject s[499183899328]
02-05 17:40:54.767  1163  1240 I SurfaceControl: nativeRelease nativeObject e[499183899328]
02-05 17:40:54.767   789  1273 I SurfaceFlinger: id=79726 Removed Surface(name=b29f82b NavigationBar0)/@0x8634759 - animation-leash#1 (196)
02-05 17:40:54.767   789  1273 I SurfaceFlinger: id=79725 Removed Surface(name=8c655e2 StatusBar)/@0x44a9b07 - animation-leash#0 (196)
02-05 17:40:54.768  1163  1240 W WindowManager: lockNow pending, ignore updating lockscreen timeout
02-05 17:40:54.768  1163  1240 D ViewRootImpl@c903979[dogglers]: dispatchDetachedFromWindow: reset blurmask
02-05 17:40:54.768  1163  1240 I ViewRootImpl@c903979[dogglers]: dispatchDetachedFromWindow
02-05 17:40:54.769  1163  1240 I SurfaceControl: nativeRelease nativeObject s[496871102976]
02-05 17:40:54.769  1163  1240 I SurfaceControl: nativeRelease nativeObject e[496871102976]
02-05 17:40:54.769  1163  1240 D InputTransport: Input channel destroyed: 'f51f435', fd=857
02-05 17:40:54.769   789  1273 I SurfaceFlinger: id=79731 createSurf (0x0),-1 flag=24000, Surface(name=f51f435 Splash Screen com.example.dogglers)/@0xeadf70 - animation-leash#0
02-05 17:40:54.770  1163  1240 W WindowManager: lockNow pending, ignore updating lockscreen timeout
02-05 17:40:54.771  1163  1240 D InputTransport: Input channel destroyed: 'f51f435', fd=915
02-05 17:40:54.771  2669  2669 E pageboostd: Received HALT command code 2
02-05 17:40:54.774  2003  2003 I LiveIconUpdateEventHandler: unregisterReceiver
02-05 17:40:54.776  1163  1235 I SurfaceControl: nativeRelease nativeObject s[499038031616]
02-05 17:40:54.776  1163  1235 I SurfaceControl: nativeRelease nativeObject e[499038031616]
02-05 17:40:54.776   789   789 I Layer   : id=79725[1] Destroyed Surface(name=8c655e2 StatusBar)/@0x44a9b07 - animation-leash#0
02-05 17:40:54.776   789   789 I Layer   : id=79726[1] Destroyed Surface(name=b29f82b NavigationBar0)/@0x8634759 - animation-leash#1
02-05 17:40:54.776  1680  1680 D SecStatusBarMobileView: setStaticDrawableColor:
02-05 17:40:54.776   789  2265 I Layer   : id=79712 removeFromCurrentState com.sec.android.app.launcher/com.sec.android.app.launcher.activities.LauncherActivity$_2003#0 (195)
02-05 17:40:54.777  1163  1796 I InputDispatcher: Focus entered window (15500): 4ed04a0 in display 0 0
02-05 17:40:54.779 15500 15500 D IdlingResourceRegistry: All idling resources are idle.
02-05 17:40:54.779 15500 15500 D RootViewPicker: Root not ready - waiting: 10ms for one to appear.
02-05 17:40:54.780 15500 15500 I ViewRootImpl@99358eb[GridListActivity]: MSG_WINDOW_FOCUS_CHANGED 1 1
02-05 17:40:54.780 15500 15500 D InputMethodManager: prepareNavigationBarInfo() DecorView@5b74718[GridListActivity]
02-05 17:40:54.780 15500 15500 D InputMethodManager: getNavigationBarColor() -16711423
02-05 17:40:54.780 15500 15500 D InputMethodManager: prepareNavigationBarInfo() DecorView@5b74718[GridListActivity]
02-05 17:40:54.780 15500 15500 D InputMethodManager: getNavigationBarColor() -16711423
02-05 17:40:54.780 15500 15500 V InputMethodManager: Starting input: tba=com.example.dogglers ic=null mNaviBarColor -16711423 mIsGetNaviBarColorSuccess true , NavVisible : true , NavTrans : false
02-05 17:40:54.780 15500 15500 D InputMethodManager: startInputInner - Id : 0
02-05 17:40:54.780 15500 15500 I InputMethodManager: startInputInner - mService.startInputOrWindowGainedFocus
02-05 17:40:54.781  1163  3938 D InputMethodManagerService: mSecureKeypadEnabled = false
02-05 17:40:54.781  1163  2104 V WindowManager: Relayout Window{f87dac6 u0 com.samsung.android.app.spage}: viewVisibility=8 req=0x2168
02-05 17:40:54.782  1163  2104 W WindowManager: lockNow pending, ignore updating lockscreen timeout
02-05 17:40:54.783  1163  3938 V InputMethodManagerService: hideCurrentInputLocked : shouldHideSoftInput is false
02-05 17:40:54.783  1163  3938 D InputMethodManagerService: DESKTOP MODE! : 2
02-05 17:40:54.783  1163  3938 D InputMethodManagerService: NOT IN KNOX DESKTOP MODE!
02-05 17:40:54.783  1163  3938 V InputMethodManagerService: getDisplayIdOfInputMethodWindowToBeAdded : 0
02-05 17:40:54.783  1163  3938 D SamsungIMMSHWKeyboard: isConnectedDexOnPC false
02-05 17:40:54.783  1163  2104 V WindowManager: Relayout hash=f87dac6, pid=5089: mAttrs={(0,0)(0xfill) sim={adjust=pan} ty=APPLICATION_PANEL fmt=RGBA_8888
02-05 17:40:54.783  1163  2104 V WindowManager:   fl=1000018
02-05 17:40:54.783  1163  2104 V WindowManager:   pfl=2000040
02-05 17:40:54.783  1163  2104 V WindowManager:   fitTypes=STATUS_BARS NAVIGATION_BARS CAPTION_BAR IME naviIconColor=0}
02-05 17:40:54.784  1163  3938 D InputMethodManagerService: isImeSwitcherDisabledPackage : false
02-05 17:40:54.784  1163  3938 D InputMethodManagerService: checkDisplayOfStartInputAndUpdateKeyboard display Id 0last 0
02-05 17:40:54.784  1163  3938 D InputTransport: Input channel constructed: 'ClientS', fd=915
02-05 17:40:54.784  1163  3938 D InputTransport: Input channel destroyed: 'ClientS', fd=915
02-05 17:40:54.785 15500 15500 D InputTransport: Input channel constructed: 'ClientS', fd=97
02-05 17:40:54.785   789   835 I SurfaceFlinger: id=79712 Removed com.sec.android.app.launcher/com.sec.android.app.launcher.activities.LauncherActivity$_2003#0 (195)
02-05 17:40:54.785  5089  5089 I SurfaceControl: assignNativeObject: nativeObject = 0 Surface(name=null)/@0xb12fb6b / android.view.SurfaceControl.readFromParcel:1117 android.view.IWindowSession$Stub$Proxy.relayout:1810 android.view.ViewRootImpl.relayoutWindow:9005 android.view.ViewRootImpl.performTraversals:3360 android.view.ViewRootImpl.doTraversal:2618 android.view.ViewRootImpl$TraversalRunnable.run:9971 android.view.Choreographer$CallbackRecord.run:1010 android.view.Choreographer.doCallbacks:809 android.view.Choreographer.doFrame:744 android.view.Choreographer$FrameDisplayEventReceiver.run:995
