02-05 17:40:52.192 13475 13602 I RoutineDebug[3.1.21.7]: RoutineMetaDataLoader: collectCondition routineCondition=[]
02-05 17:40:52.192 15677 15757 I System.out: (HTTPLog)-Static: isSBSettingEnabled false
02-05 17:40:52.193 15677 15757 I System.out: (HTTPLog)-Static: isSBSettingEnabled false
02-05 17:40:52.193 16020 16020 E nder:appservic: Not starting debugger since process cannot load the jdwp agent.
02-05 17:40:52.194   696   816 E Netd    : getNetworkForDns: getNetId from enterpriseCtrl is netid 0
02-05 17:40:52.196 13475 13602 I RoutineDebug[3.1.21.7]: ContentSetter: deleteUselessActionAndCondition: delete routine. id=[]
02-05 17:40:52.197 16020 16020 D ActivityThread: setConscryptValidator
02-05 17:40:52.197 16020 16020 D ActivityThread: setConscryptValidator - put
02-05 17:40:52.205 13475 13602 I RoutineDebug[3.1.21.7]: RoutineMetaDataLoader: collectAction commandActions=0
02-05 17:40:52.205 13475 13602 I RoutineDebug[3.1.21.7]: RoutineMetaDataLoader: collectAction rawActions=0
02-05 17:40:52.208 15500 15500 D IdlingResourceRegistry: All idling resources are idle.
02-05 17:40:52.208 15500 15500 D IdlingResourceRegistry: All idling resources are idle.
02-05 17:40:52.209 13475 13602 I RoutineDebug[3.1.21.7]: ContentSetter: deleteUselessActionAndCondition: delete routine. id=[]
02-05 17:40:52.209 13475 13602 I RoutineDebug[3.1.21.7]: RoutineMetaDataLoader: convertConflictActions : empty
02-05 17:40:52.210 13475 13602 I RoutineDebug[3.1.21.7]: Pref: removeSharedPrefsData() key=meta_loading_target_package_name
02-05 17:40:52.230 16020 16060 E nder:appservic: Resource 7f0f0000 is a complex map type.
02-05 17:40:52.236 13475 13475 I RoutineDebug[3.1.21.7]: RoutineJobService: internalJobFinish: 4096
02-05 17:40:52.236 13475 13475 I RoutineDebug[3.1.21.7]: Pref: putSharedPrefsData() key=routine_meta_data_loading_statue
02-05 17:40:52.238 13475 13475 I RoutineDebug[3.1.21.7]: NotificationUpdateServiceUtils: requestUpdateNotification
02-05 17:40:52.243 13475 13475 I RoutineDebug[3.1.21.7]: DatabaseJobIntentService: Stop no more task
02-05 17:40:52.249 13475 13475 I RoutineDebug[3.1.21.7]: RoutineJobService: onDestroy
02-05 17:40:52.253 14578 14578 I RoutineDebug[3.1.21.7]: CoreUtil: lastest : 3.1.21.7, currentVersion : 3.1.21.7
02-05 17:40:52.272 15500 15500 D IdlingResourceRegistry: All idling resources are idle.
02-05 17:40:52.272 15500 15500 D IdlingResourceRegistry: All idling resources are idle.
02-05 17:40:52.273 15500 15500 D IdlingResourceRegistry: All idling resources are idle.
02-05 17:40:52.273 15500 15500 D IdlingResourceRegistry: All idling resources are idle.
02-05 17:40:52.274 15500 15500 I ViewInteraction: Checking 'MatchesViewAssertion{viewMatcher=is displayed on the screen to the user}' assertion on view with id is <com.example.dogglers:id/vertical_recycler_view>
02-05 17:40:52.290  1163  3944 I SemDvfsHyPerManager: acquire hyper - AMS_ACT_START/1163@20, type = -999
02-05 17:40:52.291   726   817 I HYPER-HAL: [RequestManager.cpp]acquire(): Acquired ID : 700356  [1163 / 20]    HINT : AMS_ACT_START    list :
02-05 17:40:52.291   789   835 I SurfaceFlinger: id=79617 createSurf (0x0),-1 flag=80004, ActivityRecord{c001fde u0 com.example.dogglers/androidx.test.core.app.InstrumentationActivityInvoker$EmptyActivity t12727}#0
02-05 17:40:52.292   726   817 I HYPER-HAL: [ResourceManager.cpp]updateResource(): [CPUMinFreq] UpdateResource Request ID : 700356    Value : 1930195
02-05 17:40:52.295  1163  3944 W WindowManager: lockNow pending, ignore updating lockscreen timeout
02-05 17:40:52.297 15500 15500 D LifecycleMonitor: Lifecycle status change: com.example.dogglers.VerticalListActivity@d76dc3b in: PAUSED
02-05 17:40:52.297 15500 15500 D LifecycleMonitor: running callback: androidx.test.core.app.ActivityScenario$1@a170423
02-05 17:40:52.297 15500 15500 V ActivityScenario: Activity lifecycle changed event received but ignored because the intent does not match. startActivityIntent=Intent { act=android.intent.action.MAIN cat=[android.intent.category.LAUNCHER] cmp=com.example.dogglers/.MainActivity }, activity.getIntent()=Intent { cmp=com.example.dogglers/.VerticalListActivity }, activity=com.example.dogglers.VerticalListActivity@d76dc3b
02-05 17:40:52.297 15500 15500 D LifecycleMonitor: callback completes: androidx.test.core.app.ActivityScenario$1@a170423
02-05 17:40:52.298  1163  3944 V WindowOrientationListener: getProposedRotation: 0
02-05 17:40:52.298  1163  3944 V WindowOrientationListener: getProposedRotation: 0
02-05 17:40:52.299  1163  3944 V WindowOrientationListener: getProposedRotation: 0
02-05 17:40:52.300  1163  3944 D InputDispatcher: Focused application set to (0): c001fde
02-05 17:40:52.302  1163  3944 W WindowManager: lockNow pending, ignore updating lockscreen timeout
02-05 17:40:52.307 15500 15500 D LifecycleMonitor: Lifecycle status change: androidx.test.core.app.InstrumentationActivityInvoker$EmptyActivity@9899391 in: PRE_ON_CREATE
02-05 17:40:52.307 15500 15500 D LifecycleMonitor: running callback: androidx.test.core.app.ActivityScenario$1@a170423
02-05 17:40:52.308 15500 15500 V ActivityScenario: Activity lifecycle changed event received but ignored because the intent does not match. startActivityIntent=Intent { act=android.intent.action.MAIN cat=[android.intent.category.LAUNCHER] cmp=com.example.dogglers/.MainActivity }, activity.getIntent()=Intent { act=android.intent.action.MAIN cat=[android.intent.category.LAUNCHER] flg=0x10000000 cmp=com.example.dogglers/androidx.test.core.app.InstrumentationActivityInvoker$EmptyActivity }, activity=androidx.test.core.app.InstrumentationActivityInvoker$EmptyActivity@9899391
02-05 17:40:52.308 15500 15500 D LifecycleMonitor: callback completes: androidx.test.core.app.ActivityScenario$1@a170423
02-05 17:40:52.311 15500 15500 I DecorView: [INFO] isPopOver=false, config=true
02-05 17:40:52.311 15500 15500 I DecorView: updateCaptionType >> DecorView@3d0d6f7[], isFloating=false, isApplication=true, hasWindowDecorCaption=false, hasWindowControllerCallback=true
02-05 17:40:52.311 15500 15500 D DecorView: setCaptionType = 0, this = DecorView@3d0d6f7[]
02-05 17:40:52.315 15500 15500 D LifecycleMonitor: Lifecycle status change: androidx.test.core.app.InstrumentationActivityInvoker$EmptyActivity@9899391 in: CREATED
02-05 17:40:52.315 15500 15500 D LifecycleMonitor: running callback: androidx.test.core.app.ActivityScenario$1@a170423
02-05 17:40:52.315 15500 15500 V ActivityScenario: Activity lifecycle changed event received but ignored because the intent does not match. startActivityIntent=Intent { act=android.intent.action.MAIN cat=[android.intent.category.LAUNCHER] cmp=com.example.dogglers/.MainActivity }, activity.getIntent()=Intent { act=android.intent.action.MAIN cat=[android.intent.category.LAUNCHER] flg=0x10000000 cmp=com.example.dogglers/androidx.test.core.app.InstrumentationActivityInvoker$EmptyActivity }, activity=androidx.test.core.app.InstrumentationActivityInvoker$EmptyActivity@9899391
02-05 17:40:52.315 15500 15500 D LifecycleMonitor: callback completes: androidx.test.core.app.ActivityScenario$1@a170423
02-05 17:40:52.316 15500 15500 D LifecycleMonitor: Lifecycle status change: androidx.test.core.app.InstrumentationActivityInvoker$EmptyActivity@9899391 in: STARTED
02-05 17:40:52.316 15500 15500 D LifecycleMonitor: running callback: androidx.test.core.app.ActivityScenario$1@a170423
02-05 17:40:52.316 15500 15500 V ActivityScenario: Activity lifecycle changed event received but ignored because the intent does not match. startActivityIntent=Intent { act=android.intent.action.MAIN cat=[android.intent.category.LAUNCHER] cmp=com.example.dogglers/.MainActivity }, activity.getIntent()=Intent { act=android.intent.action.MAIN cat=[android.intent.category.LAUNCHER] flg=0x10000000 cmp=com.example.dogglers/androidx.test.core.app.InstrumentationActivityInvoker$EmptyActivity }, activity=androidx.test.core.app.InstrumentationActivityInvoker$EmptyActivity@9899391
02-05 17:40:52.316 15500 15500 D LifecycleMonitor: callback completes: androidx.test.core.app.ActivityScenario$1@a170423
02-05 17:40:52.318 15500 15500 D LifecycleMonitor: Lifecycle status change: androidx.test.core.app.InstrumentationActivityInvoker$EmptyActivity@9899391 in: RESUMED
02-05 17:40:52.318 15500 15500 D LifecycleMonitor: running callback: androidx.test.core.app.ActivityScenario$1@a170423
02-05 17:40:52.318 15500 15500 V ActivityScenario: Activity lifecycle changed event received but ignored because the intent does not match. startActivityIntent=Intent { act=android.intent.action.MAIN cat=[android.intent.category.LAUNCHER] cmp=com.example.dogglers/.MainActivity }, activity.getIntent()=Intent { act=android.intent.action.MAIN cat=[android.intent.category.LAUNCHER] flg=0x10000000 cmp=com.example.dogglers/androidx.test.core.app.InstrumentationActivityInvoker$EmptyActivity }, activity=androidx.test.core.app.InstrumentationActivityInvoker$EmptyActivity@9899391
02-05 17:40:52.318 15500 15500 D LifecycleMonitor: callback completes: androidx.test.core.app.ActivityScenario$1@a170423
02-05 17:40:52.321  1163  1796 D InputTransport: Input channel constructed: '8ede489', fd=927
02-05 17:40:52.321  1163  1796 D InputTransport: Input channel constructed: '8ede489', fd=928
02-05 17:40:52.321   789  1273 I SurfaceFlinger: id=79618 createSurf (0x0),-1 flag=80004, 8ede489 com.example.dogglers/androidx.test.core.app.InstrumentationActivityInvoker$EmptyActivity#0
02-05 17:40:52.321  1163  1796 D WindowManager: isScreenshotDisabledLocked - win: Window{8ede489 u0 com.example.dogglers/androidx.test.core.app.InstrumentationActivityInvoker$EmptyActivity}
02-05 17:40:52.321  1163  1796 D WindowManager: isScreenshotDisabledLocked: userId = 0, disabled =false
02-05 17:40:52.322  1163  1796 D InputTransport: Input channel destroyed: '8ede489', fd=928
02-05 17:40:52.322 15500 15500 D InputTransport: Input channel constructed: '8ede489', fd=99
02-05 17:40:52.323 15500 15500 I ViewRootImpl@e248882[InstrumentationActivityInvoker$EmptyActivity]: setView = com.android.internal.policy.DecorView@3d0d6f7 TM=true
02-05 17:40:52.323  1163  1796 I InputDispatcher: Focus left window (15500): beb5db0 in display 0 0
02-05 17:40:52.327  1163  1801 V WindowManager: Relayout Window{8ede489 u0 com.example.dogglers/androidx.test.core.app.InstrumentationActivityInvoker$EmptyActivity}: viewVisibility=0 req=1080x2400
02-05 17:40:52.328  1163  1801 W WindowManager: lockNow pending, ignore updating lockscreen timeout
02-05 17:40:52.328  1163  1801 D WindowManager: isScreenshotDisabledLocked - win: Window{8ede489 u0 com.example.dogglers/androidx.test.core.app.InstrumentationActivityInvoker$EmptyActivity}
02-05 17:40:52.328  1163  1801 D WindowManager: isScreenshotDisabledLocked: userId = 0, disabled =false
02-05 17:40:52.329   789   834 I SurfaceFlinger: id=79619 createSurf (1080x2400),1 flag=404, com.example.dogglers/androidx.test.core.app.InstrumentationActivityInvoker$EmptyActivity$_15500#0
02-05 17:40:52.330  1163  1801 I SurfaceControl: nativeRelease nativeObject s[496871101440]
02-05 17:40:52.330  1163  1801 I SurfaceControl: nativeRelease nativeObject e[496871101440]
02-05 17:40:52.330   789   834 I SurfaceFlinger: id=79620 createSurf (0x0),-1 flag=24000, Surface(name=8c655e2 StatusBar)/@0x44a9b07 - animation-leash#0
02-05 17:40:52.330  1163  1801 I SurfaceControl: nativeRelease nativeObject s[496871101728]
02-05 17:40:52.330  1163  1801 I SurfaceControl: nativeRelease nativeObject e[496871101728]
02-05 17:40:52.331   789   834 I SurfaceFlinger: id=79621 createSurf (0x0),-1 flag=24000, Surface(name=b29f82b NavigationBar0)/@0x8634759 - animation-leash#1
02-05 17:40:52.331  1163  1801 V WindowManager: Relayout hash=8ede489, pid=15500: mAttrs={(0,0)(fillxfill) sim={adjust=pan forwardNavigation} ty=BASE_APPLICATION wanim=0x1030001
02-05 17:40:52.331  1163  1801 V WindowManager:   fl=1810100
02-05 17:40:52.331  1163  1801 V WindowManager:   pfl=12020000
02-05 17:40:52.331  1163  1801 V WindowManager:   fitSides= naviIconColor=0}
02-05 17:40:52.331  1163  1801 I SurfaceControl: nativeRelease nativeObject s[499038985856]
02-05 17:40:52.331  1163  1801 I SurfaceControl: nativeRelease nativeObject e[499038985856]
02-05 17:40:52.332 15500 15500 I SurfaceControl: assignNativeObject: nativeObject = 0 Surface(name=null)/@0xdb1eb93 / android.view.SurfaceControl.readFromParcel:1117 android.view.IWindowSession$Stub$Proxy.relayout:1820 android.view.ViewRootImpl.relayoutWindow:9005 android.view.ViewRootImpl.performTraversals:3360 android.view.ViewRootImpl.doTraversal:2618 android.view.ViewRootImpl$TraversalRunnable.run:9971 android.view.Choreographer$CallbackRecord.run:1010 android.view.Choreographer.doCallbacks:809 android.view.Choreographer.doFrame:744 android.view.Choreographer$FrameDisplayEventReceiver.run:995
02-05 17:40:52.333 15500 15500 I ViewRootImpl@e248882[InstrumentationActivityInvoker$EmptyActivity]: Relayout returned: old=(0,0,1080,2400) new=(0,0,1080,2400) req=(1080,2400)0 dur=5 res=0x7 s={true 499016683520} ch=true fn=-1
02-05 17:40:52.333 15500 15565 I mali_winsys: new_window_surface() [1080x2400] return: 0x3000
02-05 17:40:52.334   716   953 D gralloc : [mali_gralloc_allocate] begin
02-05 17:40:52.334   716   953 D gralloc : buffer_descriptor: wh(1080 2400) usage_pc(0x40000000000b00 0x40000000000b00) hal_format(0x1) layer_count(1) sizes(0 0 0) strde(0) byte_stride(0) alloc_wh(0 0) internal_format(0x0) alloc_format(0x0) fd_count(1) plane_count(0)
02-05 17:40:52.334 15500 15500 I ViewRootImpl@e248882[InstrumentationActivityInvoker$EmptyActivity]: [DP] dp(1) 1 android.view.ViewRootImpl.reportNextDraw:10957 android.view.ViewRootImpl.performTraversals:3845 android.view.ViewRootImpl.doTraversal:2618
02-05 17:40:52.334 15500 15500 I ViewRootImpl@e248882[InstrumentationActivityInvoker$EmptyActivity]: [DP] pd() Asnyc report
02-05 17:40:52.335   716   953 D gralloc : [mali_gralloc_allocate] allocation successful
02-05 17:40:52.335   716   953 D gralloc : [mali_gralloc_allocate] begin
02-05 17:40:52.335   716   953 D gralloc : buffer_descriptor: wh(1080 2400) usage_pc(0x40000000000b00 0x40000000000b00) hal_format(0x1) layer_count(1) sizes(0 0 0) strde(0) byte_stride(0) alloc_wh(0 0) internal_format(0x0) alloc_format(0x0) fd_count(1) plane_count(0)
02-05 17:40:52.337   716   953 D gralloc : [mali_gralloc_allocate] allocation successful
02-05 17:40:52.337   716   957 D gralloc : [mali_gralloc_allocate] begin
02-05 17:40:52.337   716   957 D gralloc : buffer_descriptor: wh(1080 2400) usage_pc(0x40000000000b00 0x40000000000b00) hal_format(0x1) layer_count(1) sizes(0 0 0) strde(0) byte_stride(0) alloc_wh(0 0) internal_format(0x0) alloc_format(0x0) fd_count(1) plane_count(0)
02-05 17:40:52.337 15500 15500 I ViewRootImpl@e248882[InstrumentationActivityInvoker$EmptyActivity]: [DP] pdf(0) 1 android.view.ViewRootImpl.lambda$performDraw$1$ViewRootImpl:4668 android.view.-$$Lambda$ViewRootImpl$DJd0VUYJgsebcnSohO6h8zc_ONI.run:6 android.os.Handler.handleCallback:938
02-05 17:40:52.337 15500 15500 I ViewRootImpl@e248882[InstrumentationActivityInvoker$EmptyActivity]: [DP] rdf()
02-05 17:40:52.338 15500 15500 I ViewRootImpl@d14d3a3[VerticalListActivity]: MSG_WINDOW_FOCUS_CHANGED 0 1
02-05 17:40:52.339  1163  1240 W WindowManager: lockNow pending, ignore updating lockscreen timeout
02-05 17:40:52.340 12858 12888 I RoleControllerService: Calling grantDefaultRoles()
02-05 17:40:52.341   716   957 D gralloc : [mali_gralloc_allocate] allocation successful
02-05 17:40:52.341   789  1272 I Layer   : id=79608 removeFromCurrentState Surface(name=8c655e2 StatusBar)/@0x44a9b07 - animation-leash#1 (190)
02-05 17:40:52.341   789  1272 I Layer   : id=79609 removeFromCurrentState Surface(name=b29f82b NavigationBar0)/@0x8634759 - animation-leash#0 (190)
02-05 17:40:52.342  1163  1240 D PkgPredictorService: pkg:com.example.dogglers activity:androidx.test.core.app.InstrumentationActivityInvoker$EmptyActivity thisTime:60
02-05 17:40:52.343  1163  1240 W WindowManager: lockNow pending, ignore updating lockscreen timeout
02-05 17:40:52.344  1163  1240 I SemDvfsHyPerManager: acquire hyper - AMS_RESUME_TAIL/1163@22, type = -999
02-05 17:40:52.344  1163  1240 I SemDvfsHyPerManager: acquire hyper - AMS_ACT_LAZY/1163@23, type = -999
02-05 17:40:52.345   726   817 I HYPER-HAL: [RequestManager.cpp]acquire(): Acquired ID : 702727  [1163 / 22]    HINT : AMS_RESUME_TAIL    list :
02-05 17:40:52.345   726   817 I HYPER-HAL: [ResourceManager.cpp]updateResource(): [CPUMinFreq] UpdateResource Request ID : 702727    Value : 1844882
02-05 17:40:52.345   726   817 I HYPER-HAL: [RequestManager.cpp]acquire(): Acquired ID : 703914  [1163 / 23]    HINT :      list :
02-05 17:40:52.346  1163  1240 W WindowManager: lockNow pending, ignore updating lockscreen timeout
02-05 17:40:52.346   726   817 E HYPER-HAL: [Request.cpp]acquire(): Request:: id : 703914, No Resource to set
02-05 17:40:52.347   726   817 I HYPER-HAL: [ResourceManager.cpp]removeResource(): [CPUMinFreq] RemoveResource Request ID : 700356
02-05 17:40:52.347   726   817 I HYPER-HAL: [RequestManager.cpp]releaseLocked(): Released ID : 700356
02-05 17:40:52.353 12858 16004 W Role    : Cannot find resource for default holder: config_systemActivityRecognizer
02-05 17:40:52.356  1163  3944 I InputDispatcher: Focus entered window (15500): 8ede489 in display 0 0
02-05 17:40:52.357 15500 15500 I SurfaceControl: nativeRelease nativeObject s[497477718880]
02-05 17:40:52.357 15500 15500 I SurfaceControl: nativeRelease nativeObject e[497477718880]
02-05 17:40:52.357 15500 15500 I SurfaceControl: nativeRelease nativeObject s[497483546400]
02-05 17:40:52.357 15500 15500 I SurfaceControl: nativeRelease nativeObject e[497483546400]
02-05 17:40:52.357 15500 15500 I SurfaceControl: nativeRelease nativeObject s[497483546304]
02-05 17:40:52.357 15500 15500 I SurfaceControl: nativeRelease nativeObject e[497483546304]
02-05 17:40:52.357   789  1273 I SurfaceFlinger: id=79609 Removed Surface(name=b29f82b NavigationBar0)/@0x8634759 - animation-leash#0 (190)
02-05 17:40:52.357   789  1273 I SurfaceFlinger: id=79608 Removed Surface(name=8c655e2 StatusBar)/@0x44a9b07 - animation-leash#1 (190)
02-05 17:40:52.358 14578 16073 I RoutineDebug[3.1.21.7]: NotificationUpdateService: computeEnabledRoutine : 0
02-05 17:40:52.358 14578 16073 I RoutineDebug[3.1.21.7]: NotificationUpdateService: updateNotification
02-05 17:40:52.358 14578 16073 I RoutineDebug[3.1.21.7]: Pref: putSharedPrefsData() key=update_noti_time
02-05 17:40:52.359 15500 15500 I ViewRootImpl@e248882[InstrumentationActivityInvoker$EmptyActivity]: MSG_WINDOW_FOCUS_CHANGED 1 1
02-05 17:40:52.359 15500 15500 D InputMethodManager: prepareNavigationBarInfo() DecorView@3d0d6f7[InstrumentationActivityInvoker$EmptyActivity]
02-05 17:40:52.359 15500 15500 D InputMethodManager: getNavigationBarColor() -16711423
02-05 17:40:52.359 15500 15500 D InputMethodManager: prepareNavigationBarInfo() DecorView@3d0d6f7[InstrumentationActivityInvoker$EmptyActivity]
02-05 17:40:52.359 15500 15500 D InputMethodManager: getNavigationBarColor() -16711423
02-05 17:40:52.359 15500 15500 V InputMethodManager: Starting input: tba=com.example.dogglers ic=null mNaviBarColor -16711423 mIsGetNaviBarColorSuccess true , NavVisible : true , NavTrans : false
02-05 17:40:52.359 15500 15500 D InputMethodManager: startInputInner - Id : 0
02-05 17:40:52.360 15500 15500 I InputMethodManager: startInputInner - mService.startInputOrWindowGainedFocus
02-05 17:40:52.360  1163  3940 D InputMethodManagerService: mSecureKeypadEnabled = false
02-05 17:40:52.360  1163  3940 V InputMethodManagerService: hideCurrentInputLocked : shouldHideSoftInput is false
02-05 17:40:52.360  1163  3940 D InputMethodManagerService: DESKTOP MODE! : 2
02-05 17:40:52.360  1163  3940 D InputMethodManagerService: NOT IN KNOX DESKTOP MODE!
02-05 17:40:52.360  1163  3940 V InputMethodManagerService: getDisplayIdOfInputMethodWindowToBeAdded : 0
02-05 17:40:52.360  1163  3940 D InputMethodManagerService: checkDisplayOfStartInputAndUpdateKeyboard display Id 0last 0
02-05 17:40:52.360  1163  3940 D InputTransport: Input channel constructed: 'ClientS', fd=931
02-05 17:40:52.361  1163  3940 D InputTransport: Input channel destroyed: 'ClientS', fd=931
02-05 17:40:52.361 15500 15500 D InputTransport: Input channel constructed: 'ClientS', fd=111
02-05 17:40:52.361 15500 15500 D InputTransport: Input channel destroyed: 'ClientS', fd=106
02-05 17:40:52.361 15500 15500 I ViewRootImpl@7f19b37[MainActivity]: stopped(true) old=false
02-05 17:40:52.361  1163  1801 I SurfaceControl: nativeRelease nativeObject s[499038986048]
02-05 17:40:52.361  1163  1801 I SurfaceControl: nativeRelease nativeObject e[499038986048]
02-05 17:40:52.361   789  2265 I SurfaceFlinger: id=79622 createSurf (0x0),-1 flag=24004, Surface(name=dbf3b45 InputMethod)/@0xf70bba8 - animation-leash#0
02-05 17:40:52.361 15500 15500 I SurfaceControl: nativeRelease nativeObject s[499014749600]
02-05 17:40:52.361 15500 15500 I SurfaceControl: nativeRelease nativeObject e[499014749600]
02-05 17:40:52.362 15500 15500 D LifecycleMonitor: Lifecycle status change: com.example.dogglers.MainActivity@3b6d0aa in: STOPPED
02-05 17:40:52.362 15500 15500 D LifecycleMonitor: running callback: androidx.test.core.app.ActivityScenario$1@a170423
02-05 17:40:52.362 15500 15500 V ActivityScenario: Update currentActivityStage to STOPPED, currentActivity=com.example.dogglers.MainActivity@3b6d0aa
02-05 17:40:52.362 15500 15500 D LifecycleMonitor: callback completes: androidx.test.core.app.ActivityScenario$1@a170423
02-05 17:40:52.362  3640  3640 I GoogleInputMethodService: GoogleInputMethodService.onFinishInput():3316
02-05 17:40:52.363  1163  1235 I SemDvfsHyPerManager: acquire hyper - AMS_ACT_START/1163@20, type = -999
02-05 17:40:52.363  3640  3640 I GoogleInputMethodService: GoogleInputMethodService.updateDeviceLockedStatus():2181 checkRepeatedly = false, unlocked = true
02-05 17:40:52.363  3640  3640 D InputMethodService: checkDisplayOfStartInputAndUpdateKeyboard display Id 0last 0
02-05 17:40:52.363   726   817 I HYPER-HAL: [RequestManager.cpp]acquire(): Acquired ID : 700356  [1163 / 20]    HINT : AMS_ACT_START    list :
02-05 17:40:52.363  3640  3640 I GoogleInputMethodService: GoogleInputMethodService.onStartInput():1989
02-05 17:40:52.363 15500 15500 D LifecycleMonitor: Lifecycle status change: com.example.dogglers.MainActivity@3b6d0aa in: DESTROYED
02-05 17:40:52.363 15500 15500 D LifecycleMonitor: running callback: androidx.test.core.app.ActivityScenario$1@a170423
02-05 17:40:52.364 15500 15500 V ActivityScenario: Update currentActivityStage to DESTROYED, currentActivity=null
02-05 17:40:52.364 15500 15500 D LifecycleMonitor: callback completes: androidx.test.core.app.ActivityScenario$1@a170423
02-05 17:40:52.364  3640  3640 I GoogleInputMethodService: GoogleInputMethodService.updateDeviceLockedStatus():2181 checkRepeatedly = true, unlocked = true
02-05 17:40:52.364   726   817 I HYPER-HAL: [ResourceManager.cpp]updateResource(): [CPUMinFreq] UpdateResource Request ID : 700356    Value : 1930195
02-05 17:40:52.364   789  2265 I SurfaceFlinger: id=79623 createSurf (0x0),-1 flag=80004, ActivityRecord{3e53d02 u0 com.example.dogglers/androidx.test.core.app.InstrumentationActivityInvoker$EmptyActivity t12727}#0
02-05 17:40:52.365 15500 15565 I mali_egl: eglDestroySurface() in
02-05 17:40:52.365 15500 15565 I mali_winsys: delete_surface() [1080x2400] return
02-05 17:40:52.365 15500 15565 I mali_egl: eglDestroySurface() out
02-05 17:40:52.365   789  2265 E BufferQueueProducer: [com.example.dogglers/com.example.dogglers.MainActivity$_15500#0](id:315000036b0,api:0,p:-1,c:789) disconnect: not connected (req=1)
02-05 17:40:52.366 15500 15565 W libEGL  : EGLNativeWindowType 0x742fb74010 disconnect failed
02-05 17:40:52.366 15500 15500 I ViewRootImpl@7f19b37[MainActivity]: dispatchDetachedFromWindow
02-05 17:40:52.368  1163  1235 W WindowManager: lockNow pending, ignore updating lockscreen timeout
02-05 17:40:52.369   789  2265 I Layer   : id=79616 removeFromCurrentState Surface(name=dbf3b45 InputMethod)/@0xf70bba8 - animation-leash#1 (192)
02-05 17:40:52.370  1163  3940 D InputTransport: Input channel destroyed: '89bf669', fd=888
02-05 17:40:52.370  1163  3940 W WindowManager: lockNow pending, ignore updating lockscreen timeout
02-05 17:40:52.371 15500 15500 D InputTransport: Input channel destroyed: '89bf669', fd=90
02-05 17:40:52.372  1163  3935 W WindowManager: lockNow pending, ignore updating lockscreen timeout
02-05 17:40:52.373   789   789 I Layer   : id=79608[1] Destroyed Surface(name=8c655e2 StatusBar)/@0x44a9b07 - animation-leash#1
02-05 17:40:52.373   789   789 I Layer   : id=79609[1] Destroyed Surface(name=b29f82b NavigationBar0)/@0x8634759 - animation-leash#0
02-05 17:40:52.376  1163  1240 I SurfaceControl: nativeRelease nativeObject s[496884988000]
02-05 17:40:52.376  1163  1240 I SurfaceControl: nativeRelease nativeObject e[496884988000]
02-05 17:40:52.377 15500 15500 D LifecycleMonitor: Lifecycle status change: androidx.test.core.app.InstrumentationActivityInvoker$EmptyActivity@9899391 in: PAUSED
02-05 17:40:52.377 15500 15500 D LifecycleMonitor: running callback: androidx.test.core.app.ActivityScenario$1@a170423
02-05 17:40:52.378 15500 15500 V ActivityScenario: Activity lifecycle changed event received but ignored because the intent does not match. startActivityIntent=Intent { act=android.intent.action.MAIN cat=[android.intent.category.LAUNCHER] cmp=com.example.dogglers/.MainActivity }, activity.getIntent()=Intent { act=android.intent.action.MAIN cat=[android.intent.category.LAUNCHER] flg=0x10000000 cmp=com.example.dogglers/androidx.test.core.app.InstrumentationActivityInvoker$EmptyActivity }, activity=androidx.test.core.app.InstrumentationActivityInvoker$EmptyActivity@9899391
02-05 17:40:52.378 15500 15500 D LifecycleMonitor: callback completes: androidx.test.core.app.ActivityScenario$1@a170423
02-05 17:40:52.379  1163  1796 V WindowOrientationListener: getProposedRotation: 0
02-05 17:40:52.379  1163  1796 V WindowOrientationListener: getProposedRotation: 0
02-05 17:40:52.379  1163  1796 V WindowOrientationListener: getProposedRotation: 0
02-05 17:40:52.380  1163  1796 D InputDispatcher: Focused application set to (0): 3e53d02
02-05 17:40:52.382  1163  1796 W WindowManager: lockNow pending, ignore updating lockscreen timeout
02-05 17:40:52.383   789  2265 I Layer   : id=79612 removeFromCurrentState Surface(name=Dim Layer for - Task=12727 - animating-dim)/@0x203f09d - animation-leash#0 (190)
02-05 17:40:52.383   789  2265 I SurfaceFlinger: id=79612 Removed Surface(name=Dim Layer for - Task=12727 - animating-dim)/@0x203f09d - animation-leash#0 (190)
02-05 17:40:52.383 15500 15500 I SurfaceControl: nativeRelease nativeObject s[499183202048]
02-05 17:40:52.383 15500 15500 I SurfaceControl: nativeRelease nativeObject e[499183202048]
02-05 17:40:52.383   789  2265 I SurfaceFlinger: id=79616 Removed Surface(name=dbf3b45 InputMethod)/@0xf70bba8 - animation-leash#1 (190)
02-05 17:40:52.384 15500 15500 I SurfaceControl: nativeRelease nativeObject s[497477719072]
02-05 17:40:52.384 15500 15500 I SurfaceControl: nativeRelease nativeObject e[497477719072]
02-05 17:40:52.384 15500 15500 I SurfaceControl: nativeRelease nativeObject s[497477718976]
02-05 17:40:52.384 15500 15500 I SurfaceControl: nativeRelease nativeObject e[497477718976]
02-05 17:40:52.384  1163  1793 D SamsungIMMSHWKeyboard: isConnectedDexOnPC false
02-05 17:40:52.384  1163  1793 D InputMethodManagerService: isImeSwitcherDisabledPackage : false
02-05 17:40:52.388 15500 15500 D LifecycleMonitor: Lifecycle status change: androidx.test.core.app.InstrumentationActivityInvoker$EmptyActivity@6903385 in: PRE_ON_CREATE
02-05 17:40:52.388 15500 15500 D LifecycleMonitor: running callback: androidx.test.core.app.ActivityScenario$1@a170423
02-05 17:40:52.388 15500 15500 V ActivityScenario: Activity lifecycle changed event received but ignored because the intent does not match. startActivityIntent=Intent { act=android.intent.action.MAIN cat=[android.intent.category.LAUNCHER] cmp=com.example.dogglers/.MainActivity }, activity.getIntent()=Intent { act=android.intent.action.MAIN cat=[android.intent.category.LAUNCHER] flg=0x10000000 cmp=com.example.dogglers/androidx.test.core.app.InstrumentationActivityInvoker$EmptyActivity }, activity=androidx.test.core.app.InstrumentationActivityInvoker$EmptyActivity@6903385
02-05 17:40:52.388 15500 15500 D LifecycleMonitor: callback completes: androidx.test.core.app.ActivityScenario$1@a170423
02-05 17:40:52.390   789   789 I Layer   : id=79616[1] Destroyed Surface(name=dbf3b45 InputMethod)/@0xf70bba8 - animation-leash#1
02-05 17:40:52.390   789   789 I Layer   : id=79612[1] Destroyed Surface(name=Dim Layer for - Task=12727 - animating-dim)/@0x203f09d - animation-leash#0
02-05 17:40:52.393 15500 15500 I DecorView: [INFO] isPopOver=false, config=true
02-05 17:40:52.393 15500 15500 I DecorView: updateCaptionType >> DecorView@8293a0b[], isFloating=false, isApplication=true, hasWindowDecorCaption=false, hasWindowControllerCallback=true
02-05 17:40:52.393 15500 15500 D DecorView: setCaptionType = 0, this = DecorView@8293a0b[]
02-05 17:40:52.393 14578 16073 I RoutineDebug[3.1.21.7]: NotificationUpdateService: createRoutineNotificationChannel
02-05 17:40:52.395 15500 15500 D LifecycleMonitor: Lifecycle status change: androidx.test.core.app.InstrumentationActivityInvoker$EmptyActivity@6903385 in: CREATED
02-05 17:40:52.395 15500 15500 D LifecycleMonitor: running callback: androidx.test.core.app.ActivityScenario$1@a170423
02-05 17:40:52.395 15500 15500 V ActivityScenario: Activity lifecycle changed event received but ignored because the intent does not match. startActivityIntent=Intent { act=android.intent.action.MAIN cat=[android.intent.category.LAUNCHER] cmp=com.example.dogglers/.MainActivity }, activity.getIntent()=Intent { act=android.intent.action.MAIN cat=[android.intent.category.LAUNCHER] flg=0x10000000 cmp=com.example.dogglers/androidx.test.core.app.InstrumentationActivityInvoker$EmptyActivity }, activity=androidx.test.core.app.InstrumentationActivityInvoker$EmptyActivity@6903385
02-05 17:40:52.395 15500 15500 D LifecycleMonitor: callback completes: androidx.test.core.app.ActivityScenario$1@a170423
02-05 17:40:52.396 14578 16073 I RoutineDebug[3.1.21.7]: NotificationUpdateService: createRoutineNotificationChannel
02-05 17:40:52.396 15500 15500 D LifecycleMonitor: Lifecycle status change: androidx.test.core.app.InstrumentationActivityInvoker$EmptyActivity@6903385 in: STARTED
02-05 17:40:52.396 15500 15500 D LifecycleMonitor: running callback: androidx.test.core.app.ActivityScenario$1@a170423
02-05 17:40:52.397 15500 15500 V ActivityScenario: Activity lifecycle changed event received but ignored because the intent does not match. startActivityIntent=Intent { act=android.intent.action.MAIN cat=[android.intent.category.LAUNCHER] cmp=com.example.dogglers/.MainActivity }, activity.getIntent()=Intent { act=android.intent.action.MAIN cat=[android.intent.category.LAUNCHER] flg=0x10000000 cmp=com.example.dogglers/androidx.test.core.app.InstrumentationActivityInvoker$EmptyActivity }, activity=androidx.test.core.app.InstrumentationActivityInvoker$EmptyActivity@6903385
02-05 17:40:52.397 15500 15500 D LifecycleMonitor: callback completes: androidx.test.core.app.ActivityScenario$1@a170423
02-05 17:40:52.399 15500 15500 D LifecycleMonitor: Lifecycle status change: androidx.test.core.app.InstrumentationActivityInvoker$EmptyActivity@6903385 in: RESUMED
02-05 17:40:52.399 15500 15500 D LifecycleMonitor: running callback: androidx.test.core.app.ActivityScenario$1@a170423
02-05 17:40:52.399 15500 15500 V ActivityScenario: Activity lifecycle changed event received but ignored because the intent does not match. startActivityIntent=Intent { act=android.intent.action.MAIN cat=[android.intent.category.LAUNCHER] cmp=com.example.dogglers/.MainActivity }, activity.getIntent()=Intent { act=android.intent.action.MAIN cat=[android.intent.category.LAUNCHER] flg=0x10000000 cmp=com.example.dogglers/androidx.test.core.app.InstrumentationActivityInvoker$EmptyActivity }, activity=androidx.test.core.app.InstrumentationActivityInvoker$EmptyActivity@6903385
02-05 17:40:52.399 15500 15500 D LifecycleMonitor: callback completes: androidx.test.core.app.ActivityScenario$1@a170423
02-05 17:40:52.401 14578 16073 I RoutineDebug[3.1.21.7]: NotificationUpdateService: updateNotification: noti cancel
02-05 17:40:52.401 14578 16073 I RoutineDebug[3.1.21.7]: NotificationUpdateService: requestUpdateFaceWidget: 0
02-05 17:40:52.401 14578 16073 I RoutineDebug[3.1.21.7]: NotificationUpdateService: Stop no more task
02-05 17:40:52.401  1163  2104 D InputTransport: Input channel constructed: 'be32d3f', fd=932
02-05 17:40:52.401  1163  2104 D InputTransport: Input channel constructed: 'be32d3f', fd=933
02-05 17:40:52.401   789  2265 I SurfaceFlinger: id=79624 createSurf (0x0),-1 flag=80004, be32d3f com.example.dogglers/androidx.test.core.app.InstrumentationActivityInvoker$EmptyActivity#0
02-05 17:40:52.402  1163  2104 D WindowManager: isScreenshotDisabledLocked - win: Window{be32d3f u0 com.example.dogglers/androidx.test.core.app.InstrumentationActivityInvoker$EmptyActivity}
02-05 17:40:52.402  1163  2104 D WindowManager: isScreenshotDisabledLocked: userId = 0, disabled =false
02-05 17:40:52.402  1163  2104 D InputTransport: Input channel destroyed: 'be32d3f', fd=933
02-05 17:40:52.402 15500 15500 D InputTransport: Input channel constructed: 'be32d3f', fd=90
02-05 17:40:52.404 15500 15500 I ViewRootImpl@a2945a6[InstrumentationActivityInvoker$EmptyActivity]: setView = com.android.internal.policy.DecorView@8293a0b TM=true
02-05 17:40:52.409  1163  3938 I InputDispatcher: Focus left window (15500): 8ede489 in display 0 0
02-05 17:40:52.409  1163  3935 V WindowManager: Relayout Window{be32d3f u0 com.example.dogglers/androidx.test.core.app.InstrumentationActivityInvoker$EmptyActivity}: viewVisibility=0 req=1080x2400
02-05 17:40:52.409  1163  3935 W WindowManager: lockNow pending, ignore updating lockscreen timeout
02-05 17:40:52.410  1163  3935 D WindowManager: isScreenshotDisabledLocked - win: Window{be32d3f u0 com.example.dogglers/androidx.test.core.app.InstrumentationActivityInvoker$EmptyActivity}
02-05 17:40:52.410  1163  3935 D WindowManager: isScreenshotDisabledLocked: userId = 0, disabled =false
02-05 17:40:52.411   789   834 I SurfaceFlinger: id=79625 createSurf (1080x2400),1 flag=404, com.example.dogglers/androidx.test.core.app.InstrumentationActivityInvoker$EmptyActivity$_15500#1
02-05 17:40:52.412 15852 16090 I System.out: (HTTPLog)-Static: isSBSettingEnabled false
02-05 17:40:52.412 15852 16090 I System.out: (HTTPLog)-Static: isSBSettingEnabled false
02-05 17:40:52.412  1163  3935 I SurfaceControl: nativeRelease nativeObject s[496866868768]
02-05 17:40:52.412  1163  3935 I SurfaceControl: nativeRelease nativeObject e[496866868768]
02-05 17:40:52.412   789   834 I SurfaceFlinger: id=79626 createSurf (0x0),-1 flag=24000, Surface(name=8c655e2 StatusBar)/@0x44a9b07 - animation-leash#1
02-05 17:40:52.413  1163  3935 I SurfaceControl: nativeRelease nativeObject s[496871101632]
02-05 17:40:52.413  1163  3935 I SurfaceControl: nativeRelease nativeObject e[496871101632]
02-05 17:40:52.413   789   834 I SurfaceFlinger: id=79627 createSurf (0x0),-1 flag=24000, Surface(name=b29f82b NavigationBar0)/@0x8634759 - animation-leash#0
02-05 17:40:52.414  1163  3935 V WindowManager: Relayout hash=be32d3f, pid=15500: mAttrs={(0,0)(fillxfill) sim={adjust=pan forwardNavigation} ty=BASE_APPLICATION wanim=0x1030001
02-05 17:40:52.414  1163  3935 V WindowManager:   fl=1810100
02-05 17:40:52.414  1163  3935 V WindowManager:   pfl=12020000
02-05 17:40:52.414  1163  3935 V WindowManager:   fitSides= naviIconColor=0}
02-05 17:40:52.414  1163  3935 I SurfaceControl: nativeRelease nativeObject s[496867018688]
02-05 17:40:52.414  1163  3935 I SurfaceControl: nativeRelease nativeObject e[496867018688]
02-05 17:40:52.415 15500 15500 I SurfaceControl: assignNativeObject: nativeObject = 0 Surface(name=null)/@0xb2f6be7 / android.view.SurfaceControl.readFromParcel:1117 android.view.IWindowSession$Stub$Proxy.relayout:1820 android.view.ViewRootImpl.relayoutWindow:9005 android.view.ViewRootImpl.performTraversals:3360 android.view.ViewRootImpl.doTraversal:2618 android.view.ViewRootImpl$TraversalRunnable.run:9971 android.view.Choreographer$CallbackRecord.run:1010 android.view.Choreographer.doCallbacks:809 android.view.Choreographer.doFrame:744 android.view.Choreographer$FrameDisplayEventReceiver.run:995
02-05 17:40:52.415 15500 15500 I ViewRootImpl@a2945a6[InstrumentationActivityInvoker$EmptyActivity]: Relayout returned: old=(0,0,1080,2400) new=(0,0,1080,2400) req=(1080,2400)0 dur=7 res=0x7 s={true 499198353408} ch=true fn=-1
02-05 17:40:52.416 15500 15565 I mali_winsys: new_window_surface() [1080x2400] return: 0x3000
02-05 17:40:52.417   716   953 D gralloc : [mali_gralloc_allocate] begin
02-05 17:40:52.417   716   953 D gralloc : buffer_descriptor: wh(1080 2400) usage_pc(0x40000000000b00 0x40000000000b00) hal_format(0x1) layer_count(1) sizes(0 0 0) strde(0) byte_stride(0) alloc_wh(0 0) internal_format(0x0) alloc_format(0x0) fd_count(1) plane_count(0)
02-05 17:40:52.417 15500 15500 I ViewRootImpl@a2945a6[InstrumentationActivityInvoker$EmptyActivity]: [DP] dp(1) 1 android.view.ViewRootImpl.reportNextDraw:10957 android.view.ViewRootImpl.performTraversals:3845 android.view.ViewRootImpl.doTraversal:2618
02-05 17:40:52.418 15500 15500 I ViewRootImpl@a2945a6[InstrumentationActivityInvoker$EmptyActivity]: [DP] pd() Asnyc report
02-05 17:40:52.419   716   953 D gralloc : [mali_gralloc_allocate] allocation successful
02-05 17:40:52.419 12858 16004 I RoleControllerService: grantDefaultRoles() is done
02-05 17:40:52.419   716   953 D gralloc : [mali_gralloc_allocate] begin
02-05 17:40:52.419   716   953 D gralloc : buffer_descriptor: wh(1080 2400) usage_pc(0x40000000000b00 0x40000000000b00) hal_format(0x1) layer_count(1) sizes(0 0 0) strde(0) byte_stride(0) alloc_wh(0 0) internal_format(0x0) alloc_format(0x0) fd_count(1) plane_count(0)
02-05 17:40:52.420   716   953 D gralloc : [mali_gralloc_allocate] allocation successful
02-05 17:40:52.421   716   957 D gralloc : [mali_gralloc_allocate] begin
02-05 17:40:52.421   716   957 D gralloc : buffer_descriptor: wh(1080 2400) usage_pc(0x40000000000b00 0x40000000000b00) hal_format(0x1) layer_count(1) sizes(0 0 0) strde(0) byte_stride(0) alloc_wh(0 0) internal_format(0x0) alloc_format(0x0) fd_count(1) plane_count(0)
02-05 17:40:52.421 15500 15500 I ViewRootImpl@a2945a6[InstrumentationActivityInvoker$EmptyActivity]: [DP] pdf(0) 1 android.view.ViewRootImpl.lambda$performDraw$1$ViewRootImpl:4668 android.view.-$$Lambda$ViewRootImpl$DJd0VUYJgsebcnSohO6h8zc_ONI.run:6 android.os.Handler.handleCallback:938
02-05 17:40:52.421 15500 15500 I ViewRootImpl@a2945a6[InstrumentationActivityInvoker$EmptyActivity]: [DP] rdf()
02-05 17:40:52.422   696   816 E Netd    : getNetworkForDns: getNetId from enterpriseCtrl is netid 0
02-05 17:40:52.422 15500 15500 I ViewRootImpl@e248882[InstrumentationActivityInvoker$EmptyActivity]: MSG_WINDOW_FOCUS_CHANGED 0 1
02-05 17:40:52.422   716   957 D gralloc : [mali_gralloc_allocate] allocation successful
02-05 17:40:52.422  1163  1240 W WindowManager: lockNow pending, ignore updating lockscreen timeout
02-05 17:40:52.424   789  2265 I Layer   : id=79620 removeFromCurrentState Surface(name=8c655e2 StatusBar)/@0x44a9b07 - animation-leash#0 (192)
02-05 17:40:52.424   789  2265 I Layer   : id=79621 removeFromCurrentState Surface(name=b29f82b NavigationBar0)/@0x8634759 - animation-leash#1 (192)
02-05 17:40:52.425  1163  1240 D PkgPredictorService: pkg:com.example.dogglers activity:androidx.test.core.app.InstrumentationActivityInvoker$EmptyActivity thisTime:62
02-05 17:40:52.427  1163  1240 W WindowManager: lockNow pending, ignore updating lockscreen timeout
02-05 17:40:52.428 15500 15500 I SurfaceControl: nativeRelease nativeObject s[499183207136]
02-05 17:40:52.428 15500 15500 I SurfaceControl: nativeRelease nativeObject e[499183207136]
02-05 17:40:52.428  1163  1240 I SemDvfsHyPerManager: acquire hyper - AMS_RESUME_TAIL/1163@22, type = -999
02-05 17:40:52.428 15500 15500 I SurfaceControl: nativeRelease nativeObject s[499183202528]
02-05 17:40:52.428 15500 15500 I SurfaceControl: nativeRelease nativeObject e[499183202528]
02-05 17:40:52.428 15500 15500 I SurfaceControl: nativeRelease nativeObject s[499183202336]
02-05 17:40:52.428 15500 15500 I SurfaceControl: nativeRelease nativeObject e[499183202336]
02-05 17:40:52.428  1163  1240 I SemDvfsHyPerManager: acquire hyper - AMS_ACT_LAZY/1163@23, type = -999
02-05 17:40:52.428   789  2265 I SurfaceFlinger: id=79621 Removed Surface(name=b29f82b NavigationBar0)/@0x8634759 - animation-leash#1 (192)
02-05 17:40:52.428   789  2265 I SurfaceFlinger: id=79620 Removed Surface(name=8c655e2 StatusBar)/@0x44a9b07 - animation-leash#0 (192)
02-05 17:40:52.429   726   817 I HYPER-HAL: [RequestManager.cpp]acquire(): Acquired ID : 702727  [1163 / 22]    HINT : AMS_RESUME_TAIL    list :
02-05 17:40:52.429   726   817 I HYPER-HAL: [ResourceManager.cpp]updateResource(): [CPUMinFreq] UpdateResource Request ID : 702727    Value : 1844882
02-05 17:40:52.429   726   817 I HYPER-HAL: [RequestManager.cpp]acquire(): Acquired ID : 703914  [1163 / 23]    HINT :      list :
02-05 17:40:52.429   726   817 E HYPER-HAL: [Request.cpp]acquire(): Request:: id : 703914, No Resource to set
02-05 17:40:52.429   726   817 I HYPER-HAL: [ResourceManager.cpp]removeResource(): [CPUMinFreq] RemoveResource Request ID : 700356
02-05 17:40:52.429   726   817 I HYPER-HAL: [RequestManager.cpp]releaseLocked(): Released ID : 700356
02-05 17:40:52.431  1163  1240 W WindowManager: lockNow pending, ignore updating lockscreen timeout
02-05 17:40:52.440   789   789 I Layer   : id=79620[1] Destroyed Surface(name=8c655e2 StatusBar)/@0x44a9b07 - animation-leash#0
02-05 17:40:52.440   789   789 I Layer   : id=79621[1] Destroyed Surface(name=b29f82b NavigationBar0)/@0x8634759 - animation-leash#1
02-05 17:40:52.440 15500 15565 I mali_egl: eglDestroySurface() in
02-05 17:40:52.441  1163  2104 I InputDispatcher: Focus entered window (15500): be32d3f in display 0 0
02-05 17:40:52.441 15500 15565 I mali_winsys: delete_surface() [1080x2400] return
02-05 17:40:52.441 15500 15565 I mali_egl: eglDestroySurface() out
02-05 17:40:52.441   789   835 E BufferQueueProducer: [com.example.dogglers/androidx.test.core.app.InstrumentationActivityInvoker$EmptyActivity$_15500#0](id:315000036b2,api:0,p:-1,c:789) disconnect: not connected (req=1)
02-05 17:40:52.441 15500 15565 W libEGL  : EGLNativeWindowType 0x742fb65010 disconnect failed
02-05 17:40:52.441  1163  2104 V WindowManager: Relayout Window{8ede489 u0 com.example.dogglers/androidx.test.core.app.InstrumentationActivityInvoker$EmptyActivity}: viewVisibility=8 req=1080x2400
02-05 17:40:52.442  1163  2104 W WindowManager: lockNow pending, ignore updating lockscreen timeout
02-05 17:40:52.443  1163  2104 V WindowManager: Relayout hash=8ede489, pid=15500: mAttrs={(0,0)(fillxfill) sim={adjust=pan forwardNavigation} ty=BASE_APPLICATION wanim=0x1030001
02-05 17:40:52.443  1163  2104 V WindowManager:   fl=1810100
02-05 17:40:52.443  1163  2104 V WindowManager:   pfl=12020000
02-05 17:40:52.443  1163  2104 V WindowManager:   fitSides= naviIconColor=0}
02-05 17:40:52.443 15500 15500 I SurfaceControl: nativeRelease nativeObject s[499014751616]
02-05 17:40:52.443 15500 15500 I SurfaceControl: nativeRelease nativeObject e[499014751616]
02-05 17:40:52.443 15500 15500 I SurfaceControl: assignNativeObject: nativeObject = 0 Surface(name=null)/@0x1bb8394 / android.view.SurfaceControl.readFromParcel:1117 android.view.IWindowSession$Stub$Proxy.relayout:1810 android.view.ViewRootImpl.relayoutWindow:9005 android.view.ViewRootImpl.performTraversals:3360 android.view.ViewRootImpl.doTraversal:2618 android.view.ViewRootImpl$TraversalRunnable.run:9971 android.view.Choreographer$CallbackRecord.run:1010 android.view.Choreographer.doCallbacks:809 android.view.Choreographer.doFrame:744 android.view.Choreographer$FrameDisplayEventReceiver.run:995
02-05 17:40:52.444 15500 15500 I SurfaceControl: assignNativeObject: nativeObject = 0 Surface(name=null)/@0xdb1eb93 / android.view.SurfaceControl.readFromParcel:1117 android.view.IWindowSession$Stub$Proxy.relayout:1820 android.view.ViewRootImpl.relayoutWindow:9005 android.view.ViewRootImpl.performTraversals:3360 android.view.ViewRootImpl.doTraversal:2618 android.view.ViewRootImpl$TraversalRunnable.run:9971 android.view.Choreographer$CallbackRecord.run:1010 android.view.Choreographer.doCallbacks:809 android.view.Choreographer.doFrame:744 android.view.Choreographer$FrameDisplayEventReceiver.run:995
02-05 17:40:52.444 15500 15500 I SurfaceControl: nativeRelease nativeObject s[497477719168]
02-05 17:40:52.444 15500 15500 I SurfaceControl: nativeRelease nativeObject e[497477719168]
02-05 17:40:52.444 15500 15500 I ViewRootImpl@e248882[InstrumentationActivityInvoker$EmptyActivity]: Relayout returned: old=(0,0,1080,2400) new=(0,0,1080,2400) req=(1080,2400)8 dur=3 res=0x5 s={false 0} ch=true fn=2
02-05 17:40:52.445  1163  1235 W WindowManager: lockNow pending, ignore updating lockscreen timeout
02-05 17:40:52.447 15500 15500 I ViewRootImpl@e248882[InstrumentationActivityInvoker$EmptyActivity]: stopped(true) old=false
02-05 17:40:52.447 15500 15500 D LifecycleMonitor: Lifecycle status change: androidx.test.core.app.InstrumentationActivityInvoker$EmptyActivity@9899391 in: STOPPED
02-05 17:40:52.447 15500 15500 D LifecycleMonitor: running callback: androidx.test.core.app.ActivityScenario$1@a170423
02-05 17:40:52.447 15500 15500 V ActivityScenario: Activity lifecycle changed event received but ignored because the intent does not match. startActivityIntent=Intent { act=android.intent.action.MAIN cat=[android.intent.category.LAUNCHER] cmp=com.example.dogglers/.MainActivity }, activity.getIntent()=Intent { act=android.intent.action.MAIN cat=[android.intent.category.LAUNCHER] flg=0x10000000 cmp=com.example.dogglers/androidx.test.core.app.InstrumentationActivityInvoker$EmptyActivity }, activity=androidx.test.core.app.InstrumentationActivityInvoker$EmptyActivity@9899391
02-05 17:40:52.447 15500 15500 D LifecycleMonitor: callback completes: androidx.test.core.app.ActivityScenario$1@a170423
02-05 17:40:52.456 15500 15500 D LifecycleMonitor: Lifecycle status change: androidx.test.core.app.InstrumentationActivityInvoker$EmptyActivity@9899391 in: DESTROYED
02-05 17:40:52.456 15500 15500 D LifecycleMonitor: running callback: androidx.test.core.app.ActivityScenario$1@a170423
02-05 17:40:52.456 15500 15500 V ActivityScenario: Activity lifecycle changed event received but ignored because the intent does not match. startActivityIntent=Intent { act=android.intent.action.MAIN cat=[android.intent.category.LAUNCHER] cmp=com.example.dogglers/.MainActivity }, activity.getIntent()=Intent { act=android.intent.action.MAIN cat=[android.intent.category.LAUNCHER] flg=0x10000000 cmp=com.example.dogglers/androidx.test.core.app.InstrumentationActivityInvoker$EmptyActivity }, activity=androidx.test.core.app.InstrumentationActivityInvoker$EmptyActivity@9899391
02-05 17:40:52.456 15500 15500 D LifecycleMonitor: callback completes: androidx.test.core.app.ActivityScenario$1@a170423
02-05 17:40:52.457 15500 15500 I ViewRootImpl@e248882[InstrumentationActivityInvoker$EmptyActivity]: dispatchDetachedFromWindow
02-05 17:40:52.458  1163  3935 D InputTransport: Input channel destroyed: '8ede489', fd=927
02-05 17:40:52.458  1163  3935 I SurfaceControl: nativeRelease nativeObject s[499183208864]
02-05 17:40:52.458  1163  3935 I SurfaceControl: nativeRelease nativeObject e[499183208864]
02-05 17:40:52.458  1163  3935 D WindowManager: isScreenshotDisabledLocked - win: Window{8ede489 u0 com.example.dogglers/androidx.test.core.app.InstrumentationActivityInvoker$EmptyActivity}
02-05 17:40:52.458  1163  3935 D WindowManager: isScreenshotDisabledLocked: userId = 0, disabled =false
02-05 17:40:52.458  1163  3935 I SurfaceControl: nativeRelease nativeObject s[496866862624]
02-05 17:40:52.458  1163  3935 I SurfaceControl: nativeRelease nativeObject e[496866862624]
02-05 17:40:52.458   789  1273 I SurfaceFlinger: id=79628 createSurf (0x0),-1 flag=24004, Surface(name=dbf3b45 InputMethod)/@0xf70bba8 - animation-leash#1
02-05 17:40:52.459  1163  3935 I SurfaceControl: nativeRelease nativeObject s[499183885856]
02-05 17:40:52.459  1163  3935 I SurfaceControl: nativeRelease nativeObject e[499183885856]
02-05 17:40:52.459   789   835 I Layer   : id=79619 removeFromCurrentState com.example.dogglers/androidx.test.core.app.InstrumentationActivityInvoker$EmptyActivity$_15500#0 (191)
02-05 17:40:52.460  1163  3935 W WindowManager: lockNow pending, ignore updating lockscreen timeout
02-05 17:40:52.460   789  1272 I Layer   : id=79618 removeFromCurrentState 8ede489 com.example.dogglers/androidx.test.core.app.InstrumentationActivityInvoker$EmptyActivity#0 (191)
02-05 17:40:52.460   789  1272 I Layer   : id=79622 removeFromCurrentState Surface(name=dbf3b45 InputMethod)/@0xf70bba8 - animation-leash#0 (191)
02-05 17:40:52.460   789   789 D SurfaceFlinger: Display 21442653864348033 HWC layers:
02-05 17:40:52.460   789   789 D SurfaceFlinger:      DEVICE | 0x7428c3f840 | 0002 | RGBA_8888    |    0.0    0.0 1080.0 2400.0 |    0    0 1080 2400 | com.example.dogglers/com.example.dogglers.VerticalListActivity$_15500#0
02-05 17:40:52.460   789   789 D SurfaceFlinger:      DEVICE | 0x7428c3e6c0 | 0000 | RGBA_8888    |    0.0    0.0 1080.0   88.0 |    0    0 1080   88 | StatusBar$_1680#0
02-05 17:40:52.460   789   789 D SurfaceFlinger:      DEVICE | 0x7428c3ea80 | 0000 | RGBA_8888    |    0.0    0.0 1080.0  144.0 |    0 2256 1080 2400 | NavigationBar0$_1680#0
