02-05 17:41:00.859 15500 15500 I ViewRootImpl@5669067[InstrumentationActivityInvoker$EmptyActivity]: MSG_WINDOW_FOCUS_CHANGED 1 1
02-05 17:41:00.859 15500 15500 D InputMethodManager: prepareNavigationBarInfo() DecorView@21d2368[InstrumentationActivityInvoker$EmptyActivity]
02-05 17:41:00.859 15500 15500 D InputMethodManager: getNavigationBarColor() -16711423
02-05 17:41:00.859 15500 15500 D InputMethodManager: prepareNavigationBarInfo() DecorView@21d2368[InstrumentationActivityInvoker$EmptyActivity]
02-05 17:41:00.859 15500 15500 D InputMethodManager: getNavigationBarColor() -16711423
02-05 17:41:00.859 15500 15500 V InputMethodManager: Starting input: tba=com.example.dogglers ic=null mNaviBarColor -16711423 mIsGetNaviBarColorSuccess true , NavVisible : true , NavTrans : false
02-05 17:41:00.859 15500 15500 D InputMethodManager: startInputInner - Id : 0
02-05 17:41:00.859 15500 15500 I InputMethodManager: startInputInner - mService.startInputOrWindowGainedFocus
02-05 17:41:00.860  1163  1793 D InputMethodManagerService: mSecureKeypadEnabled = false
02-05 17:41:00.860  1163  1793 V InputMethodManagerService: hideCurrentInputLocked : shouldHideSoftInput is false
02-05 17:41:00.860  1163  1793 D InputMethodManagerService: DESKTOP MODE! : 2
02-05 17:41:00.860  1163  1793 D InputMethodManagerService: NOT IN KNOX DESKTOP MODE!
02-05 17:41:00.860  1163  1793 V InputMethodManagerService: getDisplayIdOfInputMethodWindowToBeAdded : 0
02-05 17:41:00.860  1163  1793 D InputMethodManagerService: checkDisplayOfStartInputAndUpdateKeyboard display Id 0last 0
02-05 17:41:00.860  1163  1793 D InputTransport: Input channel constructed: 'ClientS', fd=964
02-05 17:41:00.860  1163  1793 D InputTransport: Input channel destroyed: 'ClientS', fd=964
02-05 17:41:00.860 15500 15500 D InputTransport: Input channel constructed: 'ClientS', fd=98
02-05 17:41:00.860 15500 15500 D InputTransport: Input channel destroyed: 'ClientS', fd=97
02-05 17:41:00.860 15500 15500 I ViewRootImpl@16ab813[InstrumentationActivityInvoker$EmptyActivity]: stopped(true) old=false
02-05 17:41:00.861 15500 15500 D LifecycleMonitor: Lifecycle status change: androidx.test.core.app.InstrumentationActivityInvoker$EmptyActivity@d947976 in: STOPPED
02-05 17:41:00.861 15500 15500 D LifecycleMonitor: running callback: androidx.test.core.app.ActivityScenario$1@f6c7f3e
02-05 17:41:00.861  1163  3939 I SurfaceControl: nativeRelease nativeObject s[496785828672]
02-05 17:41:00.861  1163  3939 I SurfaceControl: nativeRelease nativeObject e[496785828672]
02-05 17:41:00.861 15500 15500 V ActivityScenario: Activity lifecycle changed event received but ignored because the intent does not match. startActivityIntent=Intent { act=android.intent.action.MAIN cat=[android.intent.category.LAUNCHER] cmp=com.example.dogglers/.HorizontalListActivity }, activity.getIntent()=Intent { act=android.intent.action.MAIN cat=[android.intent.category.LAUNCHER] flg=0x10000000 cmp=com.example.dogglers/androidx.test.core.app.InstrumentationActivityInvoker$EmptyActivity }, activity=androidx.test.core.app.InstrumentationActivityInvoker$EmptyActivity@d947976
02-05 17:41:00.861 15500 15500 D LifecycleMonitor: callback completes: androidx.test.core.app.ActivityScenario$1@f6c7f3e
02-05 17:41:00.861   789   835 I SurfaceFlinger: id=80011 createSurf (0x0),-1 flag=24004, Surface(name=dbf3b45 InputMethod)/@0xf70bba8 - animation-leash#1
02-05 17:41:00.862  3640  3640 I GoogleInputMethodService: GoogleInputMethodService.onFinishInput():3316
02-05 17:41:00.863 15500 15500 D LifecycleMonitor: Lifecycle status change: androidx.test.core.app.InstrumentationActivityInvoker$EmptyActivity@d947976 in: DESTROYED
02-05 17:41:00.863 15500 15500 D LifecycleMonitor: running callback: androidx.test.core.app.ActivityScenario$1@f6c7f3e
02-05 17:41:00.863 15500 15500 V ActivityScenario: Activity lifecycle changed event received but ignored because the intent does not match. startActivityIntent=Intent { act=android.intent.action.MAIN cat=[android.intent.category.LAUNCHER] cmp=com.example.dogglers/.HorizontalListActivity }, activity.getIntent()=Intent { act=android.intent.action.MAIN cat=[android.intent.category.LAUNCHER] flg=0x10000000 cmp=com.example.dogglers/androidx.test.core.app.InstrumentationActivityInvoker$EmptyActivity }, activity=androidx.test.core.app.InstrumentationActivityInvoker$EmptyActivity@d947976
02-05 17:41:00.863 15500 15500 D LifecycleMonitor: callback completes: androidx.test.core.app.ActivityScenario$1@f6c7f3e
02-05 17:41:00.863 15500 15500 I ViewRootImpl@16ab813[InstrumentationActivityInvoker$EmptyActivity]: dispatchDetachedFromWindow
02-05 17:41:00.863  1163  3939 D InputTransport: Input channel destroyed: '9c6cf1b', fd=934
02-05 17:41:00.863  1163  3939 I SurfaceControl: nativeRelease nativeObject s[496785828768]
02-05 17:41:00.863  1163  3939 I SurfaceControl: nativeRelease nativeObject e[496785828768]
02-05 17:41:00.863  3640  3640 I GoogleInputMethodService: GoogleInputMethodService.updateDeviceLockedStatus():2181 checkRepeatedly = false, unlocked = true
02-05 17:41:00.863  1163  3939 D WindowManager: isScreenshotDisabledLocked - win: Window{9c6cf1b u0 com.example.dogglers/androidx.test.core.app.InstrumentationActivityInvoker$EmptyActivity}
02-05 17:41:00.863  1163  3939 D WindowManager: isScreenshotDisabledLocked: userId = 0, disabled =false
02-05 17:41:00.863  3640  3640 D InputMethodService: checkDisplayOfStartInputAndUpdateKeyboard display Id 0last 0
02-05 17:41:00.863  1163  3939 I SurfaceControl: nativeRelease nativeObject s[496785829248]
02-05 17:41:00.864  1163  3939 I SurfaceControl: nativeRelease nativeObject e[496785829248]
02-05 17:41:00.864  3640  3640 I GoogleInputMethodService: GoogleInputMethodService.onStartInput():1989
02-05 17:41:00.864   789   835 I Layer   : id=80002 removeFromCurrentState com.example.dogglers/androidx.test.core.app.InstrumentationActivityInvoker$EmptyActivity$_15500#0 (204)
02-05 17:41:00.864  3640  3640 I GoogleInputMethodService: GoogleInputMethodService.updateDeviceLockedStatus():2181 checkRepeatedly = true, unlocked = true
02-05 17:41:00.864  1163  3939 W WindowManager: lockNow pending, ignore updating lockscreen timeout
02-05 17:41:00.865   789   834 I Layer   : id=80005 removeFromCurrentState Surface(name=dbf3b45 InputMethod)/@0xf70bba8 - animation-leash#0 (204)
02-05 17:41:00.865   789   834 I Layer   : id=80001 removeFromCurrentState 9c6cf1b com.example.dogglers/androidx.test.core.app.InstrumentationActivityInvoker$EmptyActivity#0 (204)
02-05 17:41:00.865 15500 15500 D InputTransport: Input channel destroyed: '9c6cf1b', fd=100
02-05 17:41:00.866  1163  1793 I SurfaceControl: nativeRelease nativeObject s[496861208320]
02-05 17:41:00.866  1163  1793 I SurfaceControl: nativeRelease nativeObject e[496861208320]
02-05 17:41:00.866   789  1273 I SurfaceFlinger: id=80001 Removed 9c6cf1b com.example.dogglers/androidx.test.core.app.InstrumentationActivityInvoker$EmptyActivity#0 (204)
02-05 17:41:00.866   789   835 I SurfaceFlinger: id=80002 Removed com.example.dogglers/androidx.test.core.app.InstrumentationActivityInvoker$EmptyActivity$_15500#0 (204)
02-05 17:41:00.868   789   789 I Layer   : id=80001[1] Destroyed 9c6cf1b com.example.dogglers/androidx.test.core.app.InstrumentationActivityInvoker$EmptyActivity#0
02-05 17:41:00.868   789   789 I Layer   : id=80002[1] Destroyed com.example.dogglers/androidx.test.core.app.InstrumentationActivityInvoker$EmptyActivity$_15500#0
02-05 17:41:00.868  1163  3939 I InputDispatcher: Focus left window (15500): f583a7e in display 0 0
02-05 17:41:00.870 15500 15500 D LifecycleMonitor: Lifecycle status change: androidx.test.core.app.InstrumentationActivityInvoker$EmptyActivity@c60245a in: PAUSED
02-05 17:41:00.870 15500 15500 D LifecycleMonitor: running callback: androidx.test.core.app.ActivityScenario$1@f6c7f3e
02-05 17:41:00.871 15500 15500 V ActivityScenario: Activity lifecycle changed event received but ignored because the intent does not match. startActivityIntent=Intent { act=android.intent.action.MAIN cat=[android.intent.category.LAUNCHER] cmp=com.example.dogglers/.HorizontalListActivity }, activity.getIntent()=Intent { act=android.intent.action.MAIN cat=[android.intent.category.LAUNCHER] flg=0x10000000 cmp=com.example.dogglers/androidx.test.core.app.InstrumentationActivityInvoker$EmptyActivity }, activity=androidx.test.core.app.InstrumentationActivityInvoker$EmptyActivity@c60245a
02-05 17:41:00.871 15500 15500 D LifecycleMonitor: callback completes: androidx.test.core.app.ActivityScenario$1@f6c7f3e
02-05 17:41:00.871   789   835 I Layer   : id=79998 removeFromCurrentState ActivityRecord{ac05321 u0 com.example.dogglers/androidx.test.core.app.InstrumentationActivityInvoker$EmptyActivity t12737}#0 (202)
02-05 17:41:00.872   789   835 I SurfaceFlinger: id=79998 Removed ActivityRecord{ac05321 u0 com.example.dogglers/androidx.test.core.app.InstrumentationActivityInvoker$EmptyActivity t12737}#0 (202)
02-05 17:41:00.873  1163  1793 I SemDvfsHyPerManager: acquire hyper - AMS_APP_HOME/1163@35, type = -999
02-05 17:41:00.873   726   817 I HYPER-HAL: [RequestManager.cpp]acquire(): Acquired ID : 718236  [1163 / 35]    HINT : AMS_APP_HOME    list :
02-05 17:41:00.874  4183  4183 I SemDvfsHyPerManager: acquire hyper - com.sec.android.sdhms/4183@9, type = -999
02-05 17:41:00.874   726   817 I HYPER-HAL: [ResourceManager.cpp]updateResource(): [CPUMinFreq] UpdateResource Request ID : 718236    Value : 2623359
02-05 17:41:00.874   726   817 I HYPER-HAL: [RequestManager.cpp]acquire(): Acquired ID : 8788537  [4183 / 9]    HINT : APP_START    list :
02-05 17:41:00.874   726   817 I HYPER-HAL: [ResourceManager.cpp]updateResource(): [CPUMaxFreq] UpdateResource Request ID : 8788537    Value : 2730000
02-05 17:41:00.874  1163  1793 V WindowOrientationListener: getProposedRotation: 0
02-05 17:41:00.877  1163  1793 W WindowManager: lockNow pending, ignore updating lockscreen timeout
02-05 17:41:00.878  1163  1796 D SamsungIMMSHWKeyboard: isConnectedDexOnPC false
02-05 17:41:00.878 15500 15500 I SurfaceControl: nativeRelease nativeObject s[497483545728]
02-05 17:41:00.878 15500 15500 I SurfaceControl: nativeRelease nativeObject e[497483545728]
02-05 17:41:00.878 15500 15500 I SurfaceControl: nativeRelease nativeObject s[499183204832]
02-05 17:41:00.878 15500 15500 I SurfaceControl: nativeRelease nativeObject e[499183204832]
02-05 17:41:00.878  1163  1796 D InputMethodManagerService: isImeSwitcherDisabledPackage : false
02-05 17:41:00.878 15500 15500 I ViewRootImpl@5669067[InstrumentationActivityInvoker$EmptyActivity]: MSG_WINDOW_FOCUS_CHANGED 0 1
02-05 17:41:00.879 15500 15559 E TestRunner: failed: horizontal_scroll_content_at_last_position(com.example.dogglers.HorizontalListTests)
02-05 17:41:00.879 15500 15559 E TestRunner: ----- begin exception -----
02-05 17:41:00.879 15500 15559 E TestRunner: androidx.test.espresso.PerformException: Error performing 'scroll RecyclerView to position: 5' on view 'Animations or transitions are enabled on the target device.
02-05 17:41:00.879 15500 15559 E TestRunner: For more info check: https://developer.android.com/training/testing/espresso/setup#set-up-environment
02-05 17:41:00.879 15500 15559 E TestRunner:
02-05 17:41:00.879 15500 15559 E TestRunner: with id is <com.example.dogglers:id/horizontal_recycler_view>'.
02-05 17:41:00.879 15500 15559 E TestRunner: 	at androidx.test.espresso.PerformException$Builder.build(PerformException.java:5)
02-05 17:41:00.879 15500 15559 E TestRunner: 	at androidx.test.espresso.base.DefaultFailureHandler.getUserFriendlyError(DefaultFailureHandler.java:25)
02-05 17:41:00.879 15500 15559 E TestRunner: 	at androidx.test.espresso.base.DefaultFailureHandler.handle(DefaultFailureHandler.java:36)
02-05 17:41:00.879 15500 15559 E TestRunner: 	at androidx.test.espresso.ViewInteraction.waitForAndHandleInteractionResults(ViewInteraction.java:106)
02-05 17:41:00.879 15500 15559 E TestRunner: 	at androidx.test.espresso.ViewInteraction.desugaredPerform(ViewInteraction.java:43)
02-05 17:41:00.879 15500 15559 E TestRunner: 	at androidx.test.espresso.ViewInteraction.perform(ViewInteraction.java:94)
02-05 17:41:00.879 15500 15559 E TestRunner: 	at com.example.dogglers.HorizontalListTests.horizontal_scroll_content_at_last_position(HorizontalListTests.kt:48)
02-05 17:41:00.879 15500 15559 E TestRunner: 	at java.lang.reflect.Method.invoke(Native Method)
02-05 17:41:00.879 15500 15559 E TestRunner: 	at org.junit.runners.model.FrameworkMethod$1.runReflectiveCall(FrameworkMethod.java:50)
02-05 17:41:00.879 15500 15559 E TestRunner: 	at org.junit.internal.runners.model.ReflectiveCallable.run(ReflectiveCallable.java:12)
02-05 17:41:00.879 15500 15559 E TestRunner: 	at org.junit.runners.model.FrameworkMethod.invokeExplosively(FrameworkMethod.java:47)
02-05 17:41:00.879 15500 15559 E TestRunner: 	at org.junit.internal.runners.statements.InvokeMethod.evaluate(InvokeMethod.java:17)
02-05 17:41:00.879 15500 15559 E TestRunner: 	at org.junit.rules.ExternalResource$1.evaluate(ExternalResource.java:48)
02-05 17:41:00.879 15500 15559 E TestRunner: 	at org.junit.rules.RunRules.evaluate(RunRules.java:20)
02-05 17:41:00.879 15500 15559 E TestRunner: 	at org.junit.runners.ParentRunner.runLeaf(ParentRunner.java:325)
02-05 17:41:00.879 15500 15559 E TestRunner: 	at org.junit.runners.BlockJUnit4ClassRunner.runChild(BlockJUnit4ClassRunner.java:78)
02-05 17:41:00.879 15500 15559 E TestRunner: 	at org.junit.runners.BlockJUnit4ClassRunner.runChild(BlockJUnit4ClassRunner.java:57)
02-05 17:41:00.879 15500 15559 E TestRunner: 	at org.junit.runners.ParentRunner$3.run(ParentRunner.java:290)
02-05 17:41:00.879 15500 15559 E TestRunner: 	at org.junit.runners.ParentRunner$1.schedule(ParentRunner.java:71)
02-05 17:41:00.879 15500 15559 E TestRunner: 	at org.junit.runners.ParentRunner.runChildren(ParentRunner.java:288)
02-05 17:41:00.879 15500 15559 E TestRunner: 	at org.junit.runners.ParentRunner.access$000(ParentRunner.java:58)
02-05 17:41:00.879 15500 15559 E TestRunner: 	at org.junit.runners.ParentRunner$2.evaluate(ParentRunner.java:268)
02-05 17:41:00.879 15500 15559 E TestRunner: 	at org.junit.runners.ParentRunner.run(ParentRunner.java:363)
02-05 17:41:00.879 15500 15559 E TestRunner: 	at androidx.test.ext.junit.runners.AndroidJUnit4.run(AndroidJUnit4.java:154)
02-05 17:41:00.879 15500 15559 E TestRunner: 	at org.junit.runners.Suite.runChild(Suite.java:128)
02-05 17:41:00.879 15500 15559 E TestRunner: 	at org.junit.runners.Suite.runChild(Suite.java:27)
02-05 17:41:00.879 15500 15559 E TestRunner: 	at org.junit.runners.ParentRunner$3.run(ParentRunner.java:290)
02-05 17:41:00.879 15500 15559 E TestRunner: 	at org.junit.runners.ParentRunner$1.schedule(ParentRunner.java:71)
02-05 17:41:00.879 15500 15559 E TestRunner: 	at org.junit.runners.ParentRunner.runChildren(ParentRunner.java:288)
02-05 17:41:00.879 15500 15559 E TestRunner: 	at org.junit.runners.ParentRunner.access$000(ParentRunner.java:58)
02-05 17:41:00.879 15500 15559 E TestRunner: 	at org.junit.runners.ParentRunner$2.evaluate(ParentRunner.java:268)
02-05 17:41:00.879 15500 15559 E TestRunner: 	at org.junit.runners.ParentRunner.run(ParentRunner.java:363)
02-05 17:41:00.879 15500 15559 E TestRunner: 	at org.junit.runner.JUnitCore.run(JUnitCore.java:137)
02-05 17:41:00.879 15500 15559 E TestRunner: 	at org.junit.runner.JUnitCore.run(JUnitCore.java:115)
02-05 17:41:00.879 15500 15559 E TestRunner: 	at androidx.test.internal.runner.TestExecutor.execute(TestExecutor.java:56)
02-05 17:41:00.879 15500 15559 E TestRunner: 	at androidx.test.runner.AndroidJUnitRunner.onStart(AndroidJUnitRunner.java:395)
02-05 17:41:00.879 15500 15559 E TestRunner: 	at android.app.Instrumentation$InstrumentationThread.run(Instrumentation.java:2218)
02-05 17:41:00.879 15500 15559 E TestRunner: Caused by: java.lang.RuntimeException: Action will not be performed because the target view does not match one or more of the following constraints:
02-05 17:41:00.879 15500 15559 E TestRunner: (is assignable from class: class androidx.recyclerview.widget.RecyclerView and is displayed on the screen to the user)
02-05 17:41:00.879 15500 15559 E TestRunner: Target view: "RecyclerView{id=2131230909, res-name=horizontal_recycler_view, visibility=VISIBLE, width=1080, height=0, has-focus=false, has-focusable=true, has-window-focus=true, is-clickable=false, is-enabled=true, is-focused=false, is-focusable=true, is-layout-requested=false, is-selected=false, layout-params=android.widget.FrameLayout$LayoutParams@6fca395, tag=null, root-is-layout-requested=false, has-input-connection=false, x=0.0, y=1000.0, child-count=0}"
02-05 17:41:00.879 15500 15559 E TestRunner: 	at androidx.test.espresso.ViewInteraction.doPerform(ViewInteraction.java:63)
02-05 17:41:00.879 15500 15559 E TestRunner: 	at androidx.test.espresso.ViewInteraction.access$100(ViewInteraction.java:15)
02-05 17:41:00.879 15500 15559 E TestRunner: 	at androidx.test.espresso.ViewInteraction$1.call(ViewInteraction.java:3)
02-05 17:41:00.879 15500 15559 E TestRunner: 	at androidx.test.espresso.ViewInteraction$1.call(ViewInteraction.java:2)
02-05 17:41:00.879 15500 15559 E TestRunner: 	at java.util.concurrent.FutureTask.run(FutureTask.java:266)
02-05 17:41:00.879 15500 15559 E TestRunner: 	at android.os.Handler.handleCallback(Handler.java:938)
02-05 17:41:00.879 15500 15559 E TestRunner: 	at android.os.Handler.dispatchMessage(Handler.java:99)
02-05 17:41:00.879 15500 15559 E TestRunner: 	at android.os.Looper.loop(Looper.java:246)
02-05 17:41:00.879 15500 15559 E TestRunner: 	at android.app.ActivityThread.main(ActivityThread.java:8633)
02-05 17:41:00.879 15500 15559 E TestRunner: 	at java.lang.reflect.Method.invoke(Native Method)
02-05 17:41:00.879 15500 15559 E TestRunner: 	at com.android.internal.os.RuntimeInit$MethodAndArgsCaller.run(RuntimeInit.java:602)
02-05 17:41:00.879 15500 15559 E TestRunner: 	at com.android.internal.os.ZygoteInit.main(ZygoteInit.java:1130)
02-05 17:41:00.879 15500 15559 E TestRunner: ----- end exception -----
02-05 17:41:00.880 15500 15559 I TestRunner: finished: horizontal_scroll_content_at_last_position(com.example.dogglers.HorizontalListTests)
