02-05 17:40:51.919 15500 15500 D InputMethodManager: prepareNavigationBarInfo() DecorView@adb1a74[MainActivity]
02-05 17:40:51.919 15500 15500 D InputMethodManager: getNavigationBarColor() -16711423
02-05 17:40:51.919 15500 15500 V InputMethodManager: Starting input: tba=com.example.dogglers ic=null mNaviBarColor -16711423 mIsGetNaviBarColorSuccess true , NavVisible : true , NavTrans : false
02-05 17:40:51.919 15500 15500 D InputMethodManager: startInputInner - Id : 0
02-05 17:40:51.919 15500 15500 I InputMethodManager: startInputInner - mService.startInputOrWindowGainedFocus
02-05 17:40:51.920  1163  3938 D InputMethodManagerService: mSecureKeypadEnabled = false
02-05 17:40:51.922  1163  3938 V InputMethodManagerService: hideCurrentInputLocked : shouldHideSoftInput is false
02-05 17:40:51.922  1163  3938 D InputMethodManagerService: DESKTOP MODE! : 2
02-05 17:40:51.922  1163  3938 D InputMethodManagerService: NOT IN KNOX DESKTOP MODE!
02-05 17:40:51.922  1163  3938 V InputMethodManagerService: getDisplayIdOfInputMethodWindowToBeAdded : 0
02-05 17:40:51.922  1163  3938 D SamsungIMMSHWKeyboard: isConnectedDexOnPC false
02-05 17:40:51.922  1163  3938 D InputMethodManagerService: isImeSwitcherDisabledPackage : false
02-05 17:40:51.923  1163  3938 D InputMethodManagerService: checkDisplayOfStartInputAndUpdateKeyboard display Id 0last 0
02-05 17:40:51.923  1163  3938 D InputTransport: Input channel constructed: 'ClientS', fd=744
02-05 17:40:51.923  1163  3938 D InputTransport: Input channel destroyed: 'ClientS', fd=744
02-05 17:40:51.923 15500 15500 D InputTransport: Input channel constructed: 'ClientS', fd=97
02-05 17:40:51.925  5089  5538 I PageOverlayServiceImpl: [FROM HOME] updateActivityLifecycleState : 4
02-05 17:40:51.925  5089  5089 I PageOverlayCoordinator: onUiStopped
02-05 17:40:51.925  5089  5089 I PageOverlayRootLayout: onUiStopped
02-05 17:40:51.934 15500 15500 D IdlingResourceRegistry: All idling resources are idle.
02-05 17:40:51.934 15500 15500 D IdlingResourceRegistry: All idling resources are idle.
02-05 17:40:51.935 15500 15500 I ViewInteraction: Performing 'single click' action on view with id is <com.example.dogglers:id/vertical_btn>
02-05 17:40:51.936  1163  3938 V WindowManager: Relayout Window{f87dac6 u0 com.samsung.android.app.spage}: viewVisibility=8 req=0x2168
02-05 17:40:51.936  1680  1680 D SecStatusBarMobileView: setStaticDrawableColor:
02-05 17:40:51.936  1163  3938 W WindowManager: lockNow pending, ignore updating lockscreen timeout
02-05 17:40:51.937  1163  1793 D InputDispatcher: Inject motion (15500): action=0x0, time=307845893000000, f=0x0, d=0
02-05 17:40:51.937  1163  1404 D InputDispatcher: pointer touchable region used!
02-05 17:40:51.937  1163  1404 W InputDispatcher: obscured by Splash Screen
02-05 17:40:51.937  1163  1404 I InputDispatcher: Delivering touch to (1680): action: 0x4, f=0x0, d=0, 'b29f82b', t=0
02-05 17:40:51.937  1163  1404 I InputDispatcher: Delivering touch to (15500): action: 0x0, f=0x1, d=0, '89bf669', t=0
02-05 17:40:51.938 15500 15500 I ViewRootImpl@7f19b37[MainActivity]: ViewPostIme pointer 0
02-05 17:40:51.938  1163  3938 V WindowManager: Relayout hash=f87dac6, pid=5089: mAttrs={(0,0)(0xfill) sim={adjust=pan} ty=APPLICATION_PANEL fmt=RGBA_8888
02-05 17:40:51.938  1163  3938 V WindowManager:   fl=1000018
02-05 17:40:51.938  1163  3938 V WindowManager:   pfl=2000040
02-05 17:40:51.938  1163  3938 V WindowManager:   fitTypes=STATUS_BARS NAVIGATION_BARS CAPTION_BAR IME naviIconColor=0}
02-05 17:40:51.939  5089  5089 I SurfaceControl: assignNativeObject: nativeObject = 0 Surface(name=null)/@0xb12fb6b / android.view.SurfaceControl.readFromParcel:1117 android.view.IWindowSession$Stub$Proxy.relayout:1810 android.view.ViewRootImpl.relayoutWindow:9005 android.view.ViewRootImpl.performTraversals:3360 android.view.ViewRootImpl.doTraversal:2618 android.view.ViewRootImpl$TraversalRunnable.run:9971 android.view.Choreographer$CallbackRecord.run:1010 android.view.Choreographer.doCallbacks:809 android.view.Choreographer.doFrame:744 android.view.Choreographer$FrameDisplayEventReceiver.run:995
02-05 17:40:51.939  5089  5089 I SurfaceControl: assignNativeObject: nativeObject = 0 Surface(name=null)/@0xf71d6c8 / android.view.SurfaceControl.readFromParcel:1117 android.view.IWindowSession$Stub$Proxy.relayout:1820 android.view.ViewRootImpl.relayoutWindow:9005 android.view.ViewRootImpl.performTraversals:3360 android.view.ViewRootImpl.doTraversal:2618 android.view.ViewRootImpl$TraversalRunnable.run:9971 android.view.Choreographer$CallbackRecord.run:1010 android.view.Choreographer.doCallbacks:809 android.view.Choreographer.doFrame:744 android.view.Choreographer$FrameDisplayEventReceiver.run:995
02-05 17:40:51.939  5089  5089 I ViewRootImpl@7fb81b0[]: Relayout returned: old=(540,88,540,2256) new=(540,88,540,2256) req=(0,2168)8 dur=6 res=0x1 s={false 0} ch=false fn=-1
02-05 17:40:51.944  1163  3970 I SurfaceControl: nativeRelease nativeObject s[499038981248]
02-05 17:40:51.944  1163  3970 I SurfaceControl: nativeRelease nativeObject e[499038981248]
02-05 17:40:51.944   789   834 I SurfaceFlinger: id=79604 createSurf (0x0),-1 flag=24004, Surface(name=dbf3b45 InputMethod)/@0xf70bba8 - animation-leash#0
02-05 17:40:51.946  3640  3640 I GoogleInputMethodService: GoogleInputMethodService.onFinishInput():3316
02-05 17:40:51.947  3640  3640 I GoogleInputMethodService: GoogleInputMethodService.updateDeviceLockedStatus():2181 checkRepeatedly = false, unlocked = true
02-05 17:40:51.947  3640  3640 D InputMethodService: checkDisplayOfStartInputAndUpdateKeyboard display Id 0last 0
02-05 17:40:51.947  3640  3640 I GoogleInputMethodService: GoogleInputMethodService.onStartInput():1989
02-05 17:40:51.947  3640  3640 I GoogleInputMethodService: GoogleInputMethodService.updateDeviceLockedStatus():2181 checkRepeatedly = true, unlocked = true
02-05 17:40:51.950  1680  1680 D SecStatusBarMobileView: setStaticDrawableColor:
02-05 17:40:51.950   789   835 I Layer   : id=79587 removeFromCurrentState Surface(name=dbf3b45 InputMethod)/@0xf70bba8 - animation-leash#1 (186)
02-05 17:40:51.951 15500 15500 D IdlingResourceRegistry: All idling resources are idle.
02-05 17:40:51.951 15500 15500 D IdlingResourceRegistry: All idling resources are idle.
02-05 17:40:51.953   789   789 D SurfaceFlinger: Display 21442653864348033 HWC layers:
02-05 17:40:51.953   789   789 D SurfaceFlinger:      DEVICE | 0x7407b64280 | 0002 | RGBA_8888    |    0.0    0.0 1080.0 2400.0 |    0    0 1080 2400 | com.example.dogglers/com.example.dogglers.MainActivity$_15500#0
02-05 17:40:51.953   789   789 D SurfaceFlinger:      DEVICE | 0x7428c3fe80 | 0002 | RGBA_8888    |    0.0    0.0 1080.0 2400.0 |    0    0 1080 2400 | Splash Screen com.example.dogglers#0
02-05 17:40:51.953   789   789 D SurfaceFlinger:      DEVICE | 0x7408500740 | 0000 | RGBA_8888    |    0.0    0.0 1080.0   88.0 |    0    0 1080   88 | StatusBar$_1680#0
02-05 17:40:51.953   789   789 D SurfaceFlinger:      DEVICE | 0x7428c3ea80 | 0000 | RGBA_8888    |    0.0    0.0 1080.0  144.0 |    0 2256 1080 2400 | NavigationBar0$_1680#0
02-05 17:40:51.953   789   789 D SurfaceFlinger:      DEVICE | 0x7408191180 | 0000 | RGBA_8888    |    0.0    0.0 1080.0  125.0 |    0    0 1080  125 | ScreenDecorOverlay$_1680#0
02-05 17:40:51.953   789   789 D SurfaceFlinger:      DEVICE | 0x7428c3f480 | 0000 | RGBA_8888    |    0.0    0.0 1080.0  112.0 |    0 2288 1080 2400 | ScreenDecorOverlayBottom$_1680#0
02-05 17:40:51.953   789   789 D SurfaceFlinger:
02-05 17:40:51.953  2003  2003 I SurfaceControl: nativeRelease nativeObject s[499183204832]
02-05 17:40:51.953  2003  2003 I SurfaceControl: nativeRelease nativeObject e[499183204832]
02-05 17:40:51.955  1163  3938 D SamsungIMMSHWKeyboard: isConnectedDexOnPC false
02-05 17:40:51.955 15500 15500 I SurfaceControl: nativeRelease nativeObject s[499183200896]
02-05 17:40:51.955  1163  3938 D InputMethodManagerService: isImeSwitcherDisabledPackage : false
02-05 17:40:51.955 15500 15500 I SurfaceControl: nativeRelease nativeObject e[499183200896]
02-05 17:40:51.955 15500 15500 I SurfaceControl: nativeRelease nativeObject s[497483550144]
02-05 17:40:51.955 15500 15500 I SurfaceControl: nativeRelease nativeObject e[497483550144]
02-05 17:40:51.956  2151  2151 D RegisteredServicesCache: com.samsung.android.scloud is not related HCE package
02-05 17:40:51.958  1680  1680 D SPluginManagerImpl: onReceive: android.intent.action.PACKAGE_CHANGED, size:{com.android.systemui.statusbar.phone.NavBarInteractorManager$1@542b73=SPluginInstanceManager@34653194 (action=com.samsung.systemui.navigationbar.PLUGIN), com.samsung.android.systemui.multistar.MultiStarManager$1@34963ad=SPluginInstanceManager@110802043 (action=com.samsung.systemui.action.PLUGIN_MULTISTAR), com.android.systemui.BixbyInteractor$1@3c2e123=SPluginInstanceManager@83788440 (action=com.samsung.systemui.bixby2.PLUGIN), com.android.systemui.pluginlock.PluginLockMediatorImpl@9f6a960=SPluginInstanceManager@95951601 (action=com.samsung.systemui.action.PLUGIN_LOCK), com.android.systemui.slimindicator.SlimIndicatorPluginMediator@a1a1876=SPluginInstanceManager@251598550 (action=com.samsung.systemui.action.SPLUGIN_SLIMINDICATOR), com.android.systemui.volume.VolumeStarInteractor$1@af10005=SPluginInstanceManager@185998679 (action=com.samsung.systemui.volume.PLUGIN), com.android.systemui.noticenter.NotiCenterPlugin$NotiCenterPluginListener@dee22b4=SPluginInstanceManager@228929604 (action=com.samsung.systemui.action.PLUGIN_NOTICENTER)}
02-05 17:40:51.958  1680  1680 D KeyguardUpdateMonitor: received broadcast android.intent.action.PACKAGE_CHANGED
02-05 17:40:51.958 15500 15500 D IdlingResourceRegistry: All idling resources are idle.
02-05 17:40:51.959 15500 15500 D IdlingResourceRegistry: All idling resources are idle.
02-05 17:40:51.959  1680  1680 D FaceWidgetMetadataParser: updatePackage() com.samsung.android.scloud false
02-05 17:40:51.959  1680  1680 W FaceWidgetMetadataParser: updatePackage() there is no metadata
02-05 17:40:51.959  1680  1680 D FaceWidgetMetadataParser: removePackage() key = com.samsung.android.scloud
02-05 17:40:51.961  1663  1663 V AvrcpMediaPlayerList: mPackageChangedBroadcastReceiver: action: android.intent.action.PACKAGE_CHANGED
02-05 17:40:51.961  2151  2151 D RegisteredNfcFServicesCache: Service unchanged, not updating
02-05 17:40:51.963  8795  8842 I SystemBroadcastReceiver: [#CMH#] onReceive completed :  0
02-05 17:40:51.965  8795  8795 I ControllerEventHandler: [#CMH#] onPackageChanged()  null
02-05 17:40:51.965 15500 15500 D IdlingResourceRegistry: All idling resources are idle.
02-05 17:40:51.965 15500 15500 D IdlingResourceRegistry: All idling resources are idle.
02-05 17:40:51.966  1163  1240 I SurfaceControl: nativeRelease nativeObject s[496871094336]
02-05 17:40:51.966  1163  1240 I SurfaceControl: nativeRelease nativeObject e[496871094336]
02-05 17:40:51.968  1163  1240 I SurfaceControl: nativeRelease nativeObject s[496884985984]
02-05 17:40:51.968  1163  1240 I SurfaceControl: nativeRelease nativeObject e[496884985984]
02-05 17:40:51.968   789  1273 I Layer   : id=79591 removeFromCurrentState Splash Screen com.example.dogglers#0 (186)
02-05 17:40:51.968  1163  1240 I SurfaceControl: nativeRelease nativeObject s[496867020704]
02-05 17:40:51.968  1163  1240 I SurfaceControl: nativeRelease nativeObject e[496867020704]
02-05 17:40:51.969  1163  1240 W WindowManager: lockNow pending, ignore updating lockscreen timeout
02-05 17:40:51.970   789  1273 I Layer   : id=79590 removeFromCurrentState 2e521db Splash Screen com.example.dogglers#0 (186)
02-05 17:40:51.970   789  1273 I Layer   : id=79603 removeFromCurrentState Surface(name=2e521db Splash Screen com.example.dogglers)/@0x92fcba8 - animation-leash#0 (186)
02-05 17:40:51.970 15500 15500 D IdlingResourceRegistry: All idling resources are idle.
02-05 17:40:51.970 15500 15500 D IdlingResourceRegistry: All idling resources are idle.
02-05 17:40:51.971   789  1272 I SurfaceFlinger: id=79590 Removed 2e521db Splash Screen com.example.dogglers#0 (186)
02-05 17:40:51.971   789  1272 I SurfaceFlinger: id=79603 Removed Surface(name=2e521db Splash Screen com.example.dogglers)/@0x92fcba8 - animation-leash#0 (186)
02-05 17:40:51.971   789  1272 I SurfaceFlinger: id=79591 Removed Splash Screen com.example.dogglers#0 (186)
02-05 17:40:51.972  1680  1680 D SecStatusBarMobileView: setStaticDrawableColor:
02-05 17:40:51.974 15500 15500 D IdlingResourceRegistry: All idling resources are idle.
02-05 17:40:51.974 15500 15500 D IdlingResourceRegistry: All idling resources are idle.
02-05 17:40:51.976 15500 15500 D IdlingResourceRegistry: All idling resources are idle.
02-05 17:40:51.976 15500 15500 D IdlingResourceRegistry: All idling resources are idle.
02-05 17:40:51.977  1163  3938 D InputDispatcher: Inject motion (15500): action=0x1, time=307845934000000, f=0x0, d=0
02-05 17:40:51.977  1163  1404 I InputDispatcher: Delivering touch to (15500): action: 0x1, f=0x1, d=0, '89bf669', t=1
02-05 17:40:51.978 15500 15500 I ViewRootImpl@7f19b37[MainActivity]: ViewPostIme pointer 1
02-05 17:40:51.978  2151  2151 D RegisteredComponentCache: Collect Tech packages for Knox
02-05 17:40:51.979  1163  1793 I SemDvfsHyPerManager: acquire hyper - AMS_ACT_START/1163@20, type = -999
02-05 17:40:51.980   726   817 I HYPER-HAL: [RequestManager.cpp]acquire(): Acquired ID : 700356  [1163 / 20]    HINT : AMS_ACT_START    list :
02-05 17:40:51.980   789  1273 I SurfaceFlinger: id=79605 createSurf (0x0),-1 flag=80004, ActivityRecord{e567144 u0 com.example.dogglers/.VerticalListActivity t12727}#0
02-05 17:40:51.980   726   817 I HYPER-HAL: [ResourceManager.cpp]updateResource(): [CPUMinFreq] UpdateResource Request ID : 700356    Value : 1930195
02-05 17:40:51.982  1647  1647 D CarrierSvcBindHelper: No carrier app for: 0
02-05 17:40:51.983  1647  1647 E PhoneInterfaceManager: [PhoneIntfMgr] getCarrierPackageNamesForIntentAndPhone: No UICC
02-05 17:40:51.983  1647  1647 D CarrierSvcBindHelper: No carrier app for: 1
02-05 17:40:51.983  1163  1793 W WindowManager: lockNow pending, ignore updating lockscreen timeout
02-05 17:40:51.983  1647  1647 D ImsResolver: maybeAddedImsService, packageName: com.samsung.android.scloud
02-05 17:40:51.983  1680  1680 D SecStatusBarMobileView: setStaticDrawableColor:
02-05 17:40:51.984   789   789 I Layer   : id=79603[1] Destroyed Surface(name=2e521db Splash Screen com.example.dogglers)/@0x92fcba8 - animation-leash#0
02-05 17:40:51.984   789   789 I Layer   : id=79590[1] Destroyed 2e521db Splash Screen com.example.dogglers#0
02-05 17:40:51.986   789   789 I Layer   : id=79591[1] Destroyed Splash Screen com.example.dogglers#0
02-05 17:40:51.986 15500 15500 D LifecycleMonitor: Lifecycle status change: com.example.dogglers.MainActivity@3b6d0aa in: PAUSED
02-05 17:40:51.986 15500 15500 D LifecycleMonitor: running callback: androidx.test.core.app.ActivityScenario$1@a170423
02-05 17:40:51.987 15500 15500 V ActivityScenario: Update currentActivityStage to PAUSED, currentActivity=com.example.dogglers.MainActivity@3b6d0aa
02-05 17:40:51.987 15500 15500 D LifecycleMonitor: callback completes: androidx.test.core.app.ActivityScenario$1@a170423
02-05 17:40:51.988  1163  3939 V WindowOrientationListener: getProposedRotation: 0
02-05 17:40:51.988  1163  3939 V WindowOrientationListener: getProposedRotation: 0
02-05 17:40:51.988  1163  3939 V WindowOrientationListener: getProposedRotation: 0
02-05 17:40:51.989   789   789 D SurfaceFlinger: Display 21442653864348033 HWC layers:
02-05 17:40:51.989   789   789 D SurfaceFlinger:      DEVICE | 0x7407b643c0 | 0002 | RGBA_8888    |    0.0    0.0 1080.0 2400.0 |    0    0 1080 2400 | com.example.dogglers/com.example.dogglers.MainActivity$_15500#0
02-05 17:40:51.989   789   789 D SurfaceFlinger:      DEVICE | 0x7428c3fac0 | 0000 | RGBA_8888    |    0.0    0.0 1080.0   88.0 |    0    0 1080   88 | StatusBar$_1680#0
02-05 17:40:51.989   789   789 D SurfaceFlinger:      DEVICE | 0x7428c3ea80 | 0000 | RGBA_8888    |    0.0    0.0 1080.0  144.0 |    0 2256 1080 2400 | NavigationBar0$_1680#0
02-05 17:40:51.989   789   789 D SurfaceFlinger:      DEVICE | 0x7408191180 | 0000 | RGBA_8888    |    0.0    0.0 1080.0  125.0 |    0    0 1080  125 | ScreenDecorOverlay$_1680#0
02-05 17:40:51.989   789   789 D SurfaceFlinger:      DEVICE | 0x7428c3f480 | 0000 | RGBA_8888    |    0.0    0.0 1080.0  112.0 |    0 2288 1080 2400 | ScreenDecorOverlayBottom$_1680#0
02-05 17:40:51.989   789   789 D SurfaceFlinger:
02-05 17:40:51.989  1163  3939 D InputDispatcher: Focused application set to (0): e567144
02-05 17:40:51.991  1163  3939 W WindowManager: lockNow pending, ignore updating lockscreen timeout
02-05 17:40:51.996  5278 16006 E ThirdPartyChatAppSvc: ThirdPartyChatAppService: Intent { act=android.intent.action.PACKAGE_CHANGED dat=package:com.samsung.android.scloud flg=0x45000010 cmp=com.google.android.wearable.app/com.google.android.clockwork.companion.messaging.ThirdPartyChatAppService (has extras) }
02-05 17:40:51.998 15500 15500 D LifecycleMonitor: Lifecycle status change: com.example.dogglers.VerticalListActivity@d76dc3b in: PRE_ON_CREATE
02-05 17:40:51.998 15500 15500 D LifecycleMonitor: running callback: androidx.test.core.app.ActivityScenario$1@a170423
02-05 17:40:51.998 15500 15500 V ActivityScenario: Activity lifecycle changed event received but ignored because the intent does not match. startActivityIntent=Intent { act=android.intent.action.MAIN cat=[android.intent.category.LAUNCHER] cmp=com.example.dogglers/.MainActivity }, activity.getIntent()=Intent { cmp=com.example.dogglers/.VerticalListActivity }, activity=com.example.dogglers.VerticalListActivity@d76dc3b
02-05 17:40:51.998 15500 15500 D LifecycleMonitor: callback completes: androidx.test.core.app.ActivityScenario$1@a170423
02-05 17:40:52.000  1680  1680 D SecStatusBarMobileView: setStaticDrawableColor:
02-05 17:40:52.006 15500 15500 I DecorView: [INFO] isPopOver=false, config=true
02-05 17:40:52.006 15500 15500 I DecorView: updateCaptionType >> DecorView@be95170[], isFloating=false, isApplication=true, hasWindowDecorCaption=false, hasWindowControllerCallback=true
02-05 17:40:52.006 15500 15500 D DecorView: setCaptionType = 0, this = DecorView@be95170[]
02-05 17:40:52.015 15500 15500 D LifecycleMonitor: Lifecycle status change: com.example.dogglers.VerticalListActivity@d76dc3b in: CREATED
02-05 17:40:52.015 15500 15500 D LifecycleMonitor: running callback: androidx.test.core.app.ActivityScenario$1@a170423
02-05 17:40:52.015 15500 15500 V ActivityScenario: Activity lifecycle changed event received but ignored because the intent does not match. startActivityIntent=Intent { act=android.intent.action.MAIN cat=[android.intent.category.LAUNCHER] cmp=com.example.dogglers/.MainActivity }, activity.getIntent()=Intent { cmp=com.example.dogglers/.VerticalListActivity }, activity=com.example.dogglers.VerticalListActivity@d76dc3b
02-05 17:40:52.015 15500 15500 D LifecycleMonitor: callback completes: androidx.test.core.app.ActivityScenario$1@a170423
02-05 17:40:52.016 15500 15500 D LifecycleMonitor: Lifecycle status change: com.example.dogglers.VerticalListActivity@d76dc3b in: STARTED
02-05 17:40:52.016 15500 15500 D LifecycleMonitor: running callback: androidx.test.core.app.ActivityScenario$1@a170423
02-05 17:40:52.016 15500 15500 V ActivityScenario: Activity lifecycle changed event received but ignored because the intent does not match. startActivityIntent=Intent { act=android.intent.action.MAIN cat=[android.intent.category.LAUNCHER] cmp=com.example.dogglers/.MainActivity }, activity.getIntent()=Intent { cmp=com.example.dogglers/.VerticalListActivity }, activity=com.example.dogglers.VerticalListActivity@d76dc3b
02-05 17:40:52.016 15500 15500 D LifecycleMonitor: callback completes: androidx.test.core.app.ActivityScenario$1@a170423
02-05 17:40:52.016 14119 16008 I Fitness : OnPackageChangedOperation got intent: Intent { act=android.intent.action.PACKAGE_CHANGED dat=package:com.samsung.android.scloud flg=0x45000010 pkg=com.google.android.gms cmp=com.google.android.gms/.chimera.PersistentIntentOperationService (has extras) } [CONTEXT service_id=17 ]
02-05 17:40:52.017 15500 15500 D LifecycleMonitor: Lifecycle status change: com.example.dogglers.VerticalListActivity@d76dc3b in: RESUMED
02-05 17:40:52.017 15500 15500 D LifecycleMonitor: running callback: androidx.test.core.app.ActivityScenario$1@a170423
02-05 17:40:52.017 15500 15500 V ActivityScenario: Activity lifecycle changed event received but ignored because the intent does not match. startActivityIntent=Intent { act=android.intent.action.MAIN cat=[android.intent.category.LAUNCHER] cmp=com.example.dogglers/.MainActivity }, activity.getIntent()=Intent { cmp=com.example.dogglers/.VerticalListActivity }, activity=com.example.dogglers.VerticalListActivity@d76dc3b
02-05 17:40:52.017 15500 15500 D LifecycleMonitor: callback completes: androidx.test.core.app.ActivityScenario$1@a170423
02-05 17:40:52.019  1163  1801 I InputDispatcher: Focus left window (15500): 89bf669 in display 0 0
02-05 17:40:52.020  1163  1801 D InputTransport: Input channel constructed: 'beb5db0', fd=857
02-05 17:40:52.020  1163  1801 D InputTransport: Input channel constructed: 'beb5db0', fd=860
02-05 17:40:52.020   789   835 I SurfaceFlinger: id=79606 createSurf (0x0),-1 flag=80004, beb5db0 com.example.dogglers/com.example.dogglers.VerticalListActivity#0
02-05 17:40:52.020  1163  1801 D WindowManager: isScreenshotDisabledLocked - win: Window{beb5db0 u0 com.example.dogglers/com.example.dogglers.VerticalListActivity}
02-05 17:40:52.020  1163  1801 D WindowManager: isScreenshotDisabledLocked: userId = 0, disabled =false
02-05 17:40:52.021  1163  1801 D InputTransport: Input channel destroyed: 'beb5db0', fd=860
02-05 17:40:52.021 15500 15500 D InputTransport: Input channel constructed: 'beb5db0', fd=98
02-05 17:40:52.023 15500 15500 I ViewRootImpl@d14d3a3[VerticalListActivity]: setView = com.android.internal.policy.DecorView@be95170 TM=true
02-05 17:40:52.024  1163  1244 I ActivityTaskManager: Displayed com.example.dogglers/.MainActivity: +160ms
02-05 17:40:52.026  2669  2669 E pageboostd: Received HALT command code 2
02-05 17:40:52.027  1163  3940 V WindowManager: Relayout Window{beb5db0 u0 com.example.dogglers/com.example.dogglers.VerticalListActivity}: viewVisibility=0 req=1080x2400
02-05 17:40:52.028  1163  3940 W WindowManager: lockNow pending, ignore updating lockscreen timeout
02-05 17:40:52.029  1163  3940 D WindowManager: isScreenshotDisabledLocked - win: Window{beb5db0 u0 com.example.dogglers/com.example.dogglers.VerticalListActivity}
02-05 17:40:52.029  1163  3940 D WindowManager: isScreenshotDisabledLocked: userId = 0, disabled =false
02-05 17:40:52.029   789   835 I SurfaceFlinger: id=79607 createSurf (1080x2400),1 flag=404, com.example.dogglers/com.example.dogglers.VerticalListActivity$_15500#0
02-05 17:40:52.031  1163  3940 I SurfaceControl: nativeRelease nativeObject s[499183899520]
02-05 17:40:52.031  1163  3940 I SurfaceControl: nativeRelease nativeObject e[499183899520]
02-05 17:40:52.031   789  2265 I SurfaceFlinger: id=79608 createSurf (0x0),-1 flag=24000, Surface(name=8c655e2 StatusBar)/@0x44a9b07 - animation-leash#1
02-05 17:40:52.032  1163  3940 I SurfaceControl: nativeRelease nativeObject s[496867019744]
02-05 17:40:52.032  1163  3940 I SurfaceControl: nativeRelease nativeObject e[496867019744]
02-05 17:40:52.032   789   835 I SurfaceFlinger: id=79609 createSurf (0x0),-1 flag=24000, Surface(name=b29f82b NavigationBar0)/@0x8634759 - animation-leash#0
02-05 17:40:52.032  1163  3940 V WindowManager: Relayout hash=beb5db0, pid=15500: mAttrs={(0,0)(fillxfill) sim={adjust=resize forwardNavigation} ty=BASE_APPLICATION wanim=0x1030304
02-05 17:40:52.032  1163  3940 V WindowManager:   fl=81810100
02-05 17:40:52.032  1163  3940 V WindowManager:   pfl=12020000
02-05 17:40:52.032  1163  3940 V WindowManager:   fitSides= naviIconColor=0}
02-05 17:40:52.032  1163  3940 I SurfaceControl: nativeRelease nativeObject s[496866868192]
02-05 17:40:52.032  1163  3940 I SurfaceControl: nativeRelease nativeObject e[496866868192]
02-05 17:40:52.033 15500 15500 I SurfaceControl: assignNativeObject: nativeObject = 0 Surface(name=null)/@0xd6bf6a0 / android.view.SurfaceControl.readFromParcel:1117 android.view.IWindowSession$Stub$Proxy.relayout:1820 android.view.ViewRootImpl.relayoutWindow:9005 android.view.ViewRootImpl.performTraversals:3360 android.view.ViewRootImpl.doTraversal:2618 android.view.ViewRootImpl$TraversalRunnable.run:9971 android.view.Choreographer$CallbackRecord.run:1010 android.view.Choreographer.doCallbacks:809 android.view.Choreographer.doFrame:744 android.view.Choreographer$FrameDisplayEventReceiver.run:995
02-05 17:40:52.034 15500 15500 I ViewRootImpl@d14d3a3[VerticalListActivity]: Relayout returned: old=(0,0,1080,2400) new=(0,0,1080,2400) req=(1080,2400)0 dur=6 res=0x7 s={true 499017125888} ch=true fn=-1
02-05 17:40:52.035 15500 15565 I mali_winsys: new_window_surface() [1080x2400] return: 0x3000
02-05 17:40:52.036   716   953 D gralloc : [mali_gralloc_allocate] begin
02-05 17:40:52.036   716   953 D gralloc : buffer_descriptor: wh(1080 2400) usage_pc(0x40000000000b00 0x40000000000b00) hal_format(0x1) layer_count(1) sizes(0 0 0) strde(0) byte_stride(0) alloc_wh(0 0) internal_format(0x0) alloc_format(0x0) fd_count(1) plane_count(0)
02-05 17:40:52.036   716   953 D gralloc : [mali_gralloc_allocate] allocation successful
02-05 17:40:52.036   716   953 D gralloc : [mali_gralloc_allocate] begin
02-05 17:40:52.036   716   953 D gralloc : buffer_descriptor: wh(1080 2400) usage_pc(0x40000000000b00 0x40000000000b00) hal_format(0x1) layer_count(1) sizes(0 0 0) strde(0) byte_stride(0) alloc_wh(0 0) internal_format(0x0) alloc_format(0x0) fd_count(1) plane_count(0)
02-05 17:40:52.037   716   953 D gralloc : [mali_gralloc_allocate] allocation successful
02-05 17:40:52.037   716   953 D gralloc : [mali_gralloc_allocate] begin
02-05 17:40:52.037   716   953 D gralloc : buffer_descriptor: wh(1080 2400) usage_pc(0x40000000000b00 0x40000000000b00) hal_format(0x1) layer_count(1) sizes(0 0 0) strde(0) byte_stride(0) alloc_wh(0 0) internal_format(0x0) alloc_format(0x0) fd_count(1) plane_count(0)
02-05 17:40:52.038   716   953 D gralloc : [mali_gralloc_allocate] allocation successful
02-05 17:40:52.039  1163  1405 I InputReader: Reconfiguring input devices, changes=KEYBOARD_LAYOUTS |
02-05 17:40:52.038 15500 15500 I ViewRootImpl@d14d3a3[VerticalListActivity]: [DP] dp(1) 1 android.view.ViewRootImpl.reportNextDraw:10957 android.view.ViewRootImpl.performTraversals:3845 android.view.ViewRootImpl.doTraversal:2618
02-05 17:40:52.040 15500 15500 I ViewRootImpl@d14d3a3[VerticalListActivity]: [DP] pd() Asnyc report
02-05 17:40:52.041   789  2265 I Layer   : id=79601 removeFromCurrentState Surface(name=8c655e2 StatusBar)/@0x44a9b07 - animation-leash#0 (188)
02-05 17:40:52.041   789  2265 I Layer   : id=79602 removeFromCurrentState Surface(name=b29f82b NavigationBar0)/@0x8634759 - animation-leash#1 (188)
02-05 17:40:52.044 15500 15500 I ViewRootImpl@d14d3a3[VerticalListActivity]: [DP] pdf(0) 1 android.view.ViewRootImpl.lambda$performDraw$1$ViewRootImpl:4668 android.view.-$$Lambda$ViewRootImpl$DJd0VUYJgsebcnSohO6h8zc_ONI.run:6 android.os.Handler.handleCallback:938
02-05 17:40:52.044 15500 15500 I ViewRootImpl@d14d3a3[VerticalListActivity]: [DP] rdf()
02-05 17:40:52.045   726 15888 I HYPER-HAL: [ResourceManager.cpp]removeResource(): [CPUMinFreq] RemoveResource Request ID : 718236
02-05 17:40:52.045   726 15888 I HYPER-HAL: [RequestManager.cpp]releaseLocked(): Released ID : 718236
02-05 17:40:52.045 15500 15500 I ViewRootImpl@7f19b37[MainActivity]: MSG_WINDOW_FOCUS_CHANGED 0 1
02-05 17:40:52.046  1163  1240 W WindowManager: lockNow pending, ignore updating lockscreen timeout
02-05 17:40:52.048   789  2265 I SurfaceFlinger: id=79610 createSurf (0x0),-1 flag=24000, Surface(name=ActivityRecord{8ae37cb u0 com.example.dogglers/.MainActivity t12727})/@0x4da2a52 - animation-leash#0
02-05 17:40:52.050   789   835 I SurfaceFlinger: id=79611 createSurf (0x0),-1 flag=20004, Dim Layer for - Task=12727 - animating-dim#0
02-05 17:40:52.052   789  1273 I SurfaceFlinger: id=79612 createSurf (0x0),-1 flag=24000, Surface(name=Dim Layer for - Task=12727 - animating-dim)/@0x203f09d - animation-leash#0
02-05 17:40:52.053 15500 15500 I SurfaceControl: nativeRelease nativeObject s[499183202624]
02-05 17:40:52.053 15500 15500 I SurfaceControl: nativeRelease nativeObject e[499183202624]
02-05 17:40:52.053 15500 15500 I SurfaceControl: nativeRelease nativeObject s[499183202432]
02-05 17:40:52.053 15500 15500 I SurfaceControl: nativeRelease nativeObject e[499183202432]
02-05 17:40:52.053 15500 15500 I SurfaceControl: nativeRelease nativeObject s[499183202144]
02-05 17:40:52.053 15500 15500 I SurfaceControl: nativeRelease nativeObject e[499183202144]
02-05 17:40:52.053   789  2265 I SurfaceFlinger: id=79602 Removed Surface(name=b29f82b NavigationBar0)/@0x8634759 - animation-leash#1 (191)
02-05 17:40:52.053   789   835 I SurfaceFlinger: id=79601 Removed Surface(name=8c655e2 StatusBar)/@0x44a9b07 - animation-leash#0 (191)
02-05 17:40:52.055   789  1273 I SurfaceFlinger: id=79613 createSurf (0x0),-1 flag=80004, Surface(name=ActivityRecord{8ae37cb u0 com.example.dogglers/.MainActivity t12727})/@0x4da2a52 - animation-bounds#0
02-05 17:40:52.057   789  1272 I SurfaceFlinger: id=79614 createSurf (0x0),-1 flag=24004, Surface(name=ActivityRecord{e567144 u0 com.example.dogglers/.VerticalListActivity t12727})/@0x8c19655 - animation-leash#0
02-05 17:40:52.058 15500 15500 D IdlingResourceRegistry: All idling resources are idle.
02-05 17:40:52.058 15500 15500 D IdlingResourceRegistry: All idling resources are idle.
02-05 17:40:52.058   789  1273 I SurfaceFlinger: id=79615 createSurf (0x0),-1 flag=80004, Surface(name=ActivityRecord{e567144 u0 com.example.dogglers/.VerticalListActivity t12727})/@0x8c19655 - animation-bounds#0
02-05 17:40:52.059  1163  1240 D PkgPredictorService: pkg:com.example.dogglers activity:com.example.dogglers.VerticalListActivity thisTime:80
02-05 17:40:52.061  1163  1240 W WindowManager: lockNow pending, ignore updating lockscreen timeout
02-05 17:40:52.063  1163  3940 I SemDvfsHyPerManager: acquire hyper - AMS_RESUME_TAIL/1163@22, type = -999
02-05 17:40:52.063  1163  3940 I SemDvfsHyPerManager: acquire hyper - AMS_ACT_LAZY/1163@23, type = -999
02-05 17:40:52.063   726   817 I HYPER-HAL: [RequestManager.cpp]acquire(): Acquired ID : 702727  [1163 / 22]    HINT : AMS_RESUME_TAIL    list :
02-05 17:40:52.063   726   817 I HYPER-HAL: [ResourceManager.cpp]updateResource(): [CPUMinFreq] UpdateResource Request ID : 702727    Value : 1844882
02-05 17:40:52.064   726   817 I HYPER-HAL: [RequestManager.cpp]acquire(): Acquired ID : 703914  [1163 / 23]    HINT :      list :
02-05 17:40:52.065   726   817 E HYPER-HAL: [Request.cpp]acquire(): Request:: id : 703914, No Resource to set
02-05 17:40:52.065   726   817 I HYPER-HAL: [ResourceManager.cpp]removeResource(): [CPUMinFreq] RemoveResource Request ID : 700356
02-05 17:40:52.065   726   817 I HYPER-HAL: [RequestManager.cpp]releaseLocked(): Released ID : 700356
02-05 17:40:52.068  1163  1240 W WindowManager: lockNow pending, ignore updating lockscreen timeout
02-05 17:40:52.068   789   789 I Layer   : id=79601[1] Destroyed Surface(name=8c655e2 StatusBar)/@0x44a9b07 - animation-leash#0
02-05 17:40:52.068   789   789 I Layer   : id=79602[1] Destroyed Surface(name=b29f82b NavigationBar0)/@0x8634759 - animation-leash#1
02-05 17:40:52.069  1163  3940 I InputDispatcher: Focus entered window (15500): beb5db0 in display 0 0
02-05 17:40:52.072 15500 15500 I ViewRootImpl@d14d3a3[VerticalListActivity]: MSG_WINDOW_FOCUS_CHANGED 1 1
02-05 17:40:52.072 15500 15500 D InputMethodManager: prepareNavigationBarInfo() DecorView@be95170[VerticalListActivity]
02-05 17:40:52.072 15500 15500 D InputMethodManager: getNavigationBarColor() -16711423
02-05 17:40:52.073 15500 15500 D InputMethodManager: prepareNavigationBarInfo() DecorView@be95170[VerticalListActivity]
02-05 17:40:52.073 15500 15500 D InputMethodManager: getNavigationBarColor() -16711423
02-05 17:40:52.073 15500 15500 V InputMethodManager: Starting input: tba=com.example.dogglers ic=null mNaviBarColor -16711423 mIsGetNaviBarColorSuccess true , NavVisible : true , NavTrans : false
02-05 17:40:52.073 15500 15500 D InputMethodManager: startInputInner - Id : 0
02-05 17:40:52.073 15500 15500 I InputMethodManager: startInputInner - mService.startInputOrWindowGainedFocus
02-05 17:40:52.073  1163  3940 D InputMethodManagerService: mSecureKeypadEnabled = false
02-05 17:40:52.074  1163  3940 V InputMethodManagerService: hideCurrentInputLocked : shouldHideSoftInput is false
02-05 17:40:52.087  1163  3940 D InputMethodManagerService: DESKTOP MODE! : 2
02-05 17:40:52.087  1163  3940 D InputMethodManagerService: NOT IN KNOX DESKTOP MODE!
02-05 17:40:52.087  1163  3940 V InputMethodManagerService: getDisplayIdOfInputMethodWindowToBeAdded : 0
02-05 17:40:52.087  1163  3940 D InputMethodManagerService: checkDisplayOfStartInputAndUpdateKeyboard display Id 0last 0
02-05 17:40:52.087  1163  3940 D InputTransport: Input channel constructed: 'ClientS', fd=860
02-05 17:40:52.087  1163  3940 D InputTransport: Input channel destroyed: 'ClientS', fd=860
02-05 17:40:52.087 15500 15500 D InputTransport: Input channel constructed: 'ClientS', fd=106
02-05 17:40:52.087 15500 15500 D InputTransport: Input channel destroyed: 'ClientS', fd=97
02-05 17:40:52.087   789   789 D SurfaceFlinger: Display 21442653864348033 HWC layers:
02-05 17:40:52.087   789   789 D SurfaceFlinger:      DEVICE | 0x7407b643c0 | 0002 | RGBA_8888    |    0.0    4.0 1080.0 2400.0 |    0    0 1080 2396 | com.example.dogglers/com.example.dogglers.MainActivity$_15500#0
02-05 17:40:52.087   789   789 D SurfaceFlinger:      DEVICE | 0x7428c3f0c0 | 0002 | RGBA_8888    |    0.0    0.0 1080.0 1973.0 |    0  427 1080 2400 | com.example.dogglers/com.example.dogglers.VerticalListActivity$_15500#0
02-05 17:40:52.087   789   789 D SurfaceFlinger:      DEVICE | 0x7428c3e6c0 | 0000 | RGBA_8888    |    0.0    0.0 1080.0   88.0 |    0    0 1080   88 | StatusBar$_1680#0
02-05 17:40:52.087   789   789 D SurfaceFlinger:      DEVICE | 0x7428c3ea80 | 0000 | RGBA_8888    |    0.0    0.0 1080.0  144.0 |    0 2256 1080 2400 | NavigationBar0$_1680#0
02-05 17:40:52.087   789   789 D SurfaceFlinger:      DEVICE | 0x7408191180 | 0000 | RGBA_8888    |    0.0    0.0 1080.0  125.0 |    0    0 1080  125 | ScreenDecorOverlay$_1680#0
02-05 17:40:52.087   789   789 D SurfaceFlinger:      DEVICE | 0x7428c3f480 | 0000 | RGBA_8888    |    0.0    0.0 1080.0  112.0 |    0 2288 1080 2400 | ScreenDecorOverlayBottom$_1680#0
02-05 17:40:52.087   789   789 D SurfaceFlinger:
02-05 17:40:52.088  1163  3939 I SurfaceControl: nativeRelease nativeObject s[496871102400]
02-05 17:40:52.088  1163  3939 I SurfaceControl: nativeRelease nativeObject e[496871102400]
02-05 17:40:52.088   789  1272 I SurfaceFlinger: id=79616 createSurf (0x0),-1 flag=24004, Surface(name=dbf3b45 InputMethod)/@0xf70bba8 - animation-leash#1
02-05 17:40:52.090  3640  3640 I GoogleInputMethodService: GoogleInputMethodService.onFinishInput():3316
02-05 17:40:52.091  3640  3640 I GoogleInputMethodService: GoogleInputMethodService.updateDeviceLockedStatus():2181 checkRepeatedly = false, unlocked = true
02-05 17:40:52.091  3640  3640 D InputMethodService: checkDisplayOfStartInputAndUpdateKeyboard display Id 0last 0
02-05 17:40:52.091  3640  3640 I GoogleInputMethodService: GoogleInputMethodService.onStartInput():1989
02-05 17:40:52.092 14119 14327 I Fitness : Package com.samsung.android.scloud enabled.  Potentially restarting recording [CONTEXT service_id=17 ]
02-05 17:40:52.095  3640  3640 I GoogleInputMethodService: GoogleInputMethodService.updateDeviceLockedStatus():2181 checkRepeatedly = true, unlocked = true
02-05 17:40:52.103   789  2265 I Layer   : id=79604 removeFromCurrentState Surface(name=dbf3b45 InputMethod)/@0xf70bba8 - animation-leash#0 (193)
02-05 17:40:52.104 15500 15500 I SurfaceControl: nativeRelease nativeObject s[497483546112]
02-05 17:40:52.105 15500 15500 I SurfaceControl: nativeRelease nativeObject e[497483546112]
02-05 17:40:52.105 15500 15500 I SurfaceControl: nativeRelease nativeObject s[497483545248]
02-05 17:40:52.105 15500 15500 I SurfaceControl: nativeRelease nativeObject e[497483545248]
02-05 17:40:52.105  1163  3938 D SamsungIMMSHWKeyboard: isConnectedDexOnPC false
02-05 17:40:52.105 15500 15500 I SurfaceControl: nativeRelease nativeObject s[499183199360]
02-05 17:40:52.105 15500 15500 I SurfaceControl: nativeRelease nativeObject e[499183199360]
02-05 17:40:52.105   789  1273 I SurfaceFlinger: id=79604 Removed Surface(name=dbf3b45 InputMethod)/@0xf70bba8 - animation-leash#0 (193)
02-05 17:40:52.105   789   789 D SurfaceFlinger: Display 21442653864348033 HWC layers:
02-05 17:40:52.105   789   789 D SurfaceFlinger:      DEVICE | 0x7407b64280 | 0002 | RGBA_8888    |    0.0   13.0 1080.0 2400.0 |    0    0 1080 2387 | com.example.dogglers/com.example.dogglers.MainActivity$_15500#0
02-05 17:40:52.105   789   789 D SurfaceFlinger:  SOLID_COLOR |              | 0000 |  Unknown  |    0.0    0.0    0.0    0.0 |    0    0 1080 2400 | Dim Layer for - Task=12727 - animating-dim#0
02-05 17:40:52.105   789   789 D SurfaceFlinger:      DEVICE | 0x7428c40240 | 0002 | RGBA_8888    |    0.0    0.0 1080.0 2030.0 |    0  370 1080 2400 | com.example.dogglers/com.example.dogglers.VerticalListActivity$_15500#0
02-05 17:40:52.105   789   789 D SurfaceFlinger:      DEVICE | 0x7428c3e6c0 | 0000 | RGBA_8888    |    0.0    0.0 1080.0   88.0 |    0    0 1080   88 | StatusBar$_1680#0
02-05 17:40:52.105   789   789 D SurfaceFlinger:      DEVICE | 0x7428c3ea80 | 0000 | RGBA_8888    |    0.0    0.0 1080.0  144.0 |    0 2256 1080 2400 | NavigationBar0$_1680#0
02-05 17:40:52.105   789   789 D SurfaceFlinger:      DEVICE | 0x7408191180 | 0000 | RGBA_8888    |    0.0    0.0 1080.0  125.0 |    0    0 1080  125 | ScreenDecorOverlay$_1680#0
02-05 17:40:52.105   789   789 D SurfaceFlinger:      DEVICE | 0x7428c3f480 | 0000 | RGBA_8888    |    0.0    0.0 1080.0  112.0 |    0 2288 1080 2400 | ScreenDecorOverla
02-05 17:40:52.105   789   789 D SurfaceFlinger: yBottom$_1680#0
02-05 17:40:52.105   789   789 D SurfaceFlinger:
02-05 17:40:52.106  1163  3938 D InputMethodManagerService: isImeSwitcherDisabledPackage : false
02-05 17:40:52.109 14119 16008 I Fitness : FitCleanupIntentOperation received Intent android.intent.action.PACKAGE_CHANGED [CONTEXT service_id=17 ]
02-05 17:40:52.119   789   789 I Layer   : id=79604[1] Destroyed Surface(name=dbf3b45 InputMethod)/@0xf70bba8 - animation-leash#0
02-05 17:40:52.123  1163  1244 I Searchables: Start of updateSearchableList
02-05 17:40:52.124 32609 14755 I Icing   : Indexing com.google.android.gms-apps from com.google.android.gms
02-05 17:40:52.124 32609 14755 I Icing   : Indexing done com.google.android.gms-apps
02-05 17:40:52.138  1163  1175 I system_server: Background young concurrent copying GC freed 330827(15MB) AllocSpace objects, 165(6152KB) LOS objects, 16% free, 99MB/119MB, paused 220us total 103.695ms
02-05 17:40:52.145  1163  1244 I Searchables: try to find metadata, c = 108
02-05 17:40:52.150  1163  1177 W System  : A resource failed to call release.
02-05 17:40:52.150  1163  1177 I SurfaceControl: nativeRelease nativeObject s[496871092800]
02-05 17:40:52.150  1163  1177 I SurfaceControl: nativeRelease nativeObject e[496871092800]
02-05 17:40:52.150  1163  1177 W System  : A resource failed to call release.
02-05 17:40:52.150  1163  1177 I SurfaceControl: nativeRelease nativeObject s[499183886144]
02-05 17:40:52.150  1163  1177 I SurfaceControl: nativeRelease nativeObject e[499183886144]
02-05 17:40:52.151  1163  1177 W System  : A resource failed to call release.
02-05 17:40:52.151  1163  1177 I SurfaceControl: nativeRelease nativeObject s[499038030848]
02-05 17:40:52.151  1163  1177 I SurfaceControl: nativeRelease nativeObject e[499038030848]
02-05 17:40:52.151   789  1273 I SurfaceFlinger: id=79587 Removed Surface(name=dbf3b45 InputMethod)/@0xf70bba8 - animation-leash#1 (192)
02-05 17:40:52.151  1163  1177 W System  : A resource failed to call release.
02-05 17:40:52.151  1163  1177 I SurfaceControl: nativeRelease nativeObject s[496867019552]
02-05 17:40:52.151   789  1273 I SurfaceFlinger: id=79583 Removed Surface(name=b29f82b NavigationBar0)/@0x8634759 - animation-leash#1 (192)
02-05 17:40:52.151  1163  1177 I SurfaceControl: nativeRelease nativeObject e[496867019552]
02-05 17:40:52.151   789  1273 I SurfaceFlinger: id=79582 Removed Surface(name=8c655e2 StatusBar)/@0x44a9b07 - animation-leash#0 (192)
02-05 17:40:52.151  1163  1177 W System  : A resource failed to call release.
02-05 17:40:52.151  1163  1177 I SurfaceControl: nativeRelease nativeObject s[496867018592]
02-05 17:40:52.151  1163  1177 I SurfaceControl: nativeRelease nativeObject e[496867018592]
02-05 17:40:52.151  1163  1177 W System  : A resource failed to call end.
02-05 17:40:52.151  1163  1177 W System  : A resource failed to call release.
02-05 17:40:52.151  1163  1177 I SurfaceControl: nativeRelease nativeObject s[499038036416]
02-05 17:40:52.151  1163  1177 I SurfaceControl: nativeRelease nativeObject e[499038036416]
02-05 17:40:52.151  1163  1177 W System  : A resource failed to call release.
02-05 17:40:52.151  1163  1177 I SurfaceControl: nativeRelease nativeObject s[499038066464]
02-05 17:40:52.151  1163  1177 I SurfaceControl: nativeRelease nativeObject e[499038066464]
02-05 17:40:52.151  1163  1177 W System  : A resource failed to call release.
02-05 17:40:52.151  1163  1177 I SurfaceControl: nativeRelease nativeObject s[499183899328]
02-05 17:40:52.151  1163  1177 I SurfaceControl: nativeRelease nativeObject e[499183899328]
02-05 17:40:52.151   789  1273 I SurfaceFlinger: id=79539 Removed Surface(name=dbf3b45 InputMethod)/@0xf70bba8 - animation-leash#1 (192)
02-05 17:40:52.151  1163  1177 W System  : A resource failed to call release.
02-05 17:40:52.151  1163  1177 I SurfaceControl: nativeRelease nativeObject s[497153784352]
02-05 17:40:52.151   789   835 I SurfaceFlinger: id=79535 Removed Surface(name=b29f82b NavigationBar0)/@0x8634759 - animation-leash#0 (192)
02-05 17:40:52.151  1163  1177 I SurfaceControl: nativeRelease nativeObject e[497153784352]
02-05 17:40:52.151   789   835 I SurfaceFlinger: id=79534 Removed Surface(name=8c655e2 StatusBar)/@0x44a9b07 - animation-leash#1 (192)
02-05 17:40:52.153   789   789 I Layer   : id=79534[1] Destroyed Surface(name=8c655e2 StatusBar)/@0x44a9b07 - animation-leash#1
02-05 17:40:52.153   789   789 I Layer   : id=79539[1] Destroyed Surface(name=dbf3b45 InputMethod)/@0xf70bba8 - animation-leash#1
02-05 17:40:52.153   789   789 I Layer   : id=79582[1] Destroyed Surface(name=8c655e2 StatusBar)/@0x44a9b07 - animation-leash#0
02-05 17:40:52.153   789   789 I Layer   : id=79587[1] Destroyed Surface(name=dbf3b45 InputMethod)/@0xf70bba8 - animation-leash#1
02-05 17:40:52.153   789   789 I Layer   : id=79583[1] Destroyed Surface(name=b29f82b NavigationBar0)/@0x8634759 - animation-leash#1
02-05 17:40:52.153   789   789 I Layer   : id=79535[1] Destroyed Surface(name=b29f82b NavigationBar0)/@0x8634759 - animation-leash#0
02-05 17:40:52.153  1163  1240 I SurfaceControl: nativeRelease nativeObject s[499038976448]
02-05 17:40:52.153  1163  1240 I SurfaceControl: nativeRelease nativeObject e[499038976448]
02-05 17:40:52.156  1163  1163 D SdpManagerService: Not an enterprise user : 0
02-05 17:40:52.156 14119  5522 I BluetoothAdapter: STATE_ON
02-05 17:40:52.157  1163  1163 D SdpManagerService: Not an enterprise user : 0
02-05 17:40:52.157 14119  5522 I BluetoothAdapter: BLE support array set: [true, true, true, true, true, true]
02-05 17:40:52.158 14119  5522 I BluetoothAdapter: STATE_ON
02-05 17:40:52.158 14119  5522 W ChimeraUtils: Module com.google.android.gms.nearby_en has empty metadata display_name_string_id
02-05 17:40:52.159 12858 12888 I PermissionControllerServiceImpl: Updating user sensitive for uid 5009
02-05 17:40:52.159  1163  1163 D SEP_UNION_SemDeviceInfoManagerService: onReceive : android.intent.action.PACKAGE_CHANGED, userId = 0
02-05 17:40:52.164  1163  1163 D SEP_UNION_SemDeviceInfoManagerService: sendIntentAction() action = android.intent.action.PACKAGE_CHANGED, tag =
02-05 17:40:52.164 13475 13475 I RoutineDebug[3.1.21.7]: RoutineService: onCreate
02-05 17:40:52.165 14119  5522 W ChimeraUtils: Module com.google.android.gms.nearby_en has empty metadata display_name_string_id
02-05 17:40:52.166 14119  5522 W ChimeraUtils: Module com.google.android.gms.nearby_en has empty metadata display_name_string_id
02-05 17:40:52.167  1163  1163 D SEP_UNION_SemDeviceInfoManagerService: sendIntentAction() action = android.intent.action.PACKAGE_CHANGED, tag =
02-05 17:40:52.168 13475 13475 I SEP_UNION_SemUnionManager: getUnionService() : semeventdelegator
02-05 17:40:52.169 13475 13475 I SEP_UNION_SemUnionManager: getUnionService() : semeventdelegator
02-05 17:40:52.170 13475 13475 I SEP_UNION_SemUnionManager: getUnionService() : semeventdelegator
02-05 17:40:52.170 13475 13475 I RoutineDebug[3.1.21.7]: SettingsWrapper: ultraPowerSavingMode: -1
02-05 17:40:52.170 13475 13475 I RoutineDebug[3.1.21.7]: RoutineService: onStartCommand: com.samsung.android.rotine.ACTION_PACKAGE_CHANGED
02-05 17:40:52.170 13475 13475 I RoutineDebug[3.1.21.7]: RoutineJobService: start: packageNamecom.samsung.android.scloud,forced=true
02-05 17:40:52.171   789  2265 I Layer   : id=79597 removeFromCurrentState Surface(name=Dim Layer for - Task=12727 - animating-dim)/@0xdc6dcf9 - animation-leash#0 (186)
02-05 17:40:52.171   789   835 I SurfaceFlinger: id=79597 Removed Surface(name=Dim Layer for - Task=12727 - animating-dim)/@0xdc6dcf9 - animation-leash#0 (186)
02-05 17:40:52.171  1163  3940 D SEP_UNION_SemDeviceInfoManagerService: registerPendingIntentInternal() action = android.intent.action.PACKAGE_CHANGED, android.intent.action.PACKAGE_ADDED, android.intent.action.PACKAGE_FULLY_REMOVED, android.intent.action.MY_PACKAGE_REPLACED, android.intent.action.PACKAGE_REPLACED, android.intent.action.PACKAGE_REMOVED, callingPackage = com.samsung.android.app.routines, userId = 0, flag = 0, conditions = null
02-05 17:40:52.171  1163  3940 D SEP_UNION_SemDeviceInfoManagerService: Same PendingIntent is in com.samsung.android.app.routines
02-05 17:40:52.172  1163  3940 D SEP_UNION_SemDeviceInfoManagerService: Same PendingIntent is in com.samsung.android.app.routines
02-05 17:40:52.172  1163  3940 D SEP_UNION_SemDeviceInfoManagerService: Same PendingIntent is in com.samsung.android.app.routines
02-05 17:40:52.172  1163  3940 D SEP_UNION_SemDeviceInfoManagerService: Same PendingIntent is in com.samsung.android.app.routines
02-05 17:40:52.172  1163  3940 D SEP_UNION_SemDeviceInfoManagerService: Same PendingIntent is in com.samsung.android.app.routines
02-05 17:40:52.174 13475 13475 I RoutineDebug[3.1.21.7]: RoutineJobService: pushMetaLoaderTargetPackage: null + com.samsung.android.scloud
02-05 17:40:52.174 13475 13475 I RoutineDebug[3.1.21.7]: Pref: putSharedPrefsData() key=meta_loading_target_package_name
02-05 17:40:52.175  1163  3940 D SEP_UNION_SemDeviceInfoManagerService: Same PendingIntent is in com.samsung.android.app.routines
02-05 17:40:52.175  1163  3940 D SEP_UNION_SemDeviceInfoManagerService: registerPendingIntentInternal() action = android.intent.action.DATE_CHANGED, callingPackage = com.samsung.android.app.routines, userId = 0, flag = 0, conditions = null
02-05 17:40:52.175  1163  3940 D SEP_UNION_SemDeviceInfoManagerService: Same PendingIntent is in com.samsung.android.app.routines
02-05 17:40:52.176  1163  3940 D SEP_UNION_SemDeviceInfoManagerService: registerPendingIntentInternal() action = android.intent.action.PACKAGE_DATA_CLEARED, callingPackage = com.samsung.android.app.routines, userId = 0, flag = 0, conditions = null
02-05 17:40:52.176  1163  3940 D SEP_UNION_SemDeviceInfoManagerService: Same PendingIntent is in com.samsung.android.app.routines
02-05 17:40:52.176  1163  3940 D SEP_UNION_SemDeviceInfoManagerService: unregisterPendingIntentForIntentAsUser() action = com.samsung.android.theme.themecenter.THEME_APPLY, , callingPackage = com.samsung.android.app.routines, userId = 0
02-05 17:40:52.176  1163  3940 D SEP_UNION_SemDeviceInfoManagerService: item for key "com.samsung.android.theme.themecenter.THEME_APPLY" is null
02-05 17:40:52.177 13475 13575 I RoutineDebug[3.1.21.7]: RoutineService: onQueueEmpty: stop
02-05 17:40:52.177 13475 13575 I RoutineDebug[3.1.21.7]: SettingsWrapper: ultraPowerSavingMode: -1
02-05 17:40:52.177 13475 13575 I RoutineDebug[3.1.21.7]: RoutineContentProvider: call method=updateRoutineHistory
02-05 17:40:52.178 13475 13475 I RoutineDebug[3.1.21.7]: RoutineJobService: onCreate
02-05 17:40:52.181   697   697 D Zygote  : Forked child process 16020
02-05 17:40:52.184 13475 13475 I RoutineDebug[3.1.21.7]: RoutineJobService: onStartJob: 4096
02-05 17:40:52.185 13475 13475 I RoutineDebug[3.1.21.7]: CoreUtil: lastest : 3.1.21.7, currentVersion : 3.1.21.7
02-05 17:40:52.185 13475 13475 I RoutineDebug[3.1.21.7]: RoutineJobService: packageName : com.samsung.android.scloud, forced : true
02-05 17:40:52.187  1163  1244 W SearchableInfo: Invalid searchable metadata for com.samsung.android.messaging/.ui.view.recipientspicker.PickerActivity: Search label must be a resource reference.
02-05 17:40:52.187   789   789 I Layer   : id=79597[1] Destroyed Surface(name=Dim Layer for - Task=12727 - animating-dim)/@0xdc6dcf9 - animation-leash#0
02-05 17:40:52.188 13475 13602 I RoutineDebug[3.1.21.7]: RoutineMetaDataLoader: collect: com.samsung.android.scloud
02-05 17:40:52.192 13475 13602 I RoutineDebug[3.1.21.7]: RoutineMetaDataLoader: collectCondition commandTriggers=0
