02-05 17:40:59.735  1680  1680 D SecStatusBarMobileView: setStaticDrawableColor:
02-05 17:40:59.735  1163  1240 D PkgPredictorService: pkg:com.example.dogglers activity:com.example.dogglers.HorizontalListActivity thisTime:166
02-05 17:40:59.735  1163  1240 D PkgPredictorService-Collector: update activity launch time: HorizontalListActivity : 166
02-05 17:40:59.735  1163  1244 D ArtManagerInternalImpl: /data/misc/iorapd/com.example.dogglers/1/com.example.dogglers.HorizontalListActivity/compiled_traces/compiled_trace.pb doesn't exist
02-05 17:40:59.735  1163  1240 I SemDvfsHyPerManager: acquire hyper - AMS_RESUME_TAIL/1163@22, type = -999
02-05 17:40:59.735  1163  1240 I SemDvfsHyPerManager: acquire hyper - AMS_ACT_LAZY/1163@23, type = -999
02-05 17:40:59.736  1163  1240 I SurfaceControl: nativeRelease nativeObject s[496871104416]
02-05 17:40:59.736  1163  1240 I SurfaceControl: nativeRelease nativeObject e[496871104416]
02-05 17:40:59.736  1163  1240 I SurfaceControl: nativeRelease nativeObject s[496860780672]
02-05 17:40:59.736  1163  1240 I SurfaceControl: nativeRelease nativeObject e[496860780672]
02-05 17:40:59.737   726   817 I HYPER-HAL: [RequestManager.cpp]acquire(): Acquired ID : 702727  [1163 / 22]    HINT : AMS_RESUME_TAIL    list :
02-05 17:40:59.738   789  1272 I SurfaceFlinger: id=79952 Removed Surface(name=b29f82b NavigationBar0)/@0x8634759 - animation-leash#1 (200)
02-05 17:40:59.738   789  1272 I SurfaceFlinger: id=79951 Removed Surface(name=8c655e2 StatusBar)/@0x44a9b07 - animation-leash#0 (200)
02-05 17:40:59.738  1163  1244 I ActivityTaskManager: Displayed com.example.dogglers/.HorizontalListActivity: +166ms
02-05 17:40:59.738 15500 15500 D IdlingResourceRegistry: All idling resources are idle.
02-05 17:40:59.739   726   817 I HYPER-HAL: [ResourceManager.cpp]updateResource(): [CPUMinFreq] UpdateResource Request ID : 702727    Value : 1844882
02-05 17:40:59.739 15500 15500 D RootViewPicker: Root not ready - waiting: 10ms for one to appear.
02-05 17:40:59.739   726   817 I HYPER-HAL: [RequestManager.cpp]acquire(): Acquired ID : 703914  [1163 / 23]    HINT :      list :
02-05 17:40:59.739  1163  1240 W WindowManager: lockNow pending, ignore updating lockscreen timeout
02-05 17:40:59.740   726   817 E HYPER-HAL: [Request.cpp]acquire(): Request:: id : 703914, No Resource to set
02-05 17:40:59.740   726   817 I HYPER-HAL: [ResourceManager.cpp]removeResource(): [CPUMinFreq] RemoveResource Request ID : 705102
02-05 17:40:59.740   726   817 I HYPER-HAL: [RequestManager.cpp]releaseLocked(): Released ID : 705102
02-05 17:40:59.740  1163  1240 D ViewRootImpl@87dd4f8[dogglers]: dispatchDetachedFromWindow: reset blurmask
02-05 17:40:59.740  1163  1240 I ViewRootImpl@87dd4f8[dogglers]: dispatchDetachedFromWindow
02-05 17:40:59.741  1163  1240 I SurfaceControl: nativeRelease nativeObject s[499038067328]
02-05 17:40:59.741  1163  1240 I SurfaceControl: nativeRelease nativeObject e[499038067328]
02-05 17:40:59.741  1163  1240 D InputTransport: Input channel destroyed: '4476dd1', fd=860
02-05 17:40:59.741   789   835 I SurfaceFlinger: id=79962 createSurf (0x0),-1 flag=24000, Surface(name=4476dd1 Splash Screen com.example.dogglers)/@0xad482e6 - animation-leash#0
02-05 17:40:59.742  2669  2669 E pageboostd: Received HALT command code 2
02-05 17:40:59.742  5089 28744 I PageOverlayServiceImpl: [FROM HOME] updateActivityLifecycleState : 4
02-05 17:40:59.743  1163  1240 W WindowManager: lockNow pending, ignore updating lockscreen timeout
02-05 17:40:59.744  1163  1240 D InputTransport: Input channel destroyed: '4476dd1', fd=888
02-05 17:40:59.748 15500 15500 D IdlingResourceRegistry: All idling resources are idle.
02-05 17:40:59.749 15500 15500 D IdlingResourceRegistry: All idling resources are idle.
02-05 17:40:59.749 15500 15500 D RootViewPicker: Root not ready - waiting: 25ms for one to appear.
02-05 17:40:59.751   789   789 I Layer   : id=79951[1] Destroyed Surface(name=8c655e2 StatusBar)/@0x44a9b07 - animation-leash#0
02-05 17:40:59.751   789   789 I Layer   : id=79952[1] Destroyed Surface(name=b29f82b NavigationBar0)/@0x8634759 - animation-leash#1
02-05 17:40:59.751  1680  1680 D SecStatusBarMobileView: setStaticDrawableColor:
02-05 17:40:59.752  1163  3939 V WindowManager: Relayout Window{f87dac6 u0 com.samsung.android.app.spage}: viewVisibility=8 req=0x2168
02-05 17:40:59.752  1163  1235 I InputDispatcher: Focus entered window (15500): 52e3ce9 in display 0 0
02-05 17:40:59.752  1163  3939 W WindowManager: lockNow pending, ignore updating lockscreen timeout
02-05 17:40:59.753 15500 15500 I ViewRootImpl@863b006[HorizontalListActivity]: MSG_WINDOW_FOCUS_CHANGED 1 1
02-05 17:40:59.754  1163  3939 V WindowManager: Relayout hash=f87dac6, pid=5089: mAttrs={(0,0)(0xfill) sim={adjust=pan} ty=APPLICATION_PANEL fmt=RGBA_8888
02-05 17:40:59.754  1163  3939 V WindowManager:   fl=1000018
02-05 17:40:59.754  1163  3939 V WindowManager:   pfl=2000040
02-05 17:40:59.754  1163  3939 V WindowManager:   fitTypes=STATUS_BARS NAVIGATION_BARS CAPTION_BAR IME naviIconColor=0}
02-05 17:40:59.754 15500 15500 D InputMethodManager: prepareNavigationBarInfo() DecorView@6bee9d7[HorizontalListActivity]
02-05 17:40:59.754 15500 15500 D InputMethodManager: getNavigationBarColor() -16711423
02-05 17:40:59.754 15500 15500 D InputMethodManager: prepareNavigationBarInfo() DecorView@6bee9d7[HorizontalListActivity]
02-05 17:40:59.754 15500 15500 D InputMethodManager: getNavigationBarColor() -16711423
02-05 17:40:59.754 15500 15500 V InputMethodManager: Starting input: tba=com.example.dogglers ic=null mNaviBarColor -16711423 mIsGetNaviBarColorSuccess true , NavVisible : true , NavTrans : false
02-05 17:40:59.754 15500 15500 D InputMethodManager: startInputInner - Id : 0
02-05 17:40:59.754 15500 15500 I InputMethodManager: startInputInner - mService.startInputOrWindowGainedFocus
02-05 17:40:59.754  5089  5089 I SurfaceControl: assignNativeObject: nativeObject = 0 Surface(name=null)/@0xb12fb6b / android.view.SurfaceControl.readFromParcel:1117 android.view.IWindowSession$Stub$Proxy.relayout:1810 android.view.ViewRootImpl.relayoutWindow:9005 android.view.ViewRootImpl.performTraversals:3360 android.view.ViewRootImpl.doTraversal:2618 android.view.ViewRootImpl$TraversalRunnable.run:9971 android.view.Choreographer$CallbackRecord.run:1010 android.view.Choreographer.doCallbacks:809 android.view.Choreographer.doFrame:744 android.view.Choreographer$FrameDisplayEventReceiver.run:995
02-05 17:40:59.754  5089  5089 I SurfaceControl: assignNativeObject: nativeObject = 0 Surface(name=null)/@0xf71d6c8 / android.view.SurfaceControl.readFromParcel:1117 android.view.IWindowSession$Stub$Proxy.relayout:1820 android.view.ViewRootImpl.relayoutWindow:9005 android.view.ViewRootImpl.performTraversals:3360 android.view.ViewRootImpl.doTraversal:2618 android.view.ViewRootImpl$TraversalRunnable.run:9971 android.view.Choreographer$CallbackRecord.run:1010 android.view.Choreographer.doCallbacks:809 android.view.Choreographer.doFrame:744 android.view.Choreographer$FrameDisplayEventReceiver.run:995
02-05 17:40:59.754  1163  3939 D InputMethodManagerService: mSecureKeypadEnabled = false
02-05 17:40:59.754  1163  3939 V InputMethodManagerService: hideCurrentInputLocked : shouldHideSoftInput is false
02-05 17:40:59.755  5089  5089 I ViewRootImpl@7fb81b0[]: Relayout returned: old=(540,88,540,2256) new=(540,88,540,2256) req=(0,2168)8 dur=3 res=0x1 s={false 0} ch=false fn=-1
02-05 17:40:59.755  1163  3939 D InputMethodManagerService: DESKTOP MODE! : 2
02-05 17:40:59.755  1163  3939 D InputMethodManagerService: NOT IN KNOX DESKTOP MODE!
02-05 17:40:59.755  1163  3939 V InputMethodManagerService: getDisplayIdOfInputMethodWindowToBeAdded : 0
02-05 17:40:59.755  5089  5089 I PageOverlayCoordinator: onUiStopped
02-05 17:40:59.755  5089  5089 I PageOverlayRootLayout: onUiStopped
02-05 17:40:59.755  1163  3939 D SamsungIMMSHWKeyboard: isConnectedDexOnPC false
02-05 17:40:59.755  1163  3939 D InputMethodManagerService: isImeSwitcherDisabledPackage : false
02-05 17:40:59.755  1163  3939 D InputMethodManagerService: checkDisplayOfStartInputAndUpdateKeyboard display Id 0last 0
02-05 17:40:59.755  1163  3939 D InputTransport: Input channel constructed: 'ClientS', fd=857
02-05 17:40:59.755  1163  3939 D InputTransport: Input channel destroyed: 'ClientS', fd=857
02-05 17:40:59.755 15500 15500 D InputTransport: Input channel constructed: 'ClientS', fd=97
02-05 17:40:59.756  1163  3940 I SurfaceControl: nativeRelease nativeObject s[496871103456]
02-05 17:40:59.756  1163  3940 I SurfaceControl: nativeRelease nativeObject e[496871103456]
02-05 17:40:59.756   789  1272 I SurfaceFlinger: id=79963 createSurf (0x0),-1 flag=24004, Surface(name=dbf3b45 InputMethod)/@0xf70bba8 - animation-leash#0
02-05 17:40:59.757  3640  3640 I GoogleInputMethodService: GoogleInputMethodService.onFinishInput():3316
02-05 17:40:59.758  3640  3640 I GoogleInputMethodService: GoogleInputMethodService.updateDeviceLockedStatus():2181 checkRepeatedly = false, unlocked = true
02-05 17:40:59.758  3640  3640 D InputMethodService: checkDisplayOfStartInputAndUpdateKeyboard display Id 0last 0
02-05 17:40:59.758  3640  3640 I GoogleInputMethodService: GoogleInputMethodService.onStartInput():1989
02-05 17:40:59.758  3640  3640 I GoogleInputMethodService: GoogleInputMethodService.updateDeviceLockedStatus():2181 checkRepeatedly = true, unlocked = true
02-05 17:40:59.764  2151  2151 D RegisteredServicesCache: com.samsung.android.scloud is not related HCE package
02-05 17:40:59.764 12858 12888 I RoleControllerService: Calling grantDefaultRoles()
02-05 17:40:59.768  1680  1680 D SPluginManagerImpl: onReceive: android.intent.action.PACKAGE_CHANGED, size:{com.android.systemui.statusbar.phone.NavBarInteractorManager$1@542b73=SPluginInstanceManager@34653194 (action=com.samsung.systemui.navigationbar.PLUGIN), com.samsung.android.systemui.multistar.MultiStarManager$1@34963ad=SPluginInstanceManager@110802043 (action=com.samsung.systemui.action.PLUGIN_MULTISTAR), com.android.systemui.BixbyInteractor$1@3c2e123=SPluginInstanceManager@83788440 (action=com.samsung.systemui.bixby2.PLUGIN), com.android.systemui.pluginlock.PluginLockMediatorImpl@9f6a960=SPluginInstanceManager@95951601 (action=com.samsung.systemui.action.PLUGIN_LOCK), com.android.systemui.slimindicator.SlimIndicatorPluginMediator@a1a1876=SPluginInstanceManager@251598550 (action=com.samsung.systemui.action.SPLUGIN_SLIMINDICATOR), com.android.systemui.volume.VolumeStarInteractor$1@af10005=SPluginInstanceManager@185998679 (action=com.samsung.systemui.volume.PLUGIN), com.android.systemui.noticenter.NotiCenterPlugin$NotiCenterPluginListener@dee22b4=SPluginInstanceManager@228929604 (action=com.samsung.systemui.action.PLUGIN_NOTICENTER)}
02-05 17:40:59.768  1663  1663 V AvrcpMediaPlayerList: mPackageChangedBroadcastReceiver: action: android.intent.action.PACKAGE_CHANGED
02-05 17:40:59.768   789  1272 I Layer   : id=79946 removeFromCurrentState Surface(name=dbf3b45 InputMethod)/@0xf70bba8 - animation-leash#1 (200)
02-05 17:40:59.769  2151  2151 D RegisteredNfcFServicesCache: Service unchanged, not updating
02-05 17:40:59.769  2003  2003 I SurfaceControl: nativeRelease nativeObject s[497484220640]
02-05 17:40:59.769  2003  2003 I SurfaceControl: nativeRelease nativeObject e[497484220640]
02-05 17:40:59.770 15500 15500 I SurfaceControl: nativeRelease nativeObject s[499196692960]
02-05 17:40:59.770 15500 15500 I SurfaceControl: nativeRelease nativeObject e[499196692960]
02-05 17:40:59.770 15500 15500 I SurfaceControl: nativeRelease nativeObject s[499196692672]
02-05 17:40:59.770 15500 15500 I SurfaceControl: nativeRelease nativeObject e[499196692672]
02-05 17:40:59.770  1163  1793 D SamsungIMMSHWKeyboard: isConnectedDexOnPC false
02-05 17:40:59.770  1163  1793 D InputMethodManagerService: isImeSwitcherDisabledPackage : false
02-05 17:40:59.770  2151  2151 D RegisteredComponentCache: Collect Tech packages for Knox
02-05 17:40:59.772  8795  8842 I SystemBroadcastReceiver: [#CMH#] onReceive completed :  0
02-05 17:40:59.773  8795  8795 I ControllerEventHandler: [#CMH#] onPackageChanged()  null
02-05 17:40:59.773 12858 16004 W Role    : Cannot find resource for default holder: config_systemActivityRecognizer
02-05 17:40:59.773 15500 15500 D IdlingResourceRegistry: All idling resources are idle.
02-05 17:40:59.773 15500 15500 D IdlingResourceRegistry: All idling resources are idle.
02-05 17:40:59.774 15500 15500 I ViewInteraction: Performing 'fast swipe' action on view with id is <com.example.dogglers:id/horizontal_recycler_view>
02-05 17:40:59.775  1680  1680 D KeyguardUpdateMonitor: received broadcast android.intent.action.PACKAGE_CHANGED
02-05 17:40:59.779  1680  1680 D SecStatusBarMobileView: setStaticDrawableColor:
02-05 17:40:59.781  1680  1680 D FaceWidgetMetadataParser: updatePackage() com.samsung.android.scloud false
02-05 17:40:59.782  1163  1244 I Searchables: Start of updateSearchableList
02-05 17:40:59.782  1680  1680 W FaceWidgetMetadataParser: updatePackage() there is no metadata
02-05 17:40:59.782  1680  1680 D FaceWidgetMetadataParser: removePackage() key = com.samsung.android.scloud
02-05 17:40:59.785  1680  1680 D SecStatusBarMobileView: setStaticDrawableColor:
02-05 17:40:59.790   789   789 D SurfaceFlinger: Display 21442653864348033 HWC layers:
02-05 17:40:59.790   789   789 D SurfaceFlinger:      DEVICE | 0x74084fea80 | 0002 | RGBA_8888    |    0.0    0.0 1080.0 2400.0 |    0    0 1080 2400 | com.example.dogglers/com.example.dogglers.HorizontalListActivity$_15500#0
02-05 17:40:59.790   789   789 D SurfaceFlinger:      DEVICE | 0x7428c3e1c0 | 0002 | RGBA_8888    |    0.0    0.0 1080.0 2400.0 |    0    0 1080 2400 | Splash Screen com.example.dogglers#0
02-05 17:40:59.790   789   789 D SurfaceFlinger:      DEVICE | 0x7428c3e6c0 | 0000 | RGBA_8888    |    0.0    0.0 1080.0   88.0 |    0    0 1080   88 | StatusBar$_1680#0
02-05 17:40:59.790   789   789 D SurfaceFlinger:      DEVICE | 0x7428c40600 | 0000 | RGBA_8888    |    0.0    0.0 1080.0  144.0 |    0 2256 1080 2400 | NavigationBar0$_1680#0
02-05 17:40:59.790   789   789 D SurfaceFlinger:      DEVICE | 0x7408191180 | 0000 | RGBA_8888    |    0.0    0.0 1080.0  125.0 |    0    0 1080  125 | ScreenDecorOverlay$_1680#0
02-05 17:40:59.790   789   789 D SurfaceFlinger:      DEVICE | 0x7428c3f480 | 0000 | RGBA_8888    |    0.0    0.0 1080.0  112.0 |    0 2288 1080 2400 | ScreenDecorOverlayBottom$_1680#0
02-05 17:40:59.790   789   789 D SurfaceFlinger:
02-05 17:40:59.793  1163  1405 I InputReader: Reconfiguring input devices, changes=KEYBOARD_LAYOUTS |
02-05 17:40:59.800  5278 16362 E ThirdPartyChatAppSvc: ThirdPartyChatAppService: Intent { act=android.intent.action.PACKAGE_CHANGED dat=package:com.samsung.android.scloud flg=0x45000010 cmp=com.google.android.wearable.app/com.google.android.clockwork.companion.messaging.ThirdPartyChatAppService (has extras) }
02-05 17:40:59.801  1163  3938 I SemDvfsHyPerManager: acquire hyper - AMS_ACT_START/1163@20, type = -999
02-05 17:40:59.802  1163  1244 I Searchables: try to find metadata, c = 108
02-05 17:40:59.802  1680  1680 D SecStatusBarMobileView: setStaticDrawableColor:
02-05 17:40:59.802   726   817 I HYPER-HAL: [RequestManager.cpp]acquire(): Acquired ID : 700356  [1163 / 20]    HINT : AMS_ACT_START    list :
02-05 17:40:59.803   789  1272 I SurfaceFlinger: id=79964 createSurf (0x0),-1 flag=80004, ActivityRecord{fc9b8de u0 com.example.dogglers/androidx.test.core.app.InstrumentationActivityInvoker$EmptyActivity t12736}#0
02-05 17:40:59.805  1647  1647 D CarrierSvcBindHelper: No carrier app for: 0
02-05 17:40:59.805   726   817 I HYPER-HAL: [ResourceManager.cpp]updateResource(): [CPUMinFreq] UpdateResource Request ID : 700356    Value : 1930195
02-05 17:40:59.807  1647  1647 E PhoneInterfaceManager: [PhoneIntfMgr] getCarrierPackageNamesForIntentAndPhone: No UICC
02-05 17:40:59.807  1647  1647 D CarrierSvcBindHelper: No carrier app for: 1
02-05 17:40:59.807  1647  1647 D ImsResolver: maybeAddedImsService, packageName: com.samsung.android.scloud
02-05 17:40:59.807  1163  3938 W WindowManager: lockNow pending, ignore updating lockscreen timeout
02-05 17:40:59.808  1163  1240 I SurfaceControl: nativeRelease nativeObject s[496860780672]
02-05 17:40:59.808  1163  1240 I SurfaceControl: nativeRelease nativeObject e[496860780672]
02-05 17:40:59.808 15500 15500 D LifecycleMonitor: Lifecycle status change: com.example.dogglers.HorizontalListActivity@c3f247e in: PAUSED
02-05 17:40:59.808 15500 15500 D LifecycleMonitor: running callback: androidx.test.core.app.ActivityScenario$1@49bf8e7
02-05 17:40:59.808 15500 15500 V ActivityScenario: Update currentActivityStage to PAUSED, currentActivity=com.example.dogglers.HorizontalListActivity@c3f247e
02-05 17:40:59.808 15500 15500 D LifecycleMonitor: callback completes: androidx.test.core.app.ActivityScenario$1@49bf8e7
02-05 17:40:59.809  1163  1240 I SurfaceControl: nativeRelease nativeObject s[496884986560]
02-05 17:40:59.809  1163  1240 I SurfaceControl: nativeRelease nativeObject e[496884986560]
02-05 17:40:59.809   789  1272 I Layer   : id=79950 removeFromCurrentState Splash Screen com.example.dogglers#0 (201)
02-05 17:40:59.809  1163  1240 I SurfaceControl: nativeRelease nativeObject s[499038974048]
02-05 17:40:59.809  1163  1240 I SurfaceControl: nativeRelease nativeObject e[499038974048]
02-05 17:40:59.812  1163  1240 W WindowManager: lockNow pending, ignore updating lockscreen timeout
02-05 17:40:59.814   789  1273 I Layer   : id=79949 removeFromCurrentState 4476dd1 Splash Screen com.example.dogglers#0 (201)
02-05 17:40:59.814   789  1273 I Layer   : id=79962 removeFromCurrentState Surface(name=4476dd1 Splash Screen com.example.dogglers)/@0xad482e6 - animation-leash#0 (201)
02-05 17:40:59.814   789  1273 I SurfaceFlinger: id=79949 Removed 4476dd1 Splash Screen com.example.dogglers#0 (201)
02-05 17:40:59.815   789  1272 I SurfaceFlinger: id=79962 Removed Surface(name=4476dd1 Splash Screen com.example.dogglers)/@0xad482e6 - animation-leash#0 (201)
02-05 17:40:59.815   789  1272 I SurfaceFlinger: id=79950 Removed Splash Screen com.example.dogglers#0 (201)
02-05 17:40:59.816  1163  3938 V WindowOrientationListener: getProposedRotation: 0
02-05 17:40:59.816  1163  3938 V WindowOrientationListener: getProposedRotation: 0
02-05 17:40:59.816  1163  3938 V WindowOrientationListener: getProposedRotation: 0
02-05 17:40:59.817  1163  1244 W SearchableInfo: Invalid searchable metadata for com.samsung.android.messaging/.ui.view.recipientspicker.PickerActivity: Search label must be a resource reference.
02-05 17:40:59.817  1163  3938 D InputDispatcher: Focused application set to (0): fc9b8de
02-05 17:40:59.819  1680  1680 D SecStatusBarMobileView: setStaticDrawableColor:
02-05 17:40:59.819   789   789 I Layer   : id=79962[1] Destroyed Surface(name=4476dd1 Splash Screen com.example.dogglers)/@0xad482e6 - animation-leash#0
02-05 17:40:59.819   789   789 I Layer   : id=79949[1] Destroyed 4476dd1 Splash Screen com.example.dogglers#0
02-05 17:40:59.820  1163  3938 W WindowManager: lockNow pending, ignore updating lockscreen timeout
02-05 17:40:59.822   789   789 I Layer   : id=79950[1] Destroyed Splash Screen com.example.dogglers#0
02-05 17:40:59.823   789   789 D SurfaceFlinger: Display 21442653864348033 HWC layers:
02-05 17:40:59.823   789   789 D SurfaceFlinger:      DEVICE | 0x74084fea80 | 0002 | RGBA_8888    |    0.0    0.0 1080.0 2400.0 |    0    0 1080 2400 | com.example.dogglers/com.example.dogglers.HorizontalListActivity$_15500#0
02-05 17:40:59.823   789   789 D SurfaceFlinger:      DEVICE | 0x7408500740 | 0000 | RGBA_8888    |    0.0    0.0 1080.0   88.0 |    0    0 1080   88 | StatusBar$_1680#0
02-05 17:40:59.823   789   789 D SurfaceFlinger:      DEVICE | 0x7428c40600 | 0000 | RGBA_8888    |    0.0    0.0 1080.0  144.0 |    0 2256 1080 2400 | NavigationBar0$_1680#0
02-05 17:40:59.823   789   789 D SurfaceFlinger:      DEVICE | 0x7408191180 | 0000 | RGBA_8888    |    0.0    0.0 1080.0  125.0 |    0    0 1080  125 | ScreenDecorOverlay$_1680#0
02-05 17:40:59.823   789   789 D SurfaceFlinger:      DEVICE | 0x7428c3f480 | 0000 | RGBA_8888    |    0.0    0.0 1080.0  112.0 |    0 2288 1080 2400 | ScreenDecorOverlayBottom$_1680#0
02-05 17:40:59.823   789   789 D SurfaceFlinger:
02-05 17:40:59.825 15500 15500 D LifecycleMonitor: Lifecycle status change: androidx.test.core.app.InstrumentationActivityInvoker$EmptyActivity@396f7bf in: PRE_ON_CREATE
02-05 17:40:59.825 15500 15500 D LifecycleMonitor: running callback: androidx.test.core.app.ActivityScenario$1@49bf8e7
02-05 17:40:59.825 15500 15500 V ActivityScenario: Activity lifecycle changed event received but ignored because the intent does not match. startActivityIntent=Intent { act=android.intent.action.MAIN cat=[android.intent.category.LAUNCHER] cmp=com.example.dogglers/.HorizontalListActivity }, activity.getIntent()=Intent { act=android.intent.action.MAIN cat=[android.intent.category.LAUNCHER] flg=0x10000000 cmp=com.example.dogglers/androidx.test.core.app.InstrumentationActivityInvoker$EmptyActivity }, activity=androidx.test.core.app.InstrumentationActivityInvoker$EmptyActivity@396f7bf
02-05 17:40:59.825 15500 15500 D LifecycleMonitor: callback completes: androidx.test.core.app.ActivityScenario$1@49bf8e7
02-05 17:40:59.829 15500 15500 I DecorView: [INFO] isPopOver=false, config=true
02-05 17:40:59.829 15500 15500 I DecorView: updateCaptionType >> DecorView@2ae99d5[], isFloating=false, isApplication=true, hasWindowDecorCaption=false, hasWindowControllerCallback=true
02-05 17:40:59.829 15500 15500 D DecorView: setCaptionType = 0, this = DecorView@2ae99d5[]
02-05 17:40:59.831 15500 15500 D LifecycleMonitor: Lifecycle status change: androidx.test.core.app.InstrumentationActivityInvoker$EmptyActivity@396f7bf in: CREATED
02-05 17:40:59.831 15500 15500 D LifecycleMonitor: running callback: androidx.test.core.app.ActivityScenario$1@49bf8e7
02-05 17:40:59.831 15500 15500 V ActivityScenario: Activity lifecycle changed event received but ignored because the intent does not match. startActivityIntent=Intent { act=android.intent.action.MAIN cat=[android.intent.category.LAUNCHER] cmp=com.example.dogglers/.HorizontalListActivity }, activity.getIntent()=Intent { act=android.intent.action.MAIN cat=[android.intent.category.LAUNCHER] flg=0x10000000 cmp=com.example.dogglers/androidx.test.core.app.InstrumentationActivityInvoker$EmptyActivity }, activity=androidx.test.core.app.InstrumentationActivityInvoker$EmptyActivity@396f7bf
02-05 17:40:59.831 15500 15500 D LifecycleMonitor: callback completes: androidx.test.core.app.ActivityScenario$1@49bf8e7
02-05 17:40:59.832 15500 15500 D LifecycleMonitor: Lifecycle status change: androidx.test.core.app.InstrumentationActivityInvoker$EmptyActivity@396f7bf in: STARTED
02-05 17:40:59.832 15500 15500 D LifecycleMonitor: running callback: androidx.test.core.app.ActivityScenario$1@49bf8e7
02-05 17:40:59.832 15500 15500 V ActivityScenario: Activity lifecycle changed event received but ignored because the intent does not match. startActivityIntent=Intent { act=android.intent.action.MAIN cat=[android.intent.category.LAUNCHER] cmp=com.example.dogglers/.HorizontalListActivity }, activity.getIntent()=Intent { act=android.intent.action.MAIN cat=[android.intent.category.LAUNCHER] flg=0x10000000 cmp=com.example.dogglers/androidx.test.core.app.InstrumentationActivityInvoker$EmptyActivity }, activity=androidx.test.core.app.InstrumentationActivityInvoker$EmptyActivity@396f7bf
02-05 17:40:59.832 15500 15500 D LifecycleMonitor: callback completes: androidx.test.core.app.ActivityScenario$1@49bf8e7
02-05 17:40:59.833 15500 15500 D LifecycleMonitor: Lifecycle status change: androidx.test.core.app.InstrumentationActivityInvoker$EmptyActivity@396f7bf in: RESUMED
02-05 17:40:59.833 15500 15500 D LifecycleMonitor: running callback: androidx.test.core.app.ActivityScenario$1@49bf8e7
02-05 17:40:59.833 15500 15500 V ActivityScenario: Activity lifecycle changed event received but ignored because the intent does not match. startActivityIntent=Intent { act=android.intent.action.MAIN cat=[android.intent.category.LAUNCHER] cmp=com.example.dogglers/.HorizontalListActivity }, activity.getIntent()=Intent { act=android.intent.action.MAIN cat=[android.intent.category.LAUNCHER] flg=0x10000000 cmp=com.example.dogglers/androidx.test.core.app.InstrumentationActivityInvoker$EmptyActivity }, activity=androidx.test.core.app.InstrumentationActivityInvoker$EmptyActivity@396f7bf
02-05 17:40:59.833 15500 15500 D LifecycleMonitor: callback completes: androidx.test.core.app.ActivityScenario$1@49bf8e7
02-05 17:40:59.836  1163  2104 D InputTransport: Input channel constructed: '4d32353', fd=917
02-05 17:40:59.836  1163  2104 D InputTransport: Input channel constructed: '4d32353', fd=924
02-05 17:40:59.836  1680  1680 D SecStatusBarMobileView: setStaticDrawableColor:
02-05 17:40:59.836   789   834 I SurfaceFlinger: id=79965 createSurf (0x0),-1 flag=80004, 4d32353 com.example.dogglers/androidx.test.core.app.InstrumentationActivityInvoker$EmptyActivity#0
02-05 17:40:59.837  1163  2104 D WindowManager: isScreenshotDisabledLocked - win: Window{4d32353 u0 com.example.dogglers/androidx.test.core.app.InstrumentationActivityInvoker$EmptyActivity}
02-05 17:40:59.837  1163  2104 D WindowManager: isScreenshotDisabledLocked: userId = 0, disabled =false
02-05 17:40:59.837  1163  2104 D InputTransport: Input channel destroyed: '4d32353', fd=924
02-05 17:40:59.837  1163  3938 I InputDispatcher: Focus left window (15500): 52e3ce9 in display 0 0
02-05 17:40:59.837 15500 15500 D InputTransport: Input channel constructed: '4d32353', fd=99
02-05 17:40:59.838 15500 15500 I ViewRootImpl@2705778[InstrumentationActivityInvoker$EmptyActivity]: setView = com.android.internal.policy.DecorView@2ae99d5 TM=true
02-05 17:40:59.840  1163  3938 V WindowManager: Relayout Window{4d32353 u0 com.example.dogglers/androidx.test.core.app.InstrumentationActivityInvoker$EmptyActivity}: viewVisibility=0 req=1080x2400
02-05 17:40:59.841  1163  3938 W WindowManager: lockNow pending, ignore updating lockscreen timeout
02-05 17:40:59.841  1163  3938 D WindowManager: isScreenshotDisabledLocked - win: Window{4d32353 u0 com.example.dogglers/androidx.test.core.app.InstrumentationActivityInvoker$EmptyActivity}
02-05 17:40:59.841  1163  3938 D WindowManager: isScreenshotDisabledLocked: userId = 0, disabled =false
02-05 17:40:59.842   789  2265 I SurfaceFlinger: id=79966 createSurf (1080x2400),1 flag=404, com.example.dogglers/androidx.test.core.app.InstrumentationActivityInvoker$EmptyActivity$_15500#0
02-05 17:40:59.843  1163  3938 I SurfaceControl: nativeRelease nativeObject s[499183209344]
02-05 17:40:59.843  1163  3938 I SurfaceControl: nativeRelease nativeObject e[499183209344]
02-05 17:40:59.843   789  1273 I SurfaceFlinger: id=79967 createSurf (0x0),-1 flag=24000, Surface(name=8c655e2 StatusBar)/@0x44a9b07 - animation-leash#0
02-05 17:40:59.844  1163  3938 I SurfaceControl: nativeRelease nativeObject s[499183874720]
02-05 17:40:59.844  1163  3938 I SurfaceControl: nativeRelease nativeObject e[499183874720]
02-05 17:40:59.844   789  1272 I SurfaceFlinger: id=79968 createSurf (0x0),-1 flag=24000, Surface(name=b29f82b NavigationBar0)/@0x8634759 - animation-leash#1
02-05 17:40:59.844  1163  3938 V WindowManager: Relayout hash=4d32353, pid=15500: mAttrs={(0,0)(fillxfill) sim={adjust=pan forwardNavigation} ty=BASE_APPLICATION wanim=0x1030001
02-05 17:40:59.844  1163  3938 V WindowManager:   fl=1810100
02-05 17:40:59.844  1163  3938 V WindowManager:   pfl=12020000
02-05 17:40:59.844  1163  3938 V WindowManager:   fitSides= naviIconColor=0}
02-05 17:40:59.844  1163  3938 I SurfaceControl: nativeRelease nativeObject s[499183207520]
02-05 17:40:59.844  1163  3938 I SurfaceControl: nativeRelease nativeObject e[499183207520]
02-05 17:40:59.845 15500 15500 I SurfaceControl: assignNativeObject: nativeObject = 0 Surface(name=null)/@0x34bfe51 / android.view.SurfaceControl.readFromParcel:1117 android.view.IWindowSession$Stub$Proxy.relayout:1820 android.view.ViewRootImpl.relayoutWindow:9005 android.view.ViewRootImpl.performTraversals:3360 android.view.ViewRootImpl.doTraversal:2618 android.view.ViewRootImpl$TraversalRunnable.run:9971 android.view.Choreographer$CallbackRecord.run:1010 android.view.Choreographer.doCallbacks:809 android.view.Choreographer.doFrame:744 android.view.Choreographer$FrameDisplayEventReceiver.run:995
02-05 17:40:59.845 15500 15500 I ViewRootImpl@2705778[InstrumentationActivityInvoker$EmptyActivity]: Relayout returned: old=(0,0,1080,2400) new=(0,0,1080,2400) req=(1080,2400)0 dur=5 res=0x7 s={true 497546661888} ch=true fn=-1
02-05 17:40:59.846 15500 15565 I mali_winsys: new_window_surface() [1080x2400] return: 0x3000
02-05 17:40:59.847   716   953 D gralloc : [mali_gralloc_allocate] begin
02-05 17:40:59.847   716   953 D gralloc : buffer_descriptor: wh(1080 2400) usage_pc(0x40000000000b00 0x40000000000b00) hal_format(0x1) layer_count(1) sizes(0 0 0) strde(0) byte_stride(0) alloc_wh(0 0) internal_format(0x0) alloc_format(0x0) fd_count(1) plane_count(0)
02-05 17:40:59.847 15500 15500 I ViewRootImpl@2705778[InstrumentationActivityInvoker$EmptyActivity]: [DP] dp(1) 1 android.view.ViewRootImpl.reportNextDraw:10957 android.view.ViewRootImpl.performTraversals:3845 android.view.ViewRootImpl.doTraversal:2618
02-05 17:40:59.847 15500 15500 I ViewRootImpl@2705778[InstrumentationActivityInvoker$EmptyActivity]: [DP] pd() Asnyc report
02-05 17:40:59.849   716   953 D gralloc : [mali_gralloc_allocate] allocation successful
02-05 17:40:59.849   716   953 D gralloc : [mali_gralloc_allocate] begin
02-05 17:40:59.849   716   953 D gralloc : buffer_descriptor: wh(1080 2400) usage_pc(0x40000000000b00 0x40000000000b00) hal_format(0x1) layer_count(1) sizes(0 0 0) strde(0) byte_stride(0) alloc_wh(0 0) internal_format(0x0) alloc_format(0x0) fd_count(1) plane_count(0)
02-05 17:40:59.850   716   953 D gralloc : [mali_gralloc_allocate] allocation successful
02-05 17:40:59.850   716   953 D gralloc : [mali_gralloc_allocate] begin
02-05 17:40:59.850   716   953 D gralloc : buffer_descriptor: wh(1080 2400) usage_pc(0x40000000000b00 0x40000000000b00) hal_format(0x1) layer_count(1) sizes(0 0 0) strde(0) byte_stride(0) alloc_wh(0 0) internal_format(0x0) alloc_format(0x0) fd_count(1) plane_count(0)
02-05 17:40:59.852   716   953 D gralloc : [mali_gralloc_allocate] allocation successful
02-05 17:40:59.853 15500 15500 I ViewRootImpl@2705778[InstrumentationActivityInvoker$EmptyActivity]: [DP] pdf(0) 1 android.view.ViewRootImpl.lambda$performDraw$1$ViewRootImpl:4668 android.view.-$$Lambda$ViewRootImpl$DJd0VUYJgsebcnSohO6h8zc_ONI.run:6 android.os.Handler.handleCallback:938
02-05 17:40:59.853 15500 15500 I ViewRootImpl@2705778[InstrumentationActivityInvoker$EmptyActivity]: [DP] rdf()
02-05 17:40:59.853 15500 15500 I ViewRootImpl@863b006[HorizontalListActivity]: MSG_WINDOW_FOCUS_CHANGED 0 1
02-05 17:40:59.854 14119 16369 I Fitness : OnPackageChangedOperation got intent: Intent { act=android.intent.action.PACKAGE_CHANGED dat=package:com.samsung.android.scloud flg=0x45000010 pkg=com.google.android.gms cmp=com.google.android.gms/.chimera.PersistentIntentOperationService (has extras) } [CONTEXT service_id=17 ]
02-05 17:40:59.854   789  2265 I Layer   : id=79960 removeFromCurrentState Surface(name=8c655e2 StatusBar)/@0x44a9b07 - animation-leash#1 (202)
02-05 17:40:59.854   789  2265 I Layer   : id=79961 removeFromCurrentState Surface(name=b29f82b NavigationBar0)/@0x8634759 - animation-leash#0 (202)
02-05 17:40:59.855 15500 15500 I SurfaceControl: nativeRelease nativeObject s[498994764416]
02-05 17:40:59.855 15500 15500 I SurfaceControl: nativeRelease nativeObject e[498994764416]
02-05 17:40:59.855 15500 15500 I SurfaceControl: nativeRelease nativeObject s[498994764320]
02-05 17:40:59.855 15500 15500 I SurfaceControl: nativeRelease nativeObject e[498994764320]
02-05 17:40:59.855 15500 15500 I SurfaceControl: nativeRelease nativeObject s[498994764128]
02-05 17:40:59.855 15500 15500 I SurfaceControl: nativeRelease nativeObject e[498994764128]
02-05 17:40:59.856  1163  1240 W WindowManager: lockNow pending, ignore updating lockscreen timeout
02-05 17:40:59.856   789   835 I SurfaceFlinger: id=79960 Removed Surface(name=8c655e2 StatusBar)/@0x44a9b07 - animation-leash#1 (202)
02-05 17:40:59.856   789   835 I SurfaceFlinger: id=79961 Removed Surface(name=b29f82b NavigationBar0)/@0x8634759 - animation-leash#0 (202)
02-05 17:40:59.858  1163  1240 D PkgPredictorService: pkg:com.example.dogglers activity:androidx.test.core.app.InstrumentationActivityInvoker$EmptyActivity thisTime:58
02-05 17:40:59.859  1163  1240 W WindowManager: lockNow pending, ignore updating lockscreen timeout
02-05 17:40:59.861  1163  2104 I SemDvfsHyPerManager: acquire hyper - AMS_RESUME_TAIL/1163@22, type = -999
02-05 17:40:59.861  1163  2104 I SemDvfsHyPerManager: acquire hyper - AMS_ACT_LAZY/1163@23, type = -999
02-05 17:40:59.861   726   817 I HYPER-HAL: [RequestManager.cpp]acquire(): Acquired ID : 702727  [1163 / 22]    HINT : AMS_RESUME_TAIL    list :
02-05 17:40:59.861   726   817 I HYPER-HAL: [ResourceManager.cpp]updateResource(): [CPUMinFreq] UpdateResource Request ID : 702727    Value : 1844882
02-05 17:40:59.861   726   817 I HYPER-HAL: [RequestManager.cpp]acquire(): Acquired ID : 703914  [1163 / 23]    HINT :      list :
02-05 17:40:59.862   726   817 E HYPER-HAL: [Request.cpp]acquire(): Request:: id : 703914, No Resource to set
02-05 17:40:59.862   726   817 I HYPER-HAL: [ResourceManager.cpp]removeResource(): [CPUMinFreq] RemoveResource Request ID : 700356
02-05 17:40:59.862   726   817 I HYPER-HAL: [RequestManager.cpp]releaseLocked(): Released ID : 700356
02-05 17:40:59.869   789   789 I Layer   : id=79960[1] Destroyed Surface(name=8c655e2 StatusBar)/@0x44a9b07 - animation-leash#1
02-05 17:40:59.869   789   789 I Layer   : id=79961[1] Destroyed Surface(name=b29f82b NavigationBar0)/@0x8634759 - animation-leash#0
02-05 17:40:59.870 15500 15565 I mali_egl: eglDestroySurface() in
02-05 17:40:59.870  1163  3940 I InputDispatcher: Focus entered window (15500): 4d32353 in display 0 0
02-05 17:40:59.871 15500 15565 I mali_winsys: delete_surface() [1080x2400] return
02-05 17:40:59.871 15500 15565 I mali_egl: eglDestroySurface() out
02-05 17:40:59.871   789   835 E BufferQueueProducer: [com.example.dogglers/com.example.dogglers.HorizontalListActivity$_15500#0](id:315000036dd,api:0,p:-1,c:789) disconnect: not connected (req=1)
02-05 17:40:59.871 15500 15565 W libEGL  : EGLNativeWindowType 0x73c1a0e010 disconnect failed
02-05 17:40:59.872  1163  3940 V WindowManager: Relayout Window{52e3ce9 u0 com.example.dogglers/com.example.dogglers.HorizontalListActivity}: viewVisibility=8 req=1080x2400
02-05 17:40:59.872   789   789 D SurfaceFlinger: Display 21442653864348033 HWC layers:
02-05 17:40:59.872   789   789 D SurfaceFlinger:      DEVICE | 0x74081908c0 | 0002 | RGBA_8888    |    0.0    0.0 1080.0 2400.0 |    0    0 1080 2400 | com.example.dogglers/androidx.test.c[...]tivityInvoker$EmptyActivity$_15500#0
02-05 17:40:59.872   789   789 D SurfaceFlinger:      DEVICE | 0x7428c3fac0 | 0000 | RGBA_8888    |    0.0    0.0 1080.0   88.0 |    0    0 1080   88 | StatusBar$_1680#0
02-05 17:40:59.872   789   789 D SurfaceFlinger:      DEVICE | 0x7428c40600 | 0000 | RGBA_8888    |    0.0    0.0 1080.0  144.0 |    0 2256 1080 2400 | NavigationBar0$_1680#0
02-05 17:40:59.872   789   789 D SurfaceFlinger:      DEVICE | 0x7408191180 | 0000 | RGBA_8888    |    0.0    0.0 1080.0  125.0 |    0    0 1080  125 | ScreenDecorOverlay$_1680#0
02-05 17:40:59.872   789   789 D SurfaceFlinger:      DEVICE | 0x7428c3f480 | 0000 | RGBA_8888    |    0.0    0.0 1080.0  112.0 |    0 2288 1080 2400 | ScreenDecorOverlayBottom$_1680#0
02-05 17:40:59.872   789   789 D SurfaceFlinger:
02-05 17:40:59.872  1163  3940 W WindowManager: lockNow pending, ignore updating lockscreen timeout
02-05 17:40:59.873  1163  1240 W WindowManager: lockNow pending, ignore updating lockscreen timeout
02-05 17:40:59.873  1163  3940 V WindowManager: Relayout hash=52e3ce9, pid=15500: mAttrs={(0,0)(fillxfill) sim={adjust=resize forwardNavigation} ty=BASE_APPLICATION wanim=0x1030304
02-05 17:40:59.873  1163  3940 V WindowManager:   fl=81810100
02-05 17:40:59.873  1163  3940 V WindowManager:   pfl=12020000
02-05 17:40:59.873  1163  3940 V WindowManager:   fitSides= naviIconColor=0}
02-05 17:40:59.874 15500 15500 I SurfaceControl: nativeRelease nativeObject s[498994769504]
02-05 17:40:59.874 15500 15500 I SurfaceControl: nativeRelease nativeObject e[498994769504]
02-05 17:40:59.874 15500 15500 I SurfaceControl: assignNativeObject: nativeObject = 0 Surface(name=null)/@0x27e26b6 / android.view.SurfaceControl.readFromParcel:1117 android.view.IWindowSession$Stub$Proxy.relayout:1810 android.view.ViewRootImpl.relayoutWindow:9005 android.view.ViewRootImpl.performTraversals:3360 android.view.ViewRootImpl.doTraversal:2618 android.view.ViewRootImpl$TraversalRunnable.run:9971 android.view.Choreographer$CallbackRecord.run:1010 android.view.Choreographer.doCallbacks:809 android.view.Choreographer.doFrame:744 android.view.Choreographer$FrameDisplayEventReceiver.run:995
02-05 17:40:59.874 15500 15500 I SurfaceControl: assignNativeObject: nativeObject = 0 Surface(name=null)/@0xcb7f6c7 / android.view.SurfaceControl.readFromParcel:1117 android.view.IWindowSession$Stub$Proxy.relayout:1820 android.view.ViewRootImpl.relayoutWindow:9005 android.view.ViewRootImpl.performTraversals:3360 android.view.ViewRootImpl.doTraversal:2618 android.view.ViewRootImpl$TraversalRunnable.run:9971 android.view.Choreographer$CallbackRecord.run:1010 android.view.Choreographer.doCallbacks:809 android.view.Choreographer.doFrame:744 android.view.Choreographer$FrameDisplayEventReceiver.run:995
02-05 17:40:59.874 15500 15500 I SurfaceControl: nativeRelease nativeObject s[498994764512]
02-05 17:40:59.874 15500 15500 I SurfaceControl: nativeRelease nativeObject e[498994764512]
02-05 17:40:59.874 15500 15500 I ViewRootImpl@863b006[HorizontalListActivity]: Relayout returned: old=(0,0,1080,2400) new=(0,0,1080,2400) req=(1080,2400)8 dur=3 res=0x5 s={false 0} ch=true fn=3
02-05 17:40:59.875 15500 15500 I ViewRootImpl@863b006[HorizontalListActivity]: stopped(true) old=false
02-05 17:40:59.875 15500 15500 D LifecycleMonitor: Lifecycle status change: com.example.dogglers.HorizontalListActivity@c3f247e in: STOPPED
02-05 17:40:59.875 15500 15500 D LifecycleMonitor: running callback: androidx.test.core.app.ActivityScenario$1@49bf8e7
02-05 17:40:59.875 15500 15500 V ActivityScenario: Update currentActivityStage to STOPPED, currentActivity=com.example.dogglers.HorizontalListActivity@c3f247e
02-05 17:40:59.875 15500 15500 D LifecycleMonitor: callback completes: androidx.test.core.app.ActivityScenario$1@49bf8e7
02-05 17:40:59.877 15500 15500 I ViewRootImpl@2705778[InstrumentationActivityInvoker$EmptyActivity]: MSG_WINDOW_FOCUS_CHANGED 1 1
02-05 17:40:59.877 15500 15500 D InputMethodManager: prepareNavigationBarInfo() DecorView@2ae99d5[InstrumentationActivityInvoker$EmptyActivity]
02-05 17:40:59.877 15500 15500 D InputMethodManager: getNavigationBarColor() -16711423
02-05 17:40:59.877 15500 15500 D InputMethodManager: prepareNavigationBarInfo() DecorView@2ae99d5[InstrumentationActivityInvoker$EmptyActivity]
02-05 17:40:59.877 15500 15500 D InputMethodManager: getNavigationBarColor() -16711423
02-05 17:40:59.877 15500 15500 V InputMethodManager: Starting input: tba=com.example.dogglers ic=null mNaviBarColor -16711423 mIsGetNaviBarColorSuccess true , NavVisible : true , NavTrans : false
02-05 17:40:59.877 15500 15500 D InputMethodManager: startInputInner - Id : 0
02-05 17:40:59.877 15500 15500 I InputMethodManager: startInputInner - mService.startInputOrWindowGainedFocus
02-05 17:40:59.877  1163  3937 D InputMethodManagerService: mSecureKeypadEnabled = false
02-05 17:40:59.878  1163  3937 V InputMethodManagerService: hideCurrentInputLocked : shouldHideSoftInput is false
02-05 17:40:59.881  1163  3937 D InputMethodManagerService: DESKTOP MODE! : 2
02-05 17:40:59.881  1163  3937 D InputMethodManagerService: NOT IN KNOX DESKTOP MODE!
02-05 17:40:59.881  1163  3937 V InputMethodManagerService: getDisplayIdOfInputMethodWindowToBeAdded : 0
02-05 17:40:59.881  1163  3937 D InputMethodManagerService: checkDisplayOfStartInputAndUpdateKeyboard display Id 0last 0
02-05 17:40:59.881  1163  3937 D InputTransport: Input channel constructed: 'ClientS', fd=929
02-05 17:40:59.881  1163  3937 D InputTransport: Input channel destroyed: 'ClientS', fd=929
02-05 17:40:59.881 15500 15500 D InputTransport: Input channel constructed: 'ClientS', fd=98
02-05 17:40:59.881 15500 15500 D InputTransport: Input channel destroyed: 'ClientS', fd=97
02-05 17:40:59.883  1163  1235 I SurfaceControl: nativeRelease nativeObject s[496871103648]
02-05 17:40:59.883  1163  1235 I SurfaceControl: nativeRelease nativeObject e[496871103648]
02-05 17:40:59.883   789   834 I SurfaceFlinger: id=79969 createSurf (0x0),-1 flag=24004, Surface(name=dbf3b45 InputMethod)/@0xf70bba8 - animation-leash#1
02-05 17:40:59.884 14119 14328 I Fitness : Package com.samsung.android.scloud enabled.  Potentially restarting recording [CONTEXT service_id=17 ]
02-05 17:40:59.884  3640  3640 I GoogleInputMethodService: GoogleInputMethodService.onFinishInput():3316
02-05 17:40:59.885  3640  3640 I GoogleInputMethodService: GoogleInputMethodService.updateDeviceLockedStatus():2181 checkRepeatedly = false, unlocked = true
02-05 17:40:59.885  3640  3640 D InputMethodService: checkDisplayOfStartInputAndUpdateKeyboard display Id 0last 0
02-05 17:40:59.886  3640  3640 I GoogleInputMethodService: GoogleInputMethodService.onStartInput():1989
02-05 17:40:59.887   789  1272 I Layer   : id=79963 removeFromCurrentState Surface(name=dbf3b45 InputMethod)/@0xf70bba8 - animation-leash#0 (201)
02-05 17:40:59.887  3640  3640 I GoogleInputMethodService: GoogleInputMethodService.updateDeviceLockedStatus():2181 checkRepeatedly = true, unlocked = true
02-05 17:40:59.888  1163  1235 V WindowManager: Relayout Window{52e3ce9 u0 com.example.dogglers/com.example.dogglers.HorizontalListActivity}: viewVisibility=8 req=1080x2400
02-05 17:40:59.888  1163  1235 W WindowManager: lockNow pending, ignore updating lockscreen timeout
02-05 17:40:59.889  1163  1235 V WindowManager: Relayout hash=52e3ce9, pid=15500: mAttrs={(0,0)(fillxfill) sim={adjust=pan} ty=BASE_APPLICATION wanim=0x1030304
02-05 17:40:59.889  1163  1235 V WindowManager:   fl=81810100
02-05 17:40:59.889  1163  1235 V WindowManager:   pfl=12020000
02-05 17:40:59.889  1163  1235 V WindowManager:   fitSides= naviIconColor=0}
02-05 17:40:59.889 15500 15500 I SurfaceControl: assignNativeObject: nativeObject = 0 Surface(name=null)/@0x27e26b6 / android.view.SurfaceControl.readFromParcel:1117 android.view.IWindowSession$Stub$Proxy.relayout:1810 android.view.ViewRootImpl.relayoutWindow:9005 android.view.ViewRootImpl.performTraversals:3360 android.view.ViewRootImpl.doTraversal:2618 android.view.ViewRootImpl$TraversalRunnable.run:9971 android.view.Choreographer$CallbackRecord.run:1010 android.view.Choreographer.doCallbacks:809 android.view.Choreographer.doFrame:744 android.view.Choreographer$FrameDisplayEventReceiver.run:995
02-05 17:40:59.889 15500 15500 I SurfaceControl: assignNativeObject: nativeObject = 0 Surface(name=null)/@0xcb7f6c7 / android.view.SurfaceControl.readFromParcel:1117 android.view.IWindowSession$Stub$Proxy.relayout:1820 android.view.ViewRootImpl.relayoutWindow:9005 android.view.ViewRootImpl.performTraversals:3360 android.view.ViewRootImpl.doTraversal:2618 android.view.ViewRootImpl$TraversalRunnable.run:9971 android.view.Choreographer$CallbackRecord.run:1010 android.view.Choreographer.doCallbacks:809 android.view.Choreographer.doFrame:744 android.view.Choreographer$FrameDisplayEventReceiver.run:995
02-05 17:40:59.890 15500 15500 I SurfaceControl: nativeRelease nativeObject s[498994769504]
02-05 17:40:59.890 15500 15500 I SurfaceControl: nativeRelease nativeObject e[498994769504]
02-05 17:40:59.890 15500 15500 I ViewRootImpl@863b006[HorizontalListActivity]: Relayout returned: old=(0,0,1080,2400) new=(0,0,1080,2400) req=(1080,2400)8 dur=4 res=0x5 s={false 0} ch=false fn=-1
02-05 17:40:59.892 32609 15445 I Icing   : Indexing com.google.android.gms-apps from com.google.android.gms
02-05 17:40:59.894  1163  3938 I SurfaceControl: nativeRelease nativeObject s[496861205056]
02-05 17:40:59.894  1163  3938 I SurfaceControl: nativeRelease nativeObject e[496861205056]
02-05 17:40:59.894   789   834 I Layer   : id=79959 removeFromCurrentState com.example.dogglers/com.example.dogglers.HorizontalListActivity$_15500#0 (201)
02-05 17:40:59.897 32609 15445 I Icing   : Indexing done com.google.android.gms-apps
02-05 17:40:59.898 15500 15500 I SurfaceControl: nativeRelease nativeObject s[497477722816]
02-05 17:40:59.898 15500 15500 I SurfaceControl: nativeRelease nativeObject e[497477722816]
02-05 17:40:59.898 15500 15500 I SurfaceControl: nativeRelease nativeObject s[497477721280]
02-05 17:40:59.898 15500 15500 I SurfaceControl: nativeRelease nativeObject e[497477721280]
02-05 17:40:59.899 15500 15500 D LifecycleMonitor: Lifecycle status change: com.example.dogglers.HorizontalListActivity@c3f247e in: DESTROYED
02-05 17:40:59.899 15500 15500 D LifecycleMonitor: running callback: androidx.test.core.app.ActivityScenario$1@49bf8e7
02-05 17:40:59.899 15500 15500 V ActivityScenario: Update currentActivityStage to DESTROYED, currentActivity=null
02-05 17:40:59.899 15500 15500 D LifecycleMonitor: callback completes: androidx.test.core.app.ActivityScenario$1@49bf8e7
02-05 17:40:59.900  1163  2104 D SamsungIMMSHWKeyboard: isConnectedDexOnPC false
02-05 17:40:59.900 15500 15500 I ViewRootImpl@863b006[HorizontalListActivity]: dispatchDetachedFromWindow
02-05 17:40:59.900  1163  3940 D InputTransport: Input channel destroyed: '52e3ce9', fd=915
02-05 17:40:59.901  1163  3940 I SurfaceControl: nativeRelease nativeObject s[496884985984]
02-05 17:40:59.901  1163  3940 I SurfaceControl: nativeRelease nativeObject e[496884985984]
02-05 17:40:59.901  1163  3940 D WindowManager: isScreenshotDisabledLocked - win: Window{52e3ce9 u0 com.example.dogglers/com.example.dogglers.HorizontalListActivity}
02-05 17:40:59.901  1163  3940 D WindowManager: isScreenshotDisabledLocked: userId = 0, disabled =false
02-05 17:40:59.901  1163  3940 W WindowManager: lockNow pending, ignore updating lockscreen timeout
02-05 17:40:59.902   789   834 I Layer   : id=79958 removeFromCurrentState 52e3ce9 com.example.dogglers/com.example.dogglers.HorizontalListActivity#0 (201)
02-05 17:40:59.902 15500 15500 D InputTransport: Input channel destroyed: '52e3ce9', fd=90
02-05 17:40:59.903   789   834 I SurfaceFlinger: id=79958 Removed 52e3ce9 com.example.dogglers/com.example.dogglers.HorizontalListActivity#0 (201)
02-05 17:40:59.903   789   835 I SurfaceFlinger: id=79959 Removed com.example.dogglers/com.example.dogglers.HorizontalListActivity$_15500#0 (201)
02-05 17:40:59.903  1163  3944 I SurfaceControl: nativeRelease nativeObject s[499038066656]
02-05 17:40:59.903  1163  3944 I SurfaceControl: nativeRelease nativeObject e[499038066656]
02-05 17:40:59.904  1163  2104 D InputMethodManagerService: isImeSwitcherDisabledPackage : false
02-05 17:40:59.904   789   789 I Layer   : id=79958[1] Destroyed 52e3ce9 com.example.dogglers/com.example.dogglers.HorizontalListActivity#0
02-05 17:40:59.904   789   789 I Layer   : id=79959[1] Destroyed com.example.dogglers/com.example.dogglers.HorizontalListActivity$_15500#0
02-05 17:40:59.904   789   835 I Layer   : id=79953 removeFromCurrentState ActivityRecord{2ae6d41 u0 com.example.dogglers/.HorizontalListActivity t12736}#0 (199)
02-05 17:40:59.905   789  1272 I SurfaceFlinger: id=79953 Removed ActivityRecord{2ae6d41 u0 com.example.dogglers/.HorizontalListActivity t12736}#0 (199)
02-05 17:40:59.907 14119  5522 I BluetoothAdapter: STATE_ON
02-05 17:40:59.907 14119  5522 I BluetoothAdapter: BLE support array set: [true, true, true, true, true, true]
02-05 17:40:59.909 14119  5522 I BluetoothAdapter: STATE_ON
02-05 17:40:59.909 15500 15500 D LifecycleMonitor: Lifecycle status change: androidx.test.core.app.InstrumentationActivityInvoker$BootstrapActivity@c6be6a6 in: STOPPED
02-05 17:40:59.909 15500 15500 D LifecycleMonitor: running callback: androidx.test.core.app.ActivityScenario$1@49bf8e7
02-05 17:40:59.909 15500 15500 V ActivityScenario: Activity lifecycle changed event received but ignored because the intent does not match. startActivityIntent=Intent { act=android.intent.action.MAIN cat=[android.intent.category.LAUNCHER] cmp=com.example.dogglers/.HorizontalListActivity }, activity.getIntent()=Intent { act=android.intent.action.MAIN cat=[android.intent.category.LAUNCHER] flg=0x10008000 cmp=com.example.dogglers/androidx.test.core.app.InstrumentationActivityInvoker$BootstrapActivity (has extras) }, activity=androidx.test.core.app.InstrumentationActivityInvoker$BootstrapActivity@c6be6a6
02-05 17:40:59.909 15500 15500 D LifecycleMonitor: callback completes: androidx.test.core.app.ActivityScenario$1@49bf8e7
02-05 17:40:59.910 14119  5522 W ChimeraUtils: Module com.google.android.gms.nearby_en has empty metadata display_name_string_id
02-05 17:40:59.912 15500 15500 D LifecycleMonitor: Lifecycle status change: androidx.test.core.app.InstrumentationActivityInvoker$BootstrapActivity@c6be6a6 in: DESTROYED
02-05 17:40:59.912 15500 15500 D LifecycleMonitor: running callback: androidx.test.core.app.ActivityScenario$1@49bf8e7
