02-05 17:40:56.745  1163  1801 D WindowManager: isScreenshotDisabledLocked - win: Window{6ac6fa1 u0 com.example.dogglers/androidx.test.core.app.InstrumentationActivityInvoker$EmptyActivity}
02-05 17:40:56.745  1163  1801 D WindowManager: isScreenshotDisabledLocked: userId = 0, disabled =false
02-05 17:40:56.745  1163  1801 D InputTransport: Input channel destroyed: '6ac6fa1', fd=888
02-05 17:40:56.746 15500 15500 D InputTransport: Input channel constructed: '6ac6fa1', fd=97
02-05 17:40:56.746 15500 15500 I ViewRootImpl@21c5bda[InstrumentationActivityInvoker$EmptyActivity]: setView = com.android.internal.policy.DecorView@13c4bef TM=true
02-05 17:40:56.747  1163  3938 D SamsungIMMSHWKeyboard: isConnectedDexOnPC false
02-05 17:40:56.747 15500 15500 I SurfaceControl: nativeRelease nativeObject s[497477722240]
02-05 17:40:56.747 15500 15500 I SurfaceControl: nativeRelease nativeObject e[497477722240]
02-05 17:40:56.747 15500 15500 I SurfaceControl: nativeRelease nativeObject s[497477722144]
02-05 17:40:56.747 15500 15500 I SurfaceControl: nativeRelease nativeObject e[497477722144]
02-05 17:40:56.747  1163  3938 D InputMethodManagerService: isImeSwitcherDisabledPackage : false
02-05 17:40:56.758  1163  3935 V WindowManager: Relayout Window{6ac6fa1 u0 com.example.dogglers/androidx.test.core.app.InstrumentationActivityInvoker$EmptyActivity}: viewVisibility=0 req=1080x2400
02-05 17:40:56.758  1163  3935 W WindowManager: lockNow pending, ignore updating lockscreen timeout
02-05 17:40:56.759  1163  3935 D WindowManager: isScreenshotDisabledLocked - win: Window{6ac6fa1 u0 com.example.dogglers/androidx.test.core.app.InstrumentationActivityInvoker$EmptyActivity}
02-05 17:40:56.759  1163  3935 D WindowManager: isScreenshotDisabledLocked: userId = 0, disabled =false
02-05 17:40:56.759   789   835 I SurfaceFlinger: id=79821 createSurf (1080x2400),1 flag=404, com.example.dogglers/androidx.test.core.app.InstrumentationActivityInvoker$EmptyActivity$_15500#1
02-05 17:40:56.760  1163  3935 I SurfaceControl: nativeRelease nativeObject s[496871092800]
02-05 17:40:56.760  1163  3935 I SurfaceControl: nativeRelease nativeObject e[496871092800]
02-05 17:40:56.761   789   834 I SurfaceFlinger: id=79822 createSurf (0x0),-1 flag=24000, Surface(name=8c655e2 StatusBar)/@0x44a9b07 - animation-leash#1
02-05 17:40:56.761  1163  3935 I SurfaceControl: nativeRelease nativeObject s[496871094144]
02-05 17:40:56.761  1163  3935 I SurfaceControl: nativeRelease nativeObject e[496871094144]
02-05 17:40:56.761   789   835 I SurfaceFlinger: id=79823 createSurf (0x0),-1 flag=24000, Surface(name=b29f82b NavigationBar0)/@0x8634759 - animation-leash#0
02-05 17:40:56.762  1163  3935 V WindowManager: Relayout hash=6ac6fa1, pid=15500: mAttrs={(0,0)(fillxfill) sim={adjust=pan forwardNavigation} ty=BASE_APPLICATION wanim=0x1030001
02-05 17:40:56.762  1163  3935 V WindowManager:   fl=1810100
02-05 17:40:56.762  1163  3935 V WindowManager:   pfl=12020000
02-05 17:40:56.762  1163  3935 V WindowManager:   fitSides= naviIconColor=0}
02-05 17:40:56.762  1163  3935 I SurfaceControl: nativeRelease nativeObject s[496860775200]
02-05 17:40:56.762  1163  3935 I SurfaceControl: nativeRelease nativeObject e[496860775200]
02-05 17:40:56.762 15500 15500 I SurfaceControl: assignNativeObject: nativeObject = 0 Surface(name=null)/@0xeabb80b / android.view.SurfaceControl.readFromParcel:1117 android.view.IWindowSession$Stub$Proxy.relayout:1820 android.view.ViewRootImpl.relayoutWindow:9005 android.view.ViewRootImpl.performTraversals:3360 android.view.ViewRootImpl.doTraversal:2618 android.view.ViewRootImpl$TraversalRunnable.run:9971 android.view.Choreographer$CallbackRecord.run:1010 android.view.Choreographer.doCallbacks:809 android.view.Choreographer.doFrame:744 android.view.Choreographer$FrameDisplayEventReceiver.run:995
02-05 17:40:56.763 15500 15500 I ViewRootImpl@21c5bda[InstrumentationActivityInvoker$EmptyActivity]: Relayout returned: old=(0,0,1080,2400) new=(0,0,1080,2400) req=(1080,2400)0 dur=6 res=0x7 s={true 498992287744} ch=true fn=-1
02-05 17:40:56.764 15500 15565 I mali_winsys: new_window_surface() [1080x2400] return: 0x3000
02-05 17:40:56.764   716   957 D gralloc : [mali_gralloc_allocate] begin
02-05 17:40:56.764   716   957 D gralloc : buffer_descriptor: wh(1080 2400) usage_pc(0x40000000000b00 0x40000000000b00) hal_format(0x1) layer_count(1) sizes(0 0 0) strde(0) byte_stride(0) alloc_wh(0 0) internal_format(0x0) alloc_format(0x0) fd_count(1) plane_count(0)
02-05 17:40:56.764 15500 15500 I ViewRootImpl@21c5bda[InstrumentationActivityInvoker$EmptyActivity]: [DP] dp(1) 1 android.view.ViewRootImpl.reportNextDraw:10957 android.view.ViewRootImpl.performTraversals:3845 android.view.ViewRootImpl.doTraversal:2618
02-05 17:40:56.764 15500 15500 I ViewRootImpl@21c5bda[InstrumentationActivityInvoker$EmptyActivity]: [DP] pd() Asnyc report
02-05 17:40:56.765   716   957 D gralloc : [mali_gralloc_allocate] allocation successful
02-05 17:40:56.765   716   957 D gralloc : [mali_gralloc_allocate] begin
02-05 17:40:56.765   716   957 D gralloc : buffer_descriptor: wh(1080 2400) usage_pc(0x40000000000b00 0x40000000000b00) hal_format(0x1) layer_count(1) sizes(0 0 0) strde(0) byte_stride(0) alloc_wh(0 0) internal_format(0x0) alloc_format(0x0) fd_count(1) plane_count(0)
02-05 17:40:56.767   716   957 D gralloc : [mali_gralloc_allocate] allocation successful
02-05 17:40:56.767   716   953 D gralloc : [mali_gralloc_allocate] begin
02-05 17:40:56.767   716   953 D gralloc : buffer_descriptor: wh(1080 2400) usage_pc(0x40000000000b00 0x40000000000b00) hal_format(0x1) layer_count(1) sizes(0 0 0) strde(0) byte_stride(0) alloc_wh(0 0) internal_format(0x0) alloc_format(0x0) fd_count(1) plane_count(0)
02-05 17:40:56.768 15500 15500 I ViewRootImpl@21c5bda[InstrumentationActivityInvoker$EmptyActivity]: [DP] pdf(0) 1 android.view.ViewRootImpl.lambda$performDraw$1$ViewRootImpl:4668 android.view.-$$Lambda$ViewRootImpl$DJd0VUYJgsebcnSohO6h8zc_ONI.run:6 android.os.Handler.handleCallback:938
02-05 17:40:56.768 15500 15500 I ViewRootImpl@21c5bda[InstrumentationActivityInvoker$EmptyActivity]: [DP] rdf()
02-05 17:40:56.768   716   953 D gralloc : [mali_gralloc_allocate] allocation successful
02-05 17:40:56.768 15500 15500 I ViewRootImpl@2f3c191[InstrumentationActivityInvoker$EmptyActivity]: MSG_WINDOW_FOCUS_CHANGED 0 1
02-05 17:40:56.769  1163  1240 W WindowManager: lockNow pending, ignore updating lockscreen timeout
02-05 17:40:56.770   789  2265 I Layer   : id=79815 removeFromCurrentState Surface(name=8c655e2 StatusBar)/@0x44a9b07 - animation-leash#0 (206)
02-05 17:40:56.770   789  2265 I Layer   : id=79816 removeFromCurrentState Surface(name=b29f82b NavigationBar0)/@0x8634759 - animation-leash#1 (206)
02-05 17:40:56.771  1163  1240 D PkgPredictorService: pkg:com.example.dogglers activity:androidx.test.core.app.InstrumentationActivityInvoker$EmptyActivity thisTime:70
02-05 17:40:56.772  1163  1240 I SemDvfsHyPerManager: acquire hyper - AMS_RESUME_TAIL/1163@22, type = -999
02-05 17:40:56.772  1163  1244 I ActivityTaskManager: Displayed com.example.dogglers/androidx.test.core.app.InstrumentationActivityInvoker$EmptyActivity: +70ms
02-05 17:40:56.772  1163  1240 I SemDvfsHyPerManager: acquire hyper - AMS_ACT_LAZY/1163@23, type = -999
02-05 17:40:56.773   726   817 I HYPER-HAL: [RequestManager.cpp]acquire(): Acquired ID : 702727  [1163 / 22]    HINT : AMS_RESUME_TAIL    list :
02-05 17:40:56.773  2669  2669 E pageboostd: Received HALT command code 2
02-05 17:40:56.773   726   817 I HYPER-HAL: [ResourceManager.cpp]updateResource(): [CPUMinFreq] UpdateResource Request ID : 702727    Value : 1844882
02-05 17:40:56.773   726   817 I HYPER-HAL: [RequestManager.cpp]acquire(): Acquired ID : 703914  [1163 / 23]    HINT :      list :
02-05 17:40:56.773  1163  1240 W WindowManager: lockNow pending, ignore updating lockscreen timeout
02-05 17:40:56.773   726   817 E HYPER-HAL: [Request.cpp]acquire(): Request:: id : 703914, No Resource to set
02-05 17:40:56.773   726   817 I HYPER-HAL: [ResourceManager.cpp]removeResource(): [CPUMinFreq] RemoveResource Request ID : 700356
02-05 17:40:56.773   726   817 I HYPER-HAL: [RequestManager.cpp]releaseLocked(): Released ID : 700356
02-05 17:40:56.775 15500 15500 I SurfaceControl: nativeRelease nativeObject s[499196688736]
02-05 17:40:56.775 15500 15500 I SurfaceControl: nativeRelease nativeObject e[499196688736]
02-05 17:40:56.775 15500 15500 I SurfaceControl: nativeRelease nativeObject s[499196688448]
02-05 17:40:56.775 15500 15500 I SurfaceControl: nativeRelease nativeObject e[499196688448]
02-05 17:40:56.775 15500 15500 I SurfaceControl: nativeRelease nativeObject s[499196687872]
02-05 17:40:56.775 15500 15500 I SurfaceControl: nativeRelease nativeObject e[499196687872]
02-05 17:40:56.776   789  1273 I SurfaceFlinger: id=79816 Removed Surface(name=b29f82b NavigationBar0)/@0x8634759 - animation-leash#1 (206)
02-05 17:40:56.776   789  1273 I SurfaceFlinger: id=79815 Removed Surface(name=8c655e2 StatusBar)/@0x44a9b07 - animation-leash#0 (206)
02-05 17:40:56.778  1163  1240 W WindowManager: lockNow pending, ignore updating lockscreen timeout
02-05 17:40:56.790 15500 15565 I mali_egl: eglDestroySurface() in
02-05 17:40:56.790   789   789 I Layer   : id=79815[1] Destroyed Surface(name=8c655e2 StatusBar)/@0x44a9b07 - animation-leash#0
02-05 17:40:56.790   789   789 I Layer   : id=79816[1] Destroyed Surface(name=b29f82b NavigationBar0)/@0x8634759 - animation-leash#1
02-05 17:40:56.790 15500 15565 I mali_winsys: delete_surface() [1080x2400] return
02-05 17:40:56.790 15500 15565 I mali_egl: eglDestroySurface() out
02-05 17:40:56.790   789   834 E BufferQueueProducer: [com.example.dogglers/androidx.test.core.app.InstrumentationActivityInvoker$EmptyActivity$_15500#0](id:315000036cb,api:0,p:-1,c:789) disconnect: not connected (req=1)
02-05 17:40:56.790 15500 15565 W libEGL  : EGLNativeWindowType 0x742fb6a010 disconnect failed
02-05 17:40:56.791  1163  3938 V WindowManager: Relayout Window{c1a5ba7 u0 com.example.dogglers/androidx.test.core.app.InstrumentationActivityInvoker$EmptyActivity}: viewVisibility=8 req=1080x2400
02-05 17:40:56.791  1163  3944 I InputDispatcher: Focus entered window (15500): 6ac6fa1 in display 0 0
02-05 17:40:56.791  1163  3938 W WindowManager: lockNow pending, ignore updating lockscreen timeout
02-05 17:40:56.792  1163  3938 V WindowManager: Relayout hash=c1a5ba7, pid=15500: mAttrs={(0,0)(fillxfill) sim={adjust=pan forwardNavigation} ty=BASE_APPLICATION wanim=0x1030001
02-05 17:40:56.792  1163  3938 V WindowManager:   fl=1810100
02-05 17:40:56.792  1163  3938 V WindowManager:   pfl=12020000
02-05 17:40:56.792  1163  3938 V WindowManager:   fitSides= naviIconColor=0}
02-05 17:40:56.793 15500 15500 I SurfaceControl: nativeRelease nativeObject s[499196698528]
02-05 17:40:56.793 15500 15500 I SurfaceControl: nativeRelease nativeObject e[499196698528]
02-05 17:40:56.793 15500 15500 I SurfaceControl: assignNativeObject: nativeObject = 0 Surface(name=null)/@0x4b2e6e8 / android.view.SurfaceControl.readFromParcel:1117 android.view.IWindowSession$Stub$Proxy.relayout:1810 android.view.ViewRootImpl.relayoutWindow:9005 android.view.ViewRootImpl.performTraversals:3360 android.view.ViewRootImpl.doTraversal:2618 android.view.ViewRootImpl$TraversalRunnable.run:9971 android.view.Choreographer$CallbackRecord.run:1010 android.view.Choreographer.doCallbacks:809 android.view.Choreographer.doFrame:744 android.view.Choreographer$FrameDisplayEventReceiver.run:995
02-05 17:40:56.793 15500 15500 I SurfaceControl: assignNativeObject: nativeObject = 0 Surface(name=null)/@0xde9c8f6 / android.view.SurfaceControl.readFromParcel:1117 android.view.IWindowSession$Stub$Proxy.relayout:1820 android.view.ViewRootImpl.relayoutWindow:9005 android.view.ViewRootImpl.performTraversals:3360 android.view.ViewRootImpl.doTraversal:2618 android.view.ViewRootImpl$TraversalRunnable.run:9971 android.view.Choreographer$CallbackRecord.run:1010 android.view.Choreographer.doCallbacks:809 android.view.Choreographer.doFrame:744 android.view.Choreographer$FrameDisplayEventReceiver.run:995
02-05 17:40:56.794 15500 15500 I SurfaceControl: nativeRelease nativeObject s[499196689024]
02-05 17:40:56.794 15500 15500 I SurfaceControl: nativeRelease nativeObject e[499196689024]
02-05 17:40:56.794 15500 15500 I ViewRootImpl@2f3c191[InstrumentationActivityInvoker$EmptyActivity]: Relayout returned: old=(0,0,1080,2400) new=(0,0,1080,2400) req=(1080,2400)8 dur=3 res=0x5 s={false 0} ch=true fn=2
02-05 17:40:56.795   789   789 D SurfaceFlinger: Display 21442653864348033 HWC layers:
02-05 17:40:56.795   789   789 D SurfaceFlinger:      DEVICE | 0x7428c3f980 | 0002 | RGBA_8888    |    0.0    0.0 1080.0 2400.0 |    0    0 1080 2400 | com.example.dogglers/androidx.test.c[...]tivityInvoker$EmptyActivity$_15500#1
02-05 17:40:56.795   789   789 D SurfaceFlinger:      DEVICE | 0x7428c3fac0 | 0000 | RGBA_8888    |    0.0    0.0 1080.0   88.0 |    0    0 1080   88 | StatusBar$_1680#0
02-05 17:40:56.795   789   789 D SurfaceFlinger:      DEVICE | 0x7428c40600 | 0000 | RGBA_8888    |    0.0    0.0 1080.0  144.0 |    0 2256 1080 2400 | NavigationBar0$_1680#0
02-05 17:40:56.795   789   789 D SurfaceFlinger:      DEVICE | 0x7408191180 | 0000 | RGBA_8888    |    0.0    0.0 1080.0  125.0 |    0    0 1080  125 | ScreenDecorOverlay$_1680#0
02-05 17:40:56.795   789   789 D SurfaceFlinger:      DEVICE | 0x7428c3f480 | 0000 | RGBA_8888    |    0.0    0.0 1080.0  112.0 |    0 2288 1080 2400 | ScreenDecorOverlayBottom$_1680#0
02-05 17:40:56.795   789   789 D SurfaceFlinger:
02-05 17:40:56.796  1163  3944 D InputDispatcher: Focused application set to (0): 1dafdd4
02-05 17:40:56.798  1163  3944 W WindowManager: lockNow pending, ignore updating lockscreen timeout
02-05 17:40:56.799 15500 15500 I ViewRootImpl@2f3c191[InstrumentationActivityInvoker$EmptyActivity]: stopped(true) old=false
02-05 17:40:56.799 15500 15500 D LifecycleMonitor: Lifecycle status change: androidx.test.core.app.InstrumentationActivityInvoker$EmptyActivity@911a2cc in: STOPPED
02-05 17:40:56.799 15500 15500 D LifecycleMonitor: running callback: androidx.test.core.app.ActivityScenario$1@2ae49e3
02-05 17:40:56.800 15500 15500 V ActivityScenario: Activity lifecycle changed event received but ignored because the intent does not match. startActivityIntent=Intent { act=android.intent.action.MAIN cat=[android.intent.category.LAUNCHER] cmp=com.example.dogglers/.GridListActivity }, activity.getIntent()=Intent { act=android.intent.action.MAIN cat=[android.intent.category.LAUNCHER] flg=0x10000000 cmp=com.example.dogglers/androidx.test.core.app.InstrumentationActivityInvoker$EmptyActivity }, activity=androidx.test.core.app.InstrumentationActivityInvoker$EmptyActivity@911a2cc
02-05 17:40:56.800 15500 15500 D LifecycleMonitor: callback completes: androidx.test.core.app.ActivityScenario$1@2ae49e3
02-05 17:40:56.800 15500 15500 I ViewRootImpl@21c5bda[InstrumentationActivityInvoker$EmptyActivity]: MSG_WINDOW_FOCUS_CHANGED 1 1
02-05 17:40:56.800 15500 15500 D InputMethodManager: prepareNavigationBarInfo() DecorView@13c4bef[InstrumentationActivityInvoker$EmptyActivity]
02-05 17:40:56.800 15500 15500 D InputMethodManager: getNavigationBarColor() -16711423
02-05 17:40:56.800 15500 15500 D InputMethodManager: prepareNavigationBarInfo() DecorView@13c4bef[InstrumentationActivityInvoker$EmptyActivity]
02-05 17:40:56.800 15500 15500 D InputMethodManager: getNavigationBarColor() -16711423
02-05 17:40:56.800 15500 15500 V InputMethodManager: Starting input: tba=com.example.dogglers ic=null mNaviBarColor -16711423 mIsGetNaviBarColorSuccess true , NavVisible : true , NavTrans : false
02-05 17:40:56.800 15500 15500 D InputMethodManager: startInputInner - Id : 0
02-05 17:40:56.800 15500 15500 I InputMethodManager: startInputInner - mService.startInputOrWindowGainedFocus
02-05 17:40:56.801  1163  3938 D InputMethodManagerService: mSecureKeypadEnabled = false
02-05 17:40:56.801  1163  3938 V InputMethodManagerService: hideCurrentInputLocked : shouldHideSoftInput is false
02-05 17:40:56.801  1163  3938 D InputMethodManagerService: DESKTOP MODE! : 2
02-05 17:40:56.801  1163  3938 D InputMethodManagerService: NOT IN KNOX DESKTOP MODE!
02-05 17:40:56.801  1163  3938 V InputMethodManagerService: getDisplayIdOfInputMethodWindowToBeAdded : 0
02-05 17:40:56.801  1163  3938 D InputMethodManagerService: checkDisplayOfStartInputAndUpdateKeyboard display Id 0last 0
02-05 17:40:56.801  1163  3938 D InputTransport: Input channel constructed: 'ClientS', fd=860
02-05 17:40:56.801  1163  3938 D InputTransport: Input channel destroyed: 'ClientS', fd=860
02-05 17:40:56.801 15500 15500 D InputTransport: Input channel constructed: 'ClientS', fd=98
02-05 17:40:56.801 15500 15500 D InputTransport: Input channel destroyed: 'ClientS', fd=90
02-05 17:40:56.802 15500 15500 D LifecycleMonitor: Lifecycle status change: androidx.test.core.app.InstrumentationActivityInvoker$EmptyActivity@911a2cc in: DESTROYED
02-05 17:40:56.802 15500 15500 D LifecycleMonitor: running callback: androidx.test.core.app.ActivityScenario$1@2ae49e3
02-05 17:40:56.802 15500 15500 V ActivityScenario: Activity lifecycle changed event received but ignored because the intent does not match. startActivityIntent=Intent { act=android.intent.action.MAIN cat=[android.intent.category.LAUNCHER] cmp=com.example.dogglers/.GridListActivity }, activity.getIntent()=Intent { act=android.intent.action.MAIN cat=[android.intent.category.LAUNCHER] flg=0x10000000 cmp=com.example.dogglers/androidx.test.core.app.InstrumentationActivityInvoker$EmptyActivity }, activity=androidx.test.core.app.InstrumentationActivityInvoker$EmptyActivity@911a2cc
02-05 17:40:56.802 15500 15500 D LifecycleMonitor: callback completes: androidx.test.core.app.ActivityScenario$1@2ae49e3
02-05 17:40:56.803 15500 15500 I ViewRootImpl@2f3c191[InstrumentationActivityInvoker$EmptyActivity]: dispatchDetachedFromWindow
02-05 17:40:56.803  1163  3935 D InputTransport: Input channel destroyed: 'c1a5ba7', fd=857
02-05 17:40:56.803  1163  3935 I SurfaceControl: nativeRelease nativeObject s[496860775104]
02-05 17:40:56.803  1163  3935 I SurfaceControl: nativeRelease nativeObject e[496860775104]
02-05 17:40:56.803  1163  3935 D WindowManager: isScreenshotDisabledLocked - win: Window{c1a5ba7 u0 com.example.dogglers/androidx.test.core.app.InstrumentationActivityInvoker$EmptyActivity}
02-05 17:40:56.803  1163  3935 D WindowManager: isScreenshotDisabledLocked: userId = 0, disabled =false
02-05 17:40:56.803  1163  3935 I SurfaceControl: nativeRelease nativeObject s[496871104032]
02-05 17:40:56.803  1163  3935 I SurfaceControl: nativeRelease nativeObject e[496871104032]
02-05 17:40:56.803   789  2265 I SurfaceFlinger: id=79824 createSurf (0x0),-1 flag=24004, Surface(name=dbf3b45 InputMethod)/@0xf70bba8 - animation-leash#0
02-05 17:40:56.804  1163  3935 I SurfaceControl: nativeRelease nativeObject s[496860777984]
02-05 17:40:56.804  1163  3935 I SurfaceControl: nativeRelease nativeObject e[496860777984]
02-05 17:40:56.804   789   834 I Layer   : id=79814 removeFromCurrentState com.example.dogglers/androidx.test.core.app.InstrumentationActivityInvoker$EmptyActivity$_15500#0 (205)
02-05 17:40:56.805  1163  3935 W WindowManager: lockNow pending, ignore updating lockscreen timeout
02-05 17:40:56.805   789   835 I Layer   : id=79813 removeFromCurrentState c1a5ba7 com.example.dogglers/androidx.test.core.app.InstrumentationActivityInvoker$EmptyActivity#0 (205)
02-05 17:40:56.805   789   835 I Layer   : id=79819 removeFromCurrentState Surface(name=dbf3b45 InputMethod)/@0xf70bba8 - animation-leash#1 (205)
02-05 17:40:56.806  1163  1801 I SurfaceControl: nativeRelease nativeObject s[496871104320]
02-05 17:40:56.806  1163  1801 I SurfaceControl: nativeRelease nativeObject e[496871104320]
02-05 17:40:56.806 15500 15500 D InputTransport: Input channel destroyed: 'c1a5ba7', fd=99
02-05 17:40:56.806   789  1273 I SurfaceFlinger: id=79825 createSurf (0x0),-1 flag=24004, Surface(name=dbf3b45 InputMethod)/@0xf70bba8 - animation-leash#1
02-05 17:40:56.806  1163  3944 D NetdEventListenerService: DNS Requested by : 782, 10118
02-05 17:40:56.807  1163  3944 D NetdEventListenerService: DNS Requested by : 782, 5009
02-05 17:40:56.807  1163  3944 D NetdEventListenerService: DNS Requested by : 782, 5009
02-05 17:40:56.807 15500 15500 D LifecycleMonitor: Lifecycle status change: androidx.test.core.app.InstrumentationActivityInvoker$EmptyActivity@d5411c9 in: PAUSED
02-05 17:40:56.807 15500 15500 D LifecycleMonitor: running callback: androidx.test.core.app.ActivityScenario$1@2ae49e3
02-05 17:40:56.807 15500 15500 V ActivityScenario: Activity lifecycle changed event received but ignored because the intent does not match. startActivityIntent=Intent { act=android.intent.action.MAIN cat=[android.intent.category.LAUNCHER] cmp=com.example.dogglers/.GridListActivity }, activity.getIntent()=Intent { act=android.intent.action.MAIN cat=[android.intent.category.LAUNCHER] flg=0x10000000 cmp=com.example.dogglers/androidx.test.core.app.InstrumentationActivityInvoker$EmptyActivity }, activity=androidx.test.core.app.InstrumentationActivityInvoker$EmptyActivity@d5411c9
02-05 17:40:56.807 15500 15500 D LifecycleMonitor: callback completes: androidx.test.core.app.ActivityScenario$1@2ae49e3
02-05 17:40:56.807   789   835 I SurfaceFlinger: id=79813 Removed c1a5ba7 com.example.dogglers/androidx.test.core.app.InstrumentationActivityInvoker$EmptyActivity#0 (206)
02-05 17:40:56.807  1163  2104 I SurfaceControl: nativeRelease nativeObject s[496867019552]
02-05 17:40:56.807  1163  2104 I SurfaceControl: nativeRelease nativeObject e[496867019552]
02-05 17:40:56.807  3640  3640 I GoogleInputMethodService: GoogleInputMethodService.onFinishInput():3316
02-05 17:40:56.808  1163  3938 I InputDispatcher: Focus left window (15500): 6ac6fa1 in display 0 0
02-05 17:40:56.808   696   827 E Netd    : getNetworkForDns: getNetId from enterpriseCtrl is netid 0
02-05 17:40:56.808  3640  3640 I GoogleInputMethodService: GoogleInputMethodService.updateDeviceLockedStatus():2181 checkRepeatedly = false, unlocked = true
02-05 17:40:56.808  3640  3640 D InputMethodService: checkDisplayOfStartInputAndUpdateKeyboard display Id 0last 0
02-05 17:40:56.808  3640  3640 I GoogleInputMethodService: GoogleInputMethodService.onStartInput():1989
02-05 17:40:56.809  3640  3640 I GoogleInputMethodService: GoogleInputMethodService.updateDeviceLockedStatus():2181 checkRepeatedly = true, unlocked = true
02-05 17:40:56.811   696   827 E Netd    : getNetworkForDns: getNetId from enterpriseCtrl is netid 0
02-05 17:40:56.811   789  1272 I SurfaceFlinger: id=79814 Removed com.example.dogglers/androidx.test.core.app.InstrumentationActivityInvoker$EmptyActivity$_15500#0 (206)
02-05 17:40:56.813  1163  3935 I SemDvfsHyPerManager: acquire hyper - AMS_APP_HOME/1163@35, type = -999
02-05 17:40:56.813   726   817 I HYPER-HAL: [RequestManager.cpp]acquire(): Acquired ID : 718236  [1163 / 35]    HINT : AMS_APP_HOME    list :
02-05 17:40:56.813   726   817 I HYPER-HAL: [ResourceManager.cpp]updateResource(): [CPUMinFreq] UpdateResource Request ID : 718236    Value : 2623359
02-05 17:40:56.813  4183  4183 I SemDvfsHyPerManager: acquire hyper - com.sec.android.sdhms/4183@9, type = -999
02-05 17:40:56.813   726   817 I HYPER-HAL: [RequestManager.cpp]acquire(): Acquired ID : 8788537  [4183 / 9]    HINT : APP_START    list :
02-05 17:40:56.814   726   817 I HYPER-HAL: [ResourceManager.cpp]updateResource(): [CPUMaxFreq] UpdateResource Request ID : 8788537    Value : 2730000
02-05 17:40:56.814   696   827 E Netd    : getNetworkForDns: getNetId from enterpriseCtrl is netid 0
02-05 17:40:56.814  1163  3935 V WindowOrientationListener: getProposedRotation: 0
02-05 17:40:56.816  1163  3935 W WindowManager: lockNow pending, ignore updating lockscreen timeout
02-05 17:40:56.817   789  2265 I Layer   : id=79824 removeFromCurrentState Surface(name=dbf3b45 InputMethod)/@0xf70bba8 - animation-leash#0 (206)
02-05 17:40:56.817   789  2265 I Layer   : id=79812 removeFromCurrentState ActivityRecord{f9b698e u0 com.example.dogglers/androidx.test.core.app.InstrumentationActivityInvoker$EmptyActivity t12732}#0 (206)
02-05 17:40:56.818   789  1272 I SurfaceFlinger: id=79812 Removed ActivityRecord{f9b698e u0 com.example.dogglers/androidx.test.core.app.InstrumentationActivityInvoker$EmptyActivity t12732}#0 (206)
02-05 17:40:56.820 15500 15500 I SurfaceControl: nativeRelease nativeObject s[497477722432]
02-05 17:40:56.820 15500 15500 I SurfaceControl: nativeRelease nativeObject e[497477722432]
02-05 17:40:56.820  1163  1801 D SamsungIMMSHWKeyboard: isConnectedDexOnPC false
02-05 17:40:56.820 15500 15500 I SurfaceControl: nativeRelease nativeObject s[497477722336]
02-05 17:40:56.820 15500 15500 I SurfaceControl: nativeRelease nativeObject e[497477722336]
02-05 17:40:56.821 15500 15500 I ViewRootImpl@21c5bda[InstrumentationActivityInvoker$EmptyActivity]: MSG_WINDOW_FOCUS_CHANGED 0 1
02-05 17:40:56.821 15500 15559 E TestRunner: failed: vertical_scrolling(com.example.dogglers.GridListTests)
02-05 17:40:56.821 15500 15559 E TestRunner: ----- begin exception -----
02-05 17:40:56.821  1163  1801 D InputMethodManagerService: isImeSwitcherDisabledPackage : false
02-05 17:40:56.822 15500 15559 E TestRunner: androidx.test.espresso.NoMatchingViewException: No views in hierarchy found matching: with text: is "Bella"
02-05 17:40:56.822 15500 15559 E TestRunner:
02-05 17:40:56.822 15500 15559 E TestRunner: View Hierarchy:
02-05 17:40:56.822 15500 15559 E TestRunner: +>DecorView{id=-1, visibility=VISIBLE, width=1080, height=2400, has-focus=false, has-focusable=true, has-window-focus=true, is-clickable=false, is-enabled=true, is-focused=false, is-focusable=false, is-layout-requested=false, is-selected=false, layout-params={(0,0)(fillxfill) ty=BASE_APPLICATION wanim=0x1030304
02-05 17:40:56.822 15500 15559 E TestRunner:   fl=81810100
02-05 17:40:56.822 15500 15559 E TestRunner:   pfl=10020000
02-05 17:40:56.822 15500 15559 E TestRunner:   fitSides= naviIconColor=0}, tag=null, root-is-layout-requested=false, has-input-connection=false, x=0.0, y=0.0, child-count=3}
02-05 17:40:56.822 15500 15559 E TestRunner: |
02-05 17:40:56.822 15500 15559 E TestRunner: +->LinearLayout{id=-1, visibility=VISIBLE, width=1080, height=2256, has-focus=false, has-focusable=true, has-window-focus=true, is-clickable=false, is-enabled=true, is-focused=false, is-focusable=false, is-layout-requested=false, is-selected=false, layout-params=android.widget.FrameLayout$LayoutParams@166da3b, tag=null, root-is-layout-requested=false, has-input-connection=false, x=0.0, y=0.0, child-count=2}
02-05 17:40:56.822 15500 15559 E TestRunner: |
02-05 17:40:56.822 15500 15559 E TestRunner: +-->ViewStub{id=16908721, res-name=action_mode_bar_stub, visibility=GONE, width=0, height=0, has-focus=false, has-focusable=false, has-window-focus=true, is-clickable=false, is-enabled=true, is-focused=false, is-focusable=false, is-layout-requested=true, is-selected=false, layout-params=android.widget.LinearLayout$LayoutParams@3eb1558, tag=null, root-is-layout-requested=false, has-input-connection=false, x=0.0, y=0.0}
02-05 17:40:56.822 15500 15559 E TestRunner: |
02-05 17:40:56.822 15500 15559 E TestRunner: +-->FrameLayout{id=-1, visibility=VISIBLE, width=1080, height=2168, has-focus=false, has-focusable=true, has-window-focus=true, is-clickable=false, is-enabled=true, is-focused=false, is-focusable=false, is-layout-requested=false, is-selected=false, layout-params=android.widget.LinearLayout$LayoutParams@bcec796, tag=null, root-is-layout-requested=false, has-input-connection=false, x=0.0, y=88.0, child-count=1}
02-05 17:40:56.822 15500 15559 E TestRunner: |
02-05 17:40:56.822 15500 15559 E TestRunner: +--->ActionBarOverlayLayout{id=2131230845, res-name=decor_content_parent, visibility=VISIBLE, width=1080, height=2168, has-focus=false, has-focusable=true, has-window-focus=true, is-clickable=false, is-enabled=true, is-focused=false, is-focusable=false, is-layout-requested=false, is-selected=false, layout-params=android.widget.FrameLayout$LayoutParams@f076ced, tag=null, root-is-layout-requested=false, has-input-connection=false, x=0.0, y=0.0, child-count=2}
02-05 17:40:56.822 15500 15559 E TestRunner: |
02-05 17:40:56.822 15500 15559 E TestRunner: +---->ContentFrameLayout{id=16908290, res-name=content, visibility=VISIBLE, width=1080, height=2000, has-focus=false, has-focusable=true, has-window-focus=true, is-clickable=false, is-enabled=true, is-focused=false, is-focusable=false, is-layout-requested=false, is-selected=false, layout-params=androidx.appcompat.widget.ActionBarOverlayLayout$LayoutParams@d6855b3, tag=null, root-is-layout-requested=false, has-input-connection=false, x=0.0, y=168.0, child-count=1}
02-05 17:40:56.822 15500 15559 E TestRunner: |
02-05 17:40:56.822 15500 15559 E TestRunner: +----->FrameLayout{id=-1, visibility=VISIBLE, width=1080, height=2000, has-focus=false, has-focusable=true, has-window-focus=true, is-clickable=false, is-enabled=true, is-focused=false, is-focusable=false, is-layout-requested=false, is-selected=false, layout-params=android.widget.FrameLayout$LayoutParams@87aeae9, tag=null, root-is-layout-requested=false, has-input-connection=false, x=0.0, y=0.0, child-count=1}
02-05 17:40:56.822 15500 15559 E TestRunner: |
02-05 17:40:56.822 15500 15559 E TestRunner: +------>RecyclerView{id=2131230898, res-name=grid_recycler_view, visibility=VISIBLE, width=1080, height=2000, has-focus=false, has-focusable=true, has-window-focus=true, is-clickable=false, is-enabled=true, is-focused=false, is-focusable=true, is-layout-requested=false, is-selected=false, layout-params=android.widget.FrameLayout$LayoutParams@91f336e, tag=null, root-is-layout-requested=false, has-input-connection=false, x=0.0, y=0.0, child-count=0}
02-05 17:40:56.822 15500 15559 E TestRunner: |
02-05 17:40:56.822 15500 15559 E TestRunner: +---->ActionBarContainer{id=2131230771, res-name=action_bar_container, visibility=VISIBLE, width=1080, height=168, has-focus=false, has-focusable=false, has-window-focus=true, is-clickable=false, is-enabled=true, is-focused=false, is-focusable=false, is-layout-requested=false, is-selected=false, layout-params=androidx.appcompat.widget.ActionBarOverlayLayout$LayoutParams@8e4ca5, tag=null, root-is-layout-requested=false, has-input-connection=false, x=0.0, y=0.0, child-count=2}
02-05 17:40:56.822 15500 15559 E TestRunner: |
02-05 17:40:56.822 15500 15559 E TestRunner: +----->Toolbar{id=2131230769, res-name=action_bar, visibility=VISIBLE, width=1080, height=168, has-focus=false, has-focusable=false, has-window-focus=true, is-clickable=false, is-enabled=true, is-focused=false, is-focusable=false, is-layout-requested=false, is-selected=false, layout-params=android.widget.FrameLayout$LayoutParams@9bc0e21, tag=null, root-is-layout-requested=false, has-input-connection=false, x=0.0, y=0.0, child-count=3}
02-05 17:40:56.822 15500 15559 E TestRunner: |
02-05 17:40:56.822 15500 15559 E TestRunner: +------>AppCompatTextView{id=-1, visibility=VISIBLE, width=240, height=81, has-focus=false, has-focusable=false, has-window-focus=true, is-clickable=false, is-enabled=true, is-focused=false, is-focusable=false, is-layout-requested=false, is-selected=false, layout-params=androidx.appcompat.widget.Toolbar$LayoutParams@fe64246, tag=null, root-is-layout-requested=false, has-input-connection=false, x=216.0, y=43.0, text=Dogglers, input-type=0, ime-target=false, has-links=false}
02-05 17:40:56.822 15500 15559 E TestRunner: |
02-05 17:40:56.822 15500 15559 E TestRunner: +------>AppCompatImageButton{id=-1, desc=Navegar para cima, visibility=VISIBLE, width=168, height=168, has-focus=false, has-focusable=false, has-window-focus=true, is-clickable=true, is-enabled=true, is-focused=false, is-focusable=true, is-layout-requested=false, is-selected=false, layout-params=androidx.appcompat.widget.Toolbar$LayoutParams@55fbc07, tag=null, root-is-layout-requested=false, has-input-connection=false, x=0.0, y=0.0}
02-05 17:40:56.822 15500 15559 E TestRunner: |
02-05 17:40:56.822 15500 15559 E TestRunner: +------>ActionMenuView{id=-1, visibility=VISIBLE, width=0, height=168, has-focus=false, has-focusable=false, has-window-focus=true, is-clickable=false, is-enabled=true, is-focused=false, is-focusable=false, is-layout-requested=false, is-selected=false, layout-params=androidx.appcompat.widget.Toolbar$LayoutParams@9776134, tag=null, root-is-layout-requested=false, has-input-connection=false, x=1080.0, y=0.0, child-count=0}
02-05 17:40:56.822 15500 15559 E TestRunner: |
02-05 17:40:56.822 15500 15559 E TestRunner: +----->ActionBarContextView{id=2131230777, res-name=action_context_bar, visibility=GONE, width=0, height=0, has-focus=false, has-focusable=false, has-window-focus=true, is-clickable=false, is-enabled=true, is-focused=false, is-focusable=false, is-layout-requested=true, is-selected=false, layout-params=android.widget.FrameLayout$LayoutParams@9aa6b5d, tag=null, root-is-layout-requested=false, has-input-connection=false, x=0.0, y=0.0, child-count=0}
02-05 17:40:56.822 15500 15559 E TestRunner: |
02-05 17:40:56.822 15500 15559 E TestRunner: +->View{id=16908336, res-name=navigationBarBackground, visibility=VISIBLE, width=1080, height=144, has-focus=false, has-focusable=false, has-window-focus=true, is-clickable=false, is-enabled=true, is-focused=false, is-focusable=false, is-layout-requested=false, is-selected=false, layout-params=android.widget.FrameLayout$LayoutParams@1343cd2, tag=null, root-is-layout-requested=false, has-input-connection=false, x=0.0, y=2256.0}
02-05 17:40:56.822 15500 15559 E TestRunner: |
02-05 17:40:56.822 15500 15559 E TestRunner: +->View{id=16908335, res-name=statusBarBackground, visibility=VISIBLE, width=1080, height=88, has-focus=false, has-focusable=false, has-window-focus=true, is-clickable=false, is-enabled=true, is-focused=false, is-focusable=false, is-layout-requested=false, is-selected=false, layout-params=android.widget.FrameLayout$LayoutParams@a3211a3, tag=null, root-is-layout-requested=false, has-input-connection=false, x=0.0, y=0.0}
02-05 17:40:56.822 15500 15559 E TestRunner: |
02-05 17:40:56.822 15500 15559 E TestRunner: 	at dalvik.system.VMStack.getThreadStackTrace(Native Method)
02-05 17:40:56.822 15500 15559 E TestRunner: 	at java.lang.Thread.getStackTrace(Thread.java:1736)
02-05 17:40:56.822 15500 15559 E TestRunner: 	at androidx.test.espresso.base.DefaultFailureHandler.getUserFriendlyError(DefaultFailureHandler.java:16)
02-05 17:40:56.822 15500 15559 E TestRunner: 	at androidx.test.espresso.base.DefaultFailureHandler.handle(DefaultFailureHandler.java:36)
02-05 17:40:56.822 15500 15559 E TestRunner: 	at androidx.test.espresso.ViewInteraction.waitForAndHandleInteractionResults(ViewInteraction.java:106)
02-05 17:40:56.822 15500 15559 E TestRunner: 	at androidx.test.espresso.ViewInteraction.check(ViewInteraction.java:31)
02-05 17:40:56.822 15500 15559 E TestRunner: 	at com.example.dogglers.GridListTests.vertical_scrolling(GridListTests.kt:61)
02-05 17:40:56.822 15500 15559 E TestRunner: 	at java.lang.reflect.Method.invoke(Native Method)
02-05 17:40:56.822 15500 15559 E TestRunner: 	at org.junit.runners.model.FrameworkMethod$1.runReflectiveCall(FrameworkMethod.java:50)
02-05 17:40:56.822 15500 15559 E TestRunner: 	at org.junit.internal.runners.model.ReflectiveCallable.run(ReflectiveCallable.java:12)
02-05 17:40:56.822 15500 15559 E TestRunner: 	at org.junit.runners.model.FrameworkMethod.invokeExplosively(FrameworkMethod.java:47)
02-05 17:40:56.822 15500 15559 E TestRunner: 	at org.junit.internal.runners.statements.InvokeMethod.evaluate(InvokeMethod.java:17)
02-05 17:40:56.822 15500 15559 E TestRunner: 	at org.junit.rules.ExternalResource$1.evaluate(ExternalResource.java:48)
02-05 17:40:56.822 15500 15559 E TestRunner: 	at org.junit.rules.RunRules.evaluate(RunRules.java:20)
02-05 17:40:56.822 15500 15559 E TestRunner: 	at org.junit.runners.ParentRunner.runLeaf(ParentRunner.java:325)
02-05 17:40:56.822 15500 15559 E TestRunner: 	at org.junit.runners.BlockJUnit4ClassRunner.runChild(BlockJUnit4ClassRunner.java:78)
02-05 17:40:56.822 15500 15559 E TestRunner: 	at org.junit.runners.BlockJUnit4ClassRunner.runChild(BlockJUnit4ClassRunner.java:57)
02-05 17:40:56.822 15500 15559 E TestRunner: 	at org.junit.runners.ParentRunner$3.run(ParentRunner.java:290)
02-05 17:40:56.822 15500 15559 E TestRunner: 	at org.junit.runners.ParentRunner$1.schedule(ParentRunner.java:71)
02-05 17:40:56.822 15500 15559 E TestRunner: 	at org.junit.runners.ParentRunner.runChildren(ParentRunner.java:288)
02-05 17:40:56.822 15500 15559 E TestRunner: 	at org.junit.runners.ParentRunner.access$000(ParentRunner.java:58)
02-05 17:40:56.822 15500 15559 E TestRunner: 	at org.junit.runners.ParentRunner$2.evaluate(ParentRunner.java:268)
02-05 17:40:56.822 15500 15559 E TestRunner: 	at org.junit.runners.ParentRunner.run(ParentRunner.java:363)
02-05 17:40:56.822 15500 15559 E TestRunner: 	at androidx.test.ext.junit.runners.AndroidJUnit4.run(AndroidJUnit4.java:154)
02-05 17:40:56.822 15500 15559 E TestRunner: 	at org.junit.runners.Suite.runChild(Suite.java:128)
02-05 17:40:56.822 15500 15559 E TestRunner: 	at org.junit.runners.Suite.runChild(Suite.java:27)
02-05 17:40:56.822 15500 15559 E TestRunner: 	at org.junit.runners.ParentRunner$3.run(ParentRunner.java:290)
02-05 17:40:56.822 15500 15559 E TestRunner: 	at org.junit.runners.ParentRunner$1.schedule(ParentRunner.java:71)
02-05 17:40:56.822 15500 15559 E TestRunner: 	at org.junit.runners.ParentRunner.runChildren(ParentRunner.java:288)
02-05 17:40:56.822 15500 15559 E TestRunner: 	at org.junit.runners.ParentRunner.access$000(ParentRunner.java:58)
02-05 17:40:56.822 15500 15559 E TestRunner: 	at org.junit.runners.ParentRunner$2.evaluate(ParentRunner.java:268)
02-05 17:40:56.822 15500 15559 E TestRunner: 	at org.junit.runners.ParentRunner.run(ParentRunner.java:363)
02-05 17:40:56.822 15500 15559 E TestRunner: 	at org.junit.runner.JUnitCore.run(JUnitCore.java:137)
02-05 17:40:56.822 15500 15559 E TestRunner: 	at org.junit.runner.JUnitCore.run(JUnitCore.java:115)
02-05 17:40:56.822 15500 15559 E TestRunner: 	at androidx.test.internal.runner.TestExecutor.execute(TestExecutor.java:56)
02-05 17:40:56.822 15500 15559 E TestRunner: 	at androidx.test.runner.AndroidJUnitRunner.onStart(AndroidJUnitRunner.java:395)
02-05 17:40:56.822 15500 15559 E TestRunner: 	at android.app.Instrumentation$InstrumentationThread.run(Instrumentation.java:2218)
02-05 17:40:56.822 15500 15559 E TestRunner: ----- end exception -----
02-05 17:40:56.822 15500 15559 I TestRunner: finished: vertical_scrolling(com.example.dogglers.GridListTests)
