02-05 17:40:48.613  1163  3935 V WindowOrientationListener: getProposedRotation: 0
02-05 17:40:48.614  1163  3935 D InputDispatcher: Focused application set to (0): 8fc3591
02-05 17:40:48.616  1163  3935 W WindowManager: lockNow pending, ignore updating lockscreen timeout
02-05 17:40:48.616   789   789 I Layer   : id=79461[1] Destroyed 1c013e2 com.example.dogglers/com.example.dogglers.MainActivity#0
02-05 17:40:48.616   789   789 I Layer   : id=79462[1] Destroyed com.example.dogglers/com.example.dogglers.MainActivity$_15500#0
02-05 17:40:48.616   789   789 I Layer   : id=79460[1] Destroyed Surface(name=ActivityRecord{4f7329 u0 com.example.dogglers/androidx.test.core.app.InstrumentationActivityInvoker$BootstrapActivity t12724})/@0xd706af7 - animation-bounds#0
02-05 17:40:48.616   789   789 I Layer   : id=79457[1] Destroyed Surface(name=ActivityRecord{4f7329 u0 com.example.dogglers/androidx.test.core.app.InstrumentationActivityInvoker$BootstrapActivity t12724})/@0xd706af7 - animation-leash#0
02-05 17:40:48.616   789   789 I Layer   : id=79451[1] Destroyed ActivityRecord{4f7329 u0 com.example.dogglers/androidx.test.core.app.InstrumentationActivityInvoker$BootstrapActivity t12724}#0
02-05 17:40:48.616   789  1273 I Layer   : id=79459 removeFromCurrentState Surface(name=Dim Layer for - Task=12724 - animating-dim)/@0xa82c82 - animation-leash#0 (176)
02-05 17:40:48.616   789  1273 I Layer   : id=79456 removeFromCurrentState ActivityRecord{5fae659 u0 com.example.dogglers/.MainActivity t12724}#0 (176)
02-05 17:40:48.617  1163  1796 I SurfaceControl: nativeRelease nativeObject s[497264240064]
02-05 17:40:48.617  1163  1796 I SurfaceControl: nativeRelease nativeObject e[497264240064]
02-05 17:40:48.617   789  1272 I SurfaceFlinger: id=79476 createSurf (0x0),-1 flag=24004, Surface(name=dbf3b45 InputMethod)/@0xf70bba8 - animation-leash#1
02-05 17:40:48.617   789  1272 I SurfaceFlinger: id=79456 Removed ActivityRecord{5fae659 u0 com.example.dogglers/.MainActivity t12724}#0 (177)
02-05 17:40:48.617   789   835 I SurfaceFlinger: id=79459 Removed Surface(name=Dim Layer for - Task=12724 - animating-dim)/@0xa82c82 - animation-leash#0 (177)
02-05 17:40:48.619  3640  3640 I GoogleInputMethodService: GoogleInputMethodService.onFinishInput():3316
02-05 17:40:48.619   789   835 I Layer   : id=79475 removeFromCurrentState Surface(name=dbf3b45 InputMethod)/@0xf70bba8 - animation-leash#0 (177)
02-05 17:40:48.620 15500 15500 D LifecycleMonitor: Lifecycle status change: androidx.test.core.app.InstrumentationActivityInvoker$EmptyActivity@5db4f5d in: PRE_ON_CREATE
02-05 17:40:48.620 15500 15500 D LifecycleMonitor: running callback: androidx.test.core.app.ActivityScenario$1@ebb2b9a
02-05 17:40:48.620 15500 15500 V ActivityScenario: Activity lifecycle changed event received but ignored because the intent does not match. startActivityIntent=Intent { act=android.intent.action.MAIN cat=[android.intent.category.LAUNCHER] cmp=com.example.dogglers/.MainActivity }, activity.getIntent()=Intent { act=android.intent.action.MAIN cat=[android.intent.category.LAUNCHER] flg=0x10000000 cmp=com.example.dogglers/androidx.test.core.app.InstrumentationActivityInvoker$EmptyActivity }, activity=androidx.test.core.app.InstrumentationActivityInvoker$EmptyActivity@5db4f5d
02-05 17:40:48.620 15500 15500 D LifecycleMonitor: callback completes: androidx.test.core.app.ActivityScenario$1@ebb2b9a
02-05 17:40:48.621  3640  3640 I GoogleInputMethodService: GoogleInputMethodService.updateDeviceLockedStatus():2181 checkRepeatedly = false, unlocked = true
02-05 17:40:48.621  3640  3640 D InputMethodService: checkDisplayOfStartInputAndUpdateKeyboard display Id 0last 0
02-05 17:40:48.621  3640  3640 I GoogleInputMethodService: GoogleInputMethodService.onStartInput():1989
02-05 17:40:48.621  3640  3640 I GoogleInputMethodService: GoogleInputMethodService.updateDeviceLockedStatus():2181 checkRepeatedly = true, unlocked = true
02-05 17:40:48.625 15500 15500 I DecorView: [INFO] isPopOver=false, config=true
02-05 17:40:48.625 15500 15500 I DecorView: updateCaptionType >> DecorView@b6795a3[], isFloating=false, isApplication=true, hasWindowDecorCaption=false, hasWindowControllerCallback=true
02-05 17:40:48.625 15500 15500 D DecorView: setCaptionType = 0, this = DecorView@b6795a3[]
02-05 17:40:48.627 15500 15500 D LifecycleMonitor: Lifecycle status change: androidx.test.core.app.InstrumentationActivityInvoker$EmptyActivity@5db4f5d in: CREATED
02-05 17:40:48.627 15500 15500 D LifecycleMonitor: running callback: androidx.test.core.app.ActivityScenario$1@ebb2b9a
02-05 17:40:48.628 15500 15500 V ActivityScenario: Activity lifecycle changed event received but ignored because the intent does not match. startActivityIntent=Intent { act=android.intent.action.MAIN cat=[android.intent.category.LAUNCHER] cmp=com.example.dogglers/.MainActivity }, activity.getIntent()=Intent { act=android.intent.action.MAIN cat=[android.intent.category.LAUNCHER] flg=0x10000000 cmp=com.example.dogglers/androidx.test.core.app.InstrumentationActivityInvoker$EmptyActivity }, activity=androidx.test.core.app.InstrumentationActivityInvoker$EmptyActivity@5db4f5d
02-05 17:40:48.628 15500 15500 D LifecycleMonitor: callback completes: androidx.test.core.app.ActivityScenario$1@ebb2b9a
02-05 17:40:48.629 15500 15500 D LifecycleMonitor: Lifecycle status change: androidx.test.core.app.InstrumentationActivityInvoker$EmptyActivity@5db4f5d in: STARTED
02-05 17:40:48.629 15500 15500 D LifecycleMonitor: running callback: androidx.test.core.app.ActivityScenario$1@ebb2b9a
02-05 17:40:48.629 15500 15500 V ActivityScenario: Activity lifecycle changed event received but ignored because the intent does not match. startActivityIntent=Intent { act=android.intent.action.MAIN cat=[android.intent.category.LAUNCHER] cmp=com.example.dogglers/.MainActivity }, activity.getIntent()=Intent { act=android.intent.action.MAIN cat=[android.intent.category.LAUNCHER] flg=0x10000000 cmp=com.example.dogglers/androidx.test.core.app.InstrumentationActivityInvoker$EmptyActivity }, activity=androidx.test.core.app.InstrumentationActivityInvoker$EmptyActivity@5db4f5d
02-05 17:40:48.629 15500 15500 D LifecycleMonitor: callback completes: androidx.test.core.app.ActivityScenario$1@ebb2b9a
02-05 17:40:48.630 15500 15500 D LifecycleMonitor: Lifecycle status change: androidx.test.core.app.InstrumentationActivityInvoker$EmptyActivity@5db4f5d in: RESUMED
02-05 17:40:48.630 15500 15500 D LifecycleMonitor: running callback: androidx.test.core.app.ActivityScenario$1@ebb2b9a
02-05 17:40:48.631 15500 15500 V ActivityScenario: Activity lifecycle changed event received but ignored because the intent does not match. startActivityIntent=Intent { act=android.intent.action.MAIN cat=[android.intent.category.LAUNCHER] cmp=com.example.dogglers/.MainActivity }, activity.getIntent()=Intent { act=android.intent.action.MAIN cat=[android.intent.category.LAUNCHER] flg=0x10000000 cmp=com.example.dogglers/androidx.test.core.app.InstrumentationActivityInvoker$EmptyActivity }, activity=androidx.test.core.app.InstrumentationActivityInvoker$EmptyActivity@5db4f5d
02-05 17:40:48.631 15500 15500 D LifecycleMonitor: callback completes: androidx.test.core.app.ActivityScenario$1@ebb2b9a
02-05 17:40:48.632   789   789 I Layer   : id=79456[1] Destroyed ActivityRecord{5fae659 u0 com.example.dogglers/.MainActivity t12724}#0
02-05 17:40:48.632   789   789 I Layer   : id=79459[1] Destroyed Surface(name=Dim Layer for - Task=12724 - animating-dim)/@0xa82c82 - animation-leash#0
02-05 17:40:48.633  1163  2933 D InputTransport: Input channel constructed: 'a7fd071', fd=889
02-05 17:40:48.633  1163  2933 D InputTransport: Input channel constructed: 'a7fd071', fd=915
02-05 17:40:48.633   789   835 I SurfaceFlinger: id=79477 createSurf (0x0),-1 flag=80004, a7fd071 com.example.dogglers/androidx.test.core.app.InstrumentationActivityInvoker$EmptyActivity#0
02-05 17:40:48.633  1163  3939 I InputDispatcher: Focus left window (15500): 141c172 in display 0 0
02-05 17:40:48.633  1163  2933 D WindowManager: isScreenshotDisabledLocked - win: Window{a7fd071 u0 com.example.dogglers/androidx.test.core.app.InstrumentationActivityInvoker$EmptyActivity}
02-05 17:40:48.633  1163  2933 D WindowManager: isScreenshotDisabledLocked: userId = 0, disabled =false
02-05 17:40:48.633  1163  2933 D InputTransport: Input channel destroyed: 'a7fd071', fd=915
02-05 17:40:48.634 15500 15500 D InputTransport: Input channel constructed: 'a7fd071', fd=96
02-05 17:40:48.635 15500 15500 I ViewRootImpl@9bba81e[InstrumentationActivityInvoker$EmptyActivity]: setView = com.android.internal.policy.DecorView@b6795a3 TM=true
02-05 17:40:48.638  1163  3940 V WindowManager: Relayout Window{a7fd071 u0 com.example.dogglers/androidx.test.core.app.InstrumentationActivityInvoker$EmptyActivity}: viewVisibility=0 req=1080x2400
02-05 17:40:48.638  1163  3940 W WindowManager: lockNow pending, ignore updating lockscreen timeout
02-05 17:40:48.639  1163  3940 D WindowManager: isScreenshotDisabledLocked - win: Window{a7fd071 u0 com.example.dogglers/androidx.test.core.app.InstrumentationActivityInvoker$EmptyActivity}
02-05 17:40:48.639  1163  3940 D WindowManager: isScreenshotDisabledLocked: userId = 0, disabled =false
02-05 17:40:48.639   789  1272 I SurfaceFlinger: id=79478 createSurf (1080x2400),1 flag=404, com.example.dogglers/androidx.test.core.app.InstrumentationActivityInvoker$EmptyActivity$_15500#1
02-05 17:40:48.640  1163  3940 I SurfaceControl: nativeRelease nativeObject s[499038030944]
02-05 17:40:48.640  1163  3940 I SurfaceControl: nativeRelease nativeObject e[499038030944]
02-05 17:40:48.640   789   835 I SurfaceFlinger: id=79479 createSurf (0x0),-1 flag=24000, Surface(name=8c655e2 StatusBar)/@0x44a9b07 - animation-leash#1
02-05 17:40:48.640  1163  3940 I SurfaceControl: nativeRelease nativeObject s[499038067712]
02-05 17:40:48.640  1163  3940 I SurfaceControl: nativeRelease nativeObject e[499038067712]
02-05 17:40:48.640   789  1272 I SurfaceFlinger: id=79480 createSurf (0x0),-1 flag=24000, Surface(name=b29f82b NavigationBar0)/@0x8634759 - animation-leash#0
02-05 17:40:48.641  1163  3940 V WindowManager: Relayout hash=a7fd071, pid=15500: mAttrs={(0,0)(fillxfill) sim={adjust=pan forwardNavigation} ty=BASE_APPLICATION wanim=0x1030001
02-05 17:40:48.641  1163  3940 V WindowManager:   fl=1810100
02-05 17:40:48.641  1163  3940 V WindowManager:   pfl=12020000
02-05 17:40:48.641  1163  3940 V WindowManager:   fitSides= naviIconColor=0}
02-05 17:40:48.641  1163  3940 I SurfaceControl: nativeRelease nativeObject s[496882941824]
02-05 17:40:48.641  1163  3940 I SurfaceControl: nativeRelease nativeObject e[496882941824]
02-05 17:40:48.642 15500 15500 I SurfaceControl: assignNativeObject: nativeObject = 0 Surface(name=null)/@0x753e8ff / android.view.SurfaceControl.readFromParcel:1117 android.view.IWindowSession$Stub$Proxy.relayout:1820 android.view.ViewRootImpl.relayoutWindow:9005 android.view.ViewRootImpl.performTraversals:3360 android.view.ViewRootImpl.doTraversal:2618 android.view.ViewRootImpl$TraversalRunnable.run:9971 android.view.Choreographer$CallbackRecord.run:1010 android.view.Choreographer.doCallbacks:809 android.view.Choreographer.doFrame:744 android.view.Choreographer$FrameDisplayEventReceiver.run:995
02-05 17:40:48.643 15500 15500 I ViewRootImpl@9bba81e[InstrumentationActivityInvoker$EmptyActivity]: Relayout returned: old=(0,0,1080,2400) new=(0,0,1080,2400) req=(1080,2400)0 dur=5 res=0x7 s={true 499016744960} ch=true fn=-1
02-05 17:40:48.643 15500 15565 I mali_winsys: new_window_surface() [1080x2400] return: 0x3000
02-05 17:40:48.644   716   953 D gralloc : [mali_gralloc_allocate] begin
02-05 17:40:48.644   716   953 D gralloc : buffer_descriptor: wh(1080 2400) usage_pc(0x40000000000b00 0x40000000000b00) hal_format(0x1) layer_count(1) sizes(0 0 0) strde(0) byte_stride(0) alloc_wh(0 0) internal_format(0x0) alloc_format(0x0) fd_count(1) plane_count(0)
02-05 17:40:48.644 15500 15500 I ViewRootImpl@9bba81e[InstrumentationActivityInvoker$EmptyActivity]: [DP] dp(1) 1 android.view.ViewRootImpl.reportNextDraw:10957 android.view.ViewRootImpl.performTraversals:3845 android.view.ViewRootImpl.doTraversal:2618
02-05 17:40:48.644 15500 15500 I ViewRootImpl@9bba81e[InstrumentationActivityInvoker$EmptyActivity]: [DP] pd() Asnyc report
02-05 17:40:48.645   716   953 D gralloc : [mali_gralloc_allocate] allocation successful
02-05 17:40:48.647   716   953 D gralloc : [mali_gralloc_allocate] begin
02-05 17:40:48.647   716   953 D gralloc : buffer_descriptor: wh(1080 2400) usage_pc(0x40000000000b00 0x40000000000b00) hal_format(0x1) layer_count(1) sizes(0 0 0) strde(0) byte_stride(0) alloc_wh(0 0) internal_format(0x0) alloc_format(0x0) fd_count(1) plane_count(0)
02-05 17:40:48.648   716   953 D gralloc : [mali_gralloc_allocate] allocation successful
02-05 17:40:48.648   716   953 D gralloc : [mali_gralloc_allocate] begin
02-05 17:40:48.648   716   953 D gralloc : buffer_descriptor: wh(1080 2400) usage_pc(0x40000000000b00 0x40000000000b00) hal_format(0x1) layer_count(1) sizes(0 0 0) strde(0) byte_stride(0) alloc_wh(0 0) internal_format(0x0) alloc_format(0x0) fd_count(1) plane_count(0)
02-05 17:40:48.648 15500 15500 I ViewRootImpl@9bba81e[InstrumentationActivityInvoker$EmptyActivity]: [DP] pdf(0) 1 android.view.ViewRootImpl.lambda$performDraw$1$ViewRootImpl:4668 android.view.-$$Lambda$ViewRootImpl$DJd0VUYJgsebcnSohO6h8zc_ONI.run:6 android.os.Handler.handleCallback:938
02-05 17:40:48.648 15500 15500 I ViewRootImpl@9bba81e[InstrumentationActivityInvoker$EmptyActivity]: [DP] rdf()
02-05 17:40:48.649  1163  1240 W WindowManager: lockNow pending, ignore updating lockscreen timeout
02-05 17:40:48.649 15500 15500 I SurfaceControl: nativeRelease nativeObject s[501729024608]
02-05 17:40:48.649 15500 15500 I SurfaceControl: nativeRelease nativeObject e[501729024608]
02-05 17:40:48.649  1163  3940 D SamsungIMMSHWKeyboard: isConnectedDexOnPC false
02-05 17:40:48.649 15500 15500 I SurfaceControl: nativeRelease nativeObject s[501729021728]
02-05 17:40:48.649 15500 15500 I SurfaceControl: nativeRelease nativeObject e[501729021728]
02-05 17:40:48.649 15500 15500 I ViewRootImpl@896b0a5[InstrumentationActivityInvoker$EmptyActivity]: MSG_WINDOW_FOCUS_CHANGED 0 1
02-05 17:40:48.649   789  1272 I Layer   : id=79472 removeFromCurrentState Surface(name=8c655e2 StatusBar)/@0x44a9b07 - animation-leash#0 (179)
02-05 17:40:48.650   789  1272 I Layer   : id=79473 removeFromCurrentState Surface(name=b29f82b NavigationBar0)/@0x8634759 - animation-leash#1 (179)
02-05 17:40:48.651  1163  1240 D PkgPredictorService: pkg:com.example.dogglers activity:androidx.test.core.app.InstrumentationActivityInvoker$EmptyActivity thisTime:52
02-05 17:40:48.651  1163  1240 I SemDvfsHyPerManager: acquire hyper - AMS_RESUME_TAIL/1163@22, type = -999
02-05 17:40:48.651  1163  1240 I SemDvfsHyPerManager: acquire hyper - AMS_ACT_LAZY/1163@23, type = -999
02-05 17:40:48.651  1163  1244 I ActivityTaskManager: Displayed com.example.dogglers/androidx.test.core.app.InstrumentationActivityInvoker$EmptyActivity: +52ms
02-05 17:40:48.652  1163  1240 W WindowManager: lockNow pending, ignore updating lockscreen timeout
02-05 17:40:48.653  1163  3940 D InputMethodManagerService: isImeSwitcherDisabledPackage : false
02-05 17:40:48.653   716   953 D gralloc : [mali_gralloc_allocate] allocation successful
02-05 17:40:48.654 15500 15500 I SurfaceControl: nativeRelease nativeObject s[499014699328]
02-05 17:40:48.654 15500 15500 I SurfaceControl: nativeRelease nativeObject e[499014699328]
02-05 17:40:48.654 15500 15500 I SurfaceControl: nativeRelease nativeObject s[499014699232]
02-05 17:40:48.654 15500 15500 I SurfaceControl: nativeRelease nativeObject e[499014699232]
02-05 17:40:48.654 15500 15500 I SurfaceControl: nativeRelease nativeObject s[499014699136]
02-05 17:40:48.654 15500 15500 I SurfaceControl: nativeRelease nativeObject e[499014699136]
02-05 17:40:48.654   789   834 I SurfaceFlinger: id=79473 Removed Surface(name=b29f82b NavigationBar0)/@0x8634759 - animation-leash#1 (179)
02-05 17:40:48.654   789   834 I SurfaceFlinger: id=79472 Removed Surface(name=8c655e2 StatusBar)/@0x44a9b07 - animation-leash#0 (179)
02-05 17:40:48.655   726   817 I HYPER-HAL: [RequestManager.cpp]acquire(): Acquired ID : 702727  [1163 / 22]    HINT : AMS_RESUME_TAIL    list :
02-05 17:40:48.655   726   817 I HYPER-HAL: [ResourceManager.cpp]updateResource(): [CPUMinFreq] UpdateResource Request ID : 702727    Value : 1844882
02-05 17:40:48.655   726   817 I HYPER-HAL: [RequestManager.cpp]acquire(): Acquired ID : 703914  [1163 / 23]    HINT :      list :
02-05 17:40:48.655   726   817 E HYPER-HAL: [Request.cpp]acquire(): Request:: id : 703914, No Resource to set
02-05 17:40:48.655   704 17449 E power   : ISystemSuspend::getService() failed.
02-05 17:40:48.655  2171  3231 I RILClient: processUnsolicited(): resp_id (11090), len(94)
02-05 17:40:48.655   726   817 I HYPER-HAL: [ResourceManager.cpp]removeResource(): [CPUMinFreq] RemoveResource Request ID : 700356
02-05 17:40:48.656   726   817 I HYPER-HAL: [RequestManager.cpp]releaseLocked(): Released ID : 700356
02-05 17:40:48.656  2669  2669 E pageboostd: Received HALT command code 2
02-05 17:40:48.656  1647  1802 I System.out: Broadcasting: Intent { act=com.sec.intent.action.CP_CHAN_INFO flg=0x1000000 (has extras) }
02-05 17:40:48.657  1163  3944 D InputDispatcher: Focused application set to (0): 1dafdd4
02-05 17:40:48.659  1163  3944 W WindowManager: lockNow pending, ignore updating lockscreen timeout
02-05 17:40:48.660  1163  1240 W WindowManager: lockNow pending, ignore updating lockscreen timeout
02-05 17:40:48.664  1647  1977 I System.out: Broadcast completed: result=0
02-05 17:40:48.666 15500 15565 I mali_egl: eglDestroySurface() in
02-05 17:40:48.667   789   789 I Layer   : id=79472[1] Destroyed Surface(name=8c655e2 StatusBar)/@0x44a9b07 - animation-leash#0
02-05 17:40:48.667   789   789 I Layer   : id=79473[1] Destroyed Surface(name=b29f82b NavigationBar0)/@0x8634759 - animation-leash#1
02-05 17:40:48.667 15500 15565 I mali_winsys: delete_surface() [1080x2400] return
02-05 17:40:48.667 15500 15565 I mali_egl: eglDestroySurface() out
02-05 17:40:48.667   789  1273 E BufferQueueProducer: [com.example.dogglers/androidx.test.core.app.InstrumentationActivityInvoker$EmptyActivity$_15500#0](id:315000036a0,api:0,p:-1,c:789) disconnect: not connected (req=1)
02-05 17:40:48.667 15500 15565 W libEGL  : EGLNativeWindowType 0x742fb65010 disconnect failed
02-05 17:40:48.668  1163  3935 I InputDispatcher: Focus entered window (15500): a7fd071 in display 0 0
02-05 17:40:48.668  1163  2104 V WindowManager: Relayout Window{141c172 u0 com.example.dogglers/androidx.test.core.app.InstrumentationActivityInvoker$EmptyActivity}: viewVisibility=8 req=1080x2400
02-05 17:40:48.668  1163  2104 W WindowManager: lockNow pending, ignore updating lockscreen timeout
02-05 17:40:48.669  1163  2104 V WindowManager: Relayout hash=141c172, pid=15500: mAttrs={(0,0)(fillxfill) sim={adjust=pan forwardNavigation} ty=BASE_APPLICATION wanim=0x1030001
02-05 17:40:48.669  1163  2104 V WindowManager:   fl=1810100
02-05 17:40:48.669  1163  2104 V WindowManager:   pfl=12020000
02-05 17:40:48.669  1163  2104 V WindowManager:   fitSides= naviIconColor=0}
02-05 17:40:48.670 15500 15500 I SurfaceControl: nativeRelease nativeObject s[499014697312]
02-05 17:40:48.670 15500 15500 I SurfaceControl: nativeRelease nativeObject e[499014697312]
02-05 17:40:48.670 15500 15500 I SurfaceControl: assignNativeObject: nativeObject = 0 Surface(name=null)/@0x3f216cc / android.view.SurfaceControl.readFromParcel:1117 android.view.IWindowSession$Stub$Proxy.relayout:1810 android.view.ViewRootImpl.relayoutWindow:9005 android.view.ViewRootImpl.performTraversals:3360 android.view.ViewRootImpl.doTraversal:2618 android.view.ViewRootImpl$TraversalRunnable.run:9971 android.view.Choreographer$CallbackRecord.run:1010 android.view.Choreographer.doCallbacks:809 android.view.Choreographer.doFrame:744 android.view.Choreographer$FrameDisplayEventReceiver.run:995
02-05 17:40:48.670   789   789 D SurfaceFlinger: Display 21442653864348033 HWC layers:
02-05 17:40:48.670   789   789 D SurfaceFlinger:      DEVICE | 0x7428c3f980 | 0002 | RGBA_8888    |    0.0    0.0 1080.0 2400.0 |    0    0 1080 2400 | com.example.dogglers/androidx.test.c[...]tivityInvoker$EmptyActivity$_15500#1
02-05 17:40:48.670   789   789 D SurfaceFlinger:      DEVICE | 0x7428c3e6c0 | 0000 | RGBA_8888    |    0.0    0.0 1080.0   88.0 |    0    0 1080   88 | StatusBar$_1680#0
02-05 17:40:48.670   789   789 D SurfaceFlinger:      DEVICE | 0x7428c3ea80 | 0000 | RGBA_8888    |    0.0    0.0 1080.0  144.0 |    0 2256 1080 2400 | NavigationBar0$_1680#0
02-05 17:40:48.670   789   789 D SurfaceFlinger:      DEVICE | 0x7408191180 | 0000 | RGBA_8888    |    0.0    0.0 1080.0  125.0 |    0    0 1080  125 | ScreenDecorOverlay$_1680#0
02-05 17:40:48.670   789   789 D SurfaceFlinger:      DEVICE | 0x7428c3f480 | 0000 | RGBA_8888    |    0.0    0.0 1080.0  112.0 |    0 2288 1080 2400 | ScreenDecorOverlayBottom$_1680#0
02-05 17:40:48.670   789   789 D SurfaceFlinger:
02-05 17:40:48.670 15500 15500 I SurfaceControl: assignNativeObject: nativeObject = 0 Surface(name=null)/@0x699ac7a / android.view.SurfaceControl.readFromParcel:1117 android.view.IWindowSession$Stub$Proxy.relayout:1820 android.view.ViewRootImpl.relayoutWindow:9005 android.view.ViewRootImpl.performTraversals:3360 android.view.ViewRootImpl.doTraversal:2618 android.view.ViewRootImpl$TraversalRunnable.run:9971 android.view.Choreographer$CallbackRecord.run:1010 android.view.Choreographer.doCallbacks:809 android.view.Choreographer.doFrame:744 android.view.Choreographer$FrameDisplayEventReceiver.run:995
02-05 17:40:48.670 15500 15500 I SurfaceControl: nativeRelease nativeObject s[499183198208]
02-05 17:40:48.670 15500 15500 I SurfaceControl: nativeRelease nativeObject e[499183198208]
02-05 17:40:48.671 15500 15500 I ViewRootImpl@896b0a5[InstrumentationActivityInvoker$EmptyActivity]: Relayout returned: old=(0,0,1080,2400) new=(0,0,1080,2400) req=(1080,2400)8 dur=3 res=0x5 s={false 0} ch=true fn=2
02-05 17:40:48.671 15500 15500 I ViewRootImpl@896b0a5[InstrumentationActivityInvoker$EmptyActivity]: stopped(true) old=false
02-05 17:40:48.671 15500 15500 D LifecycleMonitor: Lifecycle status change: androidx.test.core.app.InstrumentationActivityInvoker$EmptyActivity@f876b70 in: STOPPED
02-05 17:40:48.671 15500 15500 D LifecycleMonitor: running callback: androidx.test.core.app.ActivityScenario$1@ebb2b9a
02-05 17:40:48.671 15500 15500 V ActivityScenario: Activity lifecycle changed event received but ignored because the intent does not match. startActivityIntent=Intent { act=android.intent.action.MAIN cat=[android.intent.category.LAUNCHER] cmp=com.example.dogglers/.MainActivity }, activity.getIntent()=Intent { act=android.intent.action.MAIN cat=[android.intent.category.LAUNCHER] flg=0x10000000 cmp=com.example.dogglers/androidx.test.core.app.InstrumentationActivityInvoker$EmptyActivity }, activity=androidx.test.core.app.InstrumentationActivityInvoker$EmptyActivity@f876b70
02-05 17:40:48.671 15500 15500 D LifecycleMonitor: callback completes: androidx.test.core.app.ActivityScenario$1@ebb2b9a
02-05 17:40:48.673 15500 15500 D LifecycleMonitor: Lifecycle status change: androidx.test.core.app.InstrumentationActivityInvoker$EmptyActivity@f876b70 in: DESTROYED
02-05 17:40:48.673 15500 15500 D LifecycleMonitor: running callback: androidx.test.core.app.ActivityScenario$1@ebb2b9a
02-05 17:40:48.673 15500 15500 V ActivityScenario: Activity lifecycle changed event received but ignored because the intent does not match. startActivityIntent=Intent { act=android.intent.action.MAIN cat=[android.intent.category.LAUNCHER] cmp=com.example.dogglers/.MainActivity }, activity.getIntent()=Intent { act=android.intent.action.MAIN cat=[android.intent.category.LAUNCHER] flg=0x10000000 cmp=com.example.dogglers/androidx.test.core.app.InstrumentationActivityInvoker$EmptyActivity }, activity=androidx.test.core.app.InstrumentationActivityInvoker$EmptyActivity@f876b70
02-05 17:40:48.673 15500 15500 D LifecycleMonitor: callback completes: androidx.test.core.app.ActivityScenario$1@ebb2b9a
02-05 17:40:48.674 15500 15500 I ViewRootImpl@896b0a5[InstrumentationActivityInvoker$EmptyActivity]: dispatchDetachedFromWindow
02-05 17:40:48.674  1163  1511 W PkgPredictorService: background app without no launcher icon com.sec.android.app.launcher for.uid: 10149 userId: 0
02-05 17:40:48.674  1163  1237 D SehCodecSolutionService: Update top [com.sec.android.app.launcher]
02-05 17:40:48.674  1163  3935 D InputTransport: Input channel destroyed: '141c172', fd=888
02-05 17:40:48.674  1163  3935 I SurfaceControl: nativeRelease nativeObject s[496871101440]
02-05 17:40:48.674  1163  3935 I SurfaceControl: nativeRelease nativeObject e[496871101440]
02-05 17:40:48.674  1163  3935 D WindowManager: isScreenshotDisabledLocked - win: Window{141c172 u0 com.example.dogglers/androidx.test.core.app.InstrumentationActivityInvoker$EmptyActivity}
02-05 17:40:48.674  1163  3935 D WindowManager: isScreenshotDisabledLocked: userId = 0, disabled =false
02-05 17:40:48.675  1163  3935 I SurfaceControl: nativeRelease nativeObject s[499183208192]
02-05 17:40:48.675  1163  3935 I SurfaceControl: nativeRelease nativeObject e[499183208192]
02-05 17:40:48.675   789  2265 I SurfaceFlinger: id=79481 createSurf (0x0),-1 flag=24004, Surface(name=dbf3b45 InputMethod)/@0xf70bba8 - animation-leash#0
02-05 17:40:48.675  1163  3935 I SurfaceControl: nativeRelease nativeObject s[499038029312]
02-05 17:40:48.675  1163  3935 I SurfaceControl: nativeRelease nativeObject e[499038029312]
02-05 17:40:48.675   789   834 I Layer   : id=79471 removeFromCurrentState com.example.dogglers/androidx.test.core.app.InstrumentationActivityInvoker$EmptyActivity$_15500#0 (178)
02-05 17:40:48.676   851 26702 I CameraService: notifyMonitoredUids
02-05 17:40:48.676  1163  3935 W WindowManager: lockNow pending, ignore updating lockscreen timeout
02-05 17:40:48.677   789  1272 I Layer   : id=79476 removeFromCurrentState Surface(name=dbf3b45 InputMethod)/@0xf70bba8 - animation-leash#1 (178)
02-05 17:40:48.677   789  1272 I Layer   : id=60 removeFromCurrentState dbf3b45 InputMethod#0 (178)
02-05 17:40:48.677   789  1272 I Layer   : id=79470 removeFromCurrentState 141c172 com.example.dogglers/androidx.test.core.app.InstrumentationActivityInvoker$EmptyActivity#0 (178)
02-05 17:40:48.677   789  1272 I Layer   : id=60 addToCurrentState dbf3b45 InputMethod#0 (178)
02-05 17:40:48.677 15500 15500 D InputTransport: Input channel destroyed: '141c172', fd=95
02-05 17:40:48.678   789  2265 I SurfaceFlinger: id=79471 Removed com.example.dogglers/androidx.test.core.app.InstrumentationActivityInvoker$EmptyActivity$_15500#0 (178)
02-05 17:40:48.678   789  2265 I SurfaceFlinger: id=79470 Removed 141c172 com.example.dogglers/androidx.test.core.app.InstrumentationActivityInvoker$EmptyActivity#0 (178)
02-05 17:40:48.678  1163  1234 I SurfaceControl: nativeRelease nativeObject s[496866864544]
02-05 17:40:48.678  1163  1234 I SurfaceControl: nativeRelease nativeObject e[496866864544]
02-05 17:40:48.683   789   789 I Layer   : id=79470[1] Destroyed 141c172 com.example.dogglers/androidx.test.core.app.InstrumentationActivityInvoker$EmptyActivity#0
02-05 17:40:48.683   789   789 I Layer   : id=79471[1] Destroyed com.example.dogglers/androidx.test.core.app.InstrumentationActivityInvoker$EmptyActivity$_15500#0
02-05 17:40:48.683  1163  3935 I InputDispatcher: Focus left window (15500): a7fd071 in display 0 0
02-05 17:40:48.687 15500 15500 D LifecycleMonitor: Lifecycle status change: androidx.test.core.app.InstrumentationActivityInvoker$EmptyActivity@5db4f5d in: PAUSED
02-05 17:40:48.687 15500 15500 D LifecycleMonitor: running callback: androidx.test.core.app.ActivityScenario$1@ebb2b9a
02-05 17:40:48.688 15500 15500 V ActivityScenario: Activity lifecycle changed event received but ignored because the intent does not match. startActivityIntent=Intent { act=android.intent.action.MAIN cat=[android.intent.category.LAUNCHER] cmp=com.example.dogglers/.MainActivity }, activity.getIntent()=Intent { act=android.intent.action.MAIN cat=[android.intent.category.LAUNCHER] flg=0x10000000 cmp=com.example.dogglers/androidx.test.core.app.InstrumentationActivityInvoker$EmptyActivity }, activity=androidx.test.core.app.InstrumentationActivityInvoker$EmptyActivity@5db4f5d
02-05 17:40:48.688 15500 15500 D LifecycleMonitor: callback completes: androidx.test.core.app.ActivityScenario$1@ebb2b9a
02-05 17:40:48.688   789   834 I Layer   : id=79466 removeFromCurrentState ActivityRecord{cfd5e u0 com.example.dogglers/androidx.test.core.app.InstrumentationActivityInvoker$EmptyActivity t12724}#0 (176)
02-05 17:40:48.688   789   834 I SurfaceFlinger: id=79466 Removed ActivityRecord{cfd5e u0 com.example.dogglers/androidx.test.core.app.InstrumentationActivityInvoker$EmptyActivity t12724}#0 (176)
02-05 17:40:48.690  1163  1234 I SemDvfsHyPerManager: acquire hyper - AMS_APP_HOME/1163@35, type = -999
02-05 17:40:48.690   726   817 I HYPER-HAL: [RequestManager.cpp]acquire(): Acquired ID : 718236  [1163 / 35]    HINT : AMS_APP_HOME    list :
02-05 17:40:48.690   726   817 I HYPER-HAL: [ResourceManager.cpp]updateResource(): [CPUMinFreq] UpdateResource Request ID : 718236    Value : 2623359
02-05 17:40:48.690  4183  4183 I SemDvfsHyPerManager: acquire hyper - com.sec.android.sdhms/4183@9, type = -999
02-05 17:40:48.691   726   817 I HYPER-HAL: [RequestManager.cpp]acquire(): Acquired ID : 8788537  [4183 / 9]    HINT : APP_START    list :
02-05 17:40:48.691   726   817 I HYPER-HAL: [ResourceManager.cpp]updateResource(): [CPUMaxFreq] UpdateResource Request ID : 8788537    Value : 2730000
02-05 17:40:48.691  1163  1234 V WindowOrientationListener: getProposedRotation: 0
02-05 17:40:48.693  1163  1234 W WindowManager: lockNow pending, ignore updating lockscreen timeout
02-05 17:40:48.694 15500 15500 I ViewRootImpl@9bba81e[InstrumentationActivityInvoker$EmptyActivity]: MSG_WINDOW_FOCUS_CHANGED 0 1
02-05 17:40:48.697 15500 15500 I ViewRootImpl@9bba81e[InstrumentationActivityInvoker$EmptyActivity]: MSG_WINDOW_FOCUS_CHANGED 0 1
02-05 17:40:48.698 15500 15559 I TestRunner: finished: grid_list_button_is_displayed(com.example.dogglers.ButtonTests)
