02-05 17:40:48.465  1163  1502 W System.err: 	at com.android.okhttp.internal.huc.DelegatingHttpsURLConnection.getInputStream(DelegatingHttpsURLConnection.java:211)
02-05 17:40:48.465  1163  1502 W System.err: 	at com.android.okhttp.internal.huc.HttpsURLConnectionImpl.getInputStream(HttpsURLConnectionImpl.java:30)
02-05 17:40:48.465  1163  1502 W System.err: 	at com.samsung.android.server.wifi.tcp.SemWifiTransportLayerUtils.getApplicationCategory(SemWifiTransportLayerUtils.java:103)
02-05 17:40:48.465  1163  1502 W System.err: 	at com.samsung.android.server.wifi.tcp.SemWifiTransportLayerMonitor$TcpMonitorHandler.handleMessage(SemWifiTransportLayerMonitor.java:242)
02-05 17:40:48.465  1163  1502 W System.err: 	at android.os.Handler.dispatchMessage(Handler.java:106)
02-05 17:40:48.465  1163  1502 W System.err: 	at android.os.Looper.loop(Looper.java:246)
02-05 17:40:48.465  1163  1502 W System.err: 	at android.os.HandlerThread.run(HandlerThread.java:67)
02-05 17:40:48.465  1163  1502 D SemWifiTransportLayerMonitor.TcpMonitorHandler: MSG_SAVE_PACKAGE_INFO
02-05 17:40:48.465  1163  1502 D SemWifiTransportLayerFileManager: saveWifiPackageInfoToFile
02-05 17:40:48.465  1163  1502 D SemWifiTransportLayerFileManager: writeWifiPackageInfoList
02-05 17:40:48.474 15500 15500 I ViewRootImpl@fee2ce6[MainActivity]: [DP] pdf(0) 1 android.view.ViewRootImpl.lambda$performDraw$1$ViewRootImpl:4668 android.view.-$$Lambda$ViewRootImpl$DJd0VUYJgsebcnSohO6h8zc_ONI.run:6 android.os.Handler.handleCallback:938
02-05 17:40:48.474 15500 15500 I ViewRootImpl@fee2ce6[MainActivity]: [DP] rdf()
02-05 17:40:48.475  1163  1240 W WindowManager: lockNow pending, ignore updating lockscreen timeout
02-05 17:40:48.476  1163  1240 W WindowManager: lockNow pending, ignore updating lockscreen timeout
02-05 17:40:48.477  1163  1240 D PkgPredictorService: pkg:com.example.dogglers activity:com.example.dogglers.MainActivity thisTime:326
02-05 17:40:48.477  1163  1240 D PkgPredictorService-Collector: update activity launch time: MainActivity : 326
02-05 17:40:48.477  1163  1240 I SemDvfsHyPerManager: acquire hyper - AMS_RESUME_TAIL/1163@22, type = -999
02-05 17:40:48.477  1163  1240 I SemDvfsHyPerManager: acquire hyper - AMS_ACT_LAZY/1163@23, type = -999
02-05 17:40:48.477   726   817 I HYPER-HAL: [RequestManager.cpp]acquire(): Acquired ID : 702727  [1163 / 22]    HINT : AMS_RESUME_TAIL    list :
02-05 17:40:48.478   726   817 I HYPER-HAL: [ResourceManager.cpp]updateResource(): [CPUMinFreq] UpdateResource Request ID : 702727    Value : 1844882
02-05 17:40:48.478   726   817 I HYPER-HAL: [RequestManager.cpp]acquire(): Acquired ID : 703914  [1163 / 23]    HINT :      list :
02-05 17:40:48.478   726   817 E HYPER-HAL: [Request.cpp]acquire(): Request:: id : 703914, No Resource to set
02-05 17:40:48.478   726   817 I HYPER-HAL: [ResourceManager.cpp]removeResource(): [CPUMinFreq] RemoveResource Request ID : 705102
02-05 17:40:48.478   726   817 I HYPER-HAL: [RequestManager.cpp]releaseLocked(): Released ID : 705102
02-05 17:40:48.481  1163  3935 I InputDispatcher: Focus entered window (15500): 1c013e2 in display 0 0
02-05 17:40:48.481  1163  1240 D ViewRootImpl@cd7b358[dogglers]: dispatchDetachedFromWindow: reset blurmask
02-05 17:40:48.481  1163  1240 I ViewRootImpl@cd7b358[dogglers]: dispatchDetachedFromWindow
02-05 17:40:48.481  1163  1240 I SurfaceControl: nativeRelease nativeObject s[496884992224]
02-05 17:40:48.481  1163  1240 I SurfaceControl: nativeRelease nativeObject e[496884992224]
02-05 17:40:48.482  1163  1240 D InputTransport: Input channel destroyed: 'e8c5cb1', fd=859
02-05 17:40:48.482  5089 28744 I PageOverlayServiceImpl: [FROM HOME] updateActivityLifecycleState : 4
02-05 17:40:48.482  5089  5089 I PageOverlayCoordinator: onUiStopped
02-05 17:40:48.482  5089  5089 I PageOverlayRootLayout: onUiStopped
02-05 17:40:48.482   789  1273 I SurfaceFlinger: id=79465 createSurf (0x0),-1 flag=24000, Surface(name=e8c5cb1 Splash Screen com.example.dogglers)/@0xfd9621e - animation-leash#0
02-05 17:40:48.483  1163  1240 W WindowManager: lockNow pending, ignore updating lockscreen timeout
02-05 17:40:48.484  1163  1240 D InputTransport: Input channel destroyed: 'e8c5cb1', fd=860
02-05 17:40:48.489 15500 15500 I ViewRootImpl@fee2ce6[MainActivity]: MSG_WINDOW_FOCUS_CHANGED 1 1
02-05 17:40:48.490 15500 15500 D InputMethodManager: prepareNavigationBarInfo() DecorView@7ba8355[MainActivity]
02-05 17:40:48.490 15500 15500 D InputMethodManager: getNavigationBarColor() -16711423
02-05 17:40:48.491 15500 15500 D InputMethodManager: prepareNavigationBarInfo() DecorView@7ba8355[MainActivity]
02-05 17:40:48.491 15500 15500 D InputMethodManager: getNavigationBarColor() -16711423
02-05 17:40:48.491 15500 15500 V InputMethodManager: Starting input: tba=com.example.dogglers ic=null mNaviBarColor -16711423 mIsGetNaviBarColorSuccess true , NavVisible : true , NavTrans : false
02-05 17:40:48.491 15500 15500 D InputMethodManager: startInputInner - Id : 0
02-05 17:40:48.491 15500 15500 I InputMethodManager: startInputInner - mService.startInputOrWindowGainedFocus
02-05 17:40:48.491  1163  1796 D InputMethodManagerService: mSecureKeypadEnabled = false
02-05 17:40:48.491  1163  1796 V InputMethodManagerService: hideCurrentInputLocked : shouldHideSoftInput is false
02-05 17:40:48.491  1163  1796 D InputMethodManagerService: DESKTOP MODE! : 2
02-05 17:40:48.491  1163  1796 D InputMethodManagerService: NOT IN KNOX DESKTOP MODE!
02-05 17:40:48.491  1163  1796 V InputMethodManagerService: getDisplayIdOfInputMethodWindowToBeAdded : 0
02-05 17:40:48.492  1163  1796 D SamsungIMMSHWKeyboard: isConnectedDexOnPC false
02-05 17:40:48.492  1163  1796 D InputMethodManagerService: isImeSwitcherDisabledPackage : false
02-05 17:40:48.492  1163  1796 D InputTransport: Input channel constructed: 'ClientS', fd=859
02-05 17:40:48.492  1163  1796 D InputTransport: Input channel constructed: 'ClientS', fd=860
02-05 17:40:48.492  1163  1796 D InputTransport: Input channel destroyed: 'ClientS', fd=860
02-05 17:40:48.497  1163  3939 V WindowManager: Relayout Window{f87dac6 u0 com.samsung.android.app.spage}: viewVisibility=8 req=0x2168
02-05 17:40:48.498 15500 15500 D IdlingResourceRegistry: All idling resources are idle.
02-05 17:40:48.499  1163  1244 D ArtManagerInternalImpl: /data/misc/iorapd/com.example.dogglers/1/com.example.dogglers.MainActivity/compiled_traces/compiled_trace.pb doesn't exist
02-05 17:40:48.499 15500 15500 W xample.doggler: Accessing hidden method Landroid/os/MessageQueue;->next()Landroid/os/Message; (greylist, reflection, allowed)
02-05 17:40:48.499 15500 15500 W xample.doggler: Accessing hidden field Landroid/os/MessageQueue;->mMessages:Landroid/os/Message; (greylist, reflection, allowed)
02-05 17:40:48.500 15500 15500 W xample.doggler: Accessing hidden method Landroid/os/Message;->recycleUnchecked()V (greylist, reflection, allowed)
02-05 17:40:48.500 15500 15500 D IdlingResourceRegistry: All idling resources are idle.
02-05 17:40:48.500  1163  3939 W WindowManager: lockNow pending, ignore updating lockscreen timeout
02-05 17:40:48.501  1163  3939 V WindowManager: Relayout hash=f87dac6, pid=5089: mAttrs={(0,0)(0xfill) sim={adjust=pan} ty=APPLICATION_PANEL fmt=RGBA_8888
02-05 17:40:48.501  1163  3939 V WindowManager:   fl=1000018
02-05 17:40:48.501  1163  3939 V WindowManager:   pfl=2000040
02-05 17:40:48.501  1163  3939 V WindowManager:   fitTypes=STATUS_BARS NAVIGATION_BARS CAPTION_BAR IME naviIconColor=0}
02-05 17:40:48.501 15500 15500 W xample.doggler: Accessing hidden method Landroid/view/WindowManagerGlobal;->getInstance()Landroid/view/WindowManagerGlobal; (greylist, reflection, allowed)
02-05 17:40:48.501 15500 15500 W xample.doggler: Accessing hidden field Landroid/view/WindowManagerGlobal;->mViews:Ljava/util/ArrayList; (greylist, reflection, allowed)
02-05 17:40:48.501 15500 15500 W xample.doggler: Accessing hidden field Landroid/view/WindowManagerGlobal;->mParams:Ljava/util/ArrayList; (greylist, reflection, allowed)
02-05 17:40:48.501  5089  5089 I SurfaceControl: assignNativeObject: nativeObject = 0 Surface(name=null)/@0xb12fb6b / android.view.SurfaceControl.readFromParcel:1117 android.view.IWindowSession$Stub$Proxy.relayout:1810 android.view.ViewRootImpl.relayoutWindow:9005 android.view.ViewRootImpl.performTraversals:3360 android.view.ViewRootImpl.doTraversal:2618 android.view.ViewRootImpl$TraversalRunnable.run:9971 android.view.Choreographer$CallbackRecord.run:1010 android.view.Choreographer.doCallbacks:809 android.view.Choreographer.doFrame:744 android.view.Choreographer$FrameDisplayEventReceiver.run:995
02-05 17:40:48.501  5089  5089 I SurfaceControl: assignNativeObject: nativeObject = 0 Surface(name=null)/@0xf71d6c8 / android.view.SurfaceControl.readFromParcel:1117 android.view.IWindowSession$Stub$Proxy.relayout:1820 android.view.ViewRootImpl.relayoutWindow:9005 android.view.ViewRootImpl.performTraversals:3360 android.view.ViewRootImpl.doTraversal:2618 android.view.ViewRootImpl$TraversalRunnable.run:9971 android.view.Choreographer$CallbackRecord.run:1010 android.view.Choreographer.doCallbacks:809 android.view.Choreographer.doFrame:744 android.view.Choreographer$FrameDisplayEventReceiver.run:995
02-05 17:40:48.502  5089  5089 I ViewRootImpl@7fb81b0[]: Relayout returned: old=(540,88,540,2256) new=(540,88,540,2256) req=(0,2168)8 dur=4 res=0x1 s={false 0} ch=false fn=-1
02-05 17:40:48.504 15500 15500 I ViewInteraction: Checking 'MatchesViewAssertion{viewMatcher=is displayed on the screen to the user}' assertion on view with id is <com.example.dogglers:id/grid_btn>
02-05 17:40:48.505  3640  3747 D InputTransport: Input channel constructed: 'ClientS', fd=131
02-05 17:40:48.512  1163  3944 I SemDvfsHyPerManager: acquire hyper - AMS_ACT_START/1163@20, type = -999
02-05 17:40:48.513   726   817 I HYPER-HAL: [RequestManager.cpp]acquire(): Acquired ID : 700356  [1163 / 20]    HINT : AMS_ACT_START    list :
02-05 17:40:48.513  1163  3940 D InputMethodManagerService: checkDisplayOfStartInputAndUpdateKeyboard display Id 0last 0
02-05 17:40:48.513  1163  3940 D InputTransport: Input channel constructed: 'ClientS', fd=888
02-05 17:40:48.513   789  1273 I SurfaceFlinger: id=79466 createSurf (0x0),-1 flag=80004, ActivityRecord{cfd5e u0 com.example.dogglers/androidx.test.core.app.InstrumentationActivityInvoker$EmptyActivity t12724}#0
02-05 17:40:48.513  1163  3940 D InputTransport: Input channel destroyed: 'ClientS', fd=888
02-05 17:40:48.513   726   817 I HYPER-HAL: [ResourceManager.cpp]updateResource(): [CPUMinFreq] UpdateResource Request ID : 700356    Value : 1930195
02-05 17:40:48.514 15500 15523 D InputTransport: Input channel constructed: 'ClientS', fd=92
02-05 17:40:48.515 15500 15500 D InputMethodManager: prepareNavigationBarInfo() DecorView@7ba8355[MainActivity]
02-05 17:40:48.515 15500 15500 D InputMethodManager: getNavigationBarColor() -16711423
02-05 17:40:48.515 15500 15500 V InputMethodManager: Starting input: tba=com.example.dogglers ic=null mNaviBarColor -16711423 mIsGetNaviBarColorSuccess true , NavVisible : true , NavTrans : false
02-05 17:40:48.515 15500 15500 D InputMethodManager: startInputInner - Id : 0
02-05 17:40:48.516  1163  3944 W WindowManager: lockNow pending, ignore updating lockscreen timeout
02-05 17:40:48.517 15500 15500 D LifecycleMonitor: Lifecycle status change: com.example.dogglers.MainActivity@2dae79f in: PAUSED
02-05 17:40:48.517 15500 15500 D LifecycleMonitor: running callback: androidx.test.core.app.ActivityScenario$1@ebb2b9a
02-05 17:40:48.517 15500 15500 V ActivityScenario: Update currentActivityStage to PAUSED, currentActivity=com.example.dogglers.MainActivity@2dae79f
02-05 17:40:48.517 15500 15500 D LifecycleMonitor: callback completes: androidx.test.core.app.ActivityScenario$1@ebb2b9a
02-05 17:40:48.519  1163  3940 V WindowOrientationListener: getProposedRotation: 0
02-05 17:40:48.519  1163  3940 V WindowOrientationListener: getProposedRotation: 0
02-05 17:40:48.519  1163  3940 V WindowOrientationListener: getProposedRotation: 0
02-05 17:40:48.520  1163  3940 D InputDispatcher: Focused application set to (0): cfd5e u
02-05 17:40:48.521  1163  3940 I SurfaceControl: nativeRelease nativeObject s[499038036416]
02-05 17:40:48.521  1163  3940 I SurfaceControl: nativeRelease nativeObject e[499038036416]
02-05 17:40:48.521   789  1273 I SurfaceFlinger: id=79467 createSurf (0x0),-1 flag=24000, Surface(name=8c655e2 StatusBar)/@0x44a9b07 - animation-leash#1
02-05 17:40:48.521  1163  3940 I SurfaceControl: nativeRelease nativeObject s[499038036512]
02-05 17:40:48.521  1163  3940 I SurfaceControl: nativeRelease nativeObject e[499038036512]
02-05 17:40:48.521   789   834 I SurfaceFlinger: id=79468 createSurf (0x0),-1 flag=24000, Surface(name=b29f82b NavigationBar0)/@0x8634759 - animation-leash#0
02-05 17:40:48.523  1163  3940 W WindowManager: lockNow pending, ignore updating lockscreen timeout
02-05 17:40:48.523   789   835 I Layer   : id=79463 removeFromCurrentState Surface(name=8c655e2 StatusBar)/@0x44a9b07 - animation-leash#0 (181)
02-05 17:40:48.523   789   835 I Layer   : id=79464 removeFromCurrentState Surface(name=b29f82b NavigationBar0)/@0x8634759 - animation-leash#1 (181)
02-05 17:40:48.527 15500 15500 D LifecycleMonitor: Lifecycle status change: androidx.test.core.app.InstrumentationActivityInvoker$EmptyActivity@f876b70 in: PRE_ON_CREATE
02-05 17:40:48.527 15500 15500 D LifecycleMonitor: running callback: androidx.test.core.app.ActivityScenario$1@ebb2b9a
02-05 17:40:48.527 15500 15500 V ActivityScenario: Activity lifecycle changed event received but ignored because the intent does not match. startActivityIntent=Intent { act=android.intent.action.MAIN cat=[android.intent.category.LAUNCHER] cmp=com.example.dogglers/.MainActivity }, activity.getIntent()=Intent { act=android.intent.action.MAIN cat=[android.intent.category.LAUNCHER] flg=0x10000000 cmp=com.example.dogglers/androidx.test.core.app.InstrumentationActivityInvoker$EmptyActivity }, activity=androidx.test.core.app.InstrumentationActivityInvoker$EmptyActivity@f876b70
02-05 17:40:48.527 15500 15500 D LifecycleMonitor: callback completes: androidx.test.core.app.ActivityScenario$1@ebb2b9a
02-05 17:40:48.528  1163  3940 I SurfaceControl: nativeRelease nativeObject s[496884988000]
02-05 17:40:48.528  1163  3940 I SurfaceControl: nativeRelease nativeObject e[496884988000]
02-05 17:40:48.528   789   835 I SurfaceFlinger: id=79469 createSurf (0x0),-1 flag=24004, Surface(name=dbf3b45 InputMethod)/@0xf70bba8 - animation-leash#1
02-05 17:40:48.531   789  1273 I Layer   : id=79446 removeFromCurrentState Surface(name=dbf3b45 InputMethod)/@0xf70bba8 - animation-leash#0 (182)
02-05 17:40:48.532 15500 15500 I DecorView: [INFO] isPopOver=false, config=true
02-05 17:40:48.532 15500 15500 I DecorView: updateCaptionType >> DecorView@5e8876e[], isFloating=false, isApplication=true, hasWindowDecorCaption=false, hasWindowControllerCallback=true
02-05 17:40:48.532 15500 15500 D DecorView: setCaptionType = 0, this = DecorView@5e8876e[]
02-05 17:40:48.532  2003  2003 I SurfaceControl: nativeRelease nativeObject s[499183210208]
02-05 17:40:48.532  2003  2003 I SurfaceControl: nativeRelease nativeObject e[499183210208]
02-05 17:40:48.534 15500 15500 D LifecycleMonitor: Lifecycle status change: androidx.test.core.app.InstrumentationActivityInvoker$EmptyActivity@f876b70 in: CREATED
02-05 17:40:48.534 15500 15500 D LifecycleMonitor: running callback: androidx.test.core.app.ActivityScenario$1@ebb2b9a
02-05 17:40:48.534 15500 15500 V ActivityScenario: Activity lifecycle changed event received but ignored because the intent does not match. startActivityIntent=Intent { act=android.intent.action.MAIN cat=[android.intent.category.LAUNCHER] cmp=com.example.dogglers/.MainActivity }, activity.getIntent()=Intent { act=android.intent.action.MAIN cat=[android.intent.category.LAUNCHER] flg=0x10000000 cmp=com.example.dogglers/androidx.test.core.app.InstrumentationActivityInvoker$EmptyActivity }, activity=androidx.test.core.app.InstrumentationActivityInvoker$EmptyActivity@f876b70
02-05 17:40:48.534 15500 15500 D LifecycleMonitor: callback completes: androidx.test.core.app.ActivityScenario$1@ebb2b9a
02-05 17:40:48.535   789   789 D SurfaceFlinger: Display 21442653864348033 HWC layers:
02-05 17:40:48.535   789   789 D SurfaceFlinger:      DEVICE | 0x7428c3e940 | 0002 | RGBA_8888    |    0.0    0.0 1080.0 2400.0 |    0    0 1080 2400 | com.example.dogglers/com.example.dogglers.MainActivity$_15500#0
02-05 17:40:48.535   789   789 D SurfaceFlinger:      DEVICE | 0x74084ffc00 | 0002 | RGBA_8888    |    0.0    0.0 1080.0 2400.0 |    0    0 1080 2400 | Splash Screen com.example.dogglers#0
02-05 17:40:48.535   789   789 D SurfaceFlinger:      DEVICE | 0x7428c3e6c0 | 0000 | RGBA_8888    |    0.0    0.0 1080.0   88.0 |    0    0 1080   88 | StatusBar$_1680#0
02-05 17:40:48.535   789   789 D SurfaceFlinger:      DEVICE | 0x7428c3ea80 | 0000 | RGBA_8888    |    0.0    0.0 1080.0  144.0 |    0 2256 1080 2400 | NavigationBar0$_1680#0
02-05 17:40:48.535   789   789 D SurfaceFlinger:      DEVICE | 0x7408191180 | 0000 | RGBA_8888    |    0.0    0.0 1080.0  125.0 |    0    0 1080  125 | ScreenDecorOverlay$_1680#0
02-05 17:40:48.535   789   789 D SurfaceFlinger:      DEVICE | 0x7428c3f480 | 0000 | RGBA_8888    |    0.0    0.0 1080.0  112.0 |    0 2288 1080 2400 | ScreenDecorOverlayBottom$_1680#0
02-05 17:40:48.535   789   789 D SurfaceFlinger:
02-05 17:40:48.536 15500 15500 D LifecycleMonitor: Lifecycle status change: androidx.test.core.app.InstrumentationActivityInvoker$EmptyActivity@f876b70 in: STARTED
02-05 17:40:48.536 15500 15500 D LifecycleMonitor: running callback: androidx.test.core.app.ActivityScenario$1@ebb2b9a
02-05 17:40:48.536  3640  3640 I GoogleInputMethodService: GoogleInputMethodService.onFinishInput():3316
02-05 17:40:48.536 15500 15500 V ActivityScenario: Activity lifecycle changed event received but ignored because the intent does not match. startActivityIntent=Intent { act=android.intent.action.MAIN cat=[android.intent.category.LAUNCHER] cmp=com.example.dogglers/.MainActivity }, activity.getIntent()=Intent { act=android.intent.action.MAIN cat=[android.intent.category.LAUNCHER] flg=0x10000000 cmp=com.example.dogglers/androidx.test.core.app.InstrumentationActivityInvoker$EmptyActivity }, activity=androidx.test.core.app.InstrumentationActivityInvoker$EmptyActivity@f876b70
02-05 17:40:48.536 15500 15500 D LifecycleMonitor: callback completes: androidx.test.core.app.ActivityScenario$1@ebb2b9a
02-05 17:40:48.537  3640  3640 I GoogleInputMethodService: GoogleInputMethodService.updateDeviceLockedStatus():2181 checkRepeatedly = false, unlocked = true
02-05 17:40:48.537  3640  3640 D InputMethodService: checkDisplayOfStartInputAndUpdateKeyboard display Id 0last 0
02-05 17:40:48.537  3640  3640 I GoogleInputMethodService: GoogleInputMethodService.onStartInput():1989
02-05 17:40:48.537 15500 15500 D LifecycleMonitor: Lifecycle status change: androidx.test.core.app.InstrumentationActivityInvoker$EmptyActivity@f876b70 in: RESUMED
02-05 17:40:48.537 15500 15500 D LifecycleMonitor: running callback: androidx.test.core.app.ActivityScenario$1@ebb2b9a
02-05 17:40:48.538 15500 15500 V ActivityScenario: Activity lifecycle changed event received but ignored because the intent does not match. startActivityIntent=Intent { act=android.intent.action.MAIN cat=[android.intent.category.LAUNCHER] cmp=com.example.dogglers/.MainActivity }, activity.getIntent()=Intent { act=android.intent.action.MAIN cat=[android.intent.category.LAUNCHER] flg=0x10000000 cmp=com.example.dogglers/androidx.test.core.app.InstrumentationActivityInvoker$EmptyActivity }, activity=androidx.test.core.app.InstrumentationActivityInvoker$EmptyActivity@f876b70
02-05 17:40:48.538 15500 15500 D LifecycleMonitor: callback completes: androidx.test.core.app.ActivityScenario$1@ebb2b9a
02-05 17:40:48.538  3640  3640 I GoogleInputMethodService: GoogleInputMethodService.updateDeviceLockedStatus():2181 checkRepeatedly = true, unlocked = true
02-05 17:40:48.539  1163  1244 I ActivityTaskManager: Displayed com.example.dogglers/.MainActivity: +326ms
02-05 17:40:48.539  2669  2669 E pageboostd: Received HALT command code 2
02-05 17:40:48.540  1163  3940 D InputTransport: Input channel constructed: '141c172', fd=888
02-05 17:40:48.540  1163  3940 D InputTransport: Input channel constructed: '141c172', fd=915
02-05 17:40:48.540   789  1273 I SurfaceFlinger: id=79470 createSurf (0x0),-1 flag=80004, 141c172 com.example.dogglers/androidx.test.core.app.InstrumentationActivityInvoker$EmptyActivity#0
02-05 17:40:48.541  1163  3940 D WindowManager: isScreenshotDisabledLocked - win: Window{141c172 u0 com.example.dogglers/androidx.test.core.app.InstrumentationActivityInvoker$EmptyActivity}
02-05 17:40:48.541  1163  3940 D WindowManager: isScreenshotDisabledLocked: userId = 0, disabled =false
02-05 17:40:48.541  1163  3940 D InputTransport: Input channel destroyed: '141c172', fd=915
02-05 17:40:48.541 15500 15500 D InputTransport: Input channel constructed: '141c172', fd=95
02-05 17:40:48.542 15500 15500 I ViewRootImpl@896b0a5[InstrumentationActivityInvoker$EmptyActivity]: setView = com.android.internal.policy.DecorView@5e8876e TM=true
02-05 17:40:48.543 15500 15500 I SurfaceControl: nativeRelease nativeObject s[501729020480]
02-05 17:40:48.543 15500 15500 I SurfaceControl: nativeRelease nativeObject e[501729020480]
02-05 17:40:48.543 15500 15500 I SurfaceControl: nativeRelease nativeObject s[501729021536]
02-05 17:40:48.543 15500 15500 I SurfaceControl: nativeRelease nativeObject e[501729021536]
02-05 17:40:48.543   789  1273 I SurfaceFlinger: id=79464 Removed Surface(name=b29f82b NavigationBar0)/@0x8634759 - animation-leash#1 (183)
02-05 17:40:48.543   789   835 I SurfaceFlinger: id=79463 Removed Surface(name=8c655e2 StatusBar)/@0x44a9b07 - animation-leash#0 (183)
02-05 17:40:48.546  1163  3944 V WindowManager: Relayout Window{141c172 u0 com.example.dogglers/androidx.test.core.app.InstrumentationActivityInvoker$EmptyActivity}: viewVisibility=0 req=1080x2400
02-05 17:40:48.547  1163  3944 W WindowManager: lockNow pending, ignore updating lockscreen timeout
02-05 17:40:48.547   789   789 I Layer   : id=79463[1] Destroyed Surface(name=8c655e2 StatusBar)/@0x44a9b07 - animation-leash#0
02-05 17:40:48.547   789   789 I Layer   : id=79464[1] Destroyed Surface(name=b29f82b NavigationBar0)/@0x8634759 - animation-leash#1
02-05 17:40:48.548  1163  3944 D WindowManager: isScreenshotDisabledLocked - win: Window{141c172 u0 com.example.dogglers/androidx.test.core.app.InstrumentationActivityInvoker$EmptyActivity}
02-05 17:40:48.548  1163  3944 D WindowManager: isScreenshotDisabledLocked: userId = 0, disabled =false
02-05 17:40:48.548  1163  3939 I InputDispatcher: Focus left window (15500): 1c013e2 in display 0 0
02-05 17:40:48.548   789  1272 I SurfaceFlinger: id=79471 createSurf (1080x2400),1 flag=404, com.example.dogglers/androidx.test.core.app.InstrumentationActivityInvoker$EmptyActivity$_15500#0
02-05 17:40:48.549  1163  3944 I SurfaceControl: nativeRelease nativeObject s[496871101728]
02-05 17:40:48.549  1163  3944 I SurfaceControl: nativeRelease nativeObject e[496871101728]
02-05 17:40:48.549   789   835 I SurfaceFlinger: id=79472 createSurf (0x0),-1 flag=24000, Surface(name=8c655e2 StatusBar)/@0x44a9b07 - animation-leash#0
02-05 17:40:48.550  1163  3944 I SurfaceControl: nativeRelease nativeObject s[496871101536]
02-05 17:40:48.550  1163  3944 I SurfaceControl: nativeRelease nativeObject e[496871101536]
02-05 17:40:48.550   789  2265 I SurfaceFlinger: id=79473 createSurf (0x0),-1 flag=24000, Surface(name=b29f82b NavigationBar0)/@0x8634759 - animation-leash#1
02-05 17:40:48.550  1163  3944 V WindowManager: Relayout hash=141c172, pid=15500: mAttrs={(0,0)(fillxfill) sim={adjust=pan forwardNavigation} ty=BASE_APPLICATION wanim=0x1030001
02-05 17:40:48.550  1163  3944 V WindowManager:   fl=1810100
02-05 17:40:48.550  1163  3944 V WindowManager:   pfl=12020000
02-05 17:40:48.550  1163  3944 V WindowManager:   fitSides= naviIconColor=0}
02-05 17:40:48.550  1163  3944 I SurfaceControl: nativeRelease nativeObject s[497153784160]
02-05 17:40:48.550  1163  3944 I SurfaceControl: nativeRelease nativeObject e[497153784160]
02-05 17:40:48.551   789  2265 I Layer   : id=79468 removeFromCurrentState Surface(name=b29f82b NavigationBar0)/@0x8634759 - animation-leash#0 (184)
02-05 17:40:48.551   789  2265 I Layer   : id=21 removeFromCurrentState b29f82b NavigationBar0#0 (184)
02-05 17:40:48.551   789  2265 I Layer   : id=28 removeFromCurrentState NavigationBar0$_1680#0 (184)
02-05 17:40:48.551   789  2265 I Layer   : id=79467 removeFromCurrentState Surface(name=8c655e2 StatusBar)/@0x44a9b07 - animation-leash#1 (184)
02-05 17:40:48.551   789  2265 I Layer   : id=21 addToCurrentState b29f82b NavigationBar0#0 (184)
02-05 17:40:48.551   789  2265 I Layer   : id=28 addToCurrentState NavigationBar0$_1680#0 (184)
02-05 17:40:48.551  1163  1240 I SurfaceControl: nativeRelease nativeObject s[496871102688]
02-05 17:40:48.551  1163  1240 I SurfaceControl: nativeRelease nativeObject e[496871102688]
02-05 17:40:48.551  1163  1240 I SurfaceControl: nativeRelease nativeObject s[496871102976]
02-05 17:40:48.551  1163  1240 I SurfaceControl: nativeRelease nativeObject e[496871102976]
02-05 17:40:48.551 15500 15500 I SurfaceControl: assignNativeObject: nativeObject = 0 Surface(name=null)/@0x699ac7a / android.view.SurfaceControl.readFromParcel:1117 android.view.IWindowSession$Stub$Proxy.relayout:1820 android.view.ViewRootImpl.relayoutWindow:9005 android.view.ViewRootImpl.performTraversals:3360 android.view.ViewRootImpl.doTraversal:2618 android.view.ViewRootImpl$TraversalRunnable.run:9971 android.view.Choreographer$CallbackRecord.run:1010 android.view.Choreographer.doCallbacks:809 android.view.Choreographer.doFrame:744 android.view.Choreographer$FrameDisplayEventReceiver.run:995
02-05 17:40:48.551   789  1272 I Layer   : id=79453 removeFromCurrentState Splash Screen com.example.dogglers#0 (184)
02-05 17:40:48.551  1163  1240 I SurfaceControl: nativeRelease nativeObject s[496867017920]
02-05 17:40:48.551  1163  1240 I SurfaceControl: nativeRelease nativeObject e[496867017920]
02-05 17:40:48.552 15500 15500 I ViewRootImpl@896b0a5[InstrumentationActivityInvoker$EmptyActivity]: Relayout returned: old=(0,0,1080,2400) new=(0,0,1080,2400) req=(1080,2400)0 dur=5 res=0x7 s={true 499016683520} ch=true fn=-1
02-05 17:40:48.552  1163  1240 W WindowManager: lockNow pending, ignore updating lockscreen timeout
02-05 17:40:48.552   789   834 I Layer   : id=79452 removeFromCurrentState e8c5cb1 Splash Screen com.example.dogglers#0 (184)
02-05 17:40:48.552   789   834 I Layer   : id=79465 removeFromCurrentState Surface(name=e8c5cb1 Splash Screen com.example.dogglers)/@0xfd9621e - animation-leash#0 (184)
02-05 17:40:48.552   789   834 I SurfaceFlinger: id=79452 Removed e8c5cb1 Splash Screen com.example.dogglers#0 (184)
02-05 17:40:48.553   789   834 I SurfaceFlinger: id=79465 Removed Surface(name=e8c5cb1 Splash Screen com.example.dogglers)/@0xfd9621e - animation-leash#0 (184)
02-05 17:40:48.553   789  1272 I SurfaceFlinger: id=79453 Removed Splash Screen com.example.dogglers#0 (184)
02-05 17:40:48.553 15500 15565 I mali_winsys: new_window_surface() [1080x2400] return: 0x3000
02-05 17:40:48.553   716   953 D gralloc : [mali_gralloc_allocate] begin
02-05 17:40:48.553   716   953 D gralloc : buffer_descriptor: wh(1080 2400) usage_pc(0x40000000000b00 0x40000000000b00) hal_format(0x1) layer_count(1) sizes(0 0 0) strde(0) byte_stride(0) alloc_wh(0 0) internal_format(0x0) alloc_format(0x0) fd_count(1) plane_count(0)
02-05 17:40:48.553 15500 15500 I ViewRootImpl@896b0a5[InstrumentationActivityInvoker$EmptyActivity]: [DP] dp(1) 1 android.view.ViewRootImpl.reportNextDraw:10957 android.view.ViewRootImpl.performTraversals:3845 android.view.ViewRootImpl.doTraversal:2618
02-05 17:40:48.554 15500 15500 I ViewRootImpl@896b0a5[InstrumentationActivityInvoker$EmptyActivity]: [DP] pd() Asnyc report
02-05 17:40:48.555  1163  1240 I SurfaceControl: nativeRelease nativeObject s[499038036512]
02-05 17:40:48.555  1163  1240 I SurfaceControl: nativeRelease nativeObject e[499038036512]
02-05 17:40:48.555  1163  1240 I SurfaceControl: nativeRelease nativeObject s[499038036416]
02-05 17:40:48.555  1163  1240 I SurfaceControl: nativeRelease nativeObject e[499038036416]
02-05 17:40:48.555   789   834 I SurfaceFlinger: id=79468 Removed Surface(name=b29f82b NavigationBar0)/@0x8634759 - animation-leash#0 (184)
02-05 17:40:48.555   789  1272 I SurfaceFlinger: id=79467 Removed Surface(name=8c655e2 StatusBar)/@0x44a9b07 - animation-leash#1 (184)
02-05 17:40:48.557   716   953 D gralloc : [mali_gralloc_allocate] allocation successful
02-05 17:40:48.557   716   953 D gralloc : [mali_gralloc_allocate] begin
02-05 17:40:48.557   716   953 D gralloc : buffer_descriptor: wh(1080 2400) usage_pc(0x40000000000b00 0x40000000000b00) hal_format(0x1) layer_count(1) sizes(0 0 0) strde(0) byte_stride(0) alloc_wh(0 0) internal_format(0x0) alloc_format(0x0) fd_count(1) plane_count(0)
02-05 17:40:48.561   716   953 D gralloc : [mali_gralloc_allocate] allocation successful
02-05 17:40:48.561   716   957 D gralloc : [mali_gralloc_allocate] begin
02-05 17:40:48.561   716   957 D gralloc : buffer_descriptor: wh(1080 2400) usage_pc(0x40000000000b00 0x40000000000b00) hal_format(0x1) layer_count(1) sizes(0 0 0) strde(0) byte_stride(0) alloc_wh(0 0) internal_format(0x0) alloc_format(0x0) fd_count(1) plane_count(0)
02-05 17:40:48.564   716   957 D gralloc : [mali_gralloc_allocate] allocation successful
02-05 17:40:48.564   789   789 I Layer   : id=79465[1] Destroyed Surface(name=e8c5cb1 Splash Screen com.example.dogglers)/@0xfd9621e - animation-leash#0
02-05 17:40:48.564   789   789 I Layer   : id=79452[1] Destroyed e8c5cb1 Splash Screen com.example.dogglers#0
02-05 17:40:48.564   789   789 I Layer   : id=79467[1] Destroyed Surface(name=8c655e2 StatusBar)/@0x44a9b07 - animation-leash#1
02-05 17:40:48.564   789   789 I Layer   : id=79468[1] Destroyed Surface(name=b29f82b NavigationBar0)/@0x8634759 - animation-leash#0
02-05 17:40:48.566   916   916 I keystore: !@ reading blob user_0/10231_USRPKEY_gmphn_model_key_1000003_1
02-05 17:40:48.567   789   789 I Layer   : id=79453[1] Destroyed Splash Screen com.example.dogglers#0
02-05 17:40:48.568   789   789 D SurfaceFlinger: Display 21442653864348033 HWC layers:
02-05 17:40:48.568   789   789 D SurfaceFlinger:      DEVICE | 0x7428c3e940 | 0002 | RGBA_8888    |    0.0    0.0 1080.0 2400.0 |    0    0 1080 2400 | com.example.dogglers/com.example.dogglers.MainActivity$_15500#0
02-05 17:40:48.568   789   789 D SurfaceFlinger:      DEVICE | 0x7428c3e6c0 | 0000 | RGBA_8888    |    0.0    0.0 1080.0   88.0 |    0    0 1080   88 | StatusBar$_1680#0
02-05 17:40:48.568   789   789 D SurfaceFlinger:      DEVICE | 0x7428c3ea80 | 0000 | RGBA_8888    |    0.0    0.0 1080.0  144.0 |    0 2256 1080 2400 | NavigationBar0$_1680#0
02-05 17:40:48.568   789   789 D SurfaceFlinger:      DEVICE | 0x7408191180 | 0000 | RGBA_8888    |    0.0    0.0 1080.0  125.0 |    0    0 1080  125 | ScreenDecorOverlay$_1680#0
02-05 17:40:48.568   789   789 D SurfaceFlinger:      DEVICE | 0x7428c3f480 | 0000 | RGBA_8888    |    0.0    0.0 1080.0  112.0 |    0 2288 1080 2400 | ScreenDecorOverlayBottom$_1680#0
02-05 17:40:48.568   789   789 D SurfaceFlinger:
02-05 17:40:48.570   916   916 I keystore: !@ Start - USRPKEY_gmphn_model_key_1000003_1 from uid 10231 for uid 10231, isKnoxKey(0)
02-05 17:40:48.570   916   916 I keystore: !@ reading blob user_0/10231_USRPKEY_gmphn_model_key_1000003_1
02-05 17:40:48.572   532   532 W keymaster_tee: [WRN]begin req PARAMS: A32 B32 P1
02-05 17:40:48.575 15500 15500 I ViewRootImpl@896b0a5[InstrumentationActivityInvoker$EmptyActivity]: [DP] pdf(0) 1 android.view.ViewRootImpl.lambda$performDraw$1$ViewRootImpl:4668 android.view.-$$Lambda$ViewRootImpl$DJd0VUYJgsebcnSohO6h8zc_ONI.run:6 android.os.Handler.handleCallback:938
02-05 17:40:48.575 15500 15500 I ViewRootImpl@896b0a5[InstrumentationActivityInvoker$EmptyActivity]: [DP] rdf()
02-05 17:40:48.576  1163  1240 W WindowManager: lockNow pending, ignore updating lockscreen timeout
02-05 17:40:48.576  1163  3940 D SamsungIMMSHWKeyboard: isConnectedDexOnPC false
02-05 17:40:48.577 15500 15500 I ViewRootImpl@fee2ce6[MainActivity]: MSG_WINDOW_FOCUS_CHANGED 0 1
02-05 17:40:48.578  1163  1240 D PkgPredictorService: pkg:com.example.dogglers activity:androidx.test.core.app.InstrumentationActivityInvoker$EmptyActivity thisTime:65
02-05 17:40:48.578  1163  1244 I ActivityTaskManager: Displayed com.example.dogglers/androidx.test.core.app.InstrumentationActivityInvoker$EmptyActivity: +65ms
02-05 17:40:48.579  1163  1240 W WindowManager: lockNow pending, ignore updating lockscreen timeout
02-05 17:40:48.579  2669  2669 E pageboostd: Received HALT command code 2
02-05 17:40:48.580  1163  3940 D InputMethodManagerService: isImeSwitcherDisabledPackage : false
02-05 17:40:48.582  1163  1796 I InputDispatcher: Focus entered window (15500): 141c172 in display 0 0
02-05 17:40:48.582 15500 15565 I mali_egl: eglDestroySurface() in
02-05 17:40:48.583  1163  1240 I SemDvfsHyPerManager: acquire hyper - AMS_RESUME_TAIL/1163@22, type = -999
02-05 17:40:48.583  1163  1240 I SemDvfsHyPerManager: acquire hyper - AMS_ACT_LAZY/1163@23, type = -999
02-05 17:40:48.583   726   817 I HYPER-HAL: [RequestManager.cpp]acquire(): Acquired ID : 702727  [1163 / 22]    HINT : AMS_RESUME_TAIL    list :
02-05 17:40:48.583   726   817 I HYPER-HAL: [ResourceManager.cpp]updateResource(): [CPUMinFreq] UpdateResource Request ID : 702727    Value : 1844882
02-05 17:40:48.583   726   817 I HYPER-HAL: [RequestManager.cpp]acquire(): Acquired ID : 703914  [1163 / 23]    HINT :      list :
02-05 17:40:48.584   726   817 E HYPER-HAL: [Request.cpp]acquire(): Request:: id : 703914, No Resource to set
02-05 17:40:48.584   726   817 I HYPER-HAL: [ResourceManager.cpp]removeResource(): [CPUMinFreq] RemoveResource Request ID : 700356
02-05 17:40:48.584   726   817 I HYPER-HAL: [RequestManager.cpp]releaseLocked(): Released ID : 700356
02-05 17:40:48.584 15500 15565 I mali_winsys: delete_surface() [1080x2400] return
02-05 17:40:48.584 15500 15565 I mali_egl: eglDestroySurface() out
02-05 17:40:48.584   789  1273 E BufferQueueProducer: [com.example.dogglers/com.example.dogglers.MainActivity$_15500#0](id:3150000369f,api:0,p:-1,c:789) disconnect: not connected (req=1)
02-05 17:40:48.584 15500 15565 W libEGL  : EGLNativeWindowType 0x742fad2010 disconnect failed
02-05 17:40:48.584   789   789 D SurfaceFlinger: Display 21442653864348033 HWC layers:
02-05 17:40:48.584   789   789 D SurfaceFlinger:      DEVICE | 0x74081908c0 | 0002 | RGBA_8888    |    0.0    0.0 1080.0 2400.0 |    0    0 1080 2400 | com.example.dogglers/androidx.test.c[...]tivityInvoker$EmptyActivity$_15500#0
02-05 17:40:48.584   789   789 D SurfaceFlinger:      DEVICE | 0x7428c3e6c0 | 0000 | RGBA_8888    |    0.0    0.0 1080.0   88.0 |    0    0 1080   88 | StatusBar$_1680#0
02-05 17:40:48.584   789   789 D SurfaceFlinger:      DEVICE | 0x7428c3ea80 | 0000 | RGBA_8888    |    0.0    0.0 1080.0  144.0 |    0 2256 1080 2400 | NavigationBar0$_1680#0
02-05 17:40:48.584   789   789 D SurfaceFlinger:      DEVICE | 0x7408191180 | 0000 | RGBA_8888    |    0.0    0.0 1080.0  125.0 |    0    0 1080  125 | ScreenDecorOverlay$_1680#0
02-05 17:40:48.584   789   789 D SurfaceFlinger:      DEVICE | 0x7428c3f480 | 0000 | RGBA_8888    |    0.0    0.0 1080.0  112.0 |    0 2288 1080 2400 | ScreenDecorOverlayBottom$_1680#0
02-05 17:40:48.584   789   789 D SurfaceFlinger:
02-05 17:40:48.585  1163  1796 V WindowManager: Relayout Window{1c013e2 u0 com.example.dogglers/com.example.dogglers.MainActivity}: viewVisibility=8 req=1080x2400
02-05 17:40:48.585  1163  1796 W WindowManager: lockNow pending, ignore updating lockscreen timeout
02-05 17:40:48.586  1163  1796 V WindowManager: Relayout hash=1c013e2, pid=15500: mAttrs={(0,0)(fillxfill) sim={adjust=pan forwardNavigation} ty=BASE_APPLICATION wanim=0x1030304
02-05 17:40:48.586  1163  1796 V WindowManager:   fl=81810100
02-05 17:40:48.586  1163  1796 V WindowManager:   pfl=12020000
02-05 17:40:48.586  1163  1796 V WindowManager:   fitSides= naviIconColor=0}
02-05 17:40:48.587 15500 15500 I SurfaceControl: nativeRelease nativeObject s[499014697120]
02-05 17:40:48.587 15500 15500 I SurfaceControl: nativeRelease nativeObject e[499014697120]
02-05 17:40:48.587  1163  1240 W WindowManager: lockNow pending, ignore updating lockscreen timeout
02-05 17:40:48.587 15500 15500 I SurfaceControl: assignNativeObject: nativeObject = 0 Surface(name=null)/@0x3d93888 / android.view.SurfaceControl.readFromParcel:1117 android.view.IWindowSession$Stub$Proxy.relayout:1810 android.view.ViewRootImpl.relayoutWindow:9005 android.view.ViewRootImpl.performTraversals:3360 android.view.ViewRootImpl.doTraversal:2618 android.view.ViewRootImpl$TraversalRunnable.run:9971 android.view.Choreographer$CallbackRecord.run:1010 android.view.Choreographer.doCallbacks:809 android.view.Choreographer.doFrame:744 android.view.Choreographer$FrameDisplayEventReceiver.run:995
02-05 17:40:48.587 15500 15500 I SurfaceControl: assignNativeObject: nativeObject = 0 Surface(name=null)/@0xbb05035 / android.view.SurfaceControl.readFromParcel:1117 android.view.IWindowSession$Stub$Proxy.relayout:1820 android.view.ViewRootImpl.relayoutWindow:9005 android.view.ViewRootImpl.performTraversals:3360 android.view.ViewRootImpl.doTraversal:2618 android.view.ViewRootImpl$TraversalRunnable.run:9971 android.view.Choreographer$CallbackRecord.run:1010 android.view.Choreographer.doCallbacks:809 android.view.Choreographer.doFrame:744 android.view.Choreographer$FrameDisplayEventReceiver.run:995
02-05 17:40:48.588 15500 15500 I SurfaceControl: nativeRelease nativeObject s[501729021632]
02-05 17:40:48.588 15500 15500 I SurfaceControl: nativeRelease nativeObject e[501729021632]
02-05 17:40:48.588 15500 15500 I ViewRootImpl@fee2ce6[MainActivity]: Relayout returned: old=(0,0,1080,2400) new=(0,0,1080,2400) req=(1080,2400)8 dur=3 res=0x5 s={false 0} ch=true fn=4
02-05 17:40:48.590 15500 15500 I ViewRootImpl@896b0a5[InstrumentationActivityInvoker$EmptyActivity]: MSG_WINDOW_FOCUS_CHANGED 1 1
02-05 17:40:48.590 15500 15500 D InputMethodManager: prepareNavigationBarInfo() DecorView@5e8876e[InstrumentationActivityInvoker$EmptyActivity]
02-05 17:40:48.590 15500 15500 D InputMethodManager: getNavigationBarColor() -16711423
02-05 17:40:48.590 15500 15500 D InputMethodManager: prepareNavigationBarInfo() DecorView@5e8876e[InstrumentationActivityInvoker$EmptyActivity]
02-05 17:40:48.590 15500 15500 D InputMethodManager: getNavigationBarColor() -16711423
02-05 17:40:48.590 15500 15500 V InputMethodManager: Starting input: tba=com.example.dogglers ic=null mNaviBarColor -16711423 mIsGetNaviBarColorSuccess true , NavVisible : true , NavTrans : false
02-05 17:40:48.590 15500 15500 D InputMethodManager: startInputInner - Id : 0
02-05 17:40:48.590 15500 15500 I InputMethodManager: startInputInner - mService.startInputOrWindowGainedFocus
02-05 17:40:48.591  1163  3935 D InputMethodManagerService: mSecureKeypadEnabled = false
02-05 17:40:48.591  1163  3935 V InputMethodManagerService: hideCurrentInputLocked : shouldHideSoftInput is false
02-05 17:40:48.591  1163  3935 D InputMethodManagerService: DESKTOP MODE! : 2
02-05 17:40:48.591  1163  3935 D InputMethodManagerService: NOT IN KNOX DESKTOP MODE!
02-05 17:40:48.591  1163  3935 V InputMethodManagerService: getDisplayIdOfInputMethodWindowToBeAdded : 0
02-05 17:40:48.591  1163  3935 D InputMethodManagerService: checkDisplayOfStartInputAndUpdateKeyboard display Id 0last 0
02-05 17:40:48.591  1163  3935 D InputTransport: Input channel constructed: 'ClientS', fd=915
02-05 17:40:48.591  1163  3935 D InputTransport: Input channel destroyed: 'ClientS', fd=915
02-05 17:40:48.591 15500 15500 D InputTransport: Input channel constructed: 'ClientS', fd=91
02-05 17:40:48.591 15500 15500 D InputTransport: Input channel destroyed: 'ClientS', fd=92
02-05 17:40:48.591 15500 15500 D LifecycleMonitor: Lifecycle status change: androidx.test.core.app.InstrumentationActivityInvoker$BootstrapActivity@ba03845 in: STOPPED
02-05 17:40:48.592 15500 15500 D LifecycleMonitor: running callback: androidx.test.core.app.ActivityScenario$1@ebb2b9a
02-05 17:40:48.592 15500 15500 V ActivityScenario: Activity lifecycle changed event received but ignored because the intent does not match. startActivityIntent=Intent { act=android.intent.action.MAIN cat=[android.intent.category.LAUNCHER] cmp=com.example.dogglers/.MainActivity }, activity.getIntent()=Intent { act=android.intent.action.MAIN cat=[android.intent.category.LAUNCHER] flg=0x10008000 cmp=com.example.dogglers/androidx.test.core.app.InstrumentationActivityInvoker$BootstrapActivity (has extras) }, activity=androidx.test.core.app.InstrumentationActivityInvoker$BootstrapActivity@ba03845
02-05 17:40:48.592 15500 15500 D LifecycleMonitor: callback completes: androidx.test.core.app.ActivityScenario$1@ebb2b9a
02-05 17:40:48.593 15500 15500 D LifecycleMonitor: Lifecycle status change: androidx.test.core.app.InstrumentationActivityInvoker$BootstrapActivity@ba03845 in: DESTROYED
02-05 17:40:48.593 15500 15500 D LifecycleMonitor: running callback: androidx.test.core.app.ActivityScenario$1@ebb2b9a
02-05 17:40:48.594 15500 15500 V ActivityScenario: Activity lifecycle changed event received but ignored because the intent does not match. startActivityIntent=Intent { act=android.intent.action.MAIN cat=[android.intent.category.LAUNCHER] cmp=com.example.dogglers/.MainActivity }, activity.getIntent()=Intent { act=android.intent.action.MAIN cat=[android.intent.category.LAUNCHER] flg=0x10008000 cmp=com.example.dogglers/androidx.test.core.app.InstrumentationActivityInvoker$BootstrapActivity (has extras) }, activity=androidx.test.core.app.InstrumentationActivityInvoker$BootstrapActivity@ba03845
02-05 17:40:48.594 15500 15500 D LifecycleMonitor: callback completes: androidx.test.core.app.ActivityScenario$1@ebb2b9a
02-05 17:40:48.595  1163  3939 W WindowManager: lockNow pending, ignore updating lockscreen timeout
02-05 17:40:48.596  1163  3939 I SurfaceControl: nativeRelease nativeObject s[497153784352]
02-05 17:40:48.596  1163  3939 I SurfaceControl: nativeRelease nativeObject e[497153784352]
02-05 17:40:48.596  1163  3939 I SurfaceControl: nativeRelease nativeObject s[497153784256]
02-05 17:40:48.596  1163  3939 I SurfaceControl: nativeRelease nativeObject e[497153784256]
02-05 17:40:48.596  1163  3939 I SurfaceControl: nativeRelease nativeObject s[496871094624]
02-05 17:40:48.596  1163  3939 I SurfaceControl: nativeRelease nativeObject e[496871094624]
02-05 17:40:48.599 15500 15500 I ViewRootImpl@fee2ce6[MainActivity]: stopped(true) old=false
02-05 17:40:48.600  1163  2933 I SemDvfsHyPerManager: acquire hyper - AMS_ACT_START/1163@20, type = -999
02-05 17:40:48.600 15500 15500 D LifecycleMonitor: Lifecycle status change: com.example.dogglers.MainActivity@2dae79f in: STOPPED
02-05 17:40:48.600 15500 15500 D LifecycleMonitor: running callback: androidx.test.core.app.ActivityScenario$1@ebb2b9a
02-05 17:40:48.600   726   817 I HYPER-HAL: [RequestManager.cpp]acquire(): Acquired ID : 700356  [1163 / 20]    HINT : AMS_ACT_START    list :
02-05 17:40:48.600 15500 15500 V ActivityScenario: Update currentActivityStage to STOPPED, currentActivity=com.example.dogglers.MainActivity@2dae79f
02-05 17:40:48.600 15500 15500 D LifecycleMonitor: callback completes: androidx.test.core.app.ActivityScenario$1@ebb2b9a
02-05 17:40:48.600   726   817 I HYPER-HAL: [ResourceManager.cpp]updateResource(): [CPUMinFreq] UpdateResource Request ID : 700356    Value : 1930195
02-05 17:40:48.600   789   834 I SurfaceFlinger: id=79474 createSurf (0x0),-1 flag=80004, ActivityRecord{8fc3591 u0 com.example.dogglers/androidx.test.core.app.InstrumentationActivityInvoker$EmptyActivity t12724}#0
02-05 17:40:48.601 15500 15500 D LifecycleMonitor: Lifecycle status change: com.example.dogglers.MainActivity@2dae79f in: DESTROYED
02-05 17:40:48.601 15500 15500 D LifecycleMonitor: running callback: androidx.test.core.app.ActivityScenario$1@ebb2b9a
02-05 17:40:48.601 15500 15500 V ActivityScenario: Update currentActivityStage to DESTROYED, currentActivity=null
02-05 17:40:48.601 15500 15500 D LifecycleMonitor: callback completes: androidx.test.core.app.ActivityScenario$1@ebb2b9a
02-05 17:40:48.602 15500 15500 I ViewRootImpl@fee2ce6[MainActivity]: dispatchDetachedFromWindow
02-05 17:40:48.604  1163  2933 W WindowManager: lockNow pending, ignore updating lockscreen timeout
02-05 17:40:48.604   789   834 I Layer   : id=79451 removeFromCurrentState ActivityRecord{4f7329 u0 com.example.dogglers/androidx.test.core.app.InstrumentationActivityInvoker$BootstrapActivity t12724}#0 (180)
02-05 17:40:48.605   789   834 I Layer   : id=79460 removeFromCurrentState Surface(name=ActivityRecord{4f7329 u0 com.example.dogglers/androidx.test.core.app.InstrumentationActivityInvoker$BootstrapActivity t12724})/@0xd706af7 - animation-bounds#0 (180)
02-05 17:40:48.605   789   834 I Layer   : id=79457 removeFromCurrentState Surface(name=ActivityRecord{4f7329 u0 com.example.dogglers/androidx.test.core.app.InstrumentationActivityInvoker$BootstrapActivity t12724})/@0xd706af7 - animation-leash#0 (180)
02-05 17:40:48.605   789   834 I Layer   : id=79457 removeFromCurrentState Surface(name=ActivityRecord{4f7329 u0 com.example.dogglers/androidx.test.core.app.InstrumentationActivityInvoker$BootstrapActivity t12724})/@0xd706af7 - animation-leash#0 (180)
02-05 17:40:48.606   789   834 I SurfaceFlinger: id=79451 Removed ActivityRecord{4f7329 u0 com.example.dogglers/androidx.test.core.app.InstrumentationActivityInvoker$BootstrapActivity t12724}#0 (180)
02-05 17:40:48.606   789   834 I SurfaceFlinger: id=79460 Removed Surface(name=ActivityRecord{4f7329 u0 com.example.dogglers/androidx.test.core.app.InstrumentationActivityInvoker$BootstrapActivity t12724})/@0xd706af7 - animation-bounds#0 (180)
02-05 17:40:48.606   789  1273 I SurfaceFlinger: id=79457 Removed Surface(name=ActivityRecord{4f7329 u0 com.example.dogglers/androidx.test.core.app.InstrumentationActivityInvoker$BootstrapActivity t12724})/@0xd706af7 - animation-leash#0 (180)
02-05 17:40:48.606  1163  2933 W WindowManager: lockNow pending, ignore updating lockscreen timeout
02-05 17:40:48.607  1163  3935 D InputTransport: Input channel destroyed: '1c013e2', fd=889
02-05 17:40:48.607  1163  3935 I SurfaceControl: nativeRelease nativeObject s[496871102496]
02-05 17:40:48.607  1163  3935 I SurfaceControl: nativeRelease nativeObject e[496871102496]
02-05 17:40:48.607  1163  3935 D WindowManager: isScreenshotDisabledLocked - win: Window{1c013e2 u0 com.example.dogglers/com.example.dogglers.MainActivity}
02-05 17:40:48.607  1163  3935 D WindowManager: isScreenshotDisabledLocked: userId = 0, disabled =false
02-05 17:40:48.607  1163  3935 I SurfaceControl: nativeRelease nativeObject s[496871100960]
02-05 17:40:48.607  1163  3935 I SurfaceControl: nativeRelease nativeObject e[496871100960]
02-05 17:40:48.607   789  1273 I SurfaceFlinger: id=79475 createSurf (0x0),-1 flag=24004, Surface(name=dbf3b45 InputMethod)/@0xf70bba8 - animation-leash#0
02-05 17:40:48.608  1163  3935 I SurfaceControl: nativeRelease nativeObject s[499183208192]
02-05 17:40:48.608  1163  3935 I SurfaceControl: nativeRelease nativeObject e[499183208192]
02-05 17:40:48.608   789  1272 I Layer   : id=79462 removeFromCurrentState com.example.dogglers/com.example.dogglers.MainActivity$_15500#0 (181)
02-05 17:40:48.609  1163  3935 W WindowManager: lockNow pending, ignore updating lockscreen timeout
02-05 17:40:48.609   789   834 I Layer   : id=79461 removeFromCurrentState 1c013e2 com.example.dogglers/com.example.dogglers.MainActivity#0 (181)
02-05 17:40:48.609   789   834 I Layer   : id=79469 removeFromCurrentState Surface(name=dbf3b45 InputMethod)/@0xf70bba8 - animation-leash#1 (181)
02-05 17:40:48.609 15500 15500 D InputTransport: Input channel destroyed: '1c013e2', fd=86
02-05 17:40:48.610   789  1272 I SurfaceFlinger: id=79462 Removed com.example.dogglers/com.example.dogglers.MainActivity$_15500#0 (181)
02-05 17:40:48.610   789   834 I SurfaceFlinger: id=79461 Removed 1c013e2 com.example.dogglers/com.example.dogglers.MainActivity#0 (181)
02-05 17:40:48.610  1163  1240 I SurfaceControl: nativeRelease nativeObject s[497153784448]
02-05 17:40:48.610  1163  1240 I SurfaceControl: nativeRelease nativeObject e[497153784448]
02-05 17:40:48.610 15500 15500 D LifecycleMonitor: Lifecycle status change: androidx.test.core.app.InstrumentationActivityInvoker$EmptyActivity@f876b70 in: PAUSED
02-05 17:40:48.610 15500 15500 D LifecycleMonitor: running callback: androidx.test.core.app.ActivityScenario$1@ebb2b9a
02-05 17:40:48.610  1163  2933 I SurfaceControl: nativeRelease nativeObject s[496871101632]
02-05 17:40:48.610  1163  2933 I SurfaceControl: nativeRelease nativeObject e[496871101632]
02-05 17:40:48.611 15500 15500 V ActivityScenario: Activity lifecycle changed event received but ignored because the intent does not match. startActivityIntent=Intent { act=android.intent.action.MAIN cat=[android.intent.category.LAUNCHER] cmp=com.example.dogglers/.MainActivity }, activity.getIntent()=Intent { act=android.intent.action.MAIN cat=[android.intent.category.LAUNCHER] flg=0x10000000 cmp=com.example.dogglers/androidx.test.core.app.InstrumentationActivityInvoker$EmptyActivity }, activity=androidx.test.core.app.InstrumentationActivityInvoker$EmptyActivity@f876b70
02-05 17:40:48.611 15500 15500 D LifecycleMonitor: callback completes: androidx.test.core.app.ActivityScenario$1@ebb2b9a
02-05 17:40:48.612  1163  3935 V WindowOrientationListener: getProposedRotation: 0
02-05 17:40:48.613  1163  3935 V WindowOrientationListener: getProposedRotation: 0
