02-05 17:40:57.995  2003  2003 W Launcher: onEnterAnimationComplete
02-05 17:40:58.000  1163  1259 D FastTrack: setFastTrackState: pid = 15500 ;tid= 15500 ;value= 0
02-05 17:40:58.001  1163  1259 D FastTrack: setFastTrackState: pid = 15500 ;tid= 15565 ;value= 0
02-05 17:40:58.003  1163  1237 D SehCodecSolutionService: Update top [com.sec.android.app.launcher]
02-05 17:40:58.003  1163  1237 E Native_CFMS: nativePerfMgrRemoveTask    Fail    tid : 15500    return : -1
02-05 17:40:58.008   789   789 E Layer   : [Surface(name=Task=12733)/@0xbefeb9c - animation-leash#1] No local sync point found
02-05 17:40:58.008   789   789 E Layer   : [Surface(name=Task=1)/@0x42bdb16 - animation-leash#1] No local sync point found
02-05 17:40:58.008 15500 15565 I mali_egl: eglDestroySurface() in
02-05 17:40:58.009   789  1273 I Layer   : id=79866 removeFromCurrentState Surface(name=WallpaperWindowToken{2cf7ea9 token=android.os.Binder@93cd856})/@0xc1aa2f7 - animation-leash#0 (198)
02-05 17:40:58.009 15500 15565 I mali_winsys: delete_surface() [1080x2400] return
02-05 17:40:58.009 15500 15565 I mali_egl: eglDestroySurface() out
02-05 17:40:58.009   789   834 E BufferQueueProducer: [com.example.dogglers/androidx.test.core.app.InstrumentationActivityInvoker$EmptyActivity$_15500#1](id:315000036d1,api:0,p:-1,c:789) disconnect: not connected (req=1)
02-05 17:40:58.009 15500 15565 W libEGL  : EGLNativeWindowType 0x73d8177010 disconnect failed
02-05 17:40:58.009  1163  1240 W WindowManager: lockNow pending, ignore updating lockscreen timeout
02-05 17:40:58.010   789  1272 I SurfaceFlinger: id=79866 Removed Surface(name=WallpaperWindowToken{2cf7ea9 token=android.os.Binder@93cd856})/@0xc1aa2f7 - animation-leash#0 (198)
02-05 17:40:58.010  1163  3944 V WindowManager: Relayout Window{e730d6d u0 com.example.dogglers/androidx.test.core.app.InstrumentationActivityInvoker$EmptyActivity}: viewVisibility=8 req=1080x2400
02-05 17:40:58.010  1163  3944 W WindowManager: lockNow pending, ignore updating lockscreen timeout
02-05 17:40:58.011  1163  3944 V WindowManager: Relayout hash=e730d6d, pid=15500: mAttrs={(0,0)(fillxfill) sim={adjust=pan forwardNavigation} ty=BASE_APPLICATION wanim=0x1030001
02-05 17:40:58.011  1163  3944 V WindowManager:   fl=1810100
02-05 17:40:58.011  1163  3944 V WindowManager:   pfl=12020000
02-05 17:40:58.011  1163  3944 V WindowManager:   fitSides= naviIconColor=0}
02-05 17:40:58.012 15500 15500 I SurfaceControl: nativeRelease nativeObject s[498994764512]
02-05 17:40:58.012 15500 15500 I SurfaceControl: nativeRelease nativeObject e[498994764512]
02-05 17:40:58.012 15500 15500 I SurfaceControl: assignNativeObject: nativeObject = 0 Surface(name=null)/@0x1ae018f / android.view.SurfaceControl.readFromParcel:1117 android.view.IWindowSession$Stub$Proxy.relayout:1810 android.view.ViewRootImpl.relayoutWindow:9005 android.view.ViewRootImpl.performTraversals:3360 android.view.ViewRootImpl.doTraversal:2618 android.view.ViewRootImpl$TraversalRunnable.run:9971 android.view.Choreographer$CallbackRecord.run:1010 android.view.Choreographer.doCallbacks:809 android.view.Choreographer.doFrame:744 android.view.Choreographer$FrameDisplayEventReceiver.run:995
02-05 17:40:58.012 15500 15500 I SurfaceControl: assignNativeObject: nativeObject = 0 Surface(name=null)/@0x3e388ee / android.view.SurfaceControl.readFromParcel:1117 android.view.IWindowSession$Stub$Proxy.relayout:1820 android.view.ViewRootImpl.relayoutWindow:9005 android.view.ViewRootImpl.performTraversals:3360 android.view.ViewRootImpl.doTraversal:2618 android.view.ViewRootImpl$TraversalRunnable.run:9971 android.view.Choreographer$CallbackRecord.run:1010 android.view.Choreographer.doCallbacks:809 android.view.Choreographer.doFrame:744 android.view.Choreographer$FrameDisplayEventReceiver.run:995
02-05 17:40:58.012 15500 15500 I ViewRootImpl@bed2669[InstrumentationActivityInvoker$EmptyActivity]: Relayout returned: old=(0,0,1080,2400) new=(0,0,1080,2400) req=(1080,2400)8 dur=3 res=0x5 s={false 0} ch=true fn=2
02-05 17:40:58.013 15500 15500 I ViewRootImpl@bed2669[InstrumentationActivityInvoker$EmptyActivity]: stopped(true) old=false
02-05 17:40:58.013 15500 15500 D LifecycleMonitor: Lifecycle status change: androidx.test.core.app.InstrumentationActivityInvoker$EmptyActivity@c39084 in: STOPPED
02-05 17:40:58.013 15500 15500 D LifecycleMonitor: running callback: androidx.test.core.app.ActivityScenario$1@7fa8c32
02-05 17:40:58.013 15500 15500 V ActivityScenario: Activity lifecycle changed event received but ignored because the intent does not match. startActivityIntent=Intent { act=android.intent.action.MAIN cat=[android.intent.category.LAUNCHER] cmp=com.example.dogglers/.GridListActivity }, activity.getIntent()=Intent { act=android.intent.action.MAIN cat=[android.intent.category.LAUNCHER] flg=0x10000000 cmp=com.example.dogglers/androidx.test.core.app.InstrumentationActivityInvoker$EmptyActivity }, activity=androidx.test.core.app.InstrumentationActivityInvoker$EmptyActivity@c39084
02-05 17:40:58.013 15500 15500 D LifecycleMonitor: callback completes: androidx.test.core.app.ActivityScenario$1@7fa8c32
02-05 17:40:58.014 15500 15500 D LifecycleMonitor: Lifecycle status change: androidx.test.core.app.InstrumentationActivityInvoker$EmptyActivity@c39084 in: DESTROYED
02-05 17:40:58.014 15500 15500 D LifecycleMonitor: running callback: androidx.test.core.app.ActivityScenario$1@7fa8c32
02-05 17:40:58.014 15500 15500 V ActivityScenario: Activity lifecycle changed event received but ignored because the intent does not match. startActivityIntent=Intent { act=android.intent.action.MAIN cat=[android.intent.category.LAUNCHER] cmp=com.example.dogglers/.GridListActivity }, activity.getIntent()=Intent { act=android.intent.action.MAIN cat=[android.intent.category.LAUNCHER] flg=0x10000000 cmp=com.example.dogglers/androidx.test.core.app.InstrumentationActivityInvoker$EmptyActivity }, activity=androidx.test.core.app.InstrumentationActivityInvoker$EmptyActivity@c39084
02-05 17:40:58.014 15500 15500 D LifecycleMonitor: callback completes: androidx.test.core.app.ActivityScenario$1@7fa8c32
02-05 17:40:58.014 15500 15500 I ViewRootImpl@bed2669[InstrumentationActivityInvoker$EmptyActivity]: dispatchDetachedFromWindow
02-05 17:40:58.015  1163  3944 D InputTransport: Input channel destroyed: 'e730d6d', fd=860
02-05 17:40:58.015  1163  3944 I SurfaceControl: nativeRelease nativeObject s[496867019648]
02-05 17:40:58.015  1163  3944 I SurfaceControl: nativeRelease nativeObject e[496867019648]
02-05 17:40:58.015  1163  3944 D WindowManager: isScreenshotDisabledLocked - win: Window{e730d6d u0 com.example.dogglers/androidx.test.core.app.InstrumentationActivityInvoker$EmptyActivity}
02-05 17:40:58.015  1163  3944 D WindowManager: isScreenshotDisabledLocked: userId = 0, disabled =false
02-05 17:40:58.015  1163  3944 I SurfaceControl: nativeRelease nativeObject s[496884985984]
02-05 17:40:58.015  1163  3944 I SurfaceControl: nativeRelease nativeObject e[496884985984]
02-05 17:40:58.015   789  1273 I Layer   : id=79861 removeFromCurrentState com.example.dogglers/androidx.test.core.app.InstrumentationActivityInvoker$EmptyActivity$_15500#1 (198)
02-05 17:40:58.016  1163  3944 W WindowManager: lockNow pending, ignore updating lockscreen timeout
02-05 17:40:58.016   789  1273 I Layer   : id=79860 removeFromCurrentState e730d6d com.example.dogglers/androidx.test.core.app.InstrumentationActivityInvoker$EmptyActivity#0 (198)
02-05 17:40:58.016   789  1273 I SurfaceFlinger: id=79861 Removed com.example.dogglers/androidx.test.core.app.InstrumentationActivityInvoker$EmptyActivity$_15500#1 (198)
02-05 17:40:58.017   789  1273 I SurfaceFlinger: id=79860 Removed e730d6d com.example.dogglers/androidx.test.core.app.InstrumentationActivityInvoker$EmptyActivity#0 (198)
02-05 17:40:58.017 15500 15500 D InputTransport: Input channel destroyed: 'e730d6d', fd=99
02-05 17:40:58.017 15500 15500 I ViewRootImpl@48b5ed8[InstrumentationActivityInvoker$EmptyActivity]: stopped(true) old=false
02-05 17:40:58.017  1163  3944 I SurfaceControl: nativeRelease nativeObject s[499039087712]
02-05 17:40:58.017  1163  3944 I SurfaceControl: nativeRelease nativeObject e[499039087712]
02-05 17:40:58.017 15500 15500 I SurfaceControl: nativeRelease nativeObject s[497477718496]
02-05 17:40:58.017 15500 15500 I SurfaceControl: nativeRelease nativeObject e[497477718496]
02-05 17:40:58.017 15500 15500 D LifecycleMonitor: Lifecycle status change: androidx.test.core.app.InstrumentationActivityInvoker$EmptyActivity@48d329f in: STOPPED
02-05 17:40:58.017 15500 15500 D LifecycleMonitor: running callback: androidx.test.core.app.ActivityScenario$1@7fa8c32
02-05 17:40:58.018 15500 15500 V ActivityScenario: Activity lifecycle changed event received but ignored because the intent does not match. startActivityIntent=Intent { act=android.intent.action.MAIN cat=[android.intent.category.LAUNCHER] cmp=com.example.dogglers/.GridListActivity }, activity.getIntent()=Intent { act=android.intent.action.MAIN cat=[android.intent.category.LAUNCHER] flg=0x10000000 cmp=com.example.dogglers/androidx.test.core.app.InstrumentationActivityInvoker$EmptyActivity }, activity=androidx.test.core.app.InstrumentationActivityInvoker$EmptyActivity@48d329f
02-05 17:40:58.018 15500 15500 D LifecycleMonitor: callback completes: androidx.test.core.app.ActivityScenario$1@7fa8c32
02-05 17:40:58.019 15500 15500 D LifecycleMonitor: Lifecycle status change: androidx.test.core.app.InstrumentationActivityInvoker$EmptyActivity@48d329f in: DESTROYED
02-05 17:40:58.019 15500 15500 D LifecycleMonitor: running callback: androidx.test.core.app.ActivityScenario$1@7fa8c32
02-05 17:40:58.019 15500 15500 V ActivityScenario: Activity lifecycle changed event received but ignored because the intent does not match. startActivityIntent=Intent { act=android.intent.action.MAIN cat=[android.intent.category.LAUNCHER] cmp=com.example.dogglers/.GridListActivity }, activity.getIntent()=Intent { act=android.intent.action.MAIN cat=[android.intent.category.LAUNCHER] flg=0x10000000 cmp=com.example.dogglers/androidx.test.core.app.InstrumentationActivityInvoker$EmptyActivity }, activity=androidx.test.core.app.InstrumentationActivityInvoker$EmptyActivity@48d329f
02-05 17:40:58.019 15500 15500 D LifecycleMonitor: callback completes: androidx.test.core.app.ActivityScenario$1@7fa8c32
02-05 17:40:58.020 15500 15565 I mali_egl: eglDestroySurface() in
02-05 17:40:58.020 15500 15565 I mali_winsys: delete_surface() [1080x2400] return
02-05 17:40:58.020 15500 15565 I mali_egl: eglDestroySurface() out
02-05 17:40:58.020   789  1273 E BufferQueueProducer: [com.example.dogglers/androidx.test.core.app.InstrumentationActivityInvoker$EmptyActivity$_15500#0](id:315000036d0,api:0,p:-1,c:789) disconnect: not connected (req=1)
02-05 17:40:58.020 15500 15565 W libEGL  : EGLNativeWindowType 0x742fb6a010 disconnect failed
02-05 17:40:58.020 15500 15500 I ViewRootImpl@48b5ed8[InstrumentationActivityInvoker$EmptyActivity]: dispatchDetachedFromWindow
02-05 17:40:58.021  1163  2104 D InputTransport: Input channel destroyed: '6692b90', fd=857
02-05 17:40:58.021  1163  2104 I SurfaceControl: nativeRelease nativeObject s[496860775200]
02-05 17:40:58.021  1163  2104 I SurfaceControl: nativeRelease nativeObject e[496860775200]
02-05 17:40:58.021  1163  2104 D WindowManager: isScreenshotDisabledLocked - win: Window{6692b90 u0 com.example.dogglers/androidx.test.core.app.InstrumentationActivityInvoker$EmptyActivity}
02-05 17:40:58.021  1163  2104 D WindowManager: isScreenshotDisabledLocked: userId = 0, disabled =false
02-05 17:40:58.021  1163  2104 I SurfaceControl: nativeRelease nativeObject s[496860775104]
02-05 17:40:58.021  1163  2104 I SurfaceControl: nativeRelease nativeObject e[496860775104]
02-05 17:40:58.021   789  1272 I Layer   : id=79855 removeFromCurrentState com.example.dogglers/androidx.test.core.app.InstrumentationActivityInvoker$EmptyActivity$_15500#0 (198)
02-05 17:40:58.022  1163  2104 W WindowManager: lockNow pending, ignore updating lockscreen timeout
02-05 17:40:58.022   789  1273 I Layer   : id=79859 removeFromCurrentState ActivityRecord{73b279f u0 com.example.dogglers/androidx.test.core.app.InstrumentationActivityInvoker$EmptyActivity t12733}#0 (198)
02-05 17:40:58.022   789  1273 I Layer   : id=79854 removeFromCurrentState 6692b90 com.example.dogglers/androidx.test.core.app.InstrumentationActivityInvoker$EmptyActivity#0 (198)
02-05 17:40:58.023   789  1273 I SurfaceFlinger: id=79859 Removed ActivityRecord{73b279f u0 com.example.dogglers/androidx.test.core.app.InstrumentationActivityInvoker$EmptyActivity t12733}#0 (198)
02-05 17:40:58.023   789  1273 I SurfaceFlinger: id=79854 Removed 6692b90 com.example.dogglers/androidx.test.core.app.InstrumentationActivityInvoker$EmptyActivity#0 (198)
02-05 17:40:58.023   789  1272 I SurfaceFlinger: id=79855 Removed com.example.dogglers/androidx.test.core.app.InstrumentationActivityInvoker$EmptyActivity$_15500#0 (198)
02-05 17:40:58.023 15500 15500 D InputTransport: Input channel destroyed: '6692b90', fd=98
02-05 17:40:58.023 15500 15500 I ViewRootImpl@6e93d1d[GridListActivity]: stopped(true) old=false
02-05 17:40:58.023  1163  2104 W WindowManager: lockNow pending, ignore updating lockscreen timeout
02-05 17:40:58.024 15500 15500 I SurfaceControl: nativeRelease nativeObject s[498994764320]
02-05 17:40:58.024 15500 15500 I SurfaceControl: nativeRelease nativeObject e[498994764320]
02-05 17:40:58.024 15500 15500 D LifecycleMonitor: Lifecycle status change: com.example.dogglers.GridListActivity@e6055f5 in: STOPPED
02-05 17:40:58.024 15500 15500 D LifecycleMonitor: running callback: androidx.test.core.app.ActivityScenario$1@7fa8c32
02-05 17:40:58.024 15500 15500 V ActivityScenario: Update currentActivityStage to STOPPED, currentActivity=com.example.dogglers.GridListActivity@e6055f5
02-05 17:40:58.024  1163  2104 I SurfaceControl: nativeRelease nativeObject s[499038073760]
02-05 17:40:58.024  1163  2104 I SurfaceControl: nativeRelease nativeObject e[499038073760]
02-05 17:40:58.024 15500 15500 D LifecycleMonitor: callback completes: androidx.test.core.app.ActivityScenario$1@7fa8c32
02-05 17:40:58.025   789   789 I Layer   : id=79866[1] Destroyed Surface(name=WallpaperWindowToken{2cf7ea9 token=android.os.Binder@93cd856})/@0xc1aa2f7 - animation-leash#0
02-05 17:40:58.025   789   789 I Layer   : id=79854[1] Destroyed 6692b90 com.example.dogglers/androidx.test.core.app.InstrumentationActivityInvoker$EmptyActivity#0
02-05 17:40:58.025   789   789 I Layer   : id=79855[1] Destroyed com.example.dogglers/androidx.test.core.app.InstrumentationActivityInvoker$EmptyActivity$_15500#0
02-05 17:40:58.025   789   789 I Layer   : id=79859[1] Destroyed ActivityRecord{73b279f u0 com.example.dogglers/androidx.test.core.app.InstrumentationActivityInvoker$EmptyActivity t12733}#0
02-05 17:40:58.025   789   789 I Layer   : id=79860[1] Destroyed e730d6d com.example.dogglers/androidx.test.core.app.InstrumentationActivityInvoker$EmptyActivity#0
02-05 17:40:58.025   789   789 I Layer   : id=79861[1] Destroyed com.example.dogglers/androidx.test.core.app.InstrumentationActivityInvoker$EmptyActivity$_15500#1
02-05 17:40:58.025 15500 15500 D LifecycleMonitor: Lifecycle status change: com.example.dogglers.GridListActivity@e6055f5 in: DESTROYED
02-05 17:40:58.025 15500 15500 D LifecycleMonitor: running callback: androidx.test.core.app.ActivityScenario$1@7fa8c32
02-05 17:40:58.025 15500 15500 V ActivityScenario: Update currentActivityStage to DESTROYED, currentActivity=null
02-05 17:40:58.025 15500 15500 D LifecycleMonitor: callback completes: androidx.test.core.app.ActivityScenario$1@7fa8c32
02-05 17:40:58.025 15500 15559 E TestRunner: failed: grid_list_content_at_last_position(com.example.dogglers.GridListTests)
02-05 17:40:58.025 15500 15559 E TestRunner: ----- begin exception -----
02-05 17:40:58.026 15500 15559 E TestRunner: androidx.test.espresso.NoMatchingViewException: No views in hierarchy found matching: with text: is "Bella"
02-05 17:40:58.026 15500 15559 E TestRunner:
02-05 17:40:58.026 15500 15559 E TestRunner: View Hierarchy:
02-05 17:40:58.026 15500 15559 E TestRunner: +>DecorView{id=-1, visibility=VISIBLE, width=1080, height=2400, has-focus=false, has-focusable=true, has-window-focus=true, is-clickable=false, is-enabled=true, is-focused=false, is-focusable=false, is-layout-requested=false, is-selected=false, layout-params={(0,0)(fillxfill) ty=BASE_APPLICATION wanim=0x1030304
02-05 17:40:58.026 15500 15559 E TestRunner:   fl=81810100
02-05 17:40:58.026 15500 15559 E TestRunner:   pfl=10020000
02-05 17:40:58.026 15500 15559 E TestRunner:   fitSides= naviIconColor=0}, tag=null, root-is-layout-requested=false, has-input-connection=false, x=0.0, y=0.0, child-count=3}
02-05 17:40:58.026 15500 15559 E TestRunner: |
02-05 17:40:58.026 15500 15559 E TestRunner: +->LinearLayout{id=-1, visibility=VISIBLE, width=1080, height=2256, has-focus=false, has-focusable=true, has-window-focus=true, is-clickable=false, is-enabled=true, is-focused=false, is-focusable=false, is-layout-requested=false, is-selected=false, layout-params=android.widget.FrameLayout$LayoutParams@5197aea, tag=null, root-is-layout-requested=false, has-input-connection=false, x=0.0, y=0.0, child-count=2}
02-05 17:40:58.026 15500 15559 E TestRunner: |
02-05 17:40:58.026 15500 15559 E TestRunner: +-->ViewStub{id=16908721, res-name=action_mode_bar_stub, visibility=GONE, width=0, height=0, has-focus=false, has-focusable=false, has-window-focus=true, is-clickable=false, is-enabled=true, is-focused=false, is-focusable=false, is-layout-requested=true, is-selected=false, layout-params=android.widget.LinearLayout$LayoutParams@a48d1db, tag=null, root-is-layout-requested=false, has-input-connection=false, x=0.0, y=0.0}
02-05 17:40:58.026 15500 15559 E TestRunner: |
02-05 17:40:58.026 15500 15559 E TestRunner: +-->FrameLayout{id=-1, visibility=VISIBLE, width=1080, height=2168, has-focus=false, has-focusable=true, has-window-focus=true, is-clickable=false, is-enabled=true, is-focused=false, is-focusable=false, is-layout-requested=false, is-selected=false, layout-params=android.widget.LinearLayout$LayoutParams@c8de751, tag=null, root-is-layout-requested=false, has-input-connection=false, x=0.0, y=88.0, child-count=1}
02-05 17:40:58.026 15500 15559 E TestRunner: |
02-05 17:40:58.026 15500 15559 E TestRunner: +--->ActionBarOverlayLayout{id=2131230845, res-name=decor_content_parent, visibility=VISIBLE, width=1080, height=2168, has-focus=false, has-focusable=true, has-window-focus=true, is-clickable=false, is-enabled=true, is-focused=false, is-focusable=false, is-layout-requested=false, is-selected=false, layout-params=android.widget.FrameLayout$LayoutParams@fc53024, tag=null, root-is-layout-requested=false, has-input-connection=false, x=0.0, y=0.0, child-count=2}
02-05 17:40:58.026 15500 15559 E TestRunner: |
02-05 17:40:58.026 15500 15559 E TestRunner: +---->ContentFrameLayout{id=16908290, res-name=content, visibility=VISIBLE, width=1080, height=2000, has-focus=false, has-focusable=true, has-window-focus=true, is-clickable=false, is-enabled=true, is-focused=false, is-focusable=false, is-layout-requested=false, is-selected=false, layout-params=androidx.appcompat.widget.ActionBarOverlayLayout$LayoutParams@97a7d42, tag=null, root-is-layout-requested=false, has-input-connection=false, x=0.0, y=168.0, child-count=1}
02-05 17:40:58.026 15500 15559 E TestRunner: |
02-05 17:40:58.026 15500 15559 E TestRunner: +----->FrameLayout{id=-1, visibility=VISIBLE, width=1080, height=2000, has-focus=false, has-focusable=true, has-window-focus=true, is-clickable=false, is-enabled=true, is-focused=false, is-focusable=false, is-layout-requested=false, is-selected=false, layout-params=android.widget.FrameLayout$LayoutParams@e372a90, tag=null, root-is-layout-requested=false, has-input-connection=false, x=0.0, y=0.0, child-count=1}
02-05 17:40:58.026 15500 15559 E TestRunner: |
02-05 17:40:58.026 15500 15559 E TestRunner: +------>RecyclerView{id=2131230898, res-name=grid_recycler_view, visibility=VISIBLE, width=1080, height=2000, has-focus=false, has-focusable=true, has-window-focus=true, is-clickable=false, is-enabled=true, is-focused=false, is-focusable=true, is-layout-requested=false, is-selected=false, layout-params=android.widget.FrameLayout$LayoutParams@7d52f89, tag=null, root-is-layout-requested=false, has-input-connection=false, x=0.0, y=0.0, child-count=0}
02-05 17:40:58.026 15500 15559 E TestRunner: |
02-05 17:40:58.026 15500 15559 E TestRunner: +---->ActionBarContainer{id=2131230771, res-name=action_bar_container, visibility=VISIBLE, width=1080, height=168, has-focus=false, has-focusable=false, has-window-focus=true, is-clickable=false, is-enabled=true, is-focused=false, is-focusable=false, is-layout-requested=false, is-selected=false, layout-params=androidx.appcompat.widget.ActionBarOverlayLayout$LayoutParams@58c5fbc, tag=null, root-is-layout-requested=false, has-input-connection=false, x=0.0, y=0.0, child-count=2}
02-05 17:40:58.026 15500 15559 E TestRunner: |
02-05 17:40:58.026 15500 15559 E TestRunner: +----->Toolbar{id=2131230769, res-name=action_bar, visibility=VISIBLE, width=1080, height=168, has-focus=false, has-focusable=false, has-window-focus=true, is-clickable=false, is-enabled=true, is-focused=false, is-focusable=false, is-layout-requested=false, is-selected=false, layout-params=android.widget.FrameLayout$LayoutParams@e9dbba8, tag=null, root-is-layout-requested=false, has-input-connection=false, x=0.0, y=0.0, child-count=3}
02-05 17:40:58.026 15500 15559 E TestRunner: |
02-05 17:40:58.026 15500 15559 E TestRunner: +------>AppCompatTextView{id=-1, visibility=VISIBLE, width=240, height=81, has-focus=false, has-focusable=false, has-window-focus=true, is-clickable=false, is-enabled=true, is-focused=false, is-focusable=false, is-layout-requested=false, is-selected=false, layout-params=androidx.appcompat.widget.Toolbar$LayoutParams@44646c1, tag=null, root-is-layout-requested=false, has-input-connection=false, x=216.0, y=43.0, text=Dogglers, input-type=0, ime-target=false, has-links=false}
02-05 17:40:58.026 15500 15559 E TestRunner: |
02-05 17:40:58.026 15500 15559 E TestRunner: +------>AppCompatImageButton{id=-1, desc=Navegar para cima, visibility=VISIBLE, width=168, height=168, has-focus=false, has-focusable=false, has-window-focus=true, is-clickable=true, is-enabled=true, is-focused=false, is-focusable=true, is-layout-requested=false, is-selected=false, layout-params=androidx.appcompat.widget.Toolbar$LayoutParams@5c11e66, tag=null, root-is-layout-requested=false, has-input-connection=false, x=0.0, y=0.0}
02-05 17:40:58.026 15500 15559 E TestRunner: |
02-05 17:40:58.026 15500 15559 E TestRunner: +------>ActionMenuView{id=-1, visibility=VISIBLE, width=0, height=168, has-focus=false, has-focusable=false, has-window-focus=true, is-clickable=false, is-enabled=true, is-focused=false, is-focusable=false, is-layout-requested=false, is-selected=false, layout-params=androidx.appcompat.widget.Toolbar$LayoutParams@36135a7, tag=null, root-is-layout-requested=false, has-input-connection=false, x=1080.0, y=0.0, child-count=0}
02-05 17:40:58.026 15500 15559 E TestRunner: |
02-05 17:40:58.026 15500 15559 E TestRunner: +----->ActionBarContextView{id=2131230777, res-name=action_context_bar, visibility=GONE, width=0, height=0, has-focus=false, has-focusable=false, has-window-focus=true, is-clickable=false, is-enabled=true, is-focused=false, is-focusable=false, is-layout-requested=true, is-selected=false, layout-params=android.widget.FrameLayout$LayoutParams@4e6ea54, tag=null, root-is-layout-requested=false, has-input-connection=false, x=0.0, y=0.0, child-count=0}
02-05 17:40:58.026 15500 15559 E TestRunner: |
02-05 17:40:58.026 15500 15559 E TestRunner: +->View{id=16908336, res-name=navigationBarBackground, visibility=VISIBLE, width=1080, height=144, has-focus=false, has-focusable=false, has-window-focus=true, is-clickable=false, is-enabled=true, is-focused=false, is-focusable=false, is-layout-requested=false, is-selected=false, layout-params=android.widget.FrameLayout$LayoutParams@2af8dfd, tag=null, root-is-layout-requested=false, has-input-connection=false, x=0.0, y=2256.0}
02-05 17:40:58.026 15500 15559 E TestRunner: |
02-05 17:40:58.026 15500 15559 E TestRunner: +->View{id=16908335, res-name=statusBarBackground, visibility=VISIBLE, width=1080, height=88, has-focus=false, has-focusable=false, has-window-focus=true, is-clickable=false, is-enabled=true, is-focused=false, is-focusable=false, is-layout-requested=false, is-selected=false, layout-params=android.widget.FrameLayout$LayoutParams@b0baf2, tag=null, root-is-layout-requested=false, has-input-connection=false, x=0.0, y=0.0}
02-05 17:40:58.026 15500 15559 E TestRunner: |
02-05 17:40:58.026 15500 15559 E TestRunner: 	at dalvik.system.VMStack.getThreadStackTrace(Native Method)
02-05 17:40:58.026 15500 15559 E TestRunner: 	at java.lang.Thread.getStackTrace(Thread.java:1736)
02-05 17:40:58.026 15500 15559 E TestRunner: 	at androidx.test.espresso.base.DefaultFailureHandler.getUserFriendlyError(DefaultFailureHandler.java:16)
02-05 17:40:58.026 15500 15559 E TestRunner: 	at androidx.test.espresso.base.DefaultFailureHandler.handle(DefaultFailureHandler.java:36)
02-05 17:40:58.026 15500 15559 E TestRunner: 	at androidx.test.espresso.ViewInteraction.waitForAndHandleInteractionResults(ViewInteraction.java:106)
02-05 17:40:58.026 15500 15559 E TestRunner: 	at androidx.test.espresso.ViewInteraction.check(ViewInteraction.java:31)
02-05 17:40:58.026 15500 15559 E TestRunner: 	at com.example.dogglers.GridListTests.grid_list_content_at_last_position(GridListTests.kt:54)
02-05 17:40:58.026 15500 15559 E TestRunner: 	at java.lang.reflect.Method.invoke(Native Method)
02-05 17:40:58.026 15500 15559 E TestRunner: 	at org.junit.runners.model.FrameworkMethod$1.runReflectiveCall(FrameworkMethod.java:50)
02-05 17:40:58.026 15500 15559 E TestRunner: 	at org.junit.internal.runners.model.ReflectiveCallable.run(ReflectiveCallable.java:12)
02-05 17:40:58.026 15500 15559 E TestRunner: 	at org.junit.runners.model.FrameworkMethod.invokeExplosively(FrameworkMethod.java:47)
02-05 17:40:58.026 15500 15559 E TestRunner: 	at org.junit.internal.runners.statements.InvokeMethod.evaluate(InvokeMethod.java:17)
02-05 17:40:58.026 15500 15559 E TestRunner: 	at org.junit.rules.ExternalResource$1.evaluate(ExternalResource.java:48)
02-05 17:40:58.026 15500 15559 E TestRunner: 	at org.junit.rules.RunRules.evaluate(RunRules.java:20)
02-05 17:40:58.026 15500 15559 E TestRunner: 	at org.junit.runners.ParentRunner.runLeaf(ParentRunner.java:325)
02-05 17:40:58.026 15500 15559 E TestRunner: 	at org.junit.runners.BlockJUnit4ClassRunner.runChild(BlockJUnit4ClassRunner.java:78)
02-05 17:40:58.026 15500 15559 E TestRunner: 	at org.junit.runners.BlockJUnit4ClassRunner.runChild(BlockJUnit4ClassRunner.java:57)
02-05 17:40:58.026 15500 15559 E TestRunner: 	at org.junit.runners.ParentRunner$3.run(ParentRunner.java:290)
02-05 17:40:58.026 15500 15559 E TestRunner: 	at org.junit.runners.ParentRunner$1.schedule(ParentRunner.java:71)
02-05 17:40:58.026 15500 15559 E TestRunner: 	at org.junit.runners.ParentRunner.runChildren(ParentRunner.java:288)
02-05 17:40:58.026 15500 15559 E TestRunner: 	at org.junit.runners.ParentRunner.access$000(ParentRunner.java:58)
02-05 17:40:58.026 15500 15559 E TestRunner: 	at org.junit.runners.ParentRunner$2.evaluate(ParentRunner.java:268)
02-05 17:40:58.026 15500 15559 E TestRunner: 	at org.junit.runners.ParentRunner.run(ParentRunner.java:363)
02-05 17:40:58.026 15500 15559 E TestRunner: 	at androidx.test.ext.junit.runners.AndroidJUnit4.run(AndroidJUnit4.java:154)
02-05 17:40:58.026 15500 15559 E TestRunner: 	at org.junit.runners.Suite.runChild(Suite.java:128)
02-05 17:40:58.026 15500 15559 E TestRunner: 	at org.junit.runners.Suite.runChild(Suite.java:27)
02-05 17:40:58.026 15500 15559 E TestRunner: 	at org.junit.runners.ParentRunner$3.run(ParentRunner.java:290)
02-05 17:40:58.026 15500 15559 E TestRunner: 	at org.junit.runners.ParentRunner$1.schedule(ParentRunner.java:71)
02-05 17:40:58.026 15500 15559 E TestRunner: 	at org.junit.runners.ParentRunner.runChildren(ParentRunner.java:288)
02-05 17:40:58.026 15500 15559 E TestRunner: 	at org.junit.runners.ParentRunner.access$000(ParentRunner.java:58)
02-05 17:40:58.026 15500 15559 E TestRunner: 	at org.junit.runners.ParentRunner$2.evaluate(ParentRunner.java:268)
02-05 17:40:58.026 15500 15559 E TestRunner: 	at org.junit.runners.ParentRunner.run(ParentRunner.java:363)
02-05 17:40:58.026 15500 15559 E TestRunner: 	at org.junit.runner.JUnitCore.run(JUnitCore.java:137)
02-05 17:40:58.026 15500 15559 E TestRunner: 	at org.junit.runner.JUnitCore.run(JUnitCore.java:115)
02-05 17:40:58.026 15500 15559 E TestRunner: 	at androidx.test.internal.runner.TestExecutor.execute(TestExecutor.java:56)
02-05 17:40:58.026 15500 15559 E TestRunner: 	at androidx.test.runner.AndroidJUnitRunner.onStart(AndroidJUnitRunner.java:395)
02-05 17:40:58.026 15500 15559 E TestRunner: 	at android.app.Instrumentation$InstrumentationThread.run(Instrumentation.java:2218)
02-05 17:40:58.026 15500 15559 E TestRunner: ----- end exception -----
02-05 17:40:58.026 15500 15565 I mali_egl: eglDestroySurface() in
02-05 17:40:58.026 15500 15559 I TestRunner: finished: grid_list_content_at_last_position(com.example.dogglers.GridListTests)
