02-05 17:40:49.784  1163  1796 V WindowManager: Relayout hash=ed4131c, pid=15500: mAttrs={(0,0)(fillxfill) sim={adjust=pan forwardNavigation} ty=BASE_APPLICATION wanim=0x1030001
02-05 17:40:49.784  1163  1796 V WindowManager:   fl=1810100
02-05 17:40:49.784  1163  1796 V WindowManager:   pfl=12020000
02-05 17:40:49.784  1163  1796 V WindowManager:   fitSides= naviIconColor=0}
02-05 17:40:49.784  1163  1796 I SurfaceControl: nativeRelease nativeObject s[499014694624]
02-05 17:40:49.784  1163  1796 I SurfaceControl: nativeRelease nativeObject e[499014694624]
02-05 17:40:49.784   532   532 W keymaster_tee: [WRN]begin req PARAMS: A32 B32 P1
02-05 17:40:49.785 15500 15500 I SurfaceControl: assignNativeObject: nativeObject = 0 Surface(name=null)/@0x21310ba / android.view.SurfaceControl.readFromParcel:1117 android.view.IWindowSession$Stub$Proxy.relayout:1820 android.view.ViewRootImpl.relayoutWindow:9005 android.view.ViewRootImpl.performTraversals:3360 android.view.ViewRootImpl.doTraversal:2618 android.view.ViewRootImpl$TraversalRunnable.run:9971 android.view.Choreographer$CallbackRecord.run:1010 android.view.Choreographer.doCallbacks:809 android.view.Choreographer.doFrame:744 android.view.Choreographer$FrameDisplayEventReceiver.run:995
02-05 17:40:49.786   789   835 I Layer   : id=79506 removeFromCurrentState Surface(name=8c655e2 StatusBar)/@0x44a9b07 - animation-leash#1 (192)
02-05 17:40:49.786   789   835 I Layer   : id=79507 removeFromCurrentState Surface(name=b29f82b NavigationBar0)/@0x8634759 - animation-leash#0 (192)
02-05 17:40:49.786 15500 15500 I ViewRootImpl@c1fde5[InstrumentationActivityInvoker$EmptyActivity]: Relayout returned: old=(0,0,1080,2400) new=(0,0,1080,2400) req=(1080,2400)0 dur=5 res=0x7 s={true 497568317440} ch=true fn=-1
02-05 17:40:49.787 15500 15565 I mali_winsys: new_window_surface() [1080x2400] return: 0x3000
02-05 17:40:49.787   716   953 D gralloc : [mali_gralloc_allocate] begin
02-05 17:40:49.787   716   953 D gralloc : buffer_descriptor: wh(1080 2400) usage_pc(0x40000000000b00 0x40000000000b00) hal_format(0x1) layer_count(1) sizes(0 0 0) strde(0) byte_stride(0) alloc_wh(0 0) internal_format(0x0) alloc_format(0x0) fd_count(1) plane_count(0)
02-05 17:40:49.787 15500 15500 I ViewRootImpl@c1fde5[InstrumentationActivityInvoker$EmptyActivity]: [DP] dp(1) 1 android.view.ViewRootImpl.reportNextDraw:10957 android.view.ViewRootImpl.performTraversals:3845 android.view.ViewRootImpl.doTraversal:2618
02-05 17:40:49.787 15500 15500 I ViewRootImpl@c1fde5[InstrumentationActivityInvoker$EmptyActivity]: [DP] pd() Asnyc report
02-05 17:40:49.790   716   953 D gralloc : [mali_gralloc_allocate] allocation successful
02-05 17:40:49.790 21568  5005 W reddit_sync.pr: Suspending all threads took: 10.293ms
02-05 17:40:49.790   716   953 D gralloc : [mali_gralloc_allocate] begin
02-05 17:40:49.790   716   953 D gralloc : buffer_descriptor: wh(1080 2400) usage_pc(0x40000000000b00 0x40000000000b00) hal_format(0x1) layer_count(1) sizes(0 0 0) strde(0) byte_stride(0) alloc_wh(0 0) internal_format(0x0) alloc_format(0x0) fd_count(1) plane_count(0)
02-05 17:40:49.793 15500 15500 I ViewRootImpl@c1fde5[InstrumentationActivityInvoker$EmptyActivity]: [DP] pdf(0) 1 android.view.ViewRootImpl.lambda$performDraw$1$ViewRootImpl:4668 android.view.-$$Lambda$ViewRootImpl$DJd0VUYJgsebcnSohO6h8zc_ONI.run:6 android.os.Handler.handleCallback:938
02-05 17:40:49.793 15500 15500 I ViewRootImpl@c1fde5[InstrumentationActivityInvoker$EmptyActivity]: [DP] rdf()
02-05 17:40:49.794  1163  1240 W WindowManager: lockNow pending, ignore updating lockscreen timeout
02-05 17:40:49.794 15500 15500 I SurfaceControl: nativeRelease nativeObject s[499014696448]
02-05 17:40:49.794 15500 15500 I SurfaceControl: nativeRelease nativeObject e[499014696448]
02-05 17:40:49.794 15500 15500 I SurfaceControl: nativeRelease nativeObject s[499014694624]
02-05 17:40:49.794 15500 15500 I SurfaceControl: nativeRelease nativeObject e[499014694624]
02-05 17:40:49.794 15500 15500 I SurfaceControl: nativeRelease nativeObject s[499014694528]
02-05 17:40:49.794 15500 15500 I SurfaceControl: nativeRelease nativeObject e[499014694528]
02-05 17:40:49.794   716   953 D gralloc : [mali_gralloc_allocate] allocation successful
02-05 17:40:49.795   789  1272 I SurfaceFlinger: id=79507 Removed Surface(name=b29f82b NavigationBar0)/@0x8634759 - animation-leash#0 (192)
02-05 17:40:49.795   789  1272 I SurfaceFlinger: id=79506 Removed Surface(name=8c655e2 StatusBar)/@0x44a9b07 - animation-leash#1 (192)
02-05 17:40:49.795   716   957 D gralloc : [mali_gralloc_allocate] begin
02-05 17:40:49.795   716   957 D gralloc : buffer_descriptor: wh(1080 2400) usage_pc(0x40000000000b00 0x40000000000b00) hal_format(0x1) layer_count(1) sizes(0 0 0) strde(0) byte_stride(0) alloc_wh(0 0) internal_format(0x0) alloc_format(0x0) fd_count(1) plane_count(0)
02-05 17:40:49.795   916   916 I keystore: !@ Start - USRPKEY_gmphn_model_key_1000012_1 from uid 10231 for uid 10231, isKnoxKey(0)
02-05 17:40:49.795   916   916 I keystore: !@ reading blob user_0/10231_USRPKEY_gmphn_model_key_1000012_1
02-05 17:40:49.795 15500 15500 I ViewRootImpl@4e1cd75[HorizontalListActivity]: MSG_WINDOW_FOCUS_CHANGED 0 1
02-05 17:40:49.795   532   532 W keymaster_tee: [WRN]begin req PARAMS: A32 B32 P1
02-05 17:40:49.796  1163  1240 D PkgPredictorService: pkg:com.example.dogglers activity:androidx.test.core.app.InstrumentationActivityInvoker$EmptyActivity thisTime:48
02-05 17:40:49.798  1163  1244 I ActivityTaskManager: Displayed com.example.dogglers/androidx.test.core.app.InstrumentationActivityInvoker$EmptyActivity: +48ms
02-05 17:40:49.798  1163  1240 W WindowManager: lockNow pending, ignore updating lockscreen timeout
02-05 17:40:49.798  2669  2669 E pageboostd: Received HALT command code 2
02-05 17:40:49.798   716   957 D gralloc : [mali_gralloc_allocate] allocation successful
02-05 17:40:49.799  1163  3939 I SemDvfsHyPerManager: acquire hyper - AMS_RESUME_TAIL/1163@22, type = -999
02-05 17:40:49.799  1163  3939 I SemDvfsHyPerManager: acquire hyper - AMS_ACT_LAZY/1163@23, type = -999
02-05 17:40:49.799   726   817 I HYPER-HAL: [RequestManager.cpp]acquire(): Acquired ID : 702727  [1163 / 22]    HINT : AMS_RESUME_TAIL    list :
02-05 17:40:49.799   726   817 I HYPER-HAL: [ResourceManager.cpp]updateResource(): [CPUMinFreq] UpdateResource Request ID : 702727    Value : 1844882
02-05 17:40:49.799   726   817 I HYPER-HAL: [RequestManager.cpp]acquire(): Acquired ID : 703914  [1163 / 23]    HINT :      list :
02-05 17:40:49.800   458   458 I lmkd    : cached 6, sandbox(not0) 3
02-05 17:40:49.800   789   789 I Layer   : id=79506[1] Destroyed Surface(name=8c655e2 StatusBar)/@0x44a9b07 - animation-leash#1
02-05 17:40:49.800   789   789 I Layer   : id=79507[1] Destroyed Surface(name=b29f82b NavigationBar0)/@0x8634759 - animation-leash#0
02-05 17:40:49.800   726   817 E HYPER-HAL: [Request.cpp]acquire(): Request:: id : 703914, No Resource to set
02-05 17:40:49.800   726   817 I HYPER-HAL: [ResourceManager.cpp]removeResource(): [CPUMinFreq] RemoveResource Request ID : 700356
02-05 17:40:49.801  1163  1234 I InputDispatcher: Focus entered window (15500): ed4131c in display 0 0
02-05 17:40:49.801   726   817 I HYPER-HAL: [RequestManager.cpp]releaseLocked(): Released ID : 700356
02-05 17:40:49.802   458   458 I lmkd    : Reclaim 'com.samsung.android.sm.policy' (13167), uid 10191, oom_adj 985, state 19 to free 111168kB; reason: low watermark is breached and swap is low (266932kB < 288356kB)
02-05 17:40:49.803  1163  1240 W WindowManager: lockNow pending, ignore updating lockscreen timeout
02-05 17:40:49.803 15500 15500 D LifecycleMonitor: Lifecycle status change: androidx.test.core.app.InstrumentationActivityInvoker$BootstrapActivity@4179282 in: DESTROYED
02-05 17:40:49.803 15500 15500 D LifecycleMonitor: running callback: androidx.test.core.app.ActivityScenario$1@f392d93
02-05 17:40:49.803 15500 15500 V ActivityScenario: Activity lifecycle changed event received but ignored because the intent does not match. startActivityIntent=Intent { act=android.intent.action.MAIN cat=[android.intent.category.LAUNCHER] cmp=com.example.dogglers/.MainActivity }, activity.getIntent()=Intent { act=android.intent.action.MAIN cat=[android.intent.category.LAUNCHER] flg=0x10008000 cmp=com.example.dogglers/androidx.test.core.app.InstrumentationActivityInvoker$BootstrapActivity (has extras) }, activity=androidx.test.core.app.InstrumentationActivityInvoker$BootstrapActivity@4179282
02-05 17:40:49.803 15500 15500 D LifecycleMonitor: callback completes: androidx.test.core.app.ActivityScenario$1@f392d93
02-05 17:40:49.803 15500 15500 I ViewRootImpl@c1fde5[InstrumentationActivityInvoker$EmptyActivity]: MSG_WINDOW_FOCUS_CHANGED 1 1
02-05 17:40:49.804 15500 15500 D InputMethodManager: prepareNavigationBarInfo() DecorView@76827ae[InstrumentationActivityInvoker$EmptyActivity]
02-05 17:40:49.804 15500 15500 D InputMethodManager: getNavigationBarColor() -16711423
02-05 17:40:49.804 15500 15500 D InputMethodManager: prepareNavigationBarInfo() DecorView@76827ae[InstrumentationActivityInvoker$EmptyActivity]
02-05 17:40:49.804 15500 15500 D InputMethodManager: getNavigationBarColor() -16711423
02-05 17:40:49.804 15500 15500 V InputMethodManager: Starting input: tba=com.example.dogglers ic=null mNaviBarColor -16711423 mIsGetNaviBarColorSuccess true , NavVisible : true , NavTrans : false
02-05 17:40:49.804 15500 15500 D InputMethodManager: startInputInner - Id : 0
02-05 17:40:49.804 15500 15500 I InputMethodManager: startInputInner - mService.startInputOrWindowGainedFocus
02-05 17:40:49.804  1163  1796 D InputMethodManagerService: mSecureKeypadEnabled = false
02-05 17:40:49.804  1163  1234 I SurfaceControl: nativeRelease nativeObject s[496866858208]
02-05 17:40:49.804  1163  1234 I SurfaceControl: nativeRelease nativeObject e[496866858208]
02-05 17:40:49.805  1163  1796 V InputMethodManagerService: hideCurrentInputLocked : shouldHideSoftInput is false
02-05 17:40:49.805  1163  1796 D InputMethodManagerService: DESKTOP MODE! : 2
02-05 17:40:49.805  1163  1796 D InputMethodManagerService: NOT IN KNOX DESKTOP MODE!
02-05 17:40:49.805  1163  1796 V InputMethodManagerService: getDisplayIdOfInputMethodWindowToBeAdded : 0
02-05 17:40:49.805  1163  1796 D InputMethodManagerService: checkDisplayOfStartInputAndUpdateKeyboard display Id 0last 0
02-05 17:40:49.805  1163  1796 D InputTransport: Input channel constructed: 'ClientS', fd=916
02-05 17:40:49.805  1163  1796 D InputTransport: Input channel destroyed: 'ClientS', fd=916
02-05 17:40:49.806 15500 15500 D InputTransport: Input channel constructed: 'ClientS', fd=121
02-05 17:40:49.806 15500 15500 D InputTransport: Input channel destroyed: 'ClientS', fd=109
02-05 17:40:49.806  1163  3938 I SemDvfsHyPerManager: acquire hyper - AMS_ACT_START/1163@20, type = -999
02-05 17:40:49.806   726   817 I HYPER-HAL: [RequestManager.cpp]acquire(): Acquired ID : 700356  [1163 / 20]    HINT : AMS_ACT_START    list :
02-05 17:40:49.806   789  1273 I SurfaceFlinger: id=79520 createSurf (0x0),-1 flag=80004, ActivityRecord{a32a6d9 u0 com.example.dogglers/androidx.test.core.app.InstrumentationActivityInvoker$EmptyActivity t12725}#0
02-05 17:40:49.807   726   817 I HYPER-HAL: [ResourceManager.cpp]updateResource(): [CPUMinFreq] UpdateResource Request ID : 700356    Value : 1930195
02-05 17:40:49.808  1163  3938 W WindowManager: lockNow pending, ignore updating lockscreen timeout
02-05 17:40:49.809   789  1273 I Layer   : id=79491 removeFromCurrentState ActivityRecord{e736798 u0 com.example.dogglers/androidx.test.core.app.InstrumentationActivityInvoker$BootstrapActivity t12725}#0 (191)
02-05 17:40:49.809   789  1273 I SurfaceFlinger: id=79491 Removed ActivityRecord{e736798 u0 com.example.dogglers/androidx.test.core.app.InstrumentationActivityInvoker$BootstrapActivity t12725}#0 (191)
02-05 17:40:49.810 15500 15500 D LifecycleMonitor: Lifecycle status change: androidx.test.core.app.InstrumentationActivityInvoker$EmptyActivity@7fb81b0 in: PAUSED
02-05 17:40:49.810 15500 15500 D LifecycleMonitor: running callback: androidx.test.core.app.ActivityScenario$1@f392d93
02-05 17:40:49.810 15500 15500 V ActivityScenario: Activity lifecycle changed event received but ignored because the intent does not match. startActivityIntent=Intent { act=android.intent.action.MAIN cat=[android.intent.category.LAUNCHER] cmp=com.example.dogglers/.MainActivity }, activity.getIntent()=Intent { act=android.intent.action.MAIN cat=[android.intent.category.LAUNCHER] flg=0x10000000 cmp=com.example.dogglers/androidx.test.core.app.InstrumentationActivityInvoker$EmptyActivity }, activity=androidx.test.core.app.InstrumentationActivityInvoker$EmptyActivity@7fb81b0
02-05 17:40:49.810 15500 15500 D LifecycleMonitor: callback completes: androidx.test.core.app.ActivityScenario$1@f392d93
02-05 17:40:49.811  1163  3938 V WindowOrientationListener: getProposedRotation: 0
02-05 17:40:49.811  1163  3938 V WindowOrientationListener: getProposedRotation: 0
02-05 17:40:49.811  1163  3938 V WindowOrientationListener: getProposedRotation: 0
02-05 17:40:49.812  1163  3938 D InputDispatcher: Focused application set to (0): a32a6d9
02-05 17:40:49.814  1163  3938 W WindowManager: lockNow pending, ignore updating lockscreen timeout
02-05 17:40:49.815  1163  1234 I SurfaceControl: nativeRelease nativeObject s[499038975488]
02-05 17:40:49.815  1163  1234 I SurfaceControl: nativeRelease nativeObject e[499038975488]
02-05 17:40:49.816   789   834 I SurfaceFlinger: id=79521 createSurf (0x0),-1 flag=24004, Surface(name=dbf3b45 InputMethod)/@0xf70bba8 - animation-leash#0
02-05 17:40:49.817   789   789 I Layer   : id=79491[1] Destroyed ActivityRecord{e736798 u0 com.example.dogglers/androidx.test.core.app.InstrumentationActivityInvoker$BootstrapActivity t12725}#0
02-05 17:40:49.818   789  1273 I Layer   : id=79514 removeFromCurrentState Surface(name=dbf3b45 InputMethod)/@0xf70bba8 - animation-leash#1 (191)
02-05 17:40:49.818 15500 15500 D LifecycleMonitor: Lifecycle status change: androidx.test.core.app.InstrumentationActivityInvoker$EmptyActivity@9999361 in: PRE_ON_CREATE
02-05 17:40:49.818 15500 15500 D LifecycleMonitor: running callback: androidx.test.core.app.ActivityScenario$1@f392d93
02-05 17:40:49.819 15500 15500 V ActivityScenario: Activity lifecycle changed event received but ignored because the intent does not match. startActivityIntent=Intent { act=android.intent.action.MAIN cat=[android.intent.category.LAUNCHER] cmp=com.example.dogglers/.MainActivity }, activity.getIntent()=Intent { act=android.intent.action.MAIN cat=[android.intent.category.LAUNCHER] flg=0x10000000 cmp=com.example.dogglers/androidx.test.core.app.InstrumentationActivityInvoker$EmptyActivity }, activity=androidx.test.core.app.InstrumentationActivityInvoker$EmptyActivity@9999361
02-05 17:40:49.819 15500 15500 D LifecycleMonitor: callback completes: androidx.test.core.app.ActivityScenario$1@f392d93
02-05 17:40:49.823 15500 15500 I DecorView: [INFO] isPopOver=false, config=true
02-05 17:40:49.823 15500 15500 I DecorView: updateCaptionType >> DecorView@be3e347[], isFloating=false, isApplication=true, hasWindowDecorCaption=false, hasWindowControllerCallback=true
02-05 17:40:49.823 15500 15500 D DecorView: setCaptionType = 0, this = DecorView@be3e347[]
02-05 17:40:49.825  3640  3640 I GoogleInputMethodService: GoogleInputMethodService.onFinishInput():3316
02-05 17:40:49.826 15500 15500 D LifecycleMonitor: Lifecycle status change: androidx.test.core.app.InstrumentationActivityInvoker$EmptyActivity@9999361 in: CREATED
02-05 17:40:49.826 15500 15500 D LifecycleMonitor: running callback: androidx.test.core.app.ActivityScenario$1@f392d93
02-05 17:40:49.826 15500 15500 V ActivityScenario: Activity lifecycle changed event received but ignored because the intent does not match. startActivityIntent=Intent { act=android.intent.action.MAIN cat=[android.intent.category.LAUNCHER] cmp=com.example.dogglers/.MainActivity }, activity.getIntent()=Intent { act=android.intent.action.MAIN cat=[android.intent.category.LAUNCHER] flg=0x10000000 cmp=com.example.dogglers/androidx.test.core.app.InstrumentationActivityInvoker$EmptyActivity }, activity=androidx.test.core.app.InstrumentationActivityInvoker$EmptyActivity@9999361
02-05 17:40:49.826 15500 15500 D LifecycleMonitor: callback completes: androidx.test.core.app.ActivityScenario$1@f392d93
02-05 17:40:49.827   458   458 I lmkd    : 1(delay),0(swap), 0(freelimit) memory pressure events were skipped after a kill!
02-05 17:40:49.827 15500 15500 D LifecycleMonitor: Lifecycle status change: androidx.test.core.app.InstrumentationActivityInvoker$EmptyActivity@9999361 in: STARTED
02-05 17:40:49.827 15500 15500 D LifecycleMonitor: running callback: androidx.test.core.app.ActivityScenario$1@f392d93
02-05 17:40:49.827 15500 15500 V ActivityScenario: Activity lifecycle changed event received but ignored because the intent does not match. startActivityIntent=Intent { act=android.intent.action.MAIN cat=[android.intent.category.LAUNCHER] cmp=com.example.dogglers/.MainActivity }, activity.getIntent()=Intent { act=android.intent.action.MAIN cat=[android.intent.category.LAUNCHER] flg=0x10000000 cmp=com.example.dogglers/androidx.test.core.app.InstrumentationActivityInvoker$EmptyActivity }, activity=androidx.test.core.app.InstrumentationActivityInvoker$EmptyActivity@9999361
02-05 17:40:49.827 15500 15500 D LifecycleMonitor: callback completes: androidx.test.core.app.ActivityScenario$1@f392d93
02-05 17:40:49.828   697   697 I Zygote  : Process 13167 exited due to signal 9 (Killed)
02-05 17:40:49.828 15500 15500 D LifecycleMonitor: Lifecycle status change: androidx.test.core.app.InstrumentationActivityInvoker$EmptyActivity@9999361 in: RESUMED
02-05 17:40:49.828 15500 15500 D LifecycleMonitor: running callback: androidx.test.core.app.ActivityScenario$1@f392d93
02-05 17:40:49.828 15500 15500 V ActivityScenario: Activity lifecycle changed event received but ignored because the intent does not match. startActivityIntent=Intent { act=android.intent.action.MAIN cat=[android.intent.category.LAUNCHER] cmp=com.example.dogglers/.MainActivity }, activity.getIntent()=Intent { act=android.intent.action.MAIN cat=[android.intent.category.LAUNCHER] flg=0x10000000 cmp=com.example.dogglers/androidx.test.core.app.InstrumentationActivityInvoker$EmptyActivity }, activity=androidx.test.core.app.InstrumentationActivityInvoker$EmptyActivity@9999361
02-05 17:40:49.828 15500 15500 D LifecycleMonitor: callback completes: androidx.test.core.app.ActivityScenario$1@f392d93
02-05 17:40:49.829  3640  3640 I GoogleInputMethodService: GoogleInputMethodService.updateDeviceLockedStatus():2181 checkRepeatedly = false, unlocked = true
02-05 17:40:49.830  3640  3640 D InputMethodService: checkDisplayOfStartInputAndUpdateKeyboard display Id 0last 0
02-05 17:40:49.830  3640  3640 I GoogleInputMethodService: GoogleInputMethodService.onStartInput():1989
02-05 17:40:49.830  3640  3640 I GoogleInputMethodService: GoogleInputMethodService.updateDeviceLockedStatus():2181 checkRepeatedly = true, unlocked = true
02-05 17:40:49.831  1163  2104 D InputTransport: Input channel constructed: 'e80e7e4', fd=916
02-05 17:40:49.831  1163  2104 D InputTransport: Input channel constructed: 'e80e7e4', fd=923
02-05 17:40:49.831   789  1273 I SurfaceFlinger: id=79522 createSurf (0x0),-1 flag=80004, e80e7e4 com.example.dogglers/androidx.test.core.app.InstrumentationActivityInvoker$EmptyActivity#0
02-05 17:40:49.831  1163  2104 D WindowManager: isScreenshotDisabledLocked - win: Window{e80e7e4 u0 com.example.dogglers/androidx.test.core.app.InstrumentationActivityInvoker$EmptyActivity}
02-05 17:40:49.831  1163  2104 D WindowManager: isScreenshotDisabledLocked: userId = 0, disabled =false
02-05 17:40:49.831  1163  2104 D InputTransport: Input channel destroyed: 'e80e7e4', fd=923
02-05 17:40:49.832 15500 15500 D InputTransport: Input channel constructed: 'e80e7e4', fd=114
02-05 17:40:49.833 15500 15500 I ViewRootImpl@3b6fd12[InstrumentationActivityInvoker$EmptyActivity]: setView = com.android.internal.policy.DecorView@be3e347 TM=true
02-05 17:40:49.833 15500 15500 I SurfaceControl: nativeRelease nativeObject s[499014696544]
02-05 17:40:49.833 15500 15500 I SurfaceControl: nativeRelease nativeObject e[499014696544]
02-05 17:40:49.833   789  1273 I SurfaceFlinger: id=79514 Removed Surface(name=dbf3b45 InputMethod)/@0xf70bba8 - animation-leash#1 (192)
02-05 17:40:49.834   789   789 I Layer   : id=79514[1] Destroyed Surface(name=dbf3b45 InputMethod)/@0xf70bba8 - animation-leash#1
02-05 17:40:49.834  1163  2104 D SamsungIMMSHWKeyboard: isConnectedDexOnPC false
02-05 17:40:49.834 15500 15500 I SurfaceControl: nativeRelease nativeObject s[499183202240]
02-05 17:40:49.834 15500 15500 I SurfaceControl: nativeRelease nativeObject e[499183202240]
02-05 17:40:49.834 15500 15500 I SurfaceControl: nativeRelease nativeObject s[499183199360]
02-05 17:40:49.834 15500 15500 I SurfaceControl: nativeRelease nativeObject e[499183199360]
02-05 17:40:49.835  1163  1796 I InputDispatcher: Focus left window (15500): ed4131c in display 0 0
02-05 17:40:49.835  1163  2104 D InputMethodManagerService: isImeSwitcherDisabledPackage : false
02-05 17:40:49.836  1163  1248 I libprocessgroup: Successfully killed process cgroup uid 10191 pid 13167 in 0ms
02-05 17:40:49.837  1163  1240 I SurfaceControl: nativeRelease nativeObject s[496871092608]
02-05 17:40:49.837  1163  1240 I SurfaceControl: nativeRelease nativeObject e[496871092608]
02-05 17:40:49.837  1163  1235 V WindowManager: Relayout Window{e80e7e4 u0 com.example.dogglers/androidx.test.core.app.InstrumentationActivityInvoker$EmptyActivity}: viewVisibility=0 req=1080x2400
02-05 17:40:49.838  1163  1235 W WindowManager: lockNow pending, ignore updating lockscreen timeout
02-05 17:40:49.838   789  1272 I Layer   : id=79510 removeFromCurrentState Surface(name=Dim Layer for - Task=12725 - animating-dim)/@0x809b3b7 - animation-leash#0 (191)
02-05 17:40:49.838  1163  1235 D WindowManager: isScreenshotDisabledLocked - win: Window{e80e7e4 u0 com.example.dogglers/androidx.test.core.app.InstrumentationActivityInvoker$EmptyActivity}
02-05 17:40:49.838  1163  1235 D WindowManager: isScreenshotDisabledLocked: userId = 0, disabled =false
02-05 17:40:49.838   789  2265 I SurfaceFlinger: id=79523 createSurf (1080x2400),1 flag=404, com.example.dogglers/androidx.test.core.app.InstrumentationActivityInvoker$EmptyActivity$_15500#1
02-05 17:40:49.840  1163  1235 I SurfaceControl: nativeRelease nativeObject s[499038068768]
02-05 17:40:49.840  1163  1235 I SurfaceControl: nativeRelease nativeObject e[499038068768]
02-05 17:40:49.840   789   835 I SurfaceFlinger: id=79524 createSurf (0x0),-1 flag=24000, Surface(name=8c655e2 StatusBar)/@0x44a9b07 - animation-leash#1
02-05 17:40:49.840  1163  1235 I SurfaceControl: nativeRelease nativeObject s[499038031616]
02-05 17:40:49.840  1163  1235 I SurfaceControl: nativeRelease nativeObject e[499038031616]
02-05 17:40:49.840   789   835 I SurfaceFlinger: id=79525 createSurf (0x0),-1 flag=24000, Surface(name=b29f82b NavigationBar0)/@0x8634759 - animation-leash#0
02-05 17:40:49.841  1163  1235 V WindowManager: Relayout hash=e80e7e4, pid=15500: mAttrs={(0,0)(fillxfill) sim={adjust=pan forwardNavigation} ty=BASE_APPLICATION wanim=0x1030001
02-05 17:40:49.841  1163  1235 V WindowManager:   fl=1810100
02-05 17:40:49.841  1163  1235 V WindowManager:   pfl=12020000
02-05 17:40:49.841  1163  1235 V WindowManager:   fitSides= naviIconColor=0}
02-05 17:40:49.841  1163  1235 I SurfaceControl: nativeRelease nativeObject s[496871092608]
02-05 17:40:49.841  1163  1235 I SurfaceControl: nativeRelease nativeObject e[496871092608]
02-05 17:40:49.841   789  1272 I SurfaceFlinger: id=79510 Removed Surface(name=Dim Layer for - Task=12725 - animating-dim)/@0x809b3b7 - animation-leash#0 (194)
02-05 17:40:49.841 15500 15500 I SurfaceControl: assignNativeObject: nativeObject = 0 Surface(name=null)/@0x3f16ce3 / android.view.SurfaceControl.readFromParcel:1117 android.view.IWindowSession$Stub$Proxy.relayout:1820 android.view.ViewRootImpl.relayoutWindow:9005 android.view.ViewRootImpl.performTraversals:3360 android.view.ViewRootImpl.doTraversal:2618 android.view.ViewRootImpl$TraversalRunnable.run:9971 android.view.Choreographer$CallbackRecord.run:1010 android.view.Choreographer.doCallbacks:809 android.view.Choreographer.doFrame:744 android.view.Choreographer$FrameDisplayEventReceiver.run:995
02-05 17:40:49.842 15500 15500 I ViewRootImpl@3b6fd12[InstrumentationActivityInvoker$EmptyActivity]: Relayout returned: old=(0,0,1080,2400) new=(0,0,1080,2400) req=(1080,2400)0 dur=5 res=0x7 s={true 499015921664} ch=true fn=-1
02-05 17:40:49.843 15500 15565 I mali_winsys: new_window_surface() [1080x2400] return: 0x3000
02-05 17:40:49.843   716   953 D gralloc : [mali_gralloc_allocate] begin
02-05 17:40:49.843   716   953 D gralloc : buffer_descriptor: wh(1080 2400) usage_pc(0x40000000000b00 0x40000000000b00) hal_format(0x1) layer_count(1) sizes(0 0 0) strde(0) byte_stride(0) alloc_wh(0 0) internal_format(0x0) alloc_format(0x0) fd_count(1) plane_count(0)
02-05 17:40:49.844 15500 15500 I ViewRootImpl@3b6fd12[InstrumentationActivityInvoker$EmptyActivity]: [DP] dp(1) 1 android.view.ViewRootImpl.reportNextDraw:10957 android.view.ViewRootImpl.performTraversals:3845 android.view.ViewRootImpl.doTraversal:2618
02-05 17:40:49.844 15500 15500 I ViewRootImpl@3b6fd12[InstrumentationActivityInvoker$EmptyActivity]: [DP] pd() Asnyc report
02-05 17:40:49.845  1680  1783 D NetworkController.SecMobileSignalController(0/1): onSignalStrengthsChanged level=2
02-05 17:40:49.845  1680  1783 D MobileSignalIconsSelector: getDataIconGroup(): 13
02-05 17:40:49.846  1163  1163 D SemCellularStateManager: onSignalStrengthsChanged: mCellularSignalLevel=2
02-05 17:40:49.846   716   953 D gralloc : [mali_gralloc_allocate] allocation successful
02-05 17:40:49.846   716   957 D gralloc : [mali_gralloc_allocate] begin
02-05 17:40:49.846   716   957 D gralloc : buffer_descriptor: wh(1080 2400) usage_pc(0x40000000000b00 0x40000000000b00) hal_format(0x1) layer_count(1) sizes(0 0 0) strde(0) byte_stride(0) alloc_wh(0 0) internal_format(0x0) alloc_format(0x0) fd_count(1) plane_count(0)
02-05 17:40:49.848   851  2286 I CameraService: UidPolicy: No processes running for a uid=10191 disabled=0
02-05 17:40:49.849 15500 15500 I ViewRootImpl@3b6fd12[InstrumentationActivityInvoker$EmptyActivity]: [DP] pdf(0) 1 android.view.ViewRootImpl.lambda$performDraw$1$ViewRootImpl:4668 android.view.-$$Lambda$ViewRootImpl$DJd0VUYJgsebcnSohO6h8zc_ONI.run:6 android.os.Handler.handleCallback:938
02-05 17:40:49.849 15500 15500 I ViewRootImpl@3b6fd12[InstrumentationActivityInvoker$EmptyActivity]: [DP] rdf()
02-05 17:40:49.850  1163  1240 W WindowManager: lockNow pending, ignore updating lockscreen timeout
02-05 17:40:49.851   458   458 I lmkd    : cached 6, sandbox(not0) 3
02-05 17:40:49.851   789   789 I Layer   : id=79510[1] Destroyed Surface(name=Dim Layer for - Task=12725 - animating-dim)/@0x809b3b7 - animation-leash#0
02-05 17:40:49.851   789  1273 I Layer   : id=79518 removeFromCurrentState Surface(name=8c655e2 StatusBar)/@0x44a9b07 - animation-leash#0 (193)
02-05 17:40:49.851   789  1273 I Layer   : id=79519 removeFromCurrentState Surface(name=b29f82b NavigationBar0)/@0x8634759 - animation-leash#1 (193)
02-05 17:40:49.853  1163  1240 D PkgPredictorService: pkg:com.example.dogglers activity:androidx.test.core.app.InstrumentationActivityInvoker$EmptyActivity thisTime:47
02-05 17:40:49.853   458   458 I lmkd    : Reclaim 'com.samsung.android.mateagent:service' (14726), uid 10101, oom_adj 975, state 19 to free 130608kB; reason: low watermark is breached and swap is low (266932kB < 288356kB)
02-05 17:40:49.854  1163  1240 W WindowManager: lockNow pending, ignore updating lockscreen timeout
02-05 17:40:49.854   716   957 D gralloc : [mali_gralloc_allocate] allocation successful
02-05 17:40:49.854   716   953 D gralloc : [mali_gralloc_allocate] begin
02-05 17:40:49.854   716   953 D gralloc : buffer_descriptor: wh(1080 2400) usage_pc(0x40000000000b00 0x40000000000b00) hal_format(0x1) layer_count(1) sizes(0 0 0) strde(0) byte_stride(0) alloc_wh(0 0) internal_format(0x0) alloc_format(0x0) fd_count(1) plane_count(0)
02-05 17:40:49.855 15500 15500 I ViewRootImpl@c1fde5[InstrumentationActivityInvoker$EmptyActivity]: MSG_WINDOW_FOCUS_CHANGED 0 1
02-05 17:40:49.855  1163  1240 I SemDvfsHyPerManager: acquire hyper - AMS_RESUME_TAIL/1163@22, type = -999
02-05 17:40:49.855  1163  1240 I SemDvfsHyPerManager: acquire hyper - AMS_ACT_LAZY/1163@23, type = -999
02-05 17:40:49.856   726   817 I HYPER-HAL: [RequestManager.cpp]acquire(): Acquired ID : 702727  [1163 / 22]    HINT : AMS_RESUME_TAIL    list :
02-05 17:40:49.856   726   817 I HYPER-HAL: [ResourceManager.cpp]updateResource(): [CPUMinFreq] UpdateResource Request ID : 702727    Value : 1844882
02-05 17:40:49.856   726   817 I HYPER-HAL: [RequestManager.cpp]acquire(): Acquired ID : 703914  [1163 / 23]    HINT :      list :
02-05 17:40:49.856 15500 15500 I SurfaceControl: nativeRelease nativeObject s[497483547648]
02-05 17:40:49.856 15500 15500 I SurfaceControl: nativeRelease nativeObject e[497483547648]
02-05 17:40:49.856  1163  1163 D SemSupplicantStaIfaceHal: updateCellularCapabilities called
02-05 17:40:49.856 15500 15500 I SurfaceControl: nativeRelease nativeObject s[499183202432]
02-05 17:40:49.856 15500 15500 I SurfaceControl: nativeRelease nativeObject e[499183202432]
02-05 17:40:49.856 15500 15500 I SurfaceControl: nativeRelease nativeObject s[499183202336]
02-05 17:40:49.856 15500 15500 I SurfaceControl: nativeRelease nativeObject e[499183202336]
02-05 17:40:49.856   726   817 E HYPER-HAL: [Request.cpp]acquire(): Request:: id : 703914, No Resource to set
02-05 17:40:49.856   726   817 I HYPER-HAL: [ResourceManager.cpp]removeResource(): [CPUMinFreq] RemoveResource Request ID : 700356
02-05 17:40:49.856   789  1272 I SurfaceFlinger: id=79519 Removed Surface(name=b29f82b NavigationBar0)/@0x8634759 - animation-leash#1 (193)
02-05 17:40:49.856   789  1272 I SurfaceFlinger: id=79518 Removed Surface(name=8c655e2 StatusBar)/@0x44a9b07 - animation-leash#0 (193)
02-05 17:40:49.857   726   817 I HYPER-HAL: [RequestManager.cpp]releaseLocked(): Released ID : 700356
02-05 17:40:49.858  1163  1240 W WindowManager: lockNow pending, ignore updating lockscreen timeout
02-05 17:40:49.858   716   953 D gralloc : [mali_gralloc_allocate] allocation successful
02-05 17:40:49.868   789   789 I Layer   : id=79518[1] Destroyed Surface(name=8c655e2 StatusBar)/@0x44a9b07 - animation-leash#0
02-05 17:40:49.868   789   789 I Layer   : id=79519[1] Destroyed Surface(name=b29f82b NavigationBar0)/@0x8634759 - animation-leash#1
02-05 17:40:49.868 15500 15565 I mali_egl: eglDestroySurface() in
02-05 17:40:49.869  1163  2933 I InputDispatcher: Focus entered window (15500): e80e7e4 in display 0 0
02-05 17:40:49.869 15500 15565 I mali_winsys: delete_surface() [1080x2400] return
02-05 17:40:49.869 15500 15565 I mali_egl: eglDestroySurface() out
02-05 17:40:49.869   789  2265 E BufferQueueProducer: [com.example.dogglers/androidx.test.core.app.InstrumentationActivityInvoker$EmptyActivity$_15500#0](id:315000036a6,api:0,p:-1,c:789) disconnect: not connected (req=1)
02-05 17:40:49.869 15500 15565 W libEGL  : EGLNativeWindowType 0x73d9620010 disconnect failed
02-05 17:40:49.870  1163  1234 V WindowManager: Relayout Window{ed4131c u0 com.example.dogglers/androidx.test.core.app.InstrumentationActivityInvoker$EmptyActivity}: viewVisibility=8 req=1080x2400
02-05 17:40:49.870  1163  1234 W WindowManager: lockNow pending, ignore updating lockscreen timeout
02-05 17:40:49.871  1163  1234 V WindowManager: Relayout hash=ed4131c, pid=15500: mAttrs={(0,0)(fillxfill) sim={adjust=pan forwardNavigation} ty=BASE_APPLICATION wanim=0x1030001
02-05 17:40:49.871  1163  1234 V WindowManager:   fl=1810100
02-05 17:40:49.871  1163  1234 V WindowManager:   pfl=12020000
02-05 17:40:49.871  1163  1234 V WindowManager:   fitSides= naviIconColor=0}
02-05 17:40:49.871 15500 15500 I SurfaceControl: nativeRelease nativeObject s[499014700960]
02-05 17:40:49.871 15500 15500 I SurfaceControl: nativeRelease nativeObject e[499014700960]
02-05 17:40:49.872 15500 15500 I SurfaceControl: assignNativeObject: nativeObject = 0 Surface(name=null)/@0x78ab6e0 / android.view.SurfaceControl.readFromParcel:1117 android.view.IWindowSession$Stub$Proxy.relayout:1810 android.view.ViewRootImpl.relayoutWindow:9005 android.view.ViewRootImpl.performTraversals:3360 android.view.ViewRootImpl.doTraversal:2618 android.view.ViewRootImpl$TraversalRunnable.run:9971 android.view.Choreographer$CallbackRecord.run:1010 android.view.Choreographer.doCallbacks:809 android.view.Choreographer.doFrame:744 android.view.Choreographer$FrameDisplayEventReceiver.run:995
02-05 17:40:49.872 15500 15500 I SurfaceControl: assignNativeObject: nativeObject = 0 Surface(name=null)/@0x21310ba / android.view.SurfaceControl.readFromParcel:1117 android.view.IWindowSession$Stub$Proxy.relayout:1820 android.view.ViewRootImpl.relayoutWindow:9005 android.view.ViewRootImpl.performTraversals:3360 android.view.ViewRootImpl.doTraversal:2618 android.view.ViewRootImpl$TraversalRunnable.run:9971 android.view.Choreographer$CallbackRecord.run:1010 android.view.Choreographer.doCallbacks:809 android.view.Choreographer.doFrame:744 android.view.Choreographer$FrameDisplayEventReceiver.run:995
02-05 17:40:49.872 15500 15500 I SurfaceControl: nativeRelease nativeObject s[497483547744]
02-05 17:40:49.872 15500 15500 I SurfaceControl: nativeRelease nativeObject e[497483547744]
02-05 17:40:49.872 15500 15500 I ViewRootImpl@c1fde5[InstrumentationActivityInvoker$EmptyActivity]: Relayout returned: old=(0,0,1080,2400) new=(0,0,1080,2400) req=(1080,2400)8 dur=3 res=0x5 s={false 0} ch=true fn=2
02-05 17:40:49.874  1163  1244 I ActivityTaskManager: Displayed com.example.dogglers/androidx.test.core.app.InstrumentationActivityInvoker$EmptyActivity: +47ms
02-05 17:40:49.875  1163  2933 W WindowManager: lockNow pending, ignore updating lockscreen timeout
02-05 17:40:49.875  2669  2669 E pageboostd: Received HALT command code 2
02-05 17:40:49.876 15500 15500 I ViewRootImpl@3b6fd12[InstrumentationActivityInvoker$EmptyActivity]: MSG_WINDOW_FOCUS_CHANGED 1 1
02-05 17:40:49.876   458   458 I lmkd    : 1(delay),0(swap), 0(freelimit) memory pressure events were skipped after a kill!
02-05 17:40:49.876 15500 15500 D InputMethodManager: prepareNavigationBarInfo() DecorView@be3e347[InstrumentationActivityInvoker$EmptyActivity]
02-05 17:40:49.876 15500 15500 D InputMethodManager: getNavigationBarColor() -16711423
02-05 17:40:49.876   458   458 I lmkd    : cached 6, sandbox(not0) 3
02-05 17:40:49.876 15500 15500 D InputMethodManager: prepareNavigationBarInfo() DecorView@be3e347[InstrumentationActivityInvoker$EmptyActivity]
02-05 17:40:49.876 15500 15500 D InputMethodManager: getNavigationBarColor() -16711423
02-05 17:40:49.876 15500 15500 V InputMethodManager: Starting input: tba=com.example.dogglers ic=null mNaviBarColor -16711423 mIsGetNaviBarColorSuccess true , NavVisible : true , NavTrans : false
02-05 17:40:49.876 15500 15500 D InputMethodManager: startInputInner - Id : 0
02-05 17:40:49.876 15500 15500 I InputMethodManager: startInputInner - mService.startInputOrWindowGainedFocus
02-05 17:40:49.876  1163  2104 D InputMethodManagerService: mSecureKeypadEnabled = false
02-05 17:40:49.877  1163  2104 V InputMethodManagerService: hideCurrentInputLocked : shouldHideSoftInput is false
02-05 17:40:49.877  1163  2104 D InputMethodManagerService: DESKTOP MODE! : 2
02-05 17:40:49.877  1163  2104 D InputMethodManagerService: NOT IN KNOX DESKTOP MODE!
02-05 17:40:49.877  1163  2104 V InputMethodManagerService: getDisplayIdOfInputMethodWindowToBeAdded : 0
02-05 17:40:49.877  1163  2104 D InputMethodManagerService: checkDisplayOfStartInputAndUpdateKeyboard display Id 0last 0
02-05 17:40:49.877  1163  2104 D InputTransport: Input channel constructed: 'ClientS', fd=922
02-05 17:40:49.877  1163  2104 D InputTransport: Input channel destroyed: 'ClientS', fd=922
02-05 17:40:49.877 15500 15500 D InputTransport: Input channel constructed: 'ClientS', fd=115
02-05 17:40:49.877 15500 15500 D InputTransport: Input channel destroyed: 'ClientS', fd=121
02-05 17:40:49.877 15500 15500 I ViewRootImpl@c1fde5[InstrumentationActivityInvoker$EmptyActivity]: stopped(true) old=false
02-05 17:40:49.877   458   458 I lmkd    : Reclaim 'com.samsung.android.lool' (14407), uid 1000, oom_adj 975, state 19 to free 128128kB; reason: low watermark is breached and swap is low (266932kB < 288356kB)
02-05 17:40:49.877 15500 15500 D LifecycleMonitor: Lifecycle status change: androidx.test.core.app.InstrumentationActivityInvoker$EmptyActivity@7fb81b0 in: STOPPED
02-05 17:40:49.877 15500 15500 D LifecycleMonitor: running callback: androidx.test.core.app.ActivityScenario$1@f392d93
02-05 17:40:49.878 15500 15500 V ActivityScenario: Activity lifecycle changed event received but ignored because the intent does not match. startActivityIntent=Intent { act=android.intent.action.MAIN cat=[android.intent.category.LAUNCHER] cmp=com.example.dogglers/.MainActivity }, activity.getIntent()=Intent { act=android.intent.action.MAIN cat=[android.intent.category.LAUNCHER] flg=0x10000000 cmp=com.example.dogglers/androidx.test.core.app.InstrumentationActivityInvoker$EmptyActivity }, activity=androidx.test.core.app.InstrumentationActivityInvoker$EmptyActivity@7fb81b0
02-05 17:40:49.878 15500 15500 D LifecycleMonitor: callback completes: androidx.test.core.app.ActivityScenario$1@f392d93
02-05 17:40:49.878 15500 15500 D LifecycleMonitor: Lifecycle status change: androidx.test.core.app.InstrumentationActivityInvoker$EmptyActivity@7fb81b0 in: DESTROYED
02-05 17:40:49.878 15500 15500 D LifecycleMonitor: running callback: androidx.test.core.app.ActivityScenario$1@f392d93
02-05 17:40:49.879 15500 15500 V ActivityScenario: Activity lifecycle changed event received but ignored because the intent does not match. startActivityIntent=Intent { act=android.intent.action.MAIN cat=[android.intent.category.LAUNCHER] cmp=com.example.dogglers/.MainActivity }, activity.getIntent()=Intent { act=android.intent.action.MAIN cat=[android.intent.category.LAUNCHER] flg=0x10000000 cmp=com.example.dogglers/androidx.test.core.app.InstrumentationActivityInvoker$EmptyActivity }, activity=androidx.test.core.app.InstrumentationActivityInvoker$EmptyActivity@7fb81b0
02-05 17:40:49.879 15500 15500 D LifecycleMonitor: callback completes: androidx.test.core.app.ActivityScenario$1@f392d93
02-05 17:40:49.879 15500 15500 I ViewRootImpl@c1fde5[InstrumentationActivityInvoker$EmptyActivity]: dispatchDetachedFromWindow
02-05 17:40:49.879  1163  1796 D InputTransport: Input channel destroyed: 'ed4131c', fd=917
02-05 17:40:49.879  1163  1796 I SurfaceControl: nativeRelease nativeObject s[499038071168]
02-05 17:40:49.879  1163  1796 I SurfaceControl: nativeRelease nativeObject e[499038071168]
02-05 17:40:49.879  1163  1796 D WindowManager: isScreenshotDisabledLocked - win: Window{ed4131c u0 com.example.dogglers/androidx.test.core.app.InstrumentationActivityInvoker$EmptyActivity}
02-05 17:40:49.879  1163  1796 D WindowManager: isScreenshotDisabledLocked: userId = 0, disabled =false
02-05 17:40:49.879  1163  1796 I SurfaceControl: nativeRelease nativeObject s[499183208192]
02-05 17:40:49.879  1163  1796 I SurfaceControl: nativeRelease nativeObject e[499183208192]
02-05 17:40:49.880   789  1273 I SurfaceFlinger: id=79526 createSurf (0x0),-1 flag=24004, Surface(name=dbf3b45 InputMethod)/@0xf70bba8 - animation-leash#1
02-05 17:40:49.880  1163  1796 I SurfaceControl: nativeRelease nativeObject s[499038036416]
02-05 17:40:49.880  1163  1796 I SurfaceControl: nativeRelease nativeObject e[499038036416]
02-05 17:40:49.880   789   834 I Layer   : id=79517 removeFromCurrentState com.example.dogglers/androidx.test.core.app.InstrumentationActivityInvoker$EmptyActivity$_15500#0 (192)
02-05 17:40:49.881  1163  1796 W WindowManager: lockNow pending, ignore updating lockscreen timeout
02-05 17:40:49.882   789   835 I Layer   : id=79516 removeFromCurrentState ed4131c com.example.dogglers/androidx.test.core.app.InstrumentationActivityInvoker$EmptyActivity#0 (192)
02-05 17:40:49.882   789   835 I Layer   : id=79521 removeFromCurrentState Surface(name=dbf3b45 InputMethod)/@0xf70bba8 - animation-leash#0 (192)
02-05 17:40:49.882   789  1273 I SurfaceFlinger: id=79516 Removed ed4131c com.example.dogglers/androidx.test.core.app.InstrumentationActivityInvoker$EmptyActivity#0 (192)
02-05 17:40:49.882 15500 15500 D InputTransport: Input channel destroyed: 'ed4131c', fd=98
02-05 17:40:49.883   789  1273 I SurfaceFlinger: id=79517 Removed com.example.dogglers/androidx.test.core.app.InstrumentationActivityInvoker$EmptyActivity$_15500#0 (192)
02-05 17:40:49.884 15500 15500 D LifecycleMonitor: Lifecycle status change: androidx.test.core.app.InstrumentationActivityInvoker$EmptyActivity@9999361 in: PAUSED
02-05 17:40:49.884 15500 15500 D LifecycleMonitor: running callback: androidx.test.core.app.ActivityScenario$1@f392d93
02-05 17:40:49.884  1163  1235 I SurfaceControl: nativeRelease nativeObject s[499038981056]
02-05 17:40:49.884  1163  1235 I SurfaceControl: nativeRelease nativeObject e[499038981056]
02-05 17:40:49.884 15500 15500 V ActivityScenario: Activity lifecycle changed event received but ignored because the intent does not match. startActivityIntent=Intent { act=android.intent.action.MAIN cat=[android.intent.category.LAUNCHER] cmp=com.example.dogglers/.MainActivity }, activity.getIntent()=Intent { act=android.intent.action.MAIN cat=[android.intent.category.LAUNCHER] flg=0x10000000 cmp=com.example.dogglers/androidx.test.core.app.InstrumentationActivityInvoker$EmptyActivity }, activity=androidx.test.core.app.InstrumentationActivityInvoker$EmptyActivity@9999361
02-05 17:40:49.884 15500 15500 D LifecycleMonitor: callback completes: androidx.test.core.app.ActivityScenario$1@f392d93
02-05 17:40:49.885   789   789 I Layer   : id=79516[1] Destroyed ed4131c com.example.dogglers/androidx.test.core.app.InstrumentationActivityInvoker$EmptyActivity#0
02-05 17:40:49.885   789   789 I Layer   : id=79517[1] Destroyed com.example.dogglers/androidx.test.core.app.InstrumentationActivityInvoker$EmptyActivity$_15500#0
02-05 17:40:49.885  1163  1234 I InputDispatcher: Focus left window (15500): e80e7e4 in display 0 0
02-05 17:40:49.899   697   697 I Zygote  : Process 14407 exited due to signal 9 (Killed)
02-05 17:40:49.899   697 15538 I Zygote  : Process 14726 exited due to signal 9 (Killed)
02-05 17:40:49.899  1163  2933 I SemDvfsHyPerManager: acquire hyper - AMS_ACT_RESUME/1163@19, type = -999
02-05 17:40:49.899   726   817 I HYPER-HAL: [RequestManager.cpp]acquire(): Acquired ID : 699172  [1163 / 19]    HINT : AMS_ACT_RESUME    list :
02-05 17:40:49.899   726   817 I HYPER-HAL: [ResourceManager.cpp]updateResource(): [CPUMinFreq] UpdateResource Request ID : 699172    Value : 1687587
02-05 17:40:49.900  1163  2933 D InputDispatcher: Focused application set to (0): 6c78d2e
02-05 17:40:49.900   458   458 I lmkd    : 1(delay),0(swap), 0(freelimit) memory pressure events were skipped after a kill!
02-05 17:40:49.900   458   458 I lmkd    : cached 6, sandbox(not0) 3
02-05 17:40:49.900  1163  2933 I SurfaceControl: nativeRelease nativeObject s[499183899136]
02-05 17:40:49.900  1163  2933 I SurfaceControl: nativeRelease nativeObject e[499183899136]
02-05 17:40:49.900   789  1273 I SurfaceFlinger: id=79527 createSurf (0x0),-1 flag=24000, Surface(name=8c655e2 StatusBar)/@0x44a9b07 - animation-leash#0
02-05 17:40:49.901  1163  2933 I SurfaceControl: nativeRelease nativeObject s[499183899232]
02-05 17:40:49.901  1163  2933 I SurfaceControl: nativeRelease nativeObject e[499183899232]
02-05 17:40:49.901   789  2265 I SurfaceFlinger: id=79528 createSurf (0x0),-1 flag=24000, Surface(name=b29f82b NavigationBar0)/@0x8634759 - animation-leash#1
02-05 17:40:49.902  1163  2933 V WindowOrientationListener: getProposedRotation: 0
02-05 17:40:49.902  1163  2933 V WindowOrientationListener: getProposedRotation: 0
02-05 17:40:49.902  1163  2933 V WindowOrientationListener: getProposedRotation: 0
02-05 17:40:49.903  1163  1248 I libprocessgroup: Successfully killed process cgroup uid 1000 pid 14407 in 0ms
02-05 17:40:49.904  1163  2933 W WindowManager: lockNow pending, ignore updating lockscreen timeout
02-05 17:40:49.904   789  1272 I Layer   : id=79515 removeFromCurrentState ActivityRecord{246754a u0 com.example.dogglers/androidx.test.core.app.InstrumentationActivityInvoker$EmptyActivity t12725}#0 (192)
02-05 17:40:49.904   789  1272 I Layer   : id=79524 removeFromCurrentState Surface(name=8c655e2 StatusBar)/@0x44a9b07 - animation-leash#1 (192)
02-05 17:40:49.904   789  1272 I Layer   : id=79525 removeFromCurrentState Surface(name=b29f82b NavigationBar0)/@0x8634759 - animation-leash#0 (192)
02-05 17:40:49.906  1163  2933 W WindowManager: lockNow pending, ignore updating lockscreen timeout
02-05 17:40:49.907 15500 15500 I ViewRootImpl@4e1cd75[HorizontalListActivity]: stopped(false) old=false
02-05 17:40:49.907 15500 15500 D LifecycleMonitor: Lifecycle status change: com.example.dogglers.HorizontalListActivity@cf8b5aa in: RESUMED
02-05 17:40:49.907 15500 15500 D LifecycleMonitor: running callback: androidx.test.core.app.ActivityScenario$1@f392d93
02-05 17:40:49.907 15500 15500 V ActivityScenario: Activity lifecycle changed event received but ignored because the intent does not match. startActivityIntent=Intent { act=android.intent.action.MAIN cat=[android.intent.category.LAUNCHER] cmp=com.example.dogglers/.MainActivity }, activity.getIntent()=Intent { cmp=com.example.dogglers/.HorizontalListActivity }, activity=com.example.dogglers.HorizontalListActivity@cf8b5aa
02-05 17:40:49.907 15500 15500 D LifecycleMonitor: callback completes: androidx.test.core.app.ActivityScenario$1@f392d93
02-05 17:40:49.908  1163  1234 I SurfaceControl: nativeRelease nativeObject s[499038068672]
02-05 17:40:49.908  1163  1234 I SurfaceControl: nativeRelease nativeObject e[499038068672]
02-05 17:40:49.908 15500 15500 I SurfaceControl: nativeRelease nativeObject s[499014696832]
02-05 17:40:49.908 15500 15500 I SurfaceControl: nativeRelease nativeObject e[499014696832]
02-05 17:40:49.908 15500 15500 I SurfaceControl: nativeRelease nativeObject s[499014696640]
02-05 17:40:49.908 15500 15500 I SurfaceControl: nativeRelease nativeObject e[499014696640]
02-05 17:40:49.909   789  1272 I SurfaceFlinger: id=79515 Removed ActivityRecord{246754a u0 com.example.dogglers/androidx.test.core.app.InstrumentationActivityInvoker$EmptyActivity t12725}#0 (192)
02-05 17:40:49.909   789  1273 I SurfaceFlinger: id=79529 createSurf (0x0),-1 flag=24004, Surface(name=dbf3b45 InputMethod)/@0xf70bba8 - animation-leash#0
02-05 17:40:49.909   458   458 I lmkd    : Reclaim 'com.google.android.dialer' (22106), uid 10294, oom_adj 970, state 16 to free 164068kB; reason: low watermark is breached and swap is low (266932kB < 288356kB)
02-05 17:40:49.909 15500 15500 I ViewRootImpl@3b6fd12[InstrumentationActivityInvoker$EmptyActivity]: MSG_WINDOW_FOCUS_CHANGED 0 1
02-05 17:40:49.912  1163  1248 I libprocessgroup: Successfully killed process cgroup uid 10101 pid 14726 in 0ms
02-05 17:40:49.918   789   789 I Layer   : id=79515[1] Destroyed ActivityRecord{246754a u0 com.example.dogglers/androidx.test.core.app.InstrumentationActivityInvoker$EmptyActivity t12725}#0
02-05 17:40:49.919 15500 15565 I mali_egl: eglDestroySurface() in
02-05 17:40:49.919   789   835 I Layer   : id=79526 removeFromCurrentState Surface(name=dbf3b45 InputMethod)/@0xf70bba8 - animation-leash#1 (192)
02-05 17:40:49.919   458   458 I lmkd    : cached 5, sandbox(not0) 3
02-05 17:40:49.919 15500 15565 I mali_winsys: delete_surface() [1080x2400] return
02-05 17:40:49.919 15500 15565 I mali_egl: eglDestroySurface() out
02-05 17:40:49.919   789  2265 E BufferQueueProducer: [com.example.dogglers/androidx.test.core.app.InstrumentationActivityInvoker$EmptyActivity$_15500#1](id:315000036a7,api:0,p:-1,c:789) disconnect: not connected (req=1)
02-05 17:40:49.919 15500 15565 W libEGL  : EGLNativeWindowType 0x742faab010 disconnect failed
02-05 17:40:49.920  1163  1235 V WindowManager: Relayout Window{e80e7e4 u0 com.example.dogglers/androidx.test.core.app.InstrumentationActivityInvoker$EmptyActivity}: viewVisibility=8 req=1080x2400
02-05 17:40:49.920  1163  1235 W WindowManager: lockNow pending, ignore updating lockscreen timeout
02-05 17:40:49.920   789   789 D SurfaceFlinger: Display 21442653864348033 HWC layers:
02-05 17:40:49.920   789   789 D SurfaceFlinger:      DEVICE | 0x74084ff340 | 0002 | RGBA_8888    |    0.0    0.0 1080.0 2400.0 |    0    0 1080 2400 | com.example.dogglers/com.example.dogglers.HorizontalListActivity$_15500#0
02-05 17:40:49.920   789   789 D SurfaceFlinger:      DEVICE | 0x7428c3e6c0 | 0000 | RGBA_8888    |    0.0    0.0 1080.0   88.0 |    0    0 1080   88 | StatusBar$_1680#0
02-05 17:40:49.920   789   789 D SurfaceFlinger:      DEVICE | 0x7428c3f200 | 0000 | RGBA_8888    |    0.0    0.0 1080.0  144.0 |    0 2256 1080 2400 | NavigationBar0$_1680#0
02-05 17:40:49.920   789   789 D SurfaceFlinger:      DEVICE | 0x7408191180 | 0000 | RGBA_8888    |    0.0    0.0 1080.0  125.0 |    0    0 1080  125 | ScreenDecorOverlay$_1680#0
02-05 17:40:49.920   789   789 D SurfaceFlinger:      DEVICE | 0x7428c3f480 | 0000 | RGBA_8888    |    0.0    0.0 1080.0  112.0 |    0 2288 1080 2400 | ScreenDecorOverlayBottom$_1680#0
02-05 17:40:49.920   789   789 D SurfaceFlinger:
02-05 17:40:49.921  1163  1235 V WindowManager: Relayout hash=e80e7e4, pid=15500: mAttrs={(0,0)(fillxfill) sim={adjust=pan forwardNavigation} ty=BASE_APPLICATION wanim=0x1030001
02-05 17:40:49.921  1163  1235 V WindowManager:   fl=1810100
02-05 17:40:49.921  1163  1235 V WindowManager:   pfl=12020000
