02-05 17:40:49.921  1163  1235 V WindowManager:   fitSides= naviIconColor=0}
02-05 17:40:49.922 15500 15500 I SurfaceControl: nativeRelease nativeObject s[499183199360]
02-05 17:40:49.922 15500 15500 I SurfaceControl: nativeRelease nativeObject e[499183199360]
02-05 17:40:49.922 15500 15500 I SurfaceControl: assignNativeObject: nativeObject = 0 Surface(name=null)/@0x5c3f43f / android.view.SurfaceControl.readFromParcel:1117 android.view.IWindowSession$Stub$Proxy.relayout:1810 android.view.ViewRootImpl.relayoutWindow:9005 android.view.ViewRootImpl.performTraversals:3360 android.view.ViewRootImpl.doTraversal:2618 android.view.ViewRootImpl$TraversalRunnable.run:9971 android.view.Choreographer$CallbackRecord.run:1010 android.view.Choreographer.doCallbacks:809 android.view.Choreographer.doFrame:744 android.view.Choreographer$FrameDisplayEventReceiver.run:995
02-05 17:40:49.922 15500 15500 I SurfaceControl: assignNativeObject: nativeObject = 0 Surface(name=null)/@0x3f16ce3 / android.view.SurfaceControl.readFromParcel:1117 android.view.IWindowSession$Stub$Proxy.relayout:1820 android.view.ViewRootImpl.relayoutWindow:9005 android.view.ViewRootImpl.performTraversals:3360 android.view.ViewRootImpl.doTraversal:2618 android.view.ViewRootImpl$TraversalRunnable.run:9971 android.view.Choreographer$CallbackRecord.run:1010 android.view.Choreographer.doCallbacks:809 android.view.Choreographer.doFrame:744 android.view.Choreographer$FrameDisplayEventReceiver.run:995
02-05 17:40:49.923  1163  1796 D SamsungIMMSHWKeyboard: isConnectedDexOnPC false
02-05 17:40:49.923  1163  1796 D InputMethodManagerService: isImeSwitcherDisabledPackage : false
02-05 17:40:49.923 15500 15500 I ViewRootImpl@3b6fd12[InstrumentationActivityInvoker$EmptyActivity]: Relayout returned: old=(0,0,1080,2400) new=(0,0,1080,2400) req=(1080,2400)8 dur=2 res=0x5 s={false 0} ch=true fn=2
02-05 17:40:49.923 15500 15500 I SurfaceControl: nativeRelease nativeObject s[499183199360]
02-05 17:40:49.923 15500 15500 I SurfaceControl: nativeRelease nativeObject e[499183199360]
02-05 17:40:49.924   458   458 I lmkd    : Reclaim 'com.google.android.gms.unstable' (12080), uid 10237, oom_adj 965, state 19 to free 230860kB; reason: low watermark is breached and swap is low (287412kB < 288356kB)
02-05 17:40:49.924   726   817 I HYPER-HAL: [ResourceManager.cpp]removeResource(): [CPUMinFreq] RemoveResource Request ID : 699172
02-05 17:40:49.924   726   817 I HYPER-HAL: [RequestManager.cpp]releaseLocked(): Released ID : 699172
02-05 17:40:49.925 15500 15500 I ViewRootImpl@3b6fd12[InstrumentationActivityInvoker$EmptyActivity]: stopped(true) old=false
02-05 17:40:49.925 15500 15500 D LifecycleMonitor: Lifecycle status change: androidx.test.core.app.InstrumentationActivityInvoker$EmptyActivity@9999361 in: STOPPED
02-05 17:40:49.925 15500 15500 D LifecycleMonitor: running callback: androidx.test.core.app.ActivityScenario$1@f392d93
02-05 17:40:49.925 15500 15500 V ActivityScenario: Activity lifecycle changed event received but ignored because the intent does not match. startActivityIntent=Intent { act=android.intent.action.MAIN cat=[android.intent.category.LAUNCHER] cmp=com.example.dogglers/.MainActivity }, activity.getIntent()=Intent { act=android.intent.action.MAIN cat=[android.intent.category.LAUNCHER] flg=0x10000000 cmp=com.example.dogglers/androidx.test.core.app.InstrumentationActivityInvoker$EmptyActivity }, activity=androidx.test.core.app.InstrumentationActivityInvoker$EmptyActivity@9999361
02-05 17:40:49.925 15500 15500 D LifecycleMonitor: callback completes: androidx.test.core.app.ActivityScenario$1@f392d93
02-05 17:40:49.926 15500 15500 D LifecycleMonitor: Lifecycle status change: androidx.test.core.app.InstrumentationActivityInvoker$EmptyActivity@9999361 in: DESTROYED
02-05 17:40:49.926 15500 15500 D LifecycleMonitor: running callback: androidx.test.core.app.ActivityScenario$1@f392d93
02-05 17:40:49.927 15500 15500 V ActivityScenario: Activity lifecycle changed event received but ignored because the intent does not match. startActivityIntent=Intent { act=android.intent.action.MAIN cat=[android.intent.category.LAUNCHER] cmp=com.example.dogglers/.MainActivity }, activity.getIntent()=Intent { act=android.intent.action.MAIN cat=[android.intent.category.LAUNCHER] flg=0x10000000 cmp=com.example.dogglers/androidx.test.core.app.InstrumentationActivityInvoker$EmptyActivity }, activity=androidx.test.core.app.InstrumentationActivityInvoker$EmptyActivity@9999361
02-05 17:40:49.927 15500 15500 D LifecycleMonitor: callback completes: androidx.test.core.app.ActivityScenario$1@f392d93
02-05 17:40:49.927 15500 15500 I ViewRootImpl@3b6fd12[InstrumentationActivityInvoker$EmptyActivity]: dispatchDetachedFromWindow
02-05 17:40:49.927  1163  1235 D InputTransport: Input channel destroyed: 'e80e7e4', fd=916
02-05 17:40:49.927  1163  1235 I SurfaceControl: nativeRelease nativeObject s[496884988096]
02-05 17:40:49.927  1163  1235 I SurfaceControl: nativeRelease nativeObject e[496884988096]
02-05 17:40:49.927  1163  1235 D WindowManager: isScreenshotDisabledLocked - win: Window{e80e7e4 u0 com.example.dogglers/androidx.test.core.app.InstrumentationActivityInvoker$EmptyActivity}
02-05 17:40:49.927  1163  1235 D WindowManager: isScreenshotDisabledLocked: userId = 0, disabled =false
02-05 17:40:49.928  1163  1235 I SurfaceControl: nativeRelease nativeObject s[496867020704]
02-05 17:40:49.928  1163  1235 I SurfaceControl: nativeRelease nativeObject e[496867020704]
02-05 17:40:49.928   789  1272 I SurfaceFlinger: id=79530 createSurf (0x0),-1 flag=24004, Surface(name=dbf3b45 InputMethod)/@0xf70bba8 - animation-leash#1
02-05 17:40:49.928  1163  1235 I SurfaceControl: nativeRelease nativeObject s[499038030176]
02-05 17:40:49.928  1163  1235 I SurfaceControl: nativeRelease nativeObject e[499038030176]
02-05 17:40:49.928   789   835 I Layer   : id=79523 removeFromCurrentState com.example.dogglers/androidx.test.core.app.InstrumentationActivityInvoker$EmptyActivity$_15500#1 (193)
02-05 17:40:49.929  1163  1235 W WindowManager: lockNow pending, ignore updating lockscreen timeout
02-05 17:40:49.930   789  1272 I Layer   : id=79529 removeFromCurrentState Surface(name=dbf3b45 InputMethod)/@0xf70bba8 - animation-leash#0 (193)
02-05 17:40:49.930   789  1272 I Layer   : id=60 removeFromCurrentState dbf3b45 InputMethod#0 (193)
02-05 17:40:49.930   789  1272 I Layer   : id=79522 removeFromCurrentState e80e7e4 com.example.dogglers/androidx.test.core.app.InstrumentationActivityInvoker$EmptyActivity#0 (193)
02-05 17:40:49.930   789  1272 I Layer   : id=60 addToCurrentState dbf3b45 InputMethod#0 (193)
02-05 17:40:49.930 15500 15500 D InputTransport: Input channel destroyed: 'e80e7e4', fd=114
02-05 17:40:49.930   789  1273 I SurfaceFlinger: id=79523 Removed com.example.dogglers/androidx.test.core.app.InstrumentationActivityInvoker$EmptyActivity$_15500#1 (193)
02-05 17:40:49.931   789  1273 I SurfaceFlinger: id=79522 Removed e80e7e4 com.example.dogglers/androidx.test.core.app.InstrumentationActivityInvoker$EmptyActivity#0 (193)
02-05 17:40:49.931  1163  1796 I SurfaceControl: nativeRelease nativeObject s[496871092704]
02-05 17:40:49.931  1163  1796 I SurfaceControl: nativeRelease nativeObject e[496871092704]
02-05 17:40:49.935   789   789 I Layer   : id=79522[1] Destroyed e80e7e4 com.example.dogglers/androidx.test.core.app.InstrumentationActivityInvoker$EmptyActivity#0
02-05 17:40:49.936   789   789 I Layer   : id=79523[1] Destroyed com.example.dogglers/androidx.test.core.app.InstrumentationActivityInvoker$EmptyActivity$_15500#1
02-05 17:40:49.936   789  1272 I Layer   : id=79520 removeFromCurrentState ActivityRecord{a32a6d9 u0 com.example.dogglers/androidx.test.core.app.InstrumentationActivityInvoker$EmptyActivity t12725}#0 (191)
02-05 17:40:49.936  1163  1796 I InputDispatcher: Focus entered window (15500): 3881406 in display 0 0
02-05 17:40:49.936   789  1272 I SurfaceFlinger: id=79520 Removed ActivityRecord{a32a6d9 u0 com.example.dogglers/androidx.test.core.app.InstrumentationActivityInvoker$EmptyActivity t12725}#0 (191)
02-05 17:40:49.936 15500 15500 I ViewRootImpl@4e1cd75[HorizontalListActivity]: MSG_WINDOW_FOCUS_CHANGED 1 1
02-05 17:40:49.936 15500 15500 D InputMethodManager: prepareNavigationBarInfo() DecorView@b76376f[HorizontalListActivity]
02-05 17:40:49.936  1163  1240 I SurfaceControl: nativeRelease nativeObject s[496871095008]
02-05 17:40:49.936 15500 15500 D InputMethodManager: getNavigationBarColor() -16711423
02-05 17:40:49.936  1163  1240 I SurfaceControl: nativeRelease nativeObject e[496871095008]
02-05 17:40:49.937  1163  1240 I SurfaceControl: nativeRelease nativeObject s[499038070976]
02-05 17:40:49.937  1163  1240 I SurfaceControl: nativeRelease nativeObject e[499038070976]
02-05 17:40:49.937  1163  1240 I SurfaceControl: nativeRelease nativeObject s[496871094912]
02-05 17:40:49.937  1163  1240 I SurfaceControl: nativeRelease nativeObject e[496871094912]
02-05 17:40:49.937 15500 15500 D InputMethodManager: prepareNavigationBarInfo() DecorView@b76376f[HorizontalListActivity]
02-05 17:40:49.937 15500 15500 D InputMethodManager: getNavigationBarColor() -16711423
02-05 17:40:49.937 15500 15500 V InputMethodManager: Starting input: tba=com.example.dogglers ic=null mNaviBarColor -16711423 mIsGetNaviBarColorSuccess true , NavVisible : true , NavTrans : false
02-05 17:40:49.937 15500 15500 D InputMethodManager: startInputInner - Id : 0
02-05 17:40:49.937 15500 15500 I InputMethodManager: startInputInner - mService.startInputOrWindowGainedFocus
02-05 17:40:49.937  1163  1796 D InputMethodManagerService: mSecureKeypadEnabled = false
02-05 17:40:49.939  1163  1240 I SurfaceControl: nativeRelease nativeObject s[496871102400]
02-05 17:40:49.939  1163  1240 I SurfaceControl: nativeRelease nativeObject e[496871102400]
02-05 17:40:49.939  1163  1240 I SurfaceControl: nativeRelease nativeObject s[496867017920]
02-05 17:40:49.939  1163  1240 I SurfaceControl: nativeRelease nativeObject e[496867017920]
02-05 17:40:49.940  1163  1240 W WindowManager: lockNow pending, ignore updating lockscreen timeout
02-05 17:40:49.940   789   835 I Layer   : id=79508 removeFromCurrentState Surface(name=ActivityRecord{103fc72 u0 com.example.dogglers/.MainActivity t12725})/@0xa1720cd - animation-leash#0 (191)
02-05 17:40:49.940   789   835 I Layer   : id=79511 removeFromCurrentState Surface(name=ActivityRecord{103fc72 u0 com.example.dogglers/.MainActivity t12725})/@0xa1720cd - animation-bounds#0 (191)
02-05 17:40:49.940   789   835 I Layer   : id=79509 removeFromCurrentState Dim Layer for - Task=12725 - animating-dim#0 (191)
02-05 17:40:49.940   789   835 I Layer   : id=79512 removeFromCurrentState Surface(name=ActivityRecord{6c78d2e u0 com.example.dogglers/.HorizontalListActivity t12725})/@0x7e562af - animation-leash#0 (191)
02-05 17:40:49.940   789   835 I Layer   : id=79513 removeFromCurrentState Surface(name=ActivityRecord{6c78d2e u0 com.example.dogglers/.HorizontalListActivity t12725})/@0x7e562af - animation-bounds#0 (191)
02-05 17:40:49.940   789   835 I SurfaceFlinger: id=79508 Removed Surface(name=ActivityRecord{103fc72 u0 com.example.dogglers/.MainActivity t12725})/@0xa1720cd - animation-leash#0 (191)
02-05 17:40:49.940   789   835 I SurfaceFlinger: id=79511 Removed Surface(name=ActivityRecord{103fc72 u0 com.example.dogglers/.MainActivity t12725})/@0xa1720cd - animation-bounds#0 (191)
02-05 17:40:49.940   789  1273 I SurfaceFlinger: id=79513 Removed Surface(name=ActivityRecord{6c78d2e u0 com.example.dogglers/.HorizontalListActivity t12725})/@0x7e562af - animation-bounds#0 (191)
02-05 17:40:49.940   789  1272 I SurfaceFlinger: id=79509 Removed Dim Layer for - Task=12725 - animating-dim#0 (191)
02-05 17:40:49.940   789  2265 I SurfaceFlinger: id=79512 Removed Surface(name=ActivityRecord{6c78d2e u0 com.example.dogglers/.HorizontalListActivity t12725})/@0x7e562af - animation-leash#0 (191)
02-05 17:40:49.941  1163  1240 W WindowManager: lockNow pending, ignore updating lockscreen timeout
02-05 17:40:49.941  1163  1796 V InputMethodManagerService: hideCurrentInputLocked : shouldHideSoftInput is false
02-05 17:40:49.942  1163  1796 D InputMethodManagerService: DESKTOP MODE! : 2
02-05 17:40:49.942  1163  1796 D InputMethodManagerService: NOT IN KNOX DESKTOP MODE!
02-05 17:40:49.942  1163  1796 V InputMethodManagerService: getDisplayIdOfInputMethodWindowToBeAdded : 0
02-05 17:40:49.942  1163  1796 D InputMethodManagerService: checkDisplayOfStartInputAndUpdateKeyboard display Id 0last 0
02-05 17:40:49.942  1163  1796 D InputTransport: Input channel constructed: 'ClientS', fd=916
02-05 17:40:49.942  1163  1796 D InputTransport: Input channel destroyed: 'ClientS', fd=916
02-05 17:40:49.942 15500 15500 D InputTransport: Input channel constructed: 'ClientS', fd=98
02-05 17:40:49.942 15500 15500 D InputTransport: Input channel destroyed: 'ClientS', fd=115
02-05 17:40:49.946   458   458 I lmkd    : 1(delay),0(swap), 0(freelimit) memory pressure events were skipped after a kill!
02-05 17:40:49.951  3640  3640 I GoogleInputMethodService: GoogleInputMethodService.onFinishInput():3316
02-05 17:40:49.952   789   789 I Layer   : id=79509[1] Destroyed Dim Layer for - Task=12725 - animating-dim#0
02-05 17:40:49.952   789   789 I Layer   : id=79520[1] Destroyed ActivityRecord{a32a6d9 u0 com.example.dogglers/androidx.test.core.app.InstrumentationActivityInvoker$EmptyActivity t12725}#0
02-05 17:40:49.952   789   789 I Layer   : id=79511[1] Destroyed Surface(name=ActivityRecord{103fc72 u0 com.example.dogglers/.MainActivity t12725})/@0xa1720cd - animation-bounds#0
02-05 17:40:49.952   789   789 I Layer   : id=79508[1] Destroyed Surface(name=ActivityRecord{103fc72 u0 com.example.dogglers/.MainActivity t12725})/@0xa1720cd - animation-leash#0
02-05 17:40:49.953   789   789 I Layer   : id=79513[1] Destroyed Surface(name=ActivityRecord{6c78d2e u0 com.example.dogglers/.HorizontalListActivity t12725})/@0x7e562af - animation-bounds#0
02-05 17:40:49.953   789   789 I Layer   : id=79512[1] Destroyed Surface(name=ActivityRecord{6c78d2e u0 com.example.dogglers/.HorizontalListActivity t12725})/@0x7e562af - animation-leash#0
02-05 17:40:49.953 15500 15565 I mali_egl: eglDestroySurface() in
02-05 17:40:49.953  1163  1240 W WindowManager: lockNow pending, ignore updating lockscreen timeout
02-05 17:40:49.954 15500 15565 I mali_winsys: delete_surface() [1080x2400] return
02-05 17:40:49.954 15500 15565 I mali_egl: eglDestroySurface() out
02-05 17:40:49.954   789  1272 E BufferQueueProducer: [com.example.dogglers/com.example.dogglers.MainActivity$_15500#0](id:315000036a4,api:0,p:-1,c:789) disconnect: not connected (req=1)
02-05 17:40:49.954 15500 15565 W libEGL  : EGLNativeWindowType 0x742fb74010 disconnect failed
02-05 17:40:49.954  1163  1796 V WindowManager: Relayout Window{bc608b3 u0 com.example.dogglers/com.example.dogglers.MainActivity}: viewVisibility=8 req=1080x2400
02-05 17:40:49.955  1163  1796 W WindowManager: lockNow pending, ignore updating lockscreen timeout
02-05 17:40:49.956  1163  1796 V WindowManager: Relayout hash=bc608b3, pid=15500: mAttrs={(0,0)(fillxfill) sim={adjust=pan forwardNavigation} ty=BASE_APPLICATION wanim=0x1030304
02-05 17:40:49.956  1163  1796 V WindowManager:   fl=81810100
02-05 17:40:49.956  1163  1796 V WindowManager:   pfl=12020000
02-05 17:40:49.956  1163  1796 V WindowManager:   fitSides= naviIconColor=0}
02-05 17:40:49.956 15500 15500 I SurfaceControl: nativeRelease nativeObject s[499014698464]
02-05 17:40:49.956 15500 15500 I SurfaceControl: nativeRelease nativeObject e[499014698464]
02-05 17:40:49.956 15500 15500 I SurfaceControl: assignNativeObject: nativeObject = 0 Surface(name=null)/@0x94610c / android.view.SurfaceControl.readFromParcel:1117 android.view.IWindowSession$Stub$Proxy.relayout:1810 android.view.ViewRootImpl.relayoutWindow:9005 android.view.ViewRootImpl.performTraversals:3360 android.view.ViewRootImpl.doTraversal:2618 android.view.ViewRootImpl$TraversalRunnable.run:9971 android.view.Choreographer$CallbackRecord.run:1010 android.view.Choreographer.doCallbacks:809 android.view.Choreographer.doFrame:744 android.view.Choreographer$FrameDisplayEventReceiver.run:995
02-05 17:40:49.956 15500 15500 I SurfaceControl: assignNativeObject: nativeObject = 0 Surface(name=null)/@0xa46e3b5 / android.view.SurfaceControl.readFromParcel:1117 android.view.IWindowSession$Stub$Proxy.relayout:1820 android.view.ViewRootImpl.relayoutWindow:9005 android.view.ViewRootImpl.performTraversals:3360 android.view.ViewRootImpl.doTraversal:2618 android.view.ViewRootImpl$TraversalRunnable.run:9971 android.view.Choreographer$CallbackRecord.run:1010 android.view.Choreographer.doCallbacks:809 android.view.Choreographer.doFrame:744 android.view.Choreographer$FrameDisplayEventReceiver.run:995
02-05 17:40:49.957 15500 15500 I ViewRootImpl@e9ade54[MainActivity]: Relayout returned: old=(0,0,1080,2400) new=(0,0,1080,2400) req=(1080,2400)8 dur=2 res=0x5 s={false 0} ch=true fn=27
02-05 17:40:49.957 15500 15500 I ViewRootImpl@e9ade54[MainActivity]: stopped(true) old=false
02-05 17:40:49.957 15500 15500 D LifecycleMonitor: Lifecycle status change: com.example.dogglers.MainActivity@500efda in: STOPPED
02-05 17:40:49.957 15500 15500 D LifecycleMonitor: running callback: androidx.test.core.app.ActivityScenario$1@f392d93
02-05 17:40:49.958 15500 15500 V ActivityScenario: Update currentActivityStage to STOPPED, currentActivity=com.example.dogglers.MainActivity@500efda
02-05 17:40:49.958 15500 15500 D LifecycleMonitor: callback completes: androidx.test.core.app.ActivityScenario$1@f392d93
02-05 17:40:49.958 15500 15500 D LifecycleMonitor: Lifecycle status change: com.example.dogglers.MainActivity@500efda in: DESTROYED
02-05 17:40:49.958 15500 15500 D LifecycleMonitor: running callback: androidx.test.core.app.ActivityScenario$1@f392d93
02-05 17:40:49.958 15500 15500 V ActivityScenario: Update currentActivityStage to DESTROYED, currentActivity=null
02-05 17:40:49.958 15500 15500 D LifecycleMonitor: callback completes: androidx.test.core.app.ActivityScenario$1@f392d93
02-05 17:40:49.959 15500 15559 E TestRunner: failed: clicking_horizontal_list_button_displays_horizontal_list(com.example.dogglers.ButtonTests)
02-05 17:40:49.959 15500 15559 E TestRunner: ----- begin exception -----
02-05 17:40:49.959 15500 15500 I ViewRootImpl@e9ade54[MainActivity]: dispatchDetachedFromWindow
02-05 17:40:49.960 15500 15559 E TestRunner: androidx.test.espresso.base.DefaultFailureHandler$AssertionFailedWithCauseError: 'is displayed on the screen to the user' doesn't match the selected view.
02-05 17:40:49.960 15500 15559 E TestRunner: Expected: is displayed on the screen to the user
02-05 17:40:49.960 15500 15559 E TestRunner:      Got: "RecyclerView{id=2131230909, res-name=horizontal_recycler_view, visibility=VISIBLE, width=1080, height=0, has-focus=false, has-focusable=true, has-window-focus=true, is-clickable=false, is-enabled=true, is-focused=false, is-focusable=true, is-layout-requested=false, is-selected=false, layout-params=android.widget.FrameLayout$LayoutParams@e1eb657, tag=null, root-is-layout-requested=false, has-input-connection=false, x=0.0, y=1000.0, child-count=0}"
02-05 17:40:49.960 15500 15559 E TestRunner:
02-05 17:40:49.960 15500 15559 E TestRunner: 	at dalvik.system.VMStack.getThreadStackTrace(Native Method)
02-05 17:40:49.960 15500 15559 E TestRunner: 	at java.lang.Thread.getStackTrace(Thread.java:1736)
02-05 17:40:49.960 15500 15559 E TestRunner: 	at androidx.test.espresso.base.DefaultFailureHandler.getUserFriendlyError(DefaultFailureHandler.java:16)
02-05 17:40:49.960 15500 15559 E TestRunner: 	at androidx.test.espresso.base.DefaultFailureHandler.handle(DefaultFailureHandler.java:36)
02-05 17:40:49.960 15500 15559 E TestRunner: 	at androidx.test.espresso.ViewInteraction.waitForAndHandleInteractionResults(ViewInteraction.java:103)
02-05 17:40:49.960 15500 15559 E TestRunner: 	at androidx.test.espresso.ViewInteraction.check(ViewInteraction.java:31)
02-05 17:40:49.960 15500 15559 E TestRunner: 	at com.example.dogglers.ButtonTests.clicking_horizontal_list_button_displays_horizontal_list(ButtonTests.kt:61)
02-05 17:40:49.960 15500 15559 E TestRunner: 	at java.lang.reflect.Method.invoke(Native Method)
02-05 17:40:49.960 15500 15559 E TestRunner: 	at org.junit.runners.model.FrameworkMethod$1.runReflectiveCall(FrameworkMethod.java:50)
02-05 17:40:49.960 15500 15559 E TestRunner: 	at org.junit.internal.runners.model.ReflectiveCallable.run(ReflectiveCallable.java:12)
02-05 17:40:49.960 15500 15559 E TestRunner: 	at org.junit.runners.model.FrameworkMethod.invokeExplosively(FrameworkMethod.java:47)
02-05 17:40:49.960 15500 15559 E TestRunner: 	at org.junit.internal.runners.statements.InvokeMethod.evaluate(InvokeMethod.java:17)
02-05 17:40:49.960 15500 15559 E TestRunner: 	at org.junit.rules.ExternalResource$1.evaluate(ExternalResource.java:48)
02-05 17:40:49.960 15500 15559 E TestRunner: 	at org.junit.rules.RunRules.evaluate(RunRules.java:20)
02-05 17:40:49.960 15500 15559 E TestRunner: 	at org.junit.runners.ParentRunner.runLeaf(ParentRunner.java:325)
02-05 17:40:49.960 15500 15559 E TestRunner: 	at org.junit.runners.BlockJUnit4ClassRunner.runChild(BlockJUnit4ClassRunner.java:78)
02-05 17:40:49.960 15500 15559 E TestRunner: 	at org.junit.runners.BlockJUnit4ClassRunner.runChild(BlockJUnit4ClassRunner.java:57)
02-05 17:40:49.960 15500 15559 E TestRunner: 	at org.junit.runners.ParentRunner$3.run(ParentRunner.java:290)
02-05 17:40:49.960 15500 15559 E TestRunner: 	at org.junit.runners.ParentRunner$1.schedule(ParentRunner.java:71)
02-05 17:40:49.960 15500 15559 E TestRunner: 	at org.junit.runners.ParentRunner.runChildren(ParentRunner.java:288)
02-05 17:40:49.960 15500 15559 E TestRunner: 	at org.junit.runners.ParentRunner.access$000(ParentRunner.java:58)
02-05 17:40:49.960 15500 15559 E TestRunner: 	at org.junit.runners.ParentRunner$2.evaluate(ParentRunner.java:268)
02-05 17:40:49.960 15500 15559 E TestRunner: 	at org.junit.runners.ParentRunner.run(ParentRunner.java:363)
02-05 17:40:49.960 15500 15559 E TestRunner: 	at androidx.test.ext.junit.runners.AndroidJUnit4.run(AndroidJUnit4.java:154)
02-05 17:40:49.960 15500 15559 E TestRunner: 	at org.junit.runners.Suite.runChild(Suite.java:128)
02-05 17:40:49.960 15500 15559 E TestRunner: 	at org.junit.runners.Suite.runChild(Suite.java:27)
02-05 17:40:49.960 15500 15559 E TestRunner: 	at org.junit.runners.ParentRunner$3.run(ParentRunner.java:290)
02-05 17:40:49.960 15500 15559 E TestRunner: 	at org.junit.runners.ParentRunner$1.schedule(ParentRunner.java:71)
02-05 17:40:49.960 15500 15559 E TestRunner: 	at org.junit.runners.ParentRunner.runChildren(ParentRunner.java:288)
02-05 17:40:49.960 15500 15559 E TestRunner: 	at org.junit.runners.ParentRunner.access$000(ParentRunner.java:58)
02-05 17:40:49.960 15500 15559 E TestRunner: 	at org.junit.runners.ParentRunner$2.evaluate(ParentRunner.java:268)
02-05 17:40:49.960 15500 15559 E TestRunner: 	at org.junit.runners.ParentRunner.run(ParentRunner.java:363)
02-05 17:40:49.960 15500 15559 E TestRunner: 	at org.junit.runner.JUnitCore.run(JUnitCore.java:137)
02-05 17:40:49.960 15500 15559 E TestRunner: 	at org.junit.runner.JUnitCore.run(JUnitCore.java:115)
02-05 17:40:49.960 15500 15559 E TestRunner: 	at androidx.test.internal.runner.TestExecutor.execute(TestExecutor.java:56)
02-05 17:40:49.960 15500 15559 E TestRunner: 	at androidx.test.runner.AndroidJUnitRunner.onStart(AndroidJUnitRunner.java:395)
02-05 17:40:49.960 15500 15559 E TestRunner: 	at android.app.Instrumentation$InstrumentationThread.run(Instrumentation.java:2218)
02-05 17:40:49.960 15500 15559 E TestRunner: Caused by: junit.framework.AssertionFailedError: 'is displayed on the screen to the user' doesn't match the selected view.
02-05 17:40:49.960 15500 15559 E TestRunner: Expected: is displayed on the screen to the user
02-05 17:40:49.960 15500 15559 E TestRunner:      Got: "RecyclerView{id=2131230909, res-name=horizontal_recycler_view, visibility=VISIBLE, width=1080, height=0, has-focus=false, has-focusable=true, has-window-focus=true, is-clickable=false, is-enabled=true, is-focused=false, is-focusable=true, is-layout-requested=false, is-selected=false, layout-params=android.widget.FrameLayout$LayoutParams@e1eb657, tag=null, root-is-layout-requested=false, has-input-connection=false, x=0.0, y=1000.0, child-count=0}"
02-05 17:40:49.960 15500 15559 E TestRunner: 	at androidx.test.espresso.matcher.ViewMatchers.assertThat(ViewMatchers.java:17)
02-05 17:40:49.960 15500 15559 E TestRunner: 	at androidx.test.espresso.assertion.ViewAssertions$MatchesViewAssertion.check(ViewAssertions.java:15)
02-05 17:40:49.960 15500 15559 E TestRunner: 	at androidx.test.espresso.ViewInteraction$SingleExecutionViewAssertion.check(ViewInteraction.java:10)
02-05 17:40:49.960 15500 15559 E TestRunner: 	at androidx.test.espresso.ViewInteraction$2.call(ViewInteraction.java:11)
02-05 17:40:49.960 15500 15559 E TestRunner: 	at androidx.test.espresso.ViewInteraction$2.call(ViewInteraction.java:2)
02-05 17:40:49.960 15500 15559 E TestRunner: 	at java.util.concurrent.FutureTask.run(FutureTask.java:266)
02-05 17:40:49.960 15500 15559 E TestRunner: 	at android.os.Handler.handleCallback(Handler.java:938)
02-05 17:40:49.960 15500 15559 E TestRunner: 	at android.os.Handler.dispatchMessage(Handler.java:99)
02-05 17:40:49.960 15500 15559 E TestRunner: 	at android.os.Looper.loop(Looper.java:246)
02-05 17:40:49.960 15500 15559 E TestRunner: 	at android.app.ActivityThread.main(ActivityThread.java:8633)
02-05 17:40:49.960 15500 15559 E TestRunner: 	at java.lang.reflect.Method.invoke(Native Method)
02-05 17:40:49.960 15500 15559 E TestRunner: 	at com.android.internal.os.RuntimeInit$MethodAndArgsCaller.run(RuntimeInit.java:602)
02-05 17:40:49.960 15500 15559 E TestRunner: 	at com.android.internal.os.ZygoteInit.main(ZygoteInit.java:1130)
02-05 17:40:49.960 15500 15559 E TestRunner: ----- end exception -----
02-05 17:40:49.960  1163  2933 D InputTransport: Input channel destroyed: 'bc608b3', fd=921
02-05 17:40:49.960  1163  2933 I SurfaceControl: nativeRelease nativeObject s[497264240064]
02-05 17:40:49.960  1163  2933 I SurfaceControl: nativeRelease nativeObject e[497264240064]
02-05 17:40:49.960  1163  2933 D WindowManager: isScreenshotDisabledLocked - win: Window{bc608b3 u0 com.example.dogglers/com.example.dogglers.MainActivity}
02-05 17:40:49.960  1163  2933 D WindowManager: isScreenshotDisabledLocked: userId = 0, disabled =false
02-05 17:40:49.960  1163  2933 I SurfaceControl: nativeRelease nativeObject s[496884988384]
02-05 17:40:49.960  1163  2933 I SurfaceControl: nativeRelease nativeObject e[496884988384]
02-05 17:40:49.960   789  2265 I Layer   : id=79498 removeFromCurrentState com.example.dogglers/com.example.dogglers.MainActivity$_15500#0 (185)
02-05 17:40:49.961 15500 15559 I TestRunner: finished: clicking_horizontal_list_button_displays_horizontal_list(com.example.dogglers.ButtonTests)
