02-05 17:41:01.284 15500 15559 I TestRunner: started: horizontal_scroll_content_at_first_position(com.example.dogglers.HorizontalListTests)
02-05 17:41:01.284   789   835 I Layer   : id=80007 removeFromCurrentState f583a7e com.example.dogglers/androidx.test.core.app.InstrumentationActivityInvoker$EmptyActivity#0 (200)
02-05 17:41:01.285   789   835 I SurfaceFlinger: id=80008 Removed com.example.dogglers/androidx.test.core.app.InstrumentationActivityInvoker$EmptyActivity$_15500#1 (200)
02-05 17:41:01.285 15500 15500 D InputTransport: Input channel destroyed: 'f583a7e', fd=90
02-05 17:41:01.285   789   835 I SurfaceFlinger: id=80007 Removed f583a7e com.example.dogglers/androidx.test.core.app.InstrumentationActivityInvoker$EmptyActivity#0 (200)
02-05 17:41:01.286  1163  2104 I SurfaceControl: nativeRelease nativeObject s[496785827808]
02-05 17:41:01.286  1163  2104 I SurfaceControl: nativeRelease nativeObject e[496785827808]
02-05 17:41:01.286  1163  2104 I SurfaceControl: nativeRelease nativeObject s[499183885856]
02-05 17:41:01.286  1163  2104 I SurfaceControl: nativeRelease nativeObject e[499183885856]
02-05 17:41:01.287  1163  1240 W WindowManager: lockNow pending, ignore updating lockscreen timeout
02-05 17:41:01.288   789   835 I Layer   : id=80006 removeFromCurrentState ActivityRecord{1499fe8 u0 com.example.dogglers/androidx.test.core.app.InstrumentationActivityInvoker$EmptyActivity t12737}#0 (200)
02-05 17:41:01.288   789   835 I Layer   : id=79985 removeFromCurrentState Task=12737#0 (200)
02-05 17:41:01.289   789   835 I SurfaceFlinger: id=80006 Removed ActivityRecord{1499fe8 u0 com.example.dogglers/androidx.test.core.app.InstrumentationActivityInvoker$EmptyActivity t12737}#0 (200)
02-05 17:41:01.289   789   835 I SurfaceFlinger: id=79985 Removed Task=12737#0 (200)
02-05 17:41:01.291   789   789 I Layer   : id=79985[1] Destroyed Task=12737#0
02-05 17:41:01.291   789   789 I Layer   : id=80006[1] Destroyed ActivityRecord{1499fe8 u0 com.example.dogglers/androidx.test.core.app.InstrumentationActivityInvoker$EmptyActivity t12737}#0
02-05 17:41:01.291   789   789 I Layer   : id=80007[1] Destroyed f583a7e com.example.dogglers/androidx.test.core.app.InstrumentationActivityInvoker$EmptyActivity#0
02-05 17:41:01.291   789   789 I Layer   : id=80008[1] Destroyed com.example.dogglers/androidx.test.core.app.InstrumentationActivityInvoker$EmptyActivity$_15500#1
02-05 17:41:01.294 15500 15559 W Settings: Setting always_finish_activities has moved from android.provider.Settings.System to android.provider.Settings.Global, returning read-only value.
02-05 17:41:01.298  1163  2602 I SemDvfsHyPerManager: acquire hyper - AMS_APP_SWITCH/1163@24, type = -999
02-05 17:41:01.298   726   817 I HYPER-HAL: [RequestManager.cpp]acquire(): Acquired ID : 705102  [1163 / 24]    HINT : AMS_APP_SWITCH    list :
02-05 17:41:01.298   789   835 I SurfaceFlinger: id=80020 createSurf (0x0),-1 flag=24004, Task=12738#0
02-05 17:41:01.299  4183  4183 I SemDvfsHyPerManager: acquire hyper - com.sec.android.sdhms/4183@9, type = -999
02-05 17:41:01.299   726   817 I HYPER-HAL: [ResourceManager.cpp]updateResource(): [CPUMinFreq] UpdateResource Request ID : 705102    Value : 2623359
02-05 17:41:01.299   726   817 I HYPER-HAL: [RequestManager.cpp]acquire(): Acquired ID : 8788537  [4183 / 9]    HINT : APP_START    list :
02-05 17:41:01.299   726   817 I HYPER-HAL: [ResourceManager.cpp]updateResource(): [CPUMaxFreq] UpdateResource Request ID : 8788537    Value : 2730000
02-05 17:41:01.299   789   835 I SurfaceFlinger: id=80021 createSurf (0x0),-1 flag=80004, ActivityRecord{2e496bb u0 com.example.dogglers/androidx.test.core.app.InstrumentationActivityInvoker$BootstrapActivity t12738}#0
02-05 17:41:01.301  1163  1796 V WindowOrientationListener: getProposedRotation: 0
02-05 17:41:01.302  2669 16444 E pageboostd: prefetch start : app comgoogleandroidcalculator
02-05 17:41:01.302  1163  1796 W WindowManager: lockNow pending, ignore updating lockscreen timeout
02-05 17:41:01.302   678   678 E audit   : type=1400 audit(1644093661.299:96897): avc:  denied  { search } for  pid=2669 comm="pageboostd" name="com.google.android.gms" dev="sda32" ino=2371 scontext=u:r:pageboostd:s0 tcontext=u:object_r:privapp_data_file:s0:c512,c768 tclass=dir permissive=0 SEPF_SM-G780F_11_0010 audit_filtered
02-05 17:41:01.302   678   678 E audit   : type=1300 audit(1644093661.299:96897): arch=c00000b7 syscall=56 success=no exit=-13 a0=ffffff9c a1=79f1a58b60 a2=0 a3=0 items=0 ppid=1 pid=2669 auid=4294967295 uid=1000 gid=1000 euid=1000 suid=1000 fsuid=1000 egid=1000 sgid=1000 fsgid=1000 tty=(none) ses=4294967295 comm="pageboostd" exe="/system/bin/pageboostd" subj=u:r:pageboostd:s0 key=(null)
02-05 17:41:01.302   678   678 E audit   : type=1327 audit(1644093661.299:96897): proctitle="/system/bin/pageboostd"
02-05 17:41:01.302   678   678 E audit   : type=1400 audit(1644093661.299:96898): avc:  denied  { search } for  pid=2669 comm="pageboostd" name="com.google.android.gms" dev="sda32" ino=2371 scontext=u:r:pageboostd:s0 tcontext=u:object_r:privapp_data_file:s0:c512,c768 tclass=dir permissive=0 SEPF_SM-G780F_11_0010 audit_filtered
02-05 17:41:01.303  2669  2669 E pageboostd: Received Reclaim command code 3, 92MB
02-05 17:41:01.303  1163  1796 I SemDvfsHyPerManager: acquire hyper - AMS_APP_LAUNCH/1163@21, type = -999
02-05 17:41:01.303  2669 16444 E pageboostd: comgoogleandroidcalculator, amt 1200128 scnt 5 fcnt 11
02-05 17:41:01.303  2669 16444 E pageboostd: prefetch end : app comgoogleandroidcalculator data_amount 1200128
02-05 17:41:01.303  2669 16445 E pageboostd: prefetch start : app brcomunimedsantosuniapp
02-05 17:41:01.303   726   817 I HYPER-HAL: [RequestManager.cpp]acquire(): Acquired ID : 701541  [1163 / 21]    HINT : AMS_APP_LAUNCH    list :
02-05 17:41:01.303   726   817 I HYPER-HAL: [ResourceManager.cpp]updateResource(): [CPUMinFreq] UpdateResource Request ID : 701541    Value : 2623359
02-05 17:41:01.303  2669 16445 E pageboostd: brcomunimedsantosuniapp, amt 4386816 scnt 10 fcnt 0
02-05 17:41:01.303  2669 16445 E pageboostd: prefetch end : app brcomunimedsantosuniapp data_amount 4386816
02-05 17:41:01.307  1163  1240 D InputTransport: Input channel constructed: 'b63456d', fd=963
02-05 17:41:01.307  1163  1240 D InputTransport: Input channel constructed: 'b63456d', fd=970
02-05 17:41:01.307   789   834 I SurfaceFlinger: id=80022 createSurf (0x0),-1 flag=80004, b63456d Splash Screen com.example.dogglers#0
02-05 17:41:01.307  2003  2003 I DragController: endDrag
02-05 17:41:01.307  2003  2003 W PageOverlayMover: updateActivityLifecycleState : 3
02-05 17:41:01.307  5089 28744 I PageOverlayServiceImpl: [FROM HOME] updateActivityLifecycleState : 3
02-05 17:41:01.308  1163  1240 I ViewRootImpl@d221984[dogglers]: setView = com.android.internal.policy.DecorView@512233 TM=true
02-05 17:41:01.308  2003  2003 I SPayUpdater: updateSpayHandler launcher activity is paused false
02-05 17:41:01.311  2669 16446 E pageboostd: mem prepare start : 92 MB
02-05 17:41:01.352  1163  1796 V WindowOrientationListener: getProposedRotation: 0
02-05 17:41:01.353  1163  1796 V WindowOrientationListener: getProposedRotation: 0
02-05 17:41:01.354  1163  1796 V WindowOrientationListener: getProposedRotation: 0
02-05 17:41:01.356  1163  1796 D InputDispatcher: Focused application set to (0): 2e496bb
02-05 17:41:01.360  2669 16446 E pageboostd: mem prepare done : 96468992 bytes
02-05 17:41:01.363  1163  1796 W WindowManager: lockNow pending, ignore updating lockscreen timeout
02-05 17:41:01.364  1163  1240 V WindowManager: Relayout Window{b63456d u0 Splash Screen com.example.dogglers}: viewVisibility=0 req=1080x2400
02-05 17:41:01.364  1163  1240 W WindowManager: lockNow pending, ignore updating lockscreen timeout
02-05 17:41:01.365  1163  1240 D WindowManager: isScreenshotDisabledLocked - win: Window{b63456d u0 Splash Screen com.example.dogglers}
02-05 17:41:01.365  1163  1240 D WindowManager: isScreenshotDisabledLocked: userId = 0, disabled =false
02-05 17:41:01.365   789   834 I SurfaceFlinger: id=80023 createSurf (1080x2400),1 flag=404, Splash Screen com.example.dogglers#0
02-05 17:41:01.366  1163  1796 V WindowManager: Relayout Window{6030dc2 u0 com.sec.android.app.launcher/com.sec.android.app.launcher.activities.LauncherActivity}: viewVisibility=0 req=1080x2400
02-05 17:41:01.366  1163  1240 V WindowManager: Relayout hash=b63456d, pid=1163: mAttrs={(0,0)(fillxfill) sim={adjust=pan} layoutInDisplayCutoutMode=shortEdges ty=APPLICATION_STARTING wanim=0x1030001
02-05 17:41:01.366  1163  1240 V WindowManager:   fl=1830118
02-05 17:41:01.366  1163  1240 V WindowManager:   pfl=12020011
02-05 17:41:01.366  1163  1240 V WindowManager:   fitSides= naviIconColor=0}
02-05 17:41:01.366  1163  1240 I ViewRootImpl@d221984[dogglers]: Relayout returned: old=(0,0,1080,2400) new=(0,0,1080,2400) req=(1080,2400)0 dur=58 res=0x7 s={true 497474408448} ch=true fn=-1
02-05 17:41:01.366  1163  1796 W WindowManager: lockNow pending, ignore updating lockscreen timeout
02-05 17:41:01.368  1163  1240 I ViewRootImpl@d221984[dogglers]: [DP] dp(1) 1 android.view.ViewRootImpl.reportNextDraw:10957 android.view.ViewRootImpl.performTraversals:3845 android.view.ViewRootImpl.doTraversal:2618
02-05 17:41:01.368  1163  1796 V WindowManager: Relayout hash=6030dc2, pid=2003: mAttrs={(0,0)(fillxfill) sim={adjust=nothing} layoutInDisplayCutoutMode=shortEdges ty=BASE_APPLICATION fmt=TRANSPARENT wanim=0x10302f2
02-05 17:41:01.368  1163  1796 V WindowManager:   fl=81910100
02-05 17:41:01.368  1163  1796 V WindowManager:   pfl=16020000
02-05 17:41:01.368  1163  1796 V WindowManager:   vsysui=1700
02-05 17:41:01.368  1163  1796 V WindowManager:   apr=LIGHT_STATUS_BARS
02-05 17:41:01.368  1163  1796 V WindowManager:   bhv=SHOW_TRANSIENT_BARS_BY_SWIPE
02-05 17:41:01.368  1163  1796 V WindowManager:   fitSides= dimAmount=0.125 dimDuration=200 naviIconColor=0}
02-05 17:41:01.368  1163  1796 I SurfaceControl: nativeRelease nativeObject s[499038075104]
02-05 17:41:01.368  1163  1796 I SurfaceControl: nativeRelease nativeObject e[499038075104]
02-05 17:41:01.368 15500 15500 D LifecycleMonitor: Lifecycle status change: androidx.test.core.app.InstrumentationActivityInvoker$BootstrapActivity@90b255f in: PRE_ON_CREATE
02-05 17:41:01.368 15500 15500 D LifecycleMonitor: running callback: androidx.test.core.app.ActivityScenario$1@59c0bac
02-05 17:41:01.368 15500 15500 V ActivityScenario: Activity lifecycle changed event received but ignored because the intent does not match. startActivityIntent=Intent { act=android.intent.action.MAIN cat=[android.intent.category.LAUNCHER] cmp=com.example.dogglers/.HorizontalListActivity }, activity.getIntent()=Intent { act=android.intent.action.MAIN cat=[android.intent.category.LAUNCHER] flg=0x10008000 cmp=com.example.dogglers/androidx.test.core.app.InstrumentationActivityInvoker$BootstrapActivity (has extras) }, activity=androidx.test.core.app.InstrumentationActivityInvoker$BootstrapActivity@90b255f
02-05 17:41:01.368 15500 15500 D LifecycleMonitor: callback completes: androidx.test.core.app.ActivityScenario$1@59c0bac
02-05 17:41:01.368  2003  2003 I SurfaceControl: nativeRelease nativeObject s[499183207424]
02-05 17:41:01.368  2003  2003 I SurfaceControl: nativeRelease nativeObject e[499183207424]
02-05 17:41:01.368   716   953 D gralloc : [mali_gralloc_allocate] begin
02-05 17:41:01.368   716   953 D gralloc : buffer_descriptor: wh(1080 2400) usage_pc(0x966 0x906) hal_format(0x1) layer_count(1) sizes(0 0 0) strde(0) byte_stride(0) alloc_wh(0 0) internal_format(0x0) alloc_format(0x0) fd_count(1) plane_count(0)
02-05 17:41:01.368   716   953 D gralloc : [mali_gralloc_allocate] allocation successful
02-05 17:41:01.368  2003  2003 I SurfaceControl: assignNativeObject: nativeObject = 0 Surface(name=null)/@0x37cdda1 / android.view.SurfaceControl.readFromParcel:1117 android.view.IWindowSession$Stub$Proxy.relayout:1820 android.view.ViewRootImpl.relayoutWindow:9005 android.view.ViewRootImpl.performTraversals:3360 android.view.ViewRootImpl.doTraversal:2618 android.view.ViewRootImpl$TraversalRunnable.run:9971 android.view.Choreographer$CallbackRecord.run:1010 android.view.Choreographer.doCallbacks:809 android.view.Choreographer.doFrame:744 android.view.Choreographer$FrameDisplayEventReceiver.run:995
02-05 17:41:01.369  2003  2003 I SurfaceControl: nativeRelease nativeObject s[497484220544]
02-05 17:41:01.369  2003  2003 I SurfaceControl: nativeRelease nativeObject e[497484220544]
02-05 17:41:01.369  2003  2003 I SurfaceControl: nativeRelease nativeObject s[497484217472]
02-05 17:41:01.369  2003  2003 I SurfaceControl: nativeRelease nativeObject e[497484217472]
02-05 17:41:01.369  2003  2003 I SurfaceControl: nativeRelease nativeObject s[497484211616]
02-05 17:41:01.369  2003  2003 I SurfaceControl: nativeRelease nativeObject e[497484211616]
02-05 17:41:01.369  2003  2003 I ViewRootImpl@e2e8b8d[LauncherActivity]: Relayout returned: old=(0,0,1080,2400) new=(0,0,1080,2400) req=(1080,2400)0 dur=4 res=0x1 s={true 497483223040} ch=false fn=23
02-05 17:41:01.370  1163  1259 D FastTrack: setFastTrackState: pid = 15500 ;tid= 15500 ;value= 1
02-05 17:41:01.371  1163  1259 D FastTrack: setFastTrackState: pid = 15500 ;tid= 15565 ;value= 1
02-05 17:41:01.372  1163  1240 I ViewRootImpl@d221984[dogglers]: [DP] pdf(0) 1 android.view.ViewRootImpl.performDraw:4809 android.view.ViewRootImpl.performTraversals:3866 android.view.ViewRootImpl.doTraversal:2618
02-05 17:41:01.372  1163  1240 I ViewRootImpl@d221984[dogglers]: [DP] rdf()
02-05 17:41:01.373  1163  1240 W WindowManager: lockNow pending, ignore updating lockscreen timeout
02-05 17:41:01.374   789   834 I SurfaceFlinger: id=80024 createSurf (0x0),-1 flag=24000, Surface(name=Task=1)/@0x42bdb16 - animation-leash#0
02-05 17:41:01.376   789   834 I SurfaceFlinger: id=80025 createSurf (0x0),-1 flag=24004, Surface(name=Task=12738)/@0xc4c3fb9 - animation-leash#0
02-05 17:41:01.376  1163  2104 I InputDispatcher: Focus left window (2003): 6030dc2 in display 0 0
02-05 17:41:01.377  1163  1240 I SurfaceControl: nativeRelease nativeObject s[499038073184]
02-05 17:41:01.377  1163  1240 I SurfaceControl: nativeRelease nativeObject e[499038073184]
02-05 17:41:01.377   789   834 I SurfaceFlinger: id=80026 createSurf (0x0),-1 flag=24000, Surface(name=8c655e2 StatusBar)/@0x44a9b07 - animation-leash#1
02-05 17:41:01.378  1163  1240 I SurfaceControl: nativeRelease nativeObject s[499038073280]
02-05 17:41:01.378  1163  1240 I SurfaceControl: nativeRelease nativeObject e[499038073280]
02-05 17:41:01.378   789   834 I SurfaceFlinger: id=80027 createSurf (0x0),-1 flag=24000, Surface(name=b29f82b NavigationBar0)/@0x8634759 - animation-leash#0
02-05 17:41:01.378  1163  1240 W WindowManager: lockNow pending, ignore updating lockscreen timeout
02-05 17:41:01.378   789   834 I Layer   : id=80013 removeFromCurrentState Surface(name=8c655e2 StatusBar)/@0x44a9b07 - animation-leash#0 (204)
02-05 17:41:01.378   789   834 I Layer   : id=25 removeFromCurrentState 8c655e2 StatusBar#0 (204)
02-05 17:41:01.378   789   834 I Layer   : id=34 removeFromCurrentState StatusBar$_1680#0 (204)
02-05 17:41:01.378   789   834 I Layer   : id=25 addToCurrentState 8c655e2 StatusBar#0 (204)
02-05 17:41:01.378   789   834 I Layer   : id=34 addToCurrentState StatusBar$_1680#0 (204)
02-05 17:41:01.378   789   834 I Layer   : id=80014 removeFromCurrentState Surface(name=b29f82b NavigationBar0)/@0x8634759 - animation-leash#1 (204)
02-05 17:41:01.379  2003  2003 I SurfaceControl: nativeRelease nativeObject s[497484220640]
02-05 17:41:01.379  2003  2003 I SurfaceControl: nativeRelease nativeObject e[497484220640]
02-05 17:41:01.379  2003  2003 I SurfaceControl: nativeRelease nativeObject s[497484649184]
02-05 17:41:01.379  2003  2003 I SurfaceControl: nativeRelease nativeObject e[497484649184]
02-05 17:41:01.379  2003  2003 I SurfaceControl: nativeRelease nativeObject s[499183207424]
02-05 17:41:01.379  2003  2003 I SurfaceControl: nativeRelease nativeObject e[499183207424]
02-05 17:41:01.379  2003  2003 I ViewRootImpl@e2e8b8d[LauncherActivity]: MSG_WINDOW_FOCUS_CHANGED 0 1
02-05 17:41:01.383 15500 15500 I DecorView: [INFO] isPopOver=false, config=true
02-05 17:41:01.383 15500 15500 I DecorView: updateCaptionType >> DecorView@aba580a[], isFloating=false, isApplication=true, hasWindowDecorCaption=false, hasWindowControllerCallback=true
02-05 17:41:01.383 15500 15500 D DecorView: setCaptionType = 0, this = DecorView@aba580a[]
02-05 17:41:01.384 15500 15500 D LifecycleMonitor: Lifecycle status change: androidx.test.core.app.InstrumentationActivityInvoker$BootstrapActivity@90b255f in: CREATED
02-05 17:41:01.385 15500 15500 D LifecycleMonitor: running callback: androidx.test.core.app.ActivityScenario$1@59c0bac
02-05 17:41:01.385 15500 15500 V ActivityScenario: Activity lifecycle changed event received but ignored because the intent does not match. startActivityIntent=Intent { act=android.intent.action.MAIN cat=[android.intent.category.LAUNCHER] cmp=com.example.dogglers/.HorizontalListActivity }, activity.getIntent()=Intent { act=android.intent.action.MAIN cat=[android.intent.category.LAUNCHER] flg=0x10008000 cmp=com.example.dogglers/androidx.test.core.app.InstrumentationActivityInvoker$BootstrapActivity (has extras) }, activity=androidx.test.core.app.InstrumentationActivityInvoker$BootstrapActivity@90b255f
02-05 17:41:01.385 15500 15500 D LifecycleMonitor: callback completes: androidx.test.core.app.ActivityScenario$1@59c0bac
02-05 17:41:01.385 15500 15500 D LifecycleMonitor: Lifecycle status change: androidx.test.core.app.InstrumentationActivityInvoker$BootstrapActivity@90b255f in: STARTED
02-05 17:41:01.385 15500 15500 D LifecycleMonitor: running callback: androidx.test.core.app.ActivityScenario$1@59c0bac
02-05 17:41:01.385 15500 15500 V ActivityScenario: Activity lifecycle changed event received but ignored because the intent does not match. startActivityIntent=Intent { act=android.intent.action.MAIN cat=[android.intent.category.LAUNCHER] cmp=com.example.dogglers/.HorizontalListActivity }, activity.getIntent()=Intent { act=android.intent.action.MAIN cat=[android.intent.category.LAUNCHER] flg=0x10008000 cmp=com.example.dogglers/androidx.test.core.app.InstrumentationActivityInvoker$BootstrapActivity (has extras) }, activity=androidx.test.core.app.InstrumentationActivityInvoker$BootstrapActivity@90b255f
02-05 17:41:01.385 15500 15500 D LifecycleMonitor: callback completes: androidx.test.core.app.ActivityScenario$1@59c0bac
02-05 17:41:01.389   789   834 I SurfaceFlinger: id=80028 createSurf (0x0),-1 flag=80004, ActivityRecord{2af1462 u0 com.example.dogglers/.HorizontalListActivity t12738}#0
02-05 17:41:01.391  1163  3939 W WindowManager: lockNow pending, ignore updating lockscreen timeout
02-05 17:41:01.392 15500 15500 D LifecycleMonitor: Lifecycle status change: androidx.test.core.app.InstrumentationActivityInvoker$BootstrapActivity@90b255f in: RESUMED
02-05 17:41:01.392 15500 15500 D LifecycleMonitor: running callback: androidx.test.core.app.ActivityScenario$1@59c0bac
02-05 17:41:01.392 15500 15500 V ActivityScenario: Activity lifecycle changed event received but ignored because the intent does not match. startActivityIntent=Intent { act=android.intent.action.MAIN cat=[android.intent.category.LAUNCHER] cmp=com.example.dogglers/.HorizontalListActivity }, activity.getIntent()=Intent { act=android.intent.action.MAIN cat=[android.intent.category.LAUNCHER] flg=0x10008000 cmp=com.example.dogglers/androidx.test.core.app.InstrumentationActivityInvoker$BootstrapActivity (has extras) }, activity=androidx.test.core.app.InstrumentationActivityInvoker$BootstrapActivity@90b255f
02-05 17:41:01.392 15500 15500 D LifecycleMonitor: callback completes: androidx.test.core.app.ActivityScenario$1@59c0bac
02-05 17:41:01.393  1163  1240 I ViewRootImpl@d221984[dogglers]: MSG_RESIZED_REPORT: frame=(0,0,1080,2400) ci=(0,88,0,144) vi=(0,88,0,144) or=1
02-05 17:41:01.393  1163  1240 I ViewRootImpl@d221984[dogglers]: [DP] dp(1) 1 android.view.ViewRootImpl.reportNextDraw:10957 android.view.ViewRootImpl.access$1200:256 android.view.ViewRootImpl$ViewRootHandler.handleMessage:6101
02-05 17:41:01.393  2003  2003 I BadgeRenderer: Invalid count : 0
02-05 17:41:01.393  2003  2003 I BadgeRenderer: Invalid count : 0
02-05 17:41:01.393  2003  2003 I BadgeRenderer: Invalid count : 0
02-05 17:41:01.393  2003  2003 I BadgeRenderer: Invalid count : 0
02-05 17:41:01.393  2003  2003 I BadgeRenderer: Invalid count : 0
02-05 17:41:01.393  2003  2003 I BadgeRenderer: Invalid count : 0
02-05 17:41:01.394 15500 15500 D LifecycleMonitor: Lifecycle status change: androidx.test.core.app.InstrumentationActivityInvoker$BootstrapActivity@90b255f in: PAUSED
02-05 17:41:01.394 15500 15500 D LifecycleMonitor: running callback: androidx.test.core.app.ActivityScenario$1@59c0bac
02-05 17:41:01.394 15500 15500 V ActivityScenario: Activity lifecycle changed event received but ignored because the intent does not match. startActivityIntent=Intent { act=android.intent.action.MAIN cat=[android.intent.category.LAUNCHER] cmp=com.example.dogglers/.HorizontalListActivity }, activity.getIntent()=Intent { act=android.intent.action.MAIN cat=[android.intent.category.LAUNCHER] flg=0x10008000 cmp=com.example.dogglers/androidx.test.core.app.InstrumentationActivityInvoker$BootstrapActivity (has extras) }, activity=androidx.test.core.app.InstrumentationActivityInvoker$BootstrapActivity@90b255f
02-05 17:41:01.394 15500 15500 D LifecycleMonitor: callback completes: androidx.test.core.app.ActivityScenario$1@59c0bac
02-05 17:41:01.395  1163  1796 V WindowOrientationListener: getProposedRotation: 0
02-05 17:41:01.397  1163  1796 D InputDispatcher: Focused application set to (0): 2af1462
02-05 17:41:01.398  1163  1796 W WindowManager: lockNow pending, ignore updating lockscreen timeout
02-05 17:41:01.399  1163  1796 W WindowManager: lockNow pending, ignore updating lockscreen timeout
02-05 17:41:01.400  1163  1237 D SehCodecSolutionService: Update top [com.example.dogglers]
02-05 17:41:01.400  1163  1511 D PkgPredictorService: com.example.dogglers go to foreground!
02-05 17:41:01.400  1163  1511 E PkgPredictorService-Collector: record changed bt=1  wifi=1 screen=0
02-05 17:41:01.400  1163  1511 D PkgPredictorService: previous pkgs: com.example.dogglers,com.example.dogglers,com.example.dogglers running pkg: com.example.dogglers, uid: 0 is system: false
02-05 17:41:01.400  1163  1511 D PkgPredictorService-Collector: save record...
02-05 17:41:01.400  1163  1511 D PkgPredictorService-Collector:  (hour:17 day:7 previous:[com.example.dogglers, com.example.dogglers, com.example.dogglers] activityName:unknown running:com.example.dogglers userId:0 screenOrientation:0 wifi:1 bt:1 predictTime:0 apkVersion:1.0 consumeTime:-1 preloaded:false>)
02-05 17:41:01.400  1163  1511 D PkgPredictorService-NapPreloadController: User using: com.example.dogglers
02-05 17:41:01.400  1163  1511 I PkgPredictorService-NapClassifier: RF predict version:1644037200287
02-05 17:41:01.400  1163  1511 D PkgPredictorService-NapClassifier: Predict result: 22.0,-1.0,-1.0,-1.0,-1.0,-1.0,-1.0,-1.0,-1.0, - [0_&_com.laurencedawson.reddit_sync.pro]
02-05 17:41:01.401  1163  1237 D WindowManager: setDisableFlags: displayId=0, vis=0x8008, appearance=0, transientState=Pair{[I@56e14ae [I@6c0024f}, isFullscreen=false, isImmersive=false, barType=0, win=Window{b63456d u0 Splash Screen com.example.dogglers}
02-05 17:41:01.402  1680  1680 D NavigationBar: onSystemBarAppearanceChanged() -  displayId:0, appearance:0, navbarColorManagedByIme:false
02-05 17:41:01.402  1680  1680 D SecStatusBarMobileView: setStaticDrawableColor:
02-05 17:41:01.402  1680  1680 D SecLightBarControlHelper: updateStatus(WHITE icon) NumLightStacks:0, NumStacks:1, IndexLightStack:-1, StatusBarMode:0, StatusBarState:SHD, NeedDarkFontFromWallpaper:true, isWhiteKeyguardStatusBarBySettings:true
02-05 17:41:01.403 15500 15500 D LifecycleMonitor: Lifecycle status change: com.example.dogglers.HorizontalListActivity@11e6157 in: PRE_ON_CREATE
02-05 17:41:01.403 15500 15500 D LifecycleMonitor: running callback: androidx.test.core.app.ActivityScenario$1@59c0bac
02-05 17:41:01.403 15500 15500 V ActivityScenario: Activity lifecycle changed event received but ignored because the reported transition was not ON_CREATE while the last known transition was PRE_ON_CREATE
02-05 17:41:01.403 15500 15500 D LifecycleMonitor: callback completes: androidx.test.core.app.ActivityScenario$1@59c0bac
02-05 17:41:01.407 15500 15500 I DecorView: [INFO] isPopOver=false, config=true
02-05 17:41:01.407 15500 15500 I DecorView: updateCaptionType >> DecorView@d8fb7dc[], isFloating=false, isApplication=true, hasWindowDecorCaption=false, hasWindowControllerCallback=true
02-05 17:41:01.407 15500 15500 D DecorView: setCaptionType = 0, this = DecorView@d8fb7dc[]
02-05 17:41:01.409  1163  1240 V WindowManager: Relayout Window{b63456d u0 Splash Screen com.example.dogglers}: viewVisibility=0 req=1080x2400
02-05 17:41:01.409  1680  1680 D SecStatusBarMobileView: setStaticDrawableColor:
02-05 17:41:01.410  1163  1240 W WindowManager: lockNow pending, ignore updating lockscreen timeout
02-05 17:41:01.411  1163  1240 I SurfaceControl: nativeRelease nativeObject s[496861208320]
02-05 17:41:01.411  1163  1240 I SurfaceControl: nativeRelease nativeObject e[496861208320]
02-05 17:41:01.411  1163  1240 V WindowManager: Relayout hash=b63456d, pid=1163: mAttrs={(0,0)(fillxfill) sim={adjust=pan} layoutInDisplayCutoutMode=shortEdges ty=APPLICATION_STARTING wanim=0x1030001
02-05 17:41:01.411  1163  1240 V WindowManager:   fl=1830118
02-05 17:41:01.411  1163  1240 V WindowManager:   pfl=12020011
02-05 17:41:01.411  1163  1240 V WindowManager:   fitSides= naviIconColor=0}
02-05 17:41:01.411  1163  1240 I SurfaceControl: nativeRelease nativeObject s[499038073280]
02-05 17:41:01.411  1163  1240 I SurfaceControl: nativeRelease nativeObject e[499038073280]
02-05 17:41:01.411  1163  1240 I SurfaceControl: nativeRelease nativeObject s[499038073184]
02-05 17:41:01.411  1163  1240 I SurfaceControl: nativeRelease nativeObject e[499038073184]
02-05 17:41:01.411  1163  1240 I ViewRootImpl@d221984[dogglers]: Relayout returned: old=(0,0,1080,2400) new=(0,0,1080,2400) req=(1080,2400)0 dur=2 res=0x1 s={true 497474408448} ch=false fn=2
02-05 17:41:01.412   716   953 D gralloc : [mali_gralloc_allocate] begin
02-05 17:41:01.412   716   953 D gralloc : buffer_descriptor: wh(1080 2400) usage_pc(0x966 0x906) hal_format(0x1) layer_count(1) sizes(0 0 0) strde(0) byte_stride(0) alloc_wh(0 0) internal_format(0x0) alloc_format(0x0) fd_count(1) plane_count(0)
02-05 17:41:01.413   716   953 D gralloc : [mali_gralloc_allocate] allocation successful
02-05 17:41:01.414  1163  3944 V WindowManager: Relayout Window{b594a18 u0 NotificationShade}: viewVisibility=4 req=1080x2400
02-05 17:41:01.414  1163  3944 W WindowManager: lockNow pending, ignore updating lockscreen timeout
02-05 17:41:01.415  1163  3944 V WindowManager: Relayout hash=b594a18, pid=1680: mAttrs={(0,0)(fillxfill) gr=TOP CENTER_VERTICAL sim={adjust=resize} layoutInDisplayCutoutMode=always ty=2040 fmt=TRANSLUCENT colorMode=COLOR_MODE_WIDE_COLOR_GAMUT
02-05 17:41:01.415  1163  3944 V WindowManager:   fl=81840048
02-05 17:41:01.415  1163  3944 V WindowManager:   pfl=1b000000
02-05 17:41:01.415  1163  3944 V WindowManager:   bhv=SHOW_TRANSIENT_BARS_BY_SWIPE dimAmount=0.0 naviIconColor=0
02-05 17:41:01.415  1163  3944 V WindowManager:   sfl=40000}
02-05 17:41:01.416  1680  1680 I SurfaceControl: assignNativeObject: nativeObject = 0 Surface(name=null)/@0x7632417 / android.view.SurfaceControl.readFromParcel:1117 android.view.IWindowSession$Stub$Proxy.relayout:1810 android.view.ViewRootImpl.relayoutWindow:9005 android.view.ViewRootImpl.performTraversals:3360 android.view.ViewRootImpl.doTraversal:2618 android.view.ViewRootImpl$TraversalRunnable.run:9971 android.view.Choreographer$CallbackRecord.run:1010 android.view.Choreographer.doCallbacks:809 android.view.Choreographer.doFrame:744 android.view.Choreographer$FrameDisplayEventReceiver.run:995
02-05 17:41:01.416 15500 15500 D LifecycleMonitor: Lifecycle status change: com.example.dogglers.HorizontalListActivity@11e6157 in: CREATED
02-05 17:41:01.416  1680  1680 I SurfaceControl: assignNativeObject: nativeObject = 0 Surface(name=null)/@0x2dd2a3a / android.view.SurfaceControl.readFromParcel:1117 android.view.IWindowSession$Stub$Proxy.relayout:1820 android.view.ViewRootImpl.relayoutWindow:9005 android.view.ViewRootImpl.performTraversals:3360 android.view.ViewRootImpl.doTraversal:2618 android.view.ViewRootImpl$TraversalRunnable.run:9971 android.view.Choreographer$CallbackRecord.run:1010 android.view.Choreographer.doCallbacks:809 android.view.Choreographer.doFrame:744 android.view.Choreographer$FrameDisplayEventReceiver.run:995
02-05 17:41:01.416 15500 15500 D LifecycleMonitor: running callback: androidx.test.core.app.ActivityScenario$1@59c0bac
02-05 17:41:01.416 15500 15500 V ActivityScenario: Update currentActivityStage to CREATED, currentActivity=com.example.dogglers.HorizontalListActivity@11e6157
02-05 17:41:01.416 15500 15500 D LifecycleMonitor: callback completes: androidx.test.core.app.ActivityScenario$1@59c0bac
02-05 17:41:01.416  1680  1680 I ViewRootImpl@cb447c7[NotificationShade]: Relayout returned: old=(0,0,1080,2400) new=(0,0,1080,2400) req=(1080,2400)4 dur=3 res=0x1 s={false 0} ch=false fn=-1
02-05 17:41:01.417   789   789 D SurfaceFlinger: Display 21442653864348033 HWC layers:
02-05 17:41:01.417   789   789 D SurfaceFlinger:      DEVICE | 0x7428c3fd40 | 0002 | RGBx_8888    |  180.0    0.0 1260.0 2400.0 |    0    0 1080 2400 | com.android.systemui.ImageWallpaper$_1680#0
02-05 17:41:01.417   789   789 D SurfaceFlinger:      DEVICE | 0x7428c3de00 | 0000 | RGBA_8888    |    0.0    0.0 1080.0 2400.0 |    0    0 1080 2400 | com.sec.android.app.launcher/com.sec[...].activities.LauncherActivity$_2003#0
02-05 17:41:01.417   789   789 D SurfaceFlinger:      DEVICE | 0x7408191400 | 0002 | RGBA_8888    |    0.0    0.0 1080.0 2400.0 |   79  175 1001 2225 | Splash Screen com.example.dogglers#0
02-05 17:41:01.417   789   789 D SurfaceFlinger:      DEVICE | 0x7408500740 | 0000 | RGBA_8888    |    0.0    0.0 1080.0   88.0 |    0    0 1080   88 | StatusBar$_1680#0
02-05 17:41:01.417   789   789 D SurfaceFlinger:      DEVICE | 0x7428c40600 | 0000 | RGBA_8888    |    0.0    0.0 1080.0  144.0 |    0 2256 1080 2400 | NavigationBar0$_1680#0
02-05 17:41:01.417   789   789 D SurfaceFlinger:      DEVICE | 0x7408191180 | 0000 | RGBA_8888    |    0.0    0.0 1080.0  125.0 |    0    0 1080  125 | ScreenDecorOverlay$_1680#0
02-05 17:41:01.417   789   789 D SurfaceFlinger:      DEVICE | 0x7428c3f480 | 0000 | RGBA_8888    |    0.0    0.0 1080.0  112.0 |    0 2288 1080 2400 | ScreenDecorOverlayBottom$_1680#0
02-05 17:41:01.417   789   789 D SurfaceFlinger:
02-05 17:41:01.418 15500 15500 D LifecycleMonitor: Lifecycle status change: com.example.dogglers.HorizontalListActivity@11e6157 in: STARTED
02-05 17:41:01.418 15500 15500 D LifecycleMonitor: running callback: androidx.test.core.app.ActivityScenario$1@59c0bac
02-05 17:41:01.418  1680  1680 D KeyguardBottomAreaShortcutView: updateCameraVisibility isCameraDisabled:false visible:true
02-05 17:41:01.418 15500 15500 V ActivityScenario: Update currentActivityStage to STARTED, currentActivity=com.example.dogglers.HorizontalListActivity@11e6157
02-05 17:41:01.418  1680  1680 D KeyguardBottomAreaShortcutView: mIndicationArea margin start : 180, end : 180, bottom : 400
02-05 17:41:01.418 15500 15500 D LifecycleMonitor: callback completes: androidx.test.core.app.ActivityScenario$1@59c0bac
02-05 17:41:01.418  1680  1680 D MediaControlPanel: mActionButtonNumCollapsed = 1, mActionButtonNumExpand = 1
02-05 17:41:01.418  1163  1240 I ViewRootImpl@d221984[dogglers]: [DP] pdf(0) 1 android.view.ViewRootImpl.performDraw:4809 android.view.ViewRootImpl.performTraversals:3866 android.view.ViewRootImpl.doTraversal:2618
02-05 17:41:01.418  1163  1240 I ViewRootImpl@d221984[dogglers]: [DP] rdf()
02-05 17:41:01.418 15500 15500 D LifecycleMonitor: Lifecycle status change: com.example.dogglers.HorizontalListActivity@11e6157 in: RESUMED
02-05 17:41:01.419 15500 15500 D LifecycleMonitor: running callback: androidx.test.core.app.ActivityScenario$1@59c0bac
02-05 17:41:01.419 15500 15500 V ActivityScenario: Update currentActivityStage to RESUMED, currentActivity=com.example.dogglers.HorizontalListActivity@11e6157
02-05 17:41:01.419 15500 15500 D LifecycleMonitor: callback completes: androidx.test.core.app.ActivityScenario$1@59c0bac
02-05 17:41:01.420  1680  1680 D MediaControlPanel: mActionButtonNumCollapsed = 1, mActionButtonNumExpand = 1
02-05 17:41:01.420  1680  1680 D MediaControlPanel: mActionButtonNumCollapsed = 1, mActionButtonNumExpand = 1
02-05 17:41:01.420  1680  1680 D MediaControlPanel: mActionButtonNumCollapsed = 1, mActionButtonNumExpand = 1
02-05 17:41:01.420  1680  1680 D MediaControlPanel: mActionButtonNumCollapsed = 1, mActionButtonNumExpand = 1
02-05 17:41:01.420  1680  1680 D MediaControlPanel: mActionButtonNumCollapsed = 1, mActionButtonNumExpand = 1
02-05 17:41:01.420  1680  1680 D MediaControlPanel: mActionButtonNumCollapsed = 1, mActionButtonNumExpand = 1
02-05 17:41:01.420  1680  1680 D MediaControlPanel: mActionButtonNumCollapsed = 1, mActionButtonNumExpand = 1
02-05 17:41:01.420  1680  1680 D MediaControlPanel: mActionButtonNumCollapsed = 3, mActionButtonNumExpand = 5
02-05 17:41:01.420  1680  1680 D MediaControlPanel: mActionButtonNumCollapsed = 3, mActionButtonNumExpand = 5
02-05 17:41:01.421  1163  3944 D InputTransport: Input channel constructed: 'd13ec47', fd=969
02-05 17:41:01.421  1163  3944 D InputTransport: Input channel constructed: 'd13ec47', fd=971
02-05 17:41:01.422   789  1273 I SurfaceFlinger: id=80029 createSurf (0x0),-1 flag=80004, d13ec47 com.example.dogglers/com.example.dogglers.HorizontalListActivity#0
02-05 17:41:01.422  1163  3944 D WindowManager: isScreenshotDisabledLocked - win: Window{d13ec47 u0 com.example.dogglers/com.example.dogglers.HorizontalListActivity}
02-05 17:41:01.422  1163  3944 D WindowManager: isScreenshotDisabledLocked: userId = 0, disabled =false
02-05 17:41:01.422  1163  3944 D InputTransport: Input channel destroyed: 'd13ec47', fd=971
02-05 17:41:01.423 15500 15500 D InputTransport: Input channel constructed: 'd13ec47', fd=90
02-05 17:41:01.423 15500 15500 I ViewRootImpl@dc6bf3f[HorizontalListActivity]: setView = com.android.internal.policy.DecorView@d8fb7dc TM=true
02-05 17:41:01.424 15500 15500 D IdlingResourceRegistry: All idling resources are idle.
02-05 17:41:01.426  1680  1680 D SecStatusBarMobileView: setStaticDrawableColor:
02-05 17:41:01.427  1680  1680 D MediaControlPanel: mActionButtonNumCollapsed = 1, mActionButtonNumExpand = 1
02-05 17:41:01.427  1680  1680 D MediaControlPanel: mActionButtonNumCollapsed = 1, mActionButtonNumExpand = 1
02-05 17:41:01.427  1680  1680 D MediaControlPanel: mActionButtonNumCollapsed = 1, mActionButtonNumExpand = 1
02-05 17:41:01.427  1680  1680 D MediaControlPanel: mActionButtonNumCollapsed = 1, mActionButtonNumExpand = 1
02-05 17:41:01.427  1680  1680 D MediaControlPanel: mActionButtonNumCollapsed = 1, mActionButtonNumExpand = 1
02-05 17:41:01.427  1680  1680 D MediaControlPanel: mActionButtonNumCollapsed = 1, mActionButtonNumExpand = 1
02-05 17:41:01.427  1680  1680 D MediaControlPanel: mActionButtonNumCollapsed = 1, mActionButtonNumExpand = 1
02-05 17:41:01.427  1680  1680 D MediaControlPanel: mActionButtonNumCollapsed = 1, mActionButtonNumExpand = 1
02-05 17:41:01.427  1680  1680 D MediaControlPanel: mActionButtonNumCollapsed = 3, mActionButtonNumExpand = 5
02-05 17:41:01.427  1680  1680 D MediaControlPanel: mActionButtonNumCollapsed = 3, mActionButtonNumExpand = 5
02-05 17:41:01.428  1163  1793 V WindowManager: Relayout Window{d13ec47 u0 com.example.dogglers/com.example.dogglers.HorizontalListActivity}: viewVisibility=0 req=1080x2400
02-05 17:41:01.429  1163  1793 W WindowManager: lockNow pending, ignore updating lockscreen timeout
02-05 17:41:01.429  1163  1793 D WindowManager: isScreenshotDisabledLocked - win: Window{d13ec47 u0 com.example.dogglers/com.example.dogglers.HorizontalListActivity}
02-05 17:41:01.429  1163  1793 D WindowManager: isScreenshotDisabledLocked: userId = 0, disabled =false
02-05 17:41:01.430   789   834 I SurfaceFlinger: id=80030 createSurf (1080x2400),1 flag=404, com.example.dogglers/com.example.dogglers.HorizontalListActivity$_15500#0
02-05 17:41:01.431  1163  1793 I SurfaceControl: nativeRelease nativeObject s[496785831456]
02-05 17:41:01.431  1163  1793 I SurfaceControl: nativeRelease nativeObject e[496785831456]
02-05 17:41:01.432   789  1273 I SurfaceFlinger: id=80031 createSurf (0x0),-1 flag=24000, Surface(name=8c655e2 StatusBar)/@0x44a9b07 - animation-leash#0
02-05 17:41:01.432  1163  1793 I SurfaceControl: nativeRelease nativeObject s[496785831552]
02-05 17:41:01.432  1163  1793 I SurfaceControl: nativeRelease nativeObject e[496785831552]
02-05 17:41:01.432   789   834 I SurfaceFlinger: id=80032 createSurf (0x0),-1 flag=24000, Surface(name=b29f82b NavigationBar0)/@0x8634759 - animation-leash#1
02-05 17:41:01.433  1163  1793 V WindowManager: Relayout hash=d13ec47, pid=15500: mAttrs={(0,0)(fillxfill) sim={adjust=resize forwardNavigation} ty=BASE_APPLICATION wanim=0x1030304
02-05 17:41:01.433  1163  1793 V WindowManager:   fl=81810100
02-05 17:41:01.433  1163  1793 V WindowManager:   pfl=12020000
02-05 17:41:01.433  1163  1793 V WindowManager:   fitSides= naviIconColor=0}
02-05 17:41:01.433  1163  1793 I SurfaceControl: nativeRelease nativeObject s[496785827616]
02-05 17:41:01.433  1163  1793 I SurfaceControl: nativeRelease nativeObject e[496785827616]
02-05 17:41:01.433 15500 15500 I SurfaceControl: assignNativeObject: nativeObject = 0 Surface(name=null)/@0x59ed00c / android.view.SurfaceControl.readFromParcel:1117 android.view.IWindowSession$Stub$Proxy.relayout:1820 android.view.ViewRootImpl.relayoutWindow:9005 android.view.ViewRootImpl.performTraversals:3360 android.view.ViewRootImpl.doTraversal:2618 android.view.ViewRootImpl$TraversalRunnable.run:9971 android.view.Choreographer$CallbackRecord.run:1010 android.view.Choreographer.doCallbacks:809 android.view.Choreographer.doFrame:744 android.view.Choreographer$FrameDisplayEventReceiver.run:995
02-05 17:41:01.434 15500 15500 I ViewRootImpl@dc6bf3f[HorizontalListActivity]: Relayout returned: old=(0,0,1080,2400) new=(0,0,1080,2400) req=(1080,2400)0 dur=5 res=0x7 s={true 497172631552} ch=true fn=-1
02-05 17:41:01.435 15500 15565 I mali_winsys: new_window_surface() [1080x2400] return: 0x3000
02-05 17:41:01.435   716   953 D gralloc : [mali_gralloc_allocate] begin
02-05 17:41:01.435   716   953 D gralloc : buffer_descriptor: wh(1080 2400) usage_pc(0x40000000000b00 0x40000000000b00) hal_format(0x1) layer_count(1) sizes(0 0 0) strde(0) byte_stride(0) alloc_wh(0 0) internal_format(0x0) alloc_format(0x0) fd_count(1) plane_count(0)
02-05 17:41:01.435 15500 15500 I ViewRootImpl@dc6bf3f[HorizontalListActivity]: [DP] dp(1) 1 android.view.ViewRootImpl.reportNextDraw:10957 android.view.ViewRootImpl.performTraversals:3845 android.view.ViewRootImpl.doTraversal:2618
02-05 17:41:01.435 15500 15500 I ViewRootImpl@dc6bf3f[HorizontalListActivity]: [DP] pd() Asnyc report
02-05 17:41:01.436   716   953 D gralloc : [mali_gralloc_allocate] allocation successful
02-05 17:41:01.436   716   953 D gralloc : [mali_gralloc_allocate] begin
02-05 17:41:01.436   716   953 D gralloc : buffer_descriptor: wh(1080 2400) usage_pc(0x40000000000b00 0x40000000000b00) hal_format(0x1) layer_count(1) sizes(0 0 0) strde(0) byte_stride(0) alloc_wh(0 0) internal_format(0x0) alloc_format(0x0) fd_count(1) plane_count(0)
02-05 17:41:01.438   716   953 D gralloc : [mali_gralloc_allocate] allocation successful
02-05 17:41:01.438   716   957 D gralloc : [mali_gralloc_allocate] begin
02-05 17:41:01.438   716   957 D gralloc : buffer_descriptor: wh(1080 2400) usage_pc(0x40000000000b00 0x40000000000b00) hal_format(0x1) layer_count(1) sizes(0 0 0) strde(0) byte_stride(0) alloc_wh(0 0) internal_format(0x0) alloc_format(0x0) fd_count(1) plane_count(0)
02-05 17:41:01.439   716   957 D gralloc : [mali_gralloc_allocate] allocation successful
02-05 17:41:01.439 15500 15500 I ViewRootImpl@dc6bf3f[HorizontalListActivity]: [DP] pdf(0) 1 android.view.ViewRootImpl.lambda$performDraw$1$ViewRootImpl:4668 android.view.-$$Lambda$ViewRootImpl$DJd0VUYJgsebcnSohO6h8zc_ONI.run:6 android.os.Handler.handleCallback:938
02-05 17:41:01.439 15500 15500 I ViewRootImpl@dc6bf3f[HorizontalListActivity]: [DP] rdf()
02-05 17:41:01.440  1163  1240 W WindowManager: lockNow pending, ignore updating lockscreen timeout
02-05 17:41:01.441   789  1272 I Layer   : id=80026 removeFromCurrentState Surface(name=8c655e2 StatusBar)/@0x44a9b07 - animation-leash#1 (209)
02-05 17:41:01.441   789  1272 I Layer   : id=80027 removeFromCurrentState Surface(name=b29f82b NavigationBar0)/@0x8634759 - animation-leash#0 (209)
02-05 17:41:01.442  1163  1240 W WindowManager: lockNow pending, ignore updating lockscreen timeout
02-05 17:41:01.443  1163  1240 D PkgPredictorService: pkg:com.example.dogglers activity:com.example.dogglers.HorizontalListActivity thisTime:145
02-05 17:41:01.443  1163  1240 D PkgPredictorService-Collector: update activity launch time: HorizontalListActivity : 145
02-05 17:41:01.443  1680  1680 D SecStatusBarMobileView: setStaticDrawableColor:
02-05 17:41:01.444  1163  1244 D ArtManagerInternalImpl: /data/misc/iorapd/com.example.dogglers/1/com.example.dogglers.HorizontalListActivity/compiled_traces/compiled_trace.pb doesn't exist
02-05 17:41:01.444  1163  1240 I SurfaceControl: nativeRelease nativeObject s[496785831648]
02-05 17:41:01.445  1163  1240 I SurfaceControl: nativeRelease nativeObject e[496785831648]
02-05 17:41:01.445  1163  1240 I SurfaceControl: nativeRelease nativeObject s[496861208320]
02-05 17:41:01.445  1163  1240 I SurfaceControl: nativeRelease nativeObject e[496861208320]
02-05 17:41:01.445 15500 15500 D IdlingResourceRegistry: All idling resources are idle.
02-05 17:41:01.445   789   835 I SurfaceFlinger: id=80026 Removed Surface(name=8c655e2 StatusBar)/@0x44a9b07 - animation-leash#1 (209)
02-05 17:41:01.445 15500 15500 D RootViewPicker: Root not ready - waiting: 10ms for one to appear.
02-05 17:41:01.446   789   834 I SurfaceFlinger: id=80027 Removed Surface(name=b29f82b NavigationBar0)/@0x8634759 - animation-leash#0 (209)
02-05 17:41:01.447  1163  1240 D ViewRootImpl@d221984[dogglers]: dispatchDetachedFromWindow: reset blurmask
02-05 17:41:01.447  1163  3944 I SemDvfsHyPerManager: acquire hyper - AMS_RESUME_TAIL/1163@22, type = -999
02-05 17:41:01.447  1163  3944 I SemDvfsHyPerManager: acquire hyper - AMS_ACT_LAZY/1163@23, type = -999
02-05 17:41:01.447  1163  1240 I ViewRootImpl@d221984[dogglers]: dispatchDetachedFromWindow
02-05 17:41:01.447   726   817 I HYPER-HAL: [RequestManager.cpp]acquire(): Acquired ID : 702727  [1163 / 22]    HINT : AMS_RESUME_TAIL    list :
02-05 17:41:01.447  1163  1244 I ActivityTaskManager: Displayed com.example.dogglers/.HorizontalListActivity: +145ms
02-05 17:41:01.448  1163  1240 I SurfaceControl: nativeRelease nativeObject s[496785832320]
02-05 17:41:01.448  1163  1240 I SurfaceControl: nativeRelease nativeObject e[496785832320]
02-05 17:41:01.448   726   817 I HYPER-HAL: [ResourceManager.cpp]updateResource(): [CPUMinFreq] UpdateResource Request ID : 702727    Value : 1844882
02-05 17:41:01.449   726   817 I HYPER-HAL: [RequestManager.cpp]acquire(): Acquired ID : 703914  [1163 / 23]    HINT :      list :
02-05 17:41:01.449  1163  1240 D InputTransport: Input channel destroyed: 'b63456d', fd=963
02-05 17:41:01.450   726   817 E HYPER-HAL: [Request.cpp]acquire(): Request:: id : 703914, No Resource to set
02-05 17:41:01.450   789  2265 I SurfaceFlinger: id=80033 createSurf (0x0),-1 flag=24000, Surface(name=b63456d Splash Screen com.example.dogglers)/@0x28db9f3 - animation-leash#0
02-05 17:41:01.450   726   817 I HYPER-HAL: [ResourceManager.cpp]removeResource(): [CPUMinFreq] RemoveResource Request ID : 705102
02-05 17:41:01.450   726   817 I HYPER-HAL: [RequestManager.cpp]releaseLocked(): Released ID : 705102
02-05 17:41:01.451  2669  2669 E pageboostd: Received HALT command code 2
02-05 17:41:01.452  1163  1240 W WindowManager: lockNow pending, ignore updating lockscreen timeout
02-05 17:41:01.453  1163  1240 D InputTransport: Input channel destroyed: 'b63456d', fd=970
02-05 17:41:01.456 15500 15500 D IdlingResourceRegistry: All idling resources are idle.
02-05 17:41:01.456 15500 15500 D IdlingResourceRegistry: All idling resources are idle.
02-05 17:41:01.456 15500 15500 D RootViewPicker: Root not ready - waiting: 25ms for one to appear.
02-05 17:41:01.460  1680  1680 D SecStatusBarMobileView: setStaticDrawableColor:
02-05 17:41:01.460   789   789 I Layer   : id=80026[1] Destroyed Surface(name=8c655e2 StatusBar)/@0x44a9b07 - animation-leash#1
02-05 17:41:01.461   789   789 I Layer   : id=80027[1] Destroyed Surface(name=b29f82b NavigationBar0)/@0x8634759 - animation-leash#0
02-05 17:41:01.462  1163  3944 I InputDispatcher: Focus entered window (15500): d13ec47 in display 0 0
02-05 17:41:01.462 15500 15500 I ViewRootImpl@dc6bf3f[HorizontalListActivity]: MSG_WINDOW_FOCUS_CHANGED 1 1
02-05 17:41:01.463 15500 15500 D InputMethodManager: prepareNavigationBarInfo() DecorView@d8fb7dc[HorizontalListActivity]
02-05 17:41:01.463 15500 15500 D InputMethodManager: getNavigationBarColor() -16711423
02-05 17:41:01.463 15500 15500 D InputMethodManager: prepareNavigationBarInfo() DecorView@d8fb7dc[HorizontalListActivity]
02-05 17:41:01.463 15500 15500 D InputMethodManager: getNavigationBarColor() -16711423
02-05 17:41:01.463 15500 15500 V InputMethodManager: Starting input: tba=com.example.dogglers ic=null mNaviBarColor -16711423 mIsGetNaviBarColorSuccess true , NavVisible : true , NavTrans : false
02-05 17:41:01.463 15500 15500 D InputMethodManager: startInputInner - Id : 0
02-05 17:41:01.463 15500 15500 I InputMethodManager: startInputInner - mService.startInputOrWindowGainedFocus
02-05 17:41:01.464  1163  3944 D InputMethodManagerService: mSecureKeypadEnabled = false
02-05 17:41:01.464  1163  3944 V InputMethodManagerService: hideCurrentInputLocked : shouldHideSoftInput is false
02-05 17:41:01.464  1163  3944 D InputMethodManagerService: DESKTOP MODE! : 2
02-05 17:41:01.464  1163  3944 D InputMethodManagerService: NOT IN KNOX DESKTOP MODE!
02-05 17:41:01.464  1163  3944 V InputMethodManagerService: getDisplayIdOfInputMethodWindowToBeAdded : 0
02-05 17:41:01.464  1163  3944 D SamsungIMMSHWKeyboard: isConnectedDexOnPC false
02-05 17:41:01.464  1163  3944 D InputMethodManagerService: isImeSwitcherDisabledPackage : false
02-05 17:41:01.465  1163  3944 D InputMethodManagerService: checkDisplayOfStartInputAndUpdateKeyboard display Id 0last 0
02-05 17:41:01.465  1163  3944 D InputTransport: Input channel constructed: 'ClientS', fd=963
02-05 17:41:01.465  1163  3944 D InputTransport: Input channel destroyed: 'ClientS', fd=963
02-05 17:41:01.465 15500 15500 D InputTransport: Input channel constructed: 'ClientS', fd=97
02-05 17:41:01.466  1163  2104 I SurfaceControl: nativeRelease nativeObject s[499038982688]
02-05 17:41:01.466  1163  2104 I SurfaceControl: nativeRelease nativeObject e[499038982688]
02-05 17:41:01.467   789  1272 I SurfaceFlinger: id=80034 createSurf (0x0),-1 flag=24004, Surface(name=dbf3b45 InputMethod)/@0xf70bba8 - animation-leash#1
02-05 17:41:01.467   789   789 D SurfaceFlinger: Display 21442653864348033 HWC layers:
02-05 17:41:01.467   789   789 D SurfaceFlinger:      DEVICE | 0x7428c3fd40 | 0002 | RGBx_8888    |  180.0    0.0 1260.0 2400.0 |    0    0 1080 2400 | com.android.systemui.ImageWallpaper$_1680#0
02-05 17:41:01.467   789   789 D SurfaceFlinger:      DEVICE | 0x7428c3de00 | 0000 | RGBA_8888    |    0.0    0.0 1080.0 2400.0 |    0    0 1080 2400 | com.sec.android.app.launcher/com.sec[...].activities.LauncherActivity$_2003#0
02-05 17:41:01.467   789   789 D SurfaceFlinger:      DEVICE | 0x7428c3fe80 | 0002 | RGBA_8888    |    0.0    0.0 1080.0 2400.0 |   52  116 1028 2284 | com.example.dogglers/com.example.dogglers.HorizontalListActivity$_15500#0
02-05 17:41:01.467   789   789 D SurfaceFlinger:      DEVICE | 0x74084fd7c0 | 0002 | RGBA_8888    |    0.0    0.0 1080.0 2400.0 |   52  116 1028 2284 | Splash Screen com.example.dogglers#0
02-05 17:41:01.467   789   789 D SurfaceFlinger:      DEVICE | 0x7408500740 | 0000 | RGBA_8888    |    0.0    0.0 1080.0   88.0 |    0    0 1080   88 | StatusBar$_1680#0
02-05 17:41:01.467   789   789 D SurfaceFlinger:      DEVICE | 0x7428c40600 | 0000 | RGBA_8888    |    0.0    0.0 1080.0  144.0 |    0 2256 1080 2400 | NavigationBar0$_1680#0
02-05 17:41:01.467   789   789 D SurfaceFlinger:      DEVICE | 0x7408191180 | 0000 | RGBA_8888    |    0.0    0.0 1080.0  125.0 |    0    0 10
02-05 17:41:01.467   789   789 D SurfaceFlinger: 80  125 | ScreenDecorOverlay$_1680#0
02-05 17:41:01.467   789   789 D SurfaceFlinger:      DEVICE | 0x7428c3f480 | 0000 | RGBA_8888    |    0.0    0.0 1080.0  112.0 |    0 2288 1080 2400 | ScreenDecorOverlayBottom$_1680#0
02-05 17:41:01.467   789   789 D SurfaceFlinger:
02-05 17:41:01.468  3640  3640 I GoogleInputMethodService: GoogleInputMethodService.onFinishInput():3316
02-05 17:41:01.469 32609 32609 D BoundBrokerSvc: onUnbind: Intent { act=com.google.android.gms.measurement.START pkg=com.google.android.gms }
02-05 17:41:01.469  3640  3640 I GoogleInputMethodService: GoogleInputMethodService.updateDeviceLockedStatus():2181 checkRepeatedly = false, unlocked = true
02-05 17:41:01.469  3640  3640 D InputMethodService: checkDisplayOfStartInputAndUpdateKeyboard display Id 0last 0
02-05 17:41:01.469  3640  3640 I GoogleInputMethodService: GoogleInputMethodService.onStartInput():1989
