02-05 17:41:02.809 15500 15559 I TestRunner: started: vertical_scroll_content_at_last_position(com.example.dogglers.VerticalListTests)
02-05 17:41:02.810  1163  1240 W WindowManager: lockNow pending, ignore updating lockscreen timeout
02-05 17:41:02.810   789   835 I Layer   : id=80079 removeFromCurrentState ActivityRecord{22fd777 u0 com.example.dogglers/androidx.test.core.app.InstrumentationActivityInvoker$EmptyActivity t12739}#0 (206)
02-05 17:41:02.810   789   835 I Layer   : id=80057 removeFromCurrentState Task=12739#0 (206)
02-05 17:41:02.811   789   835 I SurfaceFlinger: id=80079 Removed ActivityRecord{22fd777 u0 com.example.dogglers/androidx.test.core.app.InstrumentationActivityInvoker$EmptyActivity t12739}#0 (206)
02-05 17:41:02.811   789   835 I SurfaceFlinger: id=80057 Removed Task=12739#0 (206)
02-05 17:41:02.813 15500 15559 W Settings: Setting always_finish_activities has moved from android.provider.Settings.System to android.provider.Settings.Global, returning read-only value.
02-05 17:41:02.815   789   789 I Layer   : id=80057[1] Destroyed Task=12739#0
02-05 17:41:02.815   789   789 I Layer   : id=80079[1] Destroyed ActivityRecord{22fd777 u0 com.example.dogglers/androidx.test.core.app.InstrumentationActivityInvoker$EmptyActivity t12739}#0
02-05 17:41:02.815   789   789 I Layer   : id=80082[1] Destroyed d905a14 com.example.dogglers/androidx.test.core.app.InstrumentationActivityInvoker$EmptyActivity#0
02-05 17:41:02.815   789   789 I Layer   : id=80083[1] Destroyed com.example.dogglers/androidx.test.core.app.InstrumentationActivityInvoker$EmptyActivity$_15500#1
02-05 17:41:02.820  2669 16482 E pageboostd: prefetch start : app comgoogleandroidcalculator
02-05 17:41:02.820  1163  2602 I SemDvfsHyPerManager: acquire hyper - AMS_APP_SWITCH/1163@24, type = -999
02-05 17:41:02.820   678   678 E audit   : type=1400 audit(1644093662.815:96913): avc:  denied  { search } for  pid=2669 comm="pageboostd" name="com.google.android.gms" dev="sda32" ino=2371 scontext=u:r:pageboostd:s0 tcontext=u:object_r:privapp_data_file:s0:c512,c768 tclass=dir permissive=0 SEPF_SM-G780F_11_0010 audit_filtered
02-05 17:41:02.820   726   817 I HYPER-HAL: [RequestManager.cpp]acquire(): Acquired ID : 705102  [1163 / 24]    HINT : AMS_APP_SWITCH    list :
02-05 17:41:02.820   678   678 E audit   : type=1300 audit(1644093662.815:96913): arch=c00000b7 syscall=56 success=no exit=-13 a0=ffffff9c a1=79f1a4f560 a2=0 a3=0 items=0 ppid=1 pid=2669 auid=4294967295 uid=1000 gid=1000 euid=1000 suid=1000 fsuid=1000 egid=1000 sgid=1000 fsgid=1000 tty=(none) ses=4294967295 comm="pageboostd" exe="/system/bin/pageboostd" subj=u:r:pageboostd:s0 key=(null)
02-05 17:41:02.821   726   817 I HYPER-HAL: [ResourceManager.cpp]updateResource(): [CPUMinFreq] UpdateResource Request ID : 705102    Value : 2623359
02-05 17:41:02.821   789   835 I SurfaceFlinger: id=80095 createSurf (0x0),-1 flag=24004, Task=12740#0
02-05 17:41:02.821  4183  4183 I SemDvfsHyPerManager: acquire hyper - com.sec.android.sdhms/4183@9, type = -999
02-05 17:41:02.821   726   817 I HYPER-HAL: [RequestManager.cpp]acquire(): Acquired ID : 8788537  [4183 / 9]    HINT : APP_START    list :
02-05 17:41:02.822   726   817 I HYPER-HAL: [ResourceManager.cpp]updateResource(): [CPUMaxFreq] UpdateResource Request ID : 8788537    Value : 2730000
02-05 17:41:02.822   678   678 E audit   : type=1327 audit(1644093662.815:96913): proctitle="/system/bin/pageboostd"
02-05 17:41:02.822   678   678 E audit   : type=1400 audit(1644093662.819:96914): avc:  denied  { search } for  pid=2669 comm="pageboostd" name="com.google.android.gms" dev="sda32" ino=2371 scontext=u:r:pageboostd:s0 tcontext=u:object_r:privapp_data_file:s0:c512,c768 tclass=dir permissive=0 SEPF_SM-G780F_11_0010 audit_filtered
02-05 17:41:02.824  2669  2669 E pageboostd: Received Reclaim command code 3, 92MB
02-05 17:41:02.824   789   835 I SurfaceFlinger: id=80096 createSurf (0x0),-1 flag=80004, ActivityRecord{3c83040 u0 com.example.dogglers/androidx.test.core.app.InstrumentationActivityInvoker$BootstrapActivity t12740}#0
02-05 17:41:02.824  2669 16482 E pageboostd: comgoogleandroidcalculator, amt 1200128 scnt 5 fcnt 11
02-05 17:41:02.824  2669 16482 E pageboostd: prefetch end : app comgoogleandroidcalculator data_amount 1200128
02-05 17:41:02.825  2669 16488 E pageboostd: mem prepare start : 92 MB
02-05 17:41:02.827  1163  3938 V WindowOrientationListener: getProposedRotation: 0
02-05 17:41:02.831  1163  3938 W WindowManager: lockNow pending, ignore updating lockscreen timeout
02-05 17:41:02.832  1163  3938 I SemDvfsHyPerManager: acquire hyper - AMS_APP_LAUNCH/1163@21, type = -999
02-05 17:41:02.832   726   817 I HYPER-HAL: [RequestManager.cpp]acquire(): Acquired ID : 701541  [1163 / 21]    HINT : AMS_APP_LAUNCH    list :
02-05 17:41:02.833   726   817 I HYPER-HAL: [ResourceManager.cpp]updateResource(): [CPUMinFreq] UpdateResource Request ID : 701541    Value : 2623359
02-05 17:41:02.833  2003  2003 I DragController: endDrag
02-05 17:41:02.833  2003  2003 W PageOverlayMover: updateActivityLifecycleState : 3
02-05 17:41:02.833  2003  2003 I SPayUpdater: updateSpayHandler launcher activity is paused false
02-05 17:41:02.834  5089 28744 I PageOverlayServiceImpl: [FROM HOME] updateActivityLifecycleState : 3
02-05 17:41:02.866  1163  3938 V WindowOrientationListener: getProposedRotation: 0
02-05 17:41:02.866  1163  3938 V WindowOrientationListener: getProposedRotation: 0
02-05 17:41:02.867  1163  3938 V WindowOrientationListener: getProposedRotation: 0
02-05 17:41:02.868  1163  3938 D InputDispatcher: Focused application set to (0): 3c83040
02-05 17:41:02.870  2669 16488 E pageboostd: mem prepare done : 96468992 bytes
02-05 17:41:02.870  2669 16486 E pageboostd: prefetch start : app brcomunimedsantosuniapp
02-05 17:41:02.871  2669 16486 E pageboostd: brcomunimedsantosuniapp, amt 4386816 scnt 10 fcnt 0
02-05 17:41:02.871  2669 16486 E pageboostd: prefetch end : app brcomunimedsantosuniapp data_amount 4386816
02-05 17:41:02.871  1163  3938 W WindowManager: lockNow pending, ignore updating lockscreen timeout
02-05 17:41:02.872  1163  3940 V WindowManager: Relayout Window{6030dc2 u0 com.sec.android.app.launcher/com.sec.android.app.launcher.activities.LauncherActivity}: viewVisibility=0 req=1080x2400
02-05 17:41:02.874  1163  3940 W WindowManager: lockNow pending, ignore updating lockscreen timeout
02-05 17:41:02.877 15500 15500 D LifecycleMonitor: Lifecycle status change: androidx.test.core.app.InstrumentationActivityInvoker$BootstrapActivity@239fc19 in: PRE_ON_CREATE
02-05 17:41:02.877 15500 15500 D LifecycleMonitor: running callback: androidx.test.core.app.ActivityScenario$1@1d624de
02-05 17:41:02.877  1163  1240 D InputTransport: Input channel constructed: '71c8ef7', fd=888
02-05 17:41:02.877 15500 15500 V ActivityScenario: Activity lifecycle changed event received but ignored because the intent does not match. startActivityIntent=Intent { act=android.intent.action.MAIN cat=[android.intent.category.LAUNCHER] cmp=com.example.dogglers/.VerticalListActivity }, activity.getIntent()=Intent { act=android.intent.action.MAIN cat=[android.intent.category.LAUNCHER] flg=0x10008000 cmp=com.example.dogglers/androidx.test.core.app.InstrumentationActivityInvoker$BootstrapActivity (has extras) }, activity=androidx.test.core.app.InstrumentationActivityInvoker$BootstrapActivity@239fc19
02-05 17:41:02.877  1163  1240 D InputTransport: Input channel constructed: '71c8ef7', fd=916
02-05 17:41:02.877 15500 15500 D LifecycleMonitor: callback completes: androidx.test.core.app.ActivityScenario$1@1d624de
02-05 17:41:02.877  1163  1259 D FastTrack: setFastTrackState: pid = 15500 ;tid= 15500 ;value= 1
02-05 17:41:02.877  1163  1259 D FastTrack: setFastTrackState: pid = 15500 ;tid= 15565 ;value= 1
02-05 17:41:02.878  1163  3940 V WindowManager: Relayout hash=6030dc2, pid=2003: mAttrs={(0,0)(fillxfill) sim={adjust=nothing} layoutInDisplayCutoutMode=shortEdges ty=BASE_APPLICATION fmt=TRANSPARENT wanim=0x10302f2
02-05 17:41:02.878  1163  3940 V WindowManager:   fl=81910100
02-05 17:41:02.878  1163  3940 V WindowManager:   pfl=16020000
02-05 17:41:02.878  1163  3940 V WindowManager:   vsysui=1700
02-05 17:41:02.878  1163  3940 V WindowManager:   apr=LIGHT_STATUS_BARS
02-05 17:41:02.878  1163  3940 V WindowManager:   bhv=SHOW_TRANSIENT_BARS_BY_SWIPE
02-05 17:41:02.878  1163  3940 V WindowManager:   fitSides= dimAmount=0.125 dimDuration=200 naviIconColor=0}
02-05 17:41:02.878  1163  3940 I SurfaceControl: nativeRelease nativeObject s[496882941824]
02-05 17:41:02.878   789   835 I SurfaceFlinger: id=80097 createSurf (0x0),-1 flag=80004, 71c8ef7 Splash Screen com.example.dogglers#0
02-05 17:41:02.878  1163  3940 I SurfaceControl: nativeRelease nativeObject e[496882941824]
02-05 17:41:02.879  2003  2003 I SurfaceControl: nativeRelease nativeObject s[499183205024]
02-05 17:41:02.879  2003  2003 I SurfaceControl: nativeRelease nativeObject e[499183205024]
02-05 17:41:02.880  2003  2003 I SurfaceControl: assignNativeObject: nativeObject = 0 Surface(name=null)/@0x37cdda1 / android.view.SurfaceControl.readFromParcel:1117 android.view.IWindowSession$Stub$Proxy.relayout:1820 android.view.ViewRootImpl.relayoutWindow:9005 android.view.ViewRootImpl.performTraversals:3360 android.view.ViewRootImpl.doTraversal:2618 android.view.ViewRootImpl$TraversalRunnable.run:9971 android.view.Choreographer$CallbackRecord.run:1010 android.view.Choreographer.doCallbacks:809 android.view.Choreographer.doFrame:744 android.view.Choreographer$FrameDisplayEventReceiver.run:995
02-05 17:41:02.880  2003  2003 I SurfaceControl: nativeRelease nativeObject s[499183207712]
02-05 17:41:02.880  2003  2003 I SurfaceControl: nativeRelease nativeObject e[499183207712]
02-05 17:41:02.880  2003  2003 I SurfaceControl: nativeRelease nativeObject s[499183207616]
02-05 17:41:02.880  2003  2003 I SurfaceControl: nativeRelease nativeObject e[499183207616]
02-05 17:41:02.880  2003  2003 I SurfaceControl: nativeRelease nativeObject s[499183207424]
02-05 17:41:02.880  2003  2003 I SurfaceControl: nativeRelease nativeObject e[499183207424]
02-05 17:41:02.880  2003  2003 I ViewRootImpl@e2e8b8d[LauncherActivity]: Relayout returned: old=(0,0,1080,2400) new=(0,0,1080,2400) req=(1080,2400)0 dur=8 res=0x1 s={true 497483223040} ch=false fn=23
02-05 17:41:02.881  1163  1240 I ViewRootImpl@477caf6[dogglers]: setView = com.android.internal.policy.DecorView@6012393 TM=true
02-05 17:41:02.885  1163  1511 D PkgPredictorService: com.example.dogglers go to foreground!
02-05 17:41:02.885  1163  1511 E PkgPredictorService-Collector: record changed bt=1  wifi=1 screen=0
02-05 17:41:02.885  1163  1240 V WindowManager: Relayout Window{71c8ef7 u0 Splash Screen com.example.dogglers}: viewVisibility=0 req=1080x2400
02-05 17:41:02.885  1163  1511 D PkgPredictorService: previous pkgs: com.example.dogglers,com.example.dogglers,com.example.dogglers running pkg: com.example.dogglers, uid: 0 is system: false
02-05 17:41:02.885 15500 15500 I DecorView: [INFO] isPopOver=false, config=true
02-05 17:41:02.885 15500 15500 I DecorView: updateCaptionType >> DecorView@75ac18c[], isFloating=false, isApplication=true, hasWindowDecorCaption=false, hasWindowControllerCallback=true
02-05 17:41:02.885  1163  1511 D PkgPredictorService-Collector: save record...
02-05 17:41:02.885  1163  1511 D PkgPredictorService-Collector:  (hour:17 day:7 previous:[com.example.dogglers, com.example.dogglers, com.example.dogglers] activityName:unknown running:com.example.dogglers userId:0 screenOrientation:0 wifi:1 bt:1 predictTime:1 apkVersion:1.0 consumeTime:-1 preloaded:false>)
02-05 17:41:02.885 15500 15500 D DecorView: setCaptionType = 0, this = DecorView@75ac18c[]
02-05 17:41:02.885  1163  1511 D PkgPredictorService-NapPreloadController: User using: com.example.dogglers
02-05 17:41:02.885  1163  1511 I PkgPredictorService-NapClassifier: RF predict version:1644037200287
02-05 17:41:02.885  1163  1511 D PkgPredictorService-NapClassifier: Predict result: 22.0,-1.0,-1.0,-1.0,-1.0,-1.0,-1.0,-1.0,-1.0, - [0_&_com.laurencedawson.reddit_sync.pro]
02-05 17:41:02.886  1163  1240 W WindowManager: lockNow pending, ignore updating lockscreen timeout
02-05 17:41:02.887 15500 15500 D LifecycleMonitor: Lifecycle status change: androidx.test.core.app.InstrumentationActivityInvoker$BootstrapActivity@239fc19 in: CREATED
02-05 17:41:02.887 15500 15500 D LifecycleMonitor: running callback: androidx.test.core.app.ActivityScenario$1@1d624de
02-05 17:41:02.887 15500 15500 V ActivityScenario: Activity lifecycle changed event received but ignored because the intent does not match. startActivityIntent=Intent { act=android.intent.action.MAIN cat=[android.intent.category.LAUNCHER] cmp=com.example.dogglers/.VerticalListActivity }, activity.getIntent()=Intent { act=android.intent.action.MAIN cat=[android.intent.category.LAUNCHER] flg=0x10008000 cmp=com.example.dogglers/androidx.test.core.app.InstrumentationActivityInvoker$BootstrapActivity (has extras) }, activity=androidx.test.core.app.InstrumentationActivityInvoker$BootstrapActivity@239fc19
02-05 17:41:02.887 15500 15500 D LifecycleMonitor: callback completes: androidx.test.core.app.ActivityScenario$1@1d624de
02-05 17:41:02.887  1163  1240 D WindowManager: isScreenshotDisabledLocked - win: Window{71c8ef7 u0 Splash Screen com.example.dogglers}
02-05 17:41:02.887  1163  1240 D WindowManager: isScreenshotDisabledLocked: userId = 0, disabled =false
02-05 17:41:02.888   789   835 I SurfaceFlinger: id=80098 createSurf (1080x2400),1 flag=404, Splash Screen com.example.dogglers#0
02-05 17:41:02.889 15500 15500 D LifecycleMonitor: Lifecycle status change: androidx.test.core.app.InstrumentationActivityInvoker$BootstrapActivity@239fc19 in: STARTED
02-05 17:41:02.890 15500 15500 D LifecycleMonitor: running callback: androidx.test.core.app.ActivityScenario$1@1d624de
02-05 17:41:02.890  1163  1240 V WindowManager: Relayout hash=71c8ef7, pid=1163: mAttrs={(0,0)(fillxfill) sim={adjust=pan} layoutInDisplayCutoutMode=shortEdges ty=APPLICATION_STARTING wanim=0x1030001
02-05 17:41:02.890  1163  1240 V WindowManager:   fl=1830118
02-05 17:41:02.890  1163  1240 V WindowManager:   pfl=12020011
02-05 17:41:02.890  1163  1240 V WindowManager:   fitSides= naviIconColor=0}
02-05 17:41:02.890 15500 15500 V ActivityScenario: Activity lifecycle changed event received but ignored because the intent does not match. startActivityIntent=Intent { act=android.intent.action.MAIN cat=[android.intent.category.LAUNCHER] cmp=com.example.dogglers/.VerticalListActivity }, activity.getIntent()=Intent { act=android.intent.action.MAIN cat=[android.intent.category.LAUNCHER] flg=0x10008000 cmp=com.example.dogglers/androidx.test.core.app.InstrumentationActivityInvoker$BootstrapActivity (has extras) }, activity=androidx.test.core.app.InstrumentationActivityInvoker$BootstrapActivity@239fc19
02-05 17:41:02.890 15500 15500 D LifecycleMonitor: callback completes: androidx.test.core.app.ActivityScenario$1@1d624de
02-05 17:41:02.890  1163  1240 I ViewRootImpl@477caf6[dogglers]: Relayout returned: old=(0,0,1080,2400) new=(0,0,1080,2400) req=(1080,2400)0 dur=5 res=0x7 s={true 497474408448} ch=true fn=-1
02-05 17:41:02.890  1163  1240 I ViewRootImpl@477caf6[dogglers]: [DP] dp(1) 1 android.view.ViewRootImpl.reportNextDraw:10957 android.view.ViewRootImpl.performTraversals:3845 android.view.ViewRootImpl.doTraversal:2618
02-05 17:41:02.891  1163  1237 D SehCodecSolutionService: Update top [com.example.dogglers]
02-05 17:41:02.891   716   957 D gralloc : [mali_gralloc_allocate] begin
02-05 17:41:02.891   716   957 D gralloc : buffer_descriptor: wh(1080 2400) usage_pc(0x966 0x906) hal_format(0x1) layer_count(1) sizes(0 0 0) strde(0) byte_stride(0) alloc_wh(0 0) internal_format(0x0) alloc_format(0x0) fd_count(1) plane_count(0)
02-05 17:41:02.891   716   957 D gralloc : [mali_gralloc_allocate] allocation successful
02-05 17:41:02.892   789   835 I SurfaceFlinger: id=80099 createSurf (0x0),-1 flag=80004, ActivityRecord{9aabdda u0 com.example.dogglers/.VerticalListActivity t12740}#0
02-05 17:41:02.894  1163  3940 W WindowManager: lockNow pending, ignore updating lockscreen timeout
02-05 17:41:02.895 15500 15500 D LifecycleMonitor: Lifecycle status change: androidx.test.core.app.InstrumentationActivityInvoker$BootstrapActivity@239fc19 in: RESUMED
02-05 17:41:02.895 15500 15500 D LifecycleMonitor: running callback: androidx.test.core.app.ActivityScenario$1@1d624de
02-05 17:41:02.895 15500 15500 V ActivityScenario: Activity lifecycle changed event received but ignored because the intent does not match. startActivityIntent=Intent { act=android.intent.action.MAIN cat=[android.intent.category.LAUNCHER] cmp=com.example.dogglers/.VerticalListActivity }, activity.getIntent()=Intent { act=android.intent.action.MAIN cat=[android.intent.category.LAUNCHER] flg=0x10008000 cmp=com.example.dogglers/androidx.test.core.app.InstrumentationActivityInvoker$BootstrapActivity (has extras) }, activity=androidx.test.core.app.InstrumentationActivityInvoker$BootstrapActivity@239fc19
02-05 17:41:02.895 15500 15500 D LifecycleMonitor: callback completes: androidx.test.core.app.ActivityScenario$1@1d624de
02-05 17:41:02.896  1163  1240 I ViewRootImpl@477caf6[dogglers]: [DP] pdf(0) 1 android.view.ViewRootImpl.performDraw:4809 android.view.ViewRootImpl.performTraversals:3866 android.view.ViewRootImpl.doTraversal:2618
02-05 17:41:02.896  1163  1240 I ViewRootImpl@477caf6[dogglers]: [DP] rdf()
02-05 17:41:02.897 15500 15500 D LifecycleMonitor: Lifecycle status change: androidx.test.core.app.InstrumentationActivityInvoker$BootstrapActivity@239fc19 in: PAUSED
02-05 17:41:02.897 15500 15500 D LifecycleMonitor: running callback: androidx.test.core.app.ActivityScenario$1@1d624de
02-05 17:41:02.897 15500 15500 V ActivityScenario: Activity lifecycle changed event received but ignored because the intent does not match. startActivityIntent=Intent { act=android.intent.action.MAIN cat=[android.intent.category.LAUNCHER] cmp=com.example.dogglers/.VerticalListActivity }, activity.getIntent()=Intent { act=android.intent.action.MAIN cat=[android.intent.category.LAUNCHER] flg=0x10008000 cmp=com.example.dogglers/androidx.test.core.app.InstrumentationActivityInvoker$BootstrapActivity (has extras) }, activity=androidx.test.core.app.InstrumentationActivityInvoker$BootstrapActivity@239fc19
02-05 17:41:02.897 15500 15500 D LifecycleMonitor: callback completes: androidx.test.core.app.ActivityScenario$1@1d624de
02-05 17:41:02.898  1163  3938 V WindowOrientationListener: getProposedRotation: 0
02-05 17:41:02.898  1163  3938 V WindowOrientationListener: getProposedRotation: 0
02-05 17:41:02.898  1163  3938 V WindowOrientationListener: getProposedRotation: 0
02-05 17:41:02.899  1163  3938 D InputDispatcher: Focused application set to (0): 9aabdda
02-05 17:41:02.900  1163  3940 I InputDispatcher: Focus left window (2003): 6030dc2 in display 0 0
02-05 17:41:02.901  1163  3938 W WindowManager: lockNow pending, ignore updating lockscreen timeout
02-05 17:41:02.903  1680  5752 D WallpaperService: dispatchAppVisibility onVisibilityChanged(): false
02-05 17:41:02.903  1680  1680 D WallpaperService: reportVisibility onVisibilityChanged visible: false
02-05 17:41:02.903  1680  1806 I ImageWallpaper:  onVisibilityChanged false , 0
02-05 17:41:02.903  1163  3938 I SurfaceControl: nativeRelease nativeObject s[496866860800]
02-05 17:41:02.903  1163  3938 I SurfaceControl: nativeRelease nativeObject e[496866860800]
02-05 17:41:02.904   789   834 I SurfaceFlinger: id=80100 createSurf (0x0),-1 flag=24000, Surface(name=8c655e2 StatusBar)/@0x44a9b07 - animation-leash#1
02-05 17:41:02.904  1163  3938 I SurfaceControl: nativeRelease nativeObject s[496867019744]
02-05 17:41:02.904  1163  3938 I SurfaceControl: nativeRelease nativeObject e[496867019744]
02-05 17:41:02.904   789  2265 I SurfaceFlinger: id=80101 createSurf (0x0),-1 flag=24000, Surface(name=b29f82b NavigationBar0)/@0x8634759 - animation-leash#0
02-05 17:41:02.905  1163  3938 W WindowManager: lockNow pending, ignore updating lockscreen timeout
02-05 17:41:02.905   789  1273 I Layer   : id=80089 removeFromCurrentState Surface(name=b29f82b NavigationBar0)/@0x8634759 - animation-leash#1 (209)
02-05 17:41:02.905   789  1273 I Layer   : id=21 removeFromCurrentState b29f82b NavigationBar0#0 (209)
02-05 17:41:02.905   789  1273 I Layer   : id=28 removeFromCurrentState NavigationBar0$_1680#0 (209)
02-05 17:41:02.905   789  1273 I Layer   : id=80088 removeFromCurrentState Surface(name=8c655e2 StatusBar)/@0x44a9b07 - animation-leash#0 (209)
02-05 17:41:02.905   789  1273 I Layer   : id=21 addToCurrentState b29f82b NavigationBar0#0 (209)
02-05 17:41:02.905   789  1273 I Layer   : id=28 addToCurrentState NavigationBar0$_1680#0 (209)
02-05 17:41:02.907  1163  1240 I ViewRootImpl@477caf6[dogglers]: MSG_RESIZED_REPORT: frame=(0,0,1080,2400) ci=(0,88,0,144) vi=(0,88,0,144) or=1
02-05 17:41:02.907  1163  1240 I ViewRootImpl@477caf6[dogglers]: [DP] dp(1) 1 android.view.ViewRootImpl.reportNextDraw:10957 android.view.ViewRootImpl.access$1200:256 android.view.ViewRootImpl$ViewRootHandler.handleMessage:6101
02-05 17:41:02.908  1163  1240 W WindowManager: lockNow pending, ignore updating lockscreen timeout
02-05 17:41:02.909 15500 15500 D LifecycleMonitor: Lifecycle status change: com.example.dogglers.VerticalListActivity@1c61551 in: PRE_ON_CREATE
02-05 17:41:02.909 15500 15500 D LifecycleMonitor: running callback: androidx.test.core.app.ActivityScenario$1@1d624de
02-05 17:41:02.910 15500 15500 V ActivityScenario: Activity lifecycle changed event received but ignored because the reported transition was not ON_CREATE while the last known transition was PRE_ON_CREATE
02-05 17:41:02.910 15500 15500 D LifecycleMonitor: callback completes: androidx.test.core.app.ActivityScenario$1@1d624de
02-05 17:41:02.911  1163  1237 D WindowManager: setDisableFlags: displayId=0, vis=0x8008, appearance=0, transientState=Pair{[I@50edb94 [I@6b2c63d}, isFullscreen=false, isImmersive=false, barType=0, win=Window{71c8ef7 u0 Splash Screen com.example.dogglers}
02-05 17:41:02.914 15500 15500 I DecorView: [INFO] isPopOver=false, config=true
02-05 17:41:02.914 15500 15500 I DecorView: updateCaptionType >> DecorView@1c3818e[], isFloating=false, isApplication=true, hasWindowDecorCaption=false, hasWindowControllerCallback=true
02-05 17:41:02.914 15500 15500 D DecorView: setCaptionType = 0, this = DecorView@1c3818e[]
02-05 17:41:02.916  1680  1680 D NavigationBar: onSystemBarAppearanceChanged() -  displayId:0, appearance:0, navbarColorManagedByIme:false
02-05 17:41:02.917  1680  1680 D SecStatusBarMobileView: setStaticDrawableColor:
02-05 17:41:02.917  1680  1680 D SecLightBarControlHelper: updateStatus(WHITE icon) NumLightStacks:0, NumStacks:1, IndexLightStack:-1, StatusBarMode:0, StatusBarState:SHD, NeedDarkFontFromWallpaper:true, isWhiteKeyguardStatusBarBySettings:true
02-05 17:41:02.917  1163  1240 V WindowManager: Relayout Window{71c8ef7 u0 Splash Screen com.example.dogglers}: viewVisibility=0 req=1080x2400
02-05 17:41:02.917  1163  1240 W WindowManager: lockNow pending, ignore updating lockscreen timeout
02-05 17:41:02.918  2003  4215 I mali_egl: eglDestroySurface() in
02-05 17:41:02.918  1163  1240 I SurfaceControl: nativeRelease nativeObject s[496884992800]
02-05 17:41:02.918  1163  1240 I SurfaceControl: nativeRelease nativeObject e[496884992800]
02-05 17:41:02.918  1163  1240 V WindowManager: Relayout hash=71c8ef7, pid=1163: mAttrs={(0,0)(fillxfill) sim={adjust=pan} layoutInDisplayCutoutMode=shortEdges ty=APPLICATION_STARTING wanim=0x1030001
02-05 17:41:02.918  1163  1240 V WindowManager:   fl=1830118
02-05 17:41:02.918  1163  1240 V WindowManager:   pfl=12020011
02-05 17:41:02.918  1163  1240 V WindowManager:   fitSides= naviIconColor=0}
02-05 17:41:02.918  1163  1240 I SurfaceControl: nativeRelease nativeObject s[496866860800]
02-05 17:41:02.918  1163  1240 I SurfaceControl: nativeRelease nativeObject e[496866860800]
02-05 17:41:02.918  1163  1240 I SurfaceControl: nativeRelease nativeObject s[496867019744]
02-05 17:41:02.918  1163  1240 I SurfaceControl: nativeRelease nativeObject e[496867019744]
02-05 17:41:02.918  1163  1240 I ViewRootImpl@477caf6[dogglers]: Relayout returned: old=(0,0,1080,2400) new=(0,0,1080,2400) req=(1080,2400)0 dur=1 res=0x1 s={true 497474408448} ch=false fn=2
02-05 17:41:02.919   716   957 D gralloc : [mali_gralloc_allocate] begin
02-05 17:41:02.919   716   957 D gralloc : buffer_descriptor: wh(1080 2400) usage_pc(0x966 0x906) hal_format(0x1) layer_count(1) sizes(0 0 0) strde(0) byte_stride(0) alloc_wh(0 0) internal_format(0x0) alloc_format(0x0) fd_count(1) plane_count(0)
02-05 17:41:02.919  2003  4215 I mali_winsys: delete_surface() [1080x2400] return
02-05 17:41:02.919  2003  4215 I mali_egl: eglDestroySurface() out
02-05 17:41:02.919   789   835 E BufferQueueProducer: [com.sec.android.app.launcher/com.sec.android.app.launcher.activities.LauncherActivity$_2003#0](id:315000036ee,api:0,p:-1,c:789) disconnect: not connected (req=1)
02-05 17:41:02.919   716   957 D gralloc : [mali_gralloc_allocate] allocation successful
02-05 17:41:02.919  2003  4215 W libEGL  : EGLNativeWindowType 0x73d44f9010 disconnect failed
02-05 17:41:02.920  1163  3944 V WindowManager: Relayout Window{6030dc2 u0 com.sec.android.app.launcher/com.sec.android.app.launcher.activities.LauncherActivity}: viewVisibility=8 req=1080x2400
02-05 17:41:02.921  1163  3944 W WindowManager: lockNow pending, ignore updating lockscreen timeout
02-05 17:41:02.922   789   789 D SurfaceFlinger: Display 21442653864348033 HWC layers:
02-05 17:41:02.922   789   789 D SurfaceFlinger:      DEVICE | 0x74081903c0 | 0002 | RGBA_8888    |    0.0    0.0 1080.0 2400.0 |    0    0 1080 2400 | Splash Screen com.example.dogglers#0
02-05 17:41:02.922   789   789 D SurfaceFlinger:      DEVICE | 0x7408500740 | 0000 | RGBA_8888    |    0.0    0.0 1080.0   88.0 |    0    0 1080   88 | StatusBar$_1680#0
02-05 17:41:02.922   789   789 D SurfaceFlinger:      DEVICE | 0x7428c3ea80 | 0000 | RGBA_8888    |    0.0    0.0 1080.0  144.0 |    0 2256 1080 2400 | NavigationBar0$_1680#0
02-05 17:41:02.922   789   789 D SurfaceFlinger:      DEVICE | 0x7408191180 | 0000 | RGBA_8888    |    0.0    0.0 1080.0  125.0 |    0    0 1080  125 | ScreenDecorOverlay$_1680#0
02-05 17:41:02.922   789   789 D SurfaceFlinger:      DEVICE | 0x7428c3f480 | 0000 | RGBA_8888    |    0.0    0.0 1080.0  112.0 |    0 2288 1080 2400 | ScreenDecorOverlayBottom$_1680#0
02-05 17:41:02.922   789   789 D SurfaceFlinger:
02-05 17:41:02.922  1163  1240 I ViewRootImpl@477caf6[dogglers]: [DP] pdf(0) 1 android.view.ViewRootImpl.performDraw:4809 android.view.ViewRootImpl.performTraversals:3866 android.view.ViewRootImpl.doTraversal:2618
02-05 17:41:02.922  1163  1240 I ViewRootImpl@477caf6[dogglers]: [DP] rdf()
02-05 17:41:02.923  1163  3944 V WindowManager: Relayout hash=6030dc2, pid=2003: mAttrs={(0,0)(fillxfill) sim={adjust=nothing} layoutInDisplayCutoutMode=shortEdges ty=BASE_APPLICATION fmt=TRANSPARENT wanim=0x10302f2
02-05 17:41:02.923  1163  3944 V WindowManager:   fl=81910100
02-05 17:41:02.923  1163  3944 V WindowManager:   pfl=16020000
02-05 17:41:02.923  1163  3944 V WindowManager:   vsysui=1700
02-05 17:41:02.923  1163  3944 V WindowManager:   apr=LIGHT_STATUS_BARS
02-05 17:41:02.923  1163  3944 V WindowManager:   bhv=SHOW_TRANSIENT_BARS_BY_SWIPE
02-05 17:41:02.923  1163  3944 V WindowManager:   fitSides= dimAmount=0.125 dimDuration=200 naviIconColor=0}
02-05 17:41:02.923 15500 15500 D LifecycleMonitor: Lifecycle status change: com.example.dogglers.VerticalListActivity@1c61551 in: CREATED
02-05 17:41:02.923 15500 15500 D LifecycleMonitor: running callback: androidx.test.core.app.ActivityScenario$1@1d624de
02-05 17:41:02.923  2003  2003 I SurfaceControl: nativeRelease nativeObject s[499183208192]
02-05 17:41:02.923  2003  2003 I SurfaceControl: nativeRelease nativeObject e[499183208192]
02-05 17:41:02.923 15500 15500 V ActivityScenario: Update currentActivityStage to CREATED, currentActivity=com.example.dogglers.VerticalListActivity@1c61551
02-05 17:41:02.923 15500 15500 D LifecycleMonitor: callback completes: androidx.test.core.app.ActivityScenario$1@1d624de
02-05 17:41:02.923  2003  2003 I SurfaceControl: assignNativeObject: nativeObject = 0 Surface(name=null)/@0x631c8c8 / android.view.SurfaceControl.readFromParcel:1117 android.view.IWindowSession$Stub$Proxy.relayout:1810 android.view.ViewRootImpl.relayoutWindow:9005 android.view.ViewRootImpl.performTraversals:3360 android.view.ViewRootImpl.doTraversal:2618 android.view.ViewRootImpl$TraversalRunnable.run:9971 android.view.Choreographer$CallbackRecord.run:1010 android.view.Choreographer.doCallbacks:809 android.view.Choreographer.doFrame:744 android.view.Choreographer$FrameDisplayEventReceiver.run:995
02-05 17:41:02.923  2003  2003 I SurfaceControl: assignNativeObject: nativeObject = 0 Surface(name=null)/@0x37cdda1 / android.view.SurfaceControl.readFromParcel:1117 android.view.IWindowSession$Stub$Proxy.relayout:1820 android.view.ViewRootImpl.relayoutWindow:9005 android.view.ViewRootImpl.performTraversals:3360 android.view.ViewRootImpl.doTraversal:2618 android.view.ViewRootImpl$TraversalRunnable.run:9971 android.view.Choreographer$CallbackRecord.run:1010 android.view.Choreographer.doCallbacks:809 android.view.Choreographer.doFrame:744 android.view.Choreographer$FrameDisplayEventReceiver.run:995
02-05 17:41:02.924  2003  2003 I SurfaceControl: nativeRelease nativeObject s[497484644288]
02-05 17:41:02.924  2003  2003 I SurfaceControl: nativeRelease nativeObject e[497484644288]
02-05 17:41:02.924  2003  2003 I SurfaceControl: nativeRelease nativeObject s[499183208480]
02-05 17:41:02.924  2003  2003 I SurfaceControl: nativeRelease nativeObject e[499183208480]
02-05 17:41:02.924  2003  2003 I SurfaceControl: nativeRelease nativeObject s[499183205024]
02-05 17:41:02.924  2003  2003 I SurfaceControl: nativeRelease nativeObject e[499183205024]
02-05 17:41:02.924  2003  2003 I ViewRootImpl@e2e8b8d[LauncherActivity]: Relayout returned: old=(0,0,1080,2400) new=(0,0,1080,2400) req=(1080,2400)8 dur=3 res=0x5 s={false 0} ch=true fn=23
02-05 17:41:02.924 15500 15500 D LifecycleMonitor: Lifecycle status change: com.example.dogglers.VerticalListActivity@1c61551 in: STARTED
02-05 17:41:02.924 15500 15500 D LifecycleMonitor: running callback: androidx.test.core.app.ActivityScenario$1@1d624de
02-05 17:41:02.924 15500 15500 V ActivityScenario: Update currentActivityStage to STARTED, currentActivity=com.example.dogglers.VerticalListActivity@1c61551
02-05 17:41:02.924 15500 15500 D LifecycleMonitor: callback completes: androidx.test.core.app.ActivityScenario$1@1d624de
02-05 17:41:02.924  2003  2003 I SurfaceControl: nativeRelease nativeObject s[499183208192]
02-05 17:41:02.924  2003  2003 I SurfaceControl: nativeRelease nativeObject e[499183208192]
02-05 17:41:02.924  2003  2003 I ViewRootImpl@e2e8b8d[LauncherActivity]: MSG_WINDOW_FOCUS_CHANGED 0 1
02-05 17:41:02.925 15500 15500 D LifecycleMonitor: Lifecycle status change: com.example.dogglers.VerticalListActivity@1c61551 in: RESUMED
02-05 17:41:02.925 15500 15500 D LifecycleMonitor: running callback: androidx.test.core.app.ActivityScenario$1@1d624de
02-05 17:41:02.925 15500 15500 V ActivityScenario: Update currentActivityStage to RESUMED, currentActivity=com.example.dogglers.VerticalListActivity@1c61551
02-05 17:41:02.925 15500 15500 D LifecycleMonitor: callback completes: androidx.test.core.app.ActivityScenario$1@1d624de
02-05 17:41:02.929  1163  3944 D InputTransport: Input channel constructed: 'acca8df', fd=860
02-05 17:41:02.929  1163  3944 D InputTransport: Input channel constructed: 'acca8df', fd=930
02-05 17:41:02.929   789  1273 I SurfaceFlinger: id=80102 createSurf (0x0),-1 flag=80004, acca8df com.example.dogglers/com.example.dogglers.VerticalListActivity#0
02-05 17:41:02.929  1163  3944 D WindowManager: isScreenshotDisabledLocked - win: Window{acca8df u0 com.example.dogglers/com.example.dogglers.VerticalListActivity}
02-05 17:41:02.929  1163  3944 D WindowManager: isScreenshotDisabledLocked: userId = 0, disabled =false
02-05 17:41:02.929  1163  3944 D InputTransport: Input channel destroyed: 'acca8df', fd=930
02-05 17:41:02.930 15500 15500 D InputTransport: Input channel constructed: 'acca8df', fd=90
02-05 17:41:02.930 15500 15500 I ViewRootImpl@a937af9[VerticalListActivity]: setView = com.android.internal.policy.DecorView@1c3818e TM=true
02-05 17:41:02.931 15500 15500 D IdlingResourceRegistry: All idling resources are idle.
02-05 17:41:02.933  1680  1680 D SecStatusBarMobileView: setStaticDrawableColor:
02-05 17:41:02.935  2003  2003 I ViewRootImpl@e2e8b8d[LauncherActivity]: stopped(true) old=false
02-05 17:41:02.935  1163  3944 V WindowManager: Relayout Window{acca8df u0 com.example.dogglers/com.example.dogglers.VerticalListActivity}: viewVisibility=0 req=1080x2400
02-05 17:41:02.935  2003  2003 I StateManager: goToState isInState Normal
02-05 17:41:02.936  1163  3944 W WindowManager: lockNow pending, ignore updating lockscreen timeout
02-05 17:41:02.936  1163  3944 D WindowManager: isScreenshotDisabledLocked - win: Window{acca8df u0 com.example.dogglers/com.example.dogglers.VerticalListActivity}
02-05 17:41:02.936  1163  3944 D WindowManager: isScreenshotDisabledLocked: userId = 0, disabled =false
02-05 17:41:02.936   789  1273 I SurfaceFlinger: id=80103 createSurf (1080x2400),1 flag=404, com.example.dogglers/com.example.dogglers.VerticalListActivity$_15500#0
02-05 17:41:02.936  2003  2003 W LauncherAppWidgetHost: setListenIfResumed, mFlags = 7
02-05 17:41:02.937  1163  3940 I AppWidgetServiceImpl: stopListening callbacks : null
02-05 17:41:02.937  2003  2003 W Launcher.NotificationListener: removeNotificationsChangedListener
02-05 17:41:02.937  2003  2003 I BadgeCountUpdaterImpl: onNotificationsChangedDisConnected
02-05 17:41:02.937  2003  2003 I Launcher.NotificationListener: unregisterObserver, this is not notificationService!!
02-05 17:41:02.937  2003  2003 W PageOverlayMover: updateActivityLifecycleState : 4
02-05 17:41:02.938  2003  2003 I LiveIconUpdateEventHandler: cancelMinuteChangeAlarm
02-05 17:41:02.938  1163  3944 I SurfaceControl: nativeRelease nativeObject s[496867020320]
02-05 17:41:02.938  1163  3944 I SurfaceControl: nativeRelease nativeObject e[496867020320]
02-05 17:41:02.938   789  1272 I SurfaceFlinger: id=80104 createSurf (0x0),-1 flag=24000, Surface(name=8c655e2 StatusBar)/@0x44a9b07 - animation-leash#0
02-05 17:41:02.939  1163  3944 I SurfaceControl: nativeRelease nativeObject s[499183877792]
02-05 17:41:02.939  1163  3944 I SurfaceControl: nativeRelease nativeObject e[499183877792]
02-05 17:41:02.939   789  2265 I SurfaceFlinger: id=80105 createSurf (0x0),-1 flag=24000, Surface(name=b29f82b NavigationBar0)/@0x8634759 - animation-leash#1
02-05 17:41:02.939  2003  2003 I LiveIconUpdateEventHandler: cancelDateChangeAlarm
02-05 17:41:02.940  1163  3944 V WindowManager: Relayout hash=acca8df, pid=15500: mAttrs={(0,0)(fillxfill) sim={adjust=resize forwardNavigation} ty=BASE_APPLICATION wanim=0x1030304
02-05 17:41:02.940  1163  3944 V WindowManager:   fl=81810100
02-05 17:41:02.940  1163  3944 V WindowManager:   pfl=12020000
02-05 17:41:02.940  1163  3944 V WindowManager:   fitSides= naviIconColor=0}
02-05 17:41:02.940  1163  3944 I SurfaceControl: nativeRelease nativeObject s[496866868192]
02-05 17:41:02.940  1163  3944 I SurfaceControl: nativeRelease nativeObject e[496866868192]
02-05 17:41:02.940  1163  1240 W WindowManager: lockNow pending, ignore updating lockscreen timeout
02-05 17:41:02.941   789  1273 I Layer   : id=80100 removeFromCurrentState Surface(name=8c655e2 StatusBar)/@0x44a9b07 - animation-leash#1 (213)
02-05 17:41:02.941   789  1273 I Layer   : id=80101 removeFromCurrentState Surface(name=b29f82b NavigationBar0)/@0x8634759 - animation-leash#0 (213)
02-05 17:41:02.941 15500 15500 I SurfaceControl: assignNativeObject: nativeObject = 0 Surface(name=null)/@0x5d96a3e / android.view.SurfaceControl.readFromParcel:1117 android.view.IWindowSession$Stub$Proxy.relayout:1820 android.view.ViewRootImpl.relayoutWindow:9005 android.view.ViewRootImpl.performTraversals:3360 android.view.ViewRootImpl.doTraversal:2618 android.view.ViewRootImpl$TraversalRunnable.run:9971 android.view.Choreographer$CallbackRecord.run:1010 android.view.Choreographer.doCallbacks:809 android.view.Choreographer.doFrame:744 android.view.Choreographer$FrameDisplayEventReceiver.run:995
02-05 17:41:02.941  1163  1240 I SurfaceControl: nativeRelease nativeObject s[496884985984]
02-05 17:41:02.941  1163  1240 I SurfaceControl: nativeRelease nativeObject e[496884985984]
02-05 17:41:02.941  1163  1240 I SurfaceControl: nativeRelease nativeObject s[496884992800]
02-05 17:41:02.941  1163  1240 I SurfaceControl: nativeRelease nativeObject e[496884992800]
02-05 17:41:02.941   789  1273 I SurfaceFlinger: id=80101 Removed Surface(name=b29f82b NavigationBar0)/@0x8634759 - animation-leash#0 (213)
02-05 17:41:02.941  1163  3940 V WindowManager: Relayout Window{b594a18 u0 NotificationShade}: viewVisibility=4 req=1080x2400
02-05 17:41:02.941   789   835 I SurfaceFlinger: id=80100 Removed Surface(name=8c655e2 StatusBar)/@0x44a9b07 - animation-leash#1 (213)
02-05 17:41:02.941 15500 15500 I ViewRootImpl@a937af9[VerticalListActivity]: Relayout returned: old=(0,0,1080,2400) new=(0,0,1080,2400) req=(1080,2400)0 dur=7 res=0x7 s={true 499142234112} ch=true fn=-1
02-05 17:41:02.942  1163  3940 W WindowManager: lockNow pending, ignore updating lockscreen timeout
02-05 17:41:02.942 15500 15565 I mali_winsys: new_window_surface() [1080x2400] return: 0x3000
02-05 17:41:02.943  1163  3940 V WindowManager: Relayout hash=b594a18, pid=1680: mAttrs={(0,0)(fillxfill) gr=TOP CENTER_VERTICAL sim={adjust=resize} layoutInDisplayCutoutMode=always ty=2040 fmt=TRANSLUCENT colorMode=COLOR_MODE_WIDE_COLOR_GAMUT
02-05 17:41:02.943  1163  3940 V WindowManager:   fl=81840048
02-05 17:41:02.943  1163  3940 V WindowManager:   pfl=1b000000
02-05 17:41:02.943  1163  3940 V WindowManager:   bhv=SHOW_TRANSIENT_BARS_BY_SWIPE dimAmount=0.0 naviIconColor=0
02-05 17:41:02.943  1163  3940 V WindowManager:   sfl=40000}
02-05 17:41:02.943  1680  1680 I SurfaceControl: assignNativeObject: nativeObject = 0 Surface(name=null)/@0x7632417 / android.view.SurfaceControl.readFromParcel:1117 android.view.IWindowSession$Stub$Proxy.relayout:1810 android.view.ViewRootImpl.relayoutWindow:9005 android.view.ViewRootImpl.performTraversals:3360 android.view.ViewRootImpl.doTraversal:2618 android.view.ViewRootImpl$TraversalRunnable.run:9971 android.view.Choreographer$CallbackRecord.run:1010 android.view.Choreographer.doCallbacks:809 android.view.Choreographer.doFrame:744 android.view.Choreographer$FrameDisplayEventReceiver.run:995
02-05 17:41:02.943  1680  1680 I SurfaceControl: assignNativeObject: nativeObject = 0 Surface(name=null)/@0x2dd2a3a / android.view.SurfaceControl.readFromParcel:1117 android.view.IWindowSession$Stub$Proxy.relayout:1820 android.view.ViewRootImpl.relayoutWindow:9005 android.view.ViewRootImpl.performTraversals:3360 android.view.ViewRootImpl.doTraversal:2618 android.view.ViewRootImpl$TraversalRunnable.run:9971 android.view.Choreographer$CallbackRecord.run:1010 android.view.Choreographer.doCallbacks:809 android.view.Choreographer.doFrame:744 android.view.Choreographer$FrameDisplayEventReceiver.run:995
02-05 17:41:02.944 15500 15500 I ViewRootImpl@a937af9[VerticalListActivity]: [DP] dp(1) 1 android.view.ViewRootImpl.reportNextDraw:10957 android.view.ViewRootImpl.performTraversals:3845 android.view.ViewRootImpl.doTraversal:2618
02-05 17:41:02.944 15500 15500 I ViewRootImpl@a937af9[VerticalListActivity]: [DP] pd() Asnyc report
02-05 17:41:02.944  1680  1680 I ViewRootImpl@cb447c7[NotificationShade]: Relayout returned: old=(0,0,1080,2400) new=(0,0,1080,2400) req=(1080,2400)4 dur=4 res=0x1 s={false 0} ch=false fn=-1
02-05 17:41:02.945  1680  1680 D KeyguardBottomAreaShortcutView: updateCameraVisibility isCameraDisabled:false visible:true
02-05 17:41:02.945  1680  1680 D KeyguardBottomAreaShortcutView: mIndicationArea margin start : 180, end : 180, bottom : 400
02-05 17:41:02.945  1680  1680 D MediaControlPanel: mActionButtonNumCollapsed = 1, mActionButtonNumExpand = 1
02-05 17:41:02.945  1680  1680 D MediaControlPanel: mActionButtonNumCollapsed = 1, mActionButtonNumExpand = 1
02-05 17:41:02.945  1680  1680 D MediaControlPanel: mActionButtonNumCollapsed = 1, mActionButtonNumExpand = 1
02-05 17:41:02.945  1680  1680 D MediaControlPanel: mActionButtonNumCollapsed = 1, mActionButtonNumExpand = 1
02-05 17:41:02.945  1680  1680 D MediaControlPanel: mActionButtonNumCollapsed = 1, mActionButtonNumExpand = 1
02-05 17:41:02.945  1680  1680 D MediaControlPanel: mActionButtonNumCollapsed = 1, mActionButtonNumExpand = 1
02-05 17:41:02.945   716   957 D gralloc : [mali_gralloc_allocate] begin
02-05 17:41:02.945   716   957 D gralloc : buffer_descriptor: wh(1080 2400) usage_pc(0x40000000000b00 0x40000000000b00) hal_format(0x1) layer_count(1) sizes(0 0 0) strde(0) byte_stride(0) alloc_wh(0 0) internal_format(0x0) alloc_format(0x0) fd_count(1) plane_count(0)
02-05 17:41:02.945  1680  1680 D MediaControlPanel: mActionButtonNumCollapsed = 1, mActionButtonNumExpand = 1
02-05 17:41:02.945  1680  1680 D MediaControlPanel: mActionButtonNumCollapsed = 1, mActionButtonNumExpand = 1
02-05 17:41:02.945  1680  1680 D MediaControlPanel: mActionButtonNumCollapsed = 3, mActionButtonNumExpand = 5
02-05 17:41:02.945  1680  1680 D MediaControlPanel: mActionButtonNumCollapsed = 3, mActionButtonNumExpand = 5
02-05 17:41:02.947   716   957 D gralloc : [mali_gralloc_allocate] allocation successful
02-05 17:41:02.947   716   953 D gralloc : [mali_gralloc_allocate] begin
02-05 17:41:02.947   716   953 D gralloc : buffer_descriptor: wh(1080 2400) usage_pc(0x40000000000b00 0x40000000000b00) hal_format(0x1) layer_count(1) sizes(0 0 0) strde(0) byte_stride(0) alloc_wh(0 0) internal_format(0x0) alloc_format(0x0) fd_count(1) plane_count(0)
02-05 17:41:02.947  2003  2003 I LiveIconUpdateEventHandler: unregisterReceiver
02-05 17:41:02.949   716   953 D gralloc : [mali_gralloc_allocate] allocation successful
02-05 17:41:02.950   789   789 I Layer   : id=80100[1] Destroyed Surface(name=8c655e2 StatusBar)/@0x44a9b07 - animation-leash#1
02-05 17:41:02.950   789   789 I Layer   : id=80101[1] Destroyed Surface(name=b29f82b NavigationBar0)/@0x8634759 - animation-leash#0
02-05 17:41:02.950   716   953 D gralloc : [mali_gralloc_allocate] begin
02-05 17:41:02.950   716   953 D gralloc : buffer_descriptor: wh(1080 2400) usage_pc(0x40000000000b00 0x40000000000b00) hal_format(0x1) layer_count(1) sizes(0 0 0) strde(0) byte_stride(0) alloc_wh(0 0) internal_format(0x0) alloc_format(0x0) fd_count(1) plane_count(0)
02-05 17:41:02.951   851  2286 I CameraService: notifyMonitoredUids
02-05 17:41:02.953   716   953 D gralloc : [mali_gralloc_allocate] allocation successful
02-05 17:41:02.953  1680  1680 D SecStatusBarMobileView: setStaticDrawableColor:
02-05 17:41:02.953  1680  1680 D MediaControlPanel: mActionButtonNumCollapsed = 1, mActionButtonNumExpand = 1
02-05 17:41:02.953  1680  1680 D MediaControlPanel: mActionButtonNumCollapsed = 1, mActionButtonNumExpand = 1
02-05 17:41:02.953  1680  1680 D MediaControlPanel: mActionButtonNumCollapsed = 1, mActionButtonNumExpand = 1
02-05 17:41:02.953  1680  1680 D MediaControlPanel: mActionButtonNumCollapsed = 1, mActionButtonNumExpand = 1
02-05 17:41:02.953  1680  1680 D MediaControlPanel: mActionButtonNumCollapsed = 1, mActionButtonNumExpand = 1
02-05 17:41:02.953  1680  1680 D MediaControlPanel: mActionButtonNumCollapsed = 1, mActionButtonNumExpand = 1
02-05 17:41:02.953  1680  1680 D MediaControlPanel: mActionButtonNumCollapsed = 1, mActionButtonNumExpand = 1
02-05 17:41:02.953  1680  1680 D MediaControlPanel: mActionButtonNumCollapsed = 1, mActionButtonNumExpand = 1
02-05 17:41:02.954  1680  1680 D MediaControlPanel: mActionButtonNumCollapsed = 3, mActionButtonNumExpand = 5
02-05 17:41:02.954  1680  1680 D MediaControlPanel: mActionButtonNumCollapsed = 3, mActionButtonNumExpand = 5
02-05 17:41:02.954 15500 15500 I ViewRootImpl@a937af9[VerticalListActivity]: [DP] pdf(0) 1 android.view.ViewRootImpl.lambda$performDraw$1$ViewRootImpl:4668 android.view.-$$Lambda$ViewRootImpl$DJd0VUYJgsebcnSohO6h8zc_ONI.run:6 android.os.Handler.handleCallback:938
02-05 17:41:02.954 15500 15500 I ViewRootImpl@a937af9[VerticalListActivity]: [DP] rdf()
02-05 17:41:02.955  1163  1240 W WindowManager: lockNow pending, ignore updating lockscreen timeout
02-05 17:41:02.956  1163  1240 W WindowManager: lockNow pending, ignore updating lockscreen timeout
02-05 17:41:02.956 15500 15500 D LifecycleMonitor: Lifecycle status change: androidx.test.core.app.InstrumentationActivityInvoker$BootstrapActivity@239fc19 in: STOPPED
02-05 17:41:02.956  1163  1240 D PkgPredictorService: pkg:com.example.dogglers activity:com.example.dogglers.VerticalListActivity thisTime:136
02-05 17:41:02.957  1163  1240 D PkgPredictorService-Collector: update activity launch time: VerticalListActivity : 136
02-05 17:41:02.957 15500 15500 D LifecycleMonitor: running callback: androidx.test.core.app.ActivityScenario$1@1d624de
02-05 17:41:02.957  1163  1240 I SemDvfsHyPerManager: acquire hyper - AMS_RESUME_TAIL/1163@22, type = -999
02-05 17:41:02.957  1163  1240 I SemDvfsHyPerManager: acquire hyper - AMS_ACT_LAZY/1163@23, type = -999
02-05 17:41:02.957 15500 15500 V ActivityScenario: Activity lifecycle changed event received but ignored because the intent does not match. startActivityIntent=Intent { act=android.intent.action.MAIN cat=[android.intent.category.LAUNCHER] cmp=com.example.dogglers/.VerticalListActivity }, activity.getIntent()=Intent { act=android.intent.action.MAIN cat=[android.intent.category.LAUNCHER] flg=0x10008000 cmp=com.example.dogglers/androidx.test.core.app.InstrumentationActivityInvoker$BootstrapActivity (has extras) }, activity=androidx.test.core.app.InstrumentationActivityInvoker$BootstrapActivity@239fc19
02-05 17:41:02.957 15500 15500 D LifecycleMonitor: callback completes: androidx.test.core.app.ActivityScenario$1@1d624de
02-05 17:41:02.957   726   817 I HYPER-HAL: [RequestManager.cpp]acquire(): Acquired ID : 702727  [1163 / 22]    HINT : AMS_RESUME_TAIL    list :
02-05 17:41:02.957  1163  1244 D ArtManagerInternalImpl: /data/misc/iorapd/com.example.dogglers/1/com.example.dogglers.VerticalListActivity/compiled_traces/compiled_trace.pb doesn't exist
02-05 17:41:02.957   726   817 I HYPER-HAL: [ResourceManager.cpp]updateResource(): [CPUMinFreq] UpdateResource Request ID : 702727    Value : 1844882
02-05 17:41:02.957   726   817 I HYPER-HAL: [RequestManager.cpp]acquire(): Acquired ID : 703914  [1163 / 23]    HINT :      list :
02-05 17:41:02.957   726   817 E HYPER-HAL: [Request.cpp]acquire(): Request:: id : 703914, No Resource to set
02-05 17:41:02.958   726   817 I HYPER-HAL: [ResourceManager.cpp]removeResource(): [CPUMinFreq] RemoveResource Request ID : 705102
02-05 17:41:02.958  1163  1240 D ViewRootImpl@477caf6[dogglers]: dispatchDetachedFromWindow: reset blurmask
02-05 17:41:02.958   726   817 I HYPER-HAL: [RequestManager.cpp]releaseLocked(): Released ID : 705102
02-05 17:41:02.960  1163  1244 I ActivityTaskManager: Displayed com.example.dogglers/.VerticalListActivity: +136ms
02-05 17:41:02.960  2669  2669 E pageboostd: Received HALT command code 2
02-05 17:41:02.961  5089  5538 I PageOverlayServiceImpl: [FROM HOME] updateActivityLifecycleState : 4
02-05 17:41:02.961  5089  5089 I PageOverlayCoordinator: onUiStopped
02-05 17:41:02.961  5089  5089 I PageOverlayRootLayout: onUiStopped
02-05 17:41:02.962  1163  1240 I ViewRootImpl@477caf6[dogglers]: dispatchDetachedFromWindow
02-05 17:41:02.962  1163  1240 I SurfaceControl: nativeRelease nativeObject s[496861208992]
02-05 17:41:02.962  1163  1240 I SurfaceControl: nativeRelease nativeObject e[496861208992]
02-05 17:41:02.962  1163  1240 D InputTransport: Input channel destroyed: '71c8ef7', fd=888
02-05 17:41:02.963   789   834 I SurfaceFlinger: id=80106 createSurf (0x0),-1 flag=24000, Surface(name=71c8ef7 Splash Screen com.example.dogglers)/@0x427720b - animation-leash#0
02-05 17:41:02.964  1163  1240 W WindowManager: lockNow pending, ignore updating lockscreen timeout
02-05 17:41:02.965  1163  1240 D InputTransport: Input channel destroyed: '71c8ef7', fd=916
02-05 17:41:02.967  1163  3940 I InputDispatcher: Focus entered window (15500): acca8df in display 0 0
02-05 17:41:02.968  1163  3944 I SurfaceControl: nativeRelease nativeObject s[496860778080]
02-05 17:41:02.968  1163  3944 I SurfaceControl: nativeRelease nativeObject e[496860778080]
02-05 17:41:02.968  1680  1680 D SecStatusBarMobileView: setStaticDrawableColor:
02-05 17:41:02.968   789  1272 I Layer   : id=80087 removeFromCurrentState com.sec.android.app.launcher/com.sec.android.app.launcher.activities.LauncherActivity$_2003#0 (212)
02-05 17:41:02.969  1163  1235 V WindowManager: Relayout Window{f87dac6 u0 com.samsung.android.app.spage}: viewVisibility=8 req=0x2168
02-05 17:41:02.969  1163  1235 W WindowManager: lockNow pending, ignore updating lockscreen timeout
02-05 17:41:02.970  1163  1235 V WindowManager: Relayout hash=f87dac6, pid=5089: mAttrs={(0,0)(0xfill) sim={adjust=pan} ty=APPLICATION_PANEL fmt=RGBA_8888
02-05 17:41:02.970  1163  1235 V WindowManager:   fl=1000018
02-05 17:41:02.970  1163  1235 V WindowManager:   pfl=2000040
02-05 17:41:02.970  1163  1235 V WindowManager:   fitTypes=STATUS_BARS NAVIGATION_BARS CAPTION_BAR IME naviIconColor=0}
