02-05 17:40:53.860 15500 15559 I TestRunner: started: vertical_list_button_is_displayed(com.example.dogglers.ButtonTests)
02-05 17:40:53.860   789   834 I Layer   : id=79664 removeFromCurrentState ActivityRecord{e4ba330 u0 com.example.dogglers/androidx.test.core.app.InstrumentationActivityInvoker$EmptyActivity t12728}#0 (179)
02-05 17:40:53.860   789   834 I Layer   : id=79641 removeFromCurrentState Task=12728#0 (179)
02-05 17:40:53.861   789  2265 I SurfaceFlinger: id=79664 Removed ActivityRecord{e4ba330 u0 com.example.dogglers/androidx.test.core.app.InstrumentationActivityInvoker$EmptyActivity t12728}#0 (179)
02-05 17:40:53.861   789  2265 I SurfaceFlinger: id=79641 Removed Task=12728#0 (179)
02-05 17:40:53.863   789   789 I Layer   : id=79641[1] Destroyed Task=12728#0
02-05 17:40:53.863   789   789 I Layer   : id=79664[1] Destroyed ActivityRecord{e4ba330 u0 com.example.dogglers/androidx.test.core.app.InstrumentationActivityInvoker$EmptyActivity t12728}#0
02-05 17:40:53.863   789   789 I Layer   : id=79666[1] Destroyed 75000f4 com.example.dogglers/androidx.test.core.app.InstrumentationActivityInvoker$EmptyActivity#0
02-05 17:40:53.863   789   789 I Layer   : id=79667[1] Destroyed com.example.dogglers/androidx.test.core.app.InstrumentationActivityInvoker$EmptyActivity$_15500#1
02-05 17:40:53.863 15500 15559 W Settings: Setting always_finish_activities has moved from android.provider.Settings.System to android.provider.Settings.Global, returning read-only value.
02-05 17:40:53.869  2669 16135 E pageboostd: mem prepare done : 96468992 bytes
02-05 17:40:53.869  1163  2602 I SemDvfsHyPerManager: acquire hyper - AMS_APP_SWITCH/1163@24, type = -999
02-05 17:40:53.869   726   817 I HYPER-HAL: [RequestManager.cpp]acquire(): Acquired ID : 705102  [1163 / 24]    HINT : AMS_APP_SWITCH    list :
02-05 17:40:53.869   789   834 I SurfaceFlinger: id=79679 createSurf (0x0),-1 flag=24004, Task=12729#0
02-05 17:40:53.870   726   817 I HYPER-HAL: [ResourceManager.cpp]updateResource(): [CPUMinFreq] UpdateResource Request ID : 705102    Value : 2623359
02-05 17:40:53.871   789   834 I SurfaceFlinger: id=79680 createSurf (0x0),-1 flag=80004, ActivityRecord{c81a18b u0 com.example.dogglers/androidx.test.core.app.InstrumentationActivityInvoker$BootstrapActivity t12729}#0
02-05 17:40:53.872  1163  1235 V WindowOrientationListener: getProposedRotation: 0
02-05 17:40:53.873  4183  4183 I SemDvfsHyPerManager: acquire hyper - com.sec.android.sdhms/4183@9, type = -999
02-05 17:40:53.873   726   817 I HYPER-HAL: [RequestManager.cpp]acquire(): Acquired ID : 8788537  [4183 / 9]    HINT : APP_START    list :
02-05 17:40:53.873   726   817 I HYPER-HAL: [ResourceManager.cpp]updateResource(): [CPUMaxFreq] UpdateResource Request ID : 8788537    Value : 2730000
02-05 17:40:53.873  1163  1235 W WindowManager: lockNow pending, ignore updating lockscreen timeout
02-05 17:40:53.874  1163  1235 I SemDvfsHyPerManager: acquire hyper - AMS_APP_LAUNCH/1163@21, type = -999
02-05 17:40:53.874   726   817 I HYPER-HAL: [RequestManager.cpp]acquire(): Acquired ID : 701541  [1163 / 21]    HINT : AMS_APP_LAUNCH    list :
02-05 17:40:53.874   726   817 I HYPER-HAL: [ResourceManager.cpp]updateResource(): [CPUMinFreq] UpdateResource Request ID : 701541    Value : 2623359
02-05 17:40:53.875  2003  2003 I DragController: endDrag
02-05 17:40:53.875  2003  2003 W PageOverlayMover: updateActivityLifecycleState : 3
02-05 17:40:53.876  2003  2003 I SPayUpdater: updateSpayHandler launcher activity is paused false
02-05 17:40:53.876  5089 28744 I PageOverlayServiceImpl: [FROM HOME] updateActivityLifecycleState : 3
02-05 17:40:53.878  1163  1235 V WindowOrientationListener: getProposedRotation: 0
02-05 17:40:53.878  1163  1235 V WindowOrientationListener: getProposedRotation: 0
02-05 17:40:53.878  1163  1235 V WindowOrientationListener: getProposedRotation: 0
02-05 17:40:53.879  1163  1235 D InputDispatcher: Focused application set to (0): c81a18b
02-05 17:40:53.929  1163  1235 W WindowManager: lockNow pending, ignore updating lockscreen timeout
02-05 17:40:53.930  1163  1240 D InputTransport: Input channel constructed: '49cda3f', fd=857
02-05 17:40:53.930  1163  1240 D InputTransport: Input channel constructed: '49cda3f', fd=920
02-05 17:40:53.930   789   834 I SurfaceFlinger: id=79681 createSurf (0x0),-1 flag=80004, 49cda3f Splash Screen com.example.dogglers#0
02-05 17:40:53.932  1163  1235 V WindowManager: Relayout Window{6030dc2 u0 com.sec.android.app.launcher/com.sec.android.app.launcher.activities.LauncherActivity}: viewVisibility=0 req=1080x2400
02-05 17:40:53.932  1163  1240 I ViewRootImpl@f5c9bb2[dogglers]: setView = com.android.internal.policy.DecorView@d598055 TM=true
02-05 17:40:53.932  1163  1235 W WindowManager: lockNow pending, ignore updating lockscreen timeout
02-05 17:40:53.934  1163  1235 V WindowManager: Relayout hash=6030dc2, pid=2003: mAttrs={(0,0)(fillxfill) sim={adjust=nothing} layoutInDisplayCutoutMode=shortEdges ty=BASE_APPLICATION fmt=TRANSPARENT wanim=0x10302f2
02-05 17:40:53.934  1163  1235 V WindowManager:   fl=81910100
02-05 17:40:53.934  1163  1235 V WindowManager:   pfl=16020000
02-05 17:40:53.934  1163  1235 V WindowManager:   vsysui=1700
02-05 17:40:53.934  1163  1235 V WindowManager:   apr=LIGHT_STATUS_BARS
02-05 17:40:53.934  1163  1235 V WindowManager:   bhv=SHOW_TRANSIENT_BARS_BY_SWIPE
02-05 17:40:53.934  1163  1235 V WindowManager:   fitSides= dimAmount=0.125 dimDuration=200 naviIconColor=0}
02-05 17:40:53.934  1163  1235 I SurfaceControl: nativeRelease nativeObject s[499038038912]
02-05 17:40:53.934  1163  1235 I SurfaceControl: nativeRelease nativeObject e[499038038912]
02-05 17:40:53.935 15500 15500 D LifecycleMonitor: Lifecycle status change: androidx.test.core.app.InstrumentationActivityInvoker$BootstrapActivity@6cf6f03 in: PRE_ON_CREATE
02-05 17:40:53.935  2003  2003 I SurfaceControl: nativeRelease nativeObject s[497484644864]
02-05 17:40:53.935  2003  2003 I SurfaceControl: nativeRelease nativeObject e[497484644864]
02-05 17:40:53.935 15500 15500 D LifecycleMonitor: running callback: androidx.test.core.app.ActivityScenario$1@9775e80
02-05 17:40:53.935  1163  1240 V WindowManager: Relayout Window{49cda3f u0 Splash Screen com.example.dogglers}: viewVisibility=0 req=1080x2400
02-05 17:40:53.935  2003  2003 I SurfaceControl: assignNativeObject: nativeObject = 0 Surface(name=null)/@0x37cdda1 / android.view.SurfaceControl.readFromParcel:1117 android.view.IWindowSession$Stub$Proxy.relayout:1820 android.view.ViewRootImpl.relayoutWindow:9005 android.view.ViewRootImpl.performTraversals:3360 android.view.ViewRootImpl.doTraversal:2618 android.view.ViewRootImpl$TraversalRunnable.run:9971 android.view.Choreographer$CallbackRecord.run:1010 android.view.Choreographer.doCallbacks:809 android.view.Choreographer.doFrame:744 android.view.Choreographer$FrameDisplayEventReceiver.run:995
02-05 17:40:53.935  2003  2003 I SurfaceControl: nativeRelease nativeObject s[497484646784]
02-05 17:40:53.935  2003  2003 I SurfaceControl: nativeRelease nativeObject e[497484646784]
02-05 17:40:53.935  2003  2003 I SurfaceControl: nativeRelease nativeObject s[497484219680]
02-05 17:40:53.935  2003  2003 I SurfaceControl: nativeRelease nativeObject e[497484219680]
02-05 17:40:53.935  2003  2003 I SurfaceControl: nativeRelease nativeObject s[497484217472]
02-05 17:40:53.935  2003  2003 I SurfaceControl: nativeRelease nativeObject e[497484217472]
02-05 17:40:53.935  1163  1240 W WindowManager: lockNow pending, ignore updating lockscreen timeout
02-05 17:40:53.935  2003  2003 I ViewRootImpl@e2e8b8d[LauncherActivity]: Relayout returned: old=(0,0,1080,2400) new=(0,0,1080,2400) req=(1080,2400)0 dur=5 res=0x1 s={true 497483223040} ch=false fn=26
02-05 17:40:53.935 15500 15500 V ActivityScenario: Activity lifecycle changed event received but ignored because the intent does not match. startActivityIntent=Intent { act=android.intent.action.MAIN cat=[android.intent.category.LAUNCHER] cmp=com.example.dogglers/.MainActivity }, activity.getIntent()=Intent { act=android.intent.action.MAIN cat=[android.intent.category.LAUNCHER] flg=0x10008000 cmp=com.example.dogglers/androidx.test.core.app.InstrumentationActivityInvoker$BootstrapActivity (has extras) }, activity=androidx.test.core.app.InstrumentationActivityInvoker$BootstrapActivity@6cf6f03
02-05 17:40:53.935 15500 15500 D LifecycleMonitor: callback completes: androidx.test.core.app.ActivityScenario$1@9775e80
02-05 17:40:53.936  1163  1240 D WindowManager: isScreenshotDisabledLocked - win: Window{49cda3f u0 Splash Screen com.example.dogglers}
02-05 17:40:53.936  1163  1240 D WindowManager: isScreenshotDisabledLocked: userId = 0, disabled =false
02-05 17:40:53.936   789  2265 I SurfaceFlinger: id=79682 createSurf (1080x2400),1 flag=404, Splash Screen com.example.dogglers#0
02-05 17:40:53.937  1163  1259 D FastTrack: setFastTrackState: pid = 15500 ;tid= 15500 ;value= 1
02-05 17:40:53.938  1163  1240 V WindowManager: Relayout hash=49cda3f, pid=1163: mAttrs={(0,0)(fillxfill) sim={adjust=pan} layoutInDisplayCutoutMode=shortEdges ty=APPLICATION_STARTING wanim=0x1030001
02-05 17:40:53.938  1163  1240 V WindowManager:   fl=1830118
02-05 17:40:53.938  1163  1240 V WindowManager:   pfl=12020011
02-05 17:40:53.938  1163  1240 V WindowManager:   fitSides= naviIconColor=0}
02-05 17:40:53.938  1163  1259 D FastTrack: setFastTrackState: pid = 15500 ;tid= 15565 ;value= 1
02-05 17:40:53.938  1163  1240 I ViewRootImpl@f5c9bb2[dogglers]: Relayout returned: old=(0,0,1080,2400) new=(0,0,1080,2400) req=(1080,2400)0 dur=3 res=0x7 s={true 497474408448} ch=true fn=-1
02-05 17:40:53.938  1163  1240 I ViewRootImpl@f5c9bb2[dogglers]: [DP] dp(1) 1 android.view.ViewRootImpl.reportNextDraw:10957 android.view.ViewRootImpl.performTraversals:3845 android.view.ViewRootImpl.doTraversal:2618
02-05 17:40:53.938   716   957 D gralloc : [mali_gralloc_allocate] begin
02-05 17:40:53.938   716   957 D gralloc : buffer_descriptor: wh(1080 2400) usage_pc(0x966 0x906) hal_format(0x1) layer_count(1) sizes(0 0 0) strde(0) byte_stride(0) alloc_wh(0 0) internal_format(0x0) alloc_format(0x0) fd_count(1) plane_count(0)
02-05 17:40:53.938   716   957 D gralloc : [mali_gralloc_allocate] allocation successful
02-05 17:40:53.941 15500 15500 I DecorView: [INFO] isPopOver=false, config=true
02-05 17:40:53.941  1163  1240 I ViewRootImpl@f5c9bb2[dogglers]: [DP] pdf(0) 1 android.view.ViewRootImpl.performDraw:4809 android.view.ViewRootImpl.performTraversals:3866 android.view.ViewRootImpl.doTraversal:2618
02-05 17:40:53.941  1163  1240 I ViewRootImpl@f5c9bb2[dogglers]: [DP] rdf()
02-05 17:40:53.941 15500 15500 I DecorView: updateCaptionType >> DecorView@1aad8fe[], isFloating=false, isApplication=true, hasWindowDecorCaption=false, hasWindowControllerCallback=true
02-05 17:40:53.941 15500 15500 D DecorView: setCaptionType = 0, this = DecorView@1aad8fe[]
02-05 17:40:53.942  1163  1240 W WindowManager: lockNow pending, ignore updating lockscreen timeout
02-05 17:40:53.943 15500 15500 D LifecycleMonitor: Lifecycle status change: androidx.test.core.app.InstrumentationActivityInvoker$BootstrapActivity@6cf6f03 in: CREATED
02-05 17:40:53.943 15500 15500 D LifecycleMonitor: running callback: androidx.test.core.app.ActivityScenario$1@9775e80
02-05 17:40:53.943 15500 15500 V ActivityScenario: Activity lifecycle changed event received but ignored because the intent does not match. startActivityIntent=Intent { act=android.intent.action.MAIN cat=[android.intent.category.LAUNCHER] cmp=com.example.dogglers/.MainActivity }, activity.getIntent()=Intent { act=android.intent.action.MAIN cat=[android.intent.category.LAUNCHER] flg=0x10008000 cmp=com.example.dogglers/androidx.test.core.app.InstrumentationActivityInvoker$BootstrapActivity (has extras) }, activity=androidx.test.core.app.InstrumentationActivityInvoker$BootstrapActivity@6cf6f03
02-05 17:40:53.943 15500 15500 D LifecycleMonitor: callback completes: androidx.test.core.app.ActivityScenario$1@9775e80
02-05 17:40:53.944  1680  1741 D WallpaperService: dispatchAppVisibility onVisibilityChanged(): false
02-05 17:40:53.944  1163  1240 I SurfaceControl: nativeRelease nativeObject s[499183875008]
02-05 17:40:53.944  1163  1240 I SurfaceControl: nativeRelease nativeObject e[499183875008]
02-05 17:40:53.945   789   834 I SurfaceFlinger: id=79683 createSurf (0x0),-1 flag=24000, Surface(name=8c655e2 StatusBar)/@0x44a9b07 - animation-leash#1
02-05 17:40:53.945  1163  1240 I SurfaceControl: nativeRelease nativeObject s[499183897792]
02-05 17:40:53.945  1163  1240 I SurfaceControl: nativeRelease nativeObject e[499183897792]
02-05 17:40:53.945   789   834 I SurfaceFlinger: id=79684 createSurf (0x0),-1 flag=24000, Surface(name=b29f82b NavigationBar0)/@0x8634759 - animation-leash#0
02-05 17:40:53.946  1163  1240 W WindowManager: lockNow pending, ignore updating lockscreen timeout
02-05 17:40:53.946  1680  1680 D WallpaperService: reportVisibility onVisibilityChanged visible: false
02-05 17:40:53.946  1680  1806 I ImageWallpaper:  onVisibilityChanged false , 0
02-05 17:40:53.946   789   834 I Layer   : id=79672 removeFromCurrentState Surface(name=8c655e2 StatusBar)/@0x44a9b07 - animation-leash#0 (181)
02-05 17:40:53.946   789   834 I Layer   : id=79673 removeFromCurrentState Surface(name=b29f82b NavigationBar0)/@0x8634759 - animation-leash#1 (181)
02-05 17:40:53.947  2003  4215 I mali_egl: eglDestroySurface() in
02-05 17:40:53.948 15500 15500 D LifecycleMonitor: Lifecycle status change: androidx.test.core.app.InstrumentationActivityInvoker$BootstrapActivity@6cf6f03 in: STARTED
02-05 17:40:53.948 15500 15500 D LifecycleMonitor: running callback: androidx.test.core.app.ActivityScenario$1@9775e80
02-05 17:40:53.948 15500 15500 V ActivityScenario: Activity lifecycle changed event received but ignored because the intent does not match. startActivityIntent=Intent { act=android.intent.action.MAIN cat=[android.intent.category.LAUNCHER] cmp=com.example.dogglers/.MainActivity }, activity.getIntent()=Intent { act=android.intent.action.MAIN cat=[android.intent.category.LAUNCHER] flg=0x10008000 cmp=com.example.dogglers/androidx.test.core.app.InstrumentationActivityInvoker$BootstrapActivity (has extras) }, activity=androidx.test.core.app.InstrumentationActivityInvoker$BootstrapActivity@6cf6f03
02-05 17:40:53.948 15500 15500 D LifecycleMonitor: callback completes: androidx.test.core.app.ActivityScenario$1@9775e80
02-05 17:40:53.948  2003  4215 I mali_winsys: delete_surface() [1080x2400] return
02-05 17:40:53.948  2003  4215 I mali_egl: eglDestroySurface() out
02-05 17:40:53.948   789   834 E BufferQueueProducer: [com.sec.android.app.launcher/com.sec.android.app.launcher.activities.LauncherActivity$_2003#0](id:315000036b9,api:0,p:-1,c:789) disconnect: not connected (req=1)
02-05 17:40:53.948  1163  3944 I InputDispatcher: Focus left window (2003): 6030dc2 in display 0 0
02-05 17:40:53.948  2003  4215 W libEGL  : EGLNativeWindowType 0x73d44f9010 disconnect failed
02-05 17:40:53.948  1163  1240 W WindowManager: lockNow pending, ignore updating lockscreen timeout
02-05 17:40:53.949  1163  1235 V WindowManager: Relayout Window{6030dc2 u0 com.sec.android.app.launcher/com.sec.android.app.launcher.activities.LauncherActivity}: viewVisibility=8 req=1080x2400
02-05 17:40:53.949  1163  1235 W WindowManager: lockNow pending, ignore updating lockscreen timeout
02-05 17:40:53.950  1163  1235 V WindowManager: Relayout hash=6030dc2, pid=2003: mAttrs={(0,0)(fillxfill) sim={adjust=nothing} layoutInDisplayCutoutMode=shortEdges ty=BASE_APPLICATION fmt=TRANSPARENT wanim=0x10302f2
02-05 17:40:53.950  1163  1235 V WindowManager:   fl=81910100
02-05 17:40:53.950  1163  1235 V WindowManager:   pfl=16020000
02-05 17:40:53.950  1163  1235 V WindowManager:   vsysui=1700
02-05 17:40:53.950  1163  1235 V WindowManager:   apr=LIGHT_STATUS_BARS
02-05 17:40:53.950  1163  1235 V WindowManager:   bhv=SHOW_TRANSIENT_BARS_BY_SWIPE
02-05 17:40:53.950  1163  1235 V WindowManager:   fitSides= dimAmount=0.125 dimDuration=200 naviIconColor=0}
02-05 17:40:53.951  2003  2003 I SurfaceControl: nativeRelease nativeObject s[497484211232]
02-05 17:40:53.951  2003  2003 I SurfaceControl: nativeRelease nativeObject e[497484211232]
02-05 17:40:53.951  2003  2003 I SurfaceControl: assignNativeObject: nativeObject = 0 Surface(name=null)/@0x631c8c8 / android.view.SurfaceControl.readFromParcel:1117 android.view.IWindowSession$Stub$Proxy.relayout:1810 android.view.ViewRootImpl.relayoutWindow:9005 android.view.ViewRootImpl.performTraversals:3360 android.view.ViewRootImpl.doTraversal:2618 android.view.ViewRootImpl$TraversalRunnable.run:9971 android.view.Choreographer$CallbackRecord.run:1010 android.view.Choreographer.doCallbacks:809 android.view.Choreographer.doFrame:744 android.view.Choreographer$FrameDisplayEventReceiver.run:995
02-05 17:40:53.951  2003  2003 I SurfaceControl: assignNativeObject: nativeObject = 0 Surface(name=null)/@0x37cdda1 / android.view.SurfaceControl.readFromParcel:1117 android.view.IWindowSession$Stub$Proxy.relayout:1820 android.view.ViewRootImpl.relayoutWindow:9005 android.view.ViewRootImpl.performTraversals:3360 android.view.ViewRootImpl.doTraversal:2618 android.view.ViewRootImpl$TraversalRunnable.run:9971 android.view.Choreographer$CallbackRecord.run:1010 android.view.Choreographer.doCallbacks:809 android.view.Choreographer.doFrame:744 android.view.Choreographer$FrameDisplayEventReceiver.run:995
02-05 17:40:53.951  2003  2003 I SurfaceControl: nativeRelease nativeObject s[499183204832]
02-05 17:40:53.951   789  2265 I SurfaceFlinger: id=79685 createSurf (0x0),-1 flag=80004, ActivityRecord{5542610 u0 com.example.dogglers/.MainActivity t12729}#0
02-05 17:40:53.951  2003  2003 I SurfaceControl: nativeRelease nativeObject e[499183204832]
02-05 17:40:53.951  2003  2003 I SurfaceControl: nativeRelease nativeObject s[497484211616]
02-05 17:40:53.951  2003  2003 I SurfaceControl: nativeRelease nativeObject e[497484211616]
02-05 17:40:53.951  2003  2003 I SurfaceControl: nativeRelease nativeObject s[497484644864]
02-05 17:40:53.951  2003  2003 I SurfaceControl: nativeRelease nativeObject e[497484644864]
02-05 17:40:53.951  2003  2003 I ViewRootImpl@e2e8b8d[LauncherActivity]: Relayout returned: old=(0,0,1080,2400) new=(0,0,1080,2400) req=(1080,2400)8 dur=2 res=0x5 s={false 0} ch=true fn=26
02-05 17:40:53.952   789   789 D SurfaceFlinger: Display 21442653864348033 HWC layers:
02-05 17:40:53.952   789   789 D SurfaceFlinger:      DEVICE | 0x7428c40d80 | 0002 | RGBA_8888    |    0.0    0.0 1080.0 2400.0 |    0    0 1080 2400 | Splash Screen com.example.dogglers#0
02-05 17:40:53.952   789   789 D SurfaceFlinger:      DEVICE | 0x7428c3e6c0 | 0000 | RGBA_8888    |    0.0    0.0 1080.0   88.0 |    0    0 1080   88 | StatusBar$_1680#0
02-05 17:40:53.952   789   789 D SurfaceFlinger:      DEVICE | 0x7428c3ea80 | 0000 | RGBA_8888    |    0.0    0.0 1080.0  144.0 |    0 2256 1080 2400 | NavigationBar0$_1680#0
02-05 17:40:53.952   789   789 D SurfaceFlinger:      DEVICE | 0x7408191180 | 0000 | RGBA_8888    |    0.0    0.0 1080.0  125.0 |    0    0 1080  125 | ScreenDecorOverlay$_1680#0
02-05 17:40:53.952   789   789 D SurfaceFlinger:      DEVICE | 0x7428c3f480 | 0000 | RGBA_8888    |    0.0    0.0 1080.0  112.0 |    0 2288 1080 2400 | ScreenDecorOverlayBottom$_1680#0
02-05 17:40:53.952   789   789 D SurfaceFlinger:
02-05 17:40:53.952  2003  2003 I SurfaceControl: nativeRelease nativeObject s[497484211232]
02-05 17:40:53.952  2003  2003 I SurfaceControl: nativeRelease nativeObject e[497484211232]
02-05 17:40:53.952  2003  2003 I ViewRootImpl@e2e8b8d[LauncherActivity]: MSG_WINDOW_FOCUS_CHANGED 0 1
02-05 17:40:53.954  1163  1796 W WindowManager: lockNow pending, ignore updating lockscreen timeout
02-05 17:40:53.954 15500 15500 D LifecycleMonitor: Lifecycle status change: androidx.test.core.app.InstrumentationActivityInvoker$BootstrapActivity@6cf6f03 in: RESUMED
02-05 17:40:53.955 15500 15500 D LifecycleMonitor: running callback: androidx.test.core.app.ActivityScenario$1@9775e80
02-05 17:40:53.955 15500 15500 V ActivityScenario: Activity lifecycle changed event received but ignored because the intent does not match. startActivityIntent=Intent { act=android.intent.action.MAIN cat=[android.intent.category.LAUNCHER] cmp=com.example.dogglers/.MainActivity }, activity.getIntent()=Intent { act=android.intent.action.MAIN cat=[android.intent.category.LAUNCHER] flg=0x10008000 cmp=com.example.dogglers/androidx.test.core.app.InstrumentationActivityInvoker$BootstrapActivity (has extras) }, activity=androidx.test.core.app.InstrumentationActivityInvoker$BootstrapActivity@6cf6f03
02-05 17:40:53.955 15500 15500 D LifecycleMonitor: callback completes: androidx.test.core.app.ActivityScenario$1@9775e80
02-05 17:40:53.955  1163  1240 I ViewRootImpl@f5c9bb2[dogglers]: MSG_RESIZED_REPORT: frame=(0,0,1080,2400) ci=(0,88,0,144) vi=(0,88,0,144) or=1
02-05 17:40:53.955  1163  1240 I ViewRootImpl@f5c9bb2[dogglers]: [DP] dp(1) 1 android.view.ViewRootImpl.reportNextDraw:10957 android.view.ViewRootImpl.access$1200:256 android.view.ViewRootImpl$ViewRootHandler.handleMessage:6101
02-05 17:40:53.956 15500 15500 D LifecycleMonitor: Lifecycle status change: androidx.test.core.app.InstrumentationActivityInvoker$BootstrapActivity@6cf6f03 in: PAUSED
02-05 17:40:53.956 15500 15500 D LifecycleMonitor: running callback: androidx.test.core.app.ActivityScenario$1@9775e80
02-05 17:40:53.956 15500 15500 V ActivityScenario: Activity lifecycle changed event received but ignored because the intent does not match. startActivityIntent=Intent { act=android.intent.action.MAIN cat=[android.intent.category.LAUNCHER] cmp=com.example.dogglers/.MainActivity }, activity.getIntent()=Intent { act=android.intent.action.MAIN cat=[android.intent.category.LAUNCHER] flg=0x10008000 cmp=com.example.dogglers/androidx.test.core.app.InstrumentationActivityInvoker$BootstrapActivity (has extras) }, activity=androidx.test.core.app.InstrumentationActivityInvoker$BootstrapActivity@6cf6f03
02-05 17:40:53.956 15500 15500 D LifecycleMonitor: callback completes: androidx.test.core.app.ActivityScenario$1@9775e80
02-05 17:40:53.956  1163  1511 D PkgPredictorService: com.example.dogglers go to foreground!
02-05 17:40:53.956  1163  1511 E PkgPredictorService-Collector: record changed bt=1  wifi=1 screen=0
02-05 17:40:53.956  1163  1511 D PkgPredictorService: previous pkgs: com.example.dogglers,com.example.dogglers,com.example.dogglers running pkg: com.example.dogglers, uid: 0 is system: false
02-05 17:40:53.956  1163  1511 D PkgPredictorService-Collector: save record...
02-05 17:40:53.956  1163  1511 D PkgPredictorService-Collector:  (hour:17 day:7 previous:[com.example.dogglers, com.example.dogglers, com.example.dogglers] activityName:unknown running:com.example.dogglers userId:0 screenOrientation:0 wifi:1 bt:1 predictTime:1 apkVersion:1.0 consumeTime:-1 preloaded:false>)
02-05 17:40:53.956  1163  1511 D PkgPredictorService-NapPreloadController: User using: com.example.dogglers
02-05 17:40:53.956  1163  1511 I PkgPredictorService-NapClassifier: RF predict version:1644037200287
02-05 17:40:53.957  1163  1511 D PkgPredictorService-NapClassifier: Predict result: 22.0,-1.0,-1.0,-1.0,-1.0,-1.0,-1.0,-1.0,-1.0, - [0_&_com.laurencedawson.reddit_sync.pro]
02-05 17:40:53.957  1163  3944 V WindowOrientationListener: getProposedRotation: 0
02-05 17:40:53.958  1163  3944 D InputDispatcher: Focused application set to (0): 5542610
02-05 17:40:53.960  1163  3944 W WindowManager: lockNow pending, ignore updating lockscreen timeout
02-05 17:40:53.961   789  1273 I SurfaceFlinger: id=79686 createSurf (0x0),-1 flag=24000, Surface(name=ActivityRecord{c81a18b u0 com.example.dogglers/androidx.test.core.app.InstrumentationActivityInvoker$BootstrapActivity t12729})/@0xe7b8c41 - animation-leash#0
02-05 17:40:53.962   789  2265 I SurfaceFlinger: id=79687 createSurf (0x0),-1 flag=20004, Dim Layer for - Task=12729 - animating-dim#0
02-05 17:40:53.962   789   834 I SurfaceFlinger: id=79688 createSurf (0x0),-1 flag=24000, Surface(name=Dim Layer for - Task=12729 - animating-dim)/@0xb1b0dd4 - animation-leash#0
02-05 17:40:53.962   789  1273 I SurfaceFlinger: id=79689 createSurf (0x0),-1 flag=80004, Surface(name=ActivityRecord{c81a18b u0 com.example.dogglers/androidx.test.core.app.InstrumentationActivityInvoker$BootstrapActivity t12729})/@0xe7b8c41 - animation-bounds#0
02-05 17:40:53.962  1163  3944 I SurfaceControl: nativeRelease nativeObject s[496867018496]
02-05 17:40:53.962  1163  3944 I SurfaceControl: nativeRelease nativeObject e[496867018496]
02-05 17:40:53.963  1163  3944 W WindowManager: lockNow pending, ignore updating lockscreen timeout
02-05 17:40:53.964   789  1272 I Layer   : id=79687 removeFromCurrentState Dim Layer for - Task=12729 - animating-dim#0 (186)
02-05 17:40:53.964  1163  1237 D SehCodecSolutionService: Update top [com.example.dogglers]
02-05 17:40:53.966  1163  1240 V WindowManager: Relayout Window{49cda3f u0 Splash Screen com.example.dogglers}: viewVisibility=0 req=1080x2400
02-05 17:40:53.966  1163  1240 W WindowManager: lockNow pending, ignore updating lockscreen timeout
02-05 17:40:53.967  1163  1240 I SurfaceControl: nativeRelease nativeObject s[496866863008]
02-05 17:40:53.967  1163  1240 I SurfaceControl: nativeRelease nativeObject e[496866863008]
02-05 17:40:53.968 15500 15500 D LifecycleMonitor: Lifecycle status change: com.example.dogglers.MainActivity@225bb7b in: PRE_ON_CREATE
02-05 17:40:53.968  1163  1240 V WindowManager: Relayout hash=49cda3f, pid=1163: mAttrs={(0,0)(fillxfill) sim={adjust=pan} layoutInDisplayCutoutMode=shortEdges ty=APPLICATION_STARTING wanim=0x1030001
02-05 17:40:53.968  1163  1240 V WindowManager:   fl=1830118
02-05 17:40:53.968  1163  1240 V WindowManager:   pfl=12020011
02-05 17:40:53.968  1163  1240 V WindowManager:   fitSides= naviIconColor=0}
02-05 17:40:53.968 15500 15500 D LifecycleMonitor: running callback: androidx.test.core.app.ActivityScenario$1@9775e80
02-05 17:40:53.968  1163  1240 I SurfaceControl: nativeRelease nativeObject s[499183897792]
02-05 17:40:53.968  1163  1240 I SurfaceControl: nativeRelease nativeObject e[499183897792]
02-05 17:40:53.968  1163  1240 I SurfaceControl: nativeRelease nativeObject s[499183875008]
02-05 17:40:53.968  1163  1240 I SurfaceControl: nativeRelease nativeObject e[499183875008]
02-05 17:40:53.968  1163  1240 I ViewRootImpl@f5c9bb2[dogglers]: Relayout returned: old=(0,0,1080,2400) new=(0,0,1080,2400) req=(1080,2400)0 dur=2 res=0x1 s={true 497474408448} ch=false fn=2
02-05 17:40:53.968 15500 15500 V ActivityScenario: Activity lifecycle changed event received but ignored because the reported transition was not ON_CREATE while the last known transition was PRE_ON_CREATE
02-05 17:40:53.968 15500 15500 D LifecycleMonitor: callback completes: androidx.test.core.app.ActivityScenario$1@9775e80
02-05 17:40:53.968   716   957 D gralloc : [mali_gralloc_allocate] begin
02-05 17:40:53.968   716   957 D gralloc : buffer_descriptor: wh(1080 2400) usage_pc(0x966 0x906) hal_format(0x1) layer_count(1) sizes(0 0 0) strde(0) byte_stride(0) alloc_wh(0 0) internal_format(0x0) alloc_format(0x0) fd_count(1) plane_count(0)
02-05 17:40:53.968   789  1272 I SurfaceFlinger: id=79687 Removed Dim Layer for - Task=12729 - animating-dim#0 (186)
02-05 17:40:53.968   716   957 D gralloc : [mali_gralloc_allocate] allocation successful
02-05 17:40:53.971  1163  1240 I ViewRootImpl@f5c9bb2[dogglers]: [DP] pdf(0) 1 android.view.ViewRootImpl.performDraw:4809 android.view.ViewRootImpl.performTraversals:3866 android.view.ViewRootImpl.doTraversal:2618
02-05 17:40:53.971  1163  1240 I ViewRootImpl@f5c9bb2[dogglers]: [DP] rdf()
02-05 17:40:53.972  1163  1237 D WindowManager: setDisableFlags: displayId=0, vis=0x8008, appearance=0, transientState=Pair{[I@fd09ec3 [I@a053340}, isFullscreen=false, isImmersive=false, barType=0, win=Window{49cda3f u0 Splash Screen com.example.dogglers}
02-05 17:40:53.973  1680  1680 D NavigationBar: onSystemBarAppearanceChanged() -  displayId:0, appearance:0, navbarColorManagedByIme:false
02-05 17:40:53.974  1680  1680 D SecStatusBarMobileView: setStaticDrawableColor:
02-05 17:40:53.974  1680  1680 D SecLightBarControlHelper: updateStatus(WHITE icon) NumLightStacks:0, NumStacks:1, IndexLightStack:-1, StatusBarMode:0, StatusBarState:SHD, NeedDarkFontFromWallpaper:true, isWhiteKeyguardStatusBarBySettings:true
02-05 17:40:53.979  2003  2003 I ViewRootImpl@e2e8b8d[LauncherActivity]: stopped(true) old=false
02-05 17:40:53.979  2003  2003 I StateManager: goToState isInState Normal
02-05 17:40:53.980 15500 15500 I DecorView: [INFO] isPopOver=false, config=true
02-05 17:40:53.980 15500 15500 I DecorView: updateCaptionType >> DecorView@bc3a37d[], isFloating=false, isApplication=true, hasWindowDecorCaption=false, hasWindowControllerCallback=true
02-05 17:40:53.980 15500 15500 D DecorView: setCaptionType = 0, this = DecorView@bc3a37d[]
02-05 17:40:53.980   789   789 I Layer   : id=79687[1] Destroyed Dim Layer for - Task=12729 - animating-dim#0
02-05 17:40:53.981  1680  1680 D SecStatusBarMobileView: setStaticDrawableColor:
02-05 17:40:53.981  2003  2003 W LauncherAppWidgetHost: setListenIfResumed, mFlags = 7
02-05 17:40:53.982  1163  1235 I AppWidgetServiceImpl: stopListening callbacks : null
02-05 17:40:53.982  2003  2003 W Launcher.NotificationListener: removeNotificationsChangedListener
02-05 17:40:53.982  2003  2003 I BadgeCountUpdaterImpl: onNotificationsChangedDisConnected
02-05 17:40:53.982  2003  2003 I Launcher.NotificationListener: unregisterObserver, this is not notificationService!!
02-05 17:40:53.983  2003  2003 W PageOverlayMover: updateActivityLifecycleState : 4
02-05 17:40:53.984  1163  1235 V WindowManager: Relayout Window{b594a18 u0 NotificationShade}: viewVisibility=4 req=1080x2400
02-05 17:40:53.984  2003  2003 I LiveIconUpdateEventHandler: cancelMinuteChangeAlarm
02-05 17:40:53.984  1163  1235 W WindowManager: lockNow pending, ignore updating lockscreen timeout
02-05 17:40:53.985  1163  1235 V WindowManager: Relayout hash=b594a18, pid=1680: mAttrs={(0,0)(fillxfill) gr=TOP CENTER_VERTICAL sim={adjust=resize} layoutInDisplayCutoutMode=always ty=2040 fmt=TRANSLUCENT colorMode=COLOR_MODE_WIDE_COLOR_GAMUT
02-05 17:40:53.985  1163  1235 V WindowManager:   fl=81840048
02-05 17:40:53.985  1163  1235 V WindowManager:   pfl=1b000000
02-05 17:40:53.985  1163  1235 V WindowManager:   bhv=SHOW_TRANSIENT_BARS_BY_SWIPE dimAmount=0.0 naviIconColor=0
02-05 17:40:53.985  1163  1235 V WindowManager:   sfl=40000}
02-05 17:40:53.986  1680  1680 I SurfaceControl: assignNativeObject: nativeObject = 0 Surface(name=null)/@0x7632417 / android.view.SurfaceControl.readFromParcel:1117 android.view.IWindowSession$Stub$Proxy.relayout:1810 android.view.ViewRootImpl.relayoutWindow:9005 android.view.ViewRootImpl.performTraversals:3360 android.view.ViewRootImpl.doTraversal:2618 android.view.ViewRootImpl$TraversalRunnable.run:9971 android.view.Choreographer$CallbackRecord.run:1010 android.view.Choreographer.doCallbacks:809 android.view.Choreographer.doFrame:744 android.view.Choreographer$FrameDisplayEventReceiver.run:995
02-05 17:40:53.986  1680  1680 I SurfaceControl: assignNativeObject: nativeObject = 0 Surface(name=null)/@0x2dd2a3a / android.view.SurfaceControl.readFromParcel:1117 android.view.IWindowSession$Stub$Proxy.relayout:1820 android.view.ViewRootImpl.relayoutWindow:9005 android.view.ViewRootImpl.performTraversals:3360 android.view.ViewRootImpl.doTraversal:2618 android.view.ViewRootImpl$TraversalRunnable.run:9971 android.view.Choreographer$CallbackRecord.run:1010 android.view.Choreographer.doCallbacks:809 android.view.Choreographer.doFrame:744 android.view.Choreographer$FrameDisplayEventReceiver.run:995
02-05 17:40:53.986  1680  1680 I ViewRootImpl@cb447c7[NotificationShade]: Relayout returned: old=(0,0,1080,2400) new=(0,0,1080,2400) req=(1080,2400)4 dur=2 res=0x1 s={false 0} ch=false fn=-1
02-05 17:40:53.987 15500 15500 D LifecycleMonitor: Lifecycle status change: com.example.dogglers.MainActivity@225bb7b in: CREATED
02-05 17:40:53.987 15500 15500 D LifecycleMonitor: running callback: androidx.test.core.app.ActivityScenario$1@9775e80
02-05 17:40:53.987 15500 15500 V ActivityScenario: Update currentActivityStage to CREATED, currentActivity=com.example.dogglers.MainActivity@225bb7b
02-05 17:40:53.987 15500 15500 D LifecycleMonitor: callback completes: androidx.test.core.app.ActivityScenario$1@9775e80
02-05 17:40:53.988 15500 15500 D LifecycleMonitor: Lifecycle status change: com.example.dogglers.MainActivity@225bb7b in: STARTED
02-05 17:40:53.988 15500 15500 D LifecycleMonitor: running callback: androidx.test.core.app.ActivityScenario$1@9775e80
02-05 17:40:53.988   851  3953 I CameraService: notifyMonitoredUids
02-05 17:40:53.988 15500 15500 V ActivityScenario: Update currentActivityStage to STARTED, currentActivity=com.example.dogglers.MainActivity@225bb7b
02-05 17:40:53.988 15500 15500 D LifecycleMonitor: callback completes: androidx.test.core.app.ActivityScenario$1@9775e80
02-05 17:40:53.989 15500 15500 D LifecycleMonitor: Lifecycle status change: com.example.dogglers.MainActivity@225bb7b in: RESUMED
02-05 17:40:53.989 15500 15500 D LifecycleMonitor: running callback: androidx.test.core.app.ActivityScenario$1@9775e80
02-05 17:40:53.989 15500 15500 V ActivityScenario: Update currentActivityStage to RESUMED, currentActivity=com.example.dogglers.MainActivity@225bb7b
02-05 17:40:53.989 15500 15500 D LifecycleMonitor: callback completes: androidx.test.core.app.ActivityScenario$1@9775e80
02-05 17:40:53.990  1680  1680 D KeyguardBottomAreaShortcutView: updateCameraVisibility isCameraDisabled:false visible:true
02-05 17:40:53.990  1680  1680 D KeyguardBottomAreaShortcutView: mIndicationArea margin start : 180, end : 180, bottom : 400
02-05 17:40:53.990  1680  1680 D MediaControlPanel: mActionButtonNumCollapsed = 1, mActionButtonNumExpand = 1
02-05 17:40:53.990  1680  1680 D MediaControlPanel: mActionButtonNumCollapsed = 1, mActionButtonNumExpand = 1
02-05 17:40:53.990  1680  1680 D MediaControlPanel: mActionButtonNumCollapsed = 1, mActionButtonNumExpand = 1
02-05 17:40:53.990  1680  1680 D MediaControlPanel: mActionButtonNumCollapsed = 1, mActionButtonNumExpand = 1
02-05 17:40:53.990  1680  1680 D MediaControlPanel: mActionButtonNumCollapsed = 1, mActionButtonNumExpand = 1
02-05 17:40:53.991  2003  2003 I LiveIconUpdateEventHandler: cancelDateChangeAlarm
02-05 17:40:53.992  2003  2003 I LiveIconUpdateEventHandler: unregisterReceiver
02-05 17:40:53.992  1163  1793 D InputTransport: Input channel constructed: '4079404', fd=922
02-05 17:40:53.992  1163  1793 D InputTransport: Input channel constructed: '4079404', fd=923
02-05 17:40:53.992   789   834 I SurfaceFlinger: id=79690 createSurf (0x0),-1 flag=80004, 4079404 com.example.dogglers/com.example.dogglers.MainActivity#0
02-05 17:40:53.993  1680  1680 D MediaControlPanel: mActionButtonNumCollapsed = 1, mActionButtonNumExpand = 1
02-05 17:40:53.993  1680  1680 D MediaControlPanel: mActionButtonNumCollapsed = 1, mActionButtonNumExpand = 1
02-05 17:40:53.993  1680  1680 D MediaControlPanel: mActionButtonNumCollapsed = 1, mActionButtonNumExpand = 1
02-05 17:40:53.993  1680  1680 D MediaControlPanel: mActionButtonNumCollapsed = 3, mActionButtonNumExpand = 5
02-05 17:40:53.993  1680  1680 D MediaControlPanel: mActionButtonNumCollapsed = 3, mActionButtonNumExpand = 5
02-05 17:40:53.993  1163  1793 D WindowManager: isScreenshotDisabledLocked - win: Window{4079404 u0 com.example.dogglers/com.example.dogglers.MainActivity}
02-05 17:40:53.993  1163  1793 D WindowManager: isScreenshotDisabledLocked: userId = 0, disabled =false
02-05 17:40:53.993  1163  1793 D InputTransport: Input channel destroyed: '4079404', fd=923
02-05 17:40:53.993 15500 15500 D InputTransport: Input channel constructed: '4079404', fd=90
02-05 17:40:53.994 15500 15500 I ViewRootImpl@ee26c04[MainActivity]: setView = com.android.internal.policy.DecorView@bc3a37d TM=true
02-05 17:40:53.995 15500 15500 D IdlingResourceRegistry: All idling resources are idle.
02-05 17:40:53.997  1680  1680 D SecStatusBarMobileView: setStaticDrawableColor:
02-05 17:40:53.997  1680  1680 D MediaControlPanel: mActionButtonNumCollapsed = 1, mActionButtonNumExpand = 1
02-05 17:40:53.997  1680  1680 D MediaControlPanel: mActionButtonNumCollapsed = 1, mActionButtonNumExpand = 1
02-05 17:40:53.998  1680  1680 D MediaControlPanel: mActionButtonNumCollapsed = 1, mActionButtonNumExpand = 1
02-05 17:40:53.998  1680  1680 D MediaControlPanel: mActionButtonNumCollapsed = 1, mActionButtonNumExpand = 1
02-05 17:40:53.998  1680  1680 D MediaControlPanel: mActionButtonNumCollapsed = 1, mActionButtonNumExpand = 1
02-05 17:40:53.998  1680  1680 D MediaControlPanel: mActionButtonNumCollapsed = 1, mActionButtonNumExpand = 1
02-05 17:40:53.998  1680  1680 D MediaControlPanel: mActionButtonNumCollapsed = 1, mActionButtonNumExpand = 1
02-05 17:40:53.998  1680  1680 D MediaControlPanel: mActionButtonNumCollapsed = 1, mActionButtonNumExpand = 1
02-05 17:40:53.998  1680  1680 D MediaControlPanel: mActionButtonNumCollapsed = 3, mActionButtonNumExpand = 5
02-05 17:40:53.998  1680  1680 D MediaControlPanel: mActionButtonNumCollapsed = 3, mActionButtonNumExpand = 5
02-05 17:40:54.003  1163  1235 I SurfaceControl: nativeRelease nativeObject s[496884992224]
02-05 17:40:54.003  1163  1235 I SurfaceControl: nativeRelease nativeObject e[496884992224]
02-05 17:40:54.003   789   834 I Layer   : id=79671 removeFromCurrentState com.sec.android.app.launcher/com.sec.android.app.launcher.activities.LauncherActivity$_2003#0 (186)
02-05 17:40:54.003  1163  1793 V WindowManager: Relayout Window{4079404 u0 com.example.dogglers/com.example.dogglers.MainActivity}: viewVisibility=0 req=1080x2400
02-05 17:40:54.004  1163  1793 W WindowManager: lockNow pending, ignore updating lockscreen timeout
02-05 17:40:54.004  1163  1793 D WindowManager: isScreenshotDisabledLocked - win: Window{4079404 u0 com.example.dogglers/com.example.dogglers.MainActivity}
02-05 17:40:54.004  1163  1793 D WindowManager: isScreenshotDisabledLocked: userId = 0, disabled =false
02-05 17:40:54.004   789  1272 I SurfaceFlinger: id=79691 createSurf (1080x2400),1 flag=404, com.example.dogglers/com.example.dogglers.MainActivity$_15500#0
02-05 17:40:54.006  1163  1793 I SurfaceControl: nativeRelease nativeObject s[496867019264]
02-05 17:40:54.006  1163  1793 I SurfaceControl: nativeRelease nativeObject e[496867019264]
02-05 17:40:54.006   789   834 I SurfaceFlinger: id=79692 createSurf (0x0),-1 flag=24000, Surface(name=8c655e2 StatusBar)/@0x44a9b07 - animation-leash#0
02-05 17:40:54.007  1163  1793 I SurfaceControl: nativeRelease nativeObject s[496867019648]
02-05 17:40:54.007  1163  1793 I SurfaceControl: nativeRelease nativeObject e[496867019648]
02-05 17:40:54.007   789  1272 I SurfaceFlinger: id=79693 createSurf (0x0),-1 flag=24000, Surface(name=b29f82b NavigationBar0)/@0x8634759 - animation-leash#1
02-05 17:40:54.007  1163  1793 V WindowManager: Relayout hash=4079404, pid=15500: mAttrs={(0,0)(fillxfill) sim={adjust=pan forwardNavigation} ty=BASE_APPLICATION wanim=0x1030304
02-05 17:40:54.007  1163  1793 V WindowManager:   fl=81810100
02-05 17:40:54.007  1163  1793 V WindowManager:   pfl=12020000
02-05 17:40:54.007  1163  1793 V WindowManager:   fitSides= naviIconColor=0}
02-05 17:40:54.007  1163  1793 I SurfaceControl: nativeRelease nativeObject s[496884987712]
02-05 17:40:54.007  1163  1793 I SurfaceControl: nativeRelease nativeObject e[496884987712]
02-05 17:40:54.008 15500 15500 I SurfaceControl: assignNativeObject: nativeObject = 0 Surface(name=null)/@0xd1665a5 / android.view.SurfaceControl.readFromParcel:1117 android.view.IWindowSession$Stub$Proxy.relayout:1820 android.view.ViewRootImpl.relayoutWindow:9005 android.view.ViewRootImpl.performTraversals:3360 android.view.ViewRootImpl.doTraversal:2618 android.view.ViewRootImpl$TraversalRunnable.run:9971 android.view.Choreographer$CallbackRecord.run:1010 android.view.Choreographer.doCallbacks:809 android.view.Choreographer.doFrame:744 android.view.Choreographer$FrameDisplayEventReceiver.run:995
02-05 17:40:54.009 15500 15500 I ViewRootImpl@ee26c04[MainActivity]: Relayout returned: old=(0,0,1080,2400) new=(0,0,1080,2400) req=(1080,2400)0 dur=5 res=0x7 s={true 499017125888} ch=true fn=-1
02-05 17:40:54.009 15500 15565 I mali_winsys: new_window_surface() [1080x2400] return: 0x3000
02-05 17:40:54.010   716   957 D gralloc : [mali_gralloc_allocate] begin
02-05 17:40:54.010   716   957 D gralloc : buffer_descriptor: wh(1080 2400) usage_pc(0x40000000000b00 0x40000000000b00) hal_format(0x1) layer_count(1) sizes(0 0 0) strde(0) byte_stride(0) alloc_wh(0 0) internal_format(0x0) alloc_format(0x0) fd_count(1) plane_count(0)
02-05 17:40:54.011  1163  1237 D SehCodecSolutionService: Update top [com.example.dogglers]
02-05 17:40:54.011  1163  1237 E Native_CFMS: nativePerfMgrRemoveTask    Fail    tid : 2003    return : -1
02-05 17:40:54.011 15500 15500 I ViewRootImpl@ee26c04[MainActivity]: [DP] dp(1) 1 android.view.ViewRootImpl.reportNextDraw:10957 android.view.ViewRootImpl.performTraversals:3845 android.view.ViewRootImpl.doTraversal:2618
02-05 17:40:54.011 15500 15500 I ViewRootImpl@ee26c04[MainActivity]: [DP] pd() Asnyc report
02-05 17:40:54.012   716   957 D gralloc : [mali_gralloc_allocate] allocation successful
02-05 17:40:54.012   789  1273 I SurfaceFlinger: id=79671 Removed com.sec.android.app.launcher/com.sec.android.app.launcher.activities.LauncherActivity$_2003#0 (189)
02-05 17:40:54.012   716   957 D gralloc : [mali_gralloc_allocate] begin
02-05 17:40:54.012   716   957 D gralloc : buffer_descriptor: wh(1080 2400) usage_pc(0x40000000000b00 0x40000000000b00) hal_format(0x1) layer_count(1) sizes(0 0 0) strde(0) byte_stride(0) alloc_wh(0 0) internal_format(0x0) alloc_format(0x0) fd_count(1) plane_count(0)
02-05 17:40:54.014   716   957 D gralloc : [mali_gralloc_allocate] allocation successful
02-05 17:40:54.014   716   953 D gralloc : [mali_gralloc_allocate] begin
02-05 17:40:54.014   716   953 D gralloc : buffer_descriptor: wh(1080 2400) usage_pc(0x40000000000b00 0x40000000000b00) hal_format(0x1) layer_count(1) sizes(0 0 0) strde(0) byte_stride(0) alloc_wh(0 0) internal_format(0x0) alloc_format(0x0) fd_count(1) plane_count(0)
02-05 17:40:54.014   789   789 I Layer   : id=79671[1] Destroyed com.sec.android.app.launcher/com.sec.android.app.launcher.activities.LauncherActivity$_2003#0
02-05 17:40:54.016   716   953 D gralloc : [mali_gralloc_allocate] allocation successful
02-05 17:40:54.016   789  2265 I Layer   : id=79683 removeFromCurrentState Surface(name=8c655e2 StatusBar)/@0x44a9b07 - animation-leash#1 (188)
02-05 17:40:54.016   789  2265 I Layer   : id=79684 removeFromCurrentState Surface(name=b29f82b NavigationBar0)/@0x8634759 - animation-leash#0 (188)
02-05 17:40:54.017  1163  1240 I SurfaceControl: nativeRelease nativeObject s[496867019840]
02-05 17:40:54.017  1163  1240 I SurfaceControl: nativeRelease nativeObject e[496867019840]
02-05 17:40:54.017  1163  1240 I SurfaceControl: nativeRelease nativeObject s[496866863008]
02-05 17:40:54.017  1163  1240 I SurfaceControl: nativeRelease nativeObject e[496866863008]
02-05 17:40:54.017   789  1272 I SurfaceFlinger: id=79684 Removed Surface(name=b29f82b NavigationBar0)/@0x8634759 - animation-leash#0 (188)
02-05 17:40:54.016  1680  1680 D SecStatusBarMobileView: setStaticDrawableColor:
02-05 17:40:54.017   789  2265 I SurfaceFlinger: id=79683 Removed Surface(name=8c655e2 StatusBar)/@0x44a9b07 - animation-leash#1 (188)
02-05 17:40:54.020 15500 15500 I ViewRootImpl@ee26c04[MainActivity]: [DP] pdf(0) 1 android.view.ViewRootImpl.lambda$performDraw$1$ViewRootImpl:4668 android.view.-$$Lambda$ViewRootImpl$DJd0VUYJgsebcnSohO6h8zc_ONI.run:6 android.os.Handler.handleCallback:938
02-05 17:40:54.021 15500 15500 I ViewRootImpl@ee26c04[MainActivity]: [DP] rdf()
02-05 17:40:54.022  1163  1240 W WindowManager: lockNow pending, ignore updating lockscreen timeout
02-05 17:40:54.023  1163  1240 W WindowManager: lockNow pending, ignore updating lockscreen timeout
02-05 17:40:54.024  1163  1240 D PkgPredictorService: pkg:com.example.dogglers activity:com.example.dogglers.MainActivity thisTime:155
02-05 17:40:54.024  1163  1240 D PkgPredictorService-Collector: update activity launch time: MainActivity : 155
02-05 17:40:54.024  1163  1240 I SemDvfsHyPerManager: acquire hyper - AMS_RESUME_TAIL/1163@22, type = -999
02-05 17:40:54.024  1163  1240 I SemDvfsHyPerManager: acquire hyper - AMS_ACT_LAZY/1163@23, type = -999
02-05 17:40:54.024  1163  1244 D ArtManagerInternalImpl: /data/misc/iorapd/com.example.dogglers/1/com.example.dogglers.MainActivity/compiled_traces/compiled_trace.pb doesn't exist
02-05 17:40:54.024   726   817 I HYPER-HAL: [RequestManager.cpp]acquire(): Acquired ID : 702727  [1163 / 22]    HINT : AMS_RESUME_TAIL    list :
02-05 17:40:54.025   726   817 I HYPER-HAL: [ResourceManager.cpp]updateResource(): [CPUMinFreq] UpdateResource Request ID : 702727    Value : 1844882
02-05 17:40:54.025   726   817 I HYPER-HAL: [RequestManager.cpp]acquire(): Acquired ID : 703914  [1163 / 23]    HINT :      list :
02-05 17:40:54.025   726   817 E HYPER-HAL: [Request.cpp]acquire(): Request:: id : 703914, No Resource to set
02-05 17:40:54.025   726   817 I HYPER-HAL: [ResourceManager.cpp]removeResource(): [CPUMinFreq] RemoveResource Request ID : 705102
02-05 17:40:54.025   726   817 I HYPER-HAL: [RequestManager.cpp]releaseLocked(): Released ID : 705102
02-05 17:40:54.027  1163  1244 I ActivityTaskManager: Displayed com.example.dogglers/.MainActivity: +155ms
02-05 17:40:54.027 15500 15500 D IdlingResourceRegistry: All idling resources are idle.
02-05 17:40:54.027 15500 15500 D RootViewPicker: Root not ready - waiting: 10ms for one to appear.
02-05 17:40:54.027  1163  1240 D ViewRootImpl@f5c9bb2[dogglers]: dispatchDetachedFromWindow: reset blurmask
02-05 17:40:54.028  2669  2669 E pageboostd: Received HALT command code 2
02-05 17:40:54.028  1163  1240 I ViewRootImpl@f5c9bb2[dogglers]: dispatchDetachedFromWindow
02-05 17:40:54.028  1163  1240 I SurfaceControl: nativeRelease nativeObject s[496867019072]
02-05 17:40:54.028  1163  1240 I SurfaceControl: nativeRelease nativeObject e[496867019072]
02-05 17:40:54.030  1163  1240 D InputTransport: Input channel destroyed: '49cda3f', fd=857
02-05 17:40:54.030   789   834 I SurfaceFlinger: id=79694 createSurf (0x0),-1 flag=24000, Surface(name=49cda3f Splash Screen com.example.dogglers)/@0x8cd4509 - animation-leash#0
02-05 17:40:54.031   789   789 I Layer   : id=79683[1] Destroyed Surface(name=8c655e2 StatusBar)/@0x44a9b07 - animation-leash#1
02-05 17:40:54.031  1163  1240 W WindowManager: lockNow pending, ignore updating lockscreen timeout
02-05 17:40:54.031   789   789 I Layer   : id=79684[1] Destroyed Surface(name=b29f82b NavigationBar0)/@0x8634759 - animation-leash#0
02-05 17:40:54.032  1163  1240 D InputTransport: Input channel destroyed: '49cda3f', fd=920
02-05 17:40:54.032  1163  1235 I InputDispatcher: Focus entered window (15500): 4079404 in display 0 0
02-05 17:40:54.033  1680  1680 D SecStatusBarMobileView: setStaticDrawableColor:
02-05 17:40:54.033  1163  1240 W WindowManager: lockNow pending, ignore updating lockscreen timeout
02-05 17:40:54.034 15500 15500 I ViewRootImpl@ee26c04[MainActivity]: MSG_WINDOW_FOCUS_CHANGED 1 1
02-05 17:40:54.034 15500 15500 D InputMethodManager: prepareNavigationBarInfo() DecorView@bc3a37d[MainActivity]
02-05 17:40:54.034 15500 15500 D InputMethodManager: getNavigationBarColor() -16711423
02-05 17:40:54.035 15500 15500 D InputMethodManager: prepareNavigationBarInfo() DecorView@bc3a37d[MainActivity]
02-05 17:40:54.035 15500 15500 D InputMethodManager: getNavigationBarColor() -16711423
02-05 17:40:54.035 15500 15500 V InputMethodManager: Starting input: tba=com.example.dogglers ic=null mNaviBarColor -16711423 mIsGetNaviBarColorSuccess true , NavVisible : true , NavTrans : false
02-05 17:40:54.035 15500 15500 D InputMethodManager: startInputInner - Id : 0
02-05 17:40:54.035 15500 15500 I InputMethodManager: startInputInner - mService.startInputOrWindowGainedFocus
02-05 17:40:54.035  1163  3944 D InputMethodManagerService: mSecureKeypadEnabled = false
02-05 17:40:54.036  1163  3944 V InputMethodManagerService: hideCurrentInputLocked : shouldHideSoftInput is false
02-05 17:40:54.036  1163  3944 D InputMethodManagerService: DESKTOP MODE! : 2
02-05 17:40:54.036  1163  3944 D InputMethodManagerService: NOT IN KNOX DESKTOP MODE!
02-05 17:40:54.036  1163  3944 V InputMethodManagerService: getDisplayIdOfInputMethodWindowToBeAdded : 0
02-05 17:40:54.036  1163  3944 D SamsungIMMSHWKeyboard: isConnectedDexOnPC false
02-05 17:40:54.036  1163  3944 D InputMethodManagerService: isImeSwitcherDisabledPackage : false
02-05 17:40:54.036  1163  3944 D InputMethodManagerService: checkDisplayOfStartInputAndUpdateKeyboard display Id 0last 0
02-05 17:40:54.036  1163  3944 D InputTransport: Input channel constructed: 'ClientS', fd=920
02-05 17:40:54.036  5089 17313 I PageOverlayServiceImpl: [FROM HOME] updateActivityLifecycleState : 4
02-05 17:40:54.036  1163  3944 D InputTransport: Input channel destroyed: 'ClientS', fd=920
02-05 17:40:54.037 15500 15500 D InputTransport: Input channel constructed: 'ClientS', fd=97
02-05 17:40:54.037  5089  5089 I PageOverlayCoordinator: onUiStopped
02-05 17:40:54.037  5089  5089 I PageOverlayRootLayout: onUiStopped
02-05 17:40:54.039  1163  3944 I SurfaceControl: nativeRelease nativeObject s[499183895296]
02-05 17:40:54.039  1163  3944 I SurfaceControl: nativeRelease nativeObject e[499183895296]
02-05 17:40:54.039   789   834 I SurfaceFlinger: id=79695 createSurf (0x0),-1 flag=24004, Surface(name=dbf3b45 InputMethod)/@0xf70bba8 - animation-leash#0
02-05 17:40:54.045  3640  3640 I GoogleInputMethodService: GoogleInputMethodService.onFinishInput():3316
