02-05 17:40:50.628  1163  1240 I ViewRootImpl@64150e8[dogglers]: dispatchDetachedFromWindow
02-05 17:40:50.628  1680  1680 D MediaControlPanel: mActionButtonNumCollapsed = 1, mActionButtonNumExpand = 1
02-05 17:40:50.628  1680  1680 D MediaControlPanel: mActionButtonNumCollapsed = 3, mActionButtonNumExpand = 5
02-05 17:40:50.628  1680  1680 D MediaControlPanel: mActionButtonNumCollapsed = 3, mActionButtonNumExpand = 5
02-05 17:40:50.628  1163  1240 I SurfaceControl: nativeRelease nativeObject s[496866868768]
02-05 17:40:50.628  1163  1240 I SurfaceControl: nativeRelease nativeObject e[496866868768]
02-05 17:40:50.628  1163  1240 D InputTransport: Input channel destroyed: 'be65301', fd=888
02-05 17:40:50.629   789  2265 I SurfaceFlinger: id=79551 createSurf (0x0),-1 flag=24000, Surface(name=be65301 Splash Screen com.example.dogglers)/@0xef96139 - animation-leash#0
02-05 17:40:50.630  1163  1244 I ActivityTaskManager: Displayed com.example.dogglers/.MainActivity: +142ms
02-05 17:40:50.630  1163  3935 I InputDispatcher: Focus entered window (15500): a980aa9 in display 0 0
02-05 17:40:50.631  1163  1240 W WindowManager: lockNow pending, ignore updating lockscreen timeout
02-05 17:40:50.632  1163  1240 D InputTransport: Input channel destroyed: 'be65301', fd=921
02-05 17:40:50.632  1680  1680 D SecStatusBarMobileView: setStaticDrawableColor:
02-05 17:40:50.632  1163  1796 I SurfaceControl: nativeRelease nativeObject s[499183897216]
02-05 17:40:50.632  1163  1796 I SurfaceControl: nativeRelease nativeObject e[499183897216]
02-05 17:40:50.632   789  1273 I Layer   : id=79533 removeFromCurrentState com.sec.android.app.launcher/com.sec.android.app.launcher.activities.LauncherActivity$_2003#0 (182)
02-05 17:40:50.634  2669  2669 E pageboostd: Received HALT command code 2
02-05 17:40:50.635  1163  1240 W WindowManager: lockNow pending, ignore updating lockscreen timeout
02-05 17:40:50.637  5089 28744 I PageOverlayServiceImpl: [FROM HOME] updateActivityLifecycleState : 4
02-05 17:40:50.646  1680  1680 D SecStatusBarMobileView: setStaticDrawableColor:
02-05 17:40:50.647  1163  1235 V WindowManager: Relayout Window{f87dac6 u0 com.samsung.android.app.spage}: viewVisibility=8 req=0x2168
02-05 17:40:50.647  1163  1235 W WindowManager: lockNow pending, ignore updating lockscreen timeout
02-05 17:40:50.649  1163  1235 V WindowManager: Relayout hash=f87dac6, pid=5089: mAttrs={(0,0)(0xfill) sim={adjust=pan} ty=APPLICATION_PANEL fmt=RGBA_8888
02-05 17:40:50.649  1163  1235 V WindowManager:   fl=1000018
02-05 17:40:50.649  1163  1235 V WindowManager:   pfl=2000040
02-05 17:40:50.649  1163  1235 V WindowManager:   fitTypes=STATUS_BARS NAVIGATION_BARS CAPTION_BAR IME naviIconColor=0}
02-05 17:40:50.649  5089  5089 I SurfaceControl: assignNativeObject: nativeObject = 0 Surface(name=null)/@0xb12fb6b / android.view.SurfaceControl.readFromParcel:1117 android.view.IWindowSession$Stub$Proxy.relayout:1810 android.view.ViewRootImpl.relayoutWindow:9005 android.view.ViewRootImpl.performTraversals:3360 android.view.ViewRootImpl.doTraversal:2618 android.view.ViewRootImpl$TraversalRunnable.run:9971 android.view.Choreographer$CallbackRecord.run:1010 android.view.Choreographer.doCallbacks:809 android.view.Choreographer.doFrame:744 android.view.Choreographer$FrameDisplayEventReceiver.run:995
02-05 17:40:50.649  5089  5089 I SurfaceControl: assignNativeObject: nativeObject = 0 Surface(name=null)/@0xf71d6c8 / android.view.SurfaceControl.readFromParcel:1117 android.view.IWindowSession$Stub$Proxy.relayout:1820 android.view.ViewRootImpl.relayoutWindow:9005 android.view.ViewRootImpl.performTraversals:3360 android.view.ViewRootImpl.doTraversal:2618 android.view.ViewRootImpl$TraversalRunnable.run:9971 android.view.Choreographer$CallbackRecord.run:1010 android.view.Choreographer.doCallbacks:809 android.view.Choreographer.doFrame:744 android.view.Choreographer$FrameDisplayEventReceiver.run:995
02-05 17:40:50.650  5089  5089 I ViewRootImpl@7fb81b0[]: Relayout returned: old=(540,88,540,2256) new=(540,88,540,2256) req=(0,2168)8 dur=3 res=0x1 s={false 0} ch=false fn=-1
02-05 17:40:50.650  5089  5089 I PageOverlayCoordinator: onUiStopped
02-05 17:40:50.650  5089  5089 I PageOverlayRootLayout: onUiStopped
02-05 17:40:50.650 15500 15500 I ViewRootImpl@f181200[MainActivity]: MSG_WINDOW_FOCUS_CHANGED 1 1
02-05 17:40:50.651 15500 15500 D InputMethodManager: prepareNavigationBarInfo() DecorView@80b2cc9[MainActivity]
02-05 17:40:50.651 15500 15500 D InputMethodManager: getNavigationBarColor() -16711423
02-05 17:40:50.651 15500 15500 D InputMethodManager: prepareNavigationBarInfo() DecorView@80b2cc9[MainActivity]
02-05 17:40:50.651 15500 15500 D InputMethodManager: getNavigationBarColor() -16711423
02-05 17:40:50.652 15500 15500 V InputMethodManager: Starting input: tba=com.example.dogglers ic=null mNaviBarColor -16711423 mIsGetNaviBarColorSuccess true , NavVisible : true , NavTrans : false
02-05 17:40:50.652 15500 15500 D InputMethodManager: startInputInner - Id : 0
02-05 17:40:50.652 15500 15500 I InputMethodManager: startInputInner - mService.startInputOrWindowGainedFocus
02-05 17:40:50.652  1163  1235 D InputMethodManagerService: mSecureKeypadEnabled = false
02-05 17:40:50.652  1163  1235 V InputMethodManagerService: hideCurrentInputLocked : shouldHideSoftInput is false
02-05 17:40:50.652   789  2265 I SurfaceFlinger: id=79533 Removed com.sec.android.app.launcher/com.sec.android.app.launcher.activities.LauncherActivity$_2003#0 (182)
02-05 17:40:50.652  1163  1235 D InputMethodManagerService: DESKTOP MODE! : 2
02-05 17:40:50.652  1163  1235 D InputMethodManagerService: NOT IN KNOX DESKTOP MODE!
02-05 17:40:50.652  1163  1235 V InputMethodManagerService: getDisplayIdOfInputMethodWindowToBeAdded : 0
02-05 17:40:50.652  1163  1235 D SamsungIMMSHWKeyboard: isConnectedDexOnPC false
02-05 17:40:50.652  1163  1235 D InputMethodManagerService: isImeSwitcherDisabledPackage : false
02-05 17:40:50.653  1163  1235 D InputMethodManagerService: checkDisplayOfStartInputAndUpdateKeyboard display Id 0last 0
02-05 17:40:50.653  1163  1235 D InputTransport: Input channel constructed: 'ClientS', fd=860
02-05 17:40:50.653  1163  1235 D InputTransport: Input channel destroyed: 'ClientS', fd=860
02-05 17:40:50.653 15500 15500 D InputTransport: Input channel constructed: 'ClientS', fd=97
02-05 17:40:50.654  1163  1796 I SurfaceControl: nativeRelease nativeObject s[499038976352]
02-05 17:40:50.654  1163  1796 I SurfaceControl: nativeRelease nativeObject e[499038976352]
02-05 17:40:50.654   789  2265 I SurfaceFlinger: id=79552 createSurf (0x0),-1 flag=24004, Surface(name=dbf3b45 InputMethod)/@0xf70bba8 - animation-leash#0
02-05 17:40:50.655  3640  3640 I GoogleInputMethodService: GoogleInputMethodService.onFinishInput():3316
02-05 17:40:50.655  3640  3640 I GoogleInputMethodService: GoogleInputMethodService.updateDeviceLockedStatus():2181 checkRepeatedly = false, unlocked = true
02-05 17:40:50.655  3640  3640 D InputMethodService: checkDisplayOfStartInputAndUpdateKeyboard display Id 0last 0
02-05 17:40:50.655  3640  3640 I GoogleInputMethodService: GoogleInputMethodService.onStartInput():1989
02-05 17:40:50.656  3640  3640 I GoogleInputMethodService: GoogleInputMethodService.updateDeviceLockedStatus():2181 checkRepeatedly = true, unlocked = true
02-05 17:40:50.657  1163  1237 D SehCodecSolutionService: Update top [com.example.dogglers]
02-05 17:40:50.657  1163  1237 E Native_CFMS: nativePerfMgrRemoveTask    Fail    tid : 2003    return : -1
02-05 17:40:50.660  1163  1552 D SyncManager: userId - 0 auto - true
02-05 17:40:50.663   789   789 I Layer   : id=79533[1] Destroyed com.sec.android.app.launcher/com.sec.android.app.launcher.activities.LauncherActivity$_2003#0
02-05 17:40:50.665 15500 15500 D IdlingResourceRegistry: All idling resources are idle.
02-05 17:40:50.666 15500 15500 I ViewInteraction: Performing 'single click' action on view with id is <com.example.dogglers:id/grid_btn>
02-05 17:40:50.667   789   835 I Layer   : id=79539 removeFromCurrentState Surface(name=dbf3b45 InputMethod)/@0xf70bba8 - animation-leash#1 (182)
02-05 17:40:50.668  1163  1796 D InputDispatcher: Inject motion (15500): action=0x0, time=307844624000000, f=0x0, d=0
02-05 17:40:50.668  2003  2003 I SurfaceControl: nativeRelease nativeObject s[499184610240]
02-05 17:40:50.668  2003  2003 I SurfaceControl: nativeRelease nativeObject e[499184610240]
02-05 17:40:50.668 15500 15500 I SurfaceControl: nativeRelease nativeObject s[497483547936]
02-05 17:40:50.668 15500 15500 I SurfaceControl: nativeRelease nativeObject e[497483547936]
02-05 17:40:50.668 15500 15500 I SurfaceControl: nativeRelease nativeObject s[497483547840]
02-05 17:40:50.668 15500 15500 I SurfaceControl: nativeRelease nativeObject e[497483547840]
02-05 17:40:50.668  1163  1404 D InputDispatcher: pointer touchable region used!
02-05 17:40:50.668  1163  1404 W InputDispatcher: obscured by Splash Screen
02-05 17:40:50.668  1163  1404 I InputDispatcher: Delivering touch to (1680): action: 0x4, f=0x0, d=0, 'b29f82b', t=0
02-05 17:40:50.669  1163  1404 I InputDispatcher: Delivering touch to (15500): action: 0x0, f=0x1, d=0, 'a980aa9', t=0
02-05 17:40:50.669  1163  3935 D SamsungIMMSHWKeyboard: isConnectedDexOnPC false
02-05 17:40:50.669 15500 15500 I ViewRootImpl@f181200[MainActivity]: ViewPostIme pointer 0
02-05 17:40:50.669  1163  3935 D InputMethodManagerService: isImeSwitcherDisabledPackage : false
02-05 17:40:50.672  1680  1680 D SecStatusBarMobileView: setStaticDrawableColor:
02-05 17:40:50.680   697   697 D Zygote  : Forked child process 15677
02-05 17:40:50.682 15500 15500 D IdlingResourceRegistry: All idling resources are idle.
02-05 17:40:50.682 15500 15500 D IdlingResourceRegistry: All idling resources are idle.
02-05 17:40:50.682  1680  1680 D SecStatusBarMobileView: setStaticDrawableColor:
02-05 17:40:50.685   789   789 D SurfaceFlinger: Display 21442653864348033 HWC layers:
02-05 17:40:50.685   789   789 D SurfaceFlinger:      DEVICE | 0x7408190c80 | 0002 | RGBA_8888    |    0.0    0.0 1080.0 2400.0 |    0    0 1080 2400 | com.example.dogglers/com.example.dogglers.MainActivity$_15500#0
02-05 17:40:50.685   789   789 D SurfaceFlinger:      DEVICE | 0x7408190b40 | 0002 | RGBA_8888    |    0.0    0.0 1080.0 2400.0 |    0    0 1080 2400 | Splash Screen com.example.dogglers#0
02-05 17:40:50.685   789   789 D SurfaceFlinger:      DEVICE | 0x7428c3fac0 | 0000 | RGBA_8888    |    0.0    0.0 1080.0   88.0 |    0    0 1080   88 | StatusBar$_1680#0
02-05 17:40:50.685   789   789 D SurfaceFlinger:      DEVICE | 0x7428c40600 | 0000 | RGBA_8888    |    0.0    0.0 1080.0  144.0 |    0 2256 1080 2400 | NavigationBar0$_1680#0
02-05 17:40:50.685   789   789 D SurfaceFlinger:      DEVICE | 0x7408191180 | 0000 | RGBA_8888    |    0.0    0.0 1080.0  125.0 |    0    0 1080  125 | ScreenDecorOverlay$_1680#0
02-05 17:40:50.685   789   789 D SurfaceFlinger:      DEVICE | 0x7428c3f480 | 0000 | RGBA_8888    |    0.0    0.0 1080.0  112.0 |    0 2288 1080 2400 | ScreenDecorOverlayBottom$_1680#0
02-05 17:40:50.685   789   789 D SurfaceFlinger:
02-05 17:40:50.690 15500 15500 D IdlingResourceRegistry: All idling resources are idle.
02-05 17:40:50.690 15500 15500 D IdlingResourceRegistry: All idling resources are idle.
02-05 17:40:50.692 15677 15677 E .android.sclou: Not starting debugger since process cannot load the jdwp agent.
02-05 17:40:50.696 15677 15677 D ActivityThread: setConscryptValidator
02-05 17:40:50.696 15677 15677 D ActivityThread: setConscryptValidator - put
02-05 17:40:50.697 15500 15500 D IdlingResourceRegistry: All idling resources are idle.
02-05 17:40:50.697 15500 15500 D IdlingResourceRegistry: All idling resources are idle.
02-05 17:40:50.697  1680  1680 D SecStatusBarMobileView: setStaticDrawableColor:
02-05 17:40:50.698  1163  1240 I SurfaceControl: nativeRelease nativeObject s[499014694624]
02-05 17:40:50.698  1163  1240 I SurfaceControl: nativeRelease nativeObject e[499014694624]
02-05 17:40:50.699  1163  1240 I SurfaceControl: nativeRelease nativeObject s[496871094336]
02-05 17:40:50.699  1163  1240 I SurfaceControl: nativeRelease nativeObject e[496871094336]
02-05 17:40:50.699   789  1272 I Layer   : id=79543 removeFromCurrentState Splash Screen com.example.dogglers#0 (182)
02-05 17:40:50.699  1163  1240 I SurfaceControl: nativeRelease nativeObject s[499038975200]
02-05 17:40:50.699  1163  1240 I SurfaceControl: nativeRelease nativeObject e[499038975200]
02-05 17:40:50.700  1163  1240 W WindowManager: lockNow pending, ignore updating lockscreen timeout
02-05 17:40:50.702   789  1272 I Layer   : id=79542 removeFromCurrentState be65301 Splash Screen com.example.dogglers#0 (182)
02-05 17:40:50.702   789  1272 I Layer   : id=79551 removeFromCurrentState Surface(name=be65301 Splash Screen com.example.dogglers)/@0xef96139 - animation-leash#0 (182)
02-05 17:40:50.702   789  1272 I SurfaceFlinger: id=79542 Removed be65301 Splash Screen com.example.dogglers#0 (182)
02-05 17:40:50.702   789  1272 I SurfaceFlinger: id=79551 Removed Surface(name=be65301 Splash Screen com.example.dogglers)/@0xef96139 - animation-leash#0 (182)
02-05 17:40:50.702   789   835 I SurfaceFlinger: id=79543 Removed Splash Screen com.example.dogglers#0 (182)
02-05 17:40:50.702 15500 15500 D IdlingResourceRegistry: All idling resources are idle.
02-05 17:40:50.702 15500 15500 D IdlingResourceRegistry: All idling resources are idle.
02-05 17:40:50.705 15500 15500 D IdlingResourceRegistry: All idling resources are idle.
02-05 17:40:50.706 15500 15500 D IdlingResourceRegistry: All idling resources are idle.
02-05 17:40:50.708 15500 15500 D IdlingResourceRegistry: All idling resources are idle.
02-05 17:40:50.708 15500 15500 D IdlingResourceRegistry: All idling resources are idle.
02-05 17:40:50.709  1163  1235 D InputDispatcher: Inject motion (15500): action=0x1, time=307844666000000, f=0x0, d=0
02-05 17:40:50.709  1163  1404 I InputDispatcher: Delivering touch to (15500): action: 0x1, f=0x1, d=0, 'a980aa9', t=1
02-05 17:40:50.709 15500 15500 I ViewRootImpl@f181200[MainActivity]: ViewPostIme pointer 1
02-05 17:40:50.711  1163  1235 I SemDvfsHyPerManager: acquire hyper - AMS_ACT_START/1163@20, type = -999
02-05 17:40:50.711   726   817 I HYPER-HAL: [RequestManager.cpp]acquire(): Acquired ID : 700356  [1163 / 20]    HINT : AMS_ACT_START    list :
02-05 17:40:50.711   726   817 I HYPER-HAL: [ResourceManager.cpp]updateResource(): [CPUMinFreq] UpdateResource Request ID : 700356    Value : 1930195
02-05 17:40:50.712   789   835 I SurfaceFlinger: id=79553 createSurf (0x0),-1 flag=80004, ActivityRecord{5602cb4 u0 com.example.dogglers/.GridListActivity t12726}#0
02-05 17:40:50.714  1163  1235 W WindowManager: lockNow pending, ignore updating lockscreen timeout
02-05 17:40:50.714   789   789 I Layer   : id=79551[1] Destroyed Surface(name=be65301 Splash Screen com.example.dogglers)/@0xef96139 - animation-leash#0
02-05 17:40:50.714   789   789 I Layer   : id=79542[1] Destroyed be65301 Splash Screen com.example.dogglers#0
02-05 17:40:50.714  1680  1680 D SecStatusBarMobileView: setStaticDrawableColor:
02-05 17:40:50.716   789   789 I Layer   : id=79543[1] Destroyed Splash Screen com.example.dogglers#0
02-05 17:40:50.719 15500 15500 D LifecycleMonitor: Lifecycle status change: com.example.dogglers.MainActivity@832b7e6 in: PAUSED
02-05 17:40:50.719  1163  1240 W WindowManager: lockNow pending, ignore updating lockscreen timeout
02-05 17:40:50.719 15500 15500 D LifecycleMonitor: running callback: androidx.test.core.app.ActivityScenario$1@b686b2f
02-05 17:40:50.720   789   789 D SurfaceFlinger: Display 21442653864348033 HWC layers:
02-05 17:40:50.720   789   789 D SurfaceFlinger:      DEVICE | 0x7428c409c0 | 0002 | RGBA_8888    |    0.0    0.0 1080.0 2400.0 |    0    0 1080 2400 | com.example.dogglers/com.example.dogglers.MainActivity$_15500#0
02-05 17:40:50.720   789   789 D SurfaceFlinger:      DEVICE | 0x7428c3e6c0 | 0000 | RGBA_8888    |    0.0    0.0 1080.0   88.0 |    0    0 1080   88 | StatusBar$_1680#0
02-05 17:40:50.720   789   789 D SurfaceFlinger:      DEVICE | 0x7428c40600 | 0000 | RGBA_8888    |    0.0    0.0 1080.0  144.0 |    0 2256 1080 2400 | NavigationBar0$_1680#0
02-05 17:40:50.720   789   789 D SurfaceFlinger:      DEVICE | 0x7408191180 | 0000 | RGBA_8888    |    0.0    0.0 1080.0  125.0 |    0    0 1080  125 | ScreenDecorOverlay$_1680#0
02-05 17:40:50.720   789   789 D SurfaceFlinger:      DEVICE | 0x7428c3f480 | 0000 | RGBA_8888    |    0.0    0.0 1080.0  112.0 |    0 2288 1080 2400 | ScreenDecorOverlayBottom$_1680#0
02-05 17:40:50.720   789   789 D SurfaceFlinger:
02-05 17:40:50.720 15500 15500 V ActivityScenario: Update currentActivityStage to PAUSED, currentActivity=com.example.dogglers.MainActivity@832b7e6
02-05 17:40:50.720 15500 15500 D LifecycleMonitor: callback completes: androidx.test.core.app.ActivityScenario$1@b686b2f
02-05 17:40:50.721  1163  3939 V WindowOrientationListener: getProposedRotation: 0
02-05 17:40:50.721  1163  3939 V WindowOrientationListener: getProposedRotation: 0
02-05 17:40:50.722  1163  3939 V WindowOrientationListener: getProposedRotation: 0
02-05 17:40:50.723  1163  3939 D InputDispatcher: Focused application set to (0): 5602cb4
02-05 17:40:50.725  1163  3939 W WindowManager: lockNow pending, ignore updating lockscreen timeout
02-05 17:40:50.729 15500 15500 D LifecycleMonitor: Lifecycle status change: com.example.dogglers.GridListActivity@e68d8f4 in: PRE_ON_CREATE
02-05 17:40:50.729 15500 15500 D LifecycleMonitor: running callback: androidx.test.core.app.ActivityScenario$1@b686b2f
02-05 17:40:50.730 15500 15500 V ActivityScenario: Activity lifecycle changed event received but ignored because the intent does not match. startActivityIntent=Intent { act=android.intent.action.MAIN cat=[android.intent.category.LAUNCHER] cmp=com.example.dogglers/.MainActivity }, activity.getIntent()=Intent { cmp=com.example.dogglers/.GridListActivity }, activity=com.example.dogglers.GridListActivity@e68d8f4
02-05 17:40:50.730 15500 15500 D LifecycleMonitor: callback completes: androidx.test.core.app.ActivityScenario$1@b686b2f
02-05 17:40:50.731  1680  1680 D SecStatusBarMobileView: setStaticDrawableColor:
02-05 17:40:50.739 15500 15500 I DecorView: [INFO] isPopOver=false, config=true
02-05 17:40:50.739 15500 15500 I DecorView: updateCaptionType >> DecorView@9abfdd5[], isFloating=false, isApplication=true, hasWindowDecorCaption=false, hasWindowControllerCallback=true
02-05 17:40:50.739 15500 15500 D DecorView: setCaptionType = 0, this = DecorView@9abfdd5[]
02-05 17:40:50.747 15500 15500 D LifecycleMonitor: Lifecycle status change: com.example.dogglers.GridListActivity@e68d8f4 in: CREATED
02-05 17:40:50.747 15500 15500 D LifecycleMonitor: running callback: androidx.test.core.app.ActivityScenario$1@b686b2f
02-05 17:40:50.747 15500 15500 V ActivityScenario: Activity lifecycle changed event received but ignored because the intent does not match. startActivityIntent=Intent { act=android.intent.action.MAIN cat=[android.intent.category.LAUNCHER] cmp=com.example.dogglers/.MainActivity }, activity.getIntent()=Intent { cmp=com.example.dogglers/.GridListActivity }, activity=com.example.dogglers.GridListActivity@e68d8f4
02-05 17:40:50.747 15500 15500 D LifecycleMonitor: callback completes: androidx.test.core.app.ActivityScenario$1@b686b2f
02-05 17:40:50.748 15500 15500 D LifecycleMonitor: Lifecycle status change: com.example.dogglers.GridListActivity@e68d8f4 in: STARTED
02-05 17:40:50.748 15500 15500 D LifecycleMonitor: running callback: androidx.test.core.app.ActivityScenario$1@b686b2f
02-05 17:40:50.748 15500 15500 V ActivityScenario: Activity lifecycle changed event received but ignored because the intent does not match. startActivityIntent=Intent { act=android.intent.action.MAIN cat=[android.intent.category.LAUNCHER] cmp=com.example.dogglers/.MainActivity }, activity.getIntent()=Intent { cmp=com.example.dogglers/.GridListActivity }, activity=com.example.dogglers.GridListActivity@e68d8f4
02-05 17:40:50.748 15500 15500 D LifecycleMonitor: callback completes: androidx.test.core.app.ActivityScenario$1@b686b2f
02-05 17:40:50.749  1163  1235 I InputDispatcher: Focus left window (15500): a980aa9 in display 0 0
02-05 17:40:50.749 15500 15500 D LifecycleMonitor: Lifecycle status change: com.example.dogglers.GridListActivity@e68d8f4 in: RESUMED
02-05 17:40:50.749 15500 15500 D LifecycleMonitor: running callback: androidx.test.core.app.ActivityScenario$1@b686b2f
02-05 17:40:50.749 15500 15500 V ActivityScenario: Activity lifecycle changed event received but ignored because the intent does not match. startActivityIntent=Intent { act=android.intent.action.MAIN cat=[android.intent.category.LAUNCHER] cmp=com.example.dogglers/.MainActivity }, activity.getIntent()=Intent { cmp=com.example.dogglers/.GridListActivity }, activity=com.example.dogglers.GridListActivity@e68d8f4
02-05 17:40:50.749 15500 15500 D LifecycleMonitor: callback completes: androidx.test.core.app.ActivityScenario$1@b686b2f
02-05 17:40:50.752  1163  1796 D InputTransport: Input channel constructed: '5509e7f', fd=860
02-05 17:40:50.752  1163  1796 D InputTransport: Input channel constructed: '5509e7f', fd=887
02-05 17:40:50.752   789   835 I SurfaceFlinger: id=79554 createSurf (0x0),-1 flag=80004, 5509e7f com.example.dogglers/com.example.dogglers.GridListActivity#0
02-05 17:40:50.752  1163  1796 D WindowManager: isScreenshotDisabledLocked - win: Window{5509e7f u0 com.example.dogglers/com.example.dogglers.GridListActivity}
02-05 17:40:50.752  1163  1796 D WindowManager: isScreenshotDisabledLocked: userId = 0, disabled =false
02-05 17:40:50.753  1163  1796 D InputTransport: Input channel destroyed: '5509e7f', fd=887
02-05 17:40:50.753 15500 15500 D InputTransport: Input channel constructed: '5509e7f', fd=98
02-05 17:40:50.754 15500 15500 I ViewRootImpl@34576bc[GridListActivity]: setView = com.android.internal.policy.DecorView@9abfdd5 TM=true
02-05 17:40:50.758  1163  1235 V WindowManager: Relayout Window{5509e7f u0 com.example.dogglers/com.example.dogglers.GridListActivity}: viewVisibility=0 req=1080x2400
02-05 17:40:50.758  1163  1235 W WindowManager: lockNow pending, ignore updating lockscreen timeout
02-05 17:40:50.759  1163  1235 D WindowManager: isScreenshotDisabledLocked - win: Window{5509e7f u0 com.example.dogglers/com.example.dogglers.GridListActivity}
02-05 17:40:50.759  1163  1235 D WindowManager: isScreenshotDisabledLocked: userId = 0, disabled =false
02-05 17:40:50.759   789  1272 I SurfaceFlinger: id=79555 createSurf (1080x2400),1 flag=404, com.example.dogglers/com.example.dogglers.GridListActivity$_15500#0
02-05 17:40:50.761  1163  1235 I SurfaceControl: nativeRelease nativeObject s[499183877984]
02-05 17:40:50.761  1163  1235 I SurfaceControl: nativeRelease nativeObject e[499183877984]
02-05 17:40:50.761   789  1272 I SurfaceFlinger: id=79556 createSurf (0x0),-1 flag=24000, Surface(name=8c655e2 StatusBar)/@0x44a9b07 - animation-leash#0
02-05 17:40:50.761  1163  1235 I SurfaceControl: nativeRelease nativeObject s[499183878272]
02-05 17:40:50.761  1163  1235 I SurfaceControl: nativeRelease nativeObject e[499183878272]
02-05 17:40:50.761   789  1272 I SurfaceFlinger: id=79557 createSurf (0x0),-1 flag=24000, Surface(name=b29f82b NavigationBar0)/@0x8634759 - animation-leash#1
02-05 17:40:50.762  1163  1235 V WindowManager: Relayout hash=5509e7f, pid=15500: mAttrs={(0,0)(fillxfill) sim={adjust=resize forwardNavigation} ty=BASE_APPLICATION wanim=0x1030304
02-05 17:40:50.762  1163  1235 V WindowManager:   fl=81810100
02-05 17:40:50.762  1163  1235 V WindowManager:   pfl=12020000
02-05 17:40:50.762  1163  1235 V WindowManager:   fitSides= naviIconColor=0}
02-05 17:40:50.762  1163  1235 I SurfaceControl: nativeRelease nativeObject s[499038975488]
02-05 17:40:50.762  1163  1235 I SurfaceControl: nativeRelease nativeObject e[499038975488]
02-05 17:40:50.763 15500 15500 I SurfaceControl: assignNativeObject: nativeObject = 0 Surface(name=null)/@0x290645 / android.view.SurfaceControl.readFromParcel:1117 android.view.IWindowSession$Stub$Proxy.relayout:1820 android.view.ViewRootImpl.relayoutWindow:9005 android.view.ViewRootImpl.performTraversals:3360 android.view.ViewRootImpl.doTraversal:2618 android.view.ViewRootImpl$TraversalRunnable.run:9971 android.view.Choreographer$CallbackRecord.run:1010 android.view.Choreographer.doCallbacks:809 android.view.Choreographer.doFrame:744 android.view.Choreographer$FrameDisplayEventReceiver.run:995
02-05 17:40:50.763 15500 15500 I ViewRootImpl@34576bc[GridListActivity]: Relayout returned: old=(0,0,1080,2400) new=(0,0,1080,2400) req=(1080,2400)0 dur=5 res=0x7 s={true 499016744960} ch=true fn=-1
02-05 17:40:50.764 15500 15565 I mali_winsys: new_window_surface() [1080x2400] return: 0x3000
02-05 17:40:50.764   716   953 D gralloc : [mali_gralloc_allocate] begin
02-05 17:40:50.764   716   953 D gralloc : buffer_descriptor: wh(1080 2400) usage_pc(0x40000000000b00 0x40000000000b00) hal_format(0x1) layer_count(1) sizes(0 0 0) strde(0) byte_stride(0) alloc_wh(0 0) internal_format(0x0) alloc_format(0x0) fd_count(1) plane_count(0)
02-05 17:40:50.765   716   953 D gralloc : [mali_gralloc_allocate] allocation successful
02-05 17:40:50.765   716   953 D gralloc : [mali_gralloc_allocate] begin
02-05 17:40:50.765   716   953 D gralloc : buffer_descriptor: wh(1080 2400) usage_pc(0x40000000000b00 0x40000000000b00) hal_format(0x1) layer_count(1) sizes(0 0 0) strde(0) byte_stride(0) alloc_wh(0 0) internal_format(0x0) alloc_format(0x0) fd_count(1) plane_count(0)
02-05 17:40:50.765   789   834 I Layer   : id=79549 removeFromCurrentState Surface(name=8c655e2 StatusBar)/@0x44a9b07 - animation-leash#1 (184)
02-05 17:40:50.766   789   834 I Layer   : id=79550 removeFromCurrentState Surface(name=b29f82b NavigationBar0)/@0x8634759 - animation-leash#0 (184)
02-05 17:40:50.766   716   953 D gralloc : [mali_gralloc_allocate] allocation successful
02-05 17:40:50.766   716   953 D gralloc : [mali_gralloc_allocate] begin
02-05 17:40:50.766   716   953 D gralloc : buffer_descriptor: wh(1080 2400) usage_pc(0x40000000000b00 0x40000000000b00) hal_format(0x1) layer_count(1) sizes(0 0 0) strde(0) byte_stride(0) alloc_wh(0 0) internal_format(0x0) alloc_format(0x0) fd_count(1) plane_count(0)
02-05 17:40:50.766 15500 15500 I ViewRootImpl@34576bc[GridListActivity]: [DP] dp(1) 1 android.view.ViewRootImpl.reportNextDraw:10957 android.view.ViewRootImpl.performTraversals:3845 android.view.ViewRootImpl.doTraversal:2618
02-05 17:40:50.766 15500 15500 I ViewRootImpl@34576bc[GridListActivity]: [DP] pd() Asnyc report
02-05 17:40:50.767   716   953 D gralloc : [mali_gralloc_allocate] allocation successful
02-05 17:40:50.772 15500 15500 I ViewRootImpl@34576bc[GridListActivity]: [DP] pdf(0) 1 android.view.ViewRootImpl.lambda$performDraw$1$ViewRootImpl:4668 android.view.-$$Lambda$ViewRootImpl$DJd0VUYJgsebcnSohO6h8zc_ONI.run:6 android.os.Handler.handleCallback:938
02-05 17:40:50.772 15500 15500 I ViewRootImpl@34576bc[GridListActivity]: [DP] rdf()
02-05 17:40:50.772 15677 15677 I [SC]FeatureManager: byod mode enabled: false
02-05 17:40:50.772 15500 15500 I ViewRootImpl@f181200[MainActivity]: MSG_WINDOW_FOCUS_CHANGED 0 1
02-05 17:40:50.773  1163  1240 W WindowManager: lockNow pending, ignore updating lockscreen timeout
02-05 17:40:50.773 15677 15677 I [SC]FeatureManager: FeatureManager ,[SEC_FLOATING_FEATURE_SAMSUNGCLOUD_ENABLE_SETTING_MENU]:true
02-05 17:40:50.773 15677 15677 I [SC]FeatureManager: [SEC_FLOATING_FEATURE_SAMSUNGCLOUD_SUPPORT_CONTENT_SYNC]bln true
02-05 17:40:50.773 15677 15677 I [SC]FeatureManager: [SEC_FLOATING_FEATURE_GALLERY_CONFIG_IMAGE_TAGGER_VERSION]str "V448"
02-05 17:40:50.773 15677 15677 I [SC]FeatureManager: [SEC_FLOATING_FEATURE_SAMSUNGCLOUD_ENABLE_SETTING_MENU]bln true
02-05 17:40:50.774   789  1272 I SurfaceFlinger: id=79558 createSurf (0x0),-1 flag=24000, Surface(name=ActivityRecord{14b5500 u0 com.example.dogglers/.MainActivity t12726})/@0xec322b7 - animation-leash#0
02-05 17:40:50.775   789  1272 I SurfaceFlinger: id=79559 createSurf (0x0),-1 flag=20004, Dim Layer for - Task=12726 - animating-dim#0
02-05 17:40:50.775   789  1272 I SurfaceFlinger: id=79560 createSurf (0x0),-1 flag=24000, Surface(name=Dim Layer for - Task=12726 - animating-dim)/@0x71feb13 - animation-leash#0
02-05 17:40:50.775   726 15664 I HYPER-HAL: [ResourceManager.cpp]removeResource(): [CPUMinFreq] RemoveResource Request ID : 718236
02-05 17:40:50.775   726 15664 I HYPER-HAL: [RequestManager.cpp]releaseLocked(): Released ID : 718236
02-05 17:40:50.775   789  1272 I SurfaceFlinger: id=79561 createSurf (0x0),-1 flag=80004, Surface(name=ActivityRecord{14b5500 u0 com.example.dogglers/.MainActivity t12726})/@0xec322b7 - animation-bounds#0
02-05 17:40:50.776   789  1272 I SurfaceFlinger: id=79562 createSurf (0x0),-1 flag=24004, Surface(name=ActivityRecord{5602cb4 u0 com.example.dogglers/.GridListActivity t12726})/@0x84dba68 - animation-leash#0
02-05 17:40:50.776   789  1272 I SurfaceFlinger: id=79563 createSurf (0x0),-1 flag=80004, Surface(name=ActivityRecord{5602cb4 u0 com.example.dogglers/.GridListActivity t12726})/@0x84dba68 - animation-bounds#0
02-05 17:40:50.777  1163  1240 D PkgPredictorService: pkg:com.example.dogglers activity:com.example.dogglers.GridListActivity thisTime:66
02-05 17:40:50.778  1163  1244 I ActivityTaskManager: Displayed com.example.dogglers/.GridListActivity: +66ms
02-05 17:40:50.778  1163  1240 W WindowManager: lockNow pending, ignore updating lockscreen timeout
02-05 17:40:50.779  2669  2669 E pageboostd: Received HALT command code 2
02-05 17:40:50.780 15500 15500 I SurfaceControl: nativeRelease nativeObject s[499183202528]
02-05 17:40:50.780 15500 15500 I SurfaceControl: nativeRelease nativeObject e[499183202528]
02-05 17:40:50.780 15500 15500 I SurfaceControl: nativeRelease nativeObject s[499183202432]
02-05 17:40:50.780 15500 15500 I SurfaceControl: nativeRelease nativeObject e[499183202432]
02-05 17:40:50.780 15500 15500 I SurfaceControl: nativeRelease nativeObject s[499183202048]
02-05 17:40:50.780 15500 15500 I SurfaceControl: nativeRelease nativeObject e[499183202048]
02-05 17:40:50.780   789  1272 I SurfaceFlinger: id=79550 Removed Surface(name=b29f82b NavigationBar0)/@0x8634759 - animation-leash#0 (190)
02-05 17:40:50.780   789  2265 I SurfaceFlinger: id=79549 Removed Surface(name=8c655e2 StatusBar)/@0x44a9b07 - animation-leash#1 (190)
02-05 17:40:50.780 15500 15500 D IdlingResourceRegistry: All idling resources are idle.
02-05 17:40:50.780 15500 15500 D IdlingResourceRegistry: All idling resources are idle.
02-05 17:40:50.780  1163  3939 I SemDvfsHyPerManager: acquire hyper - AMS_RESUME_TAIL/1163@22, type = -999
02-05 17:40:50.780  1163  3939 I SemDvfsHyPerManager: acquire hyper - AMS_ACT_LAZY/1163@23, type = -999
02-05 17:40:50.780   726   817 I HYPER-HAL: [RequestManager.cpp]acquire(): Acquired ID : 702727  [1163 / 22]    HINT : AMS_RESUME_TAIL    list :
02-05 17:40:50.781   726   817 I HYPER-HAL: [ResourceManager.cpp]updateResource(): [CPUMinFreq] UpdateResource Request ID : 702727    Value : 1844882
02-05 17:40:50.781   726   817 I HYPER-HAL: [RequestManager.cpp]acquire(): Acquired ID : 703914  [1163 / 23]    HINT :      list :
02-05 17:40:50.781   726   817 E HYPER-HAL: [Request.cpp]acquire(): Request:: id : 703914, No Resource to set
02-05 17:40:50.781   726   817 I HYPER-HAL: [ResourceManager.cpp]removeResource(): [CPUMinFreq] RemoveResource Request ID : 700356
02-05 17:40:50.781   726   817 I HYPER-HAL: [RequestManager.cpp]releaseLocked(): Released ID : 700356
02-05 17:40:50.782   789   789 I Layer   : id=79549[1] Destroyed Surface(name=8c655e2 StatusBar)/@0x44a9b07 - animation-leash#1
02-05 17:40:50.782   789   789 I Layer   : id=79550[1] Destroyed Surface(name=b29f82b NavigationBar0)/@0x8634759 - animation-leash#0
02-05 17:40:50.784 15677 15677 I BluetoothAdapter: StandAloneBleMode=true called by PID : 15677 @ com.samsung.android.scloud
02-05 17:40:50.784  1163  3938 I InputDispatcher: Focus entered window (15500): 5509e7f in display 0 0
02-05 17:40:50.784  1163  1240 W WindowManager: lockNow pending, ignore updating lockscreen timeout
02-05 17:40:50.784 15677 15677 I BluetoothAdapter:  setting StandAloneBleMode=true
02-05 17:40:50.785 15500 15500 I ViewRootImpl@34576bc[GridListActivity]: MSG_WINDOW_FOCUS_CHANGED 1 1
02-05 17:40:50.785 15500 15500 D InputMethodManager: prepareNavigationBarInfo() DecorView@9abfdd5[GridListActivity]
02-05 17:40:50.786 15500 15500 D InputMethodManager: getNavigationBarColor() -16711423
02-05 17:40:50.786 15500 15500 D InputMethodManager: prepareNavigationBarInfo() DecorView@9abfdd5[GridListActivity]
02-05 17:40:50.786 15500 15500 D InputMethodManager: getNavigationBarColor() -16711423
02-05 17:40:50.786 15500 15500 V InputMethodManager: Starting input: tba=com.example.dogglers ic=null mNaviBarColor -16711423 mIsGetNaviBarColorSuccess true , NavVisible : true , NavTrans : false
02-05 17:40:50.786 15500 15500 D InputMethodManager: startInputInner - Id : 0
02-05 17:40:50.786 15500 15500 I InputMethodManager: startInputInner - mService.startInputOrWindowGainedFocus
02-05 17:40:50.786  1163  3935 D InputMethodManagerService: mSecureKeypadEnabled = false
02-05 17:40:50.786  1163  3935 V InputMethodManagerService: hideCurrentInputLocked : shouldHideSoftInput is false
02-05 17:40:50.787  1163  3935 D InputMethodManagerService: DESKTOP MODE! : 2
02-05 17:40:50.787  1163  3935 D InputMethodManagerService: NOT IN KNOX DESKTOP MODE!
02-05 17:40:50.787  1163  3935 V InputMethodManagerService: getDisplayIdOfInputMethodWindowToBeAdded : 0
02-05 17:40:50.787  1163  3935 D InputMethodManagerService: checkDisplayOfStartInputAndUpdateKeyboard display Id 0last 0
02-05 17:40:50.787  1163  3935 D InputTransport: Input channel constructed: 'ClientS', fd=887
02-05 17:40:50.787  1163  3935 D InputTransport: Input channel destroyed: 'ClientS', fd=887
02-05 17:40:50.787 15500 15500 D InputTransport: Input channel constructed: 'ClientS', fd=110
02-05 17:40:50.787 15500 15500 D InputTransport: Input channel destroyed: 'ClientS', fd=97
02-05 17:40:50.787  1163  3938 D SecContentProvider: query(), uri = 3 selection = isBLEAllowed
02-05 17:40:50.787  1163  3938 D SecContentProvider: query(), uri = 3 selection = isBLEAllowed
02-05 17:40:50.788 15677 15677 I BluetoothAdapter: STATE_ON
02-05 17:40:50.788 15677 15677 I BluetoothAdapter: enableRadio(): Bluetooth already enabled
02-05 17:40:50.789  1163  3935 I SurfaceControl: nativeRelease nativeObject s[499183201856]
02-05 17:40:50.789  1163  3935 I SurfaceControl: nativeRelease nativeObject e[499183201856]
02-05 17:40:50.789 15677 15677 I [SC]MediaProxyProvider: onCreate()
02-05 17:40:50.789   789   835 I SurfaceFlinger: id=79564 createSurf (0x0),-1 flag=24004, Surface(name=dbf3b45 InputMethod)/@0xf70bba8 - animation-leash#1
02-05 17:40:50.790  3640  3640 I GoogleInputMethodService: GoogleInputMethodService.onFinishInput():3316
02-05 17:40:50.791  3640  3640 I GoogleInputMethodService: GoogleInputMethodService.updateDeviceLockedStatus():2181 checkRepeatedly = false, unlocked = true
02-05 17:40:50.791  3640  3640 D InputMethodService: checkDisplayOfStartInputAndUpdateKeyboard display Id 0last 0
02-05 17:40:50.791  3640  3640 I GoogleInputMethodService: GoogleInputMethodService.onStartInput():1989
02-05 17:40:50.791  3640  3640 I GoogleInputMethodService: GoogleInputMethodService.updateDeviceLockedStatus():2181 checkRepeatedly = true, unlocked = true
02-05 17:40:50.795 15677 15677 I [SC]MediaMigration: migrationCloudAgentSetting() need to migrate : false0
02-05 17:40:50.798 15677 15703 I TetheringManager: registerTetheringEventCallback:com.samsung.android.scloud
02-05 17:40:50.800 15677 15703 I [SCSDK][C][2.0.02]: [SamsungCloud]getCloudToken
02-05 17:40:50.800 15677 15703 E [SCSDK][C][2.0.02]: [SContext]context is null
02-05 17:40:50.800 15677 15703 E [SCSDK][C][2.0.02]: [SamsungCloud]Cloud SDK is not initialized.
02-05 17:40:50.800   789   835 I Layer   : id=79552 removeFromCurrentState Surface(name=dbf3b45 InputMethod)/@0xf70bba8 - animation-leash#0 (189)
02-05 17:40:50.801 15500 15500 I SurfaceControl: nativeRelease nativeObject s[499183202624]
02-05 17:40:50.801 15500 15500 I SurfaceControl: nativeRelease nativeObject e[499183202624]
02-05 17:40:50.801   789  1273 I SurfaceFlinger: id=79552 Removed Surface(name=dbf3b45 InputMethod)/@0xf70bba8 - animation-leash#0 (189)
02-05 17:40:50.801 15677 15703 I [SC][AUTH]AuthUtil: getAuthData
02-05 17:40:50.801  1163  3938 D SamsungIMMSHWKeyboard: isConnectedDexOnPC false
02-05 17:40:50.802 15500 15500 I SurfaceControl: nativeRelease nativeObject s[497483547744]
02-05 17:40:50.802 15500 15500 I SurfaceControl: nativeRelease nativeObject e[497483547744]
02-05 17:40:50.802 15500 15500 I SurfaceControl: nativeRelease nativeObject s[499183202336]
02-05 17:40:50.802  1163  3938 D InputMethodManagerService: isImeSwitcherDisabledPackage : false
02-05 17:40:50.802 15500 15500 I SurfaceControl: nativeRelease nativeObject e[499183202336]
02-05 17:40:50.802   789   789 D SurfaceFlinger: Display 21442653864348033 HWC layers:
02-05 17:40:50.802   789   789 D SurfaceFlinger:      DEVICE | 0x7408190dc0 | 0002 | RGBA_8888    |    0.0    4.0 1080.0 2400.0 |    0    0 1080 2396 | com.example.dogglers/com.example.dogglers.MainActivity$_15500#0
02-05 17:40:50.802   789   789 D SurfaceFlinger:      DEVICE | 0x74084ff480 | 0002 | RGBA_8888    |    0.0    0.0 1080.0 1973.0 |    0  427 1080 2400 | com.example.dogglers/com.example.dogglers.GridListActivity$_15500#0
02-05 17:40:50.802   789   789 D SurfaceFlinger:      DEVICE | 0x7428c3e6c0 | 0000 | RGBA_8888    |    0.0    0.0 1080.0   88.0 |    0    0 1080   88 | StatusBar$_1680#0
02-05 17:40:50.802   789   789 D SurfaceFlinger:      DEVICE | 0x7428c40600 | 0000 | RGBA_8888    |    0.0    0.0 1080.0  144.0 |    0 2256 1080 2400 | NavigationBar0$_1680#0
02-05 17:40:50.802   789   789 D SurfaceFlinger:      DEVICE | 0x7408191180 | 0000 | RGBA_8888    |    0.0    0.0 1080.0  125.0 |    0    0 1080  125 | ScreenDecorOverlay$_1680#0
02-05 17:40:50.802   789   789 D SurfaceFlinger:      DEVICE | 0x7428c3f480 | 0000 | RGBA_8888    |    0.0    0.0 1080.0  112.0 |    0 2288 1080 2400 | ScreenDecorOverlayBottom$_1680#0
02-05 17:40:50.802   789   789 D SurfaceFlinger:
02-05 17:40:50.804 15677 15677 I [SC]DeviceUtil: hasSepLiteSignature: false
02-05 17:40:50.808 15677 15677 I [SC]DeviceUtil: hasSepLiteSignature: false
02-05 17:40:50.810   726 15627 I HYPER-HAL: [RequestManager.cpp]releaseLocked(): Released ID : 1602155
02-05 17:40:50.810  1163  1502 W SemWifiTransportLayerUtils: getApplicationCategory - IOException com.example.dogglers
02-05 17:40:50.810  1163  1502 W System.err: java.io.FileNotFoundException: https://play.google.com/store/apps/details?id=com.example.dogglers&hl=en
02-05 17:40:50.810  1163  1502 W System.err: 	at com.android.okhttp.internal.huc.HttpURLConnectionImpl.getInputStream(HttpURLConnectionImpl.java:255)
02-05 17:40:50.810  1163  1502 W System.err: 	at com.android.okhttp.internal.huc.DelegatingHttpsURLConnection.getInputStream(DelegatingHttpsURLConnection.java:211)
02-05 17:40:50.810  1163  1502 W System.err: 	at com.android.okhttp.internal.huc.HttpsURLConnectionImpl.getInputStream(HttpsURLConnectionImpl.java:30)
02-05 17:40:50.810  1163  1502 W System.err: 	at com.samsung.android.server.wifi.tcp.SemWifiTransportLayerUtils.getApplicationCategory(SemWifiTransportLayerUtils.java:103)
02-05 17:40:50.810  1163  1502 W System.err: 	at com.samsung.android.server.wifi.tcp.SemWifiTransportLayerMonitor$TcpMonitorHandler.handleMessage(SemWifiTransportLayerMonitor.java:242)
02-05 17:40:50.810  1163  1502 W System.err: 	at android.os.Handler.dispatchMessage(Handler.java:106)
02-05 17:40:50.810  1163  1502 W System.err: 	at android.os.Looper.loop(Looper.java:246)
02-05 17:40:50.810  1163  1502 W System.err: 	at android.os.HandlerThread.run(HandlerThread.java:67)
02-05 17:40:50.811  1163  1502 D SemWifiPackageInfo: isSkipCategory - skip:FAILED
02-05 17:40:50.811  1163  1502 D SemWifiTransportLayerMonitor.TcpMonitorHandler: MSG_SAVE_PACKAGE_INFO
02-05 17:40:50.811  1163  1502 D SemWifiTransportLayerFileManager: saveWifiPackageInfoToFile
02-05 17:40:50.811  1163  1502 D SemWifiTransportLayerFileManager: writeWifiPackageInfoList
02-05 17:40:50.811   697   697 D Zygote  : Forked child process 15709
02-05 17:40:50.816   789   789 I Layer   : id=79552[1] Destroyed Surface(name=dbf3b45 InputMethod)/@0xf70bba8 - animation-leash#0
02-05 17:40:50.819   789   789 D SurfaceFlinger: Display 21442653864348033 HWC layers:
02-05 17:40:50.819   789   789 D SurfaceFlinger:      DEVICE | 0x7428c409c0 | 0002 | RGBA_8888    |    0.0   13.0 1080.0 2400.0 |    0    0 1080 2387 | com.example.dogglers/com.example.dogglers.MainActivity$_15500#0
02-05 17:40:50.819   789   789 D SurfaceFlinger:  SOLID_COLOR |              | 0000 |  Unknown  |    0.0    0.0    0.0    0.0 |    0    0 1080 2400 | Dim Layer for - Task=12726 - animating-dim#0
02-05 17:40:50.819   789   789 D SurfaceFlinger:      DEVICE | 0x74084ff480 | 0002 | RGBA_8888    |    0.0    0.0 1080.0 2030.0 |    0  370 1080 2400 | com.example.dogglers/com.example.dogglers.GridListActivity$_15500#0
02-05 17:40:50.819   789   789 D SurfaceFlinger:      DEVICE | 0x7428c3e6c0 | 0000 | RGBA_8888    |    0.0    0.0 1080.0   88.0 |    0    0 1080   88 | StatusBar$_1680#0
02-05 17:40:50.819   789   789 D SurfaceFlinger:      DEVICE | 0x7428c40600 | 0000 | RGBA_8888    |    0.0    0.0 1080.0  144.0 |    0 2256 1080 2400 | NavigationBar0$_1680#0
02-05 17:40:50.819   789   789 D SurfaceFlinger:      DEVICE | 0x7408191180 | 0000 | RGBA_8888    |    0.0    0.0 1080.0  125.0 |    0    0 1080  125 | ScreenDecorOverlay$_1680#0
02-05 17:40:50.819   789   789 D SurfaceFlinger:      DEVICE | 0x7428c3f480 | 0000 | RGBA_8888    |    0.0    0.0 1080.0  112.0 |    0 2288 1080 2400 | ScreenDecorOverlayBot
02-05 17:40:50.819   789   789 D SurfaceFlinger: tom$_1680#0
02-05 17:40:50.819   789   789 D SurfaceFlinger:
02-05 17:40:50.820 15677 15677 I [SC]CustomIndexablesSearchProvider: secQueryGetFingerprint: 500507000pt_BR
02-05 17:40:50.820 15677 15677 I [SC]DataStoreProvider: onCreate() is called
02-05 17:40:50.822 15709 15709 E .osp.app.signi: Not starting debugger since process cannot load the jdwp agent.
02-05 17:40:50.824 15677 15677 I CapsuleProvider_1.0.21: onCreate
02-05 17:40:50.825 15709 15709 D ActivityThread: setConscryptValidator
02-05 17:40:50.826 15709 15709 D ActivityThread: setConscryptValidator - put
02-05 17:40:50.830 15677 15677 I [SC]SamsungCloudApp: onCreate - start.
02-05 17:40:50.831 15677 15677 I DIAGMON_SDK[605036]: DiagMonAgent type: 2
02-05 17:40:50.841 15677 15677 I DIAGMON_SDK[605036][026-399-529756] : generated SR object
02-05 17:40:50.841 15709 15709 D ApplicationLoaders: Returning zygote-cached class loader: /system/framework/android.test.base.jar
02-05 17:40:50.843 15709 15709 I .osp.app.signi: The ClassLoaderContext is a special shared library.
02-05 17:40:50.846 15709 15709 I .osp.app.signi: The ClassLoaderContext is a special shared library.
02-05 17:40:50.848 15677 15677 I [SC]SamsungCloudApp: time elapsed to initialize ExceptionFilterInitializer: 0
02-05 17:40:50.849 15677 15677 I [SC]SamsungCloudApp: time elapsed to initialize ContextInitializer: 1
02-05 17:40:50.857 15677 15742 I [SC]DeviceUtil: hasSepLiteSignature: false
02-05 17:40:50.862 15677 15757 I [SC]LinkContextProvider: call : LOAD_CONTEXT
02-05 17:40:50.864 15677 15757 I [SC]OneDriveLinkApi: caller : com.samsung.android.scloud - type : AppCreated
02-05 17:40:50.864 15677 15757 I [SC][AUTH]AuthUtil: getAuthData
02-05 17:40:50.865 15677 15766 I [SC]RequestObject: New request object created : 0, null
02-05 17:40:50.868 15677 15741 I [SC]SyncRunnerFactory: createSyncRunner: authority: com.android.calendar
02-05 17:40:50.869 15677 15773 I [SC]EOFNotificationManager: clearPrevDownloadNotification
02-05 17:40:50.869 15677 15773 I [SC]CommonNotiUtil: hide: EOF_DOWNLOADING
02-05 17:40:50.869 15677 15677 I [SC]SamsungCloudApp: time elapsed to initialize OperatorInitializer: 20
02-05 17:40:50.869 15677 15677 I [SC]SamsungCloudApp: time elapsed to initialize BixbyInitializer: 0
02-05 17:40:50.869 15677 15773 I [SC]CommonNotiUtil: hide: EOF_GALLERY_DOWNLOADING
02-05 17:40:50.869 15677 15773 I [SC]CommonNotiUtil: hide: EOF_DRIVE_DOWNLOADING
02-05 17:40:50.869 15677 15773 I [SC]CommonNotiUtil: hide: EOF_CANCEL
02-05 17:40:50.870 15677 15741 I [SC]SyncRunnerFactory: createSyncRunner: authority: com.android.contacts
02-05 17:40:50.874 15677 15784 I [SC][AUTH]SmpUtil: Firebase init
02-05 17:40:50.877 15677 15775 I [SC]PolicyRequesterBroker: requestPolicy
02-05 17:40:50.878 15677 15741 I [SC]SyncRunnerFactory: createSyncRunner: authority: com.samsung.android.samsungpass.scloud
02-05 17:40:50.879 15677 15784 I SmpLog  : [SMP] init. S:true, P:SPP_ONLY_MODE
02-05 17:40:50.879 15677 15741 I [SC]DeviceUtil: hasSepLiteSpec: false
02-05 17:40:50.879 15677 15741 I [SC]SyncRunnerFactory: createSyncRunner: authority: media
02-05 17:40:50.881  1663  2990 D BluetoothSettingsProvider: query
02-05 17:40:50.881  1663  2990 D BluetoothSettingsProvider: Created cursor android.database.sqlite.SQLiteCursor@d0bde68
02-05 17:40:50.885 15677 15741 I [SC]DevicePropertyUtil: isExistProvider()  true
02-05 17:40:50.885 15677 15741 I [SC]DevicePropertyUtil: isExistMeta() true
02-05 17:40:50.886 15677 15741 I [SC]SyncRunnerFactory: btAuthority: com.samsung.android.scloud.deviceproperty
02-05 17:40:50.886 15677 15741 I [SC]SyncRunnerFactory: createSyncRunner: authority: com.samsung.android.scloud.deviceproperty
02-05 17:40:50.887 15677 15741 I [SC]BaseSyncUtil: isSupported: com.android.settings: false
02-05 17:40:50.887 15677 15741 I [SC]SyncSettingOperationHandler: unBindExternalSyncItem. but isBound is false. so not unbind..
02-05 17:40:50.887 15677 15741 I [SC]SyncSettingOperator: handled: REQUEST_UNBIND_EXTERNAL_SYNC_ITEM
02-05 17:40:50.888 15677 15786 I BluetoothAdapter: STATE_ON
02-05 17:40:50.891 15677 15782 I [SC]DeviceObservers: start
02-05 17:40:50.891 15677 15782 I [SC]NetworkConnectionAllowedObserver: add
02-05 17:40:50.893 15677 15779 I [SC]MediaMigration: existCloudFile : false
02-05 17:40:50.894 15709 15709 D NetworkSecurityConfig: No Network Security Config specified, using platform default
02-05 17:40:50.895 15677 15784 I [SC]AllowListBuilder: setDefaultAllowList
02-05 17:40:50.895 15677 15764 I [SC]DeviceControlOperator: handled: REQUEST_REFRESH_APP_ICON
02-05 17:40:50.896 15709 15709 D NetworkSecurityConfig: No Network Security Config specified, using platform default
02-05 17:40:50.898  1163  3939 D PackageManager: setEnabledSetting : userId = 0 packageName = com.samsung.android.scloud cmp = com.samsung.android.scloud.app.ui.drive.view.activity.UploadToDriveActivity newState = 1 callingPackage = 5009/com.samsung.android.scloud
02-05 17:40:50.900 15677 15677 I [SC]SamsungCloudApp: time elapsed to initialize ComponentInitializer: 31
02-05 17:40:50.900 15677 15677 I [SC]SamsungCloudApp: time elapsed to initialize DesignCodeConsumerInitializer: 31
02-05 17:40:50.900 15677 15677 I [SC]SamsungCloudApp: time elapsed to initialize BackupInitializer: 31
02-05 17:40:50.900 15677 15677 I [SC]SamsungCloudApp: time elapsed to initialize DeviceDependentInitializer: 31
02-05 17:40:50.900 15677 15677 I [SC]SamsungCloudApp: time elapsed to initialize AccountDependentInitializer: 31
02-05 17:40:50.901 15677 15677 I [SC]SamsungCloudApp: onCreate: completed.
02-05 17:40:50.902 15677 15803 I DIAGMON_SDK[605036][026-399-529756] : Report AppPerf: application_initializing(9f5ac7ff-f8e7-45db-a586-68b0ccea708a)
02-05 17:40:50.903  4084  4343 E Parcel  : Class not found when unmarshalling: com.sec.android.diagmonagent.dma.aperf.Operation
02-05 17:40:50.903  4084  4343 E Parcel  : java.lang.ClassNotFoundException: com.sec.android.diagmonagent.dma.aperf.Operation
02-05 17:40:50.903  4084  4343 E Parcel  : 	at java.lang.Class.classForName(Native Method)
02-05 17:40:50.903  4084  4343 E Parcel  : 	at java.lang.Class.forName(Class.java:454)
02-05 17:40:50.903  4084  4343 E Parcel  : 	at android.os.Parcel.readParcelableCreator(Parcel.java:3350)
02-05 17:40:50.903  4084  4343 E Parcel  : 	at android.os.Parcel.readParcelable(Parcel.java:3284)
02-05 17:40:50.903  4084  4343 E Parcel  : 	at android.os.Parcel.readValue(Parcel.java:3186)
02-05 17:40:50.903  4084  4343 E Parcel  : 	at android.os.Parcel.readArrayMapInternal(Parcel.java:3579)
02-05 17:40:50.903  4084  4343 E Parcel  : 	at android.os.BaseBundle.initializeFromParcelLocked(BaseBundle.java:292)
02-05 17:40:50.903  4084  4343 E Parcel  : 	at android.os.BaseBundle.unparcel(BaseBundle.java:236)
02-05 17:40:50.903  4084  4343 E Parcel  : 	at android.os.BaseBundle.getString(BaseBundle.java:1196)
02-05 17:40:50.903  4084  4343 E Parcel  : 	at com.sec.android.diagmonagent.dma.DiagmonProvider.call(DiagmonProvider.java:69)
02-05 17:40:50.903  4084  4343 E Parcel  : 	at android.content.ContentProvider.call(ContentProvider.java:2489)
02-05 17:40:50.903  4084  4343 E Parcel  : 	at android.content.ContentProvider$Transport.call(ContentProvider.java:517)
02-05 17:40:50.903  4084  4343 E Parcel  : 	at android.content.ContentProviderNative.onTransact(ContentProviderNative.java:295)
02-05 17:40:50.903  4084  4343 E Parcel  : 	at android.os.Binder.execTransactInternal(Binder.java:1190)
02-05 17:40:50.903  4084  4343 E Parcel  : 	at android.os.Binder.execTransact(Binder.java:1159)
02-05 17:40:50.903  4084  4343 E Parcel  : Caused by: java.lang.ClassNotFoundException: com.sec.android.diagmonagent.dma.aperf.Operation
02-05 17:40:50.903  4084  4343 E Parcel  : 	... 15 more
02-05 17:40:50.904  4084  4343 E DatabaseUtils: Writing exception to parcel
02-05 17:40:50.904  4084  4343 E DatabaseUtils: android.os.BadParcelableException: ClassNotFoundException when unmarshalling: com.sec.android.diagmonagent.dma.aperf.Operation
