02-05 17:40:54.940 15500 15500 I ViewRootImpl@b873889[InstrumentationActivityInvoker$EmptyActivity]: [DP] pdf(0) 1 android.view.ViewRootImpl.lambda$performDraw$1$ViewRootImpl:4668 android.view.-$$Lambda$ViewRootImpl$DJd0VUYJgsebcnSohO6h8zc_ONI.run:6 android.os.Handler.handleCallback:938
02-05 17:40:54.940 15500 15500 I ViewRootImpl@b873889[InstrumentationActivityInvoker$EmptyActivity]: [DP] rdf()
02-05 17:40:54.940   716   957 D gralloc : [mali_gralloc_allocate] begin
02-05 17:40:54.940   716   957 D gralloc : buffer_descriptor: wh(1080 2400) usage_pc(0x40000000000b00 0x40000000000b00) hal_format(0x1) layer_count(1) sizes(0 0 0) strde(0) byte_stride(0) alloc_wh(0 0) internal_format(0x0) alloc_format(0x0) fd_count(1) plane_count(0)
02-05 17:40:54.940 15500 15500 I ViewRootImpl@6354bd5[InstrumentationActivityInvoker$EmptyActivity]: MSG_WINDOW_FOCUS_CHANGED 0 1
02-05 17:40:54.941  1163  1240 W WindowManager: lockNow pending, ignore updating lockscreen timeout
02-05 17:40:54.941   716   957 D gralloc : [mali_gralloc_allocate] allocation successful
02-05 17:40:54.942   789  2265 I Layer   : id=79740 removeFromCurrentState Surface(name=8c655e2 StatusBar)/@0x44a9b07 - animation-leash#0 (200)
02-05 17:40:54.942   789  2265 I Layer   : id=79741 removeFromCurrentState Surface(name=b29f82b NavigationBar0)/@0x8634759 - animation-leash#1 (200)
02-05 17:40:54.943  1163  1240 D PkgPredictorService: pkg:com.example.dogglers activity:androidx.test.core.app.InstrumentationActivityInvoker$EmptyActivity thisTime:57
02-05 17:40:54.943  1163  1240 I SemDvfsHyPerManager: acquire hyper - AMS_RESUME_TAIL/1163@22, type = -999
02-05 17:40:54.943  1163  1240 I SemDvfsHyPerManager: acquire hyper - AMS_ACT_LAZY/1163@23, type = -999
02-05 17:40:54.943  1163  1244 I ActivityTaskManager: Displayed com.example.dogglers/androidx.test.core.app.InstrumentationActivityInvoker$EmptyActivity: +57ms
02-05 17:40:54.943   726   817 I HYPER-HAL: [RequestManager.cpp]acquire(): Acquired ID : 702727  [1163 / 22]    HINT : AMS_RESUME_TAIL    list :
02-05 17:40:54.944   726   817 I HYPER-HAL: [ResourceManager.cpp]updateResource(): [CPUMinFreq] UpdateResource Request ID : 702727    Value : 1844882
02-05 17:40:54.944   726   817 I HYPER-HAL: [RequestManager.cpp]acquire(): Acquired ID : 703914  [1163 / 23]    HINT :      list :
02-05 17:40:54.944   726   817 E HYPER-HAL: [Request.cpp]acquire(): Request:: id : 703914, No Resource to set
02-05 17:40:54.944   726   817 I HYPER-HAL: [ResourceManager.cpp]removeResource(): [CPUMinFreq] RemoveResource Request ID : 700356
02-05 17:40:54.944   726   817 I HYPER-HAL: [RequestManager.cpp]releaseLocked(): Released ID : 700356
02-05 17:40:54.944  2669  2669 E pageboostd: Received HALT command code 2
02-05 17:40:54.945  1163  1240 W WindowManager: lockNow pending, ignore updating lockscreen timeout
02-05 17:40:54.947 15500 15500 I SurfaceControl: nativeRelease nativeObject s[499014753824]
02-05 17:40:54.947 15500 15500 I SurfaceControl: nativeRelease nativeObject e[499014753824]
02-05 17:40:54.947 15500 15500 I SurfaceControl: nativeRelease nativeObject s[499014753632]
02-05 17:40:54.947 15500 15500 I SurfaceControl: nativeRelease nativeObject e[499014753632]
02-05 17:40:54.947 15500 15500 I SurfaceControl: nativeRelease nativeObject s[499014748544]
02-05 17:40:54.947 15500 15500 I SurfaceControl: nativeRelease nativeObject e[499014748544]
02-05 17:40:54.947  1163  1240 W WindowManager: lockNow pending, ignore updating lockscreen timeout
02-05 17:40:54.947   789  1272 I SurfaceFlinger: id=79741 Removed Surface(name=b29f82b NavigationBar0)/@0x8634759 - animation-leash#1 (200)
02-05 17:40:54.947   789  1272 I SurfaceFlinger: id=79740 Removed Surface(name=8c655e2 StatusBar)/@0x44a9b07 - animation-leash#0 (200)
02-05 17:40:54.962 15500 15565 I mali_egl: eglDestroySurface() in
02-05 17:40:54.962   789   789 I Layer   : id=79740[1] Destroyed Surface(name=8c655e2 StatusBar)/@0x44a9b07 - animation-leash#0
02-05 17:40:54.962   789   789 I Layer   : id=79741[1] Destroyed Surface(name=b29f82b NavigationBar0)/@0x8634759 - animation-leash#1
02-05 17:40:54.963  1163  1796 I InputDispatcher: Focus entered window (15500): 63d9e97 in display 0 0
02-05 17:40:54.963 15500 15565 I mali_winsys: delete_surface() [1080x2400] return
02-05 17:40:54.963 15500 15565 I mali_egl: eglDestroySurface() out
02-05 17:40:54.963   789   835 E BufferQueueProducer: [com.example.dogglers/androidx.test.core.app.InstrumentationActivityInvoker$EmptyActivity$_15500#0](id:315000036c1,api:0,p:-1,c:789) disconnect: not connected (req=1)
02-05 17:40:54.964 15500 15565 W libEGL  : EGLNativeWindowType 0x743a8a6010 disconnect failed
02-05 17:40:54.964  1163  1796 V WindowManager: Relayout Window{7eee953 u0 com.example.dogglers/androidx.test.core.app.InstrumentationActivityInvoker$EmptyActivity}: viewVisibility=8 req=1080x2400
02-05 17:40:54.964  1163  1796 W WindowManager: lockNow pending, ignore updating lockscreen timeout
02-05 17:40:54.965  1163  1796 V WindowManager: Relayout hash=7eee953, pid=15500: mAttrs={(0,0)(fillxfill) sim={adjust=pan forwardNavigation} ty=BASE_APPLICATION wanim=0x1030001
02-05 17:40:54.965  1163  1796 V WindowManager:   fl=1810100
02-05 17:40:54.965  1163  1796 V WindowManager:   pfl=12020000
02-05 17:40:54.965  1163  1796 V WindowManager:   fitSides= naviIconColor=0}
02-05 17:40:54.965 15500 15500 I SurfaceControl: nativeRelease nativeObject s[497483548704]
02-05 17:40:54.966 15500 15500 I SurfaceControl: nativeRelease nativeObject e[497483548704]
02-05 17:40:54.966 15500 15500 I SurfaceControl: assignNativeObject: nativeObject = 0 Surface(name=null)/@0xf06b0af / android.view.SurfaceControl.readFromParcel:1117 android.view.IWindowSession$Stub$Proxy.relayout:1810 android.view.ViewRootImpl.relayoutWindow:9005 android.view.ViewRootImpl.performTraversals:3360 android.view.ViewRootImpl.doTraversal:2618 android.view.ViewRootImpl$TraversalRunnable.run:9971 android.view.Choreographer$CallbackRecord.run:1010 android.view.Choreographer.doCallbacks:809 android.view.Choreographer.doFrame:744 android.view.Choreographer$FrameDisplayEventReceiver.run:995
02-05 17:40:54.966 15500 15500 I SurfaceControl: assignNativeObject: nativeObject = 0 Surface(name=null)/@0xd8a5fea / android.view.SurfaceControl.readFromParcel:1117 android.view.IWindowSession$Stub$Proxy.relayout:1820 android.view.ViewRootImpl.relayoutWindow:9005 android.view.ViewRootImpl.performTraversals:3360 android.view.ViewRootImpl.doTraversal:2618 android.view.ViewRootImpl$TraversalRunnable.run:9971 android.view.Choreographer$CallbackRecord.run:1010 android.view.Choreographer.doCallbacks:809 android.view.Choreographer.doFrame:744 android.view.Choreographer$FrameDisplayEventReceiver.run:995
02-05 17:40:54.966 15500 15500 I SurfaceControl: nativeRelease nativeObject s[499014754016]
02-05 17:40:54.966 15500 15500 I SurfaceControl: nativeRelease nativeObject e[499014754016]
02-05 17:40:54.966 15500 15500 I ViewRootImpl@6354bd5[InstrumentationActivityInvoker$EmptyActivity]: Relayout returned: old=(0,0,1080,2400) new=(0,0,1080,2400) req=(1080,2400)8 dur=2 res=0x5 s={false 0} ch=true fn=2
02-05 17:40:54.967   789   789 D SurfaceFlinger: Display 21442653864348033 HWC layers:
02-05 17:40:54.967   789   789 D SurfaceFlinger:      DEVICE | 0x7408190dc0 | 0002 | RGBA_8888    |    0.0    0.0 1080.0 2400.0 |    0    0 1080 2400 | com.example.dogglers/androidx.test.c[...]tivityInvoker$EmptyActivity$_15500#1
02-05 17:40:54.967   789   789 D SurfaceFlinger:      DEVICE | 0x7428c3e6c0 | 0000 | RGBA_8888    |    0.0    0.0 1080.0   88.0 |    0    0 1080   88 | StatusBar$_1680#0
02-05 17:40:54.967   789   789 D SurfaceFlinger:      DEVICE | 0x7428c3ea80 | 0000 | RGBA_8888    |    0.0    0.0 1080.0  144.0 |    0 2256 1080 2400 | NavigationBar0$_1680#0
02-05 17:40:54.967   789   789 D SurfaceFlinger:      DEVICE | 0x7408191180 | 0000 | RGBA_8888    |    0.0    0.0 1080.0  125.0 |    0    0 1080  125 | ScreenDecorOverlay$_1680#0
02-05 17:40:54.967   789   789 D SurfaceFlinger:      DEVICE | 0x7428c3f480 | 0000 | RGBA_8888    |    0.0    0.0 1080.0  112.0 |    0 2288 1080 2400 | ScreenDecorOverlayBottom$_1680#0
02-05 17:40:54.967   789   789 D SurfaceFlinger:
02-05 17:40:54.968  1163  3944 D InputDispatcher: Focused application set to (0): 1dafdd4
02-05 17:40:54.970  1163  3944 W WindowManager: lockNow pending, ignore updating lockscreen timeout
02-05 17:40:54.971 15500 15500 I ViewRootImpl@b873889[InstrumentationActivityInvoker$EmptyActivity]: MSG_WINDOW_FOCUS_CHANGED 1 1
02-05 17:40:54.971 15500 15500 D InputMethodManager: prepareNavigationBarInfo() DecorView@8830242[InstrumentationActivityInvoker$EmptyActivity]
02-05 17:40:54.971 15500 15500 D InputMethodManager: getNavigationBarColor() -16711423
02-05 17:40:54.971 15500 15500 D InputMethodManager: prepareNavigationBarInfo() DecorView@8830242[InstrumentationActivityInvoker$EmptyActivity]
02-05 17:40:54.971 15500 15500 D InputMethodManager: getNavigationBarColor() -16711423
02-05 17:40:54.971 15500 15500 V InputMethodManager: Starting input: tba=com.example.dogglers ic=null mNaviBarColor -16711423 mIsGetNaviBarColorSuccess true , NavVisible : true , NavTrans : false
02-05 17:40:54.971 15500 15500 D InputMethodManager: startInputInner - Id : 0
02-05 17:40:54.972 15500 15500 I InputMethodManager: startInputInner - mService.startInputOrWindowGainedFocus
02-05 17:40:54.972  1163  3938 D InputMethodManagerService: mSecureKeypadEnabled = false
02-05 17:40:54.972  1163  3938 V InputMethodManagerService: hideCurrentInputLocked : shouldHideSoftInput is false
02-05 17:40:54.972  1163  3938 D InputMethodManagerService: DESKTOP MODE! : 2
02-05 17:40:54.972  1163  3938 D InputMethodManagerService: NOT IN KNOX DESKTOP MODE!
02-05 17:40:54.972  1163  3938 V InputMethodManagerService: getDisplayIdOfInputMethodWindowToBeAdded : 0
02-05 17:40:54.972  1163  3938 D InputMethodManagerService: checkDisplayOfStartInputAndUpdateKeyboard display Id 0last 0
02-05 17:40:54.972  1163  3938 D InputTransport: Input channel constructed: 'ClientS', fd=919
02-05 17:40:54.972  1163  3938 D InputTransport: Input channel destroyed: 'ClientS', fd=919
02-05 17:40:54.972 15500 15500 D InputTransport: Input channel constructed: 'ClientS', fd=99
02-05 17:40:54.972 15500 15500 D InputTransport: Input channel destroyed: 'ClientS', fd=90
02-05 17:40:54.973 15500 15500 I ViewRootImpl@6354bd5[InstrumentationActivityInvoker$EmptyActivity]: stopped(true) old=false
02-05 17:40:54.973  1163  1235 I SurfaceControl: nativeRelease nativeObject s[496861208224]
02-05 17:40:54.973  1163  1235 I SurfaceControl: nativeRelease nativeObject e[496861208224]
02-05 17:40:54.973 15500 15500 D LifecycleMonitor: Lifecycle status change: androidx.test.core.app.InstrumentationActivityInvoker$EmptyActivity@889f660 in: STOPPED
02-05 17:40:54.973 15500 15500 D LifecycleMonitor: running callback: androidx.test.core.app.ActivityScenario$1@aa313e8
02-05 17:40:54.973   789   835 I SurfaceFlinger: id=79749 createSurf (0x0),-1 flag=24004, Surface(name=dbf3b45 InputMethod)/@0xf70bba8 - animation-leash#1
02-05 17:40:54.973 15500 15500 V ActivityScenario: Activity lifecycle changed event received but ignored because the intent does not match. startActivityIntent=Intent { act=android.intent.action.MAIN cat=[android.intent.category.LAUNCHER] cmp=com.example.dogglers/.GridListActivity }, activity.getIntent()=Intent { act=android.intent.action.MAIN cat=[android.intent.category.LAUNCHER] flg=0x10000000 cmp=com.example.dogglers/androidx.test.core.app.InstrumentationActivityInvoker$EmptyActivity }, activity=androidx.test.core.app.InstrumentationActivityInvoker$EmptyActivity@889f660
02-05 17:40:54.973 15500 15500 D LifecycleMonitor: callback completes: androidx.test.core.app.ActivityScenario$1@aa313e8
02-05 17:40:54.974 15500 15500 D LifecycleMonitor: Lifecycle status change: androidx.test.core.app.InstrumentationActivityInvoker$EmptyActivity@889f660 in: DESTROYED
02-05 17:40:54.974 15500 15500 D LifecycleMonitor: running callback: androidx.test.core.app.ActivityScenario$1@aa313e8
02-05 17:40:54.974 15500 15500 V ActivityScenario: Activity lifecycle changed event received but ignored because the intent does not match. startActivityIntent=Intent { act=android.intent.action.MAIN cat=[android.intent.category.LAUNCHER] cmp=com.example.dogglers/.GridListActivity }, activity.getIntent()=Intent { act=android.intent.action.MAIN cat=[android.intent.category.LAUNCHER] flg=0x10000000 cmp=com.example.dogglers/androidx.test.core.app.InstrumentationActivityInvoker$EmptyActivity }, activity=androidx.test.core.app.InstrumentationActivityInvoker$EmptyActivity@889f660
02-05 17:40:54.974 15500 15500 D LifecycleMonitor: callback completes: androidx.test.core.app.ActivityScenario$1@aa313e8
02-05 17:40:54.974  3640  3640 I GoogleInputMethodService: GoogleInputMethodService.onFinishInput():3316
02-05 17:40:54.975 15500 15500 I ViewRootImpl@6354bd5[InstrumentationActivityInvoker$EmptyActivity]: dispatchDetachedFromWindow
02-05 17:40:54.975  1163  3938 D InputTransport: Input channel destroyed: '7eee953', fd=857
02-05 17:40:54.975  1163  3938 I SurfaceControl: nativeRelease nativeObject s[499038066656]
02-05 17:40:54.975  1163  3938 I SurfaceControl: nativeRelease nativeObject e[499038066656]
02-05 17:40:54.975  1163  3938 D WindowManager: isScreenshotDisabledLocked - win: Window{7eee953 u0 com.example.dogglers/androidx.test.core.app.InstrumentationActivityInvoker$EmptyActivity}
02-05 17:40:54.975  1163  3938 D WindowManager: isScreenshotDisabledLocked: userId = 0, disabled =false
02-05 17:40:54.975  1163  3938 I SurfaceControl: nativeRelease nativeObject s[496867020320]
02-05 17:40:54.975  1163  3938 I SurfaceControl: nativeRelease nativeObject e[496867020320]
02-05 17:40:54.975  3640  3640 I GoogleInputMethodService: GoogleInputMethodService.updateDeviceLockedStatus():2181 checkRepeatedly = false, unlocked = true
02-05 17:40:54.975   789   835 I Layer   : id=79739 removeFromCurrentState com.example.dogglers/androidx.test.core.app.InstrumentationActivityInvoker$EmptyActivity$_15500#0 (199)
02-05 17:40:54.975  3640  3640 D InputMethodService: checkDisplayOfStartInputAndUpdateKeyboard display Id 0last 0
02-05 17:40:54.975  3640  3640 I GoogleInputMethodService: GoogleInputMethodService.onStartInput():1989
02-05 17:40:54.976  3640  3640 I GoogleInputMethodService: GoogleInputMethodService.updateDeviceLockedStatus():2181 checkRepeatedly = true, unlocked = true
02-05 17:40:54.976  1163  3938 W WindowManager: lockNow pending, ignore updating lockscreen timeout
02-05 17:40:54.976   789  2265 I Layer   : id=79744 removeFromCurrentState Surface(name=dbf3b45 InputMethod)/@0xf70bba8 - animation-leash#0 (199)
02-05 17:40:54.976   789  2265 I Layer   : id=79738 removeFromCurrentState 7eee953 com.example.dogglers/androidx.test.core.app.InstrumentationActivityInvoker$EmptyActivity#0 (199)
02-05 17:40:54.977 15500 15500 D InputTransport: Input channel destroyed: '7eee953', fd=98
02-05 17:40:54.977  1163  1235 I SurfaceControl: nativeRelease nativeObject s[496867020224]
02-05 17:40:54.977  1163  1235 I SurfaceControl: nativeRelease nativeObject e[496867020224]
02-05 17:40:54.977   789   834 I SurfaceFlinger: id=79739 Removed com.example.dogglers/androidx.test.core.app.InstrumentationActivityInvoker$EmptyActivity$_15500#0 (199)
02-05 17:40:54.978   789   835 I SurfaceFlinger: id=79738 Removed 7eee953 com.example.dogglers/androidx.test.core.app.InstrumentationActivityInvoker$EmptyActivity#0 (199)
02-05 17:40:54.979   789   789 I Layer   : id=79738[1] Destroyed 7eee953 com.example.dogglers/androidx.test.core.app.InstrumentationActivityInvoker$EmptyActivity#0
02-05 17:40:54.979   789   789 I Layer   : id=79739[1] Destroyed com.example.dogglers/androidx.test.core.app.InstrumentationActivityInvoker$EmptyActivity$_15500#0
02-05 17:40:54.979  1163  3944 I InputDispatcher: Focus left window (15500): 63d9e97 in display 0 0
02-05 17:40:54.981  1163  1395 D MotionRecognitionService:   onReceive : ACTION_BATTERY_CHANGED, Plugged: 1
02-05 17:40:54.981  1163  1395 I MotionRecognitionService: [TA] In/out: true, curr state: 1
02-05 17:40:54.982  1163  1163 D PhoneWindowManagerExt: ACTION_BATTERY_CHANGED - Level=40, status=2
02-05 17:40:54.982  1163  1163 D SemWifiApBroadcastReceiver: Received : android.intent.action.BATTERY_CHANGED
02-05 17:40:54.983 15500 15500 D LifecycleMonitor: Lifecycle status change: androidx.test.core.app.InstrumentationActivityInvoker$EmptyActivity@f66ed24 in: PAUSED
02-05 17:40:54.983 15500 15500 D LifecycleMonitor: running callback: androidx.test.core.app.ActivityScenario$1@aa313e8
02-05 17:40:54.983 15500 15500 V ActivityScenario: Activity lifecycle changed event received but ignored because the intent does not match. startActivityIntent=Intent { act=android.intent.action.MAIN cat=[android.intent.category.LAUNCHER] cmp=com.example.dogglers/.GridListActivity }, activity.getIntent()=Intent { act=android.intent.action.MAIN cat=[android.intent.category.LAUNCHER] flg=0x10000000 cmp=com.example.dogglers/androidx.test.core.app.InstrumentationActivityInvoker$EmptyActivity }, activity=androidx.test.core.app.InstrumentationActivityInvoker$EmptyActivity@f66ed24
02-05 17:40:54.983 15500 15500 D LifecycleMonitor: callback completes: androidx.test.core.app.ActivityScenario$1@aa313e8
02-05 17:40:54.983   789   835 I Layer   : id=79733 removeFromCurrentState ActivityRecord{9ff0fc7 u0 com.example.dogglers/androidx.test.core.app.InstrumentationActivityInvoker$EmptyActivity t12730}#0 (197)
02-05 17:40:54.983  1647  1647 D SemBigDataInfoController: Intent : android.intent.action.BATTERY_CHANGED
02-05 17:40:54.983  1647  1647 D SemBigDataInfoController: Intent : android.intent.action.BATTERY_CHANGED
02-05 17:40:54.984  1680  1680 D PowerUI : priorPlugType = 1 mPlugType = 1 priorBatteryStatus = 2 mBatteryStatus = 2
02-05 17:40:54.985  1163  1235 I SemDvfsHyPerManager: acquire hyper - AMS_APP_HOME/1163@35, type = -999
02-05 17:40:54.985   726   817 I HYPER-HAL: [RequestManager.cpp]acquire(): Acquired ID : 718236  [1163 / 35]    HINT : AMS_APP_HOME    list :
02-05 17:40:54.985  1680  1680 D PowerUI.Notification: showChargingNotice oldChargingType : 2 currentChargingType : 2 oldChargingTime : 3601000 mChargingTime : 3601000
02-05 17:40:54.985  1680  1680 D PowerUI.Notification: There is no change about charging status, so return!
02-05 17:40:54.985  1680  1680 D PowerUI : Battery swelling mode - priorBatterySwellingMode = 0 mBatterySwellingMode = 0 mBatteryStatus = 2
02-05 17:40:54.985  1680  1680 I PowerUI : mBatteryMiscEvent = 65536
02-05 17:40:54.985   726   817 I HYPER-HAL: [ResourceManager.cpp]updateResource(): [CPUMinFreq] UpdateResource Request ID : 718236    Value : 2623359
02-05 17:40:54.985  1680  1680 D KeyguardUpdateMonitor: received broadcast android.intent.action.BATTERY_CHANGED
02-05 17:40:54.986  1680  1680 I AODBatteryManager: updateBatteryData: ACTION_BATTERY_CHANGED
02-05 17:40:54.986 15677 15677 I [SC]BatteryMonitorReceiverImpl: onReceive: android.intent.action.BATTERY_CHANGED
02-05 17:40:54.986  1163  1235 V WindowOrientationListener: getProposedRotation: 0
02-05 17:40:54.986  1680  1680 I AODBatteryManager: saveBatteryData : AOD BatteryData [mBatteryLevel=40, mBatteryStatus=CHARGING, mBatteryPlugType=AC, mBatteryPlugged=true, mRemainingChargeTime=3601000, mBatteryChargingType=2, mBatteryChargerType=FAST, mBatteryOnline=NOT_DEFINED, mBatterySwellingMode=NONE]
02-05 17:40:54.986  1680  1680 D KeyguardUpdateMonitor: handleBatteryUpdate
02-05 17:40:54.989  1163  1235 W WindowManager: lockNow pending, ignore updating lockscreen timeout
02-05 17:40:54.990  1163  3938 D SamsungIMMSHWKeyboard: isConnectedDexOnPC false
02-05 17:40:54.990 15500 15500 I SurfaceControl: nativeRelease nativeObject s[497483549280]
02-05 17:40:54.990 15500 15500 I SurfaceControl: nativeRelease nativeObject e[497483549280]
02-05 17:40:54.990 15500 15500 I SurfaceControl: nativeRelease nativeObject s[497483548800]
02-05 17:40:54.990 15500 15500 I SurfaceControl: nativeRelease nativeObject e[497483548800]
02-05 17:40:54.990  1163  3938 D InputMethodManagerService: isImeSwitcherDisabledPackage : false
02-05 17:40:54.990 15500 15500 I ViewRootImpl@b873889[InstrumentationActivityInvoker$EmptyActivity]: MSG_WINDOW_FOCUS_CHANGED 0 1
02-05 17:40:54.991 15500 15559 E TestRunner: failed: recycler_view_item_count(com.example.dogglers.GridListTests)
02-05 17:40:54.991 15500 15559 E TestRunner: ----- begin exception -----
02-05 17:40:54.991  4183  4183 I SemDvfsHyPerManager: acquire hyper - com.sec.android.sdhms/4183@9, type = -999
02-05 17:40:54.992   789   835 I SurfaceFlinger: id=79733 Removed ActivityRecord{9ff0fc7 u0 com.example.dogglers/androidx.test.core.app.InstrumentationActivityInvoker$EmptyActivity t12730}#0 (197)
02-05 17:40:54.992   726   817 I HYPER-HAL: [RequestManager.cpp]acquire(): Acquired ID : 8788537  [4183 / 9]    HINT : APP_START    list :
02-05 17:40:54.992 15500 15559 E TestRunner: androidx.test.espresso.base.DefaultFailureHandler$AssertionFailedWithCauseError: RecyclerView item count
02-05 17:40:54.992 15500 15559 E TestRunner: Expected: <6>
02-05 17:40:54.992 15500 15559 E TestRunner:      Got: <0>
02-05 17:40:54.992 15500 15559 E TestRunner:
02-05 17:40:54.992 15500 15559 E TestRunner: 	at dalvik.system.VMStack.getThreadStackTrace(Native Method)
02-05 17:40:54.992 15500 15559 E TestRunner: 	at java.lang.Thread.getStackTrace(Thread.java:1736)
02-05 17:40:54.992 15500 15559 E TestRunner: 	at androidx.test.espresso.base.DefaultFailureHandler.getUserFriendlyError(DefaultFailureHandler.java:16)
02-05 17:40:54.992 15500 15559 E TestRunner: 	at androidx.test.espresso.base.DefaultFailureHandler.handle(DefaultFailureHandler.java:36)
02-05 17:40:54.992 15500 15559 E TestRunner: 	at androidx.test.espresso.ViewInteraction.waitForAndHandleInteractionResults(ViewInteraction.java:103)
02-05 17:40:54.992 15500 15559 E TestRunner: 	at androidx.test.espresso.ViewInteraction.check(ViewInteraction.java:31)
02-05 17:40:54.992 15500 15559 E TestRunner: 	at com.example.dogglers.GridListTests.recycler_view_item_count(GridListTests.kt:66)
02-05 17:40:54.992 15500 15559 E TestRunner: 	at java.lang.reflect.Method.invoke(Native Method)
02-05 17:40:54.992 15500 15559 E TestRunner: 	at org.junit.runners.model.FrameworkMethod$1.runReflectiveCall(FrameworkMethod.java:50)
02-05 17:40:54.992 15500 15559 E TestRunner: 	at org.junit.internal.runners.model.ReflectiveCallable.run(ReflectiveCallable.java:12)
02-05 17:40:54.992 15500 15559 E TestRunner: 	at org.junit.runners.model.FrameworkMethod.invokeExplosively(FrameworkMethod.java:47)
02-05 17:40:54.992 15500 15559 E TestRunner: 	at org.junit.internal.runners.statements.InvokeMethod.evaluate(InvokeMethod.java:17)
02-05 17:40:54.992 15500 15559 E TestRunner: 	at org.junit.rules.ExternalResource$1.evaluate(ExternalResource.java:48)
02-05 17:40:54.992 15500 15559 E TestRunner: 	at org.junit.rules.RunRules.evaluate(RunRules.java:20)
02-05 17:40:54.992 15500 15559 E TestRunner: 	at org.junit.runners.ParentRunner.runLeaf(ParentRunner.java:325)
02-05 17:40:54.992 15500 15559 E TestRunner: 	at org.junit.runners.BlockJUnit4ClassRunner.runChild(BlockJUnit4ClassRunner.java:78)
02-05 17:40:54.992 15500 15559 E TestRunner: 	at org.junit.runners.BlockJUnit4ClassRunner.runChild(BlockJUnit4ClassRunner.java:57)
02-05 17:40:54.992 15500 15559 E TestRunner: 	at org.junit.runners.ParentRunner$3.run(ParentRunner.java:290)
02-05 17:40:54.992 15500 15559 E TestRunner: 	at org.junit.runners.ParentRunner$1.schedule(ParentRunner.java:71)
02-05 17:40:54.992 15500 15559 E TestRunner: 	at org.junit.runners.ParentRunner.runChildren(ParentRunner.java:288)
02-05 17:40:54.992 15500 15559 E TestRunner: 	at org.junit.runners.ParentRunner.access$000(ParentRunner.java:58)
02-05 17:40:54.992 15500 15559 E TestRunner: 	at org.junit.runners.ParentRunner$2.evaluate(ParentRunner.java:268)
02-05 17:40:54.992 15500 15559 E TestRunner: 	at org.junit.runners.ParentRunner.run(ParentRunner.java:363)
02-05 17:40:54.992 15500 15559 E TestRunner: 	at androidx.test.ext.junit.runners.AndroidJUnit4.run(AndroidJUnit4.java:154)
02-05 17:40:54.992 15500 15559 E TestRunner: 	at org.junit.runners.Suite.runChild(Suite.java:128)
02-05 17:40:54.992 15500 15559 E TestRunner: 	at org.junit.runners.Suite.runChild(Suite.java:27)
02-05 17:40:54.992 15500 15559 E TestRunner: 	at org.junit.runners.ParentRunner$3.run(ParentRunner.java:290)
02-05 17:40:54.992 15500 15559 E TestRunner: 	at org.junit.runners.ParentRunner$1.schedule(ParentRunner.java:71)
02-05 17:40:54.992 15500 15559 E TestRunner: 	at org.junit.runners.ParentRunner.runChildren(ParentRunner.java:288)
02-05 17:40:54.992 15500 15559 E TestRunner: 	at org.junit.runners.ParentRunner.access$000(ParentRunner.java:58)
02-05 17:40:54.992 15500 15559 E TestRunner: 	at org.junit.runners.ParentRunner$2.evaluate(ParentRunner.java:268)
02-05 17:40:54.992 15500 15559 E TestRunner: 	at org.junit.runners.ParentRunner.run(ParentRunner.java:363)
02-05 17:40:54.992 15500 15559 E TestRunner: 	at org.junit.runner.JUnitCore.run(JUnitCore.java:137)
02-05 17:40:54.992 15500 15559 E TestRunner: 	at org.junit.runner.JUnitCore.run(JUnitCore.java:115)
02-05 17:40:54.992 15500 15559 E TestRunner: 	at androidx.test.internal.runner.TestExecutor.execute(TestExecutor.java:56)
02-05 17:40:54.992 15500 15559 E TestRunner: 	at androidx.test.runner.AndroidJUnitRunner.onStart(AndroidJUnitRunner.java:395)
02-05 17:40:54.992 15500 15559 E TestRunner: 	at android.app.Instrumentation$InstrumentationThread.run(Instrumentation.java:2218)
02-05 17:40:54.992 15500 15559 E TestRunner: Caused by: junit.framework.AssertionFailedError: RecyclerView item count
02-05 17:40:54.992 15500 15559 E TestRunner: Expected: <6>
02-05 17:40:54.992 15500 15559 E TestRunner:      Got: <0>
02-05 17:40:54.992 15500 15559 E TestRunner:
02-05 17:40:54.992 15500 15559 E TestRunner: 	at androidx.test.espresso.matcher.ViewMatchers.assertThat(ViewMatchers.java:17)
02-05 17:40:54.992 15500 15559 E TestRunner: 	at com.example.dogglers.BaseTest$DrawableMatcher$RecyclerViewAssertion.check(BaseTest.kt:163)
02-05 17:40:54.992 15500 15559 E TestRunner: 	at androidx.test.espresso.ViewInteraction$SingleExecutionViewAssertion.check(ViewInteraction.java:10)
02-05 17:40:54.992 15500 15559 E TestRunner: 	at androidx.test.espresso.ViewInteraction$2.call(ViewInteraction.java:11)
02-05 17:40:54.992 15500 15559 E TestRunner: 	at androidx.test.espresso.ViewInteraction$2.call(ViewInteraction.java:2)
02-05 17:40:54.992 15500 15559 E TestRunner: 	at java.util.concurrent.FutureTask.run(FutureTask.java:266)
02-05 17:40:54.992 15500 15559 E TestRunner: 	at android.os.Handler.handleCallback(Handler.java:938)
02-05 17:40:54.992 15500 15559 E TestRunner: 	at android.os.Handler.dispatchMessage(Handler.java:99)
02-05 17:40:54.992 15500 15559 E TestRunner: 	at android.os.Looper.loop(Looper.java:246)
02-05 17:40:54.992 15500 15559 E TestRunner: 	at android.app.ActivityThread.main(ActivityThread.java:8633)
02-05 17:40:54.992 15500 15559 E TestRunner: 	at java.lang.reflect.Method.invoke(Native Method)
02-05 17:40:54.992 15500 15559 E TestRunner: 	at com.android.internal.os.RuntimeInit$MethodAndArgsCaller.run(RuntimeInit.java:602)
02-05 17:40:54.992 15500 15559 E TestRunner: 	at com.android.internal.os.ZygoteInit.main(ZygoteInit.java:1130)
02-05 17:40:54.992 15500 15559 E TestRunner: ----- end exception -----
02-05 17:40:54.992   726   817 I HYPER-HAL: [ResourceManager.cpp]updateResource(): [CPUMaxFreq] UpdateResource Request ID : 8788537    Value : 2730000
02-05 17:40:54.993 15500 15559 I TestRunner: finished: recycler_view_item_count(com.example.dogglers.GridListTests)
