02-05 17:41:02.063 15500 15559 I TestRunner: started: recycler_view_item_count(com.example.dogglers.VerticalListTests)
02-05 17:41:02.064   789  2265 I Layer   : id=80028 removeFromCurrentState ActivityRecord{2af1462 u0 com.example.dogglers/.HorizontalListActivity t12738}#0 (204)
02-05 17:41:02.064   789  2265 I Layer   : id=80021 removeFromCurrentState ActivityRecord{2e496bb u0 com.example.dogglers/androidx.test.core.app.InstrumentationActivityInvoker$BootstrapActivity t12738}#0 (204)
02-05 17:41:02.064   789  2265 I Layer   : id=80020 removeFromCurrentState Task=12738#0 (204)
02-05 17:41:02.066   789  1273 I SurfaceFlinger: id=80028 Removed ActivityRecord{2af1462 u0 com.example.dogglers/.HorizontalListActivity t12738}#0 (204)
02-05 17:41:02.066   789  1272 I SurfaceFlinger: id=80021 Removed ActivityRecord{2e496bb u0 com.example.dogglers/androidx.test.core.app.InstrumentationActivityInvoker$BootstrapActivity t12738}#0 (204)
02-05 17:41:02.066   789  1272 I SurfaceFlinger: id=80020 Removed Task=12738#0 (204)
02-05 17:41:02.067 15500 15559 W Settings: Setting always_finish_activities has moved from android.provider.Settings.System to android.provider.Settings.Global, returning read-only value.
02-05 17:41:02.069   789   789 I Layer   : id=80020[1] Destroyed Task=12738#0
02-05 17:41:02.069   789   789 I Layer   : id=80021[1] Destroyed ActivityRecord{2e496bb u0 com.example.dogglers/androidx.test.core.app.InstrumentationActivityInvoker$BootstrapActivity t12738}#0
02-05 17:41:02.069   789   789 I Layer   : id=80028[1] Destroyed ActivityRecord{2af1462 u0 com.example.dogglers/.HorizontalListActivity t12738}#0
02-05 17:41:02.070   789   789 I Layer   : id=80029[1] Destroyed d13ec47 com.example.dogglers/com.example.dogglers.HorizontalListActivity#0
02-05 17:41:02.070   789   789 I Layer   : id=80030[1] Destroyed com.example.dogglers/com.example.dogglers.HorizontalListActivity$_15500#0
02-05 17:41:02.070   789   789 I Layer   : id=80035[1] Destroyed ActivityRecord{7d9c8ed u0 com.example.dogglers/androidx.test.core.app.InstrumentationActivityInvoker$EmptyActivity t12738}#0
02-05 17:41:02.071  1163  2602 I SemDvfsHyPerManager: acquire hyper - AMS_APP_SWITCH/1163@24, type = -999
02-05 17:41:02.071   726   817 I HYPER-HAL: [RequestManager.cpp]acquire(): Acquired ID : 705102  [1163 / 24]    HINT : AMS_APP_SWITCH    list :
02-05 17:41:02.071   789  1272 I SurfaceFlinger: id=80057 createSurf (0x0),-1 flag=24004, Task=12739#0
02-05 17:41:02.071   726   817 I HYPER-HAL: [ResourceManager.cpp]updateResource(): [CPUMinFreq] UpdateResource Request ID : 705102    Value : 2623359
02-05 17:41:02.072  4183  4183 I SemDvfsHyPerManager: acquire hyper - com.sec.android.sdhms/4183@9, type = -999
02-05 17:41:02.073   726   817 I HYPER-HAL: [RequestManager.cpp]acquire(): Acquired ID : 8788537  [4183 / 9]    HINT : APP_START    list :
02-05 17:41:02.073   726   817 I HYPER-HAL: [ResourceManager.cpp]updateResource(): [CPUMaxFreq] UpdateResource Request ID : 8788537    Value : 2730000
02-05 17:41:02.073   789  1272 I SurfaceFlinger: id=80058 createSurf (0x0),-1 flag=80004, ActivityRecord{25a942 u0 com.example.dogglers/androidx.test.core.app.InstrumentationActivityInvoker$BootstrapActivity t12739}#0
02-05 17:41:02.074  1163  2104 V WindowOrientationListener: getProposedRotation: 0
02-05 17:41:02.076  1163  2104 W WindowManager: lockNow pending, ignore updating lockscreen timeout
02-05 17:41:02.076  1163  2104 I SemDvfsHyPerManager: acquire hyper - AMS_APP_LAUNCH/1163@21, type = -999
02-05 17:41:02.077   726   817 I HYPER-HAL: [RequestManager.cpp]acquire(): Acquired ID : 701541  [1163 / 21]    HINT : AMS_APP_LAUNCH    list :
02-05 17:41:02.077   726   817 I HYPER-HAL: [ResourceManager.cpp]updateResource(): [CPUMinFreq] UpdateResource Request ID : 701541    Value : 2623359
02-05 17:41:02.077  2003  2003 I DragController: endDrag
02-05 17:41:02.077  2003  2003 W PageOverlayMover: updateActivityLifecycleState : 3
02-05 17:41:02.077  5089 28744 I PageOverlayServiceImpl: [FROM HOME] updateActivityLifecycleState : 3
02-05 17:41:02.078  2003  2003 I SPayUpdater: updateSpayHandler launcher activity is paused false
02-05 17:41:02.114  2669 16463 E pageboostd: mem prepare done : 96468992 bytes
02-05 17:41:02.115  2669 16461 E pageboostd: prefetch start : app comgoogleandroidcalculator
02-05 17:41:02.116  2669 16461 E pageboostd: comgoogleandroidcalculator, amt 1200128 scnt 5 fcnt 11
02-05 17:41:02.116  2669 16461 E pageboostd: prefetch end : app comgoogleandroidcalculator data_amount 1200128
02-05 17:41:02.116  1163  2104 V WindowOrientationListener: getProposedRotation: 0
02-05 17:41:02.116  2669 16462 E pageboostd: prefetch start : app brcomunimedsantosuniapp
02-05 17:41:02.116  1163  2104 V WindowOrientationListener: getProposedRotation: 0
02-05 17:41:02.117  2669 16462 E pageboostd: brcomunimedsantosuniapp, amt 4386816 scnt 10 fcnt 0
02-05 17:41:02.117  2669 16462 E pageboostd: prefetch end : app brcomunimedsantosuniapp data_amount 4386816
02-05 17:41:02.117  1163  2104 V WindowOrientationListener: getProposedRotation: 0
02-05 17:41:02.119  1163  2104 D InputDispatcher: Focused application set to (0): 25a942
02-05 17:41:02.123  1163  2104 W WindowManager: lockNow pending, ignore updating lockscreen timeout
02-05 17:41:02.125  1163  1793 V WindowManager: Relayout Window{6030dc2 u0 com.sec.android.app.launcher/com.sec.android.app.launcher.activities.LauncherActivity}: viewVisibility=0 req=1080x2400
02-05 17:41:02.125  1163  1259 D FastTrack: setFastTrackState: pid = 15500 ;tid= 15500 ;value= 1
02-05 17:41:02.125  1163  1259 D FastTrack: setFastTrackState: pid = 15500 ;tid= 15565 ;value= 1
02-05 17:41:02.125  1163  1793 W WindowManager: lockNow pending, ignore updating lockscreen timeout
02-05 17:41:02.127  1163  1240 D InputTransport: Input channel constructed: '95352a6', fd=857
02-05 17:41:02.127  1163  1240 D InputTransport: Input channel constructed: '95352a6', fd=860
02-05 17:41:02.127  1163  1793 V WindowManager: Relayout hash=6030dc2, pid=2003: mAttrs={(0,0)(fillxfill) sim={adjust=nothing} layoutInDisplayCutoutMode=shortEdges ty=BASE_APPLICATION fmt=TRANSPARENT wanim=0x10302f2
02-05 17:41:02.127  1163  1793 V WindowManager:   fl=81910100
02-05 17:41:02.127  1163  1793 V WindowManager:   pfl=16020000
02-05 17:41:02.127  1163  1793 V WindowManager:   vsysui=1700
02-05 17:41:02.127  1163  1793 V WindowManager:   apr=LIGHT_STATUS_BARS
02-05 17:41:02.127  1163  1793 V WindowManager:   bhv=SHOW_TRANSIENT_BARS_BY_SWIPE
02-05 17:41:02.127  1163  1793 V WindowManager:   fitSides= dimAmount=0.125 dimDuration=200 naviIconColor=0}
02-05 17:41:02.127  1163  1793 I SurfaceControl: nativeRelease nativeObject s[499183877504]
02-05 17:41:02.127  1163  1793 I SurfaceControl: nativeRelease nativeObject e[499183877504]
02-05 17:41:02.127   789  1273 I SurfaceFlinger: id=80059 createSurf (0x0),-1 flag=80004, 95352a6 Splash Screen com.example.dogglers#0
02-05 17:41:02.127  2003  2003 I SurfaceControl: nativeRelease nativeObject s[499183204640]
02-05 17:41:02.127  2003  2003 I SurfaceControl: nativeRelease nativeObject e[499183204640]
02-05 17:41:02.127  2003  2003 I SurfaceControl: assignNativeObject: nativeObject = 0 Surface(name=null)/@0x37cdda1 / android.view.SurfaceControl.readFromParcel:1117 android.view.IWindowSession$Stub$Proxy.relayout:1820 android.view.ViewRootImpl.relayoutWindow:9005 android.view.ViewRootImpl.performTraversals:3360 android.view.ViewRootImpl.doTraversal:2618 android.view.ViewRootImpl$TraversalRunnable.run:9971 android.view.Choreographer$CallbackRecord.run:1010 android.view.Choreographer.doCallbacks:809 android.view.Choreographer.doFrame:744 android.view.Choreographer$FrameDisplayEventReceiver.run:995
02-05 17:41:02.128  2003  2003 I SurfaceControl: nativeRelease nativeObject s[499183207712]
02-05 17:41:02.128  2003  2003 I SurfaceControl: nativeRelease nativeObject e[499183207712]
02-05 17:41:02.128  2003  2003 I SurfaceControl: nativeRelease nativeObject s[499183207616]
02-05 17:41:02.128  2003  2003 I SurfaceControl: nativeRelease nativeObject e[499183207616]
02-05 17:41:02.128  2003  2003 I SurfaceControl: nativeRelease nativeObject s[499183207520]
02-05 17:41:02.128  2003  2003 I SurfaceControl: nativeRelease nativeObject e[499183207520]
02-05 17:41:02.128  2003  2003 I ViewRootImpl@e2e8b8d[LauncherActivity]: Relayout returned: old=(0,0,1080,2400) new=(0,0,1080,2400) req=(1080,2400)0 dur=3 res=0x1 s={true 497483223040} ch=false fn=45
02-05 17:41:02.128 15500 15500 D LifecycleMonitor: Lifecycle status change: androidx.test.core.app.InstrumentationActivityInvoker$BootstrapActivity@cac2a0 in: PRE_ON_CREATE
02-05 17:41:02.128 15500 15500 D LifecycleMonitor: running callback: androidx.test.core.app.ActivityScenario$1@561ce59
02-05 17:41:02.128 15500 15500 V ActivityScenario: Activity lifecycle changed event received but ignored because the intent does not match. startActivityIntent=Intent { act=android.intent.action.MAIN cat=[android.intent.category.LAUNCHER] cmp=com.example.dogglers/.VerticalListActivity }, activity.getIntent()=Intent { act=android.intent.action.MAIN cat=[android.intent.category.LAUNCHER] flg=0x10008000 cmp=com.example.dogglers/androidx.test.core.app.InstrumentationActivityInvoker$BootstrapActivity (has extras) }, activity=androidx.test.core.app.InstrumentationActivityInvoker$BootstrapActivity@cac2a0
02-05 17:41:02.128 15500 15500 D LifecycleMonitor: callback completes: androidx.test.core.app.ActivityScenario$1@561ce59
02-05 17:41:02.129  1163  1240 I ViewRootImpl@52ba401[dogglers]: setView = com.android.internal.policy.DecorView@fccd894 TM=true
02-05 17:41:02.131  1163  1511 D PkgPredictorService: com.example.dogglers go to foreground!
02-05 17:41:02.131  1163  1511 E PkgPredictorService-Collector: record changed bt=1  wifi=1 screen=0
02-05 17:41:02.131  1163  1237 D SehCodecSolutionService: Update top [com.example.dogglers]
02-05 17:41:02.131  1163  1511 D PkgPredictorService: previous pkgs: com.example.dogglers,com.example.dogglers,com.example.dogglers running pkg: com.example.dogglers, uid: 0 is system: false
02-05 17:41:02.131  1163  1511 D PkgPredictorService-Collector: save record...
02-05 17:41:02.131  1163  1511 D PkgPredictorService-Collector:  (hour:17 day:7 previous:[com.example.dogglers, com.example.dogglers, com.example.dogglers] activityName:unknown running:com.example.dogglers userId:0 screenOrientation:0 wifi:1 bt:1 predictTime:0 apkVersion:1.0 consumeTime:-1 preloaded:false>)
02-05 17:41:02.131  1163  1511 D PkgPredictorService-NapPreloadController: User using: com.example.dogglers
02-05 17:41:02.131  1163  1511 I PkgPredictorService-NapClassifier: RF predict version:1644037200287
02-05 17:41:02.132  1163  1511 D PkgPredictorService-NapClassifier: Predict result: 22.0,-1.0,-1.0,-1.0,-1.0,-1.0,-1.0,-1.0,-1.0, - [0_&_com.laurencedawson.reddit_sync.pro]
02-05 17:41:02.133 15500 15500 I DecorView: [INFO] isPopOver=false, config=true
02-05 17:41:02.133 15500 15500 I DecorView: updateCaptionType >> DecorView@56d42ff[], isFloating=false, isApplication=true, hasWindowDecorCaption=false, hasWindowControllerCallback=true
02-05 17:41:02.133 15500 15500 D DecorView: setCaptionType = 0, this = DecorView@56d42ff[]
02-05 17:41:02.134 15500 15500 D LifecycleMonitor: Lifecycle status change: androidx.test.core.app.InstrumentationActivityInvoker$BootstrapActivity@cac2a0 in: CREATED
02-05 17:41:02.134 15500 15500 D LifecycleMonitor: running callback: androidx.test.core.app.ActivityScenario$1@561ce59
02-05 17:41:02.134 15500 15500 V ActivityScenario: Activity lifecycle changed event received but ignored because the intent does not match. startActivityIntent=Intent { act=android.intent.action.MAIN cat=[android.intent.category.LAUNCHER] cmp=com.example.dogglers/.VerticalListActivity }, activity.getIntent()=Intent { act=android.intent.action.MAIN cat=[android.intent.category.LAUNCHER] flg=0x10008000 cmp=com.example.dogglers/androidx.test.core.app.InstrumentationActivityInvoker$BootstrapActivity (has extras) }, activity=androidx.test.core.app.InstrumentationActivityInvoker$BootstrapActivity@cac2a0
02-05 17:41:02.134 15500 15500 D LifecycleMonitor: callback completes: androidx.test.core.app.ActivityScenario$1@561ce59
02-05 17:41:02.135 15500 15500 D LifecycleMonitor: Lifecycle status change: androidx.test.core.app.InstrumentationActivityInvoker$BootstrapActivity@cac2a0 in: STARTED
02-05 17:41:02.135 15500 15500 D LifecycleMonitor: running callback: androidx.test.core.app.ActivityScenario$1@561ce59
02-05 17:41:02.135 15500 15500 V ActivityScenario: Activity lifecycle changed event received but ignored because the intent does not match. startActivityIntent=Intent { act=android.intent.action.MAIN cat=[android.intent.category.LAUNCHER] cmp=com.example.dogglers/.VerticalListActivity }, activity.getIntent()=Intent { act=android.intent.action.MAIN cat=[android.intent.category.LAUNCHER] flg=0x10008000 cmp=com.example.dogglers/androidx.test.core.app.InstrumentationActivityInvoker$BootstrapActivity (has extras) }, activity=androidx.test.core.app.InstrumentationActivityInvoker$BootstrapActivity@cac2a0
02-05 17:41:02.135 15500 15500 D LifecycleMonitor: callback completes: androidx.test.core.app.ActivityScenario$1@561ce59
02-05 17:41:02.137   789  1273 I SurfaceFlinger: id=80060 createSurf (0x0),-1 flag=80004, ActivityRecord{9fa58f5 u0 com.example.dogglers/.VerticalListActivity t12739}#0
02-05 17:41:02.140  1163  3939 W WindowManager: lockNow pending, ignore updating lockscreen timeout
02-05 17:41:02.141 15500 15500 D LifecycleMonitor: Lifecycle status change: androidx.test.core.app.InstrumentationActivityInvoker$BootstrapActivity@cac2a0 in: RESUMED
02-05 17:41:02.141 15500 15500 D LifecycleMonitor: running callback: androidx.test.core.app.ActivityScenario$1@561ce59
02-05 17:41:02.141 15500 15500 V ActivityScenario: Activity lifecycle changed event received but ignored because the intent does not match. startActivityIntent=Intent { act=android.intent.action.MAIN cat=[android.intent.category.LAUNCHER] cmp=com.example.dogglers/.VerticalListActivity }, activity.getIntent()=Intent { act=android.intent.action.MAIN cat=[android.intent.category.LAUNCHER] flg=0x10008000 cmp=com.example.dogglers/androidx.test.core.app.InstrumentationActivityInvoker$BootstrapActivity (has extras) }, activity=androidx.test.core.app.InstrumentationActivityInvoker$BootstrapActivity@cac2a0
02-05 17:41:02.141 15500 15500 D LifecycleMonitor: callback completes: androidx.test.core.app.ActivityScenario$1@561ce59
02-05 17:41:02.142  1163  1240 V WindowManager: Relayout Window{95352a6 u0 Splash Screen com.example.dogglers}: viewVisibility=0 req=1080x2400
02-05 17:41:02.142 15500 15500 D LifecycleMonitor: Lifecycle status change: androidx.test.core.app.InstrumentationActivityInvoker$BootstrapActivity@cac2a0 in: PAUSED
02-05 17:41:02.142 15500 15500 D LifecycleMonitor: running callback: androidx.test.core.app.ActivityScenario$1@561ce59
02-05 17:41:02.142 15500 15500 V ActivityScenario: Activity lifecycle changed event received but ignored because the intent does not match. startActivityIntent=Intent { act=android.intent.action.MAIN cat=[android.intent.category.LAUNCHER] cmp=com.example.dogglers/.VerticalListActivity }, activity.getIntent()=Intent { act=android.intent.action.MAIN cat=[android.intent.category.LAUNCHER] flg=0x10008000 cmp=com.example.dogglers/androidx.test.core.app.InstrumentationActivityInvoker$BootstrapActivity (has extras) }, activity=androidx.test.core.app.InstrumentationActivityInvoker$BootstrapActivity@cac2a0
02-05 17:41:02.142 15500 15500 D LifecycleMonitor: callback completes: androidx.test.core.app.ActivityScenario$1@561ce59
02-05 17:41:02.142  1163  1240 W WindowManager: lockNow pending, ignore updating lockscreen timeout
02-05 17:41:02.143  1163  1240 D WindowManager: isScreenshotDisabledLocked - win: Window{95352a6 u0 Splash Screen com.example.dogglers}
02-05 17:41:02.143  1163  1240 D WindowManager: isScreenshotDisabledLocked: userId = 0, disabled =false
02-05 17:41:02.143   789  1273 I SurfaceFlinger: id=80061 createSurf (1080x2400),1 flag=404, Splash Screen com.example.dogglers#0
02-05 17:41:02.144  1163  1240 V WindowOrientationListener: getProposedRotation: 0
02-05 17:41:02.145  1163  1240 V WindowManager: Relayout hash=95352a6, pid=1163: mAttrs={(0,0)(fillxfill) sim={adjust=pan} layoutInDisplayCutoutMode=shortEdges ty=APPLICATION_STARTING wanim=0x1030001
02-05 17:41:02.145  1163  1240 V WindowManager:   fl=1830118
02-05 17:41:02.145  1163  1240 V WindowManager:   pfl=12020011
02-05 17:41:02.145  1163  1240 V WindowManager:   fitSides= naviIconColor=0}
02-05 17:41:02.145  1163  1240 I ViewRootImpl@52ba401[dogglers]: Relayout returned: old=(0,0,1080,2400) new=(0,0,1080,2400) req=(1080,2400)0 dur=3 res=0x7 s={true 497474408448} ch=true fn=-1
02-05 17:41:02.146  1163  3939 V WindowOrientationListener: getProposedRotation: 0
02-05 17:41:02.146  1163  3939 V WindowOrientationListener: getProposedRotation: 0
02-05 17:41:02.146  1163  3939 V WindowOrientationListener: getProposedRotation: 0
02-05 17:41:02.147  1163  3939 D InputDispatcher: Focused application set to (0): 9fa58f5
02-05 17:41:02.148  1163  3939 W WindowManager: lockNow pending, ignore updating lockscreen timeout
02-05 17:41:02.149  1163  1240 I ViewRootImpl@52ba401[dogglers]: [DP] dp(1) 1 android.view.ViewRootImpl.reportNextDraw:10957 android.view.ViewRootImpl.performTraversals:3845 android.view.ViewRootImpl.doTraversal:2618
02-05 17:41:02.150   716   953 D gralloc : [mali_gralloc_allocate] begin
02-05 17:41:02.150   716   953 D gralloc : buffer_descriptor: wh(1080 2400) usage_pc(0x966 0x906) hal_format(0x1) layer_count(1) sizes(0 0 0) strde(0) byte_stride(0) alloc_wh(0 0) internal_format(0x0) alloc_format(0x0) fd_count(1) plane_count(0)
02-05 17:41:02.150   716   953 D gralloc : [mali_gralloc_allocate] allocation successful
02-05 17:41:02.153 15500 15500 D LifecycleMonitor: Lifecycle status change: com.example.dogglers.VerticalListActivity@aea45b8 in: PRE_ON_CREATE
02-05 17:41:02.153 15500 15500 D LifecycleMonitor: running callback: androidx.test.core.app.ActivityScenario$1@561ce59
02-05 17:41:02.153 15500 15500 V ActivityScenario: Activity lifecycle changed event received but ignored because the reported transition was not ON_CREATE while the last known transition was PRE_ON_CREATE
02-05 17:41:02.153 15500 15500 D LifecycleMonitor: callback completes: androidx.test.core.app.ActivityScenario$1@561ce59
02-05 17:41:02.156  1163  1240 I ViewRootImpl@52ba401[dogglers]: [DP] pdf(0) 1 android.view.ViewRootImpl.performDraw:4809 android.view.ViewRootImpl.performTraversals:3866 android.view.ViewRootImpl.doTraversal:2618
02-05 17:41:02.156  1163  1240 I ViewRootImpl@52ba401[dogglers]: [DP] rdf()
02-05 17:41:02.156  1163  1793 I InputDispatcher: Focus left window (2003): 6030dc2 in display 0 0
02-05 17:41:02.158  1163  1240 W WindowManager: lockNow pending, ignore updating lockscreen timeout
02-05 17:41:02.158  2003  2003 I ViewRootImpl@e2e8b8d[LauncherActivity]: MSG_WINDOW_FOCUS_CHANGED 0 1
02-05 17:41:02.158 15500 15500 I DecorView: [INFO] isPopOver=false, config=true
02-05 17:41:02.158 15500 15500 I DecorView: updateCaptionType >> DecorView@505ffc9[], isFloating=false, isApplication=true, hasWindowDecorCaption=false, hasWindowControllerCallback=true
02-05 17:41:02.158 15500 15500 D DecorView: setCaptionType = 0, this = DecorView@505ffc9[]
02-05 17:41:02.161  1680  3903 D WallpaperService: dispatchAppVisibility onVisibilityChanged(): false
02-05 17:41:02.161  1680  1680 D WallpaperService: reportVisibility onVisibilityChanged visible: false
02-05 17:41:02.161  1680  1806 I ImageWallpaper:  onVisibilityChanged false , 0
02-05 17:41:02.162  1163  1240 I SurfaceControl: nativeRelease nativeObject s[499038979808]
02-05 17:41:02.162  1163  1240 I SurfaceControl: nativeRelease nativeObject e[499038979808]
02-05 17:41:02.162   789  1272 I SurfaceFlinger: id=80062 createSurf (0x0),-1 flag=24000, Surface(name=8c655e2 StatusBar)/@0x44a9b07 - animation-leash#0
02-05 17:41:02.163  1163  1240 I SurfaceControl: nativeRelease nativeObject s[499039084544]
02-05 17:41:02.163  1163  1240 I SurfaceControl: nativeRelease nativeObject e[499039084544]
02-05 17:41:02.163   789  1272 I SurfaceFlinger: id=80063 createSurf (0x0),-1 flag=24000, Surface(name=b29f82b NavigationBar0)/@0x8634759 - animation-leash#1
02-05 17:41:02.164  1163  1240 W WindowManager: lockNow pending, ignore updating lockscreen timeout
02-05 17:41:02.164  1163  1237 D WindowManager: setDisableFlags: displayId=0, vis=0x8008, appearance=0, transientState=Pair{[I@414bba9 [I@bb7952e}, isFullscreen=false, isImmersive=false, barType=0, win=Window{95352a6 u0 Splash Screen com.example.dogglers}
02-05 17:41:02.165  1680  1680 D NavigationBar: onSystemBarAppearanceChanged() -  displayId:0, appearance:0, navbarColorManagedByIme:false
02-05 17:41:02.165   789  1272 I Layer   : id=80054 removeFromCurrentState Surface(name=8c655e2 StatusBar)/@0x44a9b07 - animation-leash#1 (205)
02-05 17:41:02.165   789  1272 I Layer   : id=80055 removeFromCurrentState Surface(name=b29f82b NavigationBar0)/@0x8634759 - animation-leash#0 (205)
02-05 17:41:02.165  1680  1680 D SecStatusBarMobileView: setStaticDrawableColor:
02-05 17:41:02.166 15500 15500 D LifecycleMonitor: Lifecycle status change: com.example.dogglers.VerticalListActivity@aea45b8 in: CREATED
02-05 17:41:02.166 15500 15500 D LifecycleMonitor: running callback: androidx.test.core.app.ActivityScenario$1@561ce59
02-05 17:41:02.166  1680  1680 D SecLightBarControlHelper: updateStatus(WHITE icon) NumLightStacks:0, NumStacks:1, IndexLightStack:-1, StatusBarMode:0, StatusBarState:SHD, NeedDarkFontFromWallpaper:true, isWhiteKeyguardStatusBarBySettings:true
02-05 17:41:02.166 15500 15500 V ActivityScenario: Update currentActivityStage to CREATED, currentActivity=com.example.dogglers.VerticalListActivity@aea45b8
02-05 17:41:02.166 15500 15500 D LifecycleMonitor: callback completes: androidx.test.core.app.ActivityScenario$1@561ce59
02-05 17:41:02.167 15500 15500 D LifecycleMonitor: Lifecycle status change: com.example.dogglers.VerticalListActivity@aea45b8 in: STARTED
02-05 17:41:02.167 15500 15500 D LifecycleMonitor: running callback: androidx.test.core.app.ActivityScenario$1@561ce59
02-05 17:41:02.167 15500 15500 V ActivityScenario: Update currentActivityStage to STARTED, currentActivity=com.example.dogglers.VerticalListActivity@aea45b8
02-05 17:41:02.167 15500 15500 D LifecycleMonitor: callback completes: androidx.test.core.app.ActivityScenario$1@561ce59
02-05 17:41:02.167 15500 15500 D LifecycleMonitor: Lifecycle status change: com.example.dogglers.VerticalListActivity@aea45b8 in: RESUMED
02-05 17:41:02.167 15500 15500 D LifecycleMonitor: running callback: androidx.test.core.app.ActivityScenario$1@561ce59
02-05 17:41:02.168 15500 15500 V ActivityScenario: Update currentActivityStage to RESUMED, currentActivity=com.example.dogglers.VerticalListActivity@aea45b8
02-05 17:41:02.168 15500 15500 D LifecycleMonitor: callback completes: androidx.test.core.app.ActivityScenario$1@561ce59
02-05 17:41:02.170  1163  3939 D InputTransport: Input channel constructed: '8d46965', fd=887
02-05 17:41:02.170  1163  3939 D InputTransport: Input channel constructed: '8d46965', fd=888
02-05 17:41:02.170   789  1272 I SurfaceFlinger: id=80064 createSurf (0x0),-1 flag=80004, 8d46965 com.example.dogglers/com.example.dogglers.VerticalListActivity#0
02-05 17:41:02.171  1163  3939 D WindowManager: isScreenshotDisabledLocked - win: Window{8d46965 u0 com.example.dogglers/com.example.dogglers.VerticalListActivity}
02-05 17:41:02.171  1163  3939 D WindowManager: isScreenshotDisabledLocked: userId = 0, disabled =false
02-05 17:41:02.171  1163  3939 D InputTransport: Input channel destroyed: '8d46965', fd=888
02-05 17:41:02.171  1680  1680 D SecStatusBarMobileView: setStaticDrawableColor:
02-05 17:41:02.171 15500 15500 D InputTransport: Input channel constructed: '8d46965', fd=90
02-05 17:41:02.171  2003  2003 I BadgeRenderer: Invalid count : 0
02-05 17:41:02.171  2003  2003 I BadgeRenderer: Invalid count : 0
02-05 17:41:02.171  2003  2003 I BadgeRenderer: Invalid count : 0
02-05 17:41:02.172  2003  2003 I BadgeRenderer: Invalid count : 0
02-05 17:41:02.172  2003  2003 I BadgeRenderer: Invalid count : 0
02-05 17:41:02.172  2003  2003 I BadgeRenderer: Invalid count : 0
02-05 17:41:02.173  2003  2003 I SurfaceControl: nativeRelease nativeObject s[499183207424]
02-05 17:41:02.173  2003  2003 I SurfaceControl: nativeRelease nativeObject e[499183207424]
02-05 17:41:02.173  2003  2003 I SurfaceControl: nativeRelease nativeObject s[499183206848]
02-05 17:41:02.173  2003  2003 I SurfaceControl: nativeRelease nativeObject e[499183206848]
02-05 17:41:02.173  2003  2003 I SurfaceControl: nativeRelease nativeObject s[499183204640]
02-05 17:41:02.173  2003  2003 I SurfaceControl: nativeRelease nativeObject e[499183204640]
02-05 17:41:02.174 15500 15500 I ViewRootImpl@a4c1100[VerticalListActivity]: setView = com.android.internal.policy.DecorView@505ffc9 TM=true
02-05 17:41:02.174  1163  1240 W WindowManager: lockNow pending, ignore updating lockscreen timeout
02-05 17:41:02.176 15500 15500 D IdlingResourceRegistry: All idling resources are idle.
02-05 17:41:02.176  1163  3939 V WindowManager: Relayout Window{b594a18 u0 NotificationShade}: viewVisibility=4 req=1080x2400
02-05 17:41:02.176  1163  3939 W WindowManager: lockNow pending, ignore updating lockscreen timeout
02-05 17:41:02.177   789   789 D SurfaceFlinger: Display 21442653864348033 HWC layers:
02-05 17:41:02.177   789   789 D SurfaceFlinger:      DEVICE | 0x7407b64280 | 0002 | RGBA_8888    |    0.0    0.0 1080.0 2400.0 |    0    0 1080 2400 | Splash Screen com.example.dogglers#0
02-05 17:41:02.177   789   789 D SurfaceFlinger:      DEVICE | 0x7408500740 | 0000 | RGBA_8888    |    0.0    0.0 1080.0   88.0 |    0    0 1080   88 | StatusBar$_1680#0
02-05 17:41:02.177   789   789 D SurfaceFlinger:      DEVICE | 0x7428c40600 | 0000 | RGBA_8888    |    0.0    0.0 1080.0  144.0 |    0 2256 1080 2400 | NavigationBar0$_1680#0
02-05 17:41:02.177   789   789 D SurfaceFlinger:      DEVICE | 0x7408191180 | 0000 | RGBA_8888    |    0.0    0.0 1080.0  125.0 |    0    0 1080  125 | ScreenDecorOverlay$_1680#0
02-05 17:41:02.177   789   789 D SurfaceFlinger:      DEVICE | 0x7428c3f480 | 0000 | RGBA_8888    |    0.0    0.0 1080.0  112.0 |    0 2288 1080 2400 | ScreenDecorOverlayBottom$_1680#0
02-05 17:41:02.177   789   789 D SurfaceFlinger:
02-05 17:41:02.178  1163  3939 V WindowManager: Relayout hash=b594a18, pid=1680: mAttrs={(0,0)(fillxfill) gr=TOP CENTER_VERTICAL sim={adjust=resize} layoutInDisplayCutoutMode=always ty=2040 fmt=TRANSLUCENT colorMode=COLOR_MODE_WIDE_COLOR_GAMUT
02-05 17:41:02.178  1163  3939 V WindowManager:   fl=81840048
02-05 17:41:02.178  1163  3939 V WindowManager:   pfl=1b000000
02-05 17:41:02.178  1163  3939 V WindowManager:   bhv=SHOW_TRANSIENT_BARS_BY_SWIPE dimAmount=0.0 naviIconColor=0
02-05 17:41:02.178  1163  3939 V WindowManager:   sfl=40000}
02-05 17:41:02.178  1163  2104 V WindowManager: Relayout Window{8d46965 u0 com.example.dogglers/com.example.dogglers.VerticalListActivity}: viewVisibility=0 req=1080x2400
02-05 17:41:02.178  1680  1680 I SurfaceControl: assignNativeObject: nativeObject = 0 Surface(name=null)/@0x7632417 / android.view.SurfaceControl.readFromParcel:1117 android.view.IWindowSession$Stub$Proxy.relayout:1810 android.view.ViewRootImpl.relayoutWindow:9005 android.view.ViewRootImpl.performTraversals:3360 android.view.ViewRootImpl.doTraversal:2618 android.view.ViewRootImpl$TraversalRunnable.run:9971 android.view.Choreographer$CallbackRecord.run:1010 android.view.Choreographer.doCallbacks:809 android.view.Choreographer.doFrame:744 android.view.Choreographer$FrameDisplayEventReceiver.run:995
02-05 17:41:02.178  1163  2104 W WindowManager: lockNow pending, ignore updating lockscreen timeout
02-05 17:41:02.178  1680  1680 I SurfaceControl: assignNativeObject: nativeObject = 0 Surface(name=null)/@0x2dd2a3a / android.view.SurfaceControl.readFromParcel:1117 android.view.IWindowSession$Stub$Proxy.relayout:1820 android.view.ViewRootImpl.relayoutWindow:9005 android.view.ViewRootImpl.performTraversals:3360 android.view.ViewRootImpl.doTraversal:2618 android.view.ViewRootImpl$TraversalRunnable.run:9971 android.view.Choreographer$CallbackRecord.run:1010 android.view.Choreographer.doCallbacks:809 android.view.Choreographer.doFrame:744 android.view.Choreographer$FrameDisplayEventReceiver.run:995
02-05 17:41:02.178  1680  1680 I ViewRootImpl@cb447c7[NotificationShade]: Relayout returned: old=(0,0,1080,2400) new=(0,0,1080,2400) req=(1080,2400)4 dur=3 res=0x1 s={false 0} ch=false fn=-1
02-05 17:41:02.179  1163  2104 D WindowManager: isScreenshotDisabledLocked - win: Window{8d46965 u0 com.example.dogglers/com.example.dogglers.VerticalListActivity}
02-05 17:41:02.179  1163  2104 D WindowManager: isScreenshotDisabledLocked: userId = 0, disabled =false
02-05 17:41:02.179   789  2265 I SurfaceFlinger: id=80065 createSurf (1080x2400),1 flag=404, com.example.dogglers/com.example.dogglers.VerticalListActivity$_15500#0
02-05 17:41:02.179  1680  1680 D KeyguardBottomAreaShortcutView: updateCameraVisibility isCameraDisabled:false visible:true
02-05 17:41:02.179  1680  1680 D KeyguardBottomAreaShortcutView: mIndicationArea margin start : 180, end : 180, bottom : 400
02-05 17:41:02.180  1680  1680 D MediaControlPanel: mActionButtonNumCollapsed = 1, mActionButtonNumExpand = 1
02-05 17:41:02.180  1680  1680 D MediaControlPanel: mActionButtonNumCollapsed = 1, mActionButtonNumExpand = 1
02-05 17:41:02.180  1680  1680 D MediaControlPanel: mActionButtonNumCollapsed = 1, mActionButtonNumExpand = 1
02-05 17:41:02.180  1680  1680 D MediaControlPanel: mActionButtonNumCollapsed = 1, mActionButtonNumExpand = 1
02-05 17:41:02.180  1680  1680 D MediaControlPanel: mActionButtonNumCollapsed = 1, mActionButtonNumExpand = 1
02-05 17:41:02.180  1680  1680 D MediaControlPanel: mActionButtonNumCollapsed = 1, mActionButtonNumExpand = 1
02-05 17:41:02.180  1680  1680 D MediaControlPanel: mActionButtonNumCollapsed = 1, mActionButtonNumExpand = 1
02-05 17:41:02.180  1680  1680 D MediaControlPanel: mActionButtonNumCollapsed = 1, mActionButtonNumExpand = 1
02-05 17:41:02.180  1680  1680 D MediaControlPanel: mActionButtonNumCollapsed = 3, mActionButtonNumExpand = 5
02-05 17:41:02.180  1680  1680 D MediaControlPanel: mActionButtonNumCollapsed = 3, mActionButtonNumExpand = 5
02-05 17:41:02.181  1163  2104 I SurfaceControl: nativeRelease nativeObject s[496867020320]
02-05 17:41:02.181  1163  2104 I SurfaceControl: nativeRelease nativeObject e[496867020320]
02-05 17:41:02.181   789   834 I SurfaceFlinger: id=80066 createSurf (0x0),-1 flag=24000, Surface(name=8c655e2 StatusBar)/@0x44a9b07 - animation-leash#1
02-05 17:41:02.181  1163  2104 I SurfaceControl: nativeRelease nativeObject s[496871102976]
02-05 17:41:02.181  1163  2104 I SurfaceControl: nativeRelease nativeObject e[496871102976]
02-05 17:41:02.181   789   834 I SurfaceFlinger: id=80067 createSurf (0x0),-1 flag=24000, Surface(name=b29f82b NavigationBar0)/@0x8634759 - animation-leash#0
02-05 17:41:02.182  1163  2104 V WindowManager: Relayout hash=8d46965, pid=15500: mAttrs={(0,0)(fillxfill) sim={adjust=resize forwardNavigation} ty=BASE_APPLICATION wanim=0x1030304
02-05 17:41:02.182  1163  2104 V WindowManager:   fl=81810100
02-05 17:41:02.182  1163  2104 V WindowManager:   pfl=12020000
02-05 17:41:02.182  1163  2104 V WindowManager:   fitSides= naviIconColor=0}
02-05 17:41:02.182  1163  2104 I SurfaceControl: nativeRelease nativeObject s[499183206176]
02-05 17:41:02.182  1163  2104 I SurfaceControl: nativeRelease nativeObject e[499183206176]
02-05 17:41:02.183 15500 15500 I SurfaceControl: assignNativeObject: nativeObject = 0 Surface(name=null)/@0x5916d39 / android.view.SurfaceControl.readFromParcel:1117 android.view.IWindowSession$Stub$Proxy.relayout:1820 android.view.ViewRootImpl.relayoutWindow:9005 android.view.ViewRootImpl.performTraversals:3360 android.view.ViewRootImpl.doTraversal:2618 android.view.ViewRootImpl$TraversalRunnable.run:9971 android.view.Choreographer$CallbackRecord.run:1010 android.view.Choreographer.doCallbacks:809 android.view.Choreographer.doFrame:744 android.view.Choreographer$FrameDisplayEventReceiver.run:995
02-05 17:41:02.183 15500 15500 I ViewRootImpl@a4c1100[VerticalListActivity]: Relayout returned: old=(0,0,1080,2400) new=(0,0,1080,2400) req=(1080,2400)0 dur=6 res=0x7 s={true 497172643840} ch=true fn=-1
02-05 17:41:02.184 15500 15565 I mali_winsys: new_window_surface() [1080x2400] return: 0x3000
02-05 17:41:02.184   716   953 D gralloc : [mali_gralloc_allocate] begin
02-05 17:41:02.184   716   953 D gralloc : buffer_descriptor: wh(1080 2400) usage_pc(0x40000000000b00 0x40000000000b00) hal_format(0x1) layer_count(1) sizes(0 0 0) strde(0) byte_stride(0) alloc_wh(0 0) internal_format(0x0) alloc_format(0x0) fd_count(1) plane_count(0)
02-05 17:41:02.185 15500 15500 I ViewRootImpl@a4c1100[VerticalListActivity]: [DP] dp(1) 1 android.view.ViewRootImpl.reportNextDraw:10957 android.view.ViewRootImpl.performTraversals:3845 android.view.ViewRootImpl.doTraversal:2618
02-05 17:41:02.185 15500 15500 I ViewRootImpl@a4c1100[VerticalListActivity]: [DP] pd() Asnyc report
02-05 17:41:02.186   716   953 D gralloc : [mali_gralloc_allocate] allocation successful
02-05 17:41:02.186   716   953 D gralloc : [mali_gralloc_allocate] begin
02-05 17:41:02.186   716   953 D gralloc : buffer_descriptor: wh(1080 2400) usage_pc(0x40000000000b00 0x40000000000b00) hal_format(0x1) layer_count(1) sizes(0 0 0) strde(0) byte_stride(0) alloc_wh(0 0) internal_format(0x0) alloc_format(0x0) fd_count(1) plane_count(0)
02-05 17:41:02.188   716   953 D gralloc : [mali_gralloc_allocate] allocation successful
02-05 17:41:02.188   716   957 D gralloc : [mali_gralloc_allocate] begin
02-05 17:41:02.188   716   957 D gralloc : buffer_descriptor: wh(1080 2400) usage_pc(0x40000000000b00 0x40000000000b00) hal_format(0x1) layer_count(1) sizes(0 0 0) strde(0) byte_stride(0) alloc_wh(0 0) internal_format(0x0) alloc_format(0x0) fd_count(1) plane_count(0)
02-05 17:41:02.188  1680  1680 D SecStatusBarMobileView: setStaticDrawableColor:
02-05 17:41:02.188  1680  1680 D MediaControlPanel: mActionButtonNumCollapsed = 1, mActionButtonNumExpand = 1
02-05 17:41:02.188 15500 15500 I ViewRootImpl@a4c1100[VerticalListActivity]: [DP] pdf(0) 1 android.view.ViewRootImpl.lambda$performDraw$1$ViewRootImpl:4668 android.view.-$$Lambda$ViewRootImpl$DJd0VUYJgsebcnSohO6h8zc_ONI.run:6 android.os.Handler.handleCallback:938
02-05 17:41:02.188  1680  1680 D MediaControlPanel: mActionButtonNumCollapsed = 1, mActionButtonNumExpand = 1
02-05 17:41:02.188 15500 15500 I ViewRootImpl@a4c1100[VerticalListActivity]: [DP] rdf()
02-05 17:41:02.188  1680  1680 D MediaControlPanel: mActionButtonNumCollapsed = 1, mActionButtonNumExpand = 1
02-05 17:41:02.188  1680  1680 D MediaControlPanel: mActionButtonNumCollapsed = 1, mActionButtonNumExpand = 1
02-05 17:41:02.188  1680  1680 D MediaControlPanel: mActionButtonNumCollapsed = 1, mActionButtonNumExpand = 1
02-05 17:41:02.189  1680  1680 D MediaControlPanel: mActionButtonNumCollapsed = 1, mActionButtonNumExpand = 1
02-05 17:41:02.189  1680  1680 D MediaControlPanel: mActionButtonNumCollapsed = 1, mActionButtonNumExpand = 1
02-05 17:41:02.189  1680  1680 D MediaControlPanel: mActionButtonNumCollapsed = 1, mActionButtonNumExpand = 1
02-05 17:41:02.189  1680  1680 D MediaControlPanel: mActionButtonNumCollapsed = 3, mActionButtonNumExpand = 5
02-05 17:41:02.189  1680  1680 D MediaControlPanel: mActionButtonNumCollapsed = 3, mActionButtonNumExpand = 5
02-05 17:41:02.189   789   834 I Layer   : id=80062 removeFromCurrentState Surface(name=8c655e2 StatusBar)/@0x44a9b07 - animation-leash#0 (209)
02-05 17:41:02.189   789   834 I Layer   : id=80063 removeFromCurrentState Surface(name=b29f82b NavigationBar0)/@0x8634759 - animation-leash#1 (209)
02-05 17:41:02.189  2003  4215 I mali_egl: eglDestroySurface() in
02-05 17:41:02.190   716   957 D gralloc : [mali_gralloc_allocate] allocation successful
02-05 17:41:02.190  1163  1240 I SurfaceControl: nativeRelease nativeObject s[499039084544]
02-05 17:41:02.190  1163  1240 I SurfaceControl: nativeRelease nativeObject e[499039084544]
02-05 17:41:02.190   789  2265 I SurfaceFlinger: id=80063 Removed Surface(name=b29f82b NavigationBar0)/@0x8634759 - animation-leash#1 (209)
02-05 17:41:02.190  1163  1240 I SurfaceControl: nativeRelease nativeObject s[499038979808]
02-05 17:41:02.190  1163  1240 I SurfaceControl: nativeRelease nativeObject e[499038979808]
02-05 17:41:02.190   789  2265 I SurfaceFlinger: id=80062 Removed Surface(name=8c655e2 StatusBar)/@0x44a9b07 - animation-leash#0 (209)
02-05 17:41:02.190  1163  1240 W WindowManager: lockNow pending, ignore updating lockscreen timeout
02-05 17:41:02.191  2003  4215 I mali_winsys: delete_surface() [1080x2400] return
02-05 17:41:02.191  2003  4215 I mali_egl: eglDestroySurface() out
02-05 17:41:02.191   789  1273 E BufferQueueProducer: [com.sec.android.app.launcher/com.sec.android.app.launcher.activities.LauncherActivity$_2003#0](id:315000036e5,api:0,p:-1,c:789) disconnect: not connected (req=1)
02-05 17:41:02.191  2003  4215 W libEGL  : EGLNativeWindowType 0x73d44f9010 disconnect failed
02-05 17:41:02.193 15500 15500 D IdlingResourceRegistry: All idling resources are idle.
02-05 17:41:02.193 15500 15500 D RootViewPicker: Root not ready - waiting: 10ms for one to appear.
02-05 17:41:02.195  1163  1240 W WindowManager: lockNow pending, ignore updating lockscreen timeout
02-05 17:41:02.197  1163  1240 D PkgPredictorService: pkg:com.example.dogglers activity:com.example.dogglers.VerticalListActivity thisTime:124
02-05 17:41:02.197  1163  1240 D PkgPredictorService-Collector: update activity launch time: VerticalListActivity : 124
02-05 17:41:02.197  1163  1240 I SemDvfsHyPerManager: acquire hyper - AMS_RESUME_TAIL/1163@22, type = -999
02-05 17:41:02.197  1163  1240 I SemDvfsHyPerManager: acquire hyper - AMS_ACT_LAZY/1163@23, type = -999
02-05 17:41:02.198  1163  1244 D ArtManagerInternalImpl: /data/misc/iorapd/com.example.dogglers/1/com.example.dogglers.VerticalListActivity/compiled_traces/compiled_trace.pb doesn't exist
02-05 17:41:02.198   726   817 I HYPER-HAL: [RequestManager.cpp]acquire(): Acquired ID : 702727  [1163 / 22]    HINT : AMS_RESUME_TAIL    list :
02-05 17:41:02.199   726   817 I HYPER-HAL: [ResourceManager.cpp]updateResource(): [CPUMinFreq] UpdateResource Request ID : 702727    Value : 1844882
02-05 17:41:02.199   726   817 I HYPER-HAL: [RequestManager.cpp]acquire(): Acquired ID : 703914  [1163 / 23]    HINT :      list :
02-05 17:41:02.199   726   817 E HYPER-HAL: [Request.cpp]acquire(): Request:: id : 703914, No Resource to set
02-05 17:41:02.199   726   817 I HYPER-HAL: [ResourceManager.cpp]removeResource(): [CPUMinFreq] RemoveResource Request ID : 705102
02-05 17:41:02.199   726   817 I HYPER-HAL: [RequestManager.cpp]releaseLocked(): Released ID : 705102
02-05 17:41:02.199  1163  3939 V WindowManager: Relayout Window{6030dc2 u0 com.sec.android.app.launcher/com.sec.android.app.launcher.activities.LauncherActivity}: viewVisibility=8 req=1080x2400
02-05 17:41:02.200 15500 15500 D LifecycleMonitor: Lifecycle status change: androidx.test.core.app.InstrumentationActivityInvoker$BootstrapActivity@cac2a0 in: STOPPED
02-05 17:41:02.200  1163  3939 W WindowManager: lockNow pending, ignore updating lockscreen timeout
02-05 17:41:02.200 15500 15500 D LifecycleMonitor: running callback: androidx.test.core.app.ActivityScenario$1@561ce59
02-05 17:41:02.200 15500 15500 V ActivityScenario: Activity lifecycle changed event received but ignored because the intent does not match. startActivityIntent=Intent { act=android.intent.action.MAIN cat=[android.intent.category.LAUNCHER] cmp=com.example.dogglers/.VerticalListActivity }, activity.getIntent()=Intent { act=android.intent.action.MAIN cat=[android.intent.category.LAUNCHER] flg=0x10008000 cmp=com.example.dogglers/androidx.test.core.app.InstrumentationActivityInvoker$BootstrapActivity (has extras) }, activity=androidx.test.core.app.InstrumentationActivityInvoker$BootstrapActivity@cac2a0
02-05 17:41:02.200 15500 15500 D LifecycleMonitor: callback completes: androidx.test.core.app.ActivityScenario$1@561ce59
02-05 17:41:02.202  1163  1244 I ActivityTaskManager: Displayed com.example.dogglers/.VerticalListActivity: +124ms
02-05 17:41:02.203  1163  3939 V WindowManager: Relayout hash=6030dc2, pid=2003: mAttrs={(0,0)(fillxfill) sim={adjust=nothing} layoutInDisplayCutoutMode=shortEdges ty=BASE_APPLICATION fmt=TRANSPARENT wanim=0x10302f2
02-05 17:41:02.203  1163  3939 V WindowManager:   fl=81910100
02-05 17:41:02.203  1163  3939 V WindowManager:   pfl=16020000
02-05 17:41:02.203  1163  3939 V WindowManager:   vsysui=1700
02-05 17:41:02.203  1163  3939 V WindowManager:   apr=LIGHT_STATUS_BARS
02-05 17:41:02.203  1163  3939 V WindowManager:   bhv=SHOW_TRANSIENT_BARS_BY_SWIPE
02-05 17:41:02.203  1163  3939 V WindowManager:   fitSides= dimAmount=0.125 dimDuration=200 naviIconColor=0}
02-05 17:41:02.203  1163  1240 D ViewRootImpl@52ba401[dogglers]: dispatchDetachedFromWindow: reset blurmask
02-05 17:41:02.203  2669  2669 E pageboostd: Received HALT command code 2
02-05 17:41:02.203  1163  1240 I ViewRootImpl@52ba401[dogglers]: dispatchDetachedFromWindow
02-05 17:41:02.203  1163  1240 I SurfaceControl: nativeRelease nativeObject s[499038977792]
02-05 17:41:02.203  1163  1240 I SurfaceControl: nativeRelease nativeObject e[499038977792]
02-05 17:41:02.203  2003  2003 I SurfaceControl: nativeRelease nativeObject s[499183205024]
02-05 17:41:02.203  2003  2003 I SurfaceControl: nativeRelease nativeObject e[499183205024]
02-05 17:41:02.203  2003  2003 I SurfaceControl: assignNativeObject: nativeObject = 0 Surface(name=null)/@0x631c8c8 / android.view.SurfaceControl.readFromParcel:1117 android.view.IWindowSession$Stub$Proxy.relayout:1810 android.view.ViewRootImpl.relayoutWindow:9005 android.view.ViewRootImpl.performTraversals:3360 android.view.ViewRootImpl.doTraversal:2618 android.view.ViewRootImpl$TraversalRunnable.run:9971 android.view.Choreographer$CallbackRecord.run:1010 android.view.Choreographer.doCallbacks:809 android.view.Choreographer.doFrame:744 android.view.Choreographer$FrameDisplayEventReceiver.run:995
02-05 17:41:02.203  1163  1240 D InputTransport: Input channel destroyed: '95352a6', fd=857
02-05 17:41:02.203  2003  2003 I SurfaceControl: assignNativeObject: nativeObject = 0 Surface(name=null)/@0x37cdda1 / android.view.SurfaceControl.readFromParcel:1117 android.view.IWindowSession$Stub$Proxy.relayout:1820 android.view.ViewRootImpl.relayoutWindow:9005 android.view.ViewRootImpl.performTraversals:3360 android.view.ViewRootImpl.doTraversal:2618 android.view.ViewRootImpl$TraversalRunnable.run:9971 android.view.Choreographer$CallbackRecord.run:1010 android.view.Choreographer.doCallbacks:809 android.view.Choreographer.doFrame:744 android.view.Choreographer$FrameDisplayEventReceiver.run:995
02-05 17:41:02.204   789  2265 I SurfaceFlinger: id=80068 createSurf (0x0),-1 flag=24000, Surface(name=95352a6 Splash Screen com.example.dogglers)/@0x930b68a - animation-leash#0
02-05 17:41:02.204  2003  2003 I SurfaceControl: nativeRelease nativeObject s[499183207904]
02-05 17:41:02.204  2003  2003 I SurfaceControl: nativeRelease nativeObject e[499183207904]
02-05 17:41:02.205  2003  2003 I ViewRootImpl@e2e8b8d[LauncherActivity]: Relayout returned: old=(0,0,1080,2400) new=(0,0,1080,2400) req=(1080,2400)8 dur=9 res=0x5 s={false 0} ch=true fn=46
02-05 17:41:02.205  2003  2003 I ViewRootImpl@e2e8b8d[LauncherActivity]: stopped(true) old=false
02-05 17:41:02.205  1680  1680 D SecStatusBarMobileView: setStaticDrawableColor:
02-05 17:41:02.205   789   789 I Layer   : id=80062[1] Destroyed Surface(name=8c655e2 StatusBar)/@0x44a9b07 - animation-leash#0
02-05 17:41:02.205   789   789 I Layer   : id=80063[1] Destroyed Surface(name=b29f82b NavigationBar0)/@0x8634759 - animation-leash#1
02-05 17:41:02.205  1163  1240 W WindowManager: lockNow pending, ignore updating lockscreen timeout
02-05 17:41:02.206  1163  3939 I InputDispatcher: Focus entered window (15500): 8d46965 in display 0 0
02-05 17:41:02.207  1163  1240 D InputTransport: Input channel destroyed: '95352a6', fd=860
02-05 17:41:02.207  2003  2003 I StateManager: goToState isInState Normal
02-05 17:41:02.208  1163  3939 V WindowManager: Relayout Window{f87dac6 u0 com.samsung.android.app.spage}: viewVisibility=8 req=0x2168
02-05 17:41:02.208  1163  3939 W WindowManager: lockNow pending, ignore updating lockscreen timeout
02-05 17:41:02.209  1163  3939 V WindowManager: Relayout hash=f87dac6, pid=5089: mAttrs={(0,0)(0xfill) sim={adjust=pan} ty=APPLICATION_PANEL fmt=RGBA_8888
02-05 17:41:02.209  1163  3939 V WindowManager:   fl=1000018
02-05 17:41:02.209  1163  3939 V WindowManager:   pfl=2000040
02-05 17:41:02.209  1163  3939 V WindowManager:   fitTypes=STATUS_BARS NAVIGATION_BARS CAPTION_BAR IME naviIconColor=0}
02-05 17:41:02.210  5089  5089 I SurfaceControl: assignNativeObject: nativeObject = 0 Surface(name=null)/@0xb12fb6b / android.view.SurfaceControl.readFromParcel:1117 android.view.IWindowSession$Stub$Proxy.relayout:1810 android.view.ViewRootImpl.relayoutWindow:9005 android.view.ViewRootImpl.performTraversals:3360 android.view.ViewRootImpl.doTraversal:2618 android.view.ViewRootImpl$TraversalRunnable.run:9971 android.view.Choreographer$CallbackRecord.run:1010 android.view.Choreographer.doCallbacks:809 android.view.Choreographer.doFrame:744 android.view.Choreographer$FrameDisplayEventReceiver.run:995
02-05 17:41:02.210  5089  5089 I SurfaceControl: assignNativeObject: nativeObject = 0 Surface(name=null)/@0xf71d6c8 / android.view.SurfaceControl.readFromParcel:1117 android.view.IWindowSession$Stub$Proxy.relayout:1820 android.view.ViewRootImpl.relayoutWindow:9005 android.view.ViewRootImpl.performTraversals:3360 android.view.ViewRootImpl.doTraversal:2618 android.view.ViewRootImpl$TraversalRunnable.run:9971 android.view.Choreographer$CallbackRecord.run:1010 android.view.Choreographer.doCallbacks:809 android.view.Choreographer.doFrame:744 android.view.Choreographer$FrameDisplayEventReceiver.run:995
02-05 17:41:02.210  5089  5089 I ViewRootImpl@7fb81b0[]: Relayout returned: old=(540,88,540,2256) new=(540,88,540,2256) req=(0,2168)8 dur=3 res=0x1 s={false 0} ch=false fn=-1
02-05 17:41:02.212  2003  2003 W LauncherAppWidgetHost: setListenIfResumed, mFlags = 7
02-05 17:41:02.212  1163  3939 I AppWidgetServiceImpl: stopListening callbacks : null
02-05 17:41:02.212  2003  2003 W Launcher.NotificationListener: removeNotificationsChangedListener
02-05 17:41:02.212  2003  2003 I BadgeCountUpdaterImpl: onNotificationsChangedDisConnected
02-05 17:41:02.212  2003  2003 I Launcher.NotificationListener: unregisterObserver, this is not notificationService!!
02-05 17:41:02.212  2003  2003 W PageOverlayMover: updateActivityLifecycleState : 4
02-05 17:41:02.212  5089 28744 I PageOverlayServiceImpl: [FROM HOME] updateActivityLifecycleState : 4
02-05 17:41:02.213  5089  5089 I PageOverlayCoordinator: onUiStopped
02-05 17:41:02.213  2003  2003 I LiveIconUpdateEventHandler: cancelMinuteChangeAlarm
02-05 17:41:02.213  5089  5089 I PageOverlayRootLayout: onUiStopped
02-05 17:41:02.214  2003  2003 I LiveIconUpdateEventHandler: cancelDateChangeAlarm
02-05 17:41:02.219 15500 15500 I ViewRootImpl@a4c1100[VerticalListActivity]: MSG_WINDOW_FOCUS_CHANGED 1 1
02-05 17:41:02.219  2003  2003 I LiveIconUpdateEventHandler: unregisterReceiver
02-05 17:41:02.219 15500 15500 D InputMethodManager: prepareNavigationBarInfo() DecorView@505ffc9[VerticalListActivity]
02-05 17:41:02.219 15500 15500 D InputMethodManager: getNavigationBarColor() -16711423
02-05 17:41:02.219 15500 15500 D InputMethodManager: prepareNavigationBarInfo() DecorView@505ffc9[VerticalListActivity]
02-05 17:41:02.219 15500 15500 D InputMethodManager: getNavigationBarColor() -16711423
02-05 17:41:02.219 15500 15500 V InputMethodManager: Starting input: tba=com.example.dogglers ic=null mNaviBarColor -16711423 mIsGetNaviBarColorSuccess true , NavVisible : true , NavTrans : false
02-05 17:41:02.219 15500 15500 D InputMethodManager: startInputInner - Id : 0
02-05 17:41:02.219 15500 15500 I InputMethodManager: startInputInner - mService.startInputOrWindowGainedFocus
02-05 17:41:02.219   851  1363 I CameraService: notifyMonitoredUids
02-05 17:41:02.220  1163  2104 D InputMethodManagerService: mSecureKeypadEnabled = false
02-05 17:41:02.220  1163  2104 V InputMethodManagerService: hideCurrentInputLocked : shouldHideSoftInput is false
02-05 17:41:02.220  1163  2104 D InputMethodManagerService: DESKTOP MODE! : 2
02-05 17:41:02.220  1163  2104 D InputMethodManagerService: NOT IN KNOX DESKTOP MODE!
02-05 17:41:02.220  1163  2104 V InputMethodManagerService: getDisplayIdOfInputMethodWindowToBeAdded : 0
02-05 17:41:02.220  1163  2104 D SamsungIMMSHWKeyboard: isConnectedDexOnPC false
02-05 17:41:02.220  1163  2104 D InputMethodManagerService: isImeSwitcherDisabledPackage : false
02-05 17:41:02.220  1163  2104 D InputMethodManagerService: checkDisplayOfStartInputAndUpdateKeyboard display Id 0last 0
02-05 17:41:02.220  1163  2104 D InputTransport: Input channel constructed: 'ClientS', fd=857
02-05 17:41:02.220  1163  2104 D InputTransport: Input channel destroyed: 'ClientS', fd=857
02-05 17:41:02.221 15500 15500 D InputTransport: Input channel constructed: 'ClientS', fd=97
02-05 17:41:02.222  1680  1680 D SecStatusBarMobileView: setStaticDrawableColor:
02-05 17:41:02.223 15500 15500 D IdlingResourceRegistry: All idling resources are idle.
02-05 17:41:02.223 15500 15500 D IdlingResourceRegistry: All idling resources are idle.
