02-05 17:40:53.345 15500 15500 I ViewRootImpl@736e81[InstrumentationActivityInvoker$EmptyActivity]: [DP] dp(1) 1 android.view.ViewRootImpl.reportNextDraw:10957 android.view.ViewRootImpl.performTraversals:3845 android.view.ViewRootImpl.doTraversal:2618
02-05 17:40:53.345 15500 15500 I ViewRootImpl@736e81[InstrumentationActivityInvoker$EmptyActivity]: [DP] pd() Asnyc report
02-05 17:40:53.347   716   953 D gralloc : [mali_gralloc_allocate] allocation successful
02-05 17:40:53.348   716   953 D gralloc : [mali_gralloc_allocate] begin
02-05 17:40:53.348   716   953 D gralloc : buffer_descriptor: wh(1080 2400) usage_pc(0x40000000000b00 0x40000000000b00) hal_format(0x1) layer_count(1) sizes(0 0 0) strde(0) byte_stride(0) alloc_wh(0 0) internal_format(0x0) alloc_format(0x0) fd_count(1) plane_count(0)
02-05 17:40:53.348   716   953 D gralloc : [mali_gralloc_allocate] allocation successful
02-05 17:40:53.349   716   953 D gralloc : [mali_gralloc_allocate] begin
02-05 17:40:53.349   716   953 D gralloc : buffer_descriptor: wh(1080 2400) usage_pc(0x40000000000b00 0x40000000000b00) hal_format(0x1) layer_count(1) sizes(0 0 0) strde(0) byte_stride(0) alloc_wh(0 0) internal_format(0x0) alloc_format(0x0) fd_count(1) plane_count(0)
02-05 17:40:53.350   716   953 D gralloc : [mali_gralloc_allocate] allocation successful
02-05 17:40:53.350 15500 15500 I ViewRootImpl@736e81[InstrumentationActivityInvoker$EmptyActivity]: [DP] pdf(0) 1 android.view.ViewRootImpl.lambda$performDraw$1$ViewRootImpl:4668 android.view.-$$Lambda$ViewRootImpl$DJd0VUYJgsebcnSohO6h8zc_ONI.run:6 android.os.Handler.handleCallback:938
02-05 17:40:53.350 15500 15500 I ViewRootImpl@736e81[InstrumentationActivityInvoker$EmptyActivity]: [DP] rdf()
02-05 17:40:53.351  1163  1240 W WindowManager: lockNow pending, ignore updating lockscreen timeout
02-05 17:40:53.352   789   835 I Layer   : id=79661 removeFromCurrentState Surface(name=8c655e2 StatusBar)/@0x44a9b07 - animation-leash#0 (187)
02-05 17:40:53.352   789   835 I Layer   : id=79662 removeFromCurrentState Surface(name=b29f82b NavigationBar0)/@0x8634759 - animation-leash#1 (187)
02-05 17:40:53.353  1163  1240 D PkgPredictorService: pkg:com.example.dogglers activity:androidx.test.core.app.InstrumentationActivityInvoker$EmptyActivity thisTime:45
02-05 17:40:53.354  1163  1240 I SemDvfsHyPerManager: acquire hyper - AMS_RESUME_TAIL/1163@22, type = -999
02-05 17:40:53.354  1163  1244 I ActivityTaskManager: Displayed com.example.dogglers/androidx.test.core.app.InstrumentationActivityInvoker$EmptyActivity: +45ms
02-05 17:40:53.355  1163  1240 I SemDvfsHyPerManager: acquire hyper - AMS_ACT_LAZY/1163@23, type = -999
02-05 17:40:53.355   726   817 I HYPER-HAL: [RequestManager.cpp]acquire(): Acquired ID : 702727  [1163 / 22]    HINT : AMS_RESUME_TAIL    list :
02-05 17:40:53.355   726   817 I HYPER-HAL: [ResourceManager.cpp]updateResource(): [CPUMinFreq] UpdateResource Request ID : 702727    Value : 1844882
02-05 17:40:53.355   726   817 I HYPER-HAL: [RequestManager.cpp]acquire(): Acquired ID : 703914  [1163 / 23]    HINT :      list :
02-05 17:40:53.355   726   817 E HYPER-HAL: [Request.cpp]acquire(): Request:: id : 703914, No Resource to set
02-05 17:40:53.355  2669  2669 E pageboostd: Received HALT command code 2
02-05 17:40:53.355   726   817 I HYPER-HAL: [ResourceManager.cpp]removeResource(): [CPUMinFreq] RemoveResource Request ID : 700356
02-05 17:40:53.355   726   817 I HYPER-HAL: [RequestManager.cpp]releaseLocked(): Released ID : 700356
02-05 17:40:53.356  1163  1240 W WindowManager: lockNow pending, ignore updating lockscreen timeout
02-05 17:40:53.357 15500 15500 I ViewRootImpl@1f31ae4[InstrumentationActivityInvoker$EmptyActivity]: MSG_WINDOW_FOCUS_CHANGED 0 1
02-05 17:40:53.358 15500 15500 I SurfaceControl: nativeRelease nativeObject s[499183206368]
02-05 17:40:53.358 15500 15500 I SurfaceControl: nativeRelease nativeObject e[499183206368]
02-05 17:40:53.358 15500 15500 I SurfaceControl: nativeRelease nativeObject s[499183206272]
02-05 17:40:53.358 15500 15500 I SurfaceControl: nativeRelease nativeObject e[499183206272]
02-05 17:40:53.358 15500 15500 I SurfaceControl: nativeRelease nativeObject s[499183205792]
02-05 17:40:53.358 15500 15500 I SurfaceControl: nativeRelease nativeObject e[499183205792]
02-05 17:40:53.358   789   835 I SurfaceFlinger: id=79662 Removed Surface(name=b29f82b NavigationBar0)/@0x8634759 - animation-leash#1 (187)
02-05 17:40:53.358   789   834 I SurfaceFlinger: id=79661 Removed Surface(name=8c655e2 StatusBar)/@0x44a9b07 - animation-leash#0 (187)
02-05 17:40:53.359  1163  1240 W WindowManager: lockNow pending, ignore updating lockscreen timeout
02-05 17:40:53.365   726 15900 I HYPER-HAL: [RequestManager.cpp]releaseLocked(): Released ID : 1602155
02-05 17:40:53.371   789   789 I Layer   : id=79661[1] Destroyed Surface(name=8c655e2 StatusBar)/@0x44a9b07 - animation-leash#0
02-05 17:40:53.371   789   789 I Layer   : id=79662[1] Destroyed Surface(name=b29f82b NavigationBar0)/@0x8634759 - animation-leash#1
02-05 17:40:53.371 15500 15565 I mali_egl: eglDestroySurface() in
02-05 17:40:53.371  1163  1796 I InputDispatcher: Focus entered window (15500): 75000f4 in display 0 0
02-05 17:40:53.372 15500 15565 I mali_winsys: delete_surface() [1080x2400] return
02-05 17:40:53.372 15500 15565 I mali_egl: eglDestroySurface() out
02-05 17:40:53.372   789   835 E BufferQueueProducer: [com.example.dogglers/androidx.test.core.app.InstrumentationActivityInvoker$EmptyActivity$_15500#0](id:315000036b7,api:0,p:-1,c:789) disconnect: not connected (req=1)
02-05 17:40:53.372 15500 15565 W libEGL  : EGLNativeWindowType 0x743a8a6010 disconnect failed
02-05 17:40:53.372  1163  1796 V WindowManager: Relayout Window{62c6239 u0 com.example.dogglers/androidx.test.core.app.InstrumentationActivityInvoker$EmptyActivity}: viewVisibility=8 req=1080x2400
02-05 17:40:53.373  1163  1796 W WindowManager: lockNow pending, ignore updating lockscreen timeout
02-05 17:40:53.373   789   789 D SurfaceFlinger: Display 21442653864348033 HWC layers:
02-05 17:40:53.373   789   789 D SurfaceFlinger:      DEVICE | 0x74084fd7c0 | 0002 | RGBA_8888    |    0.0    0.0 1080.0 2400.0 |    0    0 1080 2400 | com.example.dogglers/androidx.test.c[...]tivityInvoker$EmptyActivity$_15500#1
02-05 17:40:53.373   789   789 D SurfaceFlinger:      DEVICE | 0x7428c3e6c0 | 0000 | RGBA_8888    |    0.0    0.0 1080.0   88.0 |    0    0 1080   88 | StatusBar$_1680#0
02-05 17:40:53.373   789   789 D SurfaceFlinger:      DEVICE | 0x7428c3f200 | 0000 | RGBA_8888    |    0.0    0.0 1080.0  144.0 |    0 2256 1080 2400 | NavigationBar0$_1680#0
02-05 17:40:53.373   789   789 D SurfaceFlinger:      DEVICE | 0x7408191180 | 0000 | RGBA_8888    |    0.0    0.0 1080.0  125.0 |    0    0 1080  125 | ScreenDecorOverlay$_1680#0
02-05 17:40:53.373   789   789 D SurfaceFlinger:      DEVICE | 0x7428c3f480 | 0000 | RGBA_8888    |    0.0    0.0 1080.0  112.0 |    0 2288 1080 2400 | ScreenDecorOverlayBottom$_1680#0
02-05 17:40:53.373   789   789 D SurfaceFlinger:
02-05 17:40:53.373  1163  1796 V WindowManager: Relayout hash=62c6239, pid=15500: mAttrs={(0,0)(fillxfill) sim={adjust=pan forwardNavigation} ty=BASE_APPLICATION wanim=0x1030001
02-05 17:40:53.373  1163  1796 V WindowManager:   fl=1810100
02-05 17:40:53.373  1163  1796 V WindowManager:   pfl=12020000
02-05 17:40:53.373  1163  1796 V WindowManager:   fitSides= naviIconColor=0}
02-05 17:40:53.374 15500 15500 I SurfaceControl: nativeRelease nativeObject s[499183199360]
02-05 17:40:53.374 15500 15500 I SurfaceControl: nativeRelease nativeObject e[499183199360]
02-05 17:40:53.374 15500 15500 I SurfaceControl: assignNativeObject: nativeObject = 0 Surface(name=null)/@0x3500367 / android.view.SurfaceControl.readFromParcel:1117 android.view.IWindowSession$Stub$Proxy.relayout:1810 android.view.ViewRootImpl.relayoutWindow:9005 android.view.ViewRootImpl.performTraversals:3360 android.view.ViewRootImpl.doTraversal:2618 android.view.ViewRootImpl$TraversalRunnable.run:9971 android.view.Choreographer$CallbackRecord.run:1010 android.view.Choreographer.doCallbacks:809 android.view.Choreographer.doFrame:744 android.view.Choreographer$FrameDisplayEventReceiver.run:995
02-05 17:40:53.374 15500 15500 I SurfaceControl: assignNativeObject: nativeObject = 0 Surface(name=null)/@0x70c1b4d / android.view.SurfaceControl.readFromParcel:1117 android.view.IWindowSession$Stub$Proxy.relayout:1820 android.view.ViewRootImpl.relayoutWindow:9005 android.view.ViewRootImpl.performTraversals:3360 android.view.ViewRootImpl.doTraversal:2618 android.view.ViewRootImpl$TraversalRunnable.run:9971 android.view.Choreographer$CallbackRecord.run:1010 android.view.Choreographer.doCallbacks:809 android.view.Choreographer.doFrame:744 android.view.Choreographer$FrameDisplayEventReceiver.run:995
02-05 17:40:53.375 15500 15500 I SurfaceControl: nativeRelease nativeObject s[497483546112]
02-05 17:40:53.375 15500 15500 I SurfaceControl: nativeRelease nativeObject e[497483546112]
02-05 17:40:53.375 15500 15500 I ViewRootImpl@1f31ae4[InstrumentationActivityInvoker$EmptyActivity]: Relayout returned: old=(0,0,1080,2400) new=(0,0,1080,2400) req=(1080,2400)8 dur=2 res=0x5 s={false 0} ch=true fn=2
02-05 17:40:53.377  1163  2104 D InputDispatcher: Focused application set to (0): 1dafdd4
02-05 17:40:53.378  1163  2104 W WindowManager: lockNow pending, ignore updating lockscreen timeout
02-05 17:40:53.380 15500 15500 I ViewRootImpl@736e81[InstrumentationActivityInvoker$EmptyActivity]: MSG_WINDOW_FOCUS_CHANGED 1 1
02-05 17:40:53.380 15500 15500 D InputMethodManager: prepareNavigationBarInfo() DecorView@cc3935a[InstrumentationActivityInvoker$EmptyActivity]
02-05 17:40:53.380 15500 15500 D InputMethodManager: getNavigationBarColor() -16711423
02-05 17:40:53.380 15500 15500 D InputMethodManager: prepareNavigationBarInfo() DecorView@cc3935a[InstrumentationActivityInvoker$EmptyActivity]
02-05 17:40:53.380 15500 15500 D InputMethodManager: getNavigationBarColor() -16711423
02-05 17:40:53.380 15500 15500 V InputMethodManager: Starting input: tba=com.example.dogglers ic=null mNaviBarColor -16711423 mIsGetNaviBarColorSuccess true , NavVisible : true , NavTrans : false
02-05 17:40:53.380 15500 15500 D InputMethodManager: startInputInner - Id : 0
02-05 17:40:53.380 15500 15500 I InputMethodManager: startInputInner - mService.startInputOrWindowGainedFocus
02-05 17:40:53.380  1163  1796 D InputMethodManagerService: mSecureKeypadEnabled = false
02-05 17:40:53.381  1163  1796 V InputMethodManagerService: hideCurrentInputLocked : shouldHideSoftInput is false
02-05 17:40:53.381  1163  1796 D InputMethodManagerService: DESKTOP MODE! : 2
02-05 17:40:53.381  1163  1796 D InputMethodManagerService: NOT IN KNOX DESKTOP MODE!
02-05 17:40:53.381  1163  1796 V InputMethodManagerService: getDisplayIdOfInputMethodWindowToBeAdded : 0
02-05 17:40:53.381  1163  1796 D InputMethodManagerService: checkDisplayOfStartInputAndUpdateKeyboard display Id 0last 0
02-05 17:40:53.381  1163  1796 D InputTransport: Input channel constructed: 'ClientS', fd=887
02-05 17:40:53.381  1163  1796 D InputTransport: Input channel destroyed: 'ClientS', fd=887
02-05 17:40:53.381 15500 15500 D InputTransport: Input channel constructed: 'ClientS', fd=99
02-05 17:40:53.381 15500 15500 D InputTransport: Input channel destroyed: 'ClientS', fd=90
02-05 17:40:53.381 15500 15500 I ViewRootImpl@1f31ae4[InstrumentationActivityInvoker$EmptyActivity]: stopped(true) old=false
02-05 17:40:53.381  1163  1235 I SurfaceControl: nativeRelease nativeObject s[497264239200]
02-05 17:40:53.381  1163  1235 I SurfaceControl: nativeRelease nativeObject e[497264239200]
02-05 17:40:53.381 15500 15500 D LifecycleMonitor: Lifecycle status change: androidx.test.core.app.InstrumentationActivityInvoker$EmptyActivity@96e539b in: STOPPED
02-05 17:40:53.381 15500 15500 D LifecycleMonitor: running callback: androidx.test.core.app.ActivityScenario$1@1142e71
02-05 17:40:53.382 15500 15500 V ActivityScenario: Activity lifecycle changed event received but ignored because the intent does not match. startActivityIntent=Intent { act=android.intent.action.MAIN cat=[android.intent.category.LAUNCHER] cmp=com.example.dogglers/.MainActivity }, activity.getIntent()=Intent { act=android.intent.action.MAIN cat=[android.intent.category.LAUNCHER] flg=0x10000000 cmp=com.example.dogglers/androidx.test.core.app.InstrumentationActivityInvoker$EmptyActivity }, activity=androidx.test.core.app.InstrumentationActivityInvoker$EmptyActivity@96e539b
02-05 17:40:53.382 15500 15500 D LifecycleMonitor: callback completes: androidx.test.core.app.ActivityScenario$1@1142e71
02-05 17:40:53.382 15500 15500 D LifecycleMonitor: Lifecycle status change: androidx.test.core.app.InstrumentationActivityInvoker$EmptyActivity@96e539b in: DESTROYED
02-05 17:40:53.382 15500 15500 D LifecycleMonitor: running callback: androidx.test.core.app.ActivityScenario$1@1142e71
02-05 17:40:53.383 15500 15500 V ActivityScenario: Activity lifecycle changed event received but ignored because the intent does not match. startActivityIntent=Intent { act=android.intent.action.MAIN cat=[android.intent.category.LAUNCHER] cmp=com.example.dogglers/.MainActivity }, activity.getIntent()=Intent { act=android.intent.action.MAIN cat=[android.intent.category.LAUNCHER] flg=0x10000000 cmp=com.example.dogglers/androidx.test.core.app.InstrumentationActivityInvoker$EmptyActivity }, activity=androidx.test.core.app.InstrumentationActivityInvoker$EmptyActivity@96e539b
02-05 17:40:53.383 15500 15500 D LifecycleMonitor: callback completes: androidx.test.core.app.ActivityScenario$1@1142e71
02-05 17:40:53.383 15500 15500 I ViewRootImpl@1f31ae4[InstrumentationActivityInvoker$EmptyActivity]: dispatchDetachedFromWindow
02-05 17:40:53.383   789   835 I SurfaceFlinger: id=79670 createSurf (0x0),-1 flag=24004, Surface(name=dbf3b45 InputMethod)/@0xf70bba8 - animation-leash#0
02-05 17:40:53.384  1163  3944 D InputTransport: Input channel destroyed: '62c6239', fd=860
02-05 17:40:53.384  1163  3944 I SurfaceControl: nativeRelease nativeObject s[496884992224]
02-05 17:40:53.384  1163  3944 I SurfaceControl: nativeRelease nativeObject e[496884992224]
02-05 17:40:53.384  1163  3944 D WindowManager: isScreenshotDisabledLocked - win: Window{62c6239 u0 com.example.dogglers/androidx.test.core.app.InstrumentationActivityInvoker$EmptyActivity}
02-05 17:40:53.384  1163  3944 D WindowManager: isScreenshotDisabledLocked: userId = 0, disabled =false
02-05 17:40:53.384  1163  3944 I SurfaceControl: nativeRelease nativeObject s[499183207520]
02-05 17:40:53.384  1163  3944 I SurfaceControl: nativeRelease nativeObject e[499183207520]
02-05 17:40:53.384  3640  3640 I GoogleInputMethodService: GoogleInputMethodService.onFinishInput():3316
02-05 17:40:53.384   789   835 I Layer   : id=79660 removeFromCurrentState com.example.dogglers/androidx.test.core.app.InstrumentationActivityInvoker$EmptyActivity$_15500#0 (186)
02-05 17:40:53.385  1163  3944 W WindowManager: lockNow pending, ignore updating lockscreen timeout
02-05 17:40:53.385  3640  3640 I GoogleInputMethodService: GoogleInputMethodService.updateDeviceLockedStatus():2181 checkRepeatedly = false, unlocked = true
02-05 17:40:53.385  3640  3640 D InputMethodService: checkDisplayOfStartInputAndUpdateKeyboard display Id 0last 0
02-05 17:40:53.385  3640  3640 I GoogleInputMethodService: GoogleInputMethodService.onStartInput():1989
02-05 17:40:53.385  3640  3640 I GoogleInputMethodService: GoogleInputMethodService.updateDeviceLockedStatus():2181 checkRepeatedly = true, unlocked = true
02-05 17:40:53.385   789  1273 I Layer   : id=79665 removeFromCurrentState Surface(name=dbf3b45 InputMethod)/@0xf70bba8 - animation-leash#1 (186)
02-05 17:40:53.385   789  1273 I Layer   : id=79659 removeFromCurrentState 62c6239 com.example.dogglers/androidx.test.core.app.InstrumentationActivityInvoker$EmptyActivity#0 (186)
02-05 17:40:53.386 15500 15500 D InputTransport: Input channel destroyed: '62c6239', fd=98
02-05 17:40:53.386   789  1272 I SurfaceFlinger: id=79659 Removed 62c6239 com.example.dogglers/androidx.test.core.app.InstrumentationActivityInvoker$EmptyActivity#0 (186)
02-05 17:40:53.386   789   835 I SurfaceFlinger: id=79660 Removed com.example.dogglers/androidx.test.core.app.InstrumentationActivityInvoker$EmptyActivity$_15500#0 (186)
02-05 17:40:53.387  1163  1796 I SurfaceControl: nativeRelease nativeObject s[496861212832]
02-05 17:40:53.387  1163  1796 I SurfaceControl: nativeRelease nativeObject e[496861212832]
02-05 17:40:53.388   789   789 I Layer   : id=79659[1] Destroyed 62c6239 com.example.dogglers/androidx.test.core.app.InstrumentationActivityInvoker$EmptyActivity#0
02-05 17:40:53.388   789   789 I Layer   : id=79660[1] Destroyed com.example.dogglers/androidx.test.core.app.InstrumentationActivityInvoker$EmptyActivity$_15500#0
02-05 17:40:53.388  1163  2104 I InputDispatcher: Focus left window (15500): 75000f4 in display 0 0
02-05 17:40:53.396 15500 15500 D LifecycleMonitor: Lifecycle status change: androidx.test.core.app.InstrumentationActivityInvoker$EmptyActivity@4b4e27c in: PAUSED
02-05 17:40:53.396 15500 15500 D LifecycleMonitor: running callback: androidx.test.core.app.ActivityScenario$1@1142e71
02-05 17:40:53.396 15500 15500 V ActivityScenario: Activity lifecycle changed event received but ignored because the intent does not match. startActivityIntent=Intent { act=android.intent.action.MAIN cat=[android.intent.category.LAUNCHER] cmp=com.example.dogglers/.MainActivity }, activity.getIntent()=Intent { act=android.intent.action.MAIN cat=[android.intent.category.LAUNCHER] flg=0x10000000 cmp=com.example.dogglers/androidx.test.core.app.InstrumentationActivityInvoker$EmptyActivity }, activity=androidx.test.core.app.InstrumentationActivityInvoker$EmptyActivity@4b4e27c
02-05 17:40:53.396 15500 15500 D LifecycleMonitor: callback completes: androidx.test.core.app.ActivityScenario$1@1142e71
02-05 17:40:53.397   789   835 I Layer   : id=79653 removeFromCurrentState ActivityRecord{d02de64 u0 com.example.dogglers/androidx.test.core.app.InstrumentationActivityInvoker$EmptyActivity t12728}#0 (184)
02-05 17:40:53.397   789   835 I SurfaceFlinger: id=79653 Removed ActivityRecord{d02de64 u0 com.example.dogglers/androidx.test.core.app.InstrumentationActivityInvoker$EmptyActivity t12728}#0 (184)
02-05 17:40:53.398  1163  1796 I SemDvfsHyPerManager: acquire hyper - AMS_APP_HOME/1163@35, type = -999
02-05 17:40:53.399   726   817 I HYPER-HAL: [RequestManager.cpp]acquire(): Acquired ID : 718236  [1163 / 35]    HINT : AMS_APP_HOME    list :
02-05 17:40:53.399   726   817 I HYPER-HAL: [ResourceManager.cpp]updateResource(): [CPUMinFreq] UpdateResource Request ID : 718236    Value : 2623359
02-05 17:40:53.399  4183  4183 I SemDvfsHyPerManager: acquire hyper - com.sec.android.sdhms/4183@9, type = -999
02-05 17:40:53.399   726   817 I HYPER-HAL: [RequestManager.cpp]acquire(): Acquired ID : 8788537  [4183 / 9]    HINT : APP_START    list :
02-05 17:40:53.399   726   817 I HYPER-HAL: [ResourceManager.cpp]updateResource(): [CPUMaxFreq] UpdateResource Request ID : 8788537    Value : 2730000
02-05 17:40:53.400  1163  1796 V WindowOrientationListener: getProposedRotation: 0
02-05 17:40:53.402  1163  1796 W WindowManager: lockNow pending, ignore updating lockscreen timeout
02-05 17:40:53.403  1163  1235 D SamsungIMMSHWKeyboard: isConnectedDexOnPC false
02-05 17:40:53.403 15500 15500 I SurfaceControl: nativeRelease nativeObject s[499183202816]
02-05 17:40:53.403 15500 15500 I SurfaceControl: nativeRelease nativeObject e[499183202816]
02-05 17:40:53.403 15500 15500 I SurfaceControl: nativeRelease nativeObject s[499183206464]
02-05 17:40:53.403 15500 15500 I SurfaceControl: nativeRelease nativeObject e[499183206464]
02-05 17:40:53.403  1163  1235 D InputMethodManagerService: isImeSwitcherDisabledPackage : false
02-05 17:40:53.404 15500 15500 I ViewRootImpl@736e81[InstrumentationActivityInvoker$EmptyActivity]: MSG_WINDOW_FOCUS_CHANGED 0 1
02-05 17:40:53.404 15500 15559 I TestRunner: finished: horizontal_list_button_is_displayed(com.example.dogglers.ButtonTests)
