02-05 17:40:54.165 15500 15500 I ViewRootImpl@cdd0382[InstrumentationActivityInvoker$EmptyActivity]: [DP] pd() Asnyc report
02-05 17:40:54.165   716   957 D gralloc : [mali_gralloc_allocate] allocation successful
02-05 17:40:54.165   716   957 D gralloc : [mali_gralloc_allocate] begin
02-05 17:40:54.165   716   957 D gralloc : buffer_descriptor: wh(1080 2400) usage_pc(0x40000000000b00 0x40000000000b00) hal_format(0x1) layer_count(1) sizes(0 0 0) strde(0) byte_stride(0) alloc_wh(0 0) internal_format(0x0) alloc_format(0x0) fd_count(1) plane_count(0)
02-05 17:40:54.165   716   957 D gralloc : [mali_gralloc_allocate] allocation successful
02-05 17:40:54.166   716   957 D gralloc : [mali_gralloc_allocate] begin
02-05 17:40:54.166   716   957 D gralloc : buffer_descriptor: wh(1080 2400) usage_pc(0x40000000000b00 0x40000000000b00) hal_format(0x1) layer_count(1) sizes(0 0 0) strde(0) byte_stride(0) alloc_wh(0 0) internal_format(0x0) alloc_format(0x0) fd_count(1) plane_count(0)
02-05 17:40:54.166   789   789 I Layer   : id=79685[1] Destroyed ActivityRecord{5542610 u0 com.example.dogglers/.MainActivity t12729}#0
02-05 17:40:54.166   789   789 I Layer   : id=79690[1] Destroyed 4079404 com.example.dogglers/com.example.dogglers.MainActivity#0
02-05 17:40:54.167   789   789 I Layer   : id=79691[1] Destroyed com.example.dogglers/com.example.dogglers.MainActivity$_15500#0
02-05 17:40:54.169   789  1273 I Layer   : id=79703 removeFromCurrentState Surface(name=8c655e2 StatusBar)/@0x44a9b07 - animation-leash#1 (193)
02-05 17:40:54.169   789  1273 I Layer   : id=79704 removeFromCurrentState Surface(name=b29f82b NavigationBar0)/@0x8634759 - animation-leash#0 (193)
02-05 17:40:54.169 15500 15500 I ViewRootImpl@cdd0382[InstrumentationActivityInvoker$EmptyActivity]: [DP] pdf(0) 1 android.view.ViewRootImpl.lambda$performDraw$1$ViewRootImpl:4668 android.view.-$$Lambda$ViewRootImpl$DJd0VUYJgsebcnSohO6h8zc_ONI.run:6 android.os.Handler.handleCallback:938
02-05 17:40:54.169 15500 15500 I ViewRootImpl@cdd0382[InstrumentationActivityInvoker$EmptyActivity]: [DP] rdf()
02-05 17:40:54.169   716   957 D gralloc : [mali_gralloc_allocate] allocation successful
02-05 17:40:54.170 15074 15074 I Finsky  : [2] ProfileStateService.onCreate(1): XPF:creating profileStateService
02-05 17:40:54.170 15500 15500 I ViewRootImpl@27bfcc[InstrumentationActivityInvoker$EmptyActivity]: MSG_WINDOW_FOCUS_CHANGED 0 1
02-05 17:40:54.171  1163  1240 W WindowManager: lockNow pending, ignore updating lockscreen timeout
02-05 17:40:54.173  1163  1240 D PkgPredictorService: pkg:com.example.dogglers activity:androidx.test.core.app.InstrumentationActivityInvoker$EmptyActivity thisTime:61
02-05 17:40:54.174  1163  1244 I ActivityTaskManager: Displayed com.example.dogglers/androidx.test.core.app.InstrumentationActivityInvoker$EmptyActivity: +61ms
02-05 17:40:54.175  1163  1240 W WindowManager: lockNow pending, ignore updating lockscreen timeout
02-05 17:40:54.176  2669  2669 E pageboostd: Received HALT command code 2
02-05 17:40:54.177 15500 15500 I SurfaceControl: nativeRelease nativeObject s[499014748064]
02-05 17:40:54.177 15500 15500 I SurfaceControl: nativeRelease nativeObject e[499014748064]
02-05 17:40:54.177 15500 15500 I SurfaceControl: nativeRelease nativeObject s[499014751424]
02-05 17:40:54.177 15500 15500 I SurfaceControl: nativeRelease nativeObject e[499014751424]
02-05 17:40:54.177 15500 15500 I SurfaceControl: nativeRelease nativeObject s[499014751136]
02-05 17:40:54.177 15500 15500 I SurfaceControl: nativeRelease nativeObject e[499014751136]
02-05 17:40:54.177   789  2265 I SurfaceFlinger: id=79704 Removed Surface(name=b29f82b NavigationBar0)/@0x8634759 - animation-leash#0 (193)
02-05 17:40:54.177   789  2265 I SurfaceFlinger: id=79703 Removed Surface(name=8c655e2 StatusBar)/@0x44a9b07 - animation-leash#1 (193)
02-05 17:40:54.179 15074 15074 I Finsky  : [2] ggt.a(3): XPF:Registering listener 23037522 for user UserHandle{0}.
02-05 17:40:54.180 15074 15074 I Finsky  : [2] ggt.b(4): XPF:User UserHandle{0} finished enterprise setup, removing profile.
02-05 17:40:54.180 15074 15074 I Finsky  : [2] khp.a(12): IQ: Connection has changed false
02-05 17:40:54.180 15074 15074 I Finsky  : [2] khp.a(12): IQ: Connection has changed false
02-05 17:40:54.180 15074 15074 I Finsky  : [2] ggt.h(2): XPF:0 profiles are currently in enterprise setup
02-05 17:40:54.180 15074 15074 I Finsky  : [2] InstallQueuePhoneskyJob.g(7): IQ::IQPJ: Start job 6469
02-05 17:40:54.183   789   789 I Layer   : id=79703[1] Destroyed Surface(name=8c655e2 StatusBar)/@0x44a9b07 - animation-leash#1
02-05 17:40:54.183   789   789 I Layer   : id=79704[1] Destroyed Surface(name=b29f82b NavigationBar0)/@0x8634759 - animation-leash#0
02-05 17:40:54.183 15500 15565 I mali_egl: eglDestroySurface() in
02-05 17:40:54.184  1163  1801 I InputDispatcher: Focus entered window (15500): 8d09adb in display 0 0
02-05 17:40:54.184 15500 15565 I mali_winsys: delete_surface() [1080x2400] return
02-05 17:40:54.184 15500 15565 I mali_egl: eglDestroySurface() out
02-05 17:40:54.184   789   835 E BufferQueueProducer: [com.example.dogglers/androidx.test.core.app.InstrumentationActivityInvoker$EmptyActivity$_15500#0](id:315000036bc,api:0,p:-1,c:789) disconnect: not connected (req=1)
02-05 17:40:54.184 15500 15565 W libEGL  : EGLNativeWindowType 0x743a8a6010 disconnect failed
02-05 17:40:54.184   726   817 I HYPER-HAL: [ResourceManager.cpp]removeResource(): [CPUMinFreq] RemoveResource Request ID : 699172
02-05 17:40:54.184   726   817 I HYPER-HAL: [RequestManager.cpp]releaseLocked(): Released ID : 699172
02-05 17:40:54.185  1163  1801 V WindowManager: Relayout Window{defd3d7 u0 com.example.dogglers/androidx.test.core.app.InstrumentationActivityInvoker$EmptyActivity}: viewVisibility=8 req=1080x2400
02-05 17:40:54.185  1163  1801 W WindowManager: lockNow pending, ignore updating lockscreen timeout
02-05 17:40:54.186   789   789 D SurfaceFlinger: Display 21442653864348033 HWC layers:
02-05 17:40:54.186   789   789 D SurfaceFlinger:      DEVICE | 0x7428c3e1c0 | 0002 | RGBA_8888    |    0.0    0.0 1080.0 2400.0 |    0    0 1080 2400 | com.example.dogglers/androidx.test.c[...]tivityInvoker$EmptyActivity$_15500#1
02-05 17:40:54.186   789   789 D SurfaceFlinger:      DEVICE | 0x7428c3e6c0 | 0000 | RGBA_8888    |    0.0    0.0 1080.0   88.0 |    0    0 1080   88 | StatusBar$_1680#0
02-05 17:40:54.186   789   789 D SurfaceFlinger:      DEVICE | 0x7428c40600 | 0000 | RGBA_8888    |    0.0    0.0 1080.0  144.0 |    0 2256 1080 2400 | NavigationBar0$_1680#0
02-05 17:40:54.186   789   789 D SurfaceFlinger:      DEVICE | 0x7408191180 | 0000 | RGBA_8888    |    0.0    0.0 1080.0  125.0 |    0    0 1080  125 | ScreenDecorOverlay$_1680#0
02-05 17:40:54.186   789   789 D SurfaceFlinger:      DEVICE | 0x7428c3f480 | 0000 | RGBA_8888    |    0.0    0.0 1080.0  112.0 |    0 2288 1080 2400 | ScreenDecorOverlayBottom$_1680#0
02-05 17:40:54.186   789   789 D SurfaceFlinger:
02-05 17:40:54.186 15074 15315 I Finsky  : [53236] kgt.D(6): IQ: Pruning inactive install requests
02-05 17:40:54.186  1163  1801 V WindowManager: Relayout hash=defd3d7, pid=15500: mAttrs={(0,0)(fillxfill) sim={adjust=pan forwardNavigation} ty=BASE_APPLICATION wanim=0x1030001
02-05 17:40:54.186  1163  1801 V WindowManager:   fl=1810100
02-05 17:40:54.186  1163  1801 V WindowManager:   pfl=12020000
02-05 17:40:54.186  1163  1801 V WindowManager:   fitSides= naviIconColor=0}
02-05 17:40:54.186  1163  1240 W WindowManager: lockNow pending, ignore updating lockscreen timeout
02-05 17:40:54.186 15500 15500 I SurfaceControl: nativeRelease nativeObject s[499196691424]
02-05 17:40:54.186 15500 15500 I SurfaceControl: nativeRelease nativeObject e[499196691424]
02-05 17:40:54.187 15500 15500 I SurfaceControl: assignNativeObject: nativeObject = 0 Surface(name=null)/@0x212fcef / android.view.SurfaceControl.readFromParcel:1117 android.view.IWindowSession$Stub$Proxy.relayout:1810 android.view.ViewRootImpl.relayoutWindow:9005 android.view.ViewRootImpl.performTraversals:3360 android.view.ViewRootImpl.doTraversal:2618 android.view.ViewRootImpl$TraversalRunnable.run:9971 android.view.Choreographer$CallbackRecord.run:1010 android.view.Choreographer.doCallbacks:809 android.view.Choreographer.doFrame:744 android.view.Choreographer$FrameDisplayEventReceiver.run:995
02-05 17:40:54.187 15500 15500 I SurfaceControl: assignNativeObject: nativeObject = 0 Surface(name=null)/@0x1250215 / android.view.SurfaceControl.readFromParcel:1117 android.view.IWindowSession$Stub$Proxy.relayout:1820 android.view.ViewRootImpl.relayoutWindow:9005 android.view.ViewRootImpl.performTraversals:3360 android.view.ViewRootImpl.doTraversal:2618 android.view.ViewRootImpl$TraversalRunnable.run:9971 android.view.Choreographer$CallbackRecord.run:1010 android.view.Choreographer.doCallbacks:809 android.view.Choreographer.doFrame:744 android.view.Choreographer$FrameDisplayEventReceiver.run:995
02-05 17:40:54.187 15500 15500 I SurfaceControl: nativeRelease nativeObject s[499014748160]
02-05 17:40:54.187 15500 15500 I SurfaceControl: nativeRelease nativeObject e[499014748160]
02-05 17:40:54.187 15500 15500 I ViewRootImpl@27bfcc[InstrumentationActivityInvoker$EmptyActivity]: Relayout returned: old=(0,0,1080,2400) new=(0,0,1080,2400) req=(1080,2400)8 dur=3 res=0x5 s={false 0} ch=true fn=2
02-05 17:40:54.188 15074 15315 I Finsky  : [53236] kgt.D(37): IQ: 0 pending for job: 6469
02-05 17:40:54.188 15074 15315 I Finsky  : [53236] kgt.D(38): IQ: Finishing job 6469
02-05 17:40:54.188 15074 15315 I Finsky  : [53236] qew.r(4): SCH: jobFinished: 3-6469. TimeElapsed: 41ms.
02-05 17:40:54.189  1163  1801 D InputDispatcher: Focused application set to (0): 1dafdd4
02-05 17:40:54.190 15074 15315 I Finsky  : [53236] ggx.d(1): XPF:unbinding for 266859462
02-05 17:40:54.190  1163  1801 W WindowManager: lockNow pending, ignore updating lockscreen timeout
02-05 17:40:54.191 15074 15227 I Finsky  : [53217] ggt.e(3): XPF:Removing listener for user UserHandle{0} and listener 23037522
02-05 17:40:54.191 15074 15315 I Finsky  : [53236] kgt.D(45): IQ: No matching installs to run for jobs: [6469]
02-05 17:40:54.191 15500 15500 I ViewRootImpl@cdd0382[InstrumentationActivityInvoker$EmptyActivity]: MSG_WINDOW_FOCUS_CHANGED 1 1
02-05 17:40:54.192 15500 15500 D InputMethodManager: prepareNavigationBarInfo() DecorView@bdf45f7[InstrumentationActivityInvoker$EmptyActivity]
02-05 17:40:54.192 15500 15500 D InputMethodManager: getNavigationBarColor() -16711423
02-05 17:40:54.192 15500 15500 D InputMethodManager: prepareNavigationBarInfo() DecorView@bdf45f7[InstrumentationActivityInvoker$EmptyActivity]
02-05 17:40:54.192 15500 15500 D InputMethodManager: getNavigationBarColor() -16711423
02-05 17:40:54.192 15500 15500 V InputMethodManager: Starting input: tba=com.example.dogglers ic=null mNaviBarColor -16711423 mIsGetNaviBarColorSuccess true , NavVisible : true , NavTrans : false
02-05 17:40:54.192 15500 15500 D InputMethodManager: startInputInner - Id : 0
02-05 17:40:54.192 15500 15500 I InputMethodManager: startInputInner - mService.startInputOrWindowGainedFocus
02-05 17:40:54.192  1163  2104 D InputMethodManagerService: mSecureKeypadEnabled = false
02-05 17:40:54.192  1163  2104 V InputMethodManagerService: hideCurrentInputLocked : shouldHideSoftInput is false
02-05 17:40:54.193  1163  2104 D InputMethodManagerService: DESKTOP MODE! : 2
02-05 17:40:54.193  1163  2104 D InputMethodManagerService: NOT IN KNOX DESKTOP MODE!
02-05 17:40:54.193  1163  2104 V InputMethodManagerService: getDisplayIdOfInputMethodWindowToBeAdded : 0
02-05 17:40:54.193  1163  2104 D InputMethodManagerService: checkDisplayOfStartInputAndUpdateKeyboard display Id 0last 0
02-05 17:40:54.193  1163  2104 D InputTransport: Input channel constructed: 'ClientS', fd=920
02-05 17:40:54.193  1163  2104 D InputTransport: Input channel destroyed: 'ClientS', fd=920
02-05 17:40:54.193 15500 15500 D InputTransport: Input channel constructed: 'ClientS', fd=95
02-05 17:40:54.193 15500 15500 D InputTransport: Input channel destroyed: 'ClientS', fd=99
02-05 17:40:54.193 15500 15500 I ViewRootImpl@27bfcc[InstrumentationActivityInvoker$EmptyActivity]: stopped(true) old=false
02-05 17:40:54.193 15500 15500 D LifecycleMonitor: Lifecycle status change: androidx.test.core.app.InstrumentationActivityInvoker$EmptyActivity@43572a3 in: STOPPED
02-05 17:40:54.193 15500 15500 D LifecycleMonitor: running callback: androidx.test.core.app.ActivityScenario$1@9775e80
02-05 17:40:54.194 15500 15500 V ActivityScenario: Activity lifecycle changed event received but ignored because the intent does not match. startActivityIntent=Intent { act=android.intent.action.MAIN cat=[android.intent.category.LAUNCHER] cmp=com.example.dogglers/.MainActivity }, activity.getIntent()=Intent { act=android.intent.action.MAIN cat=[android.intent.category.LAUNCHER] flg=0x10000000 cmp=com.example.dogglers/androidx.test.core.app.InstrumentationActivityInvoker$EmptyActivity }, activity=androidx.test.core.app.InstrumentationActivityInvoker$EmptyActivity@43572a3
02-05 17:40:54.194 15500 15500 D LifecycleMonitor: callback completes: androidx.test.core.app.ActivityScenario$1@9775e80
02-05 17:40:54.195  1163  2104 I SurfaceControl: nativeRelease nativeObject s[496861208224]
02-05 17:40:54.195  1163  2104 I SurfaceControl: nativeRelease nativeObject e[496861208224]
02-05 17:40:54.195   789  1272 I SurfaceFlinger: id=79711 createSurf (0x0),-1 flag=24004, Surface(name=dbf3b45 InputMethod)/@0xf70bba8 - animation-leash#0
02-05 17:40:54.197  3640  3640 I GoogleInputMethodService: GoogleInputMethodService.onFinishInput():3316
02-05 17:40:54.197  3640  3640 I GoogleInputMethodService: GoogleInputMethodService.updateDeviceLockedStatus():2181 checkRepeatedly = false, unlocked = true
02-05 17:40:54.197  3640  3640 D InputMethodService: checkDisplayOfStartInputAndUpdateKeyboard display Id 0last 0
02-05 17:40:54.198  3640  3640 I GoogleInputMethodService: GoogleInputMethodService.onStartInput():1989
02-05 17:40:54.198  3640  3640 I GoogleInputMethodService: GoogleInputMethodService.updateDeviceLockedStatus():2181 checkRepeatedly = true, unlocked = true
02-05 17:40:54.199 15500 15500 D LifecycleMonitor: Lifecycle status change: androidx.test.core.app.InstrumentationActivityInvoker$EmptyActivity@43572a3 in: DESTROYED
02-05 17:40:54.199 15500 15500 D LifecycleMonitor: running callback: androidx.test.core.app.ActivityScenario$1@9775e80
02-05 17:40:54.199 15500 15500 V ActivityScenario: Activity lifecycle changed event received but ignored because the intent does not match. startActivityIntent=Intent { act=android.intent.action.MAIN cat=[android.intent.category.LAUNCHER] cmp=com.example.dogglers/.MainActivity }, activity.getIntent()=Intent { act=android.intent.action.MAIN cat=[android.intent.category.LAUNCHER] flg=0x10000000 cmp=com.example.dogglers/androidx.test.core.app.InstrumentationActivityInvoker$EmptyActivity }, activity=androidx.test.core.app.InstrumentationActivityInvoker$EmptyActivity@43572a3
02-05 17:40:54.199 15500 15500 D LifecycleMonitor: callback completes: androidx.test.core.app.ActivityScenario$1@9775e80
02-05 17:40:54.199   726 16130 I HYPER-HAL: [ResourceManager.cpp]removeResource(): [CPUMinFreq] RemoveResource Request ID : 718236
02-05 17:40:54.199 15500 15500 I ViewRootImpl@27bfcc[InstrumentationActivityInvoker$EmptyActivity]: dispatchDetachedFromWindow
02-05 17:40:54.199   726 16130 I HYPER-HAL: [RequestManager.cpp]releaseLocked(): Released ID : 718236
02-05 17:40:54.199  1163  3944 D InputTransport: Input channel destroyed: 'defd3d7', fd=857
02-05 17:40:54.200  1163  3944 I SurfaceControl: nativeRelease nativeObject s[496867020320]
02-05 17:40:54.200  1163  3944 I SurfaceControl: nativeRelease nativeObject e[496867020320]
02-05 17:40:54.200  1163  3944 D WindowManager: isScreenshotDisabledLocked - win: Window{defd3d7 u0 com.example.dogglers/androidx.test.core.app.InstrumentationActivityInvoker$EmptyActivity}
02-05 17:40:54.200  1163  3944 D WindowManager: isScreenshotDisabledLocked: userId = 0, disabled =false
02-05 17:40:54.200  1163  3944 I SurfaceControl: nativeRelease nativeObject s[499183204256]
02-05 17:40:54.200  1163  3944 I SurfaceControl: nativeRelease nativeObject e[499183204256]
02-05 17:40:54.200   789  1272 I Layer   : id=79702 removeFromCurrentState com.example.dogglers/androidx.test.core.app.InstrumentationActivityInvoker$EmptyActivity$_15500#0 (192)
02-05 17:40:54.201  1163  3944 W WindowManager: lockNow pending, ignore updating lockscreen timeout
02-05 17:40:54.201   789   835 I Layer   : id=79706 removeFromCurrentState Surface(name=dbf3b45 InputMethod)/@0xf70bba8 - animation-leash#1 (192)
02-05 17:40:54.201   789   835 I Layer   : id=79699 removeFromCurrentState defd3d7 com.example.dogglers/androidx.test.core.app.InstrumentationActivityInvoker$EmptyActivity#0 (192)
02-05 17:40:54.202 15500 15500 D InputTransport: Input channel destroyed: 'defd3d7', fd=98
02-05 17:40:54.202   789  1273 I SurfaceFlinger: id=79699 Removed defd3d7 com.example.dogglers/androidx.test.core.app.InstrumentationActivityInvoker$EmptyActivity#0 (192)
02-05 17:40:54.202   789  1272 I SurfaceFlinger: id=79702 Removed com.example.dogglers/androidx.test.core.app.InstrumentationActivityInvoker$EmptyActivity$_15500#0 (192)
02-05 17:40:54.203 15500 15500 D LifecycleMonitor: Lifecycle status change: androidx.test.core.app.InstrumentationActivityInvoker$EmptyActivity@860aa91 in: PAUSED
02-05 17:40:54.203 15500 15500 D LifecycleMonitor: running callback: androidx.test.core.app.ActivityScenario$1@9775e80
02-05 17:40:54.203  1163  3944 I SurfaceControl: nativeRelease nativeObject s[496884987712]
02-05 17:40:54.203  1163  3944 I SurfaceControl: nativeRelease nativeObject e[496884987712]
02-05 17:40:54.203 15500 15500 V ActivityScenario: Activity lifecycle changed event received but ignored because the intent does not match. startActivityIntent=Intent { act=android.intent.action.MAIN cat=[android.intent.category.LAUNCHER] cmp=com.example.dogglers/.MainActivity }, activity.getIntent()=Intent { act=android.intent.action.MAIN cat=[android.intent.category.LAUNCHER] flg=0x10000000 cmp=com.example.dogglers/androidx.test.core.app.InstrumentationActivityInvoker$EmptyActivity }, activity=androidx.test.core.app.InstrumentationActivityInvoker$EmptyActivity@860aa91
02-05 17:40:54.203 15500 15500 D LifecycleMonitor: callback completes: androidx.test.core.app.ActivityScenario$1@9775e80
02-05 17:40:54.209  1163  1793 I SemDvfsHyPerManager: acquire hyper - AMS_APP_HOME/1163@35, type = -999
02-05 17:40:54.209   726   817 I HYPER-HAL: [RequestManager.cpp]acquire(): Acquired ID : 718236  [1163 / 35]    HINT : AMS_APP_HOME    list :
02-05 17:40:54.210  4183  4183 I SemDvfsHyPerManager: acquire hyper - com.sec.android.sdhms/4183@9, type = -999
02-05 17:40:54.210   726   817 I HYPER-HAL: [ResourceManager.cpp]updateResource(): [CPUMinFreq] UpdateResource Request ID : 718236    Value : 2623359
02-05 17:40:54.210   726   817 I HYPER-HAL: [RequestManager.cpp]acquire(): Acquired ID : 8788537  [4183 / 9]    HINT : APP_START    list :
02-05 17:40:54.210   726   817 I HYPER-HAL: [ResourceManager.cpp]updateResource(): [CPUMaxFreq] UpdateResource Request ID : 8788537    Value : 2730000
02-05 17:40:54.210  1163  1793 V WindowOrientationListener: getProposedRotation: 0
02-05 17:40:54.213  1163  1793 W WindowManager: lockNow pending, ignore updating lockscreen timeout
02-05 17:40:54.213   789   835 I Layer   : id=79696 removeFromCurrentState ActivityRecord{22cb932 u0 com.example.dogglers/androidx.test.core.app.InstrumentationActivityInvoker$EmptyActivity t12729}#0 (192)
02-05 17:40:54.214   789   835 I SurfaceFlinger: id=79696 Removed ActivityRecord{22cb932 u0 com.example.dogglers/androidx.test.core.app.InstrumentationActivityInvoker$EmptyActivity t12729}#0 (192)
02-05 17:40:54.214  1163  1793 D SamsungIMMSHWKeyboard: isConnectedDexOnPC false
02-05 17:40:54.214 15500 15500 I SurfaceControl: nativeRelease nativeObject s[499183203392]
02-05 17:40:54.214 15500 15500 I SurfaceControl: nativeRelease nativeObject e[499183203392]
02-05 17:40:54.214 15500 15500 I SurfaceControl: nativeRelease nativeObject s[499183206464]
02-05 17:40:54.214 15500 15500 I SurfaceControl: nativeRelease nativeObject e[499183206464]
02-05 17:40:54.214  1163  1793 D InputMethodManagerService: isImeSwitcherDisabledPackage : false
02-05 17:40:54.215 15500 15559 I TestRunner: finished: vertical_list_button_is_displayed(com.example.dogglers.ButtonTests)
