02-05 17:40:50.904  4084  4343 E DatabaseUtils: 	at android.os.Parcel.readParcelableCreator(Parcel.java:3376)
02-05 17:40:50.904  4084  4343 E DatabaseUtils: 	at android.os.Parcel.readParcelable(Parcel.java:3284)
02-05 17:40:50.904  4084  4343 E DatabaseUtils: 	at android.os.Parcel.readValue(Parcel.java:3186)
02-05 17:40:50.904  4084  4343 E DatabaseUtils: 	at android.os.Parcel.readArrayMapInternal(Parcel.java:3579)
02-05 17:40:50.904  4084  4343 E DatabaseUtils: 	at android.os.BaseBundle.initializeFromParcelLocked(BaseBundle.java:292)
02-05 17:40:50.904  4084  4343 E DatabaseUtils: 	at android.os.BaseBundle.unparcel(BaseBundle.java:236)
02-05 17:40:50.904  4084  4343 E DatabaseUtils: 	at android.os.BaseBundle.getString(BaseBundle.java:1196)
02-05 17:40:50.904  4084  4343 E DatabaseUtils: 	at com.sec.android.diagmonagent.dma.DiagmonProvider.call(DiagmonProvider.java:69)
02-05 17:40:50.904  4084  4343 E DatabaseUtils: 	at android.content.ContentProvider.call(ContentProvider.java:2489)
02-05 17:40:50.904  4084  4343 E DatabaseUtils: 	at android.content.ContentProvider$Transport.call(ContentProvider.java:517)
02-05 17:40:50.904  4084  4343 E DatabaseUtils: 	at android.content.ContentProviderNative.onTransact(ContentProviderNative.java:295)
02-05 17:40:50.904  4084  4343 E DatabaseUtils: 	at android.os.Binder.execTransactInternal(Binder.java:1190)
02-05 17:40:50.904  4084  4343 E DatabaseUtils: 	at android.os.Binder.execTransact(Binder.java:1159)
02-05 17:40:50.904 15677 15677 I [SC]ModelManager: found: com.samsung.android.scloud.syncadapter.note.model.SNote4
02-05 17:40:50.904 15677 15677 I [SC]ModelManager: found: com.samsung.android.scloud.syncadapter.memo.Memo
02-05 17:40:50.904 15677 15677 I [SC]ModelManager: found: com.samsung.android.scloud.syncadapter.memo.Category
02-05 17:40:50.904 15677 15677 E [SC]ModelManager: [E] load failed: com.samsung.android.scloud.syncadapter.note.model.SNote4
02-05 17:40:50.904 15677 15677 E [SC]ModelManager: load failed: com.samsung.android.scloud.syncadapter.memo.Memo
02-05 17:40:50.904 15677 15677 E [SC]ModelManager: load failed: com.samsung.android.scloud.syncadapter.memo.Category
02-05 17:40:50.904 15677 15677 E [SC]ModelManager:
02-05 17:40:50.904 15677 15677 I [SC]ModelManager: getSyncManager : SBROWSER_SAVEDPAGES_content://com.scloud.sync.SyncClientAuthority, false
02-05 17:40:50.905 15677 15677 E [SC]ExternalSyncAdapter-com.sec.android.app.sbrowser: [E] package not found - com.sec.android.app.sbrowser
02-05 17:40:50.905 15677 15803 W DIAGMON_SDK[605036][026-399-529756] : Fail to app perf Data
02-05 17:40:50.906 15677 15677 I CapsuleProvider_1.0.21: releasing initialize wait lock.
02-05 17:40:50.906 15677 15677 I [SC]SbixbyProxy: Bixby 2.0 was activiated
02-05 17:40:50.906 15677 15677 I [SC]SiopLevelMonitorReceiverImpl: onReceive: com.samsung.intent.action.CHECK_SIOP_LEVEL
02-05 17:40:50.908 15677 15677 I [SC]BatteryMonitorReceiverImpl: onReceive: android.intent.action.BATTERY_CHANGED
02-05 17:40:50.912 15709 15709 W .osp.app.signi: Opening an oat file without a class loader. Are you using the deprecated DexFile APIs?
02-05 17:40:50.912 15677 15796 I SmpLog  : [SMP] get token : ...NQ (152)
02-05 17:40:50.914  1163  1552 W SyncManager: failed sync operation JobId=100090 ***/com.osp.app.signin u0 [com.sec.android.app.sbrowser] PERIODIC Reason=Periodic (period=1d00h00m00s flex=57m36s), SyncResult: databaseError: true stats []
02-05 17:40:50.917 15677 15794 I SmpLog  : [SMP] Test mode: false, v:3.2.7, com.samsung.android.scloud
02-05 17:40:50.917 15677 15794 I SmpLog  : [SMP] ptype:fcm, token:...NQ (152), D:null, U:null, S:false, M:null, P:SPP_ONLY_MODE
02-05 17:40:50.918 15709 15709 I FirebaseApp: Device unlocked: initializing all Firebase APIs for app [DEFAULT]
02-05 17:40:50.919  1163  3939 D SyncManager: userId - 0 auto - true
02-05 17:40:50.923 15709 15709 I FirebaseInitProvider: FirebaseApp initialization successful
02-05 17:40:50.923 15709 15709 I SamsungAccount: [AccountManagerProvider] onCreate
02-05 17:40:50.923 15709 15709 I CapsuleProvider_1.0.20: onCreate
02-05 17:40:50.924 15709 15709 D WM-WrkMgrInitializer: Initializing WorkManager with default configuration.
02-05 17:40:50.926  1163  3935 D PackageManager: setEnabledSetting : userId = 0 packageName = com.osp.app.signin cmp = androidx.work.impl.background.systemjob.SystemJobService newState = 1 callingPackage = 10115/com.osp.app.signin
02-05 17:40:50.931 15500 15500 D IdlingResourceRegistry: All idling resources are idle.
02-05 17:40:50.931 15500 15500 D IdlingResourceRegistry: All idling resources are idle.
02-05 17:40:50.931 15709 15709 I TetheringManager: registerTetheringEventCallback:com.osp.app.signin
02-05 17:40:50.931 15709 15709 D ConnectivityManager: ConnectivityManager() mContext=com.osp.app.signin.SamsungService@13634f1 getOpPackageName()=com.osp.app.signin getBasePackageName()=com.osp.app.signin getPackageName()=com.osp.app.signin
02-05 17:40:50.933 15709 15811 I DynamiteModule: Considering local module com.google.android.gms.measurement.dynamite:55 and remote module com.google.android.gms.measurement.dynamite:59
02-05 17:40:50.933 15709 15811 I DynamiteModule: Selected remote version of com.google.android.gms.measurement.dynamite, version >= 59
02-05 17:40:50.933 15709 15811 V DynamiteModule: Dynamite loader version >= 2, using loadModule2NoCrashUtils
02-05 17:40:50.934 15709 15709 D DIAGMON_SDK[605045]: setDeviceId :
02-05 17:40:50.941 15709 15709 I SamsungAccount: [GlobalSearchProvider] secQueryGetFingerprint : 1310100001pt_BR
02-05 17:40:50.944 15709 15709 I SamsungAccount: [SamsungService(Application)] onCreate START
02-05 17:40:50.944 15709 15709 D SamsungAccount$: init Log Path : /data/user/0/com.osp.app.signin/Log/
02-05 17:40:50.955 15709 15709 D SamsungAccount$: init success
02-05 17:40:50.959 15709 15709 I SamsungAccount: [TestPropertyManager] setPropStagingMode, server: NONE
02-05 17:40:50.959 15709 15709 I SamsungAccount: [TestPropertyManager] HiddenModeValueIsSet? false [hiddenModeServerName: NONE, hiddenModeMcc: NONE, isMarketingAgreementToastMode: false, isAgreementHistoryWriteMode: false]
02-05 17:40:50.963 15709 15709 I SamsungAccount: [DeviceManager] init START
02-05 17:40:50.965 15709 15709 I SamsungAccount: [DeviceManager] init END
02-05 17:40:50.965 15709 15709 I SamsungAccount: [OpenDBManager] saveOpenData(Support_SamsungPass_Integration, true)
02-05 17:40:50.965 15709 15709 I SamsungAccount: [OpenContentProvider]  URI : content://com.msc.openprovider.openContentProvider/openData
02-05 17:40:50.967 15709 15709 I SamsungAccount: [OpenContentProvider] update openData : true
02-05 17:40:50.967 15709 15709 I SamsungAccount: [PushUtil] enable firebase auto init by BR
02-05 17:40:50.969 15709 15709 I SamsungAccount: [AccountManagerUtil] isSamsungAccountSignedIn : true
02-05 17:40:50.969 15709 15709 I SamsungAccount: [PushUtil] requestSmpInit
02-05 17:40:50.969 15709 15709 I SmpLog  : [SMP] init. S:true, P:FCM_PRIMARY_MODE
02-05 17:40:50.970 15709 15709 I SamsungAccount: [SamsungService] PUSH_STATE_CHECK registerId = not empty
02-05 17:40:50.970 15709 15709 I SamsungAccount: [StateCheckUtil] getLogPushRegistrationResult result = REGISTRATION_SUCCESS
02-05 17:40:50.970 15709 15709 I SamsungAccount: [SamsungService] PUSH_STATE_CHECK resultState = REGISTRATION_SUCCESS
02-05 17:40:50.970 15709 15709 I SamsungAccount: [SamsungService] check push token updates
02-05 17:40:50.970 15709 15709 I SamsungAccount: [PushUtil] checkTokenUpdates
02-05 17:40:50.974 15709 15709 I SmpLog  : [SMP] get push type : fcm
02-05 17:40:50.974 15709 15709 I SmpLog  : [SMP] get token : ...vz (152)
02-05 17:40:50.974 15709 15709 I SamsungAccount: [AccountManagerUtil] makeSamsungAccountVisible
02-05 17:40:50.975 15709 15828 I SmpLog  : [SMP] Test mode: false, v:3.2.6, com.osp.app.signin
02-05 17:40:50.975 15709 15828 I SmpLog  : [SMP] ptype:fcm, token:...vz (152), D:null, U:null, S:false, M:null, P:FCM_PRIMARY_MODE
02-05 17:40:50.979 15709 15709 I SamsungAccount: [DbManagerV2] getEmailID
02-05 17:40:50.979 15709 15709 I SamsungAccount: [DbManagerV2] getDataV02ForItems : EMAIL_ID from Db
02-05 17:40:50.986   916   916 I keystore: !@ reading blob user_0/10115_USRPKEY_com+^osp+^app+^signin_samsung_account_key
02-05 17:40:50.986 15709 15824 I FA      : App measurement disabled via the manifest
02-05 17:40:50.987 15709 15824 I FA      : App measurement initialized, version: 50018
02-05 17:40:50.987 15709 15824 I FA      : To enable debug logging run: adb shell setprop log.tag.FA VERBOSE
02-05 17:40:50.987 15709 15824 I FA      : To enable faster debug mode event logging run:
02-05 17:40:50.987 15709 15824 I FA      :   adb shell setprop debug.firebase.analytics.app com.osp.app.signin
02-05 17:40:50.988   916   916 I keystore: !@ reading blob user_0/10115_USRPKEY_com+^osp+^app+^signin_samsung_account_key
02-05 17:40:50.989   916   916 I keystore: !@ Start - USRPKEY_com.osp.app.signin_samsung_account_key from uid 10115 for uid 10115, isKnoxKey(0)
02-05 17:40:50.989   916   916 I keystore: !@ reading blob user_0/10115_USRPKEY_com+^osp+^app+^signin_samsung_account_key
02-05 17:40:50.990   532   532 W keymaster_tee: [WRN]begin req PARAMS: A32 B2 P64
02-05 17:40:50.995 15500 15500 D IdlingResourceRegistry: All idling resources are idle.
02-05 17:40:50.995 15500 15500 D IdlingResourceRegistry: All idling resources are idle.
02-05 17:40:50.996 15709 15709 I SamsungAccount: [AccountManagerUtil] isSamsungAccountSignedIn : true
02-05 17:40:50.996 15500 15500 D IdlingResourceRegistry: All idling resources are idle.
02-05 17:40:50.996 15500 15500 D IdlingResourceRegistry: All idling resources are idle.
02-05 17:40:50.996 15709 15709 I SamsungAccount: [DeviceManager] SEP Platform version : 12.1
02-05 17:40:50.997 15709 15832 I SamsungAccount: [ConsentWorkManager] startWorkerAfterCheckCondition
02-05 17:40:50.997 15500 15500 I ViewInteraction: Checking 'MatchesViewAssertion{viewMatcher=is displayed on the screen to the user}' assertion on view with id is <com.example.dogglers:id/grid_recycler_view>
02-05 17:40:50.997 15709 15709 D SamsungAnalytics605045: [Utils] dma pkg:700901000
02-05 17:40:50.999 15709 15832 I SamsungAccount: [DeviceManager] isHeadlessDevice = false
02-05 17:40:50.999 15709 15832 I SamsungAccount: [ConsentWorkManager] checkWorkerIsRunning
02-05 17:40:51.002 32609 32609 D BoundBrokerSvc: onBind: Intent { act=com.google.android.gms.measurement.START pkg=com.google.android.gms }
02-05 17:40:51.002 32609 32609 D BoundBrokerSvc: Loading bound service for intent: Intent { act=com.google.android.gms.measurement.START pkg=com.google.android.gms }
02-05 17:40:51.003 15709 15709 D SamsungAnalytics605045: newThread on Executor
02-05 17:40:51.004 15709 15709 D SamsungAnalytics605045: [Tracker] Tracker start:6.05.045 , senderType : 3
02-05 17:40:51.004 15709 15832 I SamsungAccount: [AccountManagerUtil] isSamsungAccountSignedIn : true
02-05 17:40:51.004 15709 15832 I SamsungAccount: [ConsentWorkManager] startWorkerAfterCheckCondition, isHeadlessDevice: false, isRunning : true, isSignOut : false
02-05 17:40:51.004 15709 15709 I SamsungAccount: [AnalyticsPref] setSaVersionStatus : 13.1.01.1
02-05 17:40:51.005  1163  3938 I SemDvfsHyPerManager: acquire hyper - AMS_ACT_START/1163@20, type = -999
02-05 17:40:51.006   726   817 I HYPER-HAL: [RequestManager.cpp]acquire(): Acquired ID : 700356  [1163 / 20]    HINT : AMS_ACT_START    list :
02-05 17:40:51.006   726   817 I HYPER-HAL: [ResourceManager.cpp]updateResource(): [CPUMinFreq] UpdateResource Request ID : 700356    Value : 1930195
02-05 17:40:51.006   789  1273 I SurfaceFlinger: id=79565 createSurf (0x0),-1 flag=80004, ActivityRecord{ec7791e u0 com.example.dogglers/androidx.test.core.app.InstrumentationActivityInvoker$EmptyActivity t12726}#0
02-05 17:40:51.010  1163  3938 W WindowManager: lockNow pending, ignore updating lockscreen timeout
02-05 17:40:51.012 15500 15500 D LifecycleMonitor: Lifecycle status change: com.example.dogglers.GridListActivity@e68d8f4 in: PAUSED
02-05 17:40:51.012 15500 15500 D LifecycleMonitor: running callback: androidx.test.core.app.ActivityScenario$1@b686b2f
02-05 17:40:51.012 15500 15500 V ActivityScenario: Activity lifecycle changed event received but ignored because the intent does not match. startActivityIntent=Intent { act=android.intent.action.MAIN cat=[android.intent.category.LAUNCHER] cmp=com.example.dogglers/.MainActivity }, activity.getIntent()=Intent { cmp=com.example.dogglers/.GridListActivity }, activity=com.example.dogglers.GridListActivity@e68d8f4
02-05 17:40:51.012 15500 15500 D LifecycleMonitor: callback completes: androidx.test.core.app.ActivityScenario$1@b686b2f
02-05 17:40:51.013 15709 15709 I SamsungAccount: [AccountManagerUtil] isSamsungAccountSignedIn : true
02-05 17:40:51.013 15709 15709 I SamsungAccount: [AnalyticsPref] setSignedInStatus : 1
02-05 17:40:51.013 15709 15836 D SamsungAnalytics605045: user do not agree setting
02-05 17:40:51.013  1163  3935 V WindowOrientationListener: getProposedRotation: 0
02-05 17:40:51.013 15709 15836 D SamsungAnalytics605045: user do not agree setting
02-05 17:40:51.013  1163  3935 V WindowOrientationListener: getProposedRotation: 0
02-05 17:40:51.013 15709 15709 I SamsungAccount: [AccountDiagmonLogger] Diagmon Logger Init
02-05 17:40:51.013  1163  3935 V WindowOrientationListener: getProposedRotation: 0
02-05 17:40:51.014 15709 15709 I DIAGMON_SDK[605045]: DiagMonAgent type: 2
02-05 17:40:51.014 15709 15709 D DIAGMON_SDK[605045][773-399-565755] : setConfiguration type : CUSTOM
02-05 17:40:51.014  1163  3935 D InputDispatcher: Focused application set to (0): ec7791e
02-05 17:40:51.015 15709 15709 I DIAGMON_SDK[605045][773-399-565755] : generated SR object
02-05 17:40:51.016 15709 15709 I SamsungAccount: [DclPolicyJobService] polling job service was already scheduled (from:86400000 to:86400000)
02-05 17:40:51.016 15709 15709 I SamsungAccount: [SamsungAccount] initBixby2()
02-05 17:40:51.016 15709 15709 I CapsuleProvider_1.0.20: releasing initialize wait lock.
02-05 17:40:51.016 15709 15709 I SamsungAccount: [MobileServiceStateProxy] registerServiceStateForSesSdk : false
02-05 17:40:51.016 15709 15709 I SamsungAccount: [MobileServiceStateImpl] serviceName : AuthService
02-05 17:40:51.016 15709 15709 I SamsungAccount: [MobileServiceStateProxy] registerServiceState, AuthService is added
02-05 17:40:51.016 15709 15709 I SamsungAccount: [MobileServiceStateImpl] serviceName : ProfileService
02-05 17:40:51.016 15709 15709 I SamsungAccount: [MobileServiceStateProxy] registerServiceState, ProfileService is added
02-05 17:40:51.016 15709 15709 I SamsungAccount: [MobileServiceStateImpl] serviceName : PlaceService
02-05 17:40:51.016 15709 15709 I SamsungAccount: [MobileServiceStateProxy] registerServiceState, PlaceService is added
02-05 17:40:51.017 15709 15843 I SamsungAccount: [DclPolicyManager] 3.1.2 GET SERVICE POLICY
02-05 17:40:51.017 15709 15843 I SamsungAccount: [AccountManagerUtil] isSamsungAccountSignedIn : true
02-05 17:40:51.017 15709 15843 I SamsungAccount: [DclPolicyManager] Dcl policy : last server request time is not expired.
02-05 17:40:51.017 15709 15843 I SamsungAccount: [DclPolicyManager] Dcl policy : last server request time : 20220205090128
02-05 17:40:51.017  1163  3935 W WindowManager: lockNow pending, ignore updating lockscreen timeout
02-05 17:40:51.018 15709 15709 I SamsungAccount: [Migration]  startMigrationService : Migration was completed in the past! status - 2
02-05 17:40:51.018 15709 15709 I SamsungAccount: [EasySignUpMappingManager] requestMappingIfNeeded
02-05 17:40:51.018 15709 15709 I SamsungAccount: [OpenDBManager] isRequireEmailVerify
02-05 17:40:51.018 15709 15709 I SamsungAccount: [OpenDBManager] getTncCursor
02-05 17:40:51.019 15709 15709 I SamsungAccount: [OpenContentProvider]  URI : content://com.msc.openprovider.openContentProvider/tncRequest
02-05 17:40:51.019 15709 15709 I SamsungAccount: [AccountManagerUtil] isSamsungAccountSignedIn : true
02-05 17:40:51.021 15500 15500 D LifecycleMonitor: Lifecycle status change: androidx.test.core.app.InstrumentationActivityInvoker$EmptyActivity@33009f2 in: PRE_ON_CREATE
02-05 17:40:51.021 15500 15500 D LifecycleMonitor: running callback: androidx.test.core.app.ActivityScenario$1@b686b2f
02-05 17:40:51.021 15500 15500 V ActivityScenario: Activity lifecycle changed event received but ignored because the intent does not match. startActivityIntent=Intent { act=android.intent.action.MAIN cat=[android.intent.category.LAUNCHER] cmp=com.example.dogglers/.MainActivity }, activity.getIntent()=Intent { act=android.intent.action.MAIN cat=[android.intent.category.LAUNCHER] flg=0x10000000 cmp=com.example.dogglers/androidx.test.core.app.InstrumentationActivityInvoker$EmptyActivity }, activity=androidx.test.core.app.InstrumentationActivityInvoker$EmptyActivity@33009f2
02-05 17:40:51.021 15500 15500 D LifecycleMonitor: callback completes: androidx.test.core.app.ActivityScenario$1@b686b2f
02-05 17:40:51.026 15709 15709 I SamsungAccount: [OpenDBManager] isRequireNameValid
02-05 17:40:51.026 15709 15709 I SamsungAccount: [OpenDBManager] getTncCursor
02-05 17:40:51.026 15709 15709 I SamsungAccount: [OpenContentProvider]  URI : content://com.msc.openprovider.openContentProvider/tncRequest
02-05 17:40:51.026 15709 15709 I SamsungAccount: [AccountManagerUtil] isSamsungAccountSignedIn : true
02-05 17:40:51.027 15500 15500 I DecorView: [INFO] isPopOver=false, config=true
02-05 17:40:51.027 15500 15500 I DecorView: updateCaptionType >> DecorView@7afbec0[], isFloating=false, isApplication=true, hasWindowDecorCaption=false, hasWindowControllerCallback=true
02-05 17:40:51.028 15500 15500 D DecorView: setCaptionType = 0, this = DecorView@7afbec0[]
02-05 17:40:51.030 15500 15500 D LifecycleMonitor: Lifecycle status change: androidx.test.core.app.InstrumentationActivityInvoker$EmptyActivity@33009f2 in: CREATED
02-05 17:40:51.030 15500 15500 D LifecycleMonitor: running callback: androidx.test.core.app.ActivityScenario$1@b686b2f
02-05 17:40:51.030 15500 15500 V ActivityScenario: Activity lifecycle changed event received but ignored because the intent does not match. startActivityIntent=Intent { act=android.intent.action.MAIN cat=[android.intent.category.LAUNCHER] cmp=com.example.dogglers/.MainActivity }, activity.getIntent()=Intent { act=android.intent.action.MAIN cat=[android.intent.category.LAUNCHER] flg=0x10000000 cmp=com.example.dogglers/androidx.test.core.app.InstrumentationActivityInvoker$EmptyActivity }, activity=androidx.test.core.app.InstrumentationActivityInvoker$EmptyActivity@33009f2
02-05 17:40:51.030 15500 15500 D LifecycleMonitor: callback completes: androidx.test.core.app.ActivityScenario$1@b686b2f
02-05 17:40:51.031 15709 15709 I SamsungAccount: [DbManagerV2] getMccFromDB
02-05 17:40:51.031 15709 15709 I SamsungAccount: [DbManagerV2] getDataV02ForItems : MCC from Db
02-05 17:40:51.031 15500 15500 D LifecycleMonitor: Lifecycle status change: androidx.test.core.app.InstrumentationActivityInvoker$EmptyActivity@33009f2 in: STARTED
02-05 17:40:51.031 15500 15500 D LifecycleMonitor: running callback: androidx.test.core.app.ActivityScenario$1@b686b2f
02-05 17:40:51.031 15500 15500 V ActivityScenario: Activity lifecycle changed event received but ignored because the intent does not match. startActivityIntent=Intent { act=android.intent.action.MAIN cat=[android.intent.category.LAUNCHER] cmp=com.example.dogglers/.MainActivity }, activity.getIntent()=Intent { act=android.intent.action.MAIN cat=[android.intent.category.LAUNCHER] flg=0x10000000 cmp=com.example.dogglers/androidx.test.core.app.InstrumentationActivityInvoker$EmptyActivity }, activity=androidx.test.core.app.InstrumentationActivityInvoker$EmptyActivity@33009f2
02-05 17:40:51.031 15500 15500 D LifecycleMonitor: callback completes: androidx.test.core.app.ActivityScenario$1@b686b2f
02-05 17:40:51.033 15500 15500 D LifecycleMonitor: Lifecycle status change: androidx.test.core.app.InstrumentationActivityInvoker$EmptyActivity@33009f2 in: RESUMED
02-05 17:40:51.033 15500 15500 D LifecycleMonitor: running callback: androidx.test.core.app.ActivityScenario$1@b686b2f
02-05 17:40:51.033 15500 15500 V ActivityScenario: Activity lifecycle changed event received but ignored because the intent does not match. startActivityIntent=Intent { act=android.intent.action.MAIN cat=[android.intent.category.LAUNCHER] cmp=com.example.dogglers/.MainActivity }, activity.getIntent()=Intent { act=android.intent.action.MAIN cat=[android.intent.category.LAUNCHER] flg=0x10000000 cmp=com.example.dogglers/androidx.test.core.app.InstrumentationActivityInvoker$EmptyActivity }, activity=androidx.test.core.app.InstrumentationActivityInvoker$EmptyActivity@33009f2
02-05 17:40:51.033 15500 15500 D LifecycleMonitor: callback completes: androidx.test.core.app.ActivityScenario$1@b686b2f
02-05 17:40:51.035   916   916 I keystore: !@ reading blob user_0/10115_USRPKEY_com+^osp+^app+^signin_samsung_account_key
02-05 17:40:51.036  1163  1801 D InputTransport: Input channel constructed: '4d265ce', fd=888
02-05 17:40:51.036  1163  1801 D InputTransport: Input channel constructed: '4d265ce', fd=915
02-05 17:40:51.036  1163  3935 I InputDispatcher: Focus left window (15500): 5509e7f in display 0 0
02-05 17:40:51.036   789  1272 I SurfaceFlinger: id=79566 createSurf (0x0),-1 flag=80004, 4d265ce com.example.dogglers/androidx.test.core.app.InstrumentationActivityInvoker$EmptyActivity#0
02-05 17:40:51.037  1163  1801 D WindowManager: isScreenshotDisabledLocked - win: Window{4d265ce u0 com.example.dogglers/androidx.test.core.app.InstrumentationActivityInvoker$EmptyActivity}
02-05 17:40:51.037  1163  1801 D WindowManager: isScreenshotDisabledLocked: userId = 0, disabled =false
02-05 17:40:51.037  1163  1801 D InputTransport: Input channel destroyed: '4d265ce', fd=915
02-05 17:40:51.037 15500 15500 D InputTransport: Input channel constructed: '4d265ce', fd=102
02-05 17:40:51.038 15500 15500 I ViewRootImpl@a1b059f[InstrumentationActivityInvoker$EmptyActivity]: setView = com.android.internal.policy.DecorView@7afbec0 TM=true
02-05 17:40:51.039   916   916 I keystore: !@ reading blob user_0/10115_USRPKEY_com+^osp+^app+^signin_samsung_account_key
02-05 17:40:51.041  1163  1801 V WindowManager: Relayout Window{4d265ce u0 com.example.dogglers/androidx.test.core.app.InstrumentationActivityInvoker$EmptyActivity}: viewVisibility=0 req=1080x2400
02-05 17:40:51.042  1163  1801 W WindowManager: lockNow pending, ignore updating lockscreen timeout
02-05 17:40:51.043   916   916 I keystore: !@ Start - USRPKEY_com.osp.app.signin_samsung_account_key from uid 10115 for uid 10115, isKnoxKey(0)
02-05 17:40:51.043  1163  1801 D WindowManager: isScreenshotDisabledLocked - win: Window{4d265ce u0 com.example.dogglers/androidx.test.core.app.InstrumentationActivityInvoker$EmptyActivity}
02-05 17:40:51.043  1163  1801 D WindowManager: isScreenshotDisabledLocked: userId = 0, disabled =false
02-05 17:40:51.043   916   916 I keystore: !@ reading blob user_0/10115_USRPKEY_com+^osp+^app+^signin_samsung_account_key
02-05 17:40:51.043   789   834 I SurfaceFlinger: id=79567 createSurf (1080x2400),1 flag=404, com.example.dogglers/androidx.test.core.app.InstrumentationActivityInvoker$EmptyActivity$_15500#0
02-05 17:40:51.043   532   532 W keymaster_tee: [WRN]begin req PARAMS: A32 B2 P64
02-05 17:40:51.044  1163  1801 I SurfaceControl: nativeRelease nativeObject s[499183886144]
02-05 17:40:51.044  1163  1801 I SurfaceControl: nativeRelease nativeObject e[499183886144]
02-05 17:40:51.044   789  2265 I SurfaceFlinger: id=79568 createSurf (0x0),-1 flag=24000, Surface(name=8c655e2 StatusBar)/@0x44a9b07 - animation-leash#1
02-05 17:40:51.045  1163  1801 I SurfaceControl: nativeRelease nativeObject s[499183894912]
02-05 17:40:51.045  1163  1801 I SurfaceControl: nativeRelease nativeObject e[499183894912]
02-05 17:40:51.045   789   835 I SurfaceFlinger: id=79569 createSurf (0x0),-1 flag=24000, Surface(name=b29f82b NavigationBar0)/@0x8634759 - animation-leash#0
02-05 17:40:51.046  1163  1801 V WindowManager: Relayout hash=4d265ce, pid=15500: mAttrs={(0,0)(fillxfill) sim={adjust=pan forwardNavigation} ty=BASE_APPLICATION wanim=0x1030001
02-05 17:40:51.046  1163  1801 V WindowManager:   fl=1810100
02-05 17:40:51.046  1163  1801 V WindowManager:   pfl=12020000
02-05 17:40:51.046  1163  1801 V WindowManager:   fitSides= naviIconColor=0}
02-05 17:40:51.046  1163  1801 I SurfaceControl: nativeRelease nativeObject s[496866860800]
02-05 17:40:51.046  1163  1801 I SurfaceControl: nativeRelease nativeObject e[496866860800]
02-05 17:40:51.046 15500 15500 I SurfaceControl: assignNativeObject: nativeObject = 0 Surface(name=null)/@0x13206ec / android.view.SurfaceControl.readFromParcel:1117 android.view.IWindowSession$Stub$Proxy.relayout:1820 android.view.ViewRootImpl.relayoutWindow:9005 android.view.ViewRootImpl.performTraversals:3360 android.view.ViewRootImpl.doTraversal:2618 android.view.ViewRootImpl$TraversalRunnable.run:9971 android.view.Choreographer$CallbackRecord.run:1010 android.view.Choreographer.doCallbacks:809 android.view.Choreographer.doFrame:744 android.view.Choreographer$FrameDisplayEventReceiver.run:995
02-05 17:40:51.047 15500 15500 I ViewRootImpl@a1b059f[InstrumentationActivityInvoker$EmptyActivity]: Relayout returned: old=(0,0,1080,2400) new=(0,0,1080,2400) req=(1080,2400)0 dur=5 res=0x7 s={true 499198353408} ch=true fn=-1
02-05 17:40:51.048 15500 15565 I mali_winsys: new_window_surface() [1080x2400] return: 0x3000
02-05 17:40:51.048   716   953 D gralloc : [mali_gralloc_allocate] begin
02-05 17:40:51.048   716   953 D gralloc : buffer_descriptor: wh(1080 2400) usage_pc(0x40000000000b00 0x40000000000b00) hal_format(0x1) layer_count(1) sizes(0 0 0) strde(0) byte_stride(0) alloc_wh(0 0) internal_format(0x0) alloc_format(0x0) fd_count(1) plane_count(0)
02-05 17:40:51.048 15500 15500 I ViewRootImpl@a1b059f[InstrumentationActivityInvoker$EmptyActivity]: [DP] dp(1) 1 android.view.ViewRootImpl.reportNextDraw:10957 android.view.ViewRootImpl.performTraversals:3845 android.view.ViewRootImpl.doTraversal:2618
02-05 17:40:51.048 15500 15500 I ViewRootImpl@a1b059f[InstrumentationActivityInvoker$EmptyActivity]: [DP] pd() Asnyc report
02-05 17:40:51.051   716   953 D gralloc : [mali_gralloc_allocate] allocation successful
02-05 17:40:51.052   716   953 D gralloc : [mali_gralloc_allocate] begin
02-05 17:40:51.052   716   953 D gralloc : buffer_descriptor: wh(1080 2400) usage_pc(0x40000000000b00 0x40000000000b00) hal_format(0x1) layer_count(1) sizes(0 0 0) strde(0) byte_stride(0) alloc_wh(0 0) internal_format(0x0) alloc_format(0x0) fd_count(1) plane_count(0)
02-05 17:40:51.053   716   953 D gralloc : [mali_gralloc_allocate] allocation successful
02-05 17:40:51.053   716   957 D gralloc : [mali_gralloc_allocate] begin
02-05 17:40:51.053   716   957 D gralloc : buffer_descriptor: wh(1080 2400) usage_pc(0x40000000000b00 0x40000000000b00) hal_format(0x1) layer_count(1) sizes(0 0 0) strde(0) byte_stride(0) alloc_wh(0 0) internal_format(0x0) alloc_format(0x0) fd_count(1) plane_count(0)
02-05 17:40:51.053   789   835 I Layer   : id=79556 removeFromCurrentState Surface(name=8c655e2 StatusBar)/@0x44a9b07 - animation-leash#0 (193)
02-05 17:40:51.053   789   835 I Layer   : id=79557 removeFromCurrentState Surface(name=b29f82b NavigationBar0)/@0x8634759 - animation-leash#1 (193)
02-05 17:40:51.054 15500 15500 I ViewRootImpl@a1b059f[InstrumentationActivityInvoker$EmptyActivity]: [DP] pdf(0) 1 android.view.ViewRootImpl.lambda$performDraw$1$ViewRootImpl:4668 android.view.-$$Lambda$ViewRootImpl$DJd0VUYJgsebcnSohO6h8zc_ONI.run:6 android.os.Handler.handleCallback:938
02-05 17:40:51.054 15500 15500 I ViewRootImpl@a1b059f[InstrumentationActivityInvoker$EmptyActivity]: [DP] rdf()
02-05 17:40:51.055   716   957 D gralloc : [mali_gralloc_allocate] allocation successful
02-05 17:40:51.055 15500 15500 I ViewRootImpl@34576bc[GridListActivity]: MSG_WINDOW_FOCUS_CHANGED 0 1
02-05 17:40:51.056  1163  1240 W WindowManager: lockNow pending, ignore updating lockscreen timeout
02-05 17:40:51.057 15500 15500 I SurfaceControl: nativeRelease nativeObject s[497483548608]
02-05 17:40:51.057 15500 15500 I SurfaceControl: nativeRelease nativeObject e[497483548608]
02-05 17:40:51.057 15500 15500 I SurfaceControl: nativeRelease nativeObject s[497483548320]
02-05 17:40:51.057 15500 15500 I SurfaceControl: nativeRelease nativeObject e[497483548320]
02-05 17:40:51.057 15500 15500 I SurfaceControl: nativeRelease nativeObject s[497483548032]
02-05 17:40:51.057 15500 15500 I SurfaceControl: nativeRelease nativeObject e[497483548032]
02-05 17:40:51.057   789  2265 I SurfaceFlinger: id=79557 Removed Surface(name=b29f82b NavigationBar0)/@0x8634759 - animation-leash#1 (193)
02-05 17:40:51.057   789  2265 I SurfaceFlinger: id=79556 Removed Surface(name=8c655e2 StatusBar)/@0x44a9b07 - animation-leash#0 (193)
02-05 17:40:51.057  1163  1240 D PkgPredictorService: pkg:com.example.dogglers activity:androidx.test.core.app.InstrumentationActivityInvoker$EmptyActivity thisTime:53
02-05 17:40:51.058  1163  1244 I ActivityTaskManager: Displayed com.example.dogglers/androidx.test.core.app.InstrumentationActivityInvoker$EmptyActivity: +53ms
02-05 17:40:51.059  2669  2669 E pageboostd: Received HALT command code 2
02-05 17:40:51.059  1163  1240 W WindowManager: lockNow pending, ignore updating lockscreen timeout
02-05 17:40:51.060  1163  3938 I SemDvfsHyPerManager: acquire hyper - AMS_RESUME_TAIL/1163@22, type = -999
02-05 17:40:51.060  1163  3938 I SemDvfsHyPerManager: acquire hyper - AMS_ACT_LAZY/1163@23, type = -999
02-05 17:40:51.061   726   817 I HYPER-HAL: [RequestManager.cpp]acquire(): Acquired ID : 702727  [1163 / 22]    HINT : AMS_RESUME_TAIL    list :
02-05 17:40:51.061   726   817 I HYPER-HAL: [ResourceManager.cpp]updateResource(): [CPUMinFreq] UpdateResource Request ID : 702727    Value : 1844882
02-05 17:40:51.061   726   817 I HYPER-HAL: [RequestManager.cpp]acquire(): Acquired ID : 703914  [1163 / 23]    HINT :      list :
02-05 17:40:51.062   726   817 E HYPER-HAL: [Request.cpp]acquire(): Request:: id : 703914, No Resource to set
02-05 17:40:51.062   726   817 I HYPER-HAL: [ResourceManager.cpp]removeResource(): [CPUMinFreq] RemoveResource Request ID : 700356
02-05 17:40:51.062   726   817 I HYPER-HAL: [RequestManager.cpp]releaseLocked(): Released ID : 700356
02-05 17:40:51.063 15500 15500 D LifecycleMonitor: Lifecycle status change: androidx.test.core.app.InstrumentationActivityInvoker$BootstrapActivity@e05150e in: DESTROYED
02-05 17:40:51.063 15500 15500 D LifecycleMonitor: running callback: androidx.test.core.app.ActivityScenario$1@b686b2f
02-05 17:40:51.063 15500 15500 V ActivityScenario: Activity lifecycle changed event received but ignored because the intent does not match. startActivityIntent=Intent { act=android.intent.action.MAIN cat=[android.intent.category.LAUNCHER] cmp=com.example.dogglers/.MainActivity }, activity.getIntent()=Intent { act=android.intent.action.MAIN cat=[android.intent.category.LAUNCHER] flg=0x10008000 cmp=com.example.dogglers/androidx.test.core.app.InstrumentationActivityInvoker$BootstrapActivity (has extras) }, activity=androidx.test.core.app.InstrumentationActivityInvoker$BootstrapActivity@e05150e
02-05 17:40:51.063 15500 15500 D LifecycleMonitor: callback completes: androidx.test.core.app.ActivityScenario$1@b686b2f
02-05 17:40:51.063 15709 15709 I SamsungAccount: [DataUtil] Not Skip Name Validation by accountMCC
02-05 17:40:51.063  1163  3939 I SurfaceControl: nativeRelease nativeObject s[497153784256]
02-05 17:40:51.063  1163  3939 I SurfaceControl: nativeRelease nativeObject e[497153784256]
02-05 17:40:51.064 15709 15709 I SamsungAccount: [OpenDBManager] requireEmailOrNameVerification : false
02-05 17:40:51.065  1163  3935 I SemDvfsHyPerManager: acquire hyper - AMS_ACT_START/1163@20, type = -999
02-05 17:40:51.065   726   817 I HYPER-HAL: [RequestManager.cpp]acquire(): Acquired ID : 700356  [1163 / 20]    HINT : AMS_ACT_START    list :
02-05 17:40:51.065   726   817 I HYPER-HAL: [ResourceManager.cpp]updateResource(): [CPUMinFreq] UpdateResource Request ID : 700356    Value : 1930195
02-05 17:40:51.066   789  1272 I SurfaceFlinger: id=79570 createSurf (0x0),-1 flag=80004, ActivityRecord{6c5653d u0 com.example.dogglers/androidx.test.core.app.InstrumentationActivityInvoker$EmptyActivity t12726}#0
02-05 17:40:51.068  1163  3935 W WindowManager: lockNow pending, ignore updating lockscreen timeout
02-05 17:40:51.068   789  1272 I Layer   : id=79541 removeFromCurrentState ActivityRecord{4892eed u0 com.example.dogglers/androidx.test.core.app.InstrumentationActivityInvoker$BootstrapActivity t12726}#0 (194)
02-05 17:40:51.069 15500 15500 D LifecycleMonitor: Lifecycle status change: androidx.test.core.app.InstrumentationActivityInvoker$EmptyActivity@33009f2 in: PAUSED
02-05 17:40:51.069 15500 15500 D LifecycleMonitor: running callback: androidx.test.core.app.ActivityScenario$1@b686b2f
02-05 17:40:51.069 15500 15500 V ActivityScenario: Activity lifecycle changed event received but ignored because the intent does not match. startActivityIntent=Intent { act=android.intent.action.MAIN cat=[android.intent.category.LAUNCHER] cmp=com.example.dogglers/.MainActivity }, activity.getIntent()=Intent { act=android.intent.action.MAIN cat=[android.intent.category.LAUNCHER] flg=0x10000000 cmp=com.example.dogglers/androidx.test.core.app.InstrumentationActivityInvoker$EmptyActivity }, activity=androidx.test.core.app.InstrumentationActivityInvoker$EmptyActivity@33009f2
02-05 17:40:51.069 15500 15500 D LifecycleMonitor: callback completes: androidx.test.core.app.ActivityScenario$1@b686b2f
02-05 17:40:51.070   789   789 I Layer   : id=79556[1] Destroyed Surface(name=8c655e2 StatusBar)/@0x44a9b07 - animation-leash#0
02-05 17:40:51.070   789   789 I Layer   : id=79557[1] Destroyed Surface(name=b29f82b NavigationBar0)/@0x8634759 - animation-leash#1
02-05 17:40:51.071  1163  1801 V WindowOrientationListener: getProposedRotation: 0
02-05 17:40:51.071  1163  1801 V WindowOrientationListener: getProposedRotation: 0
02-05 17:40:51.071  1163  3939 I InputDispatcher: Focus entered window (15500): 4d265ce in display 0 0
02-05 17:40:51.071  1163  1801 V WindowOrientationListener: getProposedRotation: 0
02-05 17:40:51.072  1163  1801 D InputDispatcher: Focused application set to (0): 6c5653d
02-05 17:40:51.075  1163  1801 W WindowManager: lockNow pending, ignore updating lockscreen timeout
02-05 17:40:51.077   789  1272 I SurfaceFlinger: id=79541 Removed ActivityRecord{4892eed u0 com.example.dogglers/androidx.test.core.app.InstrumentationActivityInvoker$BootstrapActivity t12726}#0 (192)
02-05 17:40:51.077  1163  1240 W WindowManager: lockNow pending, ignore updating lockscreen timeout
02-05 17:40:51.079 15500 15500 D LifecycleMonitor: Lifecycle status change: androidx.test.core.app.InstrumentationActivityInvoker$EmptyActivity@db45cbb in: PRE_ON_CREATE
02-05 17:40:51.079 15500 15500 D LifecycleMonitor: running callback: androidx.test.core.app.ActivityScenario$1@b686b2f
02-05 17:40:51.079 15500 15500 V ActivityScenario: Activity lifecycle changed event received but ignored because the intent does not match. startActivityIntent=Intent { act=android.intent.action.MAIN cat=[android.intent.category.LAUNCHER] cmp=com.example.dogglers/.MainActivity }, activity.getIntent()=Intent { act=android.intent.action.MAIN cat=[android.intent.category.LAUNCHER] flg=0x10000000 cmp=com.example.dogglers/androidx.test.core.app.InstrumentationActivityInvoker$EmptyActivity }, activity=androidx.test.core.app.InstrumentationActivityInvoker$EmptyActivity@db45cbb
02-05 17:40:51.079 15500 15500 D LifecycleMonitor: callback completes: androidx.test.core.app.ActivityScenario$1@b686b2f
02-05 17:40:51.083 15500 15500 I DecorView: [INFO] isPopOver=false, config=true
02-05 17:40:51.083 15500 15500 I DecorView: updateCaptionType >> DecorView@6f49d31[], isFloating=false, isApplication=true, hasWindowDecorCaption=false, hasWindowControllerCallback=true
02-05 17:40:51.083 15500 15500 D DecorView: setCaptionType = 0, this = DecorView@6f49d31[]
02-05 17:40:51.086 15500 15500 D LifecycleMonitor: Lifecycle status change: androidx.test.core.app.InstrumentationActivityInvoker$EmptyActivity@db45cbb in: CREATED
02-05 17:40:51.086 15500 15500 D LifecycleMonitor: running callback: androidx.test.core.app.ActivityScenario$1@b686b2f
02-05 17:40:51.086 15500 15500 V ActivityScenario: Activity lifecycle changed event received but ignored because the intent does not match. startActivityIntent=Intent { act=android.intent.action.MAIN cat=[android.intent.category.LAUNCHER] cmp=com.example.dogglers/.MainActivity }, activity.getIntent()=Intent { act=android.intent.action.MAIN cat=[android.intent.category.LAUNCHER] flg=0x10000000 cmp=com.example.dogglers/androidx.test.core.app.InstrumentationActivityInvoker$EmptyActivity }, activity=androidx.test.core.app.InstrumentationActivityInvoker$EmptyActivity@db45cbb
02-05 17:40:51.086 15500 15500 D LifecycleMonitor: callback completes: androidx.test.core.app.ActivityScenario$1@b686b2f
02-05 17:40:51.086   789   789 I Layer   : id=79541[1] Destroyed ActivityRecord{4892eed u0 com.example.dogglers/androidx.test.core.app.InstrumentationActivityInvoker$BootstrapActivity t12726}#0
02-05 17:40:51.087  1163  1796 I InputDispatcher: Focus left window (15500): 4d265ce in display 0 0
02-05 17:40:51.089  1163  1240 I SurfaceControl: nativeRelease nativeObject s[496871094336]
02-05 17:40:51.089  1163  1240 I SurfaceControl: nativeRelease nativeObject e[496871094336]
02-05 17:40:51.089 15500 15500 D LifecycleMonitor: Lifecycle status change: androidx.test.core.app.InstrumentationActivityInvoker$EmptyActivity@db45cbb in: STARTED
02-05 17:40:51.089 15500 15500 D LifecycleMonitor: running callback: androidx.test.core.app.ActivityScenario$1@b686b2f
02-05 17:40:51.089   697   697 D Zygote  : Forked child process 15852
02-05 17:40:51.089 15500 15500 V ActivityScenario: Activity lifecycle changed event received but ignored because the intent does not match. startActivityIntent=Intent { act=android.intent.action.MAIN cat=[android.intent.category.LAUNCHER] cmp=com.example.dogglers/.MainActivity }, activity.getIntent()=Intent { act=android.intent.action.MAIN cat=[android.intent.category.LAUNCHER] flg=0x10000000 cmp=com.example.dogglers/androidx.test.core.app.InstrumentationActivityInvoker$EmptyActivity }, activity=androidx.test.core.app.InstrumentationActivityInvoker$EmptyActivity@db45cbb
02-05 17:40:51.089 15500 15500 D LifecycleMonitor: callback completes: androidx.test.core.app.ActivityScenario$1@b686b2f
02-05 17:40:51.091 15500 15500 D LifecycleMonitor: Lifecycle status change: androidx.test.core.app.InstrumentationActivityInvoker$EmptyActivity@db45cbb in: RESUMED
02-05 17:40:51.091 15500 15500 D LifecycleMonitor: running callback: androidx.test.core.app.ActivityScenario$1@b686b2f
02-05 17:40:51.091 15500 15500 V ActivityScenario: Activity lifecycle changed event received but ignored because the intent does not match. startActivityIntent=Intent { act=android.intent.action.MAIN cat=[android.intent.category.LAUNCHER] cmp=com.example.dogglers/.MainActivity }, activity.getIntent()=Intent { act=android.intent.action.MAIN cat=[android.intent.category.LAUNCHER] flg=0x10000000 cmp=com.example.dogglers/androidx.test.core.app.InstrumentationActivityInvoker$EmptyActivity }, activity=androidx.test.core.app.InstrumentationActivityInvoker$EmptyActivity@db45cbb
02-05 17:40:51.091 15500 15500 D LifecycleMonitor: callback completes: androidx.test.core.app.ActivityScenario$1@b686b2f
02-05 17:40:51.094  1163  3939 D InputTransport: Input channel constructed: '5793f56', fd=744
02-05 17:40:51.094  1163  3939 D InputTransport: Input channel constructed: '5793f56', fd=887
02-05 17:40:51.094   789  1272 I SurfaceFlinger: id=79571 createSurf (0x0),-1 flag=80004, 5793f56 com.example.dogglers/androidx.test.core.app.InstrumentationActivityInvoker$EmptyActivity#0
02-05 17:40:51.094  1163  3939 D WindowManager: isScreenshotDisabledLocked - win: Window{5793f56 u0 com.example.dogglers/androidx.test.core.app.InstrumentationActivityInvoker$EmptyActivity}
02-05 17:40:51.094  1163  3939 D WindowManager: isScreenshotDisabledLocked: userId = 0, disabled =false
02-05 17:40:51.095  1163  3939 D InputTransport: Input channel destroyed: '5793f56', fd=887
02-05 17:40:51.095 15500 15500 D InputTransport: Input channel constructed: '5793f56', fd=111
02-05 17:40:51.096 15500 15500 I ViewRootImpl@6544784[InstrumentationActivityInvoker$EmptyActivity]: setView = com.android.internal.policy.DecorView@6f49d31 TM=true
02-05 17:40:51.104   789  1273 I Layer   : id=79560 removeFromCurrentState Surface(name=Dim Layer for - Task=12726 - animating-dim)/@0x71feb13 - animation-leash#0 (192)
02-05 17:40:51.104   789  1273 I SurfaceFlinger: id=79560 Removed Surface(name=Dim Layer for - Task=12726 - animating-dim)/@0x71feb13 - animation-leash#0 (192)
02-05 17:40:51.106  1163  1235 V WindowManager: Relayout Window{5793f56 u0 com.example.dogglers/androidx.test.core.app.InstrumentationActivityInvoker$EmptyActivity}: viewVisibility=0 req=1080x2400
02-05 17:40:51.107  1163  1235 W WindowManager: lockNow pending, ignore updating lockscreen timeout
02-05 17:40:51.107  1163  1235 D WindowManager: isScreenshotDisabledLocked - win: Window{5793f56 u0 com.example.dogglers/androidx.test.core.app.InstrumentationActivityInvoker$EmptyActivity}
02-05 17:40:51.107  1163  1235 D WindowManager: isScreenshotDisabledLocked: userId = 0, disabled =false
02-05 17:40:51.107   789  1273 I SurfaceFlinger: id=79572 createSurf (1080x2400),1 flag=404, com.example.dogglers/androidx.test.core.app.InstrumentationActivityInvoker$EmptyActivity$_15500#1
02-05 17:40:51.109  1163  1235 I SurfaceControl: nativeRelease nativeObject s[496867019552]
02-05 17:40:51.109  1163  1235 I SurfaceControl: nativeRelease nativeObject e[496867019552]
02-05 17:40:51.109   789  1273 I SurfaceFlinger: id=79573 createSurf (0x0),-1 flag=24000, Surface(name=8c655e2 StatusBar)/@0x44a9b07 - animation-leash#0
02-05 17:40:51.109  1163  1235 I SurfaceControl: nativeRelease nativeObject s[496867019744]
02-05 17:40:51.109  1163  1235 I SurfaceControl: nativeRelease nativeObject e[496867019744]
02-05 17:40:51.109   789   835 I SurfaceFlinger: id=79574 createSurf (0x0),-1 flag=24000, Surface(name=b29f82b NavigationBar0)/@0x8634759 - animation-leash#1
02-05 17:40:51.110  1163  1235 V WindowManager: Relayout hash=5793f56, pid=15500: mAttrs={(0,0)(fillxfill) sim={adjust=pan forwardNavigation} ty=BASE_APPLICATION wanim=0x1030001
02-05 17:40:51.110  1163  1235 V WindowManager:   fl=1810100
02-05 17:40:51.110  1163  1235 V WindowManager:   pfl=12020000
02-05 17:40:51.110  1163  1235 V WindowManager:   fitSides= naviIconColor=0}
02-05 17:40:51.110  1163  1235 I SurfaceControl: nativeRelease nativeObject s[499038975488]
02-05 17:40:51.110  1163  1235 I SurfaceControl: nativeRelease nativeObject e[499038975488]
02-05 17:40:51.111 15500 15500 I SurfaceControl: assignNativeObject: nativeObject = 0 Surface(name=null)/@0x3c4db6d / android.view.SurfaceControl.readFromParcel:1117 android.view.IWindowSession$Stub$Proxy.relayout:1820 android.view.ViewRootImpl.relayoutWindow:9005 android.view.ViewRootImpl.performTraversals:3360 android.view.ViewRootImpl.doTraversal:2618 android.view.ViewRootImpl$TraversalRunnable.run:9971 android.view.Choreographer$CallbackRecord.run:1010 android.view.Choreographer.doCallbacks:809 android.view.Choreographer.doFrame:744 android.view.Choreographer$FrameDisplayEventReceiver.run:995
02-05 17:40:51.112 15500 15500 I ViewRootImpl@6544784[InstrumentationActivityInvoker$EmptyActivity]: Relayout returned: old=(0,0,1080,2400) new=(0,0,1080,2400) req=(1080,2400)0 dur=6 res=0x7 s={true 499198361600} ch=true fn=-1
02-05 17:40:51.112 15500 15565 I mali_winsys: new_window_surface() [1080x2400] return: 0x3000
02-05 17:40:51.112 15852 15852 E d.mobileservic: Not starting debugger since process cannot load the jdwp agent.
02-05 17:40:51.113   716   953 D gralloc : [mali_gralloc_allocate] begin
02-05 17:40:51.113   716   953 D gralloc : buffer_descriptor: wh(1080 2400) usage_pc(0x40000000000b00 0x40000000000b00) hal_format(0x1) layer_count(1) sizes(0 0 0) strde(0) byte_stride(0) alloc_wh(0 0) internal_format(0x0) alloc_format(0x0) fd_count(1) plane_count(0)
02-05 17:40:51.113 15500 15500 I ViewRootImpl@6544784[InstrumentationActivityInvoker$EmptyActivity]: [DP] dp(1) 1 android.view.ViewRootImpl.reportNextDraw:10957 android.view.ViewRootImpl.performTraversals:3845 android.view.ViewRootImpl.doTraversal:2618
02-05 17:40:51.113 15500 15500 I ViewRootImpl@6544784[InstrumentationActivityInvoker$EmptyActivity]: [DP] pd() Asnyc report
02-05 17:40:51.115   716   953 D gralloc : [mali_gralloc_allocate] allocation successful
02-05 17:40:51.115   716   953 D gralloc : [mali_gralloc_allocate] begin
02-05 17:40:51.115   716   953 D gralloc : buffer_descriptor: wh(1080 2400) usage_pc(0x40000000000b00 0x40000000000b00) hal_format(0x1) layer_count(1) sizes(0 0 0) strde(0) byte_stride(0) alloc_wh(0 0) internal_format(0x0) alloc_format(0x0) fd_count(1) plane_count(0)
02-05 17:40:51.116 15852 15852 D ActivityThread: setConscryptValidator
02-05 17:40:51.116 15852 15852 D ActivityThread: setConscryptValidator - put
02-05 17:40:51.118 15500 15500 I ViewRootImpl@6544784[InstrumentationActivityInvoker$EmptyActivity]: [DP] pdf(0) 1 android.view.ViewRootImpl.lambda$performDraw$1$ViewRootImpl:4668 android.view.-$$Lambda$ViewRootImpl$DJd0VUYJgsebcnSohO6h8zc_ONI.run:6 android.os.Handler.handleCallback:938
02-05 17:40:51.118 15500 15500 I ViewRootImpl@6544784[InstrumentationActivityInvoker$EmptyActivity]: [DP] rdf()
02-05 17:40:51.119 15500 15500 I ViewRootImpl@a1b059f[InstrumentationActivityInvoker$EmptyActivity]: MSG_WINDOW_FOCUS_CHANGED 0 1
02-05 17:40:51.119 15500 15500 I ViewRootImpl@a1b059f[InstrumentationActivityInvoker$EmptyActivity]: MSG_WINDOW_FOCUS_CHANGED 0 1
02-05 17:40:51.119   716   953 D gralloc : [mali_gralloc_allocate] allocation successful
02-05 17:40:51.119   716   957 D gralloc : [mali_gralloc_allocate] begin
02-05 17:40:51.119   716   957 D gralloc : buffer_descriptor: wh(1080 2400) usage_pc(0x40000000000b00 0x40000000000b00) hal_format(0x1) layer_count(1) sizes(0 0 0) strde(0) byte_stride(0) alloc_wh(0 0) internal_format(0x0) alloc_format(0x0) fd_count(1) plane_count(0)
02-05 17:40:51.120  1163  1240 W WindowManager: lockNow pending, ignore updating lockscreen timeout
02-05 17:40:51.120   789   789 I Layer   : id=79560[1] Destroyed Surface(name=Dim Layer for - Task=12726 - animating-dim)/@0x71feb13 - animation-leash#0
02-05 17:40:51.121   789   835 I Layer   : id=79568 removeFromCurrentState Surface(name=8c655e2 StatusBar)/@0x44a9b07 - animation-leash#1 (194)
02-05 17:40:51.121   789   835 I Layer   : id=79569 removeFromCurrentState Surface(name=b29f82b NavigationBar0)/@0x8634759 - animation-leash#0 (194)
02-05 17:40:51.122  1163  1240 D PkgPredictorService: pkg:com.example.dogglers activity:androidx.test.core.app.InstrumentationActivityInvoker$EmptyActivity thisTime:58
02-05 17:40:51.123  1163  1240 W WindowManager: lockNow pending, ignore updating lockscreen timeout
02-05 17:40:51.124   716   957 D gralloc : [mali_gralloc_allocate] allocation successful
02-05 17:40:51.124  1163  1244 I ActivityTaskManager: Displayed com.example.dogglers/androidx.test.core.app.InstrumentationActivityInvoker$EmptyActivity: +58ms
02-05 17:40:51.125  2669  2669 E pageboostd: Received HALT command code 2
02-05 17:40:51.125  1163  1240 I SemDvfsHyPerManager: acquire hyper - AMS_RESUME_TAIL/1163@22, type = -999
02-05 17:40:51.125  1163  1240 I SemDvfsHyPerManager: acquire hyper - AMS_ACT_LAZY/1163@23, type = -999
02-05 17:40:51.125   726   817 I HYPER-HAL: [RequestManager.cpp]acquire(): Acquired ID : 702727  [1163 / 22]    HINT : AMS_RESUME_TAIL    list :
02-05 17:40:51.125 15500 15500 I SurfaceControl: nativeRelease nativeObject s[497483549952]
02-05 17:40:51.125 15500 15500 I SurfaceControl: nativeRelease nativeObject e[497483549952]
02-05 17:40:51.125 15500 15500 I SurfaceControl: nativeRelease nativeObject s[497483549856]
02-05 17:40:51.125 15500 15500 I SurfaceControl: nativeRelease nativeObject e[497483549856]
02-05 17:40:51.125   726   817 I HYPER-HAL: [ResourceManager.cpp]updateResource(): [CPUMinFreq] UpdateResource Request ID : 702727    Value : 1844882
02-05 17:40:51.125   726   817 I HYPER-HAL: [RequestManager.cpp]acquire(): Acquired ID : 703914  [1163 / 23]    HINT :      list :
02-05 17:40:51.125   789  1272 I SurfaceFlinger: id=79569 Removed Surface(name=b29f82b NavigationBar0)/@0x8634759 - animation-leash#0 (194)
02-05 17:40:51.125   789  1272 I SurfaceFlinger: id=79568 Removed Surface(name=8c655e2 StatusBar)/@0x44a9b07 - animation-leash#1 (194)
02-05 17:40:51.126   726   817 E HYPER-HAL: [Request.cpp]acquire(): Request:: id : 703914, No Resource to set
02-05 17:40:51.126   726   817 I HYPER-HAL: [ResourceManager.cpp]removeResource(): [CPUMinFreq] RemoveResource Request ID : 700356
02-05 17:40:51.126   726   817 I HYPER-HAL: [RequestManager.cpp]releaseLocked(): Released ID : 700356
02-05 17:40:51.127  1163  1240 W WindowManager: lockNow pending, ignore updating lockscreen timeout
02-05 17:40:51.137   789   789 I Layer   : id=79568[1] Destroyed Surface(name=8c655e2 StatusBar)/@0x44a9b07 - animation-leash#1
02-05 17:40:51.137   789   789 I Layer   : id=79569[1] Destroyed Surface(name=b29f82b NavigationBar0)/@0x8634759 - animation-leash#0
02-05 17:40:51.137 15500 15565 I mali_egl: eglDestroySurface() in
02-05 17:40:51.138  1163  1793 I InputDispatcher: Focus entered window (15500): 5793f56 in display 0 0
02-05 17:40:51.138 15500 15565 I mali_winsys: delete_surface() [1080x2400] return
02-05 17:40:51.138 15500 15565 I mali_egl: eglDestroySurface() out
