02-05 17:40:48.128 15500 15559 I TestRunner: started: grid_list_button_is_displayed(com.example.dogglers.ButtonTests)
02-05 17:40:48.139 15500 15559 W Settings: Setting always_finish_activities has moved from android.provider.Settings.System to android.provider.Settings.Global, returning read-only value.
02-05 17:40:48.154  1163  2602 I SemDvfsHyPerManager: acquire hyper - AMS_APP_SWITCH/1163@24, type = -999
02-05 17:40:48.154   789  2265 I SurfaceFlinger: id=79450 createSurf (0x0),-1 flag=24004, Task=12724#0
02-05 17:40:48.155   726   817 I HYPER-HAL: [RequestManager.cpp]acquire(): Acquired ID : 705102  [1163 / 24]    HINT : AMS_APP_SWITCH    list :
02-05 17:40:48.155  4183  4183 I SemDvfsHyPerManager: acquire hyper - com.sec.android.sdhms/4183@9, type = -999
02-05 17:40:48.156   726   817 I HYPER-HAL: [ResourceManager.cpp]updateResource(): [CPUMinFreq] UpdateResource Request ID : 705102    Value : 2623359
02-05 17:40:48.156   789  2265 I SurfaceFlinger: id=79451 createSurf (0x0),-1 flag=80004, ActivityRecord{4f7329 u0 com.example.dogglers/androidx.test.core.app.InstrumentationActivityInvoker$BootstrapActivity t12724}#0
02-05 17:40:48.157   726   817 I HYPER-HAL: [RequestManager.cpp]acquire(): Acquired ID : 8788537  [4183 / 9]    HINT : APP_START    list :
02-05 17:40:48.157   726   817 I HYPER-HAL: [ResourceManager.cpp]updateResource(): [CPUMaxFreq] UpdateResource Request ID : 8788537    Value : 2730000
02-05 17:40:48.158   726   817 I HYPER-HAL: [RequestManager.cpp]releaseLocked(): Released ID : 8767582
02-05 17:40:48.158   726   817 I HYPER-HAL: [ResourceManager.cpp]removeResource(): [CPUMaxFreq] RemoveResource Request ID : 8759207
02-05 17:40:48.159  1163  3935 V WindowOrientationListener: getProposedRotation: 0
02-05 17:40:48.159   726   817 I HYPER-HAL: [RequestManager.cpp]releaseLocked(): Released ID : 8759207
02-05 17:40:48.160  1163  3935 W WindowManager: lockNow pending, ignore updating lockscreen timeout
02-05 17:40:48.161  1163  3935 I SemDvfsHyPerManager: acquire hyper - AMS_APP_LAUNCH/1163@21, type = -999
02-05 17:40:48.162   726   817 I HYPER-HAL: [RequestManager.cpp]acquire(): Acquired ID : 701541  [1163 / 21]    HINT : AMS_APP_LAUNCH    list :
02-05 17:40:48.162  2003  2003 I DragController: endDrag
02-05 17:40:48.162   726   817 I HYPER-HAL: [ResourceManager.cpp]updateResource(): [CPUMinFreq] UpdateResource Request ID : 701541    Value : 2623359
02-05 17:40:48.162  2003  2003 W PageOverlayMover: updateActivityLifecycleState : 3
02-05 17:40:48.162  5089  5538 I PageOverlayServiceImpl: [FROM HOME] updateActivityLifecycleState : 3
02-05 17:40:48.163  2003  2003 I SPayUpdater: updateSpayHandler launcher activity is paused false
02-05 17:40:48.164  1163  3935 V WindowOrientationListener: getProposedRotation: 0
02-05 17:40:48.164  1163  3935 V WindowOrientationListener: getProposedRotation: 0
02-05 17:40:48.164  1163  3935 V WindowOrientationListener: getProposedRotation: 0
02-05 17:40:48.167  1163  3935 D InputDispatcher: Focused application set to (0): 4f7329
02-05 17:40:48.230  1163  3935 W WindowManager: lockNow pending, ignore updating lockscreen timeout
02-05 17:40:48.231  1163  3935 V WindowManager: Relayout Window{6030dc2 u0 com.sec.android.app.launcher/com.sec.android.app.launcher.activities.LauncherActivity}: viewVisibility=0 req=1080x2400
02-05 17:40:48.231  1163  3935 W WindowManager: lockNow pending, ignore updating lockscreen timeout
02-05 17:40:48.232  1163  3935 V WindowManager: Relayout hash=6030dc2, pid=2003: mAttrs={(0,0)(fillxfill) sim={adjust=nothing} layoutInDisplayCutoutMode=shortEdges ty=BASE_APPLICATION fmt=TRANSPARENT wanim=0x10302f2
02-05 17:40:48.232  1163  3935 V WindowManager:   fl=81910100
02-05 17:40:48.232  1163  3935 V WindowManager:   pfl=16020000
02-05 17:40:48.232  1163  3935 V WindowManager:   vsysui=1700
02-05 17:40:48.232  1163  3935 V WindowManager:   apr=LIGHT_STATUS_BARS
02-05 17:40:48.232  1163  3935 V WindowManager:   bhv=SHOW_TRANSIENT_BARS_BY_SWIPE
02-05 17:40:48.232  1163  3935 V WindowManager:   fitSides= dimAmount=0.125 dimDuration=200 naviIconColor=0}
02-05 17:40:48.232  1163  3935 I SurfaceControl: nativeRelease nativeObject s[496871102400]
02-05 17:40:48.232  1163  3935 I SurfaceControl: nativeRelease nativeObject e[496871102400]
02-05 17:40:48.233  2003  2003 I SurfaceControl: nativeRelease nativeObject s[499183206848]
02-05 17:40:48.233  2003  2003 I SurfaceControl: nativeRelease nativeObject e[499183206848]
02-05 17:40:48.233  2003  2003 I SurfaceControl: assignNativeObject: nativeObject = 0 Surface(name=null)/@0x37cdda1 / android.view.SurfaceControl.readFromParcel:1117 android.view.IWindowSession$Stub$Proxy.relayout:1820 android.view.ViewRootImpl.relayoutWindow:9005 android.view.ViewRootImpl.performTraversals:3360 android.view.ViewRootImpl.doTraversal:2618 android.view.ViewRootImpl$TraversalRunnable.run:9971 android.view.Choreographer$CallbackRecord.run:1010 android.view.Choreographer.doCallbacks:809 android.view.Choreographer.doFrame:744 android.view.Choreographer$FrameDisplayEventReceiver.run:995
02-05 17:40:48.233  2003  2003 I SurfaceControl: nativeRelease nativeObject s[499184606304]
02-05 17:40:48.233  2003  2003 I SurfaceControl: nativeRelease nativeObject e[499184606304]
02-05 17:40:48.233  2003  2003 I SurfaceControl: nativeRelease nativeObject s[499184606112]
02-05 17:40:48.233  2003  2003 I SurfaceControl: nativeRelease nativeObject e[499184606112]
02-05 17:40:48.233  2003  2003 I SurfaceControl: nativeRelease nativeObject s[499184606208]
02-05 17:40:48.233  2003  2003 I SurfaceControl: nativeRelease nativeObject e[499184606208]
02-05 17:40:48.233  2003  2003 I ViewRootImpl@e2e8b8d[LauncherActivity]: Relayout returned: old=(0,0,1080,2400) new=(0,0,1080,2400) req=(1080,2400)0 dur=2 res=0x1 s={true 497483223040} ch=false fn=26
02-05 17:40:48.237 14119 14119 D BoundBrokerSvc: onUnbind: Intent { act=com.google.android.gms.clearcut.bootcount.service.START cmp=com.google.android.gms/.chimera.PersistentBoundBrokerService }
02-05 17:40:48.238  1163  1259 D FastTrack: setFastTrackState: pid = 15500 ;tid= 15500 ;value= 1
02-05 17:40:48.240  1163  1502 I System.out: (HTTPLog)-Static: isSBSettingEnabled false
02-05 17:40:48.240  1163  1502 I System.out: (HTTPLog)-Static: isSBSettingEnabled false
02-05 17:40:48.241  1163  1240 D InputTransport: Input channel constructed: 'e8c5cb1', fd=859
02-05 17:40:48.241  1163  1240 D InputTransport: Input channel constructed: 'e8c5cb1', fd=860
02-05 17:40:48.241   789  1273 I SurfaceFlinger: id=79452 createSurf (0x0),-1 flag=80004, e8c5cb1 Splash Screen com.example.dogglers#0
02-05 17:40:48.241   696   827 E Netd    : getNetworkForDns: getNetId from enterpriseCtrl is netid 0
02-05 17:40:48.243 15537 15537 I [IPSA] CommonUtil: setApplication
02-05 17:40:48.245  1163  1240 I ViewRootImpl@cd7b358[dogglers]: setView = com.android.internal.policy.DecorView@9d912ed TM=true
02-05 17:40:48.247  1163  1240 V WindowManager: Relayout Window{e8c5cb1 u0 Splash Screen com.example.dogglers}: viewVisibility=0 req=1080x2400
02-05 17:40:48.247  1163  1240 W WindowManager: lockNow pending, ignore updating lockscreen timeout
02-05 17:40:48.248  1163  1240 D WindowManager: isScreenshotDisabledLocked - win: Window{e8c5cb1 u0 Splash Screen com.example.dogglers}
02-05 17:40:48.248  1163  1240 D WindowManager: isScreenshotDisabledLocked: userId = 0, disabled =false
02-05 17:40:48.248   789  1273 I SurfaceFlinger: id=79453 createSurf (1080x2400),1 flag=404, Splash Screen com.example.dogglers#0
02-05 17:40:48.249 15500 15500 D LifecycleMonitor: Lifecycle status change: androidx.test.core.app.InstrumentationActivityInvoker$BootstrapActivity@ba03845 in: PRE_ON_CREATE
02-05 17:40:48.249  1163  1240 V WindowManager: Relayout hash=e8c5cb1, pid=1163: mAttrs={(0,0)(fillxfill) sim={adjust=pan} layoutInDisplayCutoutMode=shortEdges ty=APPLICATION_STARTING wanim=0x1030001
02-05 17:40:48.249  1163  1240 V WindowManager:   fl=1830118
02-05 17:40:48.249  1163  1240 V WindowManager:   pfl=12020011
02-05 17:40:48.249  1163  1240 V WindowManager:   fitSides= naviIconColor=0}
02-05 17:40:48.249  1163  1240 I ViewRootImpl@cd7b358[dogglers]: Relayout returned: old=(0,0,1080,2400) new=(0,0,1080,2400) req=(1080,2400)0 dur=3 res=0x7 s={true 497474408448} ch=true fn=-1
02-05 17:40:48.249 15500 15500 D LifecycleMonitor: running callback: androidx.test.core.app.ActivityScenario$1@ebb2b9a
02-05 17:40:48.249  1163  1240 I ViewRootImpl@cd7b358[dogglers]: [DP] dp(1) 1 android.view.ViewRootImpl.reportNextDraw:10957 android.view.ViewRootImpl.performTraversals:3845 android.view.ViewRootImpl.doTraversal:2618
02-05 17:40:48.249 15500 15500 V ActivityScenario: Activity lifecycle changed event received but ignored because the intent does not match. startActivityIntent=Intent { act=android.intent.action.MAIN cat=[android.intent.category.LAUNCHER] cmp=com.example.dogglers/.MainActivity }, activity.getIntent()=Intent { act=android.intent.action.MAIN cat=[android.intent.category.LAUNCHER] flg=0x10008000 cmp=com.example.dogglers/androidx.test.core.app.InstrumentationActivityInvoker$BootstrapActivity (has extras) }, activity=androidx.test.core.app.InstrumentationActivityInvoker$BootstrapActivity@ba03845
02-05 17:40:48.249 15500 15500 D LifecycleMonitor: callback completes: androidx.test.core.app.ActivityScenario$1@ebb2b9a
02-05 17:40:48.250   716   957 D gralloc : [mali_gralloc_allocate] begin
02-05 17:40:48.250   716   957 D gralloc : buffer_descriptor: wh(1080 2400) usage_pc(0x966 0x906) hal_format(0x1) layer_count(1) sizes(0 0 0) strde(0) byte_stride(0) alloc_wh(0 0) internal_format(0x0) alloc_format(0x0) fd_count(1) plane_count(0)
02-05 17:40:48.250   716   957 D gralloc : [mali_gralloc_allocate] allocation successful
02-05 17:40:48.253  1163  1511 D PkgPredictorService: com.example.dogglers go to foreground!
02-05 17:40:48.254  1163  1511 E PkgPredictorService-Collector: record changed bt=1  wifi=1 screen=0
02-05 17:40:48.254  1163  1511 D PkgPredictorService: previous pkgs: com.example.dogglers,com.android.chrome,com.laurencedawson.reddit_sync.pro running pkg: com.example.dogglers, uid: 0 is system: false
02-05 17:40:48.254  1163  1240 I ViewRootImpl@cd7b358[dogglers]: [DP] pdf(0) 1 android.view.ViewRootImpl.performDraw:4809 android.view.ViewRootImpl.performTraversals:3866 android.view.ViewRootImpl.doTraversal:2618
02-05 17:40:48.254  1163  1240 I ViewRootImpl@cd7b358[dogglers]: [DP] rdf()
02-05 17:40:48.254  1163  1511 D PkgPredictorService-Collector: save record...
02-05 17:40:48.254  1163  1511 D PkgPredictorService-Collector:  (hour:17 day:7 previous:[com.example.dogglers, com.android.chrome, com.laurencedawson.reddit_sync.pro] activityName:unknown running:com.example.dogglers userId:0 screenOrientation:0 wifi:1 bt:1 predictTime:1 apkVersion:1.0 consumeTime:-1 preloaded:false>)
02-05 17:40:48.254  1163  1511 D PkgPredictorService-NapPreloadController: User using: com.example.dogglers
02-05 17:40:48.254  1163  1511 I PkgPredictorService-NapClassifier: RF predict version:1644037200287
02-05 17:40:48.254  1163  1511 D PkgPredictorService-NapClassifier: Predict result: 8.0,22.0,37.0,11.0,89.0,24.0,25.0,14.0,-1.0, - [0_&_com.android.chrome, 0_&_com.laurencedawson.reddit_sync.pro, 0_&_com.google.android.apps.docs, 0_&_com.google.android.youtube, 0_&_com.disney.disneyplus, 0_&_com.google.android.apps.magazines, 0_&_br.com.brainweb.ifood, 0_&_com.whatsapp]
02-05 17:40:48.255  1163  1237 D SehCodecSolutionService: Update top [com.example.dogglers]
02-05 17:40:48.256  1163  1240 W WindowManager: lockNow pending, ignore updating lockscreen timeout
02-05 17:40:48.259  2003  4215 I mali_egl: eglDestroySurface() in
02-05 17:40:48.259  1680  6710 D WallpaperService: dispatchAppVisibility onVisibilityChanged(): false
02-05 17:40:48.259  1680  1680 D WallpaperService: reportVisibility onVisibilityChanged visible: false
02-05 17:40:48.259  1680  1806 I ImageWallpaper:  onVisibilityChanged false , 0
02-05 17:40:48.259  1163  1235 I InputDispatcher: Focus left window (2003): 6030dc2 in display 0 0
02-05 17:40:48.260  2003  4215 I mali_winsys: delete_surface() [1080x2400] return
02-05 17:40:48.260  2003  4215 I mali_egl: eglDestroySurface() out
02-05 17:40:48.260   789  2265 E BufferQueueProducer: [com.sec.android.app.launcher/com.sec.android.app.launcher.activities.LauncherActivity$_2003#0](id:3150000369c,api:0,p:-1,c:789) disconnect: not connected (req=1)
02-05 17:40:48.260  2003  4215 W libEGL  : EGLNativeWindowType 0x73d44f9010 disconnect failed
02-05 17:40:48.260  1163  1240 I SurfaceControl: nativeRelease nativeObject s[496882941824]
02-05 17:40:48.260  1163  1240 I SurfaceControl: nativeRelease nativeObject e[496882941824]
02-05 17:40:48.260   789  1273 I SurfaceFlinger: id=79454 createSurf (0x0),-1 flag=24000, Surface(name=8c655e2 StatusBar)/@0x44a9b07 - animation-leash#1
02-05 17:40:48.260  1163  1240 I SurfaceControl: nativeRelease nativeObject s[496882942112]
02-05 17:40:48.260  1163  1240 I SurfaceControl: nativeRelease nativeObject e[496882942112]
02-05 17:40:48.260   789  2265 I SurfaceFlinger: id=79455 createSurf (0x0),-1 flag=24000, Surface(name=b29f82b NavigationBar0)/@0x8634759 - animation-leash#0
02-05 17:40:48.261  1163  1240 W WindowManager: lockNow pending, ignore updating lockscreen timeout
02-05 17:40:48.261 15537 15537 I FirebaseInitProvider: FirebaseApp initialization successful
02-05 17:40:48.261   789  2265 I Layer   : id=79440 removeFromCurrentState Surface(name=8c655e2 StatusBar)/@0x44a9b07 - animation-leash#0 (172)
02-05 17:40:48.261   789  2265 I Layer   : id=79441 removeFromCurrentState Surface(name=b29f82b NavigationBar0)/@0x8634759 - animation-leash#1 (172)
02-05 17:40:48.263  1163  1240 W WindowManager: lockNow pending, ignore updating lockscreen timeout
02-05 17:40:48.264  1163  1235 V WindowManager: Relayout Window{6030dc2 u0 com.sec.android.app.launcher/com.sec.android.app.launcher.activities.LauncherActivity}: viewVisibility=8 req=1080x2400
02-05 17:40:48.264  1163  1235 W WindowManager: lockNow pending, ignore updating lockscreen timeout
02-05 17:40:48.265  1163  1235 V WindowManager: Relayout hash=6030dc2, pid=2003: mAttrs={(0,0)(fillxfill) sim={adjust=nothing} layoutInDisplayCutoutMode=shortEdges ty=BASE_APPLICATION fmt=TRANSPARENT wanim=0x10302f2
02-05 17:40:48.265  1163  1235 V WindowManager:   fl=81910100
02-05 17:40:48.265  1163  1235 V WindowManager:   pfl=16020000
02-05 17:40:48.265  1163  1235 V WindowManager:   vsysui=1700
02-05 17:40:48.265  1163  1235 V WindowManager:   apr=LIGHT_STATUS_BARS
02-05 17:40:48.265  1163  1235 V WindowManager:   bhv=SHOW_TRANSIENT_BARS_BY_SWIPE
02-05 17:40:48.265  1163  1235 V WindowManager:   fitSides= dimAmount=0.125 dimDuration=200 naviIconColor=0}
02-05 17:40:48.266  2003  2003 I SurfaceControl: nativeRelease nativeObject s[499184604864]
02-05 17:40:48.266  2003  2003 I SurfaceControl: nativeRelease nativeObject e[499184604864]
02-05 17:40:48.266  2003  2003 I SurfaceControl: assignNativeObject: nativeObject = 0 Surface(name=null)/@0x631c8c8 / android.view.SurfaceControl.readFromParcel:1117 android.view.IWindowSession$Stub$Proxy.relayout:1810 android.view.ViewRootImpl.relayoutWindow:9005 android.view.ViewRootImpl.performTraversals:3360 android.view.ViewRootImpl.doTraversal:2618 android.view.ViewRootImpl$TraversalRunnable.run:9971 android.view.Choreographer$CallbackRecord.run:1010 android.view.Choreographer.doCallbacks:809 android.view.Choreographer.doFrame:744 android.view.Choreographer$FrameDisplayEventReceiver.run:995
02-05 17:40:48.266  2003  2003 I SurfaceControl: assignNativeObject: nativeObject = 0 Surface(name=null)/@0x37cdda1 / android.view.SurfaceControl.readFromParcel:1117 android.view.IWindowSession$Stub$Proxy.relayout:1820 android.view.ViewRootImpl.relayoutWindow:9005 android.view.ViewRootImpl.performTraversals:3360 android.view.ViewRootImpl.doTraversal:2618 android.view.ViewRootImpl$TraversalRunnable.run:9971 android.view.Choreographer$CallbackRecord.run:1010 android.view.Choreographer.doCallbacks:809 android.view.Choreographer.doFrame:744 android.view.Choreographer$FrameDisplayEventReceiver.run:995
02-05 17:40:48.266  2003  2003 I SurfaceControl: nativeRelease nativeObject s[497484649472]
02-05 17:40:48.266  2003  2003 I SurfaceControl: nativeRelease nativeObject e[497484649472]
02-05 17:40:48.266  2003  2003 I SurfaceControl: nativeRelease nativeObject s[499184605152]
02-05 17:40:48.266  2003  2003 I SurfaceControl: nativeRelease nativeObject e[499184605152]
02-05 17:40:48.266  2003  2003 I SurfaceControl: nativeRelease nativeObject s[499183206848]
02-05 17:40:48.266  2003  2003 I SurfaceControl: nativeRelease nativeObject e[499183206848]
02-05 17:40:48.266  2003  2003 I ViewRootImpl@e2e8b8d[LauncherActivity]: Relayout returned: old=(0,0,1080,2400) new=(0,0,1080,2400) req=(1080,2400)8 dur=6 res=0x5 s={false 0} ch=true fn=26
02-05 17:40:48.267  2003  2003 I SurfaceControl: nativeRelease nativeObject s[499184604864]
02-05 17:40:48.267  2003  2003 I SurfaceControl: nativeRelease nativeObject e[499184604864]
02-05 17:40:48.267  2003  2003 I ViewRootImpl@e2e8b8d[LauncherActivity]: MSG_WINDOW_FOCUS_CHANGED 0 1
02-05 17:40:48.267 15500 15500 I DecorView: [INFO] isPopOver=false, config=true
02-05 17:40:48.267 15500 15500 I DecorView: updateCaptionType >> DecorView@d106766[], isFloating=false, isApplication=true, hasWindowDecorCaption=false, hasWindowControllerCallback=true
02-05 17:40:48.267 15500 15500 D DecorView: setCaptionType = 0, this = DecorView@d106766[]
02-05 17:40:48.267  1163  1796 D PackageManager: setEnabledSetting : userId = 0 packageName = com.samsung.android.ipsgeofence cmp = androidx.work.impl.background.systemjob.SystemJobService newState = 1 callingPackage = 5022/com.samsung.android.ipsgeofence
02-05 17:40:48.268  1163  1237 D WindowManager: setDisableFlags: displayId=0, vis=0x8008, appearance=0, transientState=Pair{[I@e0cf207 [I@5ab5f34}, isFullscreen=false, isImmersive=false, barType=0, win=Window{e8c5cb1 u0 Splash Screen com.example.dogglers}
02-05 17:40:48.270 15537 15537 I TetheringManager: registerTetheringEventCallback:com.samsung.android.ipsgeofence
02-05 17:40:48.272 15500 15500 D LifecycleMonitor: Lifecycle status change: androidx.test.core.app.InstrumentationActivityInvoker$BootstrapActivity@ba03845 in: CREATED
02-05 17:40:48.272 15500 15500 D LifecycleMonitor: running callback: androidx.test.core.app.ActivityScenario$1@ebb2b9a
02-05 17:40:48.272 15500 15500 V ActivityScenario: Activity lifecycle changed event received but ignored because the intent does not match. startActivityIntent=Intent { act=android.intent.action.MAIN cat=[android.intent.category.LAUNCHER] cmp=com.example.dogglers/.MainActivity }, activity.getIntent()=Intent { act=android.intent.action.MAIN cat=[android.intent.category.LAUNCHER] flg=0x10008000 cmp=com.example.dogglers/androidx.test.core.app.InstrumentationActivityInvoker$BootstrapActivity (has extras) }, activity=androidx.test.core.app.InstrumentationActivityInvoker$BootstrapActivity@ba03845
02-05 17:40:48.272 15500 15500 D LifecycleMonitor: callback completes: androidx.test.core.app.ActivityScenario$1@ebb2b9a
02-05 17:40:48.273 15500 15500 D LifecycleMonitor: Lifecycle status change: androidx.test.core.app.InstrumentationActivityInvoker$BootstrapActivity@ba03845 in: STARTED
02-05 17:40:48.273 15500 15500 D LifecycleMonitor: running callback: androidx.test.core.app.ActivityScenario$1@ebb2b9a
02-05 17:40:48.274 15500 15500 V ActivityScenario: Activity lifecycle changed event received but ignored because the intent does not match. startActivityIntent=Intent { act=android.intent.action.MAIN cat=[android.intent.category.LAUNCHER] cmp=com.example.dogglers/.MainActivity }, activity.getIntent()=Intent { act=android.intent.action.MAIN cat=[android.intent.category.LAUNCHER] flg=0x10008000 cmp=com.example.dogglers/androidx.test.core.app.InstrumentationActivityInvoker$BootstrapActivity (has extras) }, activity=androidx.test.core.app.InstrumentationActivityInvoker$BootstrapActivity@ba03845
02-05 17:40:48.274 15500 15500 D LifecycleMonitor: callback completes: androidx.test.core.app.ActivityScenario$1@ebb2b9a
02-05 17:40:48.275  1680  1680 D NavigationBar: onSystemBarAppearanceChanged() -  displayId:0, appearance:0, navbarColorManagedByIme:false
02-05 17:40:48.276  1680  1680 D SecStatusBarMobileView: setStaticDrawableColor:
02-05 17:40:48.276  1680  1680 D SecLightBarControlHelper: updateStatus(WHITE icon) NumLightStacks:0, NumStacks:1, IndexLightStack:-1, StatusBarMode:0, StatusBarState:SHD, NeedDarkFontFromWallpaper:true, isWhiteKeyguardStatusBarBySettings:true
02-05 17:40:48.278   789   835 I SurfaceFlinger: id=79456 createSurf (0x0),-1 flag=80004, ActivityRecord{5fae659 u0 com.example.dogglers/.MainActivity t12724}#0
02-05 17:40:48.281  1163  3940 W WindowManager: lockNow pending, ignore updating lockscreen timeout
02-05 17:40:48.281  1163  1240 W WindowManager: lockNow pending, ignore updating lockscreen timeout
02-05 17:40:48.281 15500 15500 D LifecycleMonitor: Lifecycle status change: androidx.test.core.app.InstrumentationActivityInvoker$BootstrapActivity@ba03845 in: RESUMED
02-05 17:40:48.281 15500 15500 D LifecycleMonitor: running callback: androidx.test.core.app.ActivityScenario$1@ebb2b9a
02-05 17:40:48.282   789   789 D SurfaceFlinger: Display 21442653864348033 HWC layers:
02-05 17:40:48.282   789   789 D SurfaceFlinger:      DEVICE | 0x74084fea80 | 0002 | RGBA_8888    |    0.0    0.0 1080.0 2400.0 |    0    0 1080 2400 | Splash Screen com.example.dogglers#0
02-05 17:40:48.282   789   789 D SurfaceFlinger:      DEVICE | 0x7428c3fac0 | 0000 | RGBA_8888    |    0.0    0.0 1080.0   88.0 |    0    0 1080   88 | StatusBar$_1680#0
02-05 17:40:48.282   789   789 D SurfaceFlinger:      DEVICE | 0x7428c3f200 | 0000 | RGBA_8888    |    0.0    0.0 1080.0  144.0 |    0 2256 1080 2400 | NavigationBar0$_1680#0
02-05 17:40:48.282   789   789 D SurfaceFlinger:      DEVICE | 0x7408191180 | 0000 | RGBA_8888    |    0.0    0.0 1080.0  125.0 |    0    0 1080  125 | ScreenDecorOverlay$_1680#0
02-05 17:40:48.282   789   789 D SurfaceFlinger:      DEVICE | 0x7428c3f480 | 0000 | RGBA_8888    |    0.0    0.0 1080.0  112.0 |    0 2288 1080 2400 | ScreenDecorOverlayBottom$_1680#0
02-05 17:40:48.282   789   789 D SurfaceFlinger:
02-05 17:40:48.282 15500 15500 V ActivityScenario: Activity lifecycle changed event received but ignored because the intent does not match. startActivityIntent=Intent { act=android.intent.action.MAIN cat=[android.intent.category.LAUNCHER] cmp=com.example.dogglers/.MainActivity }, activity.getIntent()=Intent { act=android.intent.action.MAIN cat=[android.intent.category.LAUNCHER] flg=0x10008000 cmp=com.example.dogglers/androidx.test.core.app.InstrumentationActivityInvoker$BootstrapActivity (has extras) }, activity=androidx.test.core.app.InstrumentationActivityInvoker$BootstrapActivity@ba03845
02-05 17:40:48.282 15500 15500 D LifecycleMonitor: callback completes: androidx.test.core.app.ActivityScenario$1@ebb2b9a
02-05 17:40:48.282  1163  1240 I ViewRootImpl@cd7b358[dogglers]: MSG_RESIZED_REPORT: frame=(0,0,1080,2400) ci=(0,88,0,144) vi=(0,88,0,144) or=1
02-05 17:40:48.282  1163  1240 I ViewRootImpl@cd7b358[dogglers]: [DP] dp(1) 1 android.view.ViewRootImpl.reportNextDraw:10957 android.view.ViewRootImpl.access$1200:256 android.view.ViewRootImpl$ViewRootHandler.handleMessage:6101
02-05 17:40:48.283 15500 15500 D LifecycleMonitor: Lifecycle status change: androidx.test.core.app.InstrumentationActivityInvoker$BootstrapActivity@ba03845 in: PAUSED
02-05 17:40:48.283 15500 15500 D LifecycleMonitor: running callback: androidx.test.core.app.ActivityScenario$1@ebb2b9a
02-05 17:40:48.284 15500 15500 V ActivityScenario: Activity lifecycle changed event received but ignored because the intent does not match. startActivityIntent=Intent { act=android.intent.action.MAIN cat=[android.intent.category.LAUNCHER] cmp=com.example.dogglers/.MainActivity }, activity.getIntent()=Intent { act=android.intent.action.MAIN cat=[android.intent.category.LAUNCHER] flg=0x10008000 cmp=com.example.dogglers/androidx.test.core.app.InstrumentationActivityInvoker$BootstrapActivity (has extras) }, activity=androidx.test.core.app.InstrumentationActivityInvoker$BootstrapActivity@ba03845
02-05 17:40:48.284 15500 15500 D LifecycleMonitor: callback completes: androidx.test.core.app.ActivityScenario$1@ebb2b9a
02-05 17:40:48.285  1163  3944 V WindowOrientationListener: getProposedRotation: 0
02-05 17:40:48.286  1163  3944 D InputDispatcher: Focused application set to (0): 5fae659
02-05 17:40:48.287  1163  3944 W WindowManager: lockNow pending, ignore updating lockscreen timeout
02-05 17:40:48.289   789  1273 I SurfaceFlinger: id=79457 createSurf (0x0),-1 flag=24000, Surface(name=ActivityRecord{4f7329 u0 com.example.dogglers/androidx.test.core.app.InstrumentationActivityInvoker$BootstrapActivity t12724})/@0xd706af7 - animation-leash#0
02-05 17:40:48.289   789  1273 I SurfaceFlinger: id=79458 createSurf (0x0),-1 flag=20004, Dim Layer for - Task=12724 - animating-dim#0
02-05 17:40:48.289   789  1273 I SurfaceFlinger: id=79459 createSurf (0x0),-1 flag=24000, Surface(name=Dim Layer for - Task=12724 - animating-dim)/@0xa82c82 - animation-leash#0
02-05 17:40:48.290   789   835 I SurfaceFlinger: id=79460 createSurf (0x0),-1 flag=80004, Surface(name=ActivityRecord{4f7329 u0 com.example.dogglers/androidx.test.core.app.InstrumentationActivityInvoker$BootstrapActivity t12724})/@0xd706af7 - animation-bounds#0
02-05 17:40:48.290  1163  3944 I SurfaceControl: nativeRelease nativeObject s[496866864544]
02-05 17:40:48.290  1163  3944 I SurfaceControl: nativeRelease nativeObject e[496866864544]
02-05 17:40:48.290  1163  3944 W WindowManager: lockNow pending, ignore updating lockscreen timeout
02-05 17:40:48.291   789   835 I Layer   : id=79458 removeFromCurrentState Dim Layer for - Task=12724 - animating-dim#0 (177)
02-05 17:40:48.291   789   835 I SurfaceFlinger: id=79458 Removed Dim Layer for - Task=12724 - animating-dim#0 (177)
02-05 17:40:48.292  1680  1680 D SecStatusBarMobileView: setStaticDrawableColor:
02-05 17:40:48.292   789   789 I Layer   : id=79458[1] Destroyed Dim Layer for - Task=12724 - animating-dim#0
02-05 17:40:48.294  1163  1240 V WindowManager: Relayout Window{e8c5cb1 u0 Splash Screen com.example.dogglers}: viewVisibility=0 req=1080x2400
02-05 17:40:48.294  2003  2003 I ViewRootImpl@e2e8b8d[LauncherActivity]: stopped(true) old=false
02-05 17:40:48.294  1163  1240 W WindowManager: lockNow pending, ignore updating lockscreen timeout
02-05 17:40:48.294  2003  2003 I StateManager: goToState isInState Normal
02-05 17:40:48.295  1163  1240 I SurfaceControl: nativeRelease nativeObject s[496871102688]
02-05 17:40:48.295  1163  1240 I SurfaceControl: nativeRelease nativeObject e[496871102688]
02-05 17:40:48.295  1163  1240 V WindowManager: Relayout hash=e8c5cb1, pid=1163: mAttrs={(0,0)(fillxfill) sim={adjust=pan} layoutInDisplayCutoutMode=shortEdges ty=APPLICATION_STARTING wanim=0x1030001
02-05 17:40:48.295  1163  1240 V WindowManager:   fl=1830118
02-05 17:40:48.295  1163  1240 V WindowManager:   pfl=12020011
02-05 17:40:48.295  1163  1240 V WindowManager:   fitSides= naviIconColor=0}
02-05 17:40:48.295  1163  1240 I SurfaceControl: nativeRelease nativeObject s[496882941824]
02-05 17:40:48.295  1163  1240 I SurfaceControl: nativeRelease nativeObject e[496882941824]
02-05 17:40:48.295  1163  1240 I SurfaceControl: nativeRelease nativeObject s[496882942112]
02-05 17:40:48.295  1163  1240 I SurfaceControl: nativeRelease nativeObject e[496882942112]
02-05 17:40:48.295  1163  1240 I ViewRootImpl@cd7b358[dogglers]: Relayout returned: old=(0,0,1080,2400) new=(0,0,1080,2400) req=(1080,2400)0 dur=3 res=0x1 s={true 497474408448} ch=false fn=2
02-05 17:40:48.295   716   957 D gralloc : [mali_gralloc_allocate] begin
02-05 17:40:48.295   716   957 D gralloc : buffer_descriptor: wh(1080 2400) usage_pc(0x966 0x906) hal_format(0x1) layer_count(1) sizes(0 0 0) strde(0) byte_stride(0) alloc_wh(0 0) internal_format(0x0) alloc_format(0x0) fd_count(1) plane_count(0)
02-05 17:40:48.296   716   957 D gralloc : [mali_gralloc_allocate] allocation successful
02-05 17:40:48.296  2003  2003 W LauncherAppWidgetHost: setListenIfResumed, mFlags = 7
02-05 17:40:48.296  1163  3940 I AppWidgetServiceImpl: stopListening callbacks : null
02-05 17:40:48.296  2003  2003 W Launcher.NotificationListener: removeNotificationsChangedListener
02-05 17:40:48.296  2003  2003 I BadgeCountUpdaterImpl: onNotificationsChangedDisConnected
02-05 17:40:48.296  2003  2003 I Launcher.NotificationListener: unregisterObserver, this is not notificationService!!
02-05 17:40:48.297  2003  2003 W PageOverlayMover: updateActivityLifecycleState : 4
02-05 17:40:48.298  2003  2003 I LiveIconUpdateEventHandler: cancelMinuteChangeAlarm
02-05 17:40:48.298  1163  1240 I ViewRootImpl@cd7b358[dogglers]: [DP] pdf(0) 1 android.view.ViewRootImpl.performDraw:4809 android.view.ViewRootImpl.performTraversals:3866 android.view.ViewRootImpl.doTraversal:2618
02-05 17:40:48.298  1163  1240 I ViewRootImpl@cd7b358[dogglers]: [DP] rdf()
02-05 17:40:48.300  2003  2003 I LiveIconUpdateEventHandler: cancelDateChangeAlarm
02-05 17:40:48.302 15537 15537 I [IPSA-C] IpsApplication: onCreate : is official=true, is debug=false, feature_vi=true, mcc=724, IPS is available, feature_ea=true
02-05 17:40:48.303   851  1363 I CameraService: notifyMonitoredUids
02-05 17:40:48.306  2003  2003 I LiveIconUpdateEventHandler: unregisterReceiver
02-05 17:40:48.312  1163  1796 I SurfaceControl: nativeRelease nativeObject s[496867019072]
02-05 17:40:48.312  1163  1796 I SurfaceControl: nativeRelease nativeObject e[496867019072]
02-05 17:40:48.312   789  1273 I Layer   : id=79439 removeFromCurrentState com.sec.android.app.launcher/com.sec.android.app.launcher.activities.LauncherActivity$_2003#0 (176)
02-05 17:40:48.315   789  1273 I SurfaceFlinger: id=79439 Removed com.sec.android.app.launcher/com.sec.android.app.launcher.activities.LauncherActivity$_2003#0 (176)
02-05 17:40:48.315  1163  1237 D SehCodecSolutionService: Update top [com.example.dogglers]
02-05 17:40:48.315  1163  1237 E Native_CFMS: nativePerfMgrRemoveTask    Fail    tid : 2003    return : -1
02-05 17:40:48.317 15500 15500 D LifecycleMonitor: Lifecycle status change: com.example.dogglers.MainActivity@2dae79f in: PRE_ON_CREATE
02-05 17:40:48.317 15500 15500 D LifecycleMonitor: running callback: androidx.test.core.app.ActivityScenario$1@ebb2b9a
02-05 17:40:48.318 15500 15500 V ActivityScenario: Activity lifecycle changed event received but ignored because the reported transition was not ON_CREATE while the last known transition was PRE_ON_CREATE
02-05 17:40:48.318 15500 15500 D LifecycleMonitor: callback completes: androidx.test.core.app.ActivityScenario$1@ebb2b9a
02-05 17:40:48.318  1163  1796 V WindowManager: Relayout Window{b594a18 u0 NotificationShade}: viewVisibility=4 req=1080x2400
02-05 17:40:48.319  1163  1796 W WindowManager: lockNow pending, ignore updating lockscreen timeout
02-05 17:40:48.319  1163  1796 V WindowManager: Relayout hash=b594a18, pid=1680: mAttrs={(0,0)(fillxfill) gr=TOP CENTER_VERTICAL sim={adjust=resize} layoutInDisplayCutoutMode=always ty=2040 fmt=TRANSLUCENT colorMode=COLOR_MODE_WIDE_COLOR_GAMUT
02-05 17:40:48.319  1163  1796 V WindowManager:   fl=81840048
02-05 17:40:48.319  1163  1796 V WindowManager:   pfl=1b000000
02-05 17:40:48.319  1163  1796 V WindowManager:   bhv=SHOW_TRANSIENT_BARS_BY_SWIPE dimAmount=0.0 naviIconColor=0
02-05 17:40:48.319  1163  1796 V WindowManager:   sfl=40000}
02-05 17:40:48.320  1680  1680 I SurfaceControl: assignNativeObject: nativeObject = 0 Surface(name=null)/@0x7632417 / android.view.SurfaceControl.readFromParcel:1117 android.view.IWindowSession$Stub$Proxy.relayout:1810 android.view.ViewRootImpl.relayoutWindow:9005 android.view.ViewRootImpl.performTraversals:3360 android.view.ViewRootImpl.doTraversal:2618 android.view.ViewRootImpl$TraversalRunnable.run:9971 android.view.Choreographer$CallbackRecord.run:1010 android.view.Choreographer.doCallbacks:809 android.view.Choreographer.doFrame:744 android.view.Choreographer$FrameDisplayEventReceiver.run:995
02-05 17:40:48.320  1680  1680 I SurfaceControl: assignNativeObject: nativeObject = 0 Surface(name=null)/@0x2dd2a3a / android.view.SurfaceControl.readFromParcel:1117 android.view.IWindowSession$Stub$Proxy.relayout:1820 android.view.ViewRootImpl.relayoutWindow:9005 android.view.ViewRootImpl.performTraversals:3360 android.view.ViewRootImpl.doTraversal:2618 android.view.ViewRootImpl$TraversalRunnable.run:9971 android.view.Choreographer$CallbackRecord.run:1010 android.view.Choreographer.doCallbacks:809 android.view.Choreographer.doFrame:744 android.view.Choreographer$FrameDisplayEventReceiver.run:995
02-05 17:40:48.320   916   916 I keystore: !@ reading blob user_0/5022_USRPKEY__androidx_security_master_key_
02-05 17:40:48.320  1680  1680 I ViewRootImpl@cb447c7[NotificationShade]: Relayout returned: old=(0,0,1080,2400) new=(0,0,1080,2400) req=(1080,2400)4 dur=2 res=0x1 s={false 0} ch=false fn=-1
02-05 17:40:48.321  1680  1680 D KeyguardBottomAreaShortcutView: updateCameraVisibility isCameraDisabled:false visible:true
02-05 17:40:48.321  1680  1680 D KeyguardBottomAreaShortcutView: mIndicationArea margin start : 180, end : 180, bottom : 400
02-05 17:40:48.321  1680  1680 D MediaControlPanel: mActionButtonNumCollapsed = 1, mActionButtonNumExpand = 1
02-05 17:40:48.321  1680  1680 D MediaControlPanel: mActionButtonNumCollapsed = 1, mActionButtonNumExpand = 1
02-05 17:40:48.321  1680  1680 D MediaControlPanel: mActionButtonNumCollapsed = 1, mActionButtonNumExpand = 1
02-05 17:40:48.321  1680  1680 D MediaControlPanel: mActionButtonNumCollapsed = 1, mActionButtonNumExpand = 1
02-05 17:40:48.322  1680  1680 D MediaControlPanel: mActionButtonNumCollapsed = 1, mActionButtonNumExpand = 1
02-05 17:40:48.322  1680  1680 D MediaControlPanel: mActionButtonNumCollapsed = 1, mActionButtonNumExpand = 1
02-05 17:40:48.322  1680  1680 D MediaControlPanel: mActionButtonNumCollapsed = 1, mActionButtonNumExpand = 1
02-05 17:40:48.322  1680  1680 D MediaControlPanel: mActionButtonNumCollapsed = 1, mActionButtonNumExpand = 1
02-05 17:40:48.322  1680  1680 D MediaControlPanel: mActionButtonNumCollapsed = 3, mActionButtonNumExpand = 5
02-05 17:40:48.322  1680  1680 D MediaControlPanel: mActionButtonNumCollapsed = 3, mActionButtonNumExpand = 5
02-05 17:40:48.324  1680  1680 D SecStatusBarMobileView: setStaticDrawableColor:
02-05 17:40:48.324  1680  1680 D MediaControlPanel: mActionButtonNumCollapsed = 1, mActionButtonNumExpand = 1
02-05 17:40:48.324  1680  1680 D MediaControlPanel: mActionButtonNumCollapsed = 1, mActionButtonNumExpand = 1
02-05 17:40:48.324  1680  1680 D MediaControlPanel: mActionButtonNumCollapsed = 1, mActionButtonNumExpand = 1
02-05 17:40:48.324  1680  1680 D MediaControlPanel: mActionButtonNumCollapsed = 1, mActionButtonNumExpand = 1
02-05 17:40:48.324  1680  1680 D MediaControlPanel: mActionButtonNumCollapsed = 1, mActionButtonNumExpand = 1
02-05 17:40:48.324  1680  1680 D MediaControlPanel: mActionButtonNumCollapsed = 1, mActionButtonNumExpand = 1
02-05 17:40:48.324  1680  1680 D MediaControlPanel: mActionButtonNumCollapsed = 1, mActionButtonNumExpand = 1
02-05 17:40:48.324  1680  1680 D MediaControlPanel: mActionButtonNumCollapsed = 1, mActionButtonNumExpand = 1
02-05 17:40:48.324  1680  1680 D MediaControlPanel: mActionButtonNumCollapsed = 3, mActionButtonNumExpand = 5
02-05 17:40:48.325  1680  1680 D MediaControlPanel: mActionButtonNumCollapsed = 3, mActionButtonNumExpand = 5
02-05 17:40:48.326   916   916 I keystore: !@ Start - USRPKEY__androidx_security_master_key_ from uid 5022 for uid 5022, isKnoxKey(0)
02-05 17:40:48.326   916   916 I keystore: !@ reading blob user_0/5022_USRPKEY__androidx_security_master_key_
02-05 17:40:48.327   532   532 W keymaster_tee: [WRN]begin req PARAMS: A32 B32 P1
02-05 17:40:48.328  1680  1680 D SecStatusBarMobileView: setStaticDrawableColor:
02-05 17:40:48.328   789   789 I Layer   : id=79439[1] Destroyed com.sec.android.app.launcher/com.sec.android.app.launcher.activities.LauncherActivity$_2003#0
02-05 17:40:48.336   916   916 I keystore: !@ reading blob user_0/5022_USRPKEY__androidx_security_master_key_
02-05 17:40:48.337   916   916 I keystore: !@ Start - USRPKEY__androidx_security_master_key_ from uid 5022 for uid 5022, isKnoxKey(0)
02-05 17:40:48.338   916   916 I keystore: !@ reading blob user_0/5022_USRPKEY__androidx_security_master_key_
02-05 17:40:48.338   532   532 W keymaster_tee: [WRN]begin req PARAMS: A32 B32 P1
02-05 17:40:48.343 15537 15601 I c.b.c.a.f0.y: Provider GmsCore_OpenSSL not available
02-05 17:40:48.345  1680  1680 D SecStatusBarMobileView: setStaticDrawableColor:
02-05 17:40:48.351 15537 15601 I [IPSA-C] IpsApplication: onCreate : all ids are exist
02-05 17:40:48.352 15537 15537 I [IPSA-C] IpsApplication: onCreate : get secure IDs using JNI, result=true
02-05 17:40:48.354 15537 15537 I [IPSA-C] IpsUtilityFunction: checkSelfLocationPermission: current=true, last=true
02-05 17:40:48.355 15537 15537 I [IPSA-E] ServiceStateChangedReceiver: onReceive
02-05 17:40:48.358 15537 15537 I [IPSA-E] EmergencySharedPref: getEmergencyAlertEnabled: true
02-05 17:40:48.360 15537 15537 I [IPSA-C] IpsUtilityFunction: getMcc : 724
02-05 17:40:48.360 15537 15537 I [IPSA-E] EmergencyService: isCountryChanged : currentMcc == lastMcc == 724
02-05 17:40:48.360 15537 15537 I [IPSA-E] EmergencyService: isCountryChangeTimeRemained: lastCountryChangeTime=0, activeDuration=10800000, now=1644093648360result=false
02-05 17:40:48.361 15537 15537 I [IPSA-C] IpsApplication: onTrimMemory : level=15
02-05 17:40:48.362  1680  1680 D SecStatusBarMobileView: setStaticDrawableColor:
02-05 17:40:48.362 14666 14666 D EdgeLightingReceiver: com.samsung.android.app.edgelighting.PACKAGE_REMOVED com.example.dogglers
02-05 17:40:48.363 14666 14666 D EdgeLightingSettingManager: removeSilentInstalledPackage : off, packageName = com.example.dogglers
02-05 17:40:48.365 15537 15537 I [IPSA-C] IpsApplication: onTrimMemory : level=60
02-05 17:40:48.367 14631 14631 I MyReceiver: onReceive action:com.samsung.android.callbgprovider.action.PACKAGE_REMOVED
02-05 17:40:48.367 14631 14631 I CallBGProvider: Call method name: do_delete
02-05 17:40:48.368 14631 14631 I CallBGProvider: query:content://com.samsung.android.callbgprovider.media [projection]null [selection]package_name=?
02-05 17:40:48.368 15500 15500 I DecorView: [INFO] isPopOver=false, config=true
02-05 17:40:48.368 15500 15500 I DecorView: updateCaptionType >> DecorView@7ba8355[], isFloating=false, isApplication=true, hasWindowDecorCaption=false, hasWindowControllerCallback=true
02-05 17:40:48.368 15500 15500 D DecorView: setCaptionType = 0, this = DecorView@7ba8355[]
02-05 17:40:48.369 14666 14666 D SystemUIService: onTrimMemory = 60
02-05 17:40:48.370 14666 14666 D EdgeLightingReceiver: com.samsung.android.app.edgelighting.PACKAGE_ADDED com.example.dogglers
02-05 17:40:48.372 14666 14666 D EdgeLightingSettingManager: addSilentInstalledPackage : off, packageName = com.example.dogglers
02-05 17:40:48.375 14666 14666 D EdgeLightingReceiver: com.samsung.android.app.edgelighting.PACKAGE_REPLACED com.example.dogglers
02-05 17:40:48.375 14666 14666 D EdgeLightingSettingManager: replaceSilentInstalledPackage : true, packageName = com.example.dogglers
02-05 17:40:48.378  1680  1680 D SecStatusBarMobileView: setStaticDrawableColor:
02-05 17:40:48.380 14666 14666 D SystemUIService: onTrimMemory = 60
02-05 17:40:48.387 15500 15500 W xample.doggler: Accessing hidden method Landroid/view/View;->computeFitSystemWindows(Landroid/graphics/Rect;Landroid/graphics/Rect;)Z (greylist, reflection, allowed)
02-05 17:40:48.387 15500 15500 W xample.doggler: Accessing hidden method Landroid/view/ViewGroup;->makeOptionalFitsSystemWindows()V (greylist, reflection, allowed)
02-05 17:40:48.391 15500 15500 D LifecycleMonitor: Lifecycle status change: com.example.dogglers.MainActivity@2dae79f in: CREATED
02-05 17:40:48.391 15500 15500 D LifecycleMonitor: running callback: androidx.test.core.app.ActivityScenario$1@ebb2b9a
02-05 17:40:48.392 15500 15500 V ActivityScenario: Update currentActivityStage to CREATED, currentActivity=com.example.dogglers.MainActivity@2dae79f
02-05 17:40:48.392 15500 15500 D LifecycleMonitor: callback completes: androidx.test.core.app.ActivityScenario$1@ebb2b9a
02-05 17:40:48.393 15500 15500 D LifecycleMonitor: Lifecycle status change: com.example.dogglers.MainActivity@2dae79f in: STARTED
02-05 17:40:48.393 15500 15500 D LifecycleMonitor: running callback: androidx.test.core.app.ActivityScenario$1@ebb2b9a
02-05 17:40:48.393 15500 15500 V ActivityScenario: Update currentActivityStage to STARTED, currentActivity=com.example.dogglers.MainActivity@2dae79f
02-05 17:40:48.393 15500 15500 D LifecycleMonitor: callback completes: androidx.test.core.app.ActivityScenario$1@ebb2b9a
02-05 17:40:48.394 15500 15500 D LifecycleMonitor: Lifecycle status change: com.example.dogglers.MainActivity@2dae79f in: RESUMED
02-05 17:40:48.394 15500 15500 D LifecycleMonitor: running callback: androidx.test.core.app.ActivityScenario$1@ebb2b9a
02-05 17:40:48.394 15500 15500 V ActivityScenario: Update currentActivityStage to RESUMED, currentActivity=com.example.dogglers.MainActivity@2dae79f
02-05 17:40:48.394 15500 15500 D LifecycleMonitor: callback completes: androidx.test.core.app.ActivityScenario$1@ebb2b9a
02-05 17:40:48.395  1680  1680 D SecStatusBarMobileView: setStaticDrawableColor:
02-05 17:40:48.400  1163  1259 D FastTrack: setFastTrackState: pid = 15500 ;tid= 15565 ;value= 1
02-05 17:40:48.402  1163  3935 D InputTransport: Input channel constructed: '1c013e2', fd=889
02-05 17:40:48.402  1163  3935 D InputTransport: Input channel constructed: '1c013e2', fd=915
02-05 17:40:48.403   789  1272 I SurfaceFlinger: id=79461 createSurf (0x0),-1 flag=80004, 1c013e2 com.example.dogglers/com.example.dogglers.MainActivity#0
02-05 17:40:48.403  1163  3935 D WindowManager: isScreenshotDisabledLocked - win: Window{1c013e2 u0 com.example.dogglers/com.example.dogglers.MainActivity}
02-05 17:40:48.403  1163  3935 D WindowManager: isScreenshotDisabledLocked: userId = 0, disabled =false
02-05 17:40:48.403  1163  3935 D InputTransport: Input channel destroyed: '1c013e2', fd=915
02-05 17:40:48.403 15500 15500 D InputTransport: Input channel constructed: '1c013e2', fd=86
02-05 17:40:48.405 15500 15559 D EventInjectionStrategy: Creating injection strategy with input manager.
02-05 17:40:48.405 15500 15559 W xample.doggler: Accessing hidden method Landroid/hardware/input/InputManager;->getInstance()Landroid/hardware/input/InputManager; (greylist, reflection, allowed)
02-05 17:40:48.406 15500 15559 W xample.doggler: Accessing hidden method Landroid/hardware/input/InputManager;->injectInputEvent(Landroid/view/InputEvent;I)Z (greylist, reflection, allowed)
02-05 17:40:48.406 15500 15559 W xample.doggler: Accessing hidden field Landroid/hardware/input/InputManager;->INJECT_INPUT_EVENT_MODE_WAIT_FOR_FINISH:I (greylist, reflection, allowed)
02-05 17:40:48.406 15500 15500 I ViewRootImpl@fee2ce6[MainActivity]: setView = com.android.internal.policy.DecorView@7ba8355 TM=true
02-05 17:40:48.413  1680  1680 D SecStatusBarMobileView: setStaticDrawableColor:
02-05 17:40:48.419  1163  3939 V WindowManager: Relayout Window{1c013e2 u0 com.example.dogglers/com.example.dogglers.MainActivity}: viewVisibility=0 req=1080x2400
02-05 17:40:48.419  1163  3939 W WindowManager: lockNow pending, ignore updating lockscreen timeout
02-05 17:40:48.420  1163  3939 D WindowManager: isScreenshotDisabledLocked - win: Window{1c013e2 u0 com.example.dogglers/com.example.dogglers.MainActivity}
02-05 17:40:48.420  1163  3939 D WindowManager: isScreenshotDisabledLocked: userId = 0, disabled =false
02-05 17:40:48.420   789  1273 I SurfaceFlinger: id=79462 createSurf (1080x2400),1 flag=404, com.example.dogglers/com.example.dogglers.MainActivity$_15500#0
02-05 17:40:48.421  1163  3939 I SurfaceControl: nativeRelease nativeObject s[496884988384]
02-05 17:40:48.421  1163  3939 I SurfaceControl: nativeRelease nativeObject e[496884988384]
02-05 17:40:48.421   789  1273 I SurfaceFlinger: id=79463 createSurf (0x0),-1 flag=24000, Surface(name=8c655e2 StatusBar)/@0x44a9b07 - animation-leash#0
02-05 17:40:48.421  1163  3939 I SurfaceControl: nativeRelease nativeObject s[496866858208]
02-05 17:40:48.421  1163  3939 I SurfaceControl: nativeRelease nativeObject e[496866858208]
02-05 17:40:48.421   789   835 I SurfaceFlinger: id=79464 createSurf (0x0),-1 flag=24000, Surface(name=b29f82b NavigationBar0)/@0x8634759 - animation-leash#1
02-05 17:40:48.422  1163  3939 V WindowManager: Relayout hash=1c013e2, pid=15500: mAttrs={(0,0)(fillxfill) sim={adjust=pan forwardNavigation} ty=BASE_APPLICATION wanim=0x1030304
02-05 17:40:48.422  1163  3939 V WindowManager:   fl=81810100
02-05 17:40:48.422  1163  3939 V WindowManager:   pfl=12020000
02-05 17:40:48.422  1163  3939 V WindowManager:   fitSides= naviIconColor=0}
02-05 17:40:48.422  1163  3939 I SurfaceControl: nativeRelease nativeObject s[499038066464]
02-05 17:40:48.422  1163  3939 I SurfaceControl: nativeRelease nativeObject e[499038066464]
02-05 17:40:48.423 15500 15500 I SurfaceControl: assignNativeObject: nativeObject = 0 Surface(name=null)/@0xbb05035 / android.view.SurfaceControl.readFromParcel:1117 android.view.IWindowSession$Stub$Proxy.relayout:1820 android.view.ViewRootImpl.relayoutWindow:9005 android.view.ViewRootImpl.performTraversals:3360 android.view.ViewRootImpl.doTraversal:2618 android.view.ViewRootImpl$TraversalRunnable.run:9971 android.view.Choreographer$CallbackRecord.run:1010 android.view.Choreographer.doCallbacks:809 android.view.Choreographer.doFrame:744 android.view.Choreographer$FrameDisplayEventReceiver.run:995
02-05 17:40:48.424 15500 15500 I ViewRootImpl@fee2ce6[MainActivity]: Relayout returned: old=(0,0,1080,2400) new=(0,0,1080,2400) req=(1080,2400)0 dur=5 res=0x7 s={true 499016081408} ch=true fn=-1
02-05 17:40:48.425 15500 15565 I mali_winsys: new_window_surface() [1080x2400] return: 0x3000
02-05 17:40:48.425   716   957 D gralloc : [mali_gralloc_allocate] begin
02-05 17:40:48.425   716   957 D gralloc : buffer_descriptor: wh(1080 2400) usage_pc(0x40000000000b00 0x40000000000b00) hal_format(0x1) layer_count(1) sizes(0 0 0) strde(0) byte_stride(0) alloc_wh(0 0) internal_format(0x0) alloc_format(0x0) fd_count(1) plane_count(0)
02-05 17:40:48.427   716   957 D gralloc : [mali_gralloc_allocate] allocation successful
02-05 17:40:48.427   716   957 D gralloc : [mali_gralloc_allocate] begin
02-05 17:40:48.427   716   957 D gralloc : buffer_descriptor: wh(1080 2400) usage_pc(0x40000000000b00 0x40000000000b00) hal_format(0x1) layer_count(1) sizes(0 0 0) strde(0) byte_stride(0) alloc_wh(0 0) internal_format(0x0) alloc_format(0x0) fd_count(1) plane_count(0)
02-05 17:40:48.427 15500 15500 I ViewRootImpl@fee2ce6[MainActivity]: [DP] dp(1) 1 android.view.ViewRootImpl.reportNextDraw:10957 android.view.ViewRootImpl.performTraversals:3845 android.view.ViewRootImpl.doTraversal:2618
02-05 17:40:48.427 15500 15500 I ViewRootImpl@fee2ce6[MainActivity]: [DP] pd() Asnyc report
02-05 17:40:48.428   716   957 D gralloc : [mali_gralloc_allocate] allocation successful
02-05 17:40:48.429   716   953 D gralloc : [mali_gralloc_allocate] begin
02-05 17:40:48.429   716   953 D gralloc : buffer_descriptor: wh(1080 2400) usage_pc(0x40000000000b00 0x40000000000b00) hal_format(0x1) layer_count(1) sizes(0 0 0) strde(0) byte_stride(0) alloc_wh(0 0) internal_format(0x0) alloc_format(0x0) fd_count(1) plane_count(0)
02-05 17:40:48.430   789  1273 I Layer   : id=79454 removeFromCurrentState Surface(name=8c655e2 StatusBar)/@0x44a9b07 - animation-leash#1 (179)
02-05 17:40:48.430   789  1273 I Layer   : id=79455 removeFromCurrentState Surface(name=b29f82b NavigationBar0)/@0x8634759 - animation-leash#0 (179)
02-05 17:40:48.430  1163  1240 I SurfaceControl: nativeRelease nativeObject s[496884992800]
02-05 17:40:48.430  1163  1240 I SurfaceControl: nativeRelease nativeObject e[496884992800]
02-05 17:40:48.430  1163  1240 I SurfaceControl: nativeRelease nativeObject s[496871102688]
02-05 17:40:48.430  1163  1240 I SurfaceControl: nativeRelease nativeObject e[496871102688]
02-05 17:40:48.430   789  1273 I SurfaceFlinger: id=79455 Removed Surface(name=b29f82b NavigationBar0)/@0x8634759 - animation-leash#0 (179)
02-05 17:40:48.431   789  1273 I SurfaceFlinger: id=79454 Removed Surface(name=8c655e2 StatusBar)/@0x44a9b07 - animation-leash#1 (179)
02-05 17:40:48.431   716   953 D gralloc : [mali_gralloc_allocate] allocation successful
02-05 17:40:48.436   461   461 I hwservicemanager: getTransport: Cannot find entry android.hardware.graphics.mapper@4.0::IMapper/default in either framework or device manifest.
02-05 17:40:48.436 15500 15565 I Gralloc4: mapper 4.x is not supported
02-05 17:40:48.436   461   461 I hwservicemanager: getTransport: Cannot find entry android.hardware.graphics.mapper@3.0::IMapper/default in either framework or device manifest.
02-05 17:40:48.436 15500 15565 W Gralloc3: mapper 3.x is not supported
02-05 17:40:48.438 15500 15565 I gralloc : Arm Module v1.0
02-05 17:40:48.446   789   789 I Layer   : id=79454[1] Destroyed Surface(name=8c655e2 StatusBar)/@0x44a9b07 - animation-leash#1
02-05 17:40:48.446   789   789 I Layer   : id=79455[1] Destroyed Surface(name=b29f82b NavigationBar0)/@0x8634759 - animation-leash#0
02-05 17:40:48.464  1163  1502 W SemWifiTransportLayerUtils: getApplicationCategory - IOException com.example.dogglers
02-05 17:40:48.464  1163  1502 W System.err: java.io.FileNotFoundException: https://play.google.com/store/apps/details?id=com.example.dogglers&hl=en
02-05 17:40:48.465  1163  1502 W System.err: 	at com.android.okhttp.internal.huc.HttpURLConnectionImpl.getInputStream(HttpURLConnectionImpl.java:255)
