02-05 17:40:50.475 15500 15559 I TestRunner: started: clicking_grid_list_button_displays_grid_list(com.example.dogglers.ButtonTests)
02-05 17:40:50.477   789   789 I Layer   : id=79490[1] Destroyed Task=12725#0
02-05 17:40:50.477   789   789 I Layer   : id=79503[1] Destroyed ActivityRecord{6c78d2e u0 com.example.dogglers/.HorizontalListActivity t12725}#0
02-05 17:40:50.479 15500 15559 W Settings: Setting always_finish_activities has moved from android.provider.Settings.System to android.provider.Settings.Global, returning read-only value.
02-05 17:40:50.482  1163  2602 I SemDvfsHyPerManager: acquire hyper - AMS_APP_SWITCH/1163@24, type = -999
02-05 17:40:50.483   726   817 I HYPER-HAL: [RequestManager.cpp]acquire(): Acquired ID : 705102  [1163 / 24]    HINT : AMS_APP_SWITCH    list :
02-05 17:40:50.483   789   834 I SurfaceFlinger: id=79540 createSurf (0x0),-1 flag=24004, Task=12726#0
02-05 17:40:50.483   726   817 I HYPER-HAL: [ResourceManager.cpp]updateResource(): [CPUMinFreq] UpdateResource Request ID : 705102    Value : 2623359
02-05 17:40:50.483  4183  4183 I SemDvfsHyPerManager: acquire hyper - com.sec.android.sdhms/4183@9, type = -999
02-05 17:40:50.484   726   817 I HYPER-HAL: [RequestManager.cpp]acquire(): Acquired ID : 8788537  [4183 / 9]    HINT : APP_START    list :
02-05 17:40:50.484   726   817 I HYPER-HAL: [ResourceManager.cpp]updateResource(): [CPUMaxFreq] UpdateResource Request ID : 8788537    Value : 2730000
02-05 17:40:50.484   789   835 I SurfaceFlinger: id=79541 createSurf (0x0),-1 flag=80004, ActivityRecord{4892eed u0 com.example.dogglers/androidx.test.core.app.InstrumentationActivityInvoker$BootstrapActivity t12726}#0
02-05 17:40:50.485  1163  3935 V WindowOrientationListener: getProposedRotation: 0
02-05 17:40:50.486  1163  3935 W WindowManager: lockNow pending, ignore updating lockscreen timeout
02-05 17:40:50.487  1163  3935 I SemDvfsHyPerManager: acquire hyper - AMS_APP_LAUNCH/1163@21, type = -999
02-05 17:40:50.487   726   817 I HYPER-HAL: [RequestManager.cpp]acquire(): Acquired ID : 701541  [1163 / 21]    HINT : AMS_APP_LAUNCH    list :
02-05 17:40:50.487   726   817 I HYPER-HAL: [ResourceManager.cpp]updateResource(): [CPUMinFreq] UpdateResource Request ID : 701541    Value : 2623359
02-05 17:40:50.488  2003  2003 I DragController: endDrag
02-05 17:40:50.488  2003  2003 W PageOverlayMover: updateActivityLifecycleState : 3
02-05 17:40:50.488  5089 17313 I PageOverlayServiceImpl: [FROM HOME] updateActivityLifecycleState : 3
02-05 17:40:50.489  2003  2003 I SPayUpdater: updateSpayHandler launcher activity is paused false
02-05 17:40:50.491  1163  3935 V WindowOrientationListener: getProposedRotation: 0
02-05 17:40:50.491  1163  3935 V WindowOrientationListener: getProposedRotation: 0
02-05 17:40:50.492  1163  3935 V WindowOrientationListener: getProposedRotation: 0
02-05 17:40:50.494  1163  3935 D InputDispatcher: Focused application set to (0): 4892eed
02-05 17:40:50.523  1163  3935 W WindowManager: lockNow pending, ignore updating lockscreen timeout
02-05 17:40:50.525  1163  1502 I System.out: (HTTPLog)-Static: isSBSettingEnabled false
02-05 17:40:50.525  1163  1502 I System.out: (HTTPLog)-Static: isSBSettingEnabled false
02-05 17:40:50.525  1163  1259 D FastTrack: setFastTrackState: pid = 15500 ;tid= 15500 ;value= 1
02-05 17:40:50.526  1163  1259 D FastTrack: setFastTrackState: pid = 15500 ;tid= 15565 ;value= 1
02-05 17:40:50.526   696   827 E Netd    : getNetworkForDns: getNetId from enterpriseCtrl is netid 0
02-05 17:40:50.527  1163  1240 D InputTransport: Input channel constructed: 'be65301', fd=888
02-05 17:40:50.527  1163  1240 D InputTransport: Input channel constructed: 'be65301', fd=921
02-05 17:40:50.528   789   835 I SurfaceFlinger: id=79542 createSurf (0x0),-1 flag=80004, be65301 Splash Screen com.example.dogglers#0
02-05 17:40:50.534  1163  1796 V WindowManager: Relayout Window{6030dc2 u0 com.sec.android.app.launcher/com.sec.android.app.launcher.activities.LauncherActivity}: viewVisibility=0 req=1080x2400
02-05 17:40:50.534  1163  1240 I ViewRootImpl@64150e8[dogglers]: setView = com.android.internal.policy.DecorView@be4bbe7 TM=true
02-05 17:40:50.536  1163  1796 W WindowManager: lockNow pending, ignore updating lockscreen timeout
02-05 17:40:50.537 15500 15500 D LifecycleMonitor: Lifecycle status change: androidx.test.core.app.InstrumentationActivityInvoker$BootstrapActivity@e05150e in: PRE_ON_CREATE
02-05 17:40:50.537 15500 15500 D LifecycleMonitor: running callback: androidx.test.core.app.ActivityScenario$1@b686b2f
02-05 17:40:50.537  1163  1796 V WindowManager: Relayout hash=6030dc2, pid=2003: mAttrs={(0,0)(fillxfill) sim={adjust=nothing} layoutInDisplayCutoutMode=shortEdges ty=BASE_APPLICATION fmt=TRANSPARENT wanim=0x10302f2
02-05 17:40:50.537  1163  1796 V WindowManager:   fl=81910100
02-05 17:40:50.537  1163  1796 V WindowManager:   pfl=16020000
02-05 17:40:50.537  1163  1796 V WindowManager:   vsysui=1700
02-05 17:40:50.537  1163  1796 V WindowManager:   apr=LIGHT_STATUS_BARS
02-05 17:40:50.537  1163  1796 V WindowManager:   bhv=SHOW_TRANSIENT_BARS_BY_SWIPE
02-05 17:40:50.537  1163  1796 V WindowManager:   fitSides= dimAmount=0.125 dimDuration=200 naviIconColor=0}
02-05 17:40:50.537  1163  1796 I SurfaceControl: nativeRelease nativeObject s[499038036416]
02-05 17:40:50.537  1163  1796 I SurfaceControl: nativeRelease nativeObject e[499038036416]
02-05 17:40:50.537 15500 15500 V ActivityScenario: Activity lifecycle changed event received but ignored because the intent does not match. startActivityIntent=Intent { act=android.intent.action.MAIN cat=[android.intent.category.LAUNCHER] cmp=com.example.dogglers/.MainActivity }, activity.getIntent()=Intent { act=android.intent.action.MAIN cat=[android.intent.category.LAUNCHER] flg=0x10008000 cmp=com.example.dogglers/androidx.test.core.app.InstrumentationActivityInvoker$BootstrapActivity (has extras) }, activity=androidx.test.core.app.InstrumentationActivityInvoker$BootstrapActivity@e05150e
02-05 17:40:50.538 15500 15500 D LifecycleMonitor: callback completes: androidx.test.core.app.ActivityScenario$1@b686b2f
02-05 17:40:50.538  2003  2003 I SurfaceControl: nativeRelease nativeObject s[499014697216]
02-05 17:40:50.538  2003  2003 I SurfaceControl: nativeRelease nativeObject e[499014697216]
02-05 17:40:50.538  2003  2003 I SurfaceControl: assignNativeObject: nativeObject = 0 Surface(name=null)/@0x37cdda1 / android.view.SurfaceControl.readFromParcel:1117 android.view.IWindowSession$Stub$Proxy.relayout:1820 android.view.ViewRootImpl.relayoutWindow:9005 android.view.ViewRootImpl.performTraversals:3360 android.view.ViewRootImpl.doTraversal:2618 android.view.ViewRootImpl$TraversalRunnable.run:9971 android.view.Choreographer$CallbackRecord.run:1010 android.view.Choreographer.doCallbacks:809 android.view.Choreographer.doFrame:744 android.view.Choreographer$FrameDisplayEventReceiver.run:995
02-05 17:40:50.539  2003  2003 I SurfaceControl: nativeRelease nativeObject s[497484218144]
02-05 17:40:50.539  2003  2003 I SurfaceControl: nativeRelease nativeObject e[497484218144]
02-05 17:40:50.539  2003  2003 I SurfaceControl: nativeRelease nativeObject s[497484217568]
02-05 17:40:50.539  2003  2003 I SurfaceControl: nativeRelease nativeObject e[497484217568]
02-05 17:40:50.539  2003  2003 I SurfaceControl: nativeRelease nativeObject s[497484217472]
02-05 17:40:50.539  2003  2003 I SurfaceControl: nativeRelease nativeObject e[497484217472]
02-05 17:40:50.539  2003  2003 I ViewRootImpl@e2e8b8d[LauncherActivity]: Relayout returned: old=(0,0,1080,2400) new=(0,0,1080,2400) req=(1080,2400)0 dur=4 res=0x1 s={true 497483223040} ch=false fn=24
02-05 17:40:50.540  1163  1237 D SehCodecSolutionService: Update top [com.example.dogglers]
02-05 17:40:50.541  1163  1240 V WindowManager: Relayout Window{be65301 u0 Splash Screen com.example.dogglers}: viewVisibility=0 req=1080x2400
02-05 17:40:50.542  1163  1240 W WindowManager: lockNow pending, ignore updating lockscreen timeout
02-05 17:40:50.543 15500 15500 I DecorView: [INFO] isPopOver=false, config=true
02-05 17:40:50.543 15500 15500 I DecorView: updateCaptionType >> DecorView@3e852c5[], isFloating=false, isApplication=true, hasWindowDecorCaption=false, hasWindowControllerCallback=true
02-05 17:40:50.543 15500 15500 D DecorView: setCaptionType = 0, this = DecorView@3e852c5[]
02-05 17:40:50.544  1163  1511 D PkgPredictorService: com.example.dogglers go to foreground!
02-05 17:40:50.544  1163  1511 E PkgPredictorService-Collector: record changed bt=1  wifi=1 screen=0
02-05 17:40:50.544  1163  1511 D PkgPredictorService: previous pkgs: com.example.dogglers,com.example.dogglers,com.example.dogglers running pkg: com.example.dogglers, uid: 0 is system: false
02-05 17:40:50.544  1163  1240 D WindowManager: isScreenshotDisabledLocked - win: Window{be65301 u0 Splash Screen com.example.dogglers}
02-05 17:40:50.544  1163  1511 D PkgPredictorService-Collector: save record...
02-05 17:40:50.544  1163  1511 D PkgPredictorService-Collector:  (hour:17 day:7 previous:[com.example.dogglers, com.example.dogglers, com.example.dogglers] activityName:unknown running:com.example.dogglers userId:0 screenOrientation:0 wifi:1 bt:1 predictTime:0 apkVersion:1.0 consumeTime:-1 preloaded:false>)
02-05 17:40:50.544  1163  1240 D WindowManager: isScreenshotDisabledLocked: userId = 0, disabled =false
02-05 17:40:50.544  1163  1511 D PkgPredictorService-NapPreloadController: User using: com.example.dogglers
02-05 17:40:50.544  1163  1511 I PkgPredictorService-NapClassifier: RF predict version:1644037200287
02-05 17:40:50.544  1163  1511 D PkgPredictorService-NapClassifier: Predict result: 22.0,-1.0,-1.0,-1.0,-1.0,-1.0,-1.0,-1.0,-1.0, - [0_&_com.laurencedawson.reddit_sync.pro]
02-05 17:40:50.545   789   834 I SurfaceFlinger: id=79543 createSurf (1080x2400),1 flag=404, Splash Screen com.example.dogglers#0
02-05 17:40:50.546 15500 15500 D LifecycleMonitor: Lifecycle status change: androidx.test.core.app.InstrumentationActivityInvoker$BootstrapActivity@e05150e in: CREATED
02-05 17:40:50.546 15500 15500 D LifecycleMonitor: running callback: androidx.test.core.app.ActivityScenario$1@b686b2f
02-05 17:40:50.546 15500 15500 V ActivityScenario: Activity lifecycle changed event received but ignored because the intent does not match. startActivityIntent=Intent { act=android.intent.action.MAIN cat=[android.intent.category.LAUNCHER] cmp=com.example.dogglers/.MainActivity }, activity.getIntent()=Intent { act=android.intent.action.MAIN cat=[android.intent.category.LAUNCHER] flg=0x10008000 cmp=com.example.dogglers/androidx.test.core.app.InstrumentationActivityInvoker$BootstrapActivity (has extras) }, activity=androidx.test.core.app.InstrumentationActivityInvoker$BootstrapActivity@e05150e
02-05 17:40:50.546 15500 15500 D LifecycleMonitor: callback completes: androidx.test.core.app.ActivityScenario$1@b686b2f
02-05 17:40:50.546  1163  1235 I InputDispatcher: Focus left window (2003): 6030dc2 in display 0 0
02-05 17:40:50.546  1163  1177 W System  : A resource failed to call release.
02-05 17:40:50.546  1163  1177 I SurfaceControl: nativeRelease nativeObject s[496871092608]
02-05 17:40:50.546  1163  1177 I SurfaceControl: nativeRelease nativeObject e[496871092608]
02-05 17:40:50.546  1163  1177 W System  : A resource failed to call release.
02-05 17:40:50.546  1163  1177 I SurfaceControl: nativeRelease nativeObject s[496866862240]
02-05 17:40:50.546  1163  1177 I SurfaceControl: nativeRelease nativeObject e[496866862240]
02-05 17:40:50.546  1163  1177 W System  : A resource failed to call end.
02-05 17:40:50.546  1163  1177 W System  : A resource failed to call release.
02-05 17:40:50.546  1163  1177 I SurfaceControl: nativeRelease nativeObject s[499183874912]
02-05 17:40:50.546  1163  1177 I SurfaceControl: nativeRelease nativeObject e[499183874912]
02-05 17:40:50.546  1163  1177 W System  : A resource failed to call release.
02-05 17:40:50.547  1163  1177 I SurfaceControl: nativeRelease nativeObject s[499038975104]
02-05 17:40:50.547  1163  1177 I SurfaceControl: nativeRelease nativeObject e[499038975104]
02-05 17:40:50.547  1163  1177 W System  : A resource failed to call release.
02-05 17:40:50.547  1163  1177 I SurfaceControl: nativeRelease nativeObject s[499038068000]
02-05 17:40:50.547  1163  1177 I SurfaceControl: nativeRelease nativeObject e[499038068000]
02-05 17:40:50.547  1163  1177 W System  : A resource failed to call release.
02-05 17:40:50.547  1163  1177 I SurfaceControl: nativeRelease nativeObject s[497153784160]
02-05 17:40:50.547  1163  1177 I SurfaceControl: nativeRelease nativeObject e[497153784160]
02-05 17:40:50.547   789  1273 I SurfaceFlinger: id=79489 Removed Surface(name=dbf3b45 InputMethod)/@0xf70bba8 - animation-leash#1 (184)
02-05 17:40:50.547   789  1273 I SurfaceFlinger: id=79484 Removed Surface(name=b29f82b NavigationBar0)/@0x8634759 - animation-leash#1 (184)
02-05 17:40:50.547   789  1273 I SurfaceFlinger: id=79483 Removed Surface(name=8c655e2 StatusBar)/@0x44a9b07 - animation-leash#0 (184)
02-05 17:40:50.547 15500 15500 D LifecycleMonitor: Lifecycle status change: androidx.test.core.app.InstrumentationActivityInvoker$BootstrapActivity@e05150e in: STARTED
02-05 17:40:50.547 15500 15500 D LifecycleMonitor: running callback: androidx.test.core.app.ActivityScenario$1@b686b2f
02-05 17:40:50.547  2003  2003 I ViewRootImpl@e2e8b8d[LauncherActivity]: MSG_WINDOW_FOCUS_CHANGED 0 1
02-05 17:40:50.547  1163  1177 W System  : A resource failed to call release.
02-05 17:40:50.547  1163  1177 I SurfaceControl: nativeRelease nativeObject s[496866857248]
02-05 17:40:50.547  1163  1177 I SurfaceControl: nativeRelease nativeObject e[496866857248]
02-05 17:40:50.547 15500 15500 V ActivityScenario: Activity lifecycle changed event received but ignored because the intent does not match. startActivityIntent=Intent { act=android.intent.action.MAIN cat=[android.intent.category.LAUNCHER] cmp=com.example.dogglers/.MainActivity }, activity.getIntent()=Intent { act=android.intent.action.MAIN cat=[android.intent.category.LAUNCHER] flg=0x10008000 cmp=com.example.dogglers/androidx.test.core.app.InstrumentationActivityInvoker$BootstrapActivity (has extras) }, activity=androidx.test.core.app.InstrumentationActivityInvoker$BootstrapActivity@e05150e
02-05 17:40:50.547 15500 15500 D LifecycleMonitor: callback completes: androidx.test.core.app.ActivityScenario$1@b686b2f
02-05 17:40:50.547  1163  1177 W System  : A resource failed to call release.
02-05 17:40:50.547  1163  1177 I SurfaceControl: nativeRelease nativeObject s[496867019072]
02-05 17:40:50.547  1163  1177 I SurfaceControl: nativeRelease nativeObject e[496867019072]
02-05 17:40:50.547   789   835 I SurfaceFlinger: id=79476 Removed Surface(name=dbf3b45 InputMethod)/@0xf70bba8 - animation-leash#1 (184)
02-05 17:40:50.547   789  1273 I SurfaceFlinger: id=79469 Removed Surface(name=dbf3b45 InputMethod)/@0xf70bba8 - animation-leash#1 (184)
02-05 17:40:50.548  1163  1240 V WindowManager: Relayout hash=be65301, pid=1163: mAttrs={(0,0)(fillxfill) sim={adjust=pan} layoutInDisplayCutoutMode=shortEdges ty=APPLICATION_STARTING wanim=0x1030001
02-05 17:40:50.548  1163  1240 V WindowManager:   fl=1830118
02-05 17:40:50.548  1163  1240 V WindowManager:   pfl=12020011
02-05 17:40:50.548  1163  1240 V WindowManager:   fitSides= naviIconColor=0}
02-05 17:40:50.548  1163  1240 I ViewRootImpl@64150e8[dogglers]: Relayout returned: old=(0,0,1080,2400) new=(0,0,1080,2400) req=(1080,2400)0 dur=7 res=0x7 s={true 497474408448} ch=true fn=-1
02-05 17:40:50.549   789  1273 I SurfaceFlinger: id=79544 createSurf (0x0),-1 flag=80004, ActivityRecord{14b5500 u0 com.example.dogglers/.MainActivity t12726}#0
02-05 17:40:50.551  1163  3939 W WindowManager: lockNow pending, ignore updating lockscreen timeout
02-05 17:40:50.552 15500 15500 D LifecycleMonitor: Lifecycle status change: androidx.test.core.app.InstrumentationActivityInvoker$BootstrapActivity@e05150e in: RESUMED
02-05 17:40:50.552 15500 15500 D LifecycleMonitor: running callback: androidx.test.core.app.ActivityScenario$1@b686b2f
02-05 17:40:50.552  1163  1240 I ViewRootImpl@64150e8[dogglers]: [DP] dp(1) 1 android.view.ViewRootImpl.reportNextDraw:10957 android.view.ViewRootImpl.performTraversals:3845 android.view.ViewRootImpl.doTraversal:2618
02-05 17:40:50.552  1163  1177 W System  : A resource failed to call end.
02-05 17:40:50.552 15500 15500 V ActivityScenario: Activity lifecycle changed event received but ignored because the intent does not match. startActivityIntent=Intent { act=android.intent.action.MAIN cat=[android.intent.category.LAUNCHER] cmp=com.example.dogglers/.MainActivity }, activity.getIntent()=Intent { act=android.intent.action.MAIN cat=[android.intent.category.LAUNCHER] flg=0x10008000 cmp=com.example.dogglers/androidx.test.core.app.InstrumentationActivityInvoker$BootstrapActivity (has extras) }, activity=androidx.test.core.app.InstrumentationActivityInvoker$BootstrapActivity@e05150e
02-05 17:40:50.552 15500 15500 D LifecycleMonitor: callback completes: androidx.test.core.app.ActivityScenario$1@b686b2f
02-05 17:40:50.553  1163  1177 W System  : A resource failed to call release.
02-05 17:40:50.553  1163  1177 I SurfaceControl: nativeRelease nativeObject s[497264238816]
02-05 17:40:50.553  1163  1177 I SurfaceControl: nativeRelease nativeObject e[497264238816]
02-05 17:40:50.553   716   953 D gralloc : [mali_gralloc_allocate] begin
02-05 17:40:50.553  1163  1177 W System  : A resource failed to call release.
02-05 17:40:50.553   716   953 D gralloc : buffer_descriptor: wh(1080 2400) usage_pc(0x966 0x906) hal_format(0x1) layer_count(1) sizes(0 0 0) strde(0) byte_stride(0) alloc_wh(0 0) internal_format(0x0) alloc_format(0x0) fd_count(1) plane_count(0)
02-05 17:40:50.553  1163  1177 I SurfaceControl: nativeRelease nativeObject s[496867019648]
02-05 17:40:50.553  1163  1177 I SurfaceControl: nativeRelease nativeObject e[496867019648]
02-05 17:40:50.553   789   835 I SurfaceFlinger: id=79446 Removed Surface(name=dbf3b45 InputMethod)/@0xf70bba8 - animation-leash#0 (185)
02-05 17:40:50.553  1163  1177 W System  : A resource failed to call release.
02-05 17:40:50.553 15500 15500 D LifecycleMonitor: Lifecycle status change: androidx.test.core.app.InstrumentationActivityInvoker$BootstrapActivity@e05150e in: PAUSED
02-05 17:40:50.553 15500 15500 D LifecycleMonitor: running callback: androidx.test.core.app.ActivityScenario$1@b686b2f
02-05 17:40:50.553  1163  1177 I SurfaceControl: nativeRelease nativeObject s[496871102304]
02-05 17:40:50.553  1163  1177 I SurfaceControl: nativeRelease nativeObject e[496871102304]
02-05 17:40:50.553   789   835 I SurfaceFlinger: id=79441 Removed Surface(name=b29f82b NavigationBar0)/@0x8634759 - animation-leash#1 (185)
02-05 17:40:50.553  1163  1177 W System  : A resource failed to call release.
02-05 17:40:50.553  1163  1177 I SurfaceControl: nativeRelease nativeObject s[499183881248]
02-05 17:40:50.553  1163  1177 I SurfaceControl: nativeRelease nativeObject e[499183881248]
02-05 17:40:50.553   716   953 D gralloc : [mali_gralloc_allocate] allocation successful
02-05 17:40:50.553 15500 15500 V ActivityScenario: Activity lifecycle changed event received but ignored because the intent does not match. startActivityIntent=Intent { act=android.intent.action.MAIN cat=[android.intent.category.LAUNCHER] cmp=com.example.dogglers/.MainActivity }, activity.getIntent()=Intent { act=android.intent.action.MAIN cat=[android.intent.category.LAUNCHER] flg=0x10008000 cmp=com.example.dogglers/androidx.test.core.app.InstrumentationActivityInvoker$BootstrapActivity (has extras) }, activity=androidx.test.core.app.InstrumentationActivityInvoker$BootstrapActivity@e05150e
02-05 17:40:50.553 15500 15500 D LifecycleMonitor: callback completes: androidx.test.core.app.ActivityScenario$1@b686b2f
02-05 17:40:50.553   789   834 I SurfaceFlinger: id=79440 Removed Surface(name=8c655e2 StatusBar)/@0x44a9b07 - animation-leash#0 (185)
02-05 17:40:50.555  1163  3939 V WindowOrientationListener: getProposedRotation: 0
02-05 17:40:50.555  1163  3939 V WindowOrientationListener: getProposedRotation: 0
02-05 17:40:50.555  1163  3939 V WindowOrientationListener: getProposedRotation: 0
02-05 17:40:50.556  1163  3939 D InputDispatcher: Focused application set to (0): 14b5500
02-05 17:40:50.558  1163  3939 W WindowManager: lockNow pending, ignore updating lockscreen timeout
02-05 17:40:50.559  1163  1240 I ViewRootImpl@64150e8[dogglers]: [DP] pdf(0) 1 android.view.ViewRootImpl.performDraw:4809 android.view.ViewRootImpl.performTraversals:3866 android.view.ViewRootImpl.doTraversal:2618
02-05 17:40:50.559  1163  1240 I ViewRootImpl@64150e8[dogglers]: [DP] rdf()
02-05 17:40:50.562   789   789 I Layer   : id=79484[1] Destroyed Surface(name=b29f82b NavigationBar0)/@0x8634759 - animation-leash#1
02-05 17:40:50.562   789   789 I Layer   : id=79446[1] Destroyed Surface(name=dbf3b45 InputMethod)/@0xf70bba8 - animation-leash#0
02-05 17:40:50.562   789   789 I Layer   : id=79476[1] Destroyed Surface(name=dbf3b45 InputMethod)/@0xf70bba8 - animation-leash#1
02-05 17:40:50.562   789   789 I Layer   : id=79489[1] Destroyed Surface(name=dbf3b45 InputMethod)/@0xf70bba8 - animation-leash#1
02-05 17:40:50.562   789   789 I Layer   : id=79440[1] Destroyed Surface(name=8c655e2 StatusBar)/@0x44a9b07 - animation-leash#0
02-05 17:40:50.562   789   789 I Layer   : id=79441[1] Destroyed Surface(name=b29f82b NavigationBar0)/@0x8634759 - animation-leash#1
02-05 17:40:50.562   789   789 I Layer   : id=79483[1] Destroyed Surface(name=8c655e2 StatusBar)/@0x44a9b07 - animation-leash#0
02-05 17:40:50.562   789   789 I Layer   : id=79469[1] Destroyed Surface(name=dbf3b45 InputMethod)/@0xf70bba8 - animation-leash#1
02-05 17:40:50.562  2003  2003 I BadgeRenderer: Invalid count : 0
02-05 17:40:50.563  2003  2003 I BadgeRenderer: Invalid count : 0
02-05 17:40:50.563  2003  2003 I BadgeRenderer: Invalid count : 0
02-05 17:40:50.563  2003  2003 I BadgeRenderer: Invalid count : 0
02-05 17:40:50.563  2003  2003 I BadgeRenderer: Invalid count : 0
02-05 17:40:50.563  2003  2003 I BadgeRenderer: Invalid count : 0
02-05 17:40:50.563 15500 15500 D LifecycleMonitor: Lifecycle status change: com.example.dogglers.MainActivity@832b7e6 in: PRE_ON_CREATE
02-05 17:40:50.563 15500 15500 D LifecycleMonitor: running callback: androidx.test.core.app.ActivityScenario$1@b686b2f
02-05 17:40:50.563 15500 15500 V ActivityScenario: Activity lifecycle changed event received but ignored because the reported transition was not ON_CREATE while the last known transition was PRE_ON_CREATE
02-05 17:40:50.563 15500 15500 D LifecycleMonitor: callback completes: androidx.test.core.app.ActivityScenario$1@b686b2f
02-05 17:40:50.564  1163  1240 W WindowManager: lockNow pending, ignore updating lockscreen timeout
02-05 17:40:50.572  1680  6710 D WallpaperService: dispatchAppVisibility onVisibilityChanged(): false
02-05 17:40:50.572  1680  1680 D WallpaperService: reportVisibility onVisibilityChanged visible: false
02-05 17:40:50.572  1680  1806 I ImageWallpaper:  onVisibilityChanged false , 0
02-05 17:40:50.573  1163  1240 I SurfaceControl: nativeRelease nativeObject s[499038030176]
02-05 17:40:50.573  1163  1240 I SurfaceControl: nativeRelease nativeObject e[499038030176]
02-05 17:40:50.573   789  1273 I SurfaceFlinger: id=79545 createSurf (0x0),-1 flag=24000, Surface(name=8c655e2 StatusBar)/@0x44a9b07 - animation-leash#0
02-05 17:40:50.573  1163  1240 I SurfaceControl: nativeRelease nativeObject s[499038031616]
02-05 17:40:50.573  1163  1240 I SurfaceControl: nativeRelease nativeObject e[499038031616]
02-05 17:40:50.573   789  1273 I SurfaceFlinger: id=79546 createSurf (0x0),-1 flag=24000, Surface(name=b29f82b NavigationBar0)/@0x8634759 - animation-leash#1
02-05 17:40:50.574  1163  1240 W WindowManager: lockNow pending, ignore updating lockscreen timeout
02-05 17:40:50.575   789  1273 I Layer   : id=79535 removeFromCurrentState Surface(name=b29f82b NavigationBar0)/@0x8634759 - animation-leash#0 (179)
02-05 17:40:50.575   789  1273 I Layer   : id=21 removeFromCurrentState b29f82b NavigationBar0#0 (179)
02-05 17:40:50.575   789  1273 I Layer   : id=28 removeFromCurrentState NavigationBar0$_1680#0 (179)
02-05 17:40:50.575   789  1273 I Layer   : id=79534 removeFromCurrentState Surface(name=8c655e2 StatusBar)/@0x44a9b07 - animation-leash#1 (179)
02-05 17:40:50.575   789  1273 I Layer   : id=21 addToCurrentState b29f82b NavigationBar0#0 (179)
02-05 17:40:50.575   789  1273 I Layer   : id=28 addToCurrentState NavigationBar0$_1680#0 (179)
02-05 17:40:50.575 15500 15500 I DecorView: [INFO] isPopOver=false, config=true
02-05 17:40:50.575 15500 15500 I DecorView: updateCaptionType >> DecorView@80b2cc9[], isFloating=false, isApplication=true, hasWindowDecorCaption=false, hasWindowControllerCallback=true
02-05 17:40:50.575 15500 15500 D DecorView: setCaptionType = 0, this = DecorView@80b2cc9[]
02-05 17:40:50.577  1163  1240 I ViewRootImpl@64150e8[dogglers]: MSG_RESIZED_REPORT: frame=(0,0,1080,2400) ci=(0,88,0,144) vi=(0,88,0,144) or=1
02-05 17:40:50.577  1163  1240 I ViewRootImpl@64150e8[dogglers]: [DP] dp(1) 1 android.view.ViewRootImpl.reportNextDraw:10957 android.view.ViewRootImpl.access$1200:256 android.view.ViewRootImpl$ViewRootHandler.handleMessage:6101
02-05 17:40:50.578  1163  1240 W WindowManager: lockNow pending, ignore updating lockscreen timeout
02-05 17:40:50.578  1163  1237 D WindowManager: setDisableFlags: displayId=0, vis=0x8008, appearance=0, transientState=Pair{[I@c28fe71 [I@760f456}, isFullscreen=false, isImmersive=false, barType=0, win=Window{be65301 u0 Splash Screen com.example.dogglers}
02-05 17:40:50.580  1680  1680 D NavigationBar: onSystemBarAppearanceChanged() -  displayId:0, appearance:0, navbarColorManagedByIme:false
02-05 17:40:50.580  2003  4215 I mali_egl: eglDestroySurface() in
02-05 17:40:50.580  1680  1680 D SecStatusBarMobileView: setStaticDrawableColor:
02-05 17:40:50.580  1680  1680 D SecLightBarControlHelper: updateStatus(WHITE icon) NumLightStacks:0, NumStacks:1, IndexLightStack:-1, StatusBarMode:0, StatusBarState:SHD, NeedDarkFontFromWallpaper:true, isWhiteKeyguardStatusBarBySettings:true
02-05 17:40:50.581  1163  1240 V WindowManager: Relayout Window{be65301 u0 Splash Screen com.example.dogglers}: viewVisibility=0 req=1080x2400
02-05 17:40:50.582  2003  4215 I mali_winsys: delete_surface() [1080x2400] return
02-05 17:40:50.582  2003  4215 I mali_egl: eglDestroySurface() out
02-05 17:40:50.582   789  1273 E BufferQueueProducer: [com.sec.android.app.launcher/com.sec.android.app.launcher.activities.LauncherActivity$_2003#0](id:315000036a8,api:0,p:-1,c:789) disconnect: not connected (req=1)
02-05 17:40:50.582  2003  4215 W libEGL  : EGLNativeWindowType 0x73d44f9010 disconnect failed
02-05 17:40:50.582  1163  1240 W WindowManager: lockNow pending, ignore updating lockscreen timeout
02-05 17:40:50.583  1163  1240 I SurfaceControl: nativeRelease nativeObject s[499038036512]
02-05 17:40:50.583  1163  1240 I SurfaceControl: nativeRelease nativeObject e[499038036512]
02-05 17:40:50.583 15500 15500 D LifecycleMonitor: Lifecycle status change: com.example.dogglers.MainActivity@832b7e6 in: CREATED
02-05 17:40:50.583 15500 15500 D LifecycleMonitor: running callback: androidx.test.core.app.ActivityScenario$1@b686b2f
02-05 17:40:50.584   789   789 D SurfaceFlinger: Display 21442653864348033 HWC layers:
02-05 17:40:50.584   789   789 D SurfaceFlinger:      DEVICE | 0x7428c3f0c0 | 0002 | RGBA_8888    |    0.0    0.0 1080.0 2400.0 |    0    0 1080 2400 | Splash Screen com.example.dogglers#0
02-05 17:40:50.584   789   789 D SurfaceFlinger:      DEVICE | 0x7428c3e6c0 | 0000 | RGBA_8888    |    0.0    0.0 1080.0   88.0 |    0    0 1080   88 | StatusBar$_1680#0
02-05 17:40:50.584   789   789 D SurfaceFlinger:      DEVICE | 0x7428c3ea80 | 0000 | RGBA_8888    |    0.0    0.0 1080.0  144.0 |    0 2256 1080 2400 | NavigationBar0$_1680#0
02-05 17:40:50.584   789   789 D SurfaceFlinger:      DEVICE | 0x7408191180 | 0000 | RGBA_8888    |    0.0    0.0 1080.0  125.0 |    0    0 1080  125 | ScreenDecorOverlay$_1680#0
02-05 17:40:50.584   789   789 D SurfaceFlinger:      DEVICE | 0x7428c3f480 | 0000 | RGBA_8888    |    0.0    0.0 1080.0  112.0 |    0 2288 1080 2400 | ScreenDecorOverlayBottom$_1680#0
02-05 17:40:50.584   789   789 D SurfaceFlinger:
02-05 17:40:50.584 15500 15500 V ActivityScenario: Update currentActivityStage to CREATED, currentActivity=com.example.dogglers.MainActivity@832b7e6
02-05 17:40:50.584 15500 15500 D LifecycleMonitor: callback completes: androidx.test.core.app.ActivityScenario$1@b686b2f
02-05 17:40:50.585  1163  1796 V WindowManager: Relayout Window{6030dc2 u0 com.sec.android.app.launcher/com.sec.android.app.launcher.activities.LauncherActivity}: viewVisibility=8 req=1080x2400
02-05 17:40:50.585  1163  1240 V WindowManager: Relayout hash=be65301, pid=1163: mAttrs={(0,0)(fillxfill) sim={adjust=pan} layoutInDisplayCutoutMode=shortEdges ty=APPLICATION_STARTING wanim=0x1030001
02-05 17:40:50.585  1163  1240 V WindowManager:   fl=1830118
02-05 17:40:50.585  1163  1240 V WindowManager:   pfl=12020011
02-05 17:40:50.585  1163  1240 V WindowManager:   fitSides= naviIconColor=0}
02-05 17:40:50.585  1163  1240 I SurfaceControl: nativeRelease nativeObject s[499038031616]
02-05 17:40:50.585  1163  1240 I SurfaceControl: nativeRelease nativeObject e[499038031616]
02-05 17:40:50.585  1163  1240 I SurfaceControl: nativeRelease nativeObject s[499038030176]
02-05 17:40:50.585  1163  1240 I SurfaceControl: nativeRelease nativeObject e[499038030176]
02-05 17:40:50.585  1163  1240 I ViewRootImpl@64150e8[dogglers]: Relayout returned: old=(0,0,1080,2400) new=(0,0,1080,2400) req=(1080,2400)0 dur=4 res=0x1 s={true 497474408448} ch=false fn=2
02-05 17:40:50.585   716   953 D gralloc : [mali_gralloc_allocate] begin
02-05 17:40:50.585   716   953 D gralloc : buffer_descriptor: wh(1080 2400) usage_pc(0x966 0x906) hal_format(0x1) layer_count(1) sizes(0 0 0) strde(0) byte_stride(0) alloc_wh(0 0) internal_format(0x0) alloc_format(0x0) fd_count(1) plane_count(0)
02-05 17:40:50.586   716   953 D gralloc : [mali_gralloc_allocate] allocation successful
02-05 17:40:50.586  1163  1796 W WindowManager: lockNow pending, ignore updating lockscreen timeout
02-05 17:40:50.588 15500 15500 D LifecycleMonitor: Lifecycle status change: com.example.dogglers.MainActivity@832b7e6 in: STARTED
02-05 17:40:50.588 15500 15500 D LifecycleMonitor: running callback: androidx.test.core.app.ActivityScenario$1@b686b2f
02-05 17:40:50.588  1163  1796 V WindowManager: Relayout hash=6030dc2, pid=2003: mAttrs={(0,0)(fillxfill) sim={adjust=nothing} layoutInDisplayCutoutMode=shortEdges ty=BASE_APPLICATION fmt=TRANSPARENT wanim=0x10302f2
02-05 17:40:50.588  1163  1796 V WindowManager:   fl=81910100
02-05 17:40:50.588  1163  1796 V WindowManager:   pfl=16020000
02-05 17:40:50.588  1163  1796 V WindowManager:   vsysui=1700
02-05 17:40:50.588  1163  1796 V WindowManager:   apr=LIGHT_STATUS_BARS
02-05 17:40:50.588  1163  1796 V WindowManager:   bhv=SHOW_TRANSIENT_BARS_BY_SWIPE
02-05 17:40:50.588  1163  1796 V WindowManager:   fitSides= dimAmount=0.125 dimDuration=200 naviIconColor=0}
02-05 17:40:50.588 15500 15500 V ActivityScenario: Update currentActivityStage to STARTED, currentActivity=com.example.dogglers.MainActivity@832b7e6
02-05 17:40:50.589 15500 15500 D LifecycleMonitor: callback completes: androidx.test.core.app.ActivityScenario$1@b686b2f
02-05 17:40:50.589  2003  2003 I SurfaceControl: nativeRelease nativeObject s[497485757824]
02-05 17:40:50.589  2003  2003 I SurfaceControl: nativeRelease nativeObject e[497485757824]
02-05 17:40:50.589  2003  2003 I SurfaceControl: assignNativeObject: nativeObject = 0 Surface(name=null)/@0x631c8c8 / android.view.SurfaceControl.readFromParcel:1117 android.view.IWindowSession$Stub$Proxy.relayout:1810 android.view.ViewRootImpl.relayoutWindow:9005 android.view.ViewRootImpl.performTraversals:3360 android.view.ViewRootImpl.doTraversal:2618 android.view.ViewRootImpl$TraversalRunnable.run:9971 android.view.Choreographer$CallbackRecord.run:1010 android.view.Choreographer.doCallbacks:809 android.view.Choreographer.doFrame:744 android.view.Choreographer$FrameDisplayEventReceiver.run:995
02-05 17:40:50.589  2003  2003 I SurfaceControl: assignNativeObject: nativeObject = 0 Surface(name=null)/@0x37cdda1 / android.view.SurfaceControl.readFromParcel:1117 android.view.IWindowSession$Stub$Proxy.relayout:1820 android.view.ViewRootImpl.relayoutWindow:9005 android.view.ViewRootImpl.performTraversals:3360 android.view.ViewRootImpl.doTraversal:2618 android.view.ViewRootImpl$TraversalRunnable.run:9971 android.view.Choreographer$CallbackRecord.run:1010 android.view.Choreographer.doCallbacks:809 android.view.Choreographer.doFrame:744 android.view.Choreographer$FrameDisplayEventReceiver.run:995
02-05 17:40:50.589 15500 15500 D LifecycleMonitor: Lifecycle status change: com.example.dogglers.MainActivity@832b7e6 in: RESUMED
02-05 17:40:50.589 15500 15500 D LifecycleMonitor: running callback: androidx.test.core.app.ActivityScenario$1@b686b2f
02-05 17:40:50.589  2003  2003 I SurfaceControl: nativeRelease nativeObject s[499183210208]
02-05 17:40:50.589  2003  2003 I SurfaceControl: nativeRelease nativeObject e[499183210208]
02-05 17:40:50.589  2003  2003 I SurfaceControl: nativeRelease nativeObject s[499014697504]
02-05 17:40:50.589 15500 15500 V ActivityScenario: Update currentActivityStage to RESUMED, currentActivity=com.example.dogglers.MainActivity@832b7e6
02-05 17:40:50.589  2003  2003 I SurfaceControl: nativeRelease nativeObject e[499014697504]
02-05 17:40:50.589  2003  2003 I SurfaceControl: nativeRelease nativeObject s[499014697216]
02-05 17:40:50.589  2003  2003 I SurfaceControl: nativeRelease nativeObject e[499014697216]
02-05 17:40:50.589 15500 15500 D LifecycleMonitor: callback completes: androidx.test.core.app.ActivityScenario$1@b686b2f
02-05 17:40:50.589  2003  2003 I ViewRootImpl@e2e8b8d[LauncherActivity]: Relayout returned: old=(0,0,1080,2400) new=(0,0,1080,2400) req=(1080,2400)8 dur=7 res=0x5 s={false 0} ch=true fn=25
02-05 17:40:50.590  2003  2003 I SurfaceControl: nativeRelease nativeObject s[497485757824]
02-05 17:40:50.590  2003  2003 I SurfaceControl: nativeRelease nativeObject e[497485757824]
02-05 17:40:50.591  1163  1240 I ViewRootImpl@64150e8[dogglers]: [DP] pdf(0) 1 android.view.ViewRootImpl.performDraw:4809 android.view.ViewRootImpl.performTraversals:3866 android.view.ViewRootImpl.doTraversal:2618
02-05 17:40:50.591  1163  1240 I ViewRootImpl@64150e8[dogglers]: [DP] rdf()
02-05 17:40:50.593  1163  3939 D InputTransport: Input channel constructed: 'a980aa9', fd=857
02-05 17:40:50.593  1163  3939 D InputTransport: Input channel constructed: 'a980aa9', fd=860
02-05 17:40:50.593   789  1273 I SurfaceFlinger: id=79547 createSurf (0x0),-1 flag=80004, a980aa9 com.example.dogglers/com.example.dogglers.MainActivity#0
02-05 17:40:50.594  1163  3939 D WindowManager: isScreenshotDisabledLocked - win: Window{a980aa9 u0 com.example.dogglers/com.example.dogglers.MainActivity}
02-05 17:40:50.594  1163  3939 D WindowManager: isScreenshotDisabledLocked: userId = 0, disabled =false
02-05 17:40:50.594  1163  3939 D InputTransport: Input channel destroyed: 'a980aa9', fd=860
02-05 17:40:50.594 15500 15500 D InputTransport: Input channel constructed: 'a980aa9', fd=90
02-05 17:40:50.595 15500 15500 I ViewRootImpl@f181200[MainActivity]: setView = com.android.internal.policy.DecorView@80b2cc9 TM=true
02-05 17:40:50.597 15500 15500 D IdlingResourceRegistry: All idling resources are idle.
02-05 17:40:50.598  1163  1240 W WindowManager: lockNow pending, ignore updating lockscreen timeout
02-05 17:40:50.601  2003  2003 I ViewRootImpl@e2e8b8d[LauncherActivity]: stopped(true) old=false
02-05 17:40:50.601  2003  2003 I StateManager: goToState isInState Normal
02-05 17:40:50.603  2003  2003 W LauncherAppWidgetHost: setListenIfResumed, mFlags = 7
02-05 17:40:50.603  1163  3939 I AppWidgetServiceImpl: stopListening callbacks : null
02-05 17:40:50.603  2003  2003 W Launcher.NotificationListener: removeNotificationsChangedListener
02-05 17:40:50.603  2003  2003 I BadgeCountUpdaterImpl: onNotificationsChangedDisConnected
02-05 17:40:50.603  2003  2003 I Launcher.NotificationListener: unregisterObserver, this is not notificationService!!
02-05 17:40:50.603  2003  2003 W PageOverlayMover: updateActivityLifecycleState : 4
02-05 17:40:50.603  1163  1796 V WindowManager: Relayout Window{a980aa9 u0 com.example.dogglers/com.example.dogglers.MainActivity}: viewVisibility=0 req=1080x2400
02-05 17:40:50.603  2003  2003 I LiveIconUpdateEventHandler: cancelMinuteChangeAlarm
02-05 17:40:50.604  1163  1796 W WindowManager: lockNow pending, ignore updating lockscreen timeout
02-05 17:40:50.604  1680  1680 D SecStatusBarMobileView: setStaticDrawableColor:
02-05 17:40:50.605  1163  1796 D WindowManager: isScreenshotDisabledLocked - win: Window{a980aa9 u0 com.example.dogglers/com.example.dogglers.MainActivity}
02-05 17:40:50.605  1163  1796 D WindowManager: isScreenshotDisabledLocked: userId = 0, disabled =false
02-05 17:40:50.605   789   835 I SurfaceFlinger: id=79548 createSurf (1080x2400),1 flag=404, com.example.dogglers/com.example.dogglers.MainActivity$_15500#0
02-05 17:40:50.605  2003  2003 I LiveIconUpdateEventHandler: cancelDateChangeAlarm
02-05 17:40:50.606  1163  1796 I SurfaceControl: nativeRelease nativeObject s[496866863008]
02-05 17:40:50.606  1163  1796 I SurfaceControl: nativeRelease nativeObject e[496866863008]
02-05 17:40:50.606   789   835 I SurfaceFlinger: id=79549 createSurf (0x0),-1 flag=24000, Surface(name=8c655e2 StatusBar)/@0x44a9b07 - animation-leash#1
02-05 17:40:50.607  1163  1796 I SurfaceControl: nativeRelease nativeObject s[496866868672]
02-05 17:40:50.607  1163  1796 I SurfaceControl: nativeRelease nativeObject e[496866868672]
02-05 17:40:50.607   789   835 I SurfaceFlinger: id=79550 createSurf (0x0),-1 flag=24000, Surface(name=b29f82b NavigationBar0)/@0x8634759 - animation-leash#0
02-05 17:40:50.607  1163  3939 V WindowManager: Relayout Window{b594a18 u0 NotificationShade}: viewVisibility=4 req=1080x2400
02-05 17:40:50.607  1163  1796 V WindowManager: Relayout hash=a980aa9, pid=15500: mAttrs={(0,0)(fillxfill) sim={adjust=pan forwardNavigation} ty=BASE_APPLICATION wanim=0x1030304
02-05 17:40:50.607  1163  1796 V WindowManager:   fl=81810100
02-05 17:40:50.607  1163  1796 V WindowManager:   pfl=12020000
02-05 17:40:50.607  1163  1796 V WindowManager:   fitSides= naviIconColor=0}
02-05 17:40:50.608  1163  1796 I SurfaceControl: nativeRelease nativeObject s[499183201856]
02-05 17:40:50.608  1163  1796 I SurfaceControl: nativeRelease nativeObject e[499183201856]
02-05 17:40:50.608  1163  3939 W WindowManager: lockNow pending, ignore updating lockscreen timeout
02-05 17:40:50.608   789   835 I Layer   : id=79545 removeFromCurrentState Surface(name=8c655e2 StatusBar)/@0x44a9b07 - animation-leash#0 (183)
02-05 17:40:50.608   789   835 I Layer   : id=79546 removeFromCurrentState Surface(name=b29f82b NavigationBar0)/@0x8634759 - animation-leash#1 (183)
02-05 17:40:50.608 15500 15500 I SurfaceControl: assignNativeObject: nativeObject = 0 Surface(name=null)/@0xa19771 / android.view.SurfaceControl.readFromParcel:1117 android.view.IWindowSession$Stub$Proxy.relayout:1820 android.view.ViewRootImpl.relayoutWindow:9005 android.view.ViewRootImpl.performTraversals:3360 android.view.ViewRootImpl.doTraversal:2618 android.view.ViewRootImpl$TraversalRunnable.run:9971 android.view.Choreographer$CallbackRecord.run:1010 android.view.Choreographer.doCallbacks:809 android.view.Choreographer.doFrame:744 android.view.Choreographer$FrameDisplayEventReceiver.run:995
02-05 17:40:50.609  1163  3939 V WindowManager: Relayout hash=b594a18, pid=1680: mAttrs={(0,0)(fillxfill) gr=TOP CENTER_VERTICAL sim={adjust=resize} layoutInDisplayCutoutMode=always ty=2040 fmt=TRANSLUCENT colorMode=COLOR_MODE_WIDE_COLOR_GAMUT
02-05 17:40:50.609  1163  3939 V WindowManager:   fl=81840048
02-05 17:40:50.609  1163  3939 V WindowManager:   pfl=1b000000
02-05 17:40:50.609  1163  3939 V WindowManager:   bhv=SHOW_TRANSIENT_BARS_BY_SWIPE dimAmount=0.0 naviIconColor=0
02-05 17:40:50.609  1163  3939 V WindowManager:   sfl=40000}
02-05 17:40:50.609 15500 15500 I ViewRootImpl@f181200[MainActivity]: Relayout returned: old=(0,0,1080,2400) new=(0,0,1080,2400) req=(1080,2400)0 dur=5 res=0x7 s={true 499017125888} ch=true fn=-1
02-05 17:40:50.609  1163  1240 I SurfaceControl: nativeRelease nativeObject s[496866862624]
02-05 17:40:50.609  1163  1240 I SurfaceControl: nativeRelease nativeObject e[496866862624]
02-05 17:40:50.609  1163  1240 I SurfaceControl: nativeRelease nativeObject s[499038036512]
02-05 17:40:50.609  1163  1240 I SurfaceControl: nativeRelease nativeObject e[499038036512]
02-05 17:40:50.609   789   835 I SurfaceFlinger: id=79546 Removed Surface(name=b29f82b NavigationBar0)/@0x8634759 - animation-leash#1 (183)
02-05 17:40:50.609   789   834 I SurfaceFlinger: id=79545 Removed Surface(name=8c655e2 StatusBar)/@0x44a9b07 - animation-leash#0 (183)
02-05 17:40:50.609  1680  1680 I SurfaceControl: assignNativeObject: nativeObject = 0 Surface(name=null)/@0x7632417 / android.view.SurfaceControl.readFromParcel:1117 android.view.IWindowSession$Stub$Proxy.relayout:1810 android.view.ViewRootImpl.relayoutWindow:9005 android.view.ViewRootImpl.performTraversals:3360 android.view.ViewRootImpl.doTraversal:2618 android.view.ViewRootImpl$TraversalRunnable.run:9971 android.view.Choreographer$CallbackRecord.run:1010 android.view.Choreographer.doCallbacks:809 android.view.Choreographer.doFrame:744 android.view.Choreographer$FrameDisplayEventReceiver.run:995
02-05 17:40:50.609  1680  1680 I SurfaceControl: assignNativeObject: nativeObject = 0 Surface(name=null)/@0x2dd2a3a / android.view.SurfaceControl.readFromParcel:1117 android.view.IWindowSession$Stub$Proxy.relayout:1820 android.view.ViewRootImpl.relayoutWindow:9005 android.view.ViewRootImpl.performTraversals:3360 android.view.ViewRootImpl.doTraversal:2618 android.view.ViewRootImpl$TraversalRunnable.run:9971 android.view.Choreographer$CallbackRecord.run:1010 android.view.Choreographer.doCallbacks:809 android.view.Choreographer.doFrame:744 android.view.Choreographer$FrameDisplayEventReceiver.run:995
02-05 17:40:50.610 15500 15565 I mali_winsys: new_window_surface() [1080x2400] return: 0x3000
02-05 17:40:50.610   716   953 D gralloc : [mali_gralloc_allocate] begin
02-05 17:40:50.610   716   953 D gralloc : buffer_descriptor: wh(1080 2400) usage_pc(0x40000000000b00 0x40000000000b00) hal_format(0x1) layer_count(1) sizes(0 0 0) strde(0) byte_stride(0) alloc_wh(0 0) internal_format(0x0) alloc_format(0x0) fd_count(1) plane_count(0)
02-05 17:40:50.612 15500 15500 I ViewRootImpl@f181200[MainActivity]: [DP] dp(1) 1 android.view.ViewRootImpl.reportNextDraw:10957 android.view.ViewRootImpl.performTraversals:3845 android.view.ViewRootImpl.doTraversal:2618
02-05 17:40:50.612   716   953 D gralloc : [mali_gralloc_allocate] allocation successful
02-05 17:40:50.612 15500 15500 I ViewRootImpl@f181200[MainActivity]: [DP] pd() Asnyc report
02-05 17:40:50.612  1680  1680 I ViewRootImpl@cb447c7[NotificationShade]: Relayout returned: old=(0,0,1080,2400) new=(0,0,1080,2400) req=(1080,2400)4 dur=2 res=0x1 s={false 0} ch=false fn=-1
02-05 17:40:50.612   789   789 I Layer   : id=79545[1] Destroyed Surface(name=8c655e2 StatusBar)/@0x44a9b07 - animation-leash#0
02-05 17:40:50.612   789   789 I Layer   : id=79546[1] Destroyed Surface(name=b29f82b NavigationBar0)/@0x8634759 - animation-leash#1
02-05 17:40:50.614  1680  1680 D KeyguardBottomAreaShortcutView: updateCameraVisibility isCameraDisabled:false visible:true
02-05 17:40:50.614  1680  1680 D KeyguardBottomAreaShortcutView: mIndicationArea margin start : 180, end : 180, bottom : 400
02-05 17:40:50.614  1680  1680 D MediaControlPanel: mActionButtonNumCollapsed = 1, mActionButtonNumExpand = 1
02-05 17:40:50.614  1680  1680 D MediaControlPanel: mActionButtonNumCollapsed = 1, mActionButtonNumExpand = 1
02-05 17:40:50.614  1680  1680 D MediaControlPanel: mActionButtonNumCollapsed = 1, mActionButtonNumExpand = 1
02-05 17:40:50.614  1680  1680 D MediaControlPanel: mActionButtonNumCollapsed = 1, mActionButtonNumExpand = 1
02-05 17:40:50.614  1680  1680 D MediaControlPanel: mActionButtonNumCollapsed = 1, mActionButtonNumExpand = 1
02-05 17:40:50.614  1680  1680 D MediaControlPanel: mActionButtonNumCollapsed = 1, mActionButtonNumExpand = 1
02-05 17:40:50.614  1680  1680 D MediaControlPanel: mActionButtonNumCollapsed = 1, mActionButtonNumExpand = 1
02-05 17:40:50.614  1680  1680 D MediaControlPanel: mActionButtonNumCollapsed = 1, mActionButtonNumExpand = 1
02-05 17:40:50.614  1680  1680 D MediaControlPanel: mActionButtonNumCollapsed = 3, mActionButtonNumExpand = 5
02-05 17:40:50.614  1680  1680 D MediaControlPanel: mActionButtonNumCollapsed = 3, mActionButtonNumExpand = 5
02-05 17:40:50.615   716   953 D gralloc : [mali_gralloc_allocate] begin
02-05 17:40:50.615   716   953 D gralloc : buffer_descriptor: wh(1080 2400) usage_pc(0x40000000000b00 0x40000000000b00) hal_format(0x1) layer_count(1) sizes(0 0 0) strde(0) byte_stride(0) alloc_wh(0 0) internal_format(0x0) alloc_format(0x0) fd_count(1) plane_count(0)
02-05 17:40:50.615  2003  2003 I LiveIconUpdateEventHandler: unregisterReceiver
02-05 17:40:50.616  1163  1552 D SyncManager: userId - 0 auto - true
02-05 17:40:50.617   851  3953 I CameraService: notifyMonitoredUids
02-05 17:40:50.617   716   953 D gralloc : [mali_gralloc_allocate] allocation successful
02-05 17:40:50.618   716   957 D gralloc : [mali_gralloc_allocate] begin
02-05 17:40:50.618   716   957 D gralloc : buffer_descriptor: wh(1080 2400) usage_pc(0x40000000000b00 0x40000000000b00) hal_format(0x1) layer_count(1) sizes(0 0 0) strde(0) byte_stride(0) alloc_wh(0 0) internal_format(0x0) alloc_format(0x0) fd_count(1) plane_count(0)
02-05 17:40:50.620   716   957 D gralloc : [mali_gralloc_allocate] allocation successful
02-05 17:40:50.622 15500 15500 I ViewRootImpl@f181200[MainActivity]: [DP] pdf(0) 1 android.view.ViewRootImpl.lambda$performDraw$1$ViewRootImpl:4668 android.view.-$$Lambda$ViewRootImpl$DJd0VUYJgsebcnSohO6h8zc_ONI.run:6 android.os.Handler.handleCallback:938
02-05 17:40:50.622 15500 15500 I ViewRootImpl@f181200[MainActivity]: [DP] rdf()
02-05 17:40:50.623  1163  1240 W WindowManager: lockNow pending, ignore updating lockscreen timeout
02-05 17:40:50.624  1163  1240 W WindowManager: lockNow pending, ignore updating lockscreen timeout
02-05 17:40:50.625 15500 15500 D LifecycleMonitor: Lifecycle status change: androidx.test.core.app.InstrumentationActivityInvoker$BootstrapActivity@e05150e in: STOPPED
02-05 17:40:50.625 15500 15500 D LifecycleMonitor: running callback: androidx.test.core.app.ActivityScenario$1@b686b2f
02-05 17:40:50.625 15500 15500 V ActivityScenario: Activity lifecycle changed event received but ignored because the intent does not match. startActivityIntent=Intent { act=android.intent.action.MAIN cat=[android.intent.category.LAUNCHER] cmp=com.example.dogglers/.MainActivity }, activity.getIntent()=Intent { act=android.intent.action.MAIN cat=[android.intent.category.LAUNCHER] flg=0x10008000 cmp=com.example.dogglers/androidx.test.core.app.InstrumentationActivityInvoker$BootstrapActivity (has extras) }, activity=androidx.test.core.app.InstrumentationActivityInvoker$BootstrapActivity@e05150e
02-05 17:40:50.625 15500 15500 D LifecycleMonitor: callback completes: androidx.test.core.app.ActivityScenario$1@b686b2f
02-05 17:40:50.626  1163  1240 D PkgPredictorService: pkg:com.example.dogglers activity:com.example.dogglers.MainActivity thisTime:142
02-05 17:40:50.626  1163  1240 D PkgPredictorService-Collector: update activity launch time: MainActivity : 142
02-05 17:40:50.626  1163  1240 I SemDvfsHyPerManager: acquire hyper - AMS_RESUME_TAIL/1163@22, type = -999
02-05 17:40:50.626  1163  1240 I SemDvfsHyPerManager: acquire hyper - AMS_ACT_LAZY/1163@23, type = -999
02-05 17:40:50.626  1680  1680 D SecStatusBarMobileView: setStaticDrawableColor:
02-05 17:40:50.626   726   817 I HYPER-HAL: [RequestManager.cpp]acquire(): Acquired ID : 702727  [1163 / 22]    HINT : AMS_RESUME_TAIL    list :
02-05 17:40:50.626   726   817 I HYPER-HAL: [ResourceManager.cpp]updateResource(): [CPUMinFreq] UpdateResource Request ID : 702727    Value : 1844882
02-05 17:40:50.626   726   817 I HYPER-HAL: [RequestManager.cpp]acquire(): Acquired ID : 703914  [1163 / 23]    HINT :      list :
02-05 17:40:50.626  1680  1680 D MediaControlPanel: mActionButtonNumCollapsed = 1, mActionButtonNumExpand = 1
02-05 17:40:50.627  1680  1680 D MediaControlPanel: mActionButtonNumCollapsed = 1, mActionButtonNumExpand = 1
02-05 17:40:50.627   726   817 E HYPER-HAL: [Request.cpp]acquire(): Request:: id : 703914, No Resource to set
02-05 17:40:50.627  1163  1244 D ArtManagerInternalImpl: /data/misc/iorapd/com.example.dogglers/1/com.example.dogglers.MainActivity/compiled_traces/compiled_trace.pb doesn't exist
02-05 17:40:50.627   726   817 I HYPER-HAL: [ResourceManager.cpp]removeResource(): [CPUMinFreq] RemoveResource Request ID : 705102
02-05 17:40:50.627  1680  1680 D MediaControlPanel: mActionButtonNumCollapsed = 1, mActionButtonNumExpand = 1
02-05 17:40:50.627   726   817 I HYPER-HAL: [RequestManager.cpp]releaseLocked(): Released ID : 705102
02-05 17:40:50.627  1680  1680 D MediaControlPanel: mActionButtonNumCollapsed = 1, mActionButtonNumExpand = 1
02-05 17:40:50.627  1680  1680 D MediaControlPanel: mActionButtonNumCollapsed = 1, mActionButtonNumExpand = 1
02-05 17:40:50.627  1680  1680 D MediaControlPanel: mActionButtonNumCollapsed = 1, mActionButtonNumExpand = 1
02-05 17:40:50.628  1163  1240 D ViewRootImpl@64150e8[dogglers]: dispatchDetachedFromWindow: reset blurmask
02-05 17:40:50.628  1680  1680 D MediaControlPanel: mActionButtonNumCollapsed = 1, mActionButtonNumExpand = 1
