02-05 17:40:55.608  1163  1235 V WindowManager: Relayout hash=f87dac6, pid=5089: mAttrs={(0,0)(0xfill) sim={adjust=pan} ty=APPLICATION_PANEL fmt=RGBA_8888
02-05 17:40:55.608  1163  1235 V WindowManager:   fl=1000018
02-05 17:40:55.608  1163  1235 V WindowManager:   pfl=2000040
02-05 17:40:55.608  1163  1235 V WindowManager:   fitTypes=STATUS_BARS NAVIGATION_BARS CAPTION_BAR IME naviIconColor=0}
02-05 17:40:55.608 15500 15500 D InputMethodManager: prepareNavigationBarInfo() DecorView@b1ca216[GridListActivity]
02-05 17:40:55.608 15500 15500 D InputMethodManager: getNavigationBarColor() -16711423
02-05 17:40:55.609 15500 15500 D InputMethodManager: prepareNavigationBarInfo() DecorView@b1ca216[GridListActivity]
02-05 17:40:55.609 15500 15500 D InputMethodManager: getNavigationBarColor() -16711423
02-05 17:40:55.609  5089  5089 I SurfaceControl: assignNativeObject: nativeObject = 0 Surface(name=null)/@0xb12fb6b / android.view.SurfaceControl.readFromParcel:1117 android.view.IWindowSession$Stub$Proxy.relayout:1810 android.view.ViewRootImpl.relayoutWindow:9005 android.view.ViewRootImpl.performTraversals:3360 android.view.ViewRootImpl.doTraversal:2618 android.view.ViewRootImpl$TraversalRunnable.run:9971 android.view.Choreographer$CallbackRecord.run:1010 android.view.Choreographer.doCallbacks:809 android.view.Choreographer.doFrame:744 android.view.Choreographer$FrameDisplayEventReceiver.run:995
02-05 17:40:55.609 15500 15500 V InputMethodManager: Starting input: tba=com.example.dogglers ic=null mNaviBarColor -16711423 mIsGetNaviBarColorSuccess true , NavVisible : true , NavTrans : false
02-05 17:40:55.609 15500 15500 D InputMethodManager: startInputInner - Id : 0
02-05 17:40:55.609  5089  5089 I SurfaceControl: assignNativeObject: nativeObject = 0 Surface(name=null)/@0xf71d6c8 / android.view.SurfaceControl.readFromParcel:1117 android.view.IWindowSession$Stub$Proxy.relayout:1820 android.view.ViewRootImpl.relayoutWindow:9005 android.view.ViewRootImpl.performTraversals:3360 android.view.ViewRootImpl.doTraversal:2618 android.view.ViewRootImpl$TraversalRunnable.run:9971 android.view.Choreographer$CallbackRecord.run:1010 android.view.Choreographer.doCallbacks:809 android.view.Choreographer.doFrame:744 android.view.Choreographer$FrameDisplayEventReceiver.run:995
02-05 17:40:55.609 15500 15500 I InputMethodManager: startInputInner - mService.startInputOrWindowGainedFocus
02-05 17:40:55.609  1163  1235 D InputMethodManagerService: mSecureKeypadEnabled = false
02-05 17:40:55.609  1163  1235 V InputMethodManagerService: hideCurrentInputLocked : shouldHideSoftInput is false
02-05 17:40:55.609  1163  1235 D InputMethodManagerService: DESKTOP MODE! : 2
02-05 17:40:55.609  1163  1235 D InputMethodManagerService: NOT IN KNOX DESKTOP MODE!
02-05 17:40:55.609  1163  1235 V InputMethodManagerService: getDisplayIdOfInputMethodWindowToBeAdded : 0
02-05 17:40:55.609  5089  5089 I ViewRootImpl@7fb81b0[]: Relayout returned: old=(540,88,540,2256) new=(540,88,540,2256) req=(0,2168)8 dur=4 res=0x1 s={false 0} ch=false fn=-1
02-05 17:40:55.610  1163  1235 D SamsungIMMSHWKeyboard: isConnectedDexOnPC false
02-05 17:40:55.610  5089  5089 I PageOverlayCoordinator: onUiStopped
02-05 17:40:55.610  5089  5089 I PageOverlayRootLayout: onUiStopped
02-05 17:40:55.610  1163  1235 D InputMethodManagerService: isImeSwitcherDisabledPackage : false
02-05 17:40:55.610  1163  1235 D InputMethodManagerService: checkDisplayOfStartInputAndUpdateKeyboard display Id 0last 0
02-05 17:40:55.610  1163  1235 D InputTransport: Input channel constructed: 'ClientS', fd=857
02-05 17:40:55.610  1163  1235 D InputTransport: Input channel destroyed: 'ClientS', fd=857
02-05 17:40:55.610 15500 15500 D InputTransport: Input channel constructed: 'ClientS', fd=97
02-05 17:40:55.611  1163  1235 I SurfaceControl: nativeRelease nativeObject s[496884985696]
02-05 17:40:55.611  1163  1235 I SurfaceControl: nativeRelease nativeObject e[496884985696]
02-05 17:40:55.611   789  1273 I SurfaceFlinger: id=79774 createSurf (0x0),-1 flag=24004, Surface(name=dbf3b45 InputMethod)/@0xf70bba8 - animation-leash#1
02-05 17:40:55.612  3640  3640 I GoogleInputMethodService: GoogleInputMethodService.onFinishInput():3316
02-05 17:40:55.613  3640  3640 I GoogleInputMethodService: GoogleInputMethodService.updateDeviceLockedStatus():2181 checkRepeatedly = false, unlocked = true
02-05 17:40:55.613  3640  3640 D InputMethodService: checkDisplayOfStartInputAndUpdateKeyboard display Id 0last 0
02-05 17:40:55.613  3640  3640 I GoogleInputMethodService: GoogleInputMethodService.onStartInput():1989
02-05 17:40:55.613  3640  3640 I GoogleInputMethodService: GoogleInputMethodService.updateDeviceLockedStatus():2181 checkRepeatedly = true, unlocked = true
02-05 17:40:55.615 15278 15278 I Finsky:background: [2] kze.onDestroy(8): IPC-SERVER: Stopping gRPC host service...
02-05 17:40:55.617   789  1273 I SurfaceFlinger: id=79750 Removed com.sec.android.app.launcher/com.sec.android.app.launcher.activities.LauncherActivity$_2003#0 (197)
02-05 17:40:55.618  1163  1237 D SehCodecSolutionService: Update top [com.example.dogglers]
02-05 17:40:55.618  1163  1237 E Native_CFMS: nativePerfMgrRemoveTask    Fail    tid : 2003    return : -1
02-05 17:40:55.622  1680  1680 D SecStatusBarMobileView: setStaticDrawableColor:
02-05 17:40:55.622   789   789 I Layer   : id=79750[1] Destroyed com.sec.android.app.launcher/com.sec.android.app.launcher.activities.LauncherActivity$_2003#0
02-05 17:40:55.624   789   835 I Layer   : id=79757 removeFromCurrentState Surface(name=dbf3b45 InputMethod)/@0xf70bba8 - animation-leash#0 (196)
02-05 17:40:55.624  2003  2003 I SurfaceControl: nativeRelease nativeObject s[497484648608]
02-05 17:40:55.624  2003  2003 I SurfaceControl: nativeRelease nativeObject e[497484648608]
02-05 17:40:55.625 15500 15500 I SurfaceControl: nativeRelease nativeObject s[497483549952]
02-05 17:40:55.625 15500 15500 I SurfaceControl: nativeRelease nativeObject e[497483549952]
02-05 17:40:55.625 15500 15500 I SurfaceControl: nativeRelease nativeObject s[497483546400]
02-05 17:40:55.625 15500 15500 I SurfaceControl: nativeRelease nativeObject e[497483546400]
02-05 17:40:55.626  1163  1235 D SamsungIMMSHWKeyboard: isConnectedDexOnPC false
02-05 17:40:55.626  1163  1235 D InputMethodManagerService: isImeSwitcherDisabledPackage : false
02-05 17:40:55.627 15500 15500 D IdlingResourceRegistry: All idling resources are idle.
02-05 17:40:55.627 15500 15500 D IdlingResourceRegistry: All idling resources are idle.
02-05 17:40:55.632 15074 15074 I Finsky  : [2] qhr.run(18): Detected restoreservicev2://recovery not needed, will not run
02-05 17:40:55.639  1680  1680 D SecStatusBarMobileView: setStaticDrawableColor:
02-05 17:40:55.641 15500 15500 I ViewInteraction: Checking 'MatchesViewAssertion{viewMatcher=is displayed on the screen to the user}' assertion on view with text: is "Nox"
02-05 17:40:55.641 15500 15500 E ViewAssertions: 'is displayed on the screen to the user' check could not be performed because view 'with text: is "Nox"' was not found.
02-05 17:40:55.643   789   789 D SurfaceFlinger: Display 21442653864348033 HWC layers:
02-05 17:40:55.643   789   789 D SurfaceFlinger:      DEVICE | 0x7428c3e940 | 0002 | RGBA_8888    |    0.0    0.0 1080.0 2400.0 |    0    0 1080 2400 | com.example.dogglers/com.example.dogglers.GridListActivity$_15500#0
02-05 17:40:55.643   789   789 D SurfaceFlinger:      DEVICE | 0x74084fe300 | 0002 | RGBA_8888    |    0.0    0.0 1080.0 2400.0 |    0    0 1080 2400 | Splash Screen com.example.dogglers#0
02-05 17:40:55.643   789   789 D SurfaceFlinger:      DEVICE | 0x7408500740 | 0000 | RGBA_8888    |    0.0    0.0 1080.0   88.0 |    0    0 1080   88 | StatusBar$_1680#0
02-05 17:40:55.643   789   789 D SurfaceFlinger:      DEVICE | 0x7428c3f200 | 0000 | RGBA_8888    |    0.0    0.0 1080.0  144.0 |    0 2256 1080 2400 | NavigationBar0$_1680#0
02-05 17:40:55.643   789   789 D SurfaceFlinger:      DEVICE | 0x7408191180 | 0000 | RGBA_8888    |    0.0    0.0 1080.0  125.0 |    0    0 1080  125 | ScreenDecorOverlay$_1680#0
02-05 17:40:55.643   789   789 D SurfaceFlinger:      DEVICE | 0x7428c3f480 | 0000 | RGBA_8888    |    0.0    0.0 1080.0  112.0 |    0 2288 1080 2400 | ScreenDecorOverlayBottom$_1680#0
02-05 17:40:55.643   789   789 D SurfaceFlinger:
02-05 17:40:55.644  1163  1235 I SemDvfsHyPerManager: acquire hyper - AMS_ACT_START/1163@20, type = -999
02-05 17:40:55.644   726   817 I HYPER-HAL: [RequestManager.cpp]acquire(): Acquired ID : 700356  [1163 / 20]    HINT : AMS_ACT_START    list :
02-05 17:40:55.645   789  2265 I SurfaceFlinger: id=79775 createSurf (0x0),-1 flag=80004, ActivityRecord{bdf99d8 u0 com.example.dogglers/androidx.test.core.app.InstrumentationActivityInvoker$EmptyActivity t12731}#0
02-05 17:40:55.645   726   817 I HYPER-HAL: [ResourceManager.cpp]updateResource(): [CPUMinFreq] UpdateResource Request ID : 700356    Value : 1930195
02-05 17:40:55.647  1163  1235 W WindowManager: lockNow pending, ignore updating lockscreen timeout
02-05 17:40:55.649 15500 15500 D LifecycleMonitor: Lifecycle status change: com.example.dogglers.GridListActivity@23255f9 in: PAUSED
02-05 17:40:55.649 15500 15500 D LifecycleMonitor: running callback: androidx.test.core.app.ActivityScenario$1@e529366
02-05 17:40:55.649 15500 15500 V ActivityScenario: Update currentActivityStage to PAUSED, currentActivity=com.example.dogglers.GridListActivity@23255f9
02-05 17:40:55.649 15500 15500 D LifecycleMonitor: callback completes: androidx.test.core.app.ActivityScenario$1@e529366
02-05 17:40:55.650  1163  1235 V WindowOrientationListener: getProposedRotation: 0
02-05 17:40:55.650  1163  1235 V WindowOrientationListener: getProposedRotation: 0
02-05 17:40:55.650  1163  1235 V WindowOrientationListener: getProposedRotation: 0
02-05 17:40:55.651  1163  1235 D InputDispatcher: Focused application set to (0): bdf99d8
02-05 17:40:55.652  1163  1235 I SurfaceControl: nativeRelease nativeObject s[496871101344]
02-05 17:40:55.652  1163  1235 I SurfaceControl: nativeRelease nativeObject e[496871101344]
02-05 17:40:55.652   789  2265 I SurfaceFlinger: id=79776 createSurf (0x0),-1 flag=24000, Surface(name=8c655e2 StatusBar)/@0x44a9b07 - animation-leash#1
02-05 17:40:55.653  1163  1235 I SurfaceControl: nativeRelease nativeObject s[496871101728]
02-05 17:40:55.653  1163  1235 I SurfaceControl: nativeRelease nativeObject e[496871101728]
02-05 17:40:55.653   789   835 I SurfaceFlinger: id=79777 createSurf (0x0),-1 flag=24000, Surface(name=b29f82b NavigationBar0)/@0x8634759 - animation-leash#0
02-05 17:40:55.655  1163  1235 W WindowManager: lockNow pending, ignore updating lockscreen timeout
02-05 17:40:55.656   789   835 I Layer   : id=79771 removeFromCurrentState Surface(name=8c655e2 StatusBar)/@0x44a9b07 - animation-leash#0 (199)
02-05 17:40:55.656   789   835 I Layer   : id=79772 removeFromCurrentState Surface(name=b29f82b NavigationBar0)/@0x8634759 - animation-leash#1 (199)
02-05 17:40:55.656  1680  1680 D SecStatusBarMobileView: setStaticDrawableColor:
02-05 17:40:55.658  1163  1240 I SurfaceControl: nativeRelease nativeObject s[496867020608]
02-05 17:40:55.658  1163  1240 I SurfaceControl: nativeRelease nativeObject e[496867020608]
02-05 17:40:55.659  1163  1240 I SurfaceControl: nativeRelease nativeObject s[496867018880]
02-05 17:40:55.659  1163  1240 I SurfaceControl: nativeRelease nativeObject e[496867018880]
02-05 17:40:55.659   789  1272 I Layer   : id=79761 removeFromCurrentState Splash Screen com.example.dogglers#0 (199)
02-05 17:40:55.659  1163  1240 I SurfaceControl: nativeRelease nativeObject s[496884987808]
02-05 17:40:55.659  1163  1240 I SurfaceControl: nativeRelease nativeObject e[496884987808]
02-05 17:40:55.660  1163  1240 I SurfaceControl: nativeRelease nativeObject s[499183201856]
02-05 17:40:55.660  1163  1240 I SurfaceControl: nativeRelease nativeObject e[499183201856]
02-05 17:40:55.660   789  1273 I SurfaceFlinger: id=79778 createSurf (0x0),-1 flag=24000, Surface(name=8c655e2 StatusBar)/@0x44a9b07 - animation-leash#0
02-05 17:40:55.661  1163  1240 I SurfaceControl: nativeRelease nativeObject s[499038066176]
02-05 17:40:55.661  1163  1240 I SurfaceControl: nativeRelease nativeObject e[499038066176]
02-05 17:40:55.661   789  1273 I SurfaceFlinger: id=79779 createSurf (0x0),-1 flag=24000, Surface(name=b29f82b NavigationBar0)/@0x8634759 - animation-leash#1
02-05 17:40:55.662  1163  1240 W WindowManager: lockNow pending, ignore updating lockscreen timeout
02-05 17:40:55.663   789  2265 I Layer   : id=79760 removeFromCurrentState 4136182 Splash Screen com.example.dogglers#0 (201)
02-05 17:40:55.663   789  2265 I Layer   : id=79773 removeFromCurrentState Surface(name=4136182 Splash Screen com.example.dogglers)/@0x26b2f32 - animation-leash#0 (201)
02-05 17:40:55.663   789  2265 I Layer   : id=79776 removeFromCurrentState Surface(name=8c655e2 StatusBar)/@0x44a9b07 - animation-leash#1 (201)
02-05 17:40:55.663   789  2265 I Layer   : id=25 removeFromCurrentState 8c655e2 StatusBar#0 (201)
02-05 17:40:55.663   789  2265 I Layer   : id=34 removeFromCurrentState StatusBar$_1680#0 (201)
02-05 17:40:55.663   789  2265 I Layer   : id=25 addToCurrentState 8c655e2 StatusBar#0 (201)
02-05 17:40:55.663   789  2265 I Layer   : id=34 addToCurrentState StatusBar$_1680#0 (201)
02-05 17:40:55.663   789  2265 I Layer   : id=79777 removeFromCurrentState Surface(name=b29f82b NavigationBar0)/@0x8634759 - animation-leash#0 (201)
02-05 17:40:55.663   789  1272 I SurfaceFlinger: id=79760 Removed 4136182 Splash Screen com.example.dogglers#0 (201)
02-05 17:40:55.663   789  1272 I SurfaceFlinger: id=79773 Removed Surface(name=4136182 Splash Screen com.example.dogglers)/@0x26b2f32 - animation-leash#0 (201)
02-05 17:40:55.663   789  1272 I SurfaceFlinger: id=79761 Removed Splash Screen com.example.dogglers#0 (201)
02-05 17:40:55.663 15500 15500 D LifecycleMonitor: Lifecycle status change: androidx.test.core.app.InstrumentationActivityInvoker$EmptyActivity@2d14275 in: PRE_ON_CREATE
02-05 17:40:55.663 15500 15500 D LifecycleMonitor: running callback: androidx.test.core.app.ActivityScenario$1@e529366
02-05 17:40:55.664 15500 15500 V ActivityScenario: Activity lifecycle changed event received but ignored because the intent does not match. startActivityIntent=Intent { act=android.intent.action.MAIN cat=[android.intent.category.LAUNCHER] cmp=com.example.dogglers/.GridListActivity }, activity.getIntent()=Intent { act=android.intent.action.MAIN cat=[android.intent.category.LAUNCHER] flg=0x10000000 cmp=com.example.dogglers/androidx.test.core.app.InstrumentationActivityInvoker$EmptyActivity }, activity=androidx.test.core.app.InstrumentationActivityInvoker$EmptyActivity@2d14275
02-05 17:40:55.664 15500 15500 D LifecycleMonitor: callback completes: androidx.test.core.app.ActivityScenario$1@e529366
02-05 17:40:55.668 15500 15500 I DecorView: [INFO] isPopOver=false, config=true
02-05 17:40:55.668 15500 15500 I DecorView: updateCaptionType >> DecorView@5b4ba7b[], isFloating=false, isApplication=true, hasWindowDecorCaption=false, hasWindowControllerCallback=true
02-05 17:40:55.668 15500 15500 D DecorView: setCaptionType = 0, this = DecorView@5b4ba7b[]
02-05 17:40:55.670 15500 15500 D LifecycleMonitor: Lifecycle status change: androidx.test.core.app.InstrumentationActivityInvoker$EmptyActivity@2d14275 in: CREATED
02-05 17:40:55.670 15500 15500 D LifecycleMonitor: running callback: androidx.test.core.app.ActivityScenario$1@e529366
02-05 17:40:55.670 15500 15500 V ActivityScenario: Activity lifecycle changed event received but ignored because the intent does not match. startActivityIntent=Intent { act=android.intent.action.MAIN cat=[android.intent.category.LAUNCHER] cmp=com.example.dogglers/.GridListActivity }, activity.getIntent()=Intent { act=android.intent.action.MAIN cat=[android.intent.category.LAUNCHER] flg=0x10000000 cmp=com.example.dogglers/androidx.test.core.app.InstrumentationActivityInvoker$EmptyActivity }, activity=androidx.test.core.app.InstrumentationActivityInvoker$EmptyActivity@2d14275
02-05 17:40:55.670 15500 15500 D LifecycleMonitor: callback completes: androidx.test.core.app.ActivityScenario$1@e529366
02-05 17:40:55.671 15500 15500 D LifecycleMonitor: Lifecycle status change: androidx.test.core.app.InstrumentationActivityInvoker$EmptyActivity@2d14275 in: STARTED
02-05 17:40:55.671 15500 15500 D LifecycleMonitor: running callback: androidx.test.core.app.ActivityScenario$1@e529366
02-05 17:40:55.671 15500 15500 V ActivityScenario: Activity lifecycle changed event received but ignored because the intent does not match. startActivityIntent=Intent { act=android.intent.action.MAIN cat=[android.intent.category.LAUNCHER] cmp=com.example.dogglers/.GridListActivity }, activity.getIntent()=Intent { act=android.intent.action.MAIN cat=[android.intent.category.LAUNCHER] flg=0x10000000 cmp=com.example.dogglers/androidx.test.core.app.InstrumentationActivityInvoker$EmptyActivity }, activity=androidx.test.core.app.InstrumentationActivityInvoker$EmptyActivity@2d14275
02-05 17:40:55.671 15500 15500 D LifecycleMonitor: callback completes: androidx.test.core.app.ActivityScenario$1@e529366
02-05 17:40:55.672 15500 15500 D LifecycleMonitor: Lifecycle status change: androidx.test.core.app.InstrumentationActivityInvoker$EmptyActivity@2d14275 in: RESUMED
02-05 17:40:55.672 15500 15500 D LifecycleMonitor: running callback: androidx.test.core.app.ActivityScenario$1@e529366
02-05 17:40:55.672 15500 15500 V ActivityScenario: Activity lifecycle changed event received but ignored because the intent does not match. startActivityIntent=Intent { act=android.intent.action.MAIN cat=[android.intent.category.LAUNCHER] cmp=com.example.dogglers/.GridListActivity }, activity.getIntent()=Intent { act=android.intent.action.MAIN cat=[android.intent.category.LAUNCHER] flg=0x10000000 cmp=com.example.dogglers/androidx.test.core.app.InstrumentationActivityInvoker$EmptyActivity }, activity=androidx.test.core.app.InstrumentationActivityInvoker$EmptyActivity@2d14275
02-05 17:40:55.672 15500 15500 D LifecycleMonitor: callback completes: androidx.test.core.app.ActivityScenario$1@e529366
02-05 17:40:55.673   789   789 I Layer   : id=79773[1] Destroyed Surface(name=4136182 Splash Screen com.example.dogglers)/@0x26b2f32 - animation-leash#0
02-05 17:40:55.673   789   789 I Layer   : id=79760[1] Destroyed 4136182 Splash Screen com.example.dogglers#0
02-05 17:40:55.673  1680  1680 D SecStatusBarMobileView: setStaticDrawableColor:
02-05 17:40:55.674  1163  1235 I InputDispatcher: Focus left window (15500): b6d5dad in display 0 0
02-05 17:40:55.675   789   789 I Layer   : id=79761[1] Destroyed Splash Screen com.example.dogglers#0
02-05 17:40:55.675  1163  1235 D InputTransport: Input channel constructed: 'd980a87', fd=857
02-05 17:40:55.675  1163  1235 D InputTransport: Input channel constructed: 'd980a87', fd=860
02-05 17:40:55.675   789   834 I SurfaceFlinger: id=79780 createSurf (0x0),-1 flag=80004, d980a87 com.example.dogglers/androidx.test.core.app.InstrumentationActivityInvoker$EmptyActivity#0
02-05 17:40:55.676  1163  1235 D WindowManager: isScreenshotDisabledLocked - win: Window{d980a87 u0 com.example.dogglers/androidx.test.core.app.InstrumentationActivityInvoker$EmptyActivity}
02-05 17:40:55.676  1163  1235 D WindowManager: isScreenshotDisabledLocked: userId = 0, disabled =false
02-05 17:40:55.676  1163  1235 D InputTransport: Input channel destroyed: 'd980a87', fd=860
02-05 17:40:55.676 15500 15500 D InputTransport: Input channel constructed: 'd980a87', fd=99
02-05 17:40:55.677   789   789 D SurfaceFlinger: Display 21442653864348033 HWC layers:
02-05 17:40:55.677   789   789 D SurfaceFlinger:      DEVICE | 0x7428c3e940 | 0002 | RGBA_8888    |    0.0    0.0 1080.0 2400.0 |    0    0 1080 2400 | com.example.dogglers/com.example.dogglers.GridListActivity$_15500#0
02-05 17:40:55.677   789   789 D SurfaceFlinger:      DEVICE | 0x7428c3fac0 | 0000 | RGBA_8888    |    0.0    0.0 1080.0   88.0 |    0    0 1080   88 | StatusBar$_1680#0
02-05 17:40:55.677   789   789 D SurfaceFlinger:      DEVICE | 0x7428c3f200 | 0000 | RGBA_8888    |    0.0    0.0 1080.0  144.0 |    0 2256 1080 2400 | NavigationBar0$_1680#0
02-05 17:40:55.677   789   789 D SurfaceFlinger:      DEVICE | 0x7408191180 | 0000 | RGBA_8888    |    0.0    0.0 1080.0  125.0 |    0    0 1080  125 | ScreenDecorOverlay$_1680#0
02-05 17:40:55.677   789   789 D SurfaceFlinger:      DEVICE | 0x7428c3f480 | 0000 | RGBA_8888    |    0.0    0.0 1080.0  112.0 |    0 2288 1080 2400 | ScreenDecorOverlayBottom$_1680#0
02-05 17:40:55.677   789   789 D SurfaceFlinger:
02-05 17:40:55.677 15500 15500 I ViewRootImpl@6cd54d6[InstrumentationActivityInvoker$EmptyActivity]: setView = com.android.internal.policy.DecorView@5b4ba7b TM=true
02-05 17:40:55.678 15500 15500 I SurfaceControl: nativeRelease nativeObject s[497483546112]
02-05 17:40:55.678 15500 15500 I SurfaceControl: nativeRelease nativeObject e[497483546112]
02-05 17:40:55.678 15500 15500 I SurfaceControl: nativeRelease nativeObject s[497483550240]
02-05 17:40:55.678 15500 15500 I SurfaceControl: nativeRelease nativeObject e[497483550240]
02-05 17:40:55.678 15500 15500 I SurfaceControl: nativeRelease nativeObject s[497483550048]
02-05 17:40:55.678 15500 15500 I SurfaceControl: nativeRelease nativeObject e[497483550048]
02-05 17:40:55.678   789   835 I SurfaceFlinger: id=79772 Removed Surface(name=b29f82b NavigationBar0)/@0x8634759 - animation-leash#1 (199)
02-05 17:40:55.678   789   835 I SurfaceFlinger: id=79771 Removed Surface(name=8c655e2 StatusBar)/@0x44a9b07 - animation-leash#0 (199)
02-05 17:40:55.678 15500 15500 I SurfaceControl: nativeRelease nativeObject s[497483548800]
02-05 17:40:55.678 15500 15500 I SurfaceControl: nativeRelease nativeObject e[497483548800]
02-05 17:40:55.689   789   789 I Layer   : id=79771[1] Destroyed Surface(name=8c655e2 StatusBar)/@0x44a9b07 - animation-leash#0
02-05 17:40:55.690   789   789 I Layer   : id=79772[1] Destroyed Surface(name=b29f82b NavigationBar0)/@0x8634759 - animation-leash#1
02-05 17:40:55.690  1680  1680 D SecStatusBarMobileView: setStaticDrawableColor:
02-05 17:40:55.691  1163  1235 V WindowManager: Relayout Window{d980a87 u0 com.example.dogglers/androidx.test.core.app.InstrumentationActivityInvoker$EmptyActivity}: viewVisibility=0 req=1080x2400
02-05 17:40:55.692  1163  1235 W WindowManager: lockNow pending, ignore updating lockscreen timeout
02-05 17:40:55.692  1163  1235 D WindowManager: isScreenshotDisabledLocked - win: Window{d980a87 u0 com.example.dogglers/androidx.test.core.app.InstrumentationActivityInvoker$EmptyActivity}
02-05 17:40:55.692  1163  1235 D WindowManager: isScreenshotDisabledLocked: userId = 0, disabled =false
02-05 17:40:55.693   789  1273 I SurfaceFlinger: id=79781 createSurf (1080x2400),1 flag=404, com.example.dogglers/androidx.test.core.app.InstrumentationActivityInvoker$EmptyActivity$_15500#0
02-05 17:40:55.694  1163  1235 I SurfaceControl: nativeRelease nativeObject s[496871097216]
02-05 17:40:55.694  1163  1235 I SurfaceControl: nativeRelease nativeObject e[496871097216]
02-05 17:40:55.694   789   835 I SurfaceFlinger: id=79782 createSurf (0x0),-1 flag=24000, Surface(name=8c655e2 StatusBar)/@0x44a9b07 - animation-leash#1
02-05 17:40:55.695  1163  1235 I SurfaceControl: nativeRelease nativeObject s[496860780480]
02-05 17:40:55.695  1163  1235 I SurfaceControl: nativeRelease nativeObject e[496860780480]
02-05 17:40:55.695   789  1273 I SurfaceFlinger: id=79783 createSurf (0x0),-1 flag=24000, Surface(name=b29f82b NavigationBar0)/@0x8634759 - animation-leash#0
02-05 17:40:55.695  1163  1235 V WindowManager: Relayout hash=d980a87, pid=15500: mAttrs={(0,0)(fillxfill) sim={adjust=pan forwardNavigation} ty=BASE_APPLICATION wanim=0x1030001
02-05 17:40:55.695  1163  1235 V WindowManager:   fl=1810100
02-05 17:40:55.695  1163  1235 V WindowManager:   pfl=12020000
02-05 17:40:55.695  1163  1235 V WindowManager:   fitSides= naviIconColor=0}
02-05 17:40:55.695  1163  1235 I SurfaceControl: nativeRelease nativeObject s[496871097024]
02-05 17:40:55.695  1163  1235 I SurfaceControl: nativeRelease nativeObject e[496871097024]
02-05 17:40:55.696 15500 15500 I SurfaceControl: assignNativeObject: nativeObject = 0 Surface(name=null)/@0x8ca8357 / android.view.SurfaceControl.readFromParcel:1117 android.view.IWindowSession$Stub$Proxy.relayout:1820 android.view.ViewRootImpl.relayoutWindow:9005 android.view.ViewRootImpl.performTraversals:3360 android.view.ViewRootImpl.doTraversal:2618 android.view.ViewRootImpl$TraversalRunnable.run:9971 android.view.Choreographer$CallbackRecord.run:1010 android.view.Choreographer.doCallbacks:809 android.view.Choreographer.doFrame:744 android.view.Choreographer$FrameDisplayEventReceiver.run:995
02-05 17:40:55.697 15500 15500 I ViewRootImpl@6cd54d6[InstrumentationActivityInvoker$EmptyActivity]: Relayout returned: old=(0,0,1080,2400) new=(0,0,1080,2400) req=(1080,2400)0 dur=5 res=0x7 s={true 499198353408} ch=true fn=-1
02-05 17:40:55.697 15500 15565 I mali_winsys: new_window_surface() [1080x2400] return: 0x3000
02-05 17:40:55.698   716   953 D gralloc : [mali_gralloc_allocate] begin
02-05 17:40:55.698   716   953 D gralloc : buffer_descriptor: wh(1080 2400) usage_pc(0x40000000000b00 0x40000000000b00) hal_format(0x1) layer_count(1) sizes(0 0 0) strde(0) byte_stride(0) alloc_wh(0 0) internal_format(0x0) alloc_format(0x0) fd_count(1) plane_count(0)
02-05 17:40:55.698 15500 15500 I ViewRootImpl@6cd54d6[InstrumentationActivityInvoker$EmptyActivity]: [DP] dp(1) 1 android.view.ViewRootImpl.reportNextDraw:10957 android.view.ViewRootImpl.performTraversals:3845 android.view.ViewRootImpl.doTraversal:2618
02-05 17:40:55.698 15500 15500 I ViewRootImpl@6cd54d6[InstrumentationActivityInvoker$EmptyActivity]: [DP] pd() Asnyc report
02-05 17:40:55.699   716   953 D gralloc : [mali_gralloc_allocate] allocation successful
02-05 17:40:55.701   716   953 D gralloc : [mali_gralloc_allocate] begin
02-05 17:40:55.701   716   953 D gralloc : buffer_descriptor: wh(1080 2400) usage_pc(0x40000000000b00 0x40000000000b00) hal_format(0x1) layer_count(1) sizes(0 0 0) strde(0) byte_stride(0) alloc_wh(0 0) internal_format(0x0) alloc_format(0x0) fd_count(1) plane_count(0)
02-05 17:40:55.701 15500 15500 I ViewRootImpl@6cd54d6[InstrumentationActivityInvoker$EmptyActivity]: [DP] pdf(0) 1 android.view.ViewRootImpl.lambda$performDraw$1$ViewRootImpl:4668 android.view.-$$Lambda$ViewRootImpl$DJd0VUYJgsebcnSohO6h8zc_ONI.run:6 android.os.Handler.handleCallback:938
02-05 17:40:55.701 15500 15500 I ViewRootImpl@6cd54d6[InstrumentationActivityInvoker$EmptyActivity]: [DP] rdf()
02-05 17:40:55.702 15500 15500 I ViewRootImpl@ddce2a1[GridListActivity]: MSG_WINDOW_FOCUS_CHANGED 0 1
02-05 17:40:55.702  1163  1240 W WindowManager: lockNow pending, ignore updating lockscreen timeout
02-05 17:40:55.702   716   953 D gralloc : [mali_gralloc_allocate] allocation successful
02-05 17:40:55.703   716   957 D gralloc : [mali_gralloc_allocate] begin
02-05 17:40:55.703   716   957 D gralloc : buffer_descriptor: wh(1080 2400) usage_pc(0x40000000000b00 0x40000000000b00) hal_format(0x1) layer_count(1) sizes(0 0 0) strde(0) byte_stride(0) alloc_wh(0 0) internal_format(0x0) alloc_format(0x0) fd_count(1) plane_count(0)
02-05 17:40:55.703   789   835 I Layer   : id=79778 removeFromCurrentState Surface(name=8c655e2 StatusBar)/@0x44a9b07 - animation-leash#0 (200)
02-05 17:40:55.703   789   835 I Layer   : id=79779 removeFromCurrentState Surface(name=b29f82b NavigationBar0)/@0x8634759 - animation-leash#1 (200)
02-05 17:40:55.704   716   957 D gralloc : [mali_gralloc_allocate] allocation successful
02-05 17:40:55.705  1163  1240 D PkgPredictorService: pkg:com.example.dogglers activity:androidx.test.core.app.InstrumentationActivityInvoker$EmptyActivity thisTime:60
02-05 17:40:55.706  1163  1244 I ActivityTaskManager: Displayed com.example.dogglers/androidx.test.core.app.InstrumentationActivityInvoker$EmptyActivity: +60ms
02-05 17:40:55.706  2669  2669 E pageboostd: Received HALT command code 2
02-05 17:40:55.706  1163  1240 W WindowManager: lockNow pending, ignore updating lockscreen timeout
02-05 17:40:55.706  1680  1680 D SecStatusBarMobileView: setStaticDrawableColor:
02-05 17:40:55.709 15500 15500 I SurfaceControl: nativeRelease nativeObject s[497483549280]
02-05 17:40:55.709 15500 15500 I SurfaceControl: nativeRelease nativeObject e[497483549280]
02-05 17:40:55.709 15500 15500 I SurfaceControl: nativeRelease nativeObject s[497483550432]
02-05 17:40:55.709 15500 15500 I SurfaceControl: nativeRelease nativeObject e[497483550432]
02-05 17:40:55.709  1163  1240 I SemDvfsHyPerManager: acquire hyper - AMS_RESUME_TAIL/1163@22, type = -999
02-05 17:40:55.709 15500 15500 I SurfaceControl: nativeRelease nativeObject s[497483549664]
02-05 17:40:55.709 15500 15500 I SurfaceControl: nativeRelease nativeObject e[497483549664]
02-05 17:40:55.709   789  1273 I SurfaceFlinger: id=79779 Removed Surface(name=b29f82b NavigationBar0)/@0x8634759 - animation-leash#1 (200)
02-05 17:40:55.709   789  1273 I SurfaceFlinger: id=79778 Removed Surface(name=8c655e2 StatusBar)/@0x44a9b07 - animation-leash#0 (200)
02-05 17:40:55.709  1163  1240 I SemDvfsHyPerManager: acquire hyper - AMS_ACT_LAZY/1163@23, type = -999
02-05 17:40:55.709   726   817 I HYPER-HAL: [RequestManager.cpp]acquire(): Acquired ID : 702727  [1163 / 22]    HINT : AMS_RESUME_TAIL    list :
02-05 17:40:55.709   726   817 I HYPER-HAL: [ResourceManager.cpp]updateResource(): [CPUMinFreq] UpdateResource Request ID : 702727    Value : 1844882
02-05 17:40:55.709   726   817 I HYPER-HAL: [RequestManager.cpp]acquire(): Acquired ID : 703914  [1163 / 23]    HINT :      list :
02-05 17:40:55.710   726   817 E HYPER-HAL: [Request.cpp]acquire(): Request:: id : 703914, No Resource to set
02-05 17:40:55.710  1163  1240 W WindowManager: lockNow pending, ignore updating lockscreen timeout
02-05 17:40:55.710   726   817 I HYPER-HAL: [ResourceManager.cpp]removeResource(): [CPUMinFreq] RemoveResource Request ID : 700356
02-05 17:40:55.710   726   817 I HYPER-HAL: [RequestManager.cpp]releaseLocked(): Released ID : 700356
02-05 17:40:55.716  1163  3944 I SemDvfsHyPerManager: acquire hyper - AMS_ACT_START/1163@20, type = -999
02-05 17:40:55.717   726   817 I HYPER-HAL: [RequestManager.cpp]acquire(): Acquired ID : 700356  [1163 / 20]    HINT : AMS_ACT_START    list :
02-05 17:40:55.717   726   817 I HYPER-HAL: [ResourceManager.cpp]updateResource(): [CPUMinFreq] UpdateResource Request ID : 700356    Value : 1930195
02-05 17:40:55.718   789  1273 I SurfaceFlinger: id=79784 createSurf (0x0),-1 flag=80004, ActivityRecord{6a5189b u0 com.example.dogglers/androidx.test.core.app.InstrumentationActivityInvoker$EmptyActivity t12731}#0
02-05 17:40:55.720  1163  3944 W WindowManager: lockNow pending, ignore updating lockscreen timeout
02-05 17:40:55.723   789   789 I Layer   : id=79778[1] Destroyed Surface(name=8c655e2 StatusBar)/@0x44a9b07 - animation-leash#0
02-05 17:40:55.723   789   789 I Layer   : id=79779[1] Destroyed Surface(name=b29f82b NavigationBar0)/@0x8634759 - animation-leash#1
02-05 17:40:55.724 15500 15565 I mali_egl: eglDestroySurface() in
02-05 17:40:55.724  1163  3944 I InputDispatcher: Focus entered window (15500): d980a87 in display 0 0
02-05 17:40:55.725 15500 15565 I mali_winsys: delete_surface() [1080x2400] return
02-05 17:40:55.725 15500 15565 I mali_egl: eglDestroySurface() out
02-05 17:40:55.725   789   834 E BufferQueueProducer: [com.example.dogglers/com.example.dogglers.GridListActivity$_15500#0](id:315000036c5,api:0,p:-1,c:789) disconnect: not connected (req=1)
02-05 17:40:55.725 15500 15565 W libEGL  : EGLNativeWindowType 0x742e421010 disconnect failed
02-05 17:40:55.725  1163  3944 V WindowManager: Relayout Window{b6d5dad u0 com.example.dogglers/com.example.dogglers.GridListActivity}: viewVisibility=8 req=1080x2400
02-05 17:40:55.725  1163  3944 W WindowManager: lockNow pending, ignore updating lockscreen timeout
02-05 17:40:55.726   789   789 D SurfaceFlinger: Display 21442653864348033 HWC layers:
02-05 17:40:55.726   789   789 D SurfaceFlinger:      DEVICE | 0x7428c3f5c0 | 0002 | RGBA_8888    |    0.0    0.0 1080.0 2400.0 |    0    0 1080 2400 | com.example.dogglers/androidx.test.c[...]tivityInvoker$EmptyActivity$_15500#0
02-05 17:40:55.726   789   789 D SurfaceFlinger:      DEVICE | 0x7428c3fac0 | 0000 | RGBA_8888    |    0.0    0.0 1080.0   88.0 |    0    0 1080   88 | StatusBar$_1680#0
02-05 17:40:55.726   789   789 D SurfaceFlinger:      DEVICE | 0x7428c3f200 | 0000 | RGBA_8888    |    0.0    0.0 1080.0  144.0 |    0 2256 1080 2400 | NavigationBar0$_1680#0
02-05 17:40:55.726   789   789 D SurfaceFlinger:      DEVICE | 0x7408191180 | 0000 | RGBA_8888    |    0.0    0.0 1080.0  125.0 |    0    0 1080  125 | ScreenDecorOverlay$_1680#0
02-05 17:40:55.726   789   789 D SurfaceFlinger:      DEVICE | 0x7428c3f480 | 0000 | RGBA_8888    |    0.0    0.0 1080.0  112.0 |    0 2288 1080 2400 | ScreenDecorOverlayBottom$_1680#0
02-05 17:40:55.726   789   789 D SurfaceFlinger:
02-05 17:40:55.726  1163  3944 V WindowManager: Relayout hash=b6d5dad, pid=15500: mAttrs={(0,0)(fillxfill) sim={adjust=resize forwardNavigation} ty=BASE_APPLICATION wanim=0x1030304
02-05 17:40:55.726  1163  3944 V WindowManager:   fl=81810100
02-05 17:40:55.726  1163  3944 V WindowManager:   pfl=12020000
02-05 17:40:55.726  1163  3944 V WindowManager:   fitSides= naviIconColor=0}
02-05 17:40:55.727 15500 15500 I SurfaceControl: nativeRelease nativeObject s[499196695264]
02-05 17:40:55.727 15500 15500 I SurfaceControl: nativeRelease nativeObject e[499196695264]
02-05 17:40:55.727 15500 15500 I SurfaceControl: assignNativeObject: nativeObject = 0 Surface(name=null)/@0xcfc4b2d / android.view.SurfaceControl.readFromParcel:1117 android.view.IWindowSession$Stub$Proxy.relayout:1810 android.view.ViewRootImpl.relayoutWindow:9005 android.view.ViewRootImpl.performTraversals:3360 android.view.ViewRootImpl.doTraversal:2618 android.view.ViewRootImpl$TraversalRunnable.run:9971 android.view.Choreographer$CallbackRecord.run:1010 android.view.Choreographer.doCallbacks:809 android.view.Choreographer.doFrame:744 android.view.Choreographer$FrameDisplayEventReceiver.run:995
02-05 17:40:55.727 15500 15500 I SurfaceControl: assignNativeObject: nativeObject = 0 Surface(name=null)/@0xd9fbcc6 / android.view.SurfaceControl.readFromParcel:1117 android.view.IWindowSession$Stub$Proxy.relayout:1820 android.view.ViewRootImpl.relayoutWindow:9005 android.view.ViewRootImpl.performTraversals:3360 android.view.ViewRootImpl.doTraversal:2618 android.view.ViewRootImpl$TraversalRunnable.run:9971 android.view.Choreographer$CallbackRecord.run:1010 android.view.Choreographer.doCallbacks:809 android.view.Choreographer.doFrame:744 android.view.Choreographer$FrameDisplayEventReceiver.run:995
02-05 17:40:55.727 15500 15500 I SurfaceControl: nativeRelease nativeObject s[499014754112]
02-05 17:40:55.727 15500 15500 I SurfaceControl: nativeRelease nativeObject e[499014754112]
02-05 17:40:55.727 15500 15500 I ViewRootImpl@ddce2a1[GridListActivity]: Relayout returned: old=(0,0,1080,2400) new=(0,0,1080,2400) req=(1080,2400)8 dur=2 res=0x5 s={false 0} ch=true fn=3
02-05 17:40:55.729 15500 15500 D LifecycleMonitor: Lifecycle status change: androidx.test.core.app.InstrumentationActivityInvoker$EmptyActivity@2d14275 in: PAUSED
02-05 17:40:55.729 15500 15500 D LifecycleMonitor: running callback: androidx.test.core.app.ActivityScenario$1@e529366
02-05 17:40:55.729 15500 15500 V ActivityScenario: Activity lifecycle changed event received but ignored because the intent does not match. startActivityIntent=Intent { act=android.intent.action.MAIN cat=[android.intent.category.LAUNCHER] cmp=com.example.dogglers/.GridListActivity }, activity.getIntent()=Intent { act=android.intent.action.MAIN cat=[android.intent.category.LAUNCHER] flg=0x10000000 cmp=com.example.dogglers/androidx.test.core.app.InstrumentationActivityInvoker$EmptyActivity }, activity=androidx.test.core.app.InstrumentationActivityInvoker$EmptyActivity@2d14275
02-05 17:40:55.729 15500 15500 D LifecycleMonitor: callback completes: androidx.test.core.app.ActivityScenario$1@e529366
02-05 17:40:55.731  1163  1801 V WindowOrientationListener: getProposedRotation: 0
02-05 17:40:55.731  1163  1801 V WindowOrientationListener: getProposedRotation: 0
02-05 17:40:55.731  1163  1801 V WindowOrientationListener: getProposedRotation: 0
02-05 17:40:55.732  1163  1801 D InputDispatcher: Focused application set to (0): 6a5189b
02-05 17:40:55.734  1163  1801 W WindowManager: lockNow pending, ignore updating lockscreen timeout
02-05 17:40:55.735 15500 15500 I ViewRootImpl@6cd54d6[InstrumentationActivityInvoker$EmptyActivity]: MSG_WINDOW_FOCUS_CHANGED 1 1
02-05 17:40:55.735 15500 15500 D InputMethodManager: prepareNavigationBarInfo() DecorView@5b4ba7b[InstrumentationActivityInvoker$EmptyActivity]
02-05 17:40:55.735 15500 15500 D InputMethodManager: getNavigationBarColor() -16711423
02-05 17:40:55.735 15500 15500 D InputMethodManager: prepareNavigationBarInfo() DecorView@5b4ba7b[InstrumentationActivityInvoker$EmptyActivity]
02-05 17:40:55.735 15500 15500 D InputMethodManager: getNavigationBarColor() -16711423
02-05 17:40:55.735 15500 15500 V InputMethodManager: Starting input: tba=com.example.dogglers ic=null mNaviBarColor -16711423 mIsGetNaviBarColorSuccess true , NavVisible : true , NavTrans : false
02-05 17:40:55.735 15500 15500 D InputMethodManager: startInputInner - Id : 0
02-05 17:40:55.735 15500 15500 I InputMethodManager: startInputInner - mService.startInputOrWindowGainedFocus
02-05 17:40:55.735  1163  3944 D InputMethodManagerService: mSecureKeypadEnabled = false
02-05 17:40:55.736  1163  3944 V InputMethodManagerService: hideCurrentInputLocked : shouldHideSoftInput is false
02-05 17:40:55.736  1163  3944 D InputMethodManagerService: DESKTOP MODE! : 2
02-05 17:40:55.736  1163  3944 D InputMethodManagerService: NOT IN KNOX DESKTOP MODE!
02-05 17:40:55.736  1163  3944 V InputMethodManagerService: getDisplayIdOfInputMethodWindowToBeAdded : 0
02-05 17:40:55.736  1163  3944 D InputMethodManagerService: checkDisplayOfStartInputAndUpdateKeyboard display Id 0last 0
02-05 17:40:55.736  1163  3944 D InputTransport: Input channel constructed: 'ClientS', fd=860
02-05 17:40:55.736  1163  3944 D InputTransport: Input channel destroyed: 'ClientS', fd=860
02-05 17:40:55.736 15500 15500 D InputTransport: Input channel constructed: 'ClientS', fd=98
02-05 17:40:55.736 15500 15500 D InputTransport: Input channel destroyed: 'ClientS', fd=97
02-05 17:40:55.736  1163  1801 I SurfaceControl: nativeRelease nativeObject s[499183202528]
02-05 17:40:55.736  1163  1801 I SurfaceControl: nativeRelease nativeObject e[499183202528]
02-05 17:40:55.737   789  2265 I SurfaceFlinger: id=79785 createSurf (0x0),-1 flag=24004, Surface(name=dbf3b45 InputMethod)/@0xf70bba8 - animation-leash#0
02-05 17:40:55.738  3640  3640 I GoogleInputMethodService: GoogleInputMethodService.onFinishInput():3316
02-05 17:40:55.739  3640  3640 I GoogleInputMethodService: GoogleInputMethodService.updateDeviceLockedStatus():2181 checkRepeatedly = false, unlocked = true
02-05 17:40:55.739 15500 15500 D LifecycleMonitor: Lifecycle status change: androidx.test.core.app.InstrumentationActivityInvoker$EmptyActivity@909fdf3 in: PRE_ON_CREATE
02-05 17:40:55.739 15500 15500 D LifecycleMonitor: running callback: androidx.test.core.app.ActivityScenario$1@e529366
02-05 17:40:55.739  3640  3640 D InputMethodService: checkDisplayOfStartInputAndUpdateKeyboard display Id 0last 0
02-05 17:40:55.740 15500 15500 V ActivityScenario: Activity lifecycle changed event received but ignored because the intent does not match. startActivityIntent=Intent { act=android.intent.action.MAIN cat=[android.intent.category.LAUNCHER] cmp=com.example.dogglers/.GridListActivity }, activity.getIntent()=Intent { act=android.intent.action.MAIN cat=[android.intent.category.LAUNCHER] flg=0x10000000 cmp=com.example.dogglers/androidx.test.core.app.InstrumentationActivityInvoker$EmptyActivity }, activity=androidx.test.core.app.InstrumentationActivityInvoker$EmptyActivity@909fdf3
02-05 17:40:55.740 15500 15500 D LifecycleMonitor: callback completes: androidx.test.core.app.ActivityScenario$1@e529366
02-05 17:40:55.740  3640  3640 I GoogleInputMethodService: GoogleInputMethodService.onStartInput():1989
02-05 17:40:55.741   789   834 I Layer   : id=79774 removeFromCurrentState Surface(name=dbf3b45 InputMethod)/@0xf70bba8 - animation-leash#1 (200)
02-05 17:40:55.742  3640  3640 I GoogleInputMethodService: GoogleInputMethodService.updateDeviceLockedStatus():2181 checkRepeatedly = true, unlocked = true
02-05 17:40:55.744 15677 15698 I .android.sclou: Waiting for a blocking GC ProfileSaver
02-05 17:40:55.744 15500 15500 I DecorView: [INFO] isPopOver=false, config=true
02-05 17:40:55.744 15500 15500 I DecorView: updateCaptionType >> DecorView@57f6d29[], isFloating=false, isApplication=true, hasWindowDecorCaption=false, hasWindowControllerCallback=true
02-05 17:40:55.744 15500 15500 D DecorView: setCaptionType = 0, this = DecorView@57f6d29[]
02-05 17:40:55.746 15500 15500 D LifecycleMonitor: Lifecycle status change: androidx.test.core.app.InstrumentationActivityInvoker$EmptyActivity@909fdf3 in: CREATED
02-05 17:40:55.746 15500 15500 D LifecycleMonitor: running callback: androidx.test.core.app.ActivityScenario$1@e529366
02-05 17:40:55.746 15500 15500 V ActivityScenario: Activity lifecycle changed event received but ignored because the intent does not match. startActivityIntent=Intent { act=android.intent.action.MAIN cat=[android.intent.category.LAUNCHER] cmp=com.example.dogglers/.GridListActivity }, activity.getIntent()=Intent { act=android.intent.action.MAIN cat=[android.intent.category.LAUNCHER] flg=0x10000000 cmp=com.example.dogglers/androidx.test.core.app.InstrumentationActivityInvoker$EmptyActivity }, activity=androidx.test.core.app.InstrumentationActivityInvoker$EmptyActivity@909fdf3
02-05 17:40:55.746 15500 15500 D LifecycleMonitor: callback completes: androidx.test.core.app.ActivityScenario$1@e529366
02-05 17:40:55.747 15500 15500 D LifecycleMonitor: Lifecycle status change: androidx.test.core.app.InstrumentationActivityInvoker$EmptyActivity@909fdf3 in: STARTED
02-05 17:40:55.747 15500 15500 D LifecycleMonitor: running callback: androidx.test.core.app.ActivityScenario$1@e529366
02-05 17:40:55.747 15500 15500 V ActivityScenario: Activity lifecycle changed event received but ignored because the intent does not match. startActivityIntent=Intent { act=android.intent.action.MAIN cat=[android.intent.category.LAUNCHER] cmp=com.example.dogglers/.GridListActivity }, activity.getIntent()=Intent { act=android.intent.action.MAIN cat=[android.intent.category.LAUNCHER] flg=0x10000000 cmp=com.example.dogglers/androidx.test.core.app.InstrumentationActivityInvoker$EmptyActivity }, activity=androidx.test.core.app.InstrumentationActivityInvoker$EmptyActivity@909fdf3
02-05 17:40:55.747 15500 15500 D LifecycleMonitor: callback completes: androidx.test.core.app.ActivityScenario$1@e529366
02-05 17:40:55.748 15500 15500 D LifecycleMonitor: Lifecycle status change: androidx.test.core.app.InstrumentationActivityInvoker$EmptyActivity@909fdf3 in: RESUMED
02-05 17:40:55.748 15500 15500 D LifecycleMonitor: running callback: androidx.test.core.app.ActivityScenario$1@e529366
02-05 17:40:55.748 15500 15500 V ActivityScenario: Activity lifecycle changed event received but ignored because the intent does not match. startActivityIntent=Intent { act=android.intent.action.MAIN cat=[android.intent.category.LAUNCHER] cmp=com.example.dogglers/.GridListActivity }, activity.getIntent()=Intent { act=android.intent.action.MAIN cat=[android.intent.category.LAUNCHER] flg=0x10000000 cmp=com.example.dogglers/androidx.test.core.app.InstrumentationActivityInvoker$EmptyActivity }, activity=androidx.test.core.app.InstrumentationActivityInvoker$EmptyActivity@909fdf3
02-05 17:40:55.748 15500 15500 D LifecycleMonitor: callback completes: androidx.test.core.app.ActivityScenario$1@e529366
02-05 17:40:55.750  1163  2104 D InputTransport: Input channel constructed: 'b6f37c ', fd=860
02-05 17:40:55.750  1163  2104 D InputTransport: Input channel constructed: 'b6f37c ', fd=888
02-05 17:40:55.750   789   834 I SurfaceFlinger: id=79786 createSurf (0x0),-1 flag=80004, b6f37c com.example.dogglers/androidx.test.core.app.InstrumentationActivityInvoker$EmptyActivity#0
02-05 17:40:55.751  1163  2104 D WindowManager: isScreenshotDisabledLocked - win: Window{b6f37c u0 com.example.dogglers/androidx.test.core.app.InstrumentationActivityInvoker$EmptyActivity}
02-05 17:40:55.751  1163  2104 D WindowManager: isScreenshotDisabledLocked: userId = 0, disabled =false
02-05 17:40:55.751  1163  2104 D InputTransport: Input channel destroyed: 'b6f37c ', fd=888
02-05 17:40:55.751 15500 15500 D InputTransport: Input channel constructed: 'b6f37c ', fd=97
02-05 17:40:55.752 15500 15500 I ViewRootImpl@b4b71dc[InstrumentationActivityInvoker$EmptyActivity]: setView = com.android.internal.policy.DecorView@57f6d29 TM=true
02-05 17:40:55.753 15500 15500 I ViewRootImpl@ddce2a1[GridListActivity]: stopped(true) old=false
02-05 17:40:55.753 15500 15500 D LifecycleMonitor: Lifecycle status change: com.example.dogglers.GridListActivity@23255f9 in: STOPPED
02-05 17:40:55.753 15500 15500 D LifecycleMonitor: running callback: androidx.test.core.app.ActivityScenario$1@e529366
02-05 17:40:55.753 15500 15500 V ActivityScenario: Update currentActivityStage to STOPPED, currentActivity=com.example.dogglers.GridListActivity@23255f9
02-05 17:40:55.753 15500 15500 D LifecycleMonitor: callback completes: androidx.test.core.app.ActivityScenario$1@e529366
02-05 17:40:55.756 15677 15698 I .android.sclou: WaitForGcToComplete blocked ProfileSaver on ClassLinker for 12.220ms
02-05 17:40:55.758  1163  2104 I InputDispatcher: Focus left window (15500): d980a87 in display 0 0
02-05 17:40:55.762 15500 15500 D LifecycleMonitor: Lifecycle status change: com.example.dogglers.GridListActivity@23255f9 in: DESTROYED
02-05 17:40:55.762 15500 15500 D LifecycleMonitor: running callback: androidx.test.core.app.ActivityScenario$1@e529366
02-05 17:40:55.762 15500 15500 V ActivityScenario: Update currentActivityStage to DESTROYED, currentActivity=null
02-05 17:40:55.762 15500 15500 D LifecycleMonitor: callback completes: androidx.test.core.app.ActivityScenario$1@e529366
02-05 17:40:55.763 15500 15500 I ViewRootImpl@ddce2a1[GridListActivity]: dispatchDetachedFromWindow
02-05 17:40:55.763  1163  2104 D InputTransport: Input channel destroyed: 'b6d5dad', fd=887
02-05 17:40:55.763  1163  2104 I SurfaceControl: nativeRelease nativeObject s[496867019840]
02-05 17:40:55.763  1163  2104 I SurfaceControl: nativeRelease nativeObject e[496867019840]
02-05 17:40:55.763  1163  2104 D WindowManager: isScreenshotDisabledLocked - win: Window{b6d5dad u0 com.example.dogglers/com.example.dogglers.GridListActivity}
02-05 17:40:55.763  1163  2104 D WindowManager: isScreenshotDisabledLocked: userId = 0, disabled =false
02-05 17:40:55.763  1163  2104 I SurfaceControl: nativeRelease nativeObject s[496871102304]
02-05 17:40:55.764  1163  2104 I SurfaceControl: nativeRelease nativeObject e[496871102304]
02-05 17:40:55.764   789   834 I Layer   : id=79770 removeFromCurrentState com.example.dogglers/com.example.dogglers.GridListActivity$_15500#0 (201)
02-05 17:40:55.764  1163  2104 W WindowManager: lockNow pending, ignore updating lockscreen timeout
02-05 17:40:55.765   789  1273 I Layer   : id=79769 removeFromCurrentState b6d5dad com.example.dogglers/com.example.dogglers.GridListActivity#0 (201)
02-05 17:40:55.765   789   834 I SurfaceFlinger: id=79770 Removed com.example.dogglers/com.example.dogglers.GridListActivity$_15500#0 (201)
02-05 17:40:55.765   789   834 I SurfaceFlinger: id=79769 Removed b6d5dad com.example.dogglers/com.example.dogglers.GridListActivity#0 (201)
02-05 17:40:55.765 15500 15500 D InputTransport: Input channel destroyed: 'b6d5dad', fd=90
02-05 17:40:55.765 15677 15689 I .android.sclou: WaitForGcToComplete blocked RunEmptyCheckpoint on ProfileSaver for 8.577ms
02-05 17:40:55.766 15500 15500 I SurfaceControl: nativeRelease nativeObject s[499196695264]
02-05 17:40:55.766 15500 15500 I SurfaceControl: nativeRelease nativeObject e[499196695264]
02-05 17:40:55.766  1163  2104 I SurfaceControl: nativeRelease nativeObject s[499038039200]
02-05 17:40:55.766  1163  2104 I SurfaceControl: nativeRelease nativeObject e[499038039200]
02-05 17:40:55.766  1163  1801 D SamsungIMMSHWKeyboard: isConnectedDexOnPC false
02-05 17:40:55.766 15500 15500 I SurfaceControl: nativeRelease nativeObject s[497483550624]
02-05 17:40:55.766 15500 15500 I SurfaceControl: nativeRelease nativeObject e[497483550624]
02-05 17:40:55.766 15500 15500 I SurfaceControl: nativeRelease nativeObject s[497483550528]
02-05 17:40:55.766 15500 15500 I SurfaceControl: nativeRelease nativeObject e[497483550528]
02-05 17:40:55.768  1163  1801 D InputMethodManagerService: isImeSwitcherDisabledPackage : false
02-05 17:40:55.768  1163  1240 W WindowManager: lockNow pending, ignore updating lockscreen timeout
02-05 17:40:55.769   789   834 I Layer   : id=79764 removeFromCurrentState ActivityRecord{c362b3d u0 com.example.dogglers/.GridListActivity t12731}#0 (201)
02-05 17:40:55.769   789   834 I SurfaceFlinger: id=79764 Removed ActivityRecord{c362b3d u0 com.example.dogglers/.GridListActivity t12731}#0 (201)
02-05 17:40:55.769  1163  1801 V WindowManager: Relayout Window{b6f37c u0 com.example.dogglers/androidx.test.core.app.InstrumentationActivityInvoker$EmptyActivity}: viewVisibility=0 req=1080x2400
02-05 17:40:55.770  1163  1801 W WindowManager: lockNow pending, ignore updating lockscreen timeout
02-05 17:40:55.770  1163  1801 D WindowManager: isScreenshotDisabledLocked - win: Window{b6f37c u0 com.example.dogglers/androidx.test.core.app.InstrumentationActivityInvoker$EmptyActivity}
