02-05 17:40:59.104   789  1273 I Layer   : id=79930 removeFromCurrentState Surface(name=8c655e2 StatusBar)/@0x44a9b07 - animation-leash#1 (208)
02-05 17:40:59.104   789  1273 I Layer   : id=79931 removeFromCurrentState Surface(name=b29f82b NavigationBar0)/@0x8634759 - animation-leash#0 (208)
02-05 17:40:59.105  1163  1240 D PkgPredictorService: pkg:com.example.dogglers activity:androidx.test.core.app.InstrumentationActivityInvoker$EmptyActivity thisTime:59
02-05 17:40:59.106  1163  1240 I SemDvfsHyPerManager: acquire hyper - AMS_RESUME_TAIL/1163@22, type = -999
02-05 17:40:59.106  1163  1244 I ActivityTaskManager: Displayed com.example.dogglers/androidx.test.core.app.InstrumentationActivityInvoker$EmptyActivity: +59ms
02-05 17:40:59.106  1163  1240 I SemDvfsHyPerManager: acquire hyper - AMS_ACT_LAZY/1163@23, type = -999
02-05 17:40:59.107   726   817 I HYPER-HAL: [RequestManager.cpp]acquire(): Acquired ID : 702727  [1163 / 22]    HINT : AMS_RESUME_TAIL    list :
02-05 17:40:59.107   726   817 I HYPER-HAL: [ResourceManager.cpp]updateResource(): [CPUMinFreq] UpdateResource Request ID : 702727    Value : 1844882
02-05 17:40:59.107   726   817 I HYPER-HAL: [RequestManager.cpp]acquire(): Acquired ID : 703914  [1163 / 23]    HINT :      list :
02-05 17:40:59.107   726   817 E HYPER-HAL: [Request.cpp]acquire(): Request:: id : 703914, No Resource to set
02-05 17:40:59.107  2669  2669 E pageboostd: Received HALT command code 2
02-05 17:40:59.107   726   817 I HYPER-HAL: [ResourceManager.cpp]removeResource(): [CPUMinFreq] RemoveResource Request ID : 700356
02-05 17:40:59.107   726   817 I HYPER-HAL: [RequestManager.cpp]releaseLocked(): Released ID : 700356
02-05 17:40:59.108  1163  1240 W WindowManager: lockNow pending, ignore updating lockscreen timeout
02-05 17:40:59.109 15500 15500 I SurfaceControl: nativeRelease nativeObject s[499196690848]
02-05 17:40:59.109 15500 15500 I SurfaceControl: nativeRelease nativeObject e[499196690848]
02-05 17:40:59.109 15500 15500 I SurfaceControl: nativeRelease nativeObject s[499196690752]
02-05 17:40:59.109 15500 15500 I SurfaceControl: nativeRelease nativeObject e[499196690752]
02-05 17:40:59.109   789   835 I SurfaceFlinger: id=79931 Removed Surface(name=b29f82b NavigationBar0)/@0x8634759 - animation-leash#0 (208)
02-05 17:40:59.109   789   835 I SurfaceFlinger: id=79930 Removed Surface(name=8c655e2 StatusBar)/@0x44a9b07 - animation-leash#1 (208)
02-05 17:40:59.112  1163  1240 W WindowManager: lockNow pending, ignore updating lockscreen timeout
02-05 17:40:59.125 15500 15565 I mali_egl: eglDestroySurface() in
02-05 17:40:59.125   789   789 I Layer   : id=79930[1] Destroyed Surface(name=8c655e2 StatusBar)/@0x44a9b07 - animation-leash#1
02-05 17:40:59.125   789   789 I Layer   : id=79931[1] Destroyed Surface(name=b29f82b NavigationBar0)/@0x8634759 - animation-leash#0
02-05 17:40:59.125 15500 15565 I mali_winsys: delete_surface() [1080x2400] return
02-05 17:40:59.125 15500 15565 I mali_egl: eglDestroySurface() out
02-05 17:40:59.126   789   834 E BufferQueueProducer: [com.example.dogglers/androidx.test.core.app.InstrumentationActivityInvoker$EmptyActivity$_15500#0](id:315000036d9,api:0,p:-1,c:789) disconnect: not connected (req=1)
02-05 17:40:59.126 15500 15565 W libEGL  : EGLNativeWindowType 0x73d8179010 disconnect failed
02-05 17:40:59.126  1163  2104 V WindowManager: Relayout Window{758fc63 u0 com.example.dogglers/androidx.test.core.app.InstrumentationActivityInvoker$EmptyActivity}: viewVisibility=8 req=1080x2400
02-05 17:40:59.126  1163  1235 I InputDispatcher: Focus entered window (15500): 2b36acb in display 0 0
02-05 17:40:59.126  1163  2104 W WindowManager: lockNow pending, ignore updating lockscreen timeout
02-05 17:40:59.127  1163  2104 V WindowManager: Relayout hash=758fc63, pid=15500: mAttrs={(0,0)(fillxfill) sim={adjust=pan forwardNavigation} ty=BASE_APPLICATION wanim=0x1030001
02-05 17:40:59.127  1163  2104 V WindowManager:   fl=1810100
02-05 17:40:59.127  1163  2104 V WindowManager:   pfl=12020000
02-05 17:40:59.127  1163  2104 V WindowManager:   fitSides= naviIconColor=0}
02-05 17:40:59.127 15500 15500 I SurfaceControl: nativeRelease nativeObject s[497477721280]
02-05 17:40:59.127 15500 15500 I SurfaceControl: nativeRelease nativeObject e[497477721280]
02-05 17:40:59.128 15500 15500 I SurfaceControl: assignNativeObject: nativeObject = 0 Surface(name=null)/@0x1bdf9fc / android.view.SurfaceControl.readFromParcel:1117 android.view.IWindowSession$Stub$Proxy.relayout:1810 android.view.ViewRootImpl.relayoutWindow:9005 android.view.ViewRootImpl.performTraversals:3360 android.view.ViewRootImpl.doTraversal:2618 android.view.ViewRootImpl$TraversalRunnable.run:9971 android.view.Choreographer$CallbackRecord.run:1010 android.view.Choreographer.doCallbacks:809 android.view.Choreographer.doFrame:744 android.view.Choreographer$FrameDisplayEventReceiver.run:995
02-05 17:40:59.128 15500 15500 I SurfaceControl: assignNativeObject: nativeObject = 0 Surface(name=null)/@0x713911b / android.view.SurfaceControl.readFromParcel:1117 android.view.IWindowSession$Stub$Proxy.relayout:1820 android.view.ViewRootImpl.relayoutWindow:9005 android.view.ViewRootImpl.performTraversals:3360 android.view.ViewRootImpl.doTraversal:2618 android.view.ViewRootImpl$TraversalRunnable.run:9971 android.view.Choreographer$CallbackRecord.run:1010 android.view.Choreographer.doCallbacks:809 android.view.Choreographer.doFrame:744 android.view.Choreographer$FrameDisplayEventReceiver.run:995
02-05 17:40:59.128 15500 15500 I ViewRootImpl@3e6af2a[InstrumentationActivityInvoker$EmptyActivity]: Relayout returned: old=(0,0,1080,2400) new=(0,0,1080,2400) req=(1080,2400)8 dur=2 res=0x5 s={false 0} ch=true fn=2
02-05 17:40:59.129   789   789 D SurfaceFlinger: Display 21442653864348033 HWC layers:
02-05 17:40:59.129   789   789 D SurfaceFlinger:      DEVICE | 0x74084fe300 | 0002 | RGBA_8888    |    0.0    0.0 1080.0 2400.0 |    0    0 1080 2400 | com.example.dogglers/androidx.test.c[...]tivityInvoker$EmptyActivity$_15500#1
02-05 17:40:59.129   789   789 D SurfaceFlinger:      DEVICE | 0x7428c3fac0 | 0000 | RGBA_8888    |    0.0    0.0 1080.0   88.0 |    0    0 1080   88 | StatusBar$_1680#0
02-05 17:40:59.129   789   789 D SurfaceFlinger:      DEVICE | 0x7428c3f200 | 0000 | RGBA_8888    |    0.0    0.0 1080.0  144.0 |    0 2256 1080 2400 | NavigationBar0$_1680#0
02-05 17:40:59.129   789   789 D SurfaceFlinger:      DEVICE | 0x7408191180 | 0000 | RGBA_8888    |    0.0    0.0 1080.0  125.0 |    0    0 1080  125 | ScreenDecorOverlay$_1680#0
02-05 17:40:59.129   789   789 D SurfaceFlinger:      DEVICE | 0x7428c3f480 | 0000 | RGBA_8888    |    0.0    0.0 1080.0  112.0 |    0 2288 1080 2400 | ScreenDecorOverlayBottom$_1680#0
02-05 17:40:59.129   789   789 D SurfaceFlinger:
02-05 17:40:59.130  1163  1235 D InputDispatcher: Focused application set to (0): 1dafdd4
02-05 17:40:59.131  1163  1235 W WindowManager: lockNow pending, ignore updating lockscreen timeout
02-05 17:40:59.132 15500 15500 I ViewRootImpl@f0a2bce[InstrumentationActivityInvoker$EmptyActivity]: MSG_WINDOW_FOCUS_CHANGED 1 1
02-05 17:40:59.133 15500 15500 D InputMethodManager: prepareNavigationBarInfo() DecorView@b590893[InstrumentationActivityInvoker$EmptyActivity]
02-05 17:40:59.133 15500 15500 D InputMethodManager: getNavigationBarColor() -16711423
02-05 17:40:59.133 15500 15500 D InputMethodManager: prepareNavigationBarInfo() DecorView@b590893[InstrumentationActivityInvoker$EmptyActivity]
02-05 17:40:59.133 15500 15500 D InputMethodManager: getNavigationBarColor() -16711423
02-05 17:40:59.133 15500 15500 V InputMethodManager: Starting input: tba=com.example.dogglers ic=null mNaviBarColor -16711423 mIsGetNaviBarColorSuccess true , NavVisible : true , NavTrans : false
02-05 17:40:59.133 15500 15500 D InputMethodManager: startInputInner - Id : 0
02-05 17:40:59.133 15500 15500 I InputMethodManager: startInputInner - mService.startInputOrWindowGainedFocus
02-05 17:40:59.133  1163  3935 D InputMethodManagerService: mSecureKeypadEnabled = false
02-05 17:40:59.133  1163  3935 V InputMethodManagerService: hideCurrentInputLocked : shouldHideSoftInput is false
02-05 17:40:59.133  1163  3935 D InputMethodManagerService: DESKTOP MODE! : 2
02-05 17:40:59.133  1163  3935 D InputMethodManagerService: NOT IN KNOX DESKTOP MODE!
02-05 17:40:59.133  1163  3935 V InputMethodManagerService: getDisplayIdOfInputMethodWindowToBeAdded : 0
02-05 17:40:59.134  1163  3935 D InputMethodManagerService: checkDisplayOfStartInputAndUpdateKeyboard display Id 0last 0
02-05 17:40:59.134  1163  3935 D InputTransport: Input channel constructed: 'ClientS', fd=887
02-05 17:40:59.134  1163  3935 D InputTransport: Input channel destroyed: 'ClientS', fd=887
02-05 17:40:59.134 15500 15500 D InputTransport: Input channel constructed: 'ClientS', fd=98
02-05 17:40:59.134 15500 15500 D InputTransport: Input channel destroyed: 'ClientS', fd=97
02-05 17:40:59.134 15500 15500 I ViewRootImpl@3e6af2a[InstrumentationActivityInvoker$EmptyActivity]: stopped(true) old=false
02-05 17:40:59.134 15500 15500 D LifecycleMonitor: Lifecycle status change: androidx.test.core.app.InstrumentationActivityInvoker$EmptyActivity@aa69759 in: STOPPED
02-05 17:40:59.134 15500 15500 D LifecycleMonitor: running callback: androidx.test.core.app.ActivityScenario$1@a67b241
02-05 17:40:59.134 15500 15500 V ActivityScenario: Activity lifecycle changed event received but ignored because the intent does not match. startActivityIntent=Intent { act=android.intent.action.MAIN cat=[android.intent.category.LAUNCHER] cmp=com.example.dogglers/.HorizontalListActivity }, activity.getIntent()=Intent { act=android.intent.action.MAIN cat=[android.intent.category.LAUNCHER] flg=0x10000000 cmp=com.example.dogglers/androidx.test.core.app.InstrumentationActivityInvoker$EmptyActivity }, activity=androidx.test.core.app.InstrumentationActivityInvoker$EmptyActivity@aa69759
02-05 17:40:59.134 15500 15500 D LifecycleMonitor: callback completes: androidx.test.core.app.ActivityScenario$1@a67b241
02-05 17:40:59.135  1163  3935 I SurfaceControl: nativeRelease nativeObject s[496871104032]
02-05 17:40:59.135  1163  3935 I SurfaceControl: nativeRelease nativeObject e[496871104032]
02-05 17:40:59.135   789   835 I SurfaceFlinger: id=79938 createSurf (0x0),-1 flag=24004, Surface(name=dbf3b45 InputMethod)/@0xf70bba8 - animation-leash#0
02-05 17:40:59.136 15500 15500 D LifecycleMonitor: Lifecycle status change: androidx.test.core.app.InstrumentationActivityInvoker$EmptyActivity@aa69759 in: DESTROYED
02-05 17:40:59.136 15500 15500 D LifecycleMonitor: running callback: androidx.test.core.app.ActivityScenario$1@a67b241
02-05 17:40:59.136 15500 15500 V ActivityScenario: Activity lifecycle changed event received but ignored because the intent does not match. startActivityIntent=Intent { act=android.intent.action.MAIN cat=[android.intent.category.LAUNCHER] cmp=com.example.dogglers/.HorizontalListActivity }, activity.getIntent()=Intent { act=android.intent.action.MAIN cat=[android.intent.category.LAUNCHER] flg=0x10000000 cmp=com.example.dogglers/androidx.test.core.app.InstrumentationActivityInvoker$EmptyActivity }, activity=androidx.test.core.app.InstrumentationActivityInvoker$EmptyActivity@aa69759
02-05 17:40:59.136  3640  3640 I GoogleInputMethodService: GoogleInputMethodService.onFinishInput():3316
02-05 17:40:59.136 15500 15500 D LifecycleMonitor: callback completes: androidx.test.core.app.ActivityScenario$1@a67b241
02-05 17:40:59.137 15500 15500 I ViewRootImpl@3e6af2a[InstrumentationActivityInvoker$EmptyActivity]: dispatchDetachedFromWindow
02-05 17:40:59.137  1163  3935 D InputTransport: Input channel destroyed: '758fc63', fd=857
02-05 17:40:59.137  1163  3935 I SurfaceControl: nativeRelease nativeObject s[496867020608]
02-05 17:40:59.137  1163  3935 I SurfaceControl: nativeRelease nativeObject e[496867020608]
02-05 17:40:59.137  1163  3935 D WindowManager: isScreenshotDisabledLocked - win: Window{758fc63 u0 com.example.dogglers/androidx.test.core.app.InstrumentationActivityInvoker$EmptyActivity}
02-05 17:40:59.137  1163  3935 D WindowManager: isScreenshotDisabledLocked: userId = 0, disabled =false
02-05 17:40:59.137  3640  3640 I GoogleInputMethodService: GoogleInputMethodService.updateDeviceLockedStatus():2181 checkRepeatedly = false, unlocked = true
02-05 17:40:59.137  1163  3935 I SurfaceControl: nativeRelease nativeObject s[496867019552]
02-05 17:40:59.137  1163  3935 I SurfaceControl: nativeRelease nativeObject e[496867019552]
02-05 17:40:59.137  3640  3640 D InputMethodService: checkDisplayOfStartInputAndUpdateKeyboard display Id 0last 0
02-05 17:40:59.137   789   835 I Layer   : id=79929 removeFromCurrentState com.example.dogglers/androidx.test.core.app.InstrumentationActivityInvoker$EmptyActivity$_15500#0 (207)
02-05 17:40:59.137  3640  3640 I GoogleInputMethodService: GoogleInputMethodService.onStartInput():1989
02-05 17:40:59.138  3640  3640 I GoogleInputMethodService: GoogleInputMethodService.updateDeviceLockedStatus():2181 checkRepeatedly = true, unlocked = true
02-05 17:40:59.138  1163  3935 W WindowManager: lockNow pending, ignore updating lockscreen timeout
02-05 17:40:59.139   789  1273 I Layer   : id=79933 removeFromCurrentState Surface(name=dbf3b45 InputMethod)/@0xf70bba8 - animation-leash#1 (207)
02-05 17:40:59.139   789  1273 I Layer   : id=79928 removeFromCurrentState 758fc63 com.example.dogglers/androidx.test.core.app.InstrumentationActivityInvoker$EmptyActivity#0 (207)
02-05 17:40:59.139 15500 15500 D InputTransport: Input channel destroyed: '758fc63', fd=100
02-05 17:40:59.140  1163  1235 I SurfaceControl: nativeRelease nativeObject s[496867019840]
02-05 17:40:59.140  1163  1235 I SurfaceControl: nativeRelease nativeObject e[496867019840]
02-05 17:40:59.140   789  2265 I SurfaceFlinger: id=79929 Removed com.example.dogglers/androidx.test.core.app.InstrumentationActivityInvoker$EmptyActivity$_15500#0 (207)
02-05 17:40:59.140   789   835 I SurfaceFlinger: id=79928 Removed 758fc63 com.example.dogglers/androidx.test.core.app.InstrumentationActivityInvoker$EmptyActivity#0 (207)
02-05 17:40:59.142   789   789 I Layer   : id=79928[1] Destroyed 758fc63 com.example.dogglers/androidx.test.core.app.InstrumentationActivityInvoker$EmptyActivity#0
02-05 17:40:59.142   789   789 I Layer   : id=79929[1] Destroyed com.example.dogglers/androidx.test.core.app.InstrumentationActivityInvoker$EmptyActivity$_15500#0
02-05 17:40:59.143  1163  2104 I InputDispatcher: Focus left window (15500): 2b36acb in display 0 0
02-05 17:40:59.144 15500 15500 D LifecycleMonitor: Lifecycle status change: androidx.test.core.app.InstrumentationActivityInvoker$EmptyActivity@eab6ccd in: PAUSED
02-05 17:40:59.144 15500 15500 D LifecycleMonitor: running callback: androidx.test.core.app.ActivityScenario$1@a67b241
02-05 17:40:59.144 15500 15500 V ActivityScenario: Activity lifecycle changed event received but ignored because the intent does not match. startActivityIntent=Intent { act=android.intent.action.MAIN cat=[android.intent.category.LAUNCHER] cmp=com.example.dogglers/.HorizontalListActivity }, activity.getIntent()=Intent { act=android.intent.action.MAIN cat=[android.intent.category.LAUNCHER] flg=0x10000000 cmp=com.example.dogglers/androidx.test.core.app.InstrumentationActivityInvoker$EmptyActivity }, activity=androidx.test.core.app.InstrumentationActivityInvoker$EmptyActivity@eab6ccd
02-05 17:40:59.144 15500 15500 D LifecycleMonitor: callback completes: androidx.test.core.app.ActivityScenario$1@a67b241
02-05 17:40:59.145   789  2265 I Layer   : id=79923 removeFromCurrentState ActivityRecord{80b76c4 u0 com.example.dogglers/androidx.test.core.app.InstrumentationActivityInvoker$EmptyActivity t12735}#0 (205)
02-05 17:40:59.145   789  2265 I SurfaceFlinger: id=79923 Removed ActivityRecord{80b76c4 u0 com.example.dogglers/androidx.test.core.app.InstrumentationActivityInvoker$EmptyActivity t12735}#0 (205)
02-05 17:40:59.147  1163  1235 I SemDvfsHyPerManager: acquire hyper - AMS_APP_HOME/1163@35, type = -999
02-05 17:40:59.147   726   817 I HYPER-HAL: [RequestManager.cpp]acquire(): Acquired ID : 718236  [1163 / 35]    HINT : AMS_APP_HOME    list :
02-05 17:40:59.147  4183  4183 I SemDvfsHyPerManager: acquire hyper - com.sec.android.sdhms/4183@9, type = -999
02-05 17:40:59.147   726   817 I HYPER-HAL: [ResourceManager.cpp]updateResource(): [CPUMinFreq] UpdateResource Request ID : 718236    Value : 2623359
02-05 17:40:59.147   726   817 I HYPER-HAL: [RequestManager.cpp]acquire(): Acquired ID : 8788537  [4183 / 9]    HINT : APP_START    list :
02-05 17:40:59.148   726   817 I HYPER-HAL: [ResourceManager.cpp]updateResource(): [CPUMaxFreq] UpdateResource Request ID : 8788537    Value : 2730000
02-05 17:40:59.148  1163  1235 V WindowOrientationListener: getProposedRotation: 0
02-05 17:40:59.150  1163  1235 W WindowManager: lockNow pending, ignore updating lockscreen timeout
02-05 17:40:59.152  1163  3944 D SamsungIMMSHWKeyboard: isConnectedDexOnPC false
02-05 17:40:59.152 15500 15500 I SurfaceControl: nativeRelease nativeObject s[497477721952]
02-05 17:40:59.152 15500 15500 I SurfaceControl: nativeRelease nativeObject e[497477721952]
02-05 17:40:59.152 15500 15500 I SurfaceControl: nativeRelease nativeObject s[497477721856]
02-05 17:40:59.152 15500 15500 I SurfaceControl: nativeRelease nativeObject e[497477721856]
02-05 17:40:59.152  1163  3944 D InputMethodManagerService: isImeSwitcherDisabledPackage : false
02-05 17:40:59.152 15500 15500 I ViewRootImpl@f0a2bce[InstrumentationActivityInvoker$EmptyActivity]: MSG_WINDOW_FOCUS_CHANGED 0 1
02-05 17:40:59.152 15500 15559 E TestRunner: failed: recycler_view_item_count(com.example.dogglers.HorizontalListTests)
02-05 17:40:59.152 15500 15559 E TestRunner: ----- begin exception -----
02-05 17:40:59.153 15500 15559 E TestRunner: androidx.test.espresso.base.DefaultFailureHandler$AssertionFailedWithCauseError: RecyclerView item count
02-05 17:40:59.153 15500 15559 E TestRunner: Expected: <6>
02-05 17:40:59.153 15500 15559 E TestRunner:      Got: <0>
02-05 17:40:59.153 15500 15559 E TestRunner:
02-05 17:40:59.153 15500 15559 E TestRunner: 	at dalvik.system.VMStack.getThreadStackTrace(Native Method)
02-05 17:40:59.153 15500 15559 E TestRunner: 	at java.lang.Thread.getStackTrace(Thread.java:1736)
02-05 17:40:59.153 15500 15559 E TestRunner: 	at androidx.test.espresso.base.DefaultFailureHandler.getUserFriendlyError(DefaultFailureHandler.java:16)
02-05 17:40:59.153 15500 15559 E TestRunner: 	at androidx.test.espresso.base.DefaultFailureHandler.handle(DefaultFailureHandler.java:36)
02-05 17:40:59.153 15500 15559 E TestRunner: 	at androidx.test.espresso.ViewInteraction.waitForAndHandleInteractionResults(ViewInteraction.java:103)
02-05 17:40:59.153 15500 15559 E TestRunner: 	at androidx.test.espresso.ViewInteraction.check(ViewInteraction.java:31)
02-05 17:40:59.153 15500 15559 E TestRunner: 	at com.example.dogglers.HorizontalListTests.recycler_view_item_count(HorizontalListTests.kt:61)
02-05 17:40:59.153 15500 15559 E TestRunner: 	at java.lang.reflect.Method.invoke(Native Method)
02-05 17:40:59.153 15500 15559 E TestRunner: 	at org.junit.runners.model.FrameworkMethod$1.runReflectiveCall(FrameworkMethod.java:50)
02-05 17:40:59.153 15500 15559 E TestRunner: 	at org.junit.internal.runners.model.ReflectiveCallable.run(ReflectiveCallable.java:12)
02-05 17:40:59.153 15500 15559 E TestRunner: 	at org.junit.runners.model.FrameworkMethod.invokeExplosively(FrameworkMethod.java:47)
02-05 17:40:59.153 15500 15559 E TestRunner: 	at org.junit.internal.runners.statements.InvokeMethod.evaluate(InvokeMethod.java:17)
02-05 17:40:59.153 15500 15559 E TestRunner: 	at org.junit.rules.ExternalResource$1.evaluate(ExternalResource.java:48)
02-05 17:40:59.153 15500 15559 E TestRunner: 	at org.junit.rules.RunRules.evaluate(RunRules.java:20)
02-05 17:40:59.153 15500 15559 E TestRunner: 	at org.junit.runners.ParentRunner.runLeaf(ParentRunner.java:325)
02-05 17:40:59.153 15500 15559 E TestRunner: 	at org.junit.runners.BlockJUnit4ClassRunner.runChild(BlockJUnit4ClassRunner.java:78)
02-05 17:40:59.153 15500 15559 E TestRunner: 	at org.junit.runners.BlockJUnit4ClassRunner.runChild(BlockJUnit4ClassRunner.java:57)
02-05 17:40:59.153 15500 15559 E TestRunner: 	at org.junit.runners.ParentRunner$3.run(ParentRunner.java:290)
02-05 17:40:59.153 15500 15559 E TestRunner: 	at org.junit.runners.ParentRunner$1.schedule(ParentRunner.java:71)
02-05 17:40:59.153 15500 15559 E TestRunner: 	at org.junit.runners.ParentRunner.runChildren(ParentRunner.java:288)
02-05 17:40:59.153 15500 15559 E TestRunner: 	at org.junit.runners.ParentRunner.access$000(ParentRunner.java:58)
02-05 17:40:59.153 15500 15559 E TestRunner: 	at org.junit.runners.ParentRunner$2.evaluate(ParentRunner.java:268)
02-05 17:40:59.153 15500 15559 E TestRunner: 	at org.junit.runners.ParentRunner.run(ParentRunner.java:363)
02-05 17:40:59.153 15500 15559 E TestRunner: 	at androidx.test.ext.junit.runners.AndroidJUnit4.run(AndroidJUnit4.java:154)
02-05 17:40:59.153 15500 15559 E TestRunner: 	at org.junit.runners.Suite.runChild(Suite.java:128)
02-05 17:40:59.153 15500 15559 E TestRunner: 	at org.junit.runners.Suite.runChild(Suite.java:27)
02-05 17:40:59.153 15500 15559 E TestRunner: 	at org.junit.runners.ParentRunner$3.run(ParentRunner.java:290)
02-05 17:40:59.153 15500 15559 E TestRunner: 	at org.junit.runners.ParentRunner$1.schedule(ParentRunner.java:71)
02-05 17:40:59.153 15500 15559 E TestRunner: 	at org.junit.runners.ParentRunner.runChildren(ParentRunner.java:288)
02-05 17:40:59.153 15500 15559 E TestRunner: 	at org.junit.runners.ParentRunner.access$000(ParentRunner.java:58)
02-05 17:40:59.153 15500 15559 E TestRunner: 	at org.junit.runners.ParentRunner$2.evaluate(ParentRunner.java:268)
02-05 17:40:59.153 15500 15559 E TestRunner: 	at org.junit.runners.ParentRunner.run(ParentRunner.java:363)
02-05 17:40:59.153 15500 15559 E TestRunner: 	at org.junit.runner.JUnitCore.run(JUnitCore.java:137)
02-05 17:40:59.153 15500 15559 E TestRunner: 	at org.junit.runner.JUnitCore.run(JUnitCore.java:115)
02-05 17:40:59.153 15500 15559 E TestRunner: 	at androidx.test.internal.runner.TestExecutor.execute(TestExecutor.java:56)
02-05 17:40:59.153 15500 15559 E TestRunner: 	at androidx.test.runner.AndroidJUnitRunner.onStart(AndroidJUnitRunner.java:395)
02-05 17:40:59.153 15500 15559 E TestRunner: 	at android.app.Instrumentation$InstrumentationThread.run(Instrumentation.java:2218)
02-05 17:40:59.153 15500 15559 E TestRunner: Caused by: junit.framework.AssertionFailedError: RecyclerView item count
02-05 17:40:59.153 15500 15559 E TestRunner: Expected: <6>
02-05 17:40:59.153 15500 15559 E TestRunner:      Got: <0>
02-05 17:40:59.153 15500 15559 E TestRunner:
02-05 17:40:59.153 15500 15559 E TestRunner: 	at androidx.test.espresso.matcher.ViewMatchers.assertThat(ViewMatchers.java:17)
02-05 17:40:59.153 15500 15559 E TestRunner: 	at com.example.dogglers.BaseTest$DrawableMatcher$RecyclerViewAssertion.check(BaseTest.kt:163)
02-05 17:40:59.153 15500 15559 E TestRunner: 	at androidx.test.espresso.ViewInteraction$SingleExecutionViewAssertion.check(ViewInteraction.java:10)
02-05 17:40:59.153 15500 15559 E TestRunner: 	at androidx.test.espresso.ViewInteraction$2.call(ViewInteraction.java:11)
02-05 17:40:59.153 15500 15559 E TestRunner: 	at androidx.test.espresso.ViewInteraction$2.call(ViewInteraction.java:2)
02-05 17:40:59.153 15500 15559 E TestRunner: 	at java.util.concurrent.FutureTask.run(FutureTask.java:266)
02-05 17:40:59.153 15500 15559 E TestRunner: 	at android.os.Handler.handleCallback(Handler.java:938)
02-05 17:40:59.153 15500 15559 E TestRunner: 	at android.os.Handler.dispatchMessage(Handler.java:99)
02-05 17:40:59.153 15500 15559 E TestRunner: 	at android.os.Looper.loop(Looper.java:246)
02-05 17:40:59.153 15500 15559 E TestRunner: 	at android.app.ActivityThread.main(ActivityThread.java:8633)
02-05 17:40:59.153 15500 15559 E TestRunner: 	at java.lang.reflect.Method.invoke(Native Method)
02-05 17:40:59.153 15500 15559 E TestRunner: 	at com.android.internal.os.RuntimeInit$MethodAndArgsCaller.run(RuntimeInit.java:602)
02-05 17:40:59.153 15500 15559 E TestRunner: 	at com.android.internal.os.ZygoteInit.main(ZygoteInit.java:1130)
02-05 17:40:59.153 15500 15559 E TestRunner: ----- end exception -----
02-05 17:40:59.153 15500 15559 I TestRunner: finished: recycler_view_item_count(com.example.dogglers.HorizontalListTests)
