02-05 17:41:04.980 15500 15500 I SurfaceControl: nativeRelease nativeObject e[499014748928]
02-05 17:41:04.980 15500 15500 I SurfaceControl: nativeRelease nativeObject s[499014748640]
02-05 17:41:04.980 15500 15500 I SurfaceControl: nativeRelease nativeObject e[499014748640]
02-05 17:41:04.980 15500 15500 I SurfaceControl: nativeRelease nativeObject s[499014748352]
02-05 17:41:04.980 15500 15500 I SurfaceControl: nativeRelease nativeObject e[499014748352]
02-05 17:41:04.980   789  1273 I SurfaceFlinger: id=80187 Removed Surface(name=b29f82b NavigationBar0)/@0x8634759 - animation-leash#0 (198)
02-05 17:41:04.980   789  1273 I SurfaceFlinger: id=80186 Removed Surface(name=8c655e2 StatusBar)/@0x44a9b07 - animation-leash#1 (198)
02-05 17:41:04.981   789   789 I Layer   : id=80186[1] Destroyed Surface(name=8c655e2 StatusBar)/@0x44a9b07 - animation-leash#1
02-05 17:41:04.981   789   789 I Layer   : id=80187[1] Destroyed Surface(name=b29f82b NavigationBar0)/@0x8634759 - animation-leash#0
02-05 17:41:04.981  1163  3940 I InputDispatcher: Focus entered window (15500): 124254  in display 0 0
02-05 17:41:04.981  1163  1240 W WindowManager: lockNow pending, ignore updating lockscreen timeout
02-05 17:41:04.985   789   789 D SurfaceFlinger: Display 21442653864348033 HWC layers:
02-05 17:41:04.985   789   789 D SurfaceFlinger:      DEVICE | 0x74081903c0 | 0002 | RGBA_8888    |    0.0    0.0 1080.0 2400.0 |    0    0 1080 2400 | com.example.dogglers/androidx.test.c[...]tivityInvoker$EmptyActivity$_15500#1
02-05 17:41:04.985   789   789 D SurfaceFlinger:      DEVICE | 0x7408500740 | 0000 | RGBA_8888    |    0.0    0.0 1080.0   88.0 |    0    0 1080   88 | StatusBar$_1680#0
02-05 17:41:04.985   789   789 D SurfaceFlinger:      DEVICE | 0x7428c3f200 | 0000 | RGBA_8888    |    0.0    0.0 1080.0  144.0 |    0 2256 1080 2400 | NavigationBar0$_1680#0
02-05 17:41:04.985   789   789 D SurfaceFlinger:      DEVICE | 0x7408191180 | 0000 | RGBA_8888    |    0.0    0.0 1080.0  125.0 |    0    0 1080  125 | ScreenDecorOverlay$_1680#0
02-05 17:41:04.985   789   789 D SurfaceFlinger:      DEVICE | 0x7428c3f480 | 0000 | RGBA_8888    |    0.0    0.0 1080.0  112.0 |    0 2288 1080 2400 | ScreenDecorOverlayBottom$_1680#0
02-05 17:41:04.985   789   789 D SurfaceFlinger:
02-05 17:41:04.998 15500 15565 I mali_egl: eglDestroySurface() in
02-05 17:41:04.998 15500 15565 I mali_winsys: delete_surface() [1080x2400] return
02-05 17:41:04.998 15500 15565 I mali_egl: eglDestroySurface() out
02-05 17:41:04.998   789  1273 E BufferQueueProducer: [com.example.dogglers/androidx.test.core.app.InstrumentationActivityInvoker$EmptyActivity$_15500#0](id:315000036fb,api:0,p:-1,c:789) disconnect: not connected (req=1)
02-05 17:41:04.998 15500 15565 W libEGL  : EGLNativeWindowType 0x73c1e32010 disconnect failed
02-05 17:41:04.999  1163  1235 V WindowManager: Relayout Window{75120bf u0 com.example.dogglers/androidx.test.core.app.InstrumentationActivityInvoker$EmptyActivity}: viewVisibility=8 req=1080x2400
02-05 17:41:04.999  1163  1235 W WindowManager: lockNow pending, ignore updating lockscreen timeout
02-05 17:41:05.000  1163  1235 V WindowManager: Relayout hash=75120bf, pid=15500: mAttrs={(0,0)(fillxfill) sim={adjust=pan forwardNavigation} ty=BASE_APPLICATION wanim=0x1030001
02-05 17:41:05.000  1163  1235 V WindowManager:   fl=1810100
02-05 17:41:05.000  1163  1235 V WindowManager:   pfl=12020000
02-05 17:41:05.000  1163  1235 V WindowManager:   fitSides= naviIconColor=0}
02-05 17:41:05.000 15500 15500 I SurfaceControl: nativeRelease nativeObject s[499014700192]
02-05 17:41:05.000 15500 15500 I SurfaceControl: nativeRelease nativeObject e[499014700192]
02-05 17:41:05.000 15500 15500 I SurfaceControl: assignNativeObject: nativeObject = 0 Surface(name=null)/@0x1e23f57 / android.view.SurfaceControl.readFromParcel:1117 android.view.IWindowSession$Stub$Proxy.relayout:1810 android.view.ViewRootImpl.relayoutWindow:9005 android.view.ViewRootImpl.performTraversals:3360 android.view.ViewRootImpl.doTraversal:2618 android.view.ViewRootImpl$TraversalRunnable.run:9971 android.view.Choreographer$CallbackRecord.run:1010 android.view.Choreographer.doCallbacks:809 android.view.Choreographer.doFrame:744 android.view.Choreographer$FrameDisplayEventReceiver.run:995
02-05 17:41:05.000 15500 15500 I SurfaceControl: assignNativeObject: nativeObject = 0 Surface(name=null)/@0xdd95ab2 / android.view.SurfaceControl.readFromParcel:1117 android.view.IWindowSession$Stub$Proxy.relayout:1820 android.view.ViewRootImpl.relayoutWindow:9005 android.view.ViewRootImpl.performTraversals:3360 android.view.ViewRootImpl.doTraversal:2618 android.view.ViewRootImpl$TraversalRunnable.run:9971 android.view.Choreographer$CallbackRecord.run:1010 android.view.Choreographer.doCallbacks:809 android.view.Choreographer.doFrame:744 android.view.Choreographer$FrameDisplayEventReceiver.run:995
02-05 17:41:05.001 15500 15500 I SurfaceControl: nativeRelease nativeObject s[499014749120]
02-05 17:41:05.001 15500 15500 I SurfaceControl: nativeRelease nativeObject e[499014749120]
02-05 17:41:05.001 15500 15500 I ViewRootImpl@1bd4bd[InstrumentationActivityInvoker$EmptyActivity]: Relayout returned: old=(0,0,1080,2400) new=(0,0,1080,2400) req=(1080,2400)8 dur=2 res=0x5 s={false 0} ch=true fn=2
02-05 17:41:05.003  1163  3940 D InputDispatcher: Focused application set to (0): 1dafdd4
02-05 17:41:05.004  1163  3940 W WindowManager: lockNow pending, ignore updating lockscreen timeout
02-05 17:41:05.005 15500 15500 I ViewRootImpl@8aecf1[InstrumentationActivityInvoker$EmptyActivity]: MSG_WINDOW_FOCUS_CHANGED 1 1
02-05 17:41:05.005 15500 15500 D InputMethodManager: prepareNavigationBarInfo() DecorView@5cd8e0a[InstrumentationActivityInvoker$EmptyActivity]
02-05 17:41:05.005 15500 15500 D InputMethodManager: getNavigationBarColor() -16711423
02-05 17:41:05.006 15500 15500 D InputMethodManager: prepareNavigationBarInfo() DecorView@5cd8e0a[InstrumentationActivityInvoker$EmptyActivity]
02-05 17:41:05.006 15500 15500 D InputMethodManager: getNavigationBarColor() -16711423
02-05 17:41:05.006 15500 15500 V InputMethodManager: Starting input: tba=com.example.dogglers ic=null mNaviBarColor -16711423 mIsGetNaviBarColorSuccess true , NavVisible : true , NavTrans : false
02-05 17:41:05.006 15500 15500 D InputMethodManager: startInputInner - Id : 0
02-05 17:41:05.006 15500 15500 I InputMethodManager: startInputInner - mService.startInputOrWindowGainedFocus
02-05 17:41:05.006  1163  3940 D InputMethodManagerService: mSecureKeypadEnabled = false
02-05 17:41:05.006  1163  3940 V InputMethodManagerService: hideCurrentInputLocked : shouldHideSoftInput is false
02-05 17:41:05.006  1163  3940 D InputMethodManagerService: DESKTOP MODE! : 2
02-05 17:41:05.006  1163  3940 D InputMethodManagerService: NOT IN KNOX DESKTOP MODE!
02-05 17:41:05.006  1163  3940 V InputMethodManagerService: getDisplayIdOfInputMethodWindowToBeAdded : 0
02-05 17:41:05.006  1163  3940 D InputMethodManagerService: checkDisplayOfStartInputAndUpdateKeyboard display Id 0last 0
02-05 17:41:05.006  1163  3940 D InputTransport: Input channel constructed: 'ClientS', fd=887
02-05 17:41:05.006  1163  3940 D InputTransport: Input channel destroyed: 'ClientS', fd=887
02-05 17:41:05.007 15500 15500 D InputTransport: Input channel constructed: 'ClientS', fd=97
02-05 17:41:05.007 15500 15500 D InputTransport: Input channel destroyed: 'ClientS', fd=106
02-05 17:41:05.007 15500 15500 I ViewRootImpl@1bd4bd[InstrumentationActivityInvoker$EmptyActivity]: stopped(true) old=false
02-05 17:41:05.007 15500 15500 D LifecycleMonitor: Lifecycle status change: androidx.test.core.app.InstrumentationActivityInvoker$EmptyActivity@344c968 in: STOPPED
02-05 17:41:05.007 15500 15500 D LifecycleMonitor: running callback: androidx.test.core.app.ActivityScenario$1@6efecaf
02-05 17:41:05.007 15500 15500 V ActivityScenario: Activity lifecycle changed event received but ignored because the intent does not match. startActivityIntent=Intent { act=android.intent.action.MAIN cat=[android.intent.category.LAUNCHER] cmp=com.example.dogglers/.VerticalListActivity }, activity.getIntent()=Intent { act=android.intent.action.MAIN cat=[android.intent.category.LAUNCHER] flg=0x10000000 cmp=com.example.dogglers/androidx.test.core.app.InstrumentationActivityInvoker$EmptyActivity }, activity=androidx.test.core.app.InstrumentationActivityInvoker$EmptyActivity@344c968
02-05 17:41:05.007 15500 15500 D LifecycleMonitor: callback completes: androidx.test.core.app.ActivityScenario$1@6efecaf
02-05 17:41:05.008 15500 15500 D LifecycleMonitor: Lifecycle status change: androidx.test.core.app.InstrumentationActivityInvoker$EmptyActivity@344c968 in: DESTROYED
02-05 17:41:05.008 15500 15500 D LifecycleMonitor: running callback: androidx.test.core.app.ActivityScenario$1@6efecaf
02-05 17:41:05.008 15500 15500 V ActivityScenario: Activity lifecycle changed event received but ignored because the intent does not match. startActivityIntent=Intent { act=android.intent.action.MAIN cat=[android.intent.category.LAUNCHER] cmp=com.example.dogglers/.VerticalListActivity }, activity.getIntent()=Intent { act=android.intent.action.MAIN cat=[android.intent.category.LAUNCHER] flg=0x10000000 cmp=com.example.dogglers/androidx.test.core.app.InstrumentationActivityInvoker$EmptyActivity }, activity=androidx.test.core.app.InstrumentationActivityInvoker$EmptyActivity@344c968
02-05 17:41:05.008 15500 15500 D LifecycleMonitor: callback completes: androidx.test.core.app.ActivityScenario$1@6efecaf
02-05 17:41:05.008  1163  1235 I SurfaceControl: nativeRelease nativeObject s[496866862624]
02-05 17:41:05.008 15500 15500 I ViewRootImpl@1bd4bd[InstrumentationActivityInvoker$EmptyActivity]: dispatchDetachedFromWindow
02-05 17:41:05.008  1163  1235 I SurfaceControl: nativeRelease nativeObject e[496866862624]
02-05 17:41:05.009   789  1273 I SurfaceFlinger: id=80194 createSurf (0x0),-1 flag=24004, Surface(name=dbf3b45 InputMethod)/@0xf70bba8 - animation-leash#0
02-05 17:41:05.010  1163  3940 D InputTransport: Input channel destroyed: '75120bf', fd=857
02-05 17:41:05.010  1163  3940 I SurfaceControl: nativeRelease nativeObject s[499038975488]
02-05 17:41:05.010  1163  3940 I SurfaceControl: nativeRelease nativeObject e[499038975488]
02-05 17:41:05.010  1163  3940 D WindowManager: isScreenshotDisabledLocked - win: Window{75120bf u0 com.example.dogglers/androidx.test.core.app.InstrumentationActivityInvoker$EmptyActivity}
02-05 17:41:05.010  1163  3940 D WindowManager: isScreenshotDisabledLocked: userId = 0, disabled =false
02-05 17:41:05.010  3640  3640 I GoogleInputMethodService: GoogleInputMethodService.onFinishInput():3316
02-05 17:41:05.010  1163  3940 I SurfaceControl: nativeRelease nativeObject s[496882941824]
02-05 17:41:05.010  1163  3940 I SurfaceControl: nativeRelease nativeObject e[496882941824]
02-05 17:41:05.010   789  1273 I Layer   : id=80185 removeFromCurrentState com.example.dogglers/androidx.test.core.app.InstrumentationActivityInvoker$EmptyActivity$_15500#0 (197)
02-05 17:41:05.011  3640  3640 I GoogleInputMethodService: GoogleInputMethodService.updateDeviceLockedStatus():2181 checkRepeatedly = false, unlocked = true
02-05 17:41:05.011  3640  3640 D InputMethodService: checkDisplayOfStartInputAndUpdateKeyboard display Id 0last 0
02-05 17:41:05.011  1163  3940 W WindowManager: lockNow pending, ignore updating lockscreen timeout
02-05 17:41:05.011  3640  3640 I GoogleInputMethodService: GoogleInputMethodService.onStartInput():1989
02-05 17:41:05.011  3640  3640 I GoogleInputMethodService: GoogleInputMethodService.updateDeviceLockedStatus():2181 checkRepeatedly = true, unlocked = true
02-05 17:41:05.011   789  1272 I Layer   : id=80188 removeFromCurrentState Surface(name=dbf3b45 InputMethod)/@0xf70bba8 - animation-leash#1 (197)
02-05 17:41:05.011   789  1272 I Layer   : id=80184 removeFromCurrentState 75120bf com.example.dogglers/androidx.test.core.app.InstrumentationActivityInvoker$EmptyActivity#0 (197)
02-05 17:41:05.012 15500 15500 D InputTransport: Input channel destroyed: '75120bf', fd=98
02-05 17:41:05.012   726 16563 I HYPER-HAL: [ResourceManager.cpp]removeResource(): [CPUMinFreq] RemoveResource Request ID : 718236
02-05 17:41:05.012   726 16563 I HYPER-HAL: [RequestManager.cpp]releaseLocked(): Released ID : 718236
02-05 17:41:05.012 15500 15500 D LifecycleMonitor: Lifecycle status change: androidx.test.core.app.InstrumentationActivityInvoker$EmptyActivity@f52d1ac in: PAUSED
02-05 17:41:05.012 15500 15500 D LifecycleMonitor: running callback: androidx.test.core.app.ActivityScenario$1@6efecaf
02-05 17:41:05.012  1163  1235 I SurfaceControl: nativeRelease nativeObject s[499183206176]
02-05 17:41:05.012  1163  1235 I SurfaceControl: nativeRelease nativeObject e[499183206176]
02-05 17:41:05.012 15500 15500 V ActivityScenario: Activity lifecycle changed event received but ignored because the intent does not match. startActivityIntent=Intent { act=android.intent.action.MAIN cat=[android.intent.category.LAUNCHER] cmp=com.example.dogglers/.VerticalListActivity }, activity.getIntent()=Intent { act=android.intent.action.MAIN cat=[android.intent.category.LAUNCHER] flg=0x10000000 cmp=com.example.dogglers/androidx.test.core.app.InstrumentationActivityInvoker$EmptyActivity }, activity=androidx.test.core.app.InstrumentationActivityInvoker$EmptyActivity@f52d1ac
02-05 17:41:05.012 15500 15500 D LifecycleMonitor: callback completes: androidx.test.core.app.ActivityScenario$1@6efecaf
02-05 17:41:05.013   789  1273 I SurfaceFlinger: id=80184 Removed 75120bf com.example.dogglers/androidx.test.core.app.InstrumentationActivityInvoker$EmptyActivity#0 (197)
02-05 17:41:05.013   789  2265 I SurfaceFlinger: id=80185 Removed com.example.dogglers/androidx.test.core.app.InstrumentationActivityInvoker$EmptyActivity$_15500#0 (197)
02-05 17:41:05.015   789   789 I Layer   : id=80184[1] Destroyed 75120bf com.example.dogglers/androidx.test.core.app.InstrumentationActivityInvoker$EmptyActivity#0
02-05 17:41:05.015   789   789 I Layer   : id=80185[1] Destroyed com.example.dogglers/androidx.test.core.app.InstrumentationActivityInvoker$EmptyActivity$_15500#0
02-05 17:41:05.016  1163  3970 I InputDispatcher: Focus left window (15500): 124254  in display 0 0
02-05 17:41:05.023  1163  3944 I SemDvfsHyPerManager: acquire hyper - AMS_APP_HOME/1163@35, type = -999
02-05 17:41:05.023   726   817 I HYPER-HAL: [RequestManager.cpp]acquire(): Acquired ID : 718236  [1163 / 35]    HINT : AMS_APP_HOME    list :
02-05 17:41:05.023   726   817 I HYPER-HAL: [ResourceManager.cpp]updateResource(): [CPUMinFreq] UpdateResource Request ID : 718236    Value : 2623359
02-05 17:41:05.023  4183  4183 I SemDvfsHyPerManager: acquire hyper - com.sec.android.sdhms/4183@9, type = -999
02-05 17:41:05.023   726   817 I HYPER-HAL: [RequestManager.cpp]acquire(): Acquired ID : 8788537  [4183 / 9]    HINT : APP_START    list :
02-05 17:41:05.024   726   817 I HYPER-HAL: [ResourceManager.cpp]updateResource(): [CPUMaxFreq] UpdateResource Request ID : 8788537    Value : 2730000
02-05 17:41:05.024  1163  3944 V WindowOrientationListener: getProposedRotation: 0
02-05 17:41:05.026  1163  3944 W WindowManager: lockNow pending, ignore updating lockscreen timeout
02-05 17:41:05.027   789  1273 I Layer   : id=80179 removeFromCurrentState ActivityRecord{dc4ac30 u0 com.example.dogglers/androidx.test.core.app.InstrumentationActivityInvoker$EmptyActivity t12742}#0 (195)
02-05 17:41:05.028  1163  1235 D SamsungIMMSHWKeyboard: isConnectedDexOnPC false
02-05 17:41:05.028 15500 15500 I SurfaceControl: nativeRelease nativeObject s[499183207040]
02-05 17:41:05.028 15500 15500 I SurfaceControl: nativeRelease nativeObject e[499183207040]
02-05 17:41:05.028 15500 15500 I SurfaceControl: nativeRelease nativeObject s[499183206848]
02-05 17:41:05.028 15500 15500 I SurfaceControl: nativeRelease nativeObject e[499183206848]
02-05 17:41:05.028  1163  1235 D InputMethodManagerService: isImeSwitcherDisabledPackage : false
02-05 17:41:05.028 15500 15500 I ViewRootImpl@8aecf1[InstrumentationActivityInvoker$EmptyActivity]: MSG_WINDOW_FOCUS_CHANGED 0 1
02-05 17:41:05.028   789  1273 I SurfaceFlinger: id=80179 Removed ActivityRecord{dc4ac30 u0 com.example.dogglers/androidx.test.core.app.InstrumentationActivityInvoker$EmptyActivity t12742}#0 (195)
02-05 17:41:05.029 15500 15559 E TestRunner: failed: vertical_scroll_content_at_first_position(com.example.dogglers.VerticalListTests)
02-05 17:41:05.029 15500 15559 E TestRunner: ----- begin exception -----
02-05 17:41:05.030 15500 15559 E TestRunner: androidx.test.espresso.NoMatchingViewException: No views in hierarchy found matching: with text: is "Tzeitel"
02-05 17:41:05.030 15500 15559 E TestRunner:
02-05 17:41:05.030 15500 15559 E TestRunner: View Hierarchy:
02-05 17:41:05.030 15500 15559 E TestRunner: +>DecorView{id=-1, visibility=VISIBLE, width=1080, height=2400, has-focus=false, has-focusable=true, has-window-focus=true, is-clickable=false, is-enabled=true, is-focused=false, is-focusable=false, is-layout-requested=false, is-selected=false, layout-params={(0,0)(fillxfill) ty=BASE_APPLICATION wanim=0x1030304
02-05 17:41:05.030 15500 15559 E TestRunner:   fl=81810100
02-05 17:41:05.030 15500 15559 E TestRunner:   pfl=10020000
02-05 17:41:05.030 15500 15559 E TestRunner:   fitSides= naviIconColor=0}, tag=null, root-is-layout-requested=false, has-input-connection=false, x=0.0, y=0.0, child-count=3}
02-05 17:41:05.030 15500 15559 E TestRunner: |
02-05 17:41:05.030 15500 15559 E TestRunner: +->LinearLayout{id=-1, visibility=VISIBLE, width=1080, height=2256, has-focus=false, has-focusable=true, has-window-focus=true, is-clickable=false, is-enabled=true, is-focused=false, is-focusable=false, is-layout-requested=false, is-selected=false, layout-params=android.widget.FrameLayout$LayoutParams@d0ea087, tag=null, root-is-layout-requested=false, has-input-connection=false, x=0.0, y=0.0, child-count=2}
02-05 17:41:05.030 15500 15559 E TestRunner: |
02-05 17:41:05.030 15500 15559 E TestRunner: +-->ViewStub{id=16908721, res-name=action_mode_bar_stub, visibility=GONE, width=0, height=0, has-focus=false, has-focusable=false, has-window-focus=true, is-clickable=false, is-enabled=true, is-focused=false, is-focusable=false, is-layout-requested=true, is-selected=false, layout-params=android.widget.LinearLayout$LayoutParams@38dabb4, tag=null, root-is-layout-requested=false, has-input-connection=false, x=0.0, y=0.0}
02-05 17:41:05.030 15500 15559 E TestRunner: |
02-05 17:41:05.030 15500 15559 E TestRunner: +-->FrameLayout{id=-1, visibility=VISIBLE, width=1080, height=2168, has-focus=false, has-focusable=true, has-window-focus=true, is-clickable=false, is-enabled=true, is-focused=false, is-focusable=false, is-layout-requested=false, is-selected=false, layout-params=android.widget.LinearLayout$LayoutParams@229cb52, tag=null, root-is-layout-requested=false, has-input-connection=false, x=0.0, y=88.0, child-count=1}
02-05 17:41:05.030 15500 15559 E TestRunner: |
02-05 17:41:05.030 15500 15559 E TestRunner: +--->ActionBarOverlayLayout{id=2131230845, res-name=decor_content_parent, visibility=VISIBLE, width=1080, height=2168, has-focus=false, has-focusable=true, has-window-focus=true, is-clickable=false, is-enabled=true, is-focused=false, is-focusable=false, is-layout-requested=false, is-selected=false, layout-params=android.widget.FrameLayout$LayoutParams@6eb20d9, tag=null, root-is-layout-requested=false, has-input-connection=false, x=0.0, y=0.0, child-count=2}
02-05 17:41:05.030 15500 15559 E TestRunner: |
02-05 17:41:05.030 15500 15559 E TestRunner: +---->ContentFrameLayout{id=16908290, res-name=content, visibility=VISIBLE, width=1080, height=2000, has-focus=false, has-focusable=true, has-window-focus=true, is-clickable=false, is-enabled=true, is-focused=false, is-focusable=false, is-layout-requested=false, is-selected=false, layout-params=androidx.appcompat.widget.ActionBarOverlayLayout$LayoutParams@761197f, tag=null, root-is-layout-requested=false, has-input-connection=false, x=0.0, y=168.0, child-count=1}
02-05 17:41:05.030 15500 15559 E TestRunner: |
02-05 17:41:05.030 15500 15559 E TestRunner: +----->FrameLayout{id=-1, visibility=VISIBLE, width=1080, height=2000, has-focus=false, has-focusable=true, has-window-focus=true, is-clickable=false, is-enabled=true, is-focused=false, is-focusable=false, is-layout-requested=false, is-selected=false, layout-params=android.widget.FrameLayout$LayoutParams@463f195, tag=null, root-is-layout-requested=false, has-input-connection=false, x=0.0, y=0.0, child-count=1}
02-05 17:41:05.030 15500 15559 E TestRunner: |
02-05 17:41:05.030 15500 15559 E TestRunner: +------>RecyclerView{id=2131231135, res-name=vertical_recycler_view, visibility=VISIBLE, width=1080, height=2000, has-focus=false, has-focusable=true, has-window-focus=true, is-clickable=false, is-enabled=true, is-focused=false, is-focusable=true, is-layout-requested=false, is-selected=false, layout-params=android.widget.FrameLayout$LayoutParams@6772aa, tag=null, root-is-layout-requested=false, has-input-connection=false, x=0.0, y=0.0, child-count=0}
02-05 17:41:05.030 15500 15559 E TestRunner: |
02-05 17:41:05.030 15500 15559 E TestRunner: +---->ActionBarContainer{id=2131230771, res-name=action_bar_container, visibility=VISIBLE, width=1080, height=168, has-focus=false, has-focusable=false, has-window-focus=true, is-clickable=false, is-enabled=true, is-focused=false, is-focusable=false, is-layout-requested=false, is-selected=false, layout-params=androidx.appcompat.widget.ActionBarOverlayLayout$LayoutParams@55f1211, tag=null, root-is-layout-requested=false, has-input-connection=false, x=0.0, y=0.0, child-count=2}
02-05 17:41:05.030 15500 15559 E TestRunner: |
02-05 17:41:05.030 15500 15559 E TestRunner: +----->Toolbar{id=2131230769, res-name=action_bar, visibility=VISIBLE, width=1080, height=168, has-focus=false, has-focusable=false, has-window-focus=true, is-clickable=false, is-enabled=true, is-focused=false, is-focusable=false, is-layout-requested=false, is-selected=false, layout-params=android.widget.FrameLayout$LayoutParams@611be4d, tag=null, root-is-layout-requested=false, has-input-connection=false, x=0.0, y=0.0, child-count=3}
02-05 17:41:05.030 15500 15559 E TestRunner: |
02-05 17:41:05.030 15500 15559 E TestRunner: +------>AppCompatTextView{id=-1, visibility=VISIBLE, width=240, height=81, has-focus=false, has-focusable=false, has-window-focus=true, is-clickable=false, is-enabled=true, is-focused=false, is-focusable=false, is-layout-requested=false, is-selected=false, layout-params=androidx.appcompat.widget.Toolbar$LayoutParams@a17ad02, tag=null, root-is-layout-requested=false, has-input-connection=false, x=216.0, y=43.0, text=Dogglers, input-type=0, ime-target=false, has-links=false}
02-05 17:41:05.030 15500 15559 E TestRunner: |
02-05 17:41:05.030 15500 15559 E TestRunner: +------>AppCompatImageButton{id=-1, desc=Navegar para cima, visibility=VISIBLE, width=168, height=168, has-focus=false, has-focusable=false, has-window-focus=true, is-clickable=true, is-enabled=true, is-focused=false, is-focusable=true, is-layout-requested=false, is-selected=false, layout-params=androidx.appcompat.widget.Toolbar$LayoutParams@4577613, tag=null, root-is-layout-requested=false, has-input-connection=false, x=0.0, y=0.0}
02-05 17:41:05.030 15500 15559 E TestRunner: |
02-05 17:41:05.030 15500 15559 E TestRunner: +------>ActionMenuView{id=-1, visibility=VISIBLE, width=0, height=168, has-focus=false, has-focusable=false, has-window-focus=true, is-clickable=false, is-enabled=true, is-focused=false, is-focusable=false, is-layout-requested=false, is-selected=false, layout-params=androidx.appcompat.widget.Toolbar$LayoutParams@4e94050, tag=null, root-is-layout-requested=false, has-input-connection=false, x=1080.0, y=0.0, child-count=0}
02-05 17:41:05.030 15500 15559 E TestRunner: |
02-05 17:41:05.030 15500 15559 E TestRunner: +----->ActionBarContextView{id=2131230777, res-name=action_context_bar, visibility=GONE, width=0, height=0, has-focus=false, has-focusable=false, has-window-focus=true, is-clickable=false, is-enabled=true, is-focused=false, is-focusable=false, is-layout-requested=true, is-selected=false, layout-params=android.widget.FrameLayout$LayoutParams@6c8f249, tag=null, root-is-layout-requested=false, has-input-connection=false, x=0.0, y=0.0, child-count=0}
02-05 17:41:05.030 15500 15559 E TestRunner: |
02-05 17:41:05.030 15500 15559 E TestRunner: +->View{id=16908336, res-name=navigationBarBackground, visibility=VISIBLE, width=1080, height=144, has-focus=false, has-focusable=false, has-window-focus=true, is-clickable=false, is-enabled=true, is-focused=false, is-focusable=false, is-layout-requested=false, is-selected=false, layout-params=android.widget.FrameLayout$LayoutParams@ad7974e, tag=null, root-is-layout-requested=false, has-input-connection=false, x=0.0, y=2256.0}
02-05 17:41:05.030 15500 15559 E TestRunner: |
02-05 17:41:05.030 15500 15559 E TestRunner: +->View{id=16908335, res-name=statusBarBackground, visibility=VISIBLE, width=1080, height=88, has-focus=false, has-focusable=false, has-window-focus=true, is-clickable=false, is-enabled=true, is-focused=false, is-focusable=false, is-layout-requested=false, is-selected=false, layout-params=android.widget.FrameLayout$LayoutParams@239606f, tag=null, root-is-layout-requested=false, has-input-connection=false, x=0.0, y=0.0}
02-05 17:41:05.030 15500 15559 E TestRunner: |
02-05 17:41:05.030 15500 15559 E TestRunner: 	at dalvik.system.VMStack.getThreadStackTrace(Native Method)
02-05 17:41:05.030 15500 15559 E TestRunner: 	at java.lang.Thread.getStackTrace(Thread.java:1736)
02-05 17:41:05.030 15500 15559 E TestRunner: 	at androidx.test.espresso.base.DefaultFailureHandler.getUserFriendlyError(DefaultFailureHandler.java:16)
02-05 17:41:05.030 15500 15559 E TestRunner: 	at androidx.test.espresso.base.DefaultFailureHandler.handle(DefaultFailureHandler.java:36)
02-05 17:41:05.030 15500 15559 E TestRunner: 	at androidx.test.espresso.ViewInteraction.waitForAndHandleInteractionResults(ViewInteraction.java:106)
02-05 17:41:05.030 15500 15559 E TestRunner: 	at androidx.test.espresso.ViewInteraction.check(ViewInteraction.java:31)
02-05 17:41:05.030 15500 15559 E TestRunner: 	at com.example.dogglers.BaseTest.hasListItemContent(BaseTest.kt:57)
02-05 17:41:05.030 15500 15559 E TestRunner: 	at com.example.dogglers.BaseTest.checkFirstPosition(BaseTest.kt:70)
02-05 17:41:05.030 15500 15559 E TestRunner: 	at com.example.dogglers.VerticalListTests.vertical_scroll_content_at_first_position(VerticalListTests.kt:42)
02-05 17:41:05.030 15500 15559 E TestRunner: 	at java.lang.reflect.Method.invoke(Native Method)
02-05 17:41:05.030 15500 15559 E TestRunner: 	at org.junit.runners.model.FrameworkMethod$1.runReflectiveCall(FrameworkMethod.java:50)
02-05 17:41:05.030 15500 15559 E TestRunner: 	at org.junit.internal.runners.model.ReflectiveCallable.run(ReflectiveCallable.java:12)
02-05 17:41:05.030 15500 15559 E TestRunner: 	at org.junit.runners.model.FrameworkMethod.invokeExplosively(FrameworkMethod.java:47)
02-05 17:41:05.030 15500 15559 E TestRunner: 	at org.junit.internal.runners.statements.InvokeMethod.evaluate(InvokeMethod.java:17)
02-05 17:41:05.030 15500 15559 E TestRunner: 	at org.junit.rules.ExternalResource$1.evaluate(ExternalResource.java:48)
02-05 17:41:05.030 15500 15559 E TestRunner: 	at org.junit.rules.RunRules.evaluate(RunRules.java:20)
02-05 17:41:05.030 15500 15559 E TestRunner: 	at org.junit.runners.ParentRunner.runLeaf(ParentRunner.java:325)
02-05 17:41:05.030 15500 15559 E TestRunner: 	at org.junit.runners.BlockJUnit4ClassRunner.runChild(BlockJUnit4ClassRunner.java:78)
02-05 17:41:05.030 15500 15559 E TestRunner: 	at org.junit.runners.BlockJUnit4ClassRunner.runChild(BlockJUnit4ClassRunner.java:57)
02-05 17:41:05.030 15500 15559 E TestRunner: 	at org.junit.runners.ParentRunner$3.run(ParentRunner.java:290)
02-05 17:41:05.030 15500 15559 E TestRunner: 	at org.junit.runners.ParentRunner$1.schedule(ParentRunner.java:71)
02-05 17:41:05.030 15500 15559 E TestRunner: 	at org.junit.runners.ParentRunner.runChildren(ParentRunner.java:288)
02-05 17:41:05.030 15500 15559 E TestRunner: 	at org.junit.runners.ParentRunner.access$000(ParentRunner.java:58)
02-05 17:41:05.030 15500 15559 E TestRunner: 	at org.junit.runners.ParentRunner$2.evaluate(ParentRunner.java:268)
02-05 17:41:05.030 15500 15559 E TestRunner: 	at org.junit.runners.ParentRunner.run(ParentRunner.java:363)
02-05 17:41:05.030 15500 15559 E TestRunner: 	at androidx.test.ext.junit.runners.AndroidJUnit4.run(AndroidJUnit4.java:154)
02-05 17:41:05.030 15500 15559 E TestRunner: 	at org.junit.runners.Suite.runChild(Suite.java:128)
02-05 17:41:05.030 15500 15559 E TestRunner: 	at org.junit.runners.Suite.runChild(Suite.java:27)
02-05 17:41:05.030 15500 15559 E TestRunner: 	at org.junit.runners.ParentRunner$3.run(ParentRunner.java:290)
02-05 17:41:05.030 15500 15559 E TestRunner: 	at org.junit.runners.ParentRunner$1.schedule(ParentRunner.java:71)
02-05 17:41:05.030 15500 15559 E TestRunner: 	at org.junit.runners.ParentRunner.runChildren(ParentRunner.java:288)
02-05 17:41:05.030 15500 15559 E TestRunner: 	at org.junit.runners.ParentRunner.access$000(ParentRunner.java:58)
02-05 17:41:05.030 15500 15559 E TestRunner: 	at org.junit.runners.ParentRunner$2.evaluate(ParentRunner.java:268)
02-05 17:41:05.030 15500 15559 E TestRunner: 	at org.junit.runners.ParentRunner.run(ParentRunner.java:363)
02-05 17:41:05.030 15500 15559 E TestRunner: 	at org.junit.runner.JUnitCore.run(JUnitCore.java:137)
02-05 17:41:05.030 15500 15559 E TestRunner: 	at org.junit.runner.JUnitCore.run(JUnitCore.java:115)
02-05 17:41:05.030 15500 15559 E TestRunner: 	at androidx.test.internal.runner.TestExecutor.execute(TestExecutor.java:56)
02-05 17:41:05.030 15500 15559 E TestRunner: 	at androidx.test.runner.AndroidJUnitRunner.onStart(AndroidJUnitRunner.java:395)
02-05 17:41:05.030 15500 15559 E TestRunner: 	at android.app.Instrumentation$InstrumentationThread.run(Instrumentation.java:2218)
02-05 17:41:05.030 15500 15559 E TestRunner: ----- end exception -----
02-05 17:41:05.032 15500 15559 I TestRunner: finished: vertical_scroll_content_at_first_position(com.example.dogglers.VerticalListTests)
