02-05 17:40:51.138   789   835 E BufferQueueProducer: [com.example.dogglers/androidx.test.core.app.InstrumentationActivityInvoker$EmptyActivity$_15500#0](id:315000036ac,api:0,p:-1,c:789) disconnect: not connected (req=1)
02-05 17:40:51.138 15500 15565 W libEGL  : EGLNativeWindowType 0x743a8a6010 disconnect failed
02-05 17:40:51.139  1163  1793 V WindowManager: Relayout Window{4d265ce u0 com.example.dogglers/androidx.test.core.app.InstrumentationActivityInvoker$EmptyActivity}: viewVisibility=8 req=1080x2400
02-05 17:40:51.140  1163  1793 W WindowManager: lockNow pending, ignore updating lockscreen timeout
02-05 17:40:51.141  1163  1793 V WindowManager: Relayout hash=4d265ce, pid=15500: mAttrs={(0,0)(fillxfill) sim={adjust=pan forwardNavigation} ty=BASE_APPLICATION wanim=0x1030001
02-05 17:40:51.141  1163  1793 V WindowManager:   fl=1810100
02-05 17:40:51.141  1163  1793 V WindowManager:   pfl=12020000
02-05 17:40:51.141  1163  1793 V WindowManager:   fitSides= naviIconColor=0}
02-05 17:40:51.141 15500 15500 I SurfaceControl: nativeRelease nativeObject s[499014749216]
02-05 17:40:51.141 15500 15500 I SurfaceControl: nativeRelease nativeObject e[499014749216]
02-05 17:40:51.141 15500 15500 I SurfaceControl: assignNativeObject: nativeObject = 0 Surface(name=null)/@0x8fad3a2 / android.view.SurfaceControl.readFromParcel:1117 android.view.IWindowSession$Stub$Proxy.relayout:1810 android.view.ViewRootImpl.relayoutWindow:9005 android.view.ViewRootImpl.performTraversals:3360 android.view.ViewRootImpl.doTraversal:2618 android.view.ViewRootImpl$TraversalRunnable.run:9971 android.view.Choreographer$CallbackRecord.run:1010 android.view.Choreographer.doCallbacks:809 android.view.Choreographer.doFrame:744 android.view.Choreographer$FrameDisplayEventReceiver.run:995
02-05 17:40:51.142 15500 15500 I SurfaceControl: assignNativeObject: nativeObject = 0 Surface(name=null)/@0x13206ec / android.view.SurfaceControl.readFromParcel:1117 android.view.IWindowSession$Stub$Proxy.relayout:1820 android.view.ViewRootImpl.relayoutWindow:9005 android.view.ViewRootImpl.performTraversals:3360 android.view.ViewRootImpl.doTraversal:2618 android.view.ViewRootImpl$TraversalRunnable.run:9971 android.view.Choreographer$CallbackRecord.run:1010 android.view.Choreographer.doCallbacks:809 android.view.Choreographer.doFrame:744 android.view.Choreographer$FrameDisplayEventReceiver.run:995
02-05 17:40:51.142 15500 15500 I ViewRootImpl@a1b059f[InstrumentationActivityInvoker$EmptyActivity]: Relayout returned: old=(0,0,1080,2400) new=(0,0,1080,2400) req=(1080,2400)8 dur=4 res=0x5 s={false 0} ch=true fn=2
02-05 17:40:51.143 15852 15852 I d.mobileservic: The ClassLoaderContext is a special shared library.
02-05 17:40:51.145  1163  3970 W WindowManager: lockNow pending, ignore updating lockscreen timeout
02-05 17:40:51.147 15500 15500 I ViewRootImpl@6544784[InstrumentationActivityInvoker$EmptyActivity]: MSG_WINDOW_FOCUS_CHANGED 1 1
02-05 17:40:51.147 15500 15500 D InputMethodManager: prepareNavigationBarInfo() DecorView@6f49d31[InstrumentationActivityInvoker$EmptyActivity]
02-05 17:40:51.147 15500 15500 D InputMethodManager: getNavigationBarColor() -16711423
02-05 17:40:51.147 15500 15500 D InputMethodManager: prepareNavigationBarInfo() DecorView@6f49d31[InstrumentationActivityInvoker$EmptyActivity]
02-05 17:40:51.148 15500 15500 D InputMethodManager: getNavigationBarColor() -16711423
02-05 17:40:51.148 15500 15500 V InputMethodManager: Starting input: tba=com.example.dogglers ic=null mNaviBarColor -16711423 mIsGetNaviBarColorSuccess true , NavVisible : true , NavTrans : false
02-05 17:40:51.148 15500 15500 D InputMethodManager: startInputInner - Id : 0
02-05 17:40:51.148 15500 15500 I InputMethodManager: startInputInner - mService.startInputOrWindowGainedFocus
02-05 17:40:51.148 15852 15852 I d.mobileservic: The ClassLoaderContext is a special shared library.
02-05 17:40:51.148  1163  2104 D InputMethodManagerService: mSecureKeypadEnabled = false
02-05 17:40:51.148  1163  2104 V InputMethodManagerService: hideCurrentInputLocked : shouldHideSoftInput is false
02-05 17:40:51.148  1163  2104 D InputMethodManagerService: DESKTOP MODE! : 2
02-05 17:40:51.148  1163  2104 D InputMethodManagerService: NOT IN KNOX DESKTOP MODE!
02-05 17:40:51.148  1163  2104 V InputMethodManagerService: getDisplayIdOfInputMethodWindowToBeAdded : 0
02-05 17:40:51.149  1163  2104 D InputMethodManagerService: checkDisplayOfStartInputAndUpdateKeyboard display Id 0last 0
02-05 17:40:51.149  1163  2104 D InputTransport: Input channel constructed: 'ClientS', fd=887
02-05 17:40:51.149  1163  2104 D InputTransport: Input channel destroyed: 'ClientS', fd=887
02-05 17:40:51.150 15500 15500 D InputTransport: Input channel constructed: 'ClientS', fd=112
02-05 17:40:51.150 15500 15500 D InputTransport: Input channel destroyed: 'ClientS', fd=110
02-05 17:40:51.150 15500 15500 I ViewRootImpl@a1b059f[InstrumentationActivityInvoker$EmptyActivity]: stopped(true) old=false
02-05 17:40:51.150  1163  3939 I SurfaceControl: nativeRelease nativeObject s[496866864544]
02-05 17:40:51.150  1163  3939 I SurfaceControl: nativeRelease nativeObject e[496866864544]
02-05 17:40:51.150 15500 15500 D LifecycleMonitor: Lifecycle status change: androidx.test.core.app.InstrumentationActivityInvoker$EmptyActivity@33009f2 in: STOPPED
02-05 17:40:51.150 15500 15500 D LifecycleMonitor: running callback: androidx.test.core.app.ActivityScenario$1@b686b2f
02-05 17:40:51.151   789   835 I SurfaceFlinger: id=79575 createSurf (0x0),-1 flag=24004, Surface(name=dbf3b45 InputMethod)/@0xf70bba8 - animation-leash#0
02-05 17:40:51.151 15500 15500 V ActivityScenario: Activity lifecycle changed event received but ignored because the intent does not match. startActivityIntent=Intent { act=android.intent.action.MAIN cat=[android.intent.category.LAUNCHER] cmp=com.example.dogglers/.MainActivity }, activity.getIntent()=Intent { act=android.intent.action.MAIN cat=[android.intent.category.LAUNCHER] flg=0x10000000 cmp=com.example.dogglers/androidx.test.core.app.InstrumentationActivityInvoker$EmptyActivity }, activity=androidx.test.core.app.InstrumentationActivityInvoker$EmptyActivity@33009f2
02-05 17:40:51.151 15500 15500 D LifecycleMonitor: callback completes: androidx.test.core.app.ActivityScenario$1@b686b2f
02-05 17:40:51.151 15500 15500 D LifecycleMonitor: Lifecycle status change: androidx.test.core.app.InstrumentationActivityInvoker$EmptyActivity@33009f2 in: DESTROYED
02-05 17:40:51.151 15500 15500 D LifecycleMonitor: running callback: androidx.test.core.app.ActivityScenario$1@b686b2f
02-05 17:40:51.152 15500 15500 V ActivityScenario: Activity lifecycle changed event received but ignored because the intent does not match. startActivityIntent=Intent { act=android.intent.action.MAIN cat=[android.intent.category.LAUNCHER] cmp=com.example.dogglers/.MainActivity }, activity.getIntent()=Intent { act=android.intent.action.MAIN cat=[android.intent.category.LAUNCHER] flg=0x10000000 cmp=com.example.dogglers/androidx.test.core.app.InstrumentationActivityInvoker$EmptyActivity }, activity=androidx.test.core.app.InstrumentationActivityInvoker$EmptyActivity@33009f2
02-05 17:40:51.152 15500 15500 D LifecycleMonitor: callback completes: androidx.test.core.app.ActivityScenario$1@b686b2f
02-05 17:40:51.152  3640  3640 I GoogleInputMethodService: GoogleInputMethodService.onFinishInput():3316
02-05 17:40:51.152 15500 15500 I ViewRootImpl@a1b059f[InstrumentationActivityInvoker$EmptyActivity]: dispatchDetachedFromWindow
02-05 17:40:51.152  1163  3939 D InputTransport: Input channel destroyed: '4d265ce', fd=888
02-05 17:40:51.152  1163  3939 I SurfaceControl: nativeRelease nativeObject s[499038070976]
02-05 17:40:51.152  1163  3939 I SurfaceControl: nativeRelease nativeObject e[499038070976]
02-05 17:40:51.153  1163  3939 D WindowManager: isScreenshotDisabledLocked - win: Window{4d265ce u0 com.example.dogglers/androidx.test.core.app.InstrumentationActivityInvoker$EmptyActivity}
02-05 17:40:51.153  1163  3939 D WindowManager: isScreenshotDisabledLocked: userId = 0, disabled =false
02-05 17:40:51.153  1163  3939 I SurfaceControl: nativeRelease nativeObject s[496871101152]
02-05 17:40:51.153  1163  3939 I SurfaceControl: nativeRelease nativeObject e[496871101152]
02-05 17:40:51.153  3640  3640 I GoogleInputMethodService: GoogleInputMethodService.updateDeviceLockedStatus():2181 checkRepeatedly = false, unlocked = true
02-05 17:40:51.153  3640  3640 D InputMethodService: checkDisplayOfStartInputAndUpdateKeyboard display Id 0last 0
02-05 17:40:51.153   789   835 I Layer   : id=79567 removeFromCurrentState com.example.dogglers/androidx.test.core.app.InstrumentationActivityInvoker$EmptyActivity$_15500#0 (193)
02-05 17:40:51.153  3640  3640 I GoogleInputMethodService: GoogleInputMethodService.onStartInput():1989
02-05 17:40:51.154  1163  3939 W WindowManager: lockNow pending, ignore updating lockscreen timeout
02-05 17:40:51.154   789  1273 I Layer   : id=79566 removeFromCurrentState 4d265ce com.example.dogglers/androidx.test.core.app.InstrumentationActivityInvoker$EmptyActivity#0 (193)
02-05 17:40:51.154   789  1273 I Layer   : id=79564 removeFromCurrentState Surface(name=dbf3b45 InputMethod)/@0xf70bba8 - animation-leash#1 (193)
02-05 17:40:51.155  3640  3640 I GoogleInputMethodService: GoogleInputMethodService.updateDeviceLockedStatus():2181 checkRepeatedly = true, unlocked = true
02-05 17:40:51.156 15500 15500 D InputTransport: Input channel destroyed: '4d265ce', fd=102
02-05 17:40:51.157 15500 15500 D LifecycleMonitor: Lifecycle status change: androidx.test.core.app.InstrumentationActivityInvoker$EmptyActivity@db45cbb in: PAUSED
02-05 17:40:51.157 15500 15500 D LifecycleMonitor: running callback: androidx.test.core.app.ActivityScenario$1@b686b2f
02-05 17:40:51.157  1163  3970 I SurfaceControl: nativeRelease nativeObject s[496867018592]
02-05 17:40:51.157  1163  3970 I SurfaceControl: nativeRelease nativeObject e[496867018592]
02-05 17:40:51.157 15500 15500 V ActivityScenario: Activity lifecycle changed event received but ignored because the intent does not match. startActivityIntent=Intent { act=android.intent.action.MAIN cat=[android.intent.category.LAUNCHER] cmp=com.example.dogglers/.MainActivity }, activity.getIntent()=Intent { act=android.intent.action.MAIN cat=[android.intent.category.LAUNCHER] flg=0x10000000 cmp=com.example.dogglers/androidx.test.core.app.InstrumentationActivityInvoker$EmptyActivity }, activity=androidx.test.core.app.InstrumentationActivityInvoker$EmptyActivity@db45cbb
02-05 17:40:51.157 15500 15500 D LifecycleMonitor: callback completes: androidx.test.core.app.ActivityScenario$1@b686b2f
02-05 17:40:51.158   789  1273 I SurfaceFlinger: id=79566 Removed 4d265ce com.example.dogglers/androidx.test.core.app.InstrumentationActivityInvoker$EmptyActivity#0 (193)
02-05 17:40:51.158   789   835 I SurfaceFlinger: id=79567 Removed com.example.dogglers/androidx.test.core.app.InstrumentationActivityInvoker$EmptyActivity$_15500#0 (193)
02-05 17:40:51.172  1163  2104 I SemDvfsHyPerManager: acquire hyper - AMS_ACT_RESUME/1163@19, type = -999
02-05 17:40:51.172   789   789 I Layer   : id=79567[1] Destroyed com.example.dogglers/androidx.test.core.app.InstrumentationActivityInvoker$EmptyActivity$_15500#0
02-05 17:40:51.172  1163  2104 D InputDispatcher: Focused application set to (0): 5602cb4
02-05 17:40:51.172   789   789 I Layer   : id=79566[1] Destroyed 4d265ce com.example.dogglers/androidx.test.core.app.InstrumentationActivityInvoker$EmptyActivity#0
02-05 17:40:51.173  1163  2104 I SurfaceControl: nativeRelease nativeObject s[499183899520]
02-05 17:40:51.173  1163  2104 I SurfaceControl: nativeRelease nativeObject e[499183899520]
02-05 17:40:51.173   789   835 I SurfaceFlinger: id=79576 createSurf (0x0),-1 flag=24000, Surface(name=8c655e2 StatusBar)/@0x44a9b07 - animation-leash#1
02-05 17:40:51.174  1163  2104 I SurfaceControl: nativeRelease nativeObject s[499183904992]
02-05 17:40:51.174  1163  2104 I SurfaceControl: nativeRelease nativeObject e[499183904992]
02-05 17:40:51.174   726   817 I HYPER-HAL: [RequestManager.cpp]acquire(): Acquired ID : 699172  [1163 / 19]    HINT : AMS_ACT_RESUME    list :
02-05 17:40:51.174   789  2265 I SurfaceFlinger: id=79577 createSurf (0x0),-1 flag=24000, Surface(name=b29f82b NavigationBar0)/@0x8634759 - animation-leash#0
02-05 17:40:51.175  1163  2104 V WindowOrientationListener: getProposedRotation: 0
02-05 17:40:51.175  1163  2104 V WindowOrientationListener: getProposedRotation: 0
02-05 17:40:51.176  1163  2104 V WindowOrientationListener: getProposedRotation: 0
02-05 17:40:51.176   726   817 I HYPER-HAL: [ResourceManager.cpp]updateResource(): [CPUMinFreq] UpdateResource Request ID : 699172    Value : 1687587
02-05 17:40:51.176   789   789 D SurfaceFlinger: Display 21442653864348033 HWC layers:
02-05 17:40:51.176   789   789 D SurfaceFlinger:      DEVICE | 0x74084ff480 | 0002 | RGBA_8888    |    0.0    0.0 1080.0 2400.0 |    0    0 1080 2400 | com.example.dogglers/com.example.dogglers.GridListActivity$_15500#0
02-05 17:40:51.176   789   789 D SurfaceFlinger:      DEVICE | 0x7428c3e6c0 | 0000 | RGBA_8888    |    0.0    0.0 1080.0   88.0 |    0    0 1080   88 | StatusBar$_1680#0
02-05 17:40:51.176   789   789 D SurfaceFlinger:      DEVICE | 0x7428c40600 | 0000 | RGBA_8888    |    0.0    0.0 1080.0  144.0 |    0 2256 1080 2400 | NavigationBar0$_1680#0
02-05 17:40:51.176   789   789 D SurfaceFlinger:      DEVICE | 0x7408191180 | 0000 | RGBA_8888    |    0.0    0.0 1080.0  125.0 |    0    0 1080  125 | ScreenDecorOverlay$_1680#0
02-05 17:40:51.176   789   789 D SurfaceFlinger:      DEVICE | 0x7428c3f480 | 0000 | RGBA_8888    |    0.0    0.0 1080.0  112.0 |    0 2288 1080 2400 | ScreenDecorOverlayBottom$_1680#0
02-05 17:40:51.176   789   789 D SurfaceFlinger:
02-05 17:40:51.178  1163  2104 W WindowManager: lockNow pending, ignore updating lockscreen timeout
02-05 17:40:51.179   789  1272 I Layer   : id=79565 removeFromCurrentState ActivityRecord{ec7791e u0 com.example.dogglers/androidx.test.core.app.InstrumentationActivityInvoker$EmptyActivity t12726}#0 (193)
02-05 17:40:51.179   789  1272 I Layer   : id=79573 removeFromCurrentState Surface(name=8c655e2 StatusBar)/@0x44a9b07 - animation-leash#0 (193)
02-05 17:40:51.179   789  1272 I Layer   : id=79574 removeFromCurrentState Surface(name=b29f82b NavigationBar0)/@0x8634759 - animation-leash#1 (193)
02-05 17:40:51.180  1163  2104 W WindowManager: lockNow pending, ignore updating lockscreen timeout
02-05 17:40:51.182  1163  1801 D SamsungIMMSHWKeyboard: isConnectedDexOnPC false
02-05 17:40:51.182 15500 15500 I SurfaceControl: nativeRelease nativeObject s[499183202624]
02-05 17:40:51.182 15500 15500 I SurfaceControl: nativeRelease nativeObject e[499183202624]
02-05 17:40:51.182 15500 15500 I SurfaceControl: nativeRelease nativeObject s[499183202432]
02-05 17:40:51.182 15500 15500 I SurfaceControl: nativeRelease nativeObject e[499183202432]
02-05 17:40:51.182 15500 15500 I SurfaceControl: nativeRelease nativeObject s[499183202048]
02-05 17:40:51.182 15500 15500 I SurfaceControl: nativeRelease nativeObject e[499183202048]
02-05 17:40:51.183 15500 15500 I ViewRootImpl@34576bc[GridListActivity]: stopped(false) old=false
02-05 17:40:51.183 15500 15500 D LifecycleMonitor: Lifecycle status change: com.example.dogglers.GridListActivity@e68d8f4 in: RESUMED
02-05 17:40:51.183 15500 15500 D LifecycleMonitor: running callback: androidx.test.core.app.ActivityScenario$1@b686b2f
02-05 17:40:51.183 15500 15500 V ActivityScenario: Activity lifecycle changed event received but ignored because the intent does not match. startActivityIntent=Intent { act=android.intent.action.MAIN cat=[android.intent.category.LAUNCHER] cmp=com.example.dogglers/.MainActivity }, activity.getIntent()=Intent { cmp=com.example.dogglers/.GridListActivity }, activity=com.example.dogglers.GridListActivity@e68d8f4
02-05 17:40:51.183 15500 15500 D LifecycleMonitor: callback completes: androidx.test.core.app.ActivityScenario$1@b686b2f
02-05 17:40:51.184   789  1272 I SurfaceFlinger: id=79565 Removed ActivityRecord{ec7791e u0 com.example.dogglers/androidx.test.core.app.InstrumentationActivityInvoker$EmptyActivity t12726}#0 (193)
02-05 17:40:51.184 15500 15500 I SurfaceControl: nativeRelease nativeObject s[497483548320]
02-05 17:40:51.184 15500 15500 I SurfaceControl: nativeRelease nativeObject e[497483548320]
02-05 17:40:51.184 15500 15500 I SurfaceControl: nativeRelease nativeObject s[497483548032]
02-05 17:40:51.184 15500 15500 I SurfaceControl: nativeRelease nativeObject e[497483548032]
02-05 17:40:51.184 15500 15500 I SurfaceControl: nativeRelease nativeObject s[497483547744]
02-05 17:40:51.184 15500 15500 I SurfaceControl: nativeRelease nativeObject e[497483547744]
02-05 17:40:51.184   789  2265 I SurfaceFlinger: id=79574 Removed Surface(name=b29f82b NavigationBar0)/@0x8634759 - animation-leash#1 (193)
02-05 17:40:51.184   789  2265 I SurfaceFlinger: id=79573 Removed Surface(name=8c655e2 StatusBar)/@0x44a9b07 - animation-leash#0 (193)
02-05 17:40:51.185   789  1272 I SurfaceFlinger: id=79564 Removed Surface(name=dbf3b45 InputMethod)/@0xf70bba8 - animation-leash#1 (193)
02-05 17:40:51.185  1163  1801 D InputMethodManagerService: isImeSwitcherDisabledPackage : false
02-05 17:40:51.186  1163  3935 I InputDispatcher: Focus left window (15500): 5793f56 in display 0 0
02-05 17:40:51.188   789   789 I Layer   : id=79564[1] Destroyed Surface(name=dbf3b45 InputMethod)/@0xf70bba8 - animation-leash#1
02-05 17:40:51.188   789   789 I Layer   : id=79565[1] Destroyed ActivityRecord{ec7791e u0 com.example.dogglers/androidx.test.core.app.InstrumentationActivityInvoker$EmptyActivity t12726}#0
02-05 17:40:51.188   789   789 I Layer   : id=79573[1] Destroyed Surface(name=8c655e2 StatusBar)/@0x44a9b07 - animation-leash#0
02-05 17:40:51.188   789   789 I Layer   : id=79574[1] Destroyed Surface(name=b29f82b NavigationBar0)/@0x8634759 - animation-leash#1
02-05 17:40:51.188 15500 15565 I mali_egl: eglDestroySurface() in
02-05 17:40:51.189 15500 15565 I mali_winsys: delete_surface() [1080x2400] return
02-05 17:40:51.189 15500 15565 I mali_egl: eglDestroySurface() out
02-05 17:40:51.189   789  2265 E BufferQueueProducer: [com.example.dogglers/androidx.test.core.app.InstrumentationActivityInvoker$EmptyActivity$_15500#1](id:315000036ad,api:0,p:-1,c:789) disconnect: not connected (req=1)
02-05 17:40:51.189 15500 15565 W libEGL  : EGLNativeWindowType 0x743a8a8010 disconnect failed
02-05 17:40:51.190  1163  1240 I SurfaceControl: nativeRelease nativeObject s[499183877984]
02-05 17:40:51.190  1163  1240 I SurfaceControl: nativeRelease nativeObject e[499183877984]
02-05 17:40:51.190  1163  1240 I SurfaceControl: nativeRelease nativeObject s[499038036512]
02-05 17:40:51.190  1163  1240 I SurfaceControl: nativeRelease nativeObject e[499038036512]
02-05 17:40:51.190  1163  1240 I SurfaceControl: nativeRelease nativeObject s[499038982208]
02-05 17:40:51.190  1163  1240 I SurfaceControl: nativeRelease nativeObject e[499038982208]
02-05 17:40:51.191  1163  1240 I SurfaceControl: nativeRelease nativeObject s[499014694624]
02-05 17:40:51.191  1163  1240 I SurfaceControl: nativeRelease nativeObject e[499014694624]
02-05 17:40:51.191  1163  1240 I SurfaceControl: nativeRelease nativeObject s[499183878272]
02-05 17:40:51.191  1163  1240 I SurfaceControl: nativeRelease nativeObject e[499183878272]
02-05 17:40:51.191   726   817 I HYPER-HAL: [ResourceManager.cpp]removeResource(): [CPUMinFreq] RemoveResource Request ID : 699172
02-05 17:40:51.191   726   817 I HYPER-HAL: [RequestManager.cpp]releaseLocked(): Released ID : 699172
02-05 17:40:51.192  1163  1240 W WindowManager: lockNow pending, ignore updating lockscreen timeout
02-05 17:40:51.193   789  1273 I Layer   : id=79558 removeFromCurrentState Surface(name=ActivityRecord{14b5500 u0 com.example.dogglers/.MainActivity t12726})/@0xec322b7 - animation-leash#0 (189)
02-05 17:40:51.193   789  1273 I Layer   : id=79561 removeFromCurrentState Surface(name=ActivityRecord{14b5500 u0 com.example.dogglers/.MainActivity t12726})/@0xec322b7 - animation-bounds#0 (189)
02-05 17:40:51.193   789  1273 I Layer   : id=79559 removeFromCurrentState Dim Layer for - Task=12726 - animating-dim#0 (189)
02-05 17:40:51.193   789  1273 I Layer   : id=79562 removeFromCurrentState Surface(name=ActivityRecord{5602cb4 u0 com.example.dogglers/.GridListActivity t12726})/@0x84dba68 - animation-leash#0 (189)
02-05 17:40:51.193   789  1273 I Layer   : id=79563 removeFromCurrentState Surface(name=ActivityRecord{5602cb4 u0 com.example.dogglers/.GridListActivity t12726})/@0x84dba68 - animation-bounds#0 (189)
02-05 17:40:51.193   789  1272 I SurfaceFlinger: id=79558 Removed Surface(name=ActivityRecord{14b5500 u0 com.example.dogglers/.MainActivity t12726})/@0xec322b7 - animation-leash#0 (189)
02-05 17:40:51.193   789  1272 I SurfaceFlinger: id=79561 Removed Surface(name=ActivityRecord{14b5500 u0 com.example.dogglers/.MainActivity t12726})/@0xec322b7 - animation-bounds#0 (189)
02-05 17:40:51.193   789  1272 I SurfaceFlinger: id=79559 Removed Dim Layer for - Task=12726 - animating-dim#0 (189)
02-05 17:40:51.193   789   834 I SurfaceFlinger: id=79562 Removed Surface(name=ActivityRecord{5602cb4 u0 com.example.dogglers/.GridListActivity t12726})/@0x84dba68 - animation-leash#0 (189)
02-05 17:40:51.193   789   834 I SurfaceFlinger: id=79563 Removed Surface(name=ActivityRecord{5602cb4 u0 com.example.dogglers/.GridListActivity t12726})/@0x84dba68 - animation-bounds#0 (189)
02-05 17:40:51.194  1163  1240 W WindowManager: lockNow pending, ignore updating lockscreen timeout
02-05 17:40:51.195  1163  2104 V WindowManager: Relayout Window{5793f56 u0 com.example.dogglers/androidx.test.core.app.InstrumentationActivityInvoker$EmptyActivity}: viewVisibility=8 req=1080x2400
02-05 17:40:51.196  1163  2104 W WindowManager: lockNow pending, ignore updating lockscreen timeout
02-05 17:40:51.197  1163  2104 V WindowManager: Relayout hash=5793f56, pid=15500: mAttrs={(0,0)(fillxfill) sim={adjust=pan forwardNavigation} ty=BASE_APPLICATION wanim=0x1030001
02-05 17:40:51.197  1163  2104 V WindowManager:   fl=1810100
02-05 17:40:51.197  1163  2104 V WindowManager:   pfl=12020000
02-05 17:40:51.197  1163  2104 V WindowManager:   fitSides= naviIconColor=0}
02-05 17:40:51.197 15500 15500 I SurfaceControl: nativeRelease nativeObject s[499014749120]
02-05 17:40:51.197 15500 15500 I SurfaceControl: nativeRelease nativeObject e[499014749120]
02-05 17:40:51.197 15500 15500 I SurfaceControl: assignNativeObject: nativeObject = 0 Surface(name=null)/@0x9e0c169 / android.view.SurfaceControl.readFromParcel:1117 android.view.IWindowSession$Stub$Proxy.relayout:1810 android.view.ViewRootImpl.relayoutWindow:9005 android.view.ViewRootImpl.performTraversals:3360 android.view.ViewRootImpl.doTraversal:2618 android.view.ViewRootImpl$TraversalRunnable.run:9971 android.view.Choreographer$CallbackRecord.run:1010 android.view.Choreographer.doCallbacks:809 android.view.Choreographer.doFrame:744 android.view.Choreographer$FrameDisplayEventReceiver.run:995
02-05 17:40:51.197 15500 15500 I SurfaceControl: assignNativeObject: nativeObject = 0 Surface(name=null)/@0x3c4db6d / android.view.SurfaceControl.readFromParcel:1117 android.view.IWindowSession$Stub$Proxy.relayout:1820 android.view.ViewRootImpl.relayoutWindow:9005 android.view.ViewRootImpl.performTraversals:3360 android.view.ViewRootImpl.doTraversal:2618 android.view.ViewRootImpl$TraversalRunnable.run:9971 android.view.Choreographer$CallbackRecord.run:1010 android.view.Choreographer.doCallbacks:809 android.view.Choreographer.doFrame:744 android.view.Choreographer$FrameDisplayEventReceiver.run:995
02-05 17:40:51.198 15500 15500 I SurfaceControl: nativeRelease nativeObject s[497483550048]
02-05 17:40:51.198 15500 15500 I SurfaceControl: nativeRelease nativeObject e[497483550048]
02-05 17:40:51.198 15500 15500 I ViewRootImpl@6544784[InstrumentationActivityInvoker$EmptyActivity]: Relayout returned: old=(0,0,1080,2400) new=(0,0,1080,2400) req=(1080,2400)8 dur=8 res=0x5 s={false 0} ch=true fn=2
02-05 17:40:51.198 15500 15500 I ViewRootImpl@6544784[InstrumentationActivityInvoker$EmptyActivity]: MSG_WINDOW_FOCUS_CHANGED 0 1
02-05 17:40:51.205   789   789 I Layer   : id=79559[1] Destroyed Dim Layer for - Task=12726 - animating-dim#0
02-05 17:40:51.205   789   789 I Layer   : id=79561[1] Destroyed Surface(name=ActivityRecord{14b5500 u0 com.example.dogglers/.MainActivity t12726})/@0xec322b7 - animation-bounds#0
02-05 17:40:51.205   789   789 I Layer   : id=79558[1] Destroyed Surface(name=ActivityRecord{14b5500 u0 com.example.dogglers/.MainActivity t12726})/@0xec322b7 - animation-leash#0
02-05 17:40:51.206   789   789 I Layer   : id=79563[1] Destroyed Surface(name=ActivityRecord{5602cb4 u0 com.example.dogglers/.GridListActivity t12726})/@0x84dba68 - animation-bounds#0
02-05 17:40:51.206   789   789 I Layer   : id=79562[1] Destroyed Surface(name=ActivityRecord{5602cb4 u0 com.example.dogglers/.GridListActivity t12726})/@0x84dba68 - animation-leash#0
02-05 17:40:51.206 15500 15565 I mali_egl: eglDestroySurface() in
02-05 17:40:51.206  1163  1240 W WindowManager: lockNow pending, ignore updating lockscreen timeout
02-05 17:40:51.206 15500 15565 I mali_winsys: delete_surface() [1080x2400] return
02-05 17:40:51.206 15500 15565 I mali_egl: eglDestroySurface() out
02-05 17:40:51.207   789   834 E BufferQueueProducer: [com.example.dogglers/com.example.dogglers.MainActivity$_15500#0](id:315000036aa,api:0,p:-1,c:789) disconnect: not connected (req=1)
02-05 17:40:51.207 15500 15565 W libEGL  : EGLNativeWindowType 0x742fbd1010 disconnect failed
02-05 17:40:51.207  1163  2104 I InputDispatcher: Focus entered window (15500): 5509e7f in display 0 0
02-05 17:40:51.207  1163  3939 V WindowManager: Relayout Window{a980aa9 u0 com.example.dogglers/com.example.dogglers.MainActivity}: viewVisibility=8 req=1080x2400
02-05 17:40:51.208  1163  3939 W WindowManager: lockNow pending, ignore updating lockscreen timeout
02-05 17:40:51.209  1163  3939 V WindowManager: Relayout hash=a980aa9, pid=15500: mAttrs={(0,0)(fillxfill) sim={adjust=pan forwardNavigation} ty=BASE_APPLICATION wanim=0x1030304
02-05 17:40:51.209  1163  3939 V WindowManager:   fl=81810100
02-05 17:40:51.209  1163  3939 V WindowManager:   pfl=12020000
02-05 17:40:51.209  1163  3939 V WindowManager:   fitSides= naviIconColor=0}
02-05 17:40:51.209 15500 15500 I SurfaceControl: nativeRelease nativeObject s[499014700480]
02-05 17:40:51.209 15500 15500 I SurfaceControl: nativeRelease nativeObject e[499014700480]
02-05 17:40:51.209 15500 15500 I SurfaceControl: assignNativeObject: nativeObject = 0 Surface(name=null)/@0xfd687ee / android.view.SurfaceControl.readFromParcel:1117 android.view.IWindowSession$Stub$Proxy.relayout:1810 android.view.ViewRootImpl.relayoutWindow:9005 android.view.ViewRootImpl.performTraversals:3360 android.view.ViewRootImpl.doTraversal:2618 android.view.ViewRootImpl$TraversalRunnable.run:9971 android.view.Choreographer$CallbackRecord.run:1010 android.view.Choreographer.doCallbacks:809 android.view.Choreographer.doFrame:744 android.view.Choreographer$FrameDisplayEventReceiver.run:995
02-05 17:40:51.209 15500 15500 I SurfaceControl: assignNativeObject: nativeObject = 0 Surface(name=null)/@0xa19771 / android.view.SurfaceControl.readFromParcel:1117 android.view.IWindowSession$Stub$Proxy.relayout:1820 android.view.ViewRootImpl.relayoutWindow:9005 android.view.ViewRootImpl.performTraversals:3360 android.view.ViewRootImpl.doTraversal:2618 android.view.ViewRootImpl$TraversalRunnable.run:9971 android.view.Choreographer$CallbackRecord.run:1010 android.view.Choreographer.doCallbacks:809 android.view.Choreographer.doFrame:744 android.view.Choreographer$FrameDisplayEventReceiver.run:995
02-05 17:40:51.210 15500 15500 I ViewRootImpl@f181200[MainActivity]: Relayout returned: old=(0,0,1080,2400) new=(0,0,1080,2400) req=(1080,2400)8 dur=2 res=0x5 s={false 0} ch=true fn=27
02-05 17:40:51.210 15500 15500 I ViewRootImpl@6544784[InstrumentationActivityInvoker$EmptyActivity]: stopped(true) old=false
02-05 17:40:51.210 15500 15500 D LifecycleMonitor: Lifecycle status change: androidx.test.core.app.InstrumentationActivityInvoker$EmptyActivity@db45cbb in: STOPPED
02-05 17:40:51.210 15500 15500 D LifecycleMonitor: running callback: androidx.test.core.app.ActivityScenario$1@b686b2f
02-05 17:40:51.211 15500 15500 V ActivityScenario: Activity lifecycle changed event received but ignored because the intent does not match. startActivityIntent=Intent { act=android.intent.action.MAIN cat=[android.intent.category.LAUNCHER] cmp=com.example.dogglers/.MainActivity }, activity.getIntent()=Intent { act=android.intent.action.MAIN cat=[android.intent.category.LAUNCHER] flg=0x10000000 cmp=com.example.dogglers/androidx.test.core.app.InstrumentationActivityInvoker$EmptyActivity }, activity=androidx.test.core.app.InstrumentationActivityInvoker$EmptyActivity@db45cbb
02-05 17:40:51.211 15500 15500 D LifecycleMonitor: callback completes: androidx.test.core.app.ActivityScenario$1@b686b2f
02-05 17:40:51.211 15500 15500 D LifecycleMonitor: Lifecycle status change: androidx.test.core.app.InstrumentationActivityInvoker$EmptyActivity@db45cbb in: DESTROYED
02-05 17:40:51.211 15500 15500 D LifecycleMonitor: running callback: androidx.test.core.app.ActivityScenario$1@b686b2f
02-05 17:40:51.211 15500 15500 V ActivityScenario: Activity lifecycle changed event received but ignored because the intent does not match. startActivityIntent=Intent { act=android.intent.action.MAIN cat=[android.intent.category.LAUNCHER] cmp=com.example.dogglers/.MainActivity }, activity.getIntent()=Intent { act=android.intent.action.MAIN cat=[android.intent.category.LAUNCHER] flg=0x10000000 cmp=com.example.dogglers/androidx.test.core.app.InstrumentationActivityInvoker$EmptyActivity }, activity=androidx.test.core.app.InstrumentationActivityInvoker$EmptyActivity@db45cbb
02-05 17:40:51.212 15500 15500 D LifecycleMonitor: callback completes: androidx.test.core.app.ActivityScenario$1@b686b2f
02-05 17:40:51.212 15500 15500 I ViewRootImpl@6544784[InstrumentationActivityInvoker$EmptyActivity]: dispatchDetachedFromWindow
02-05 17:40:51.212  1163  1801 D InputTransport: Input channel destroyed: '5793f56', fd=744
02-05 17:40:51.212  1163  1801 I SurfaceControl: nativeRelease nativeObject s[499038985856]
02-05 17:40:51.212  1163  1801 I SurfaceControl: nativeRelease nativeObject e[499038985856]
02-05 17:40:51.212  1163  1801 D WindowManager: isScreenshotDisabledLocked - win: Window{5793f56 u0 com.example.dogglers/androidx.test.core.app.InstrumentationActivityInvoker$EmptyActivity}
02-05 17:40:51.212  1163  1801 D WindowManager: isScreenshotDisabledLocked: userId = 0, disabled =false
02-05 17:40:51.213  1163  1801 I SurfaceControl: nativeRelease nativeObject s[499183201856]
02-05 17:40:51.213  1163  1801 I SurfaceControl: nativeRelease nativeObject e[499183201856]
02-05 17:40:51.213   789   834 I SurfaceFlinger: id=79578 createSurf (0x0),-1 flag=24004, Surface(name=dbf3b45 InputMethod)/@0xf70bba8 - animation-leash#1
02-05 17:40:51.213  1163  1801 I SurfaceControl: nativeRelease nativeObject s[499183885856]
02-05 17:40:51.213  1163  1801 I SurfaceControl: nativeRelease nativeObject e[499183885856]
02-05 17:40:51.214   789  1272 I Layer   : id=79572 removeFromCurrentState com.example.dogglers/androidx.test.core.app.InstrumentationActivityInvoker$EmptyActivity$_15500#1 (185)
02-05 17:40:51.214  1163  1801 W WindowManager: lockNow pending, ignore updating lockscreen timeout
02-05 17:40:51.215   789  2265 I Layer   : id=79571 removeFromCurrentState 5793f56 com.example.dogglers/androidx.test.core.app.InstrumentationActivityInvoker$EmptyActivity#0 (185)
02-05 17:40:51.215   789  2265 I Layer   : id=79575 removeFromCurrentState Surface(name=dbf3b45 InputMethod)/@0xf70bba8 - animation-leash#0 (185)
02-05 17:40:51.215 15500 15500 D InputTransport: Input channel destroyed: '5793f56', fd=111
02-05 17:40:51.215   789  1273 I SurfaceFlinger: id=79572 Removed com.example.dogglers/androidx.test.core.app.InstrumentationActivityInvoker$EmptyActivity$_15500#1 (185)
02-05 17:40:51.215   789  1273 I SurfaceFlinger: id=79571 Removed 5793f56 com.example.dogglers/androidx.test.core.app.InstrumentationActivityInvoker$EmptyActivity#0 (185)
02-05 17:40:51.216 15500 15500 I ViewRootImpl@f181200[MainActivity]: stopped(true) old=false
02-05 17:40:51.216 15500 15500 D LifecycleMonitor: Lifecycle status change: com.example.dogglers.MainActivity@832b7e6 in: STOPPED
02-05 17:40:51.216 15500 15500 D LifecycleMonitor: running callback: androidx.test.core.app.ActivityScenario$1@b686b2f
02-05 17:40:51.217  1163  3939 I SurfaceControl: nativeRelease nativeObject s[496867020032]
02-05 17:40:51.217  1163  3939 I SurfaceControl: nativeRelease nativeObject e[496867020032]
02-05 17:40:51.217 15500 15500 V ActivityScenario: Update currentActivityStage to STOPPED, currentActivity=com.example.dogglers.MainActivity@832b7e6
02-05 17:40:51.217 15500 15500 D LifecycleMonitor: callback completes: androidx.test.core.app.ActivityScenario$1@b686b2f
02-05 17:40:51.217 15500 15500 D LifecycleMonitor: Lifecycle status change: com.example.dogglers.MainActivity@832b7e6 in: DESTROYED
02-05 17:40:51.217 15500 15500 D LifecycleMonitor: running callback: androidx.test.core.app.ActivityScenario$1@b686b2f
02-05 17:40:51.217 15500 15500 V ActivityScenario: Update currentActivityStage to DESTROYED, currentActivity=null
02-05 17:40:51.217 15500 15500 D LifecycleMonitor: callback completes: androidx.test.core.app.ActivityScenario$1@b686b2f
02-05 17:40:51.218 15500 15500 I ViewRootImpl@f181200[MainActivity]: dispatchDetachedFromWindow
02-05 17:40:51.219  1163  3939 D InputTransport: Input channel destroyed: 'a980aa9', fd=857
02-05 17:40:51.219  1163  3939 I SurfaceControl: nativeRelease nativeObject s[499038981152]
02-05 17:40:51.219  1163  3939 I SurfaceControl: nativeRelease nativeObject e[499038981152]
02-05 17:40:51.219  1163  3939 D WindowManager: isScreenshotDisabledLocked - win: Window{a980aa9 u0 com.example.dogglers/com.example.dogglers.MainActivity}
02-05 17:40:51.219  1163  3939 D WindowManager: isScreenshotDisabledLocked: userId = 0, disabled =false
02-05 17:40:51.219  1163  3939 I SurfaceControl: nativeRelease nativeObject s[496866863200]
02-05 17:40:51.219  1163  3939 I SurfaceControl: nativeRelease nativeObject e[496866863200]
02-05 17:40:51.219   789  1273 I Layer   : id=79548 removeFromCurrentState com.example.dogglers/com.example.dogglers.MainActivity$_15500#0 (185)
02-05 17:40:51.220  1163  3939 W WindowManager: lockNow pending, ignore updating lockscreen timeout
02-05 17:40:51.221   789   834 I Layer   : id=79570 removeFromCurrentState ActivityRecord{6c5653d u0 com.example.dogglers/androidx.test.core.app.InstrumentationActivityInvoker$EmptyActivity t12726}#0 (185)
02-05 17:40:51.221   789   834 I Layer   : id=79547 removeFromCurrentState a980aa9 com.example.dogglers/com.example.dogglers.MainActivity#0 (185)
02-05 17:40:51.221 15500 15500 D InputTransport: Input channel destroyed: 'a980aa9', fd=90
02-05 17:40:51.221 15500 15500 I ViewRootImpl@34576bc[GridListActivity]: MSG_WINDOW_FOCUS_CHANGED 1 1
02-05 17:40:51.221 15500 15500 D InputMethodManager: prepareNavigationBarInfo() DecorView@9abfdd5[GridListActivity]
02-05 17:40:51.221 15500 15500 D InputMethodManager: getNavigationBarColor() -16711423
02-05 17:40:51.222 15500 15500 D InputMethodManager: prepareNavigationBarInfo() DecorView@9abfdd5[GridListActivity]
02-05 17:40:51.222 15500 15500 D InputMethodManager: getNavigationBarColor() -16711423
02-05 17:40:51.222 15500 15500 V InputMethodManager: Starting input: tba=com.example.dogglers ic=null mNaviBarColor -16711423 mIsGetNaviBarColorSuccess true , NavVisible : true , NavTrans : false
02-05 17:40:51.222 15500 15500 D InputMethodManager: startInputInner - Id : 0
02-05 17:40:51.222 15500 15500 I InputMethodManager: startInputInner - mService.startInputOrWindowGainedFocus
02-05 17:40:51.222   789   789 I Layer   : id=79572[1] Destroyed com.example.dogglers/androidx.test.core.app.InstrumentationActivityInvoker$EmptyActivity$_15500#1
02-05 17:40:51.222   789   789 I Layer   : id=79571[1] Destroyed 5793f56 com.example.dogglers/androidx.test.core.app.InstrumentationActivityInvoker$EmptyActivity#0
02-05 17:40:51.222   789   834 I SurfaceFlinger: id=79570 Removed ActivityRecord{6c5653d u0 com.example.dogglers/androidx.test.core.app.InstrumentationActivityInvoker$EmptyActivity t12726}#0 (183)
02-05 17:40:51.222   789   834 I SurfaceFlinger: id=79547 Removed a980aa9 com.example.dogglers/com.example.dogglers.MainActivity#0 (183)
02-05 17:40:51.222  1163  3935 D InputMethodManagerService: mSecureKeypadEnabled = false
02-05 17:40:51.222  1163  3935 V InputMethodManagerService: hideCurrentInputLocked : shouldHideSoftInput is false
02-05 17:40:51.223  1163  3935 D InputMethodManagerService: DESKTOP MODE! : 2
02-05 17:40:51.223  1163  3935 D InputMethodManagerService: NOT IN KNOX DESKTOP MODE!
02-05 17:40:51.223  1163  3935 V InputMethodManagerService: getDisplayIdOfInputMethodWindowToBeAdded : 0
02-05 17:40:51.223  1163  3935 D InputMethodManagerService: checkDisplayOfStartInputAndUpdateKeyboard display Id 0last 0
02-05 17:40:51.223  1163  3935 D InputTransport: Input channel constructed: 'ClientS', fd=744
02-05 17:40:51.223  1163  3935 D InputTransport: Input channel destroyed: 'ClientS', fd=744
02-05 17:40:51.223 15500 15500 D InputTransport: Input channel constructed: 'ClientS', fd=90
02-05 17:40:51.223 15500 15500 D InputTransport: Input channel destroyed: 'ClientS', fd=112
02-05 17:40:51.223   789  1273 I SurfaceFlinger: id=79548 Removed com.example.dogglers/com.example.dogglers.MainActivity$_15500#0 (183)
02-05 17:40:51.224 15500 15559 I TestRunner: finished: clicking_grid_list_button_displays_grid_list(com.example.dogglers.ButtonTests)
