02-05 17:41:04.688 15500 15559 I TestRunner: started: vertical_scroll_content_at_first_position(com.example.dogglers.VerticalListTests)
02-05 17:41:04.692 15500 15559 W Settings: Setting always_finish_activities has moved from android.provider.Settings.System to android.provider.Settings.Global, returning read-only value.
02-05 17:41:04.695  1163  2602 I SemDvfsHyPerManager: acquire hyper - AMS_APP_SWITCH/1163@24, type = -999
02-05 17:41:04.695   726   817 I HYPER-HAL: [RequestManager.cpp]acquire(): Acquired ID : 705102  [1163 / 24]    HINT : AMS_APP_SWITCH    list :
02-05 17:41:04.695   789   834 I SurfaceFlinger: id=80166 createSurf (0x0),-1 flag=24004, Task=12742#0
02-05 17:41:04.696  4183  4183 I SemDvfsHyPerManager: acquire hyper - com.sec.android.sdhms/4183@9, type = -999
02-05 17:41:04.697   726   817 I HYPER-HAL: [ResourceManager.cpp]updateResource(): [CPUMinFreq] UpdateResource Request ID : 705102    Value : 2623359
02-05 17:41:04.697   726   817 I HYPER-HAL: [RequestManager.cpp]acquire(): Acquired ID : 8788537  [4183 / 9]    HINT : APP_START    list :
02-05 17:41:04.697   789   834 I SurfaceFlinger: id=80167 createSurf (0x0),-1 flag=80004, ActivityRecord{d3439ba u0 com.example.dogglers/androidx.test.core.app.InstrumentationActivityInvoker$BootstrapActivity t12742}#0
02-05 17:41:04.697   726   817 I HYPER-HAL: [ResourceManager.cpp]updateResource(): [CPUMaxFreq] UpdateResource Request ID : 8788537    Value : 2730000
02-05 17:41:04.698  1163  3970 V WindowOrientationListener: getProposedRotation: 0
02-05 17:41:04.700  1163  3970 W WindowManager: lockNow pending, ignore updating lockscreen timeout
02-05 17:41:04.700  1163  3970 I SemDvfsHyPerManager: acquire hyper - AMS_APP_LAUNCH/1163@21, type = -999
02-05 17:41:04.700   726   817 I HYPER-HAL: [RequestManager.cpp]acquire(): Acquired ID : 701541  [1163 / 21]    HINT : AMS_APP_LAUNCH    list :
02-05 17:41:04.701   726   817 I HYPER-HAL: [ResourceManager.cpp]updateResource(): [CPUMinFreq] UpdateResource Request ID : 701541    Value : 2623359
02-05 17:41:04.702  2003  2003 I DragController: endDrag
02-05 17:41:04.702  2003  2003 W PageOverlayMover: updateActivityLifecycleState : 3
02-05 17:41:04.702  5089 28744 I PageOverlayServiceImpl: [FROM HOME] updateActivityLifecycleState : 3
02-05 17:41:04.702  2003  2003 I SPayUpdater: updateSpayHandler launcher activity is paused false
02-05 17:41:04.735  1163  3970 V WindowOrientationListener: getProposedRotation: 0
02-05 17:41:04.735  1163  3970 V WindowOrientationListener: getProposedRotation: 0
02-05 17:41:04.735  1163  3970 V WindowOrientationListener: getProposedRotation: 0
02-05 17:41:04.737  1163  3970 D InputDispatcher: Focused application set to (0): d3439ba
02-05 17:41:04.741  1163  3970 W WindowManager: lockNow pending, ignore updating lockscreen timeout
02-05 17:41:04.743  1163  3970 V WindowManager: Relayout Window{6030dc2 u0 com.sec.android.app.launcher/com.sec.android.app.launcher.activities.LauncherActivity}: viewVisibility=0 req=1080x2400
02-05 17:41:04.743  1163  3970 W WindowManager: lockNow pending, ignore updating lockscreen timeout
02-05 17:41:04.745  1163  1240 D InputTransport: Input channel constructed: 'cd036be', fd=860
02-05 17:41:04.745  1163  1240 D InputTransport: Input channel constructed: 'cd036be', fd=888
02-05 17:41:04.745  1163  3970 V WindowManager: Relayout hash=6030dc2, pid=2003: mAttrs={(0,0)(fillxfill) sim={adjust=nothing} layoutInDisplayCutoutMode=shortEdges ty=BASE_APPLICATION fmt=TRANSPARENT wanim=0x10302f2
02-05 17:41:04.745  1163  3970 V WindowManager:   fl=81910100
02-05 17:41:04.745  1163  3970 V WindowManager:   pfl=16020000
02-05 17:41:04.745  1163  3970 V WindowManager:   vsysui=1700
02-05 17:41:04.745  1163  3970 V WindowManager:   apr=LIGHT_STATUS_BARS
02-05 17:41:04.745  1163  3970 V WindowManager:   bhv=SHOW_TRANSIENT_BARS_BY_SWIPE
02-05 17:41:04.745  1163  3970 V WindowManager:   fitSides= dimAmount=0.125 dimDuration=200 naviIconColor=0}
02-05 17:41:04.745  1163  3970 I SurfaceControl: nativeRelease nativeObject s[499038073664]
02-05 17:41:04.745  1163  3970 I SurfaceControl: nativeRelease nativeObject e[499038073664]
02-05 17:41:04.745   789   835 I SurfaceFlinger: id=80168 createSurf (0x0),-1 flag=80004, cd036be Splash Screen com.example.dogglers#0
02-05 17:41:04.745  2003  2003 I SurfaceControl: nativeRelease nativeObject s[499014697504]
02-05 17:41:04.745  2003  2003 I SurfaceControl: nativeRelease nativeObject e[499014697504]
02-05 17:41:04.745  2003  2003 I SurfaceControl: assignNativeObject: nativeObject = 0 Surface(name=null)/@0x37cdda1 / android.view.SurfaceControl.readFromParcel:1117 android.view.IWindowSession$Stub$Proxy.relayout:1820 android.view.ViewRootImpl.relayoutWindow:9005 android.view.ViewRootImpl.performTraversals:3360 android.view.ViewRootImpl.doTraversal:2618 android.view.ViewRootImpl$TraversalRunnable.run:9971 android.view.Choreographer$CallbackRecord.run:1010 android.view.Choreographer.doCallbacks:809 android.view.Choreographer.doFrame:744 android.view.Choreographer$FrameDisplayEventReceiver.run:995
02-05 17:41:04.746  2003  2003 I SurfaceControl: nativeRelease nativeObject s[497484643616]
02-05 17:41:04.746  2003  2003 I SurfaceControl: nativeRelease nativeObject e[497484643616]
02-05 17:41:04.746  2003  2003 I SurfaceControl: nativeRelease nativeObject s[497484222368]
02-05 17:41:04.746  2003  2003 I SurfaceControl: nativeRelease nativeObject e[497484222368]
02-05 17:41:04.746  2003  2003 I SurfaceControl: nativeRelease nativeObject s[497484218144]
02-05 17:41:04.746  2003  2003 I SurfaceControl: nativeRelease nativeObject e[497484218144]
02-05 17:41:04.746  2003  2003 I ViewRootImpl@e2e8b8d[LauncherActivity]: Relayout returned: old=(0,0,1080,2400) new=(0,0,1080,2400) req=(1080,2400)0 dur=3 res=0x1 s={true 497483223040} ch=false fn=26
02-05 17:41:04.746 15500 15500 D LifecycleMonitor: Lifecycle status change: androidx.test.core.app.InstrumentationActivityInvoker$BootstrapActivity@3dbac8e in: PRE_ON_CREATE
02-05 17:41:04.746 15500 15500 D LifecycleMonitor: running callback: androidx.test.core.app.ActivityScenario$1@6efecaf
02-05 17:41:04.747 15500 15500 V ActivityScenario: Activity lifecycle changed event received but ignored because the intent does not match. startActivityIntent=Intent { act=android.intent.action.MAIN cat=[android.intent.category.LAUNCHER] cmp=com.example.dogglers/.VerticalListActivity }, activity.getIntent()=Intent { act=android.intent.action.MAIN cat=[android.intent.category.LAUNCHER] flg=0x10008000 cmp=com.example.dogglers/androidx.test.core.app.InstrumentationActivityInvoker$BootstrapActivity (has extras) }, activity=androidx.test.core.app.InstrumentationActivityInvoker$BootstrapActivity@3dbac8e
02-05 17:41:04.747 15500 15500 D LifecycleMonitor: callback completes: androidx.test.core.app.ActivityScenario$1@6efecaf
02-05 17:41:04.747  1163  1240 I ViewRootImpl@2ba979[dogglers]: setView = com.android.internal.policy.DecorView@66cd66c TM=true
02-05 17:41:04.749  1163  1259 D FastTrack: setFastTrackState: pid = 15500 ;tid= 15500 ;value= 1
02-05 17:41:04.750  1163  1259 D FastTrack: setFastTrackState: pid = 15500 ;tid= 15565 ;value= 1
02-05 17:41:04.752 15500 15500 I DecorView: [INFO] isPopOver=false, config=true
02-05 17:41:04.752 15500 15500 I DecorView: updateCaptionType >> DecorView@5637045[], isFloating=false, isApplication=true, hasWindowDecorCaption=false, hasWindowControllerCallback=true
02-05 17:41:04.752 15500 15500 D DecorView: setCaptionType = 0, this = DecorView@5637045[]
02-05 17:41:04.753 15500 15500 D LifecycleMonitor: Lifecycle status change: androidx.test.core.app.InstrumentationActivityInvoker$BootstrapActivity@3dbac8e in: CREATED
02-05 17:41:04.753 15500 15500 D LifecycleMonitor: running callback: androidx.test.core.app.ActivityScenario$1@6efecaf
02-05 17:41:04.753 15500 15500 V ActivityScenario: Activity lifecycle changed event received but ignored because the intent does not match. startActivityIntent=Intent { act=android.intent.action.MAIN cat=[android.intent.category.LAUNCHER] cmp=com.example.dogglers/.VerticalListActivity }, activity.getIntent()=Intent { act=android.intent.action.MAIN cat=[android.intent.category.LAUNCHER] flg=0x10008000 cmp=com.example.dogglers/androidx.test.core.app.InstrumentationActivityInvoker$BootstrapActivity (has extras) }, activity=androidx.test.core.app.InstrumentationActivityInvoker$BootstrapActivity@3dbac8e
02-05 17:41:04.753 15500 15500 D LifecycleMonitor: callback completes: androidx.test.core.app.ActivityScenario$1@6efecaf
02-05 17:41:04.753  1163  1237 D SehCodecSolutionService: Update top [com.example.dogglers]
02-05 17:41:04.753  1163  1511 D PkgPredictorService: com.example.dogglers go to foreground!
02-05 17:41:04.754  1163  1511 E PkgPredictorService-Collector: record changed bt=1  wifi=1 screen=0
02-05 17:41:04.754  1163  1511 D PkgPredictorService: previous pkgs: com.example.dogglers,com.example.dogglers,com.example.dogglers running pkg: com.example.dogglers, uid: 0 is system: false
02-05 17:41:04.754  1163  1511 D PkgPredictorService-Collector: save record...
02-05 17:41:04.754  1163  1511 D PkgPredictorService-Collector:  (hour:17 day:7 previous:[com.example.dogglers, com.example.dogglers, com.example.dogglers] activityName:unknown running:com.example.dogglers userId:0 screenOrientation:0 wifi:1 bt:1 predictTime:1 apkVersion:1.0 consumeTime:-1 preloaded:false>)
02-05 17:41:04.754  1163  1511 D PkgPredictorService-NapPreloadController: User using: com.example.dogglers
02-05 17:41:04.754  1163  1511 I PkgPredictorService-NapClassifier: RF predict version:1644037200287
02-05 17:41:04.754 15500 15500 D LifecycleMonitor: Lifecycle status change: androidx.test.core.app.InstrumentationActivityInvoker$BootstrapActivity@3dbac8e in: STARTED
02-05 17:41:04.754 15500 15500 D LifecycleMonitor: running callback: androidx.test.core.app.ActivityScenario$1@6efecaf
02-05 17:41:04.754 15500 15500 V ActivityScenario: Activity lifecycle changed event received but ignored because the intent does not match. startActivityIntent=Intent { act=android.intent.action.MAIN cat=[android.intent.category.LAUNCHER] cmp=com.example.dogglers/.VerticalListActivity }, activity.getIntent()=Intent { act=android.intent.action.MAIN cat=[android.intent.category.LAUNCHER] flg=0x10008000 cmp=com.example.dogglers/androidx.test.core.app.InstrumentationActivityInvoker$BootstrapActivity (has extras) }, activity=androidx.test.core.app.InstrumentationActivityInvoker$BootstrapActivity@3dbac8e
02-05 17:41:04.754 15500 15500 D LifecycleMonitor: callback completes: androidx.test.core.app.ActivityScenario$1@6efecaf
02-05 17:41:04.754  1163  1511 D PkgPredictorService-NapClassifier: Predict result: 22.0,-1.0,-1.0,-1.0,-1.0,-1.0,-1.0,-1.0,-1.0, - [0_&_com.laurencedawson.reddit_sync.pro]
02-05 17:41:04.756   789   835 I SurfaceFlinger: id=80169 createSurf (0x0),-1 flag=80004, ActivityRecord{f298704 u0 com.example.dogglers/.VerticalListActivity t12742}#0
02-05 17:41:04.759  1163  3940 W WindowManager: lockNow pending, ignore updating lockscreen timeout
02-05 17:41:04.759 15500 15500 D LifecycleMonitor: Lifecycle status change: androidx.test.core.app.InstrumentationActivityInvoker$BootstrapActivity@3dbac8e in: RESUMED
02-05 17:41:04.759 15500 15500 D LifecycleMonitor: running callback: androidx.test.core.app.ActivityScenario$1@6efecaf
02-05 17:41:04.760 15500 15500 V ActivityScenario: Activity lifecycle changed event received but ignored because the intent does not match. startActivityIntent=Intent { act=android.intent.action.MAIN cat=[android.intent.category.LAUNCHER] cmp=com.example.dogglers/.VerticalListActivity }, activity.getIntent()=Intent { act=android.intent.action.MAIN cat=[android.intent.category.LAUNCHER] flg=0x10008000 cmp=com.example.dogglers/androidx.test.core.app.InstrumentationActivityInvoker$BootstrapActivity (has extras) }, activity=androidx.test.core.app.InstrumentationActivityInvoker$BootstrapActivity@3dbac8e
02-05 17:41:04.760 15500 15500 D LifecycleMonitor: callback completes: androidx.test.core.app.ActivityScenario$1@6efecaf
02-05 17:41:04.761 15500 15500 D LifecycleMonitor: Lifecycle status change: androidx.test.core.app.InstrumentationActivityInvoker$BootstrapActivity@3dbac8e in: PAUSED
02-05 17:41:04.761 15500 15500 D LifecycleMonitor: running callback: androidx.test.core.app.ActivityScenario$1@6efecaf
02-05 17:41:04.761 15500 15500 V ActivityScenario: Activity lifecycle changed event received but ignored because the intent does not match. startActivityIntent=Intent { act=android.intent.action.MAIN cat=[android.intent.category.LAUNCHER] cmp=com.example.dogglers/.VerticalListActivity }, activity.getIntent()=Intent { act=android.intent.action.MAIN cat=[android.intent.category.LAUNCHER] flg=0x10008000 cmp=com.example.dogglers/androidx.test.core.app.InstrumentationActivityInvoker$BootstrapActivity (has extras) }, activity=androidx.test.core.app.InstrumentationActivityInvoker$BootstrapActivity@3dbac8e
02-05 17:41:04.761 15500 15500 D LifecycleMonitor: callback completes: androidx.test.core.app.ActivityScenario$1@6efecaf
02-05 17:41:04.762  1163  2104 I InputDispatcher: Focus left window (2003): 6030dc2 in display 0 0
02-05 17:41:04.762  1163  3944 V WindowOrientationListener: getProposedRotation: 0
02-05 17:41:04.762  1163  3944 V WindowOrientationListener: getProposedRotation: 0
02-05 17:41:04.762  1163  3944 V WindowOrientationListener: getProposedRotation: 0
02-05 17:41:04.763  1163  3944 D InputDispatcher: Focused application set to (0): f298704
02-05 17:41:04.765  1163  3944 W WindowManager: lockNow pending, ignore updating lockscreen timeout
02-05 17:41:04.765  1163  1240 V WindowManager: Relayout Window{cd036be u0 Splash Screen com.example.dogglers}: viewVisibility=0 req=1080x2400
02-05 17:41:04.766  1163  1240 W WindowManager: lockNow pending, ignore updating lockscreen timeout
02-05 17:41:04.767  1163  1240 D WindowManager: isScreenshotDisabledLocked - win: Window{cd036be u0 Splash Screen com.example.dogglers}
02-05 17:41:04.767  1163  1240 D WindowManager: isScreenshotDisabledLocked: userId = 0, disabled =false
02-05 17:41:04.767   789   835 I SurfaceFlinger: id=80170 createSurf (1080x2400),1 flag=404, Splash Screen com.example.dogglers#0
02-05 17:41:04.769  2003  2003 I ViewRootImpl@e2e8b8d[LauncherActivity]: MSG_WINDOW_FOCUS_CHANGED 0 1
02-05 17:41:04.769  1163  1240 V WindowManager: Relayout hash=cd036be, pid=1163: mAttrs={(0,0)(fillxfill) sim={adjust=pan} layoutInDisplayCutoutMode=shortEdges ty=APPLICATION_STARTING wanim=0x1030001
02-05 17:41:04.769  1163  1240 V WindowManager:   fl=1830118
02-05 17:41:04.769  1163  1240 V WindowManager:   pfl=12020011
02-05 17:41:04.769  1163  1240 V WindowManager:   fitSides= naviIconColor=0}
02-05 17:41:04.769  1163  1240 I ViewRootImpl@2ba979[dogglers]: Relayout returned: old=(0,0,1080,2400) new=(0,0,1080,2400) req=(1080,2400)0 dur=8 res=0x7 s={true 497474408448} ch=true fn=-1
02-05 17:41:04.770  1163  1240 I ViewRootImpl@2ba979[dogglers]: [DP] dp(1) 1 android.view.ViewRootImpl.reportNextDraw:10957 android.view.ViewRootImpl.performTraversals:3845 android.view.ViewRootImpl.doTraversal:2618
02-05 17:41:04.771   716   957 D gralloc : [mali_gralloc_allocate] begin
02-05 17:41:04.771   716   957 D gralloc : buffer_descriptor: wh(1080 2400) usage_pc(0x966 0x906) hal_format(0x1) layer_count(1) sizes(0 0 0) strde(0) byte_stride(0) alloc_wh(0 0) internal_format(0x0) alloc_format(0x0) fd_count(1) plane_count(0)
02-05 17:41:04.771 15500 15500 D LifecycleMonitor: Lifecycle status change: com.example.dogglers.VerticalListActivity@54bf66 in: PRE_ON_CREATE
02-05 17:41:04.771 15500 15500 D LifecycleMonitor: running callback: androidx.test.core.app.ActivityScenario$1@6efecaf
02-05 17:41:04.771 15500 15500 V ActivityScenario: Activity lifecycle changed event received but ignored because the reported transition was not ON_CREATE while the last known transition was PRE_ON_CREATE
02-05 17:41:04.771   716   957 D gralloc : [mali_gralloc_allocate] allocation successful
02-05 17:41:04.771 15500 15500 D LifecycleMonitor: callback completes: androidx.test.core.app.ActivityScenario$1@6efecaf
02-05 17:41:04.775 15500 15500 I DecorView: [INFO] isPopOver=false, config=true
02-05 17:41:04.776 15500 15500 I DecorView: updateCaptionType >> DecorView@e7b5f9f[], isFloating=false, isApplication=true, hasWindowDecorCaption=false, hasWindowControllerCallback=true
02-05 17:41:04.776 15500 15500 D DecorView: setCaptionType = 0, this = DecorView@e7b5f9f[]
02-05 17:41:04.776  1163  1240 I ViewRootImpl@2ba979[dogglers]: [DP] pdf(0) 1 android.view.ViewRootImpl.performDraw:4809 android.view.ViewRootImpl.performTraversals:3866 android.view.ViewRootImpl.doTraversal:2618
02-05 17:41:04.776  1163  1240 I ViewRootImpl@2ba979[dogglers]: [DP] rdf()
02-05 17:41:04.778  2003  2003 I BadgeRenderer: Invalid count : 0
02-05 17:41:04.778  2003  2003 I BadgeRenderer: Invalid count : 0
02-05 17:41:04.778  2003  2003 I BadgeRenderer: Invalid count : 0
02-05 17:41:04.778  2003  2003 I BadgeRenderer: Invalid count : 0
02-05 17:41:04.778  2003  2003 I BadgeRenderer: Invalid count : 0
02-05 17:41:04.778  2003  2003 I BadgeRenderer: Invalid count : 0
02-05 17:41:04.779  1163  1240 W WindowManager: lockNow pending, ignore updating lockscreen timeout
02-05 17:41:04.784  1680 13822 D WallpaperService: dispatchAppVisibility onVisibilityChanged(): false
02-05 17:41:04.784  1680  1680 D WallpaperService: reportVisibility onVisibilityChanged visible: false
02-05 17:41:04.784  1680  1806 I ImageWallpaper:  onVisibilityChanged false , 0
02-05 17:41:04.784  1163  1240 I SurfaceControl: nativeRelease nativeObject s[496867019744]
02-05 17:41:04.784  1163  1240 I SurfaceControl: nativeRelease nativeObject e[496867019744]
02-05 17:41:04.785   789   834 I SurfaceFlinger: id=80171 createSurf (0x0),-1 flag=24000, Surface(name=8c655e2 StatusBar)/@0x44a9b07 - animation-leash#1
02-05 17:41:04.785  1163  1240 I SurfaceControl: nativeRelease nativeObject s[496867020320]
02-05 17:41:04.785  1163  1240 I SurfaceControl: nativeRelease nativeObject e[496867020320]
02-05 17:41:04.786   789   834 I SurfaceFlinger: id=80172 createSurf (0x0),-1 flag=24000, Surface(name=b29f82b NavigationBar0)/@0x8634759 - animation-leash#0
02-05 17:41:04.786  1163  1240 W WindowManager: lockNow pending, ignore updating lockscreen timeout
02-05 17:41:04.786  1163  1237 D WindowManager: setDisableFlags: displayId=0, vis=0x8008, appearance=0, transientState=Pair{[I@fbc5c88 [I@950621}, isFullscreen=false, isImmersive=false, barType=0, win=Window{cd036be u0 Splash Screen com.example.dogglers}
02-05 17:41:04.787  1680  1680 D NavigationBar: onSystemBarAppearanceChanged() -  displayId:0, appearance:0, navbarColorManagedByIme:false
02-05 17:41:04.787   789   834 I Layer   : id=80159 removeFromCurrentState Surface(name=8c655e2 StatusBar)/@0x44a9b07 - animation-leash#0 (192)
02-05 17:41:04.787   789   834 I Layer   : id=80160 removeFromCurrentState Surface(name=b29f82b NavigationBar0)/@0x8634759 - animation-leash#1 (192)
02-05 17:41:04.787  1680  1680 D SecStatusBarMobileView: setStaticDrawableColor:
02-05 17:41:04.787  1680  1680 D SecLightBarControlHelper: updateStatus(WHITE icon) NumLightStacks:0, NumStacks:1, IndexLightStack:-1, StatusBarMode:0, StatusBarState:SHD, NeedDarkFontFromWallpaper:true, isWhiteKeyguardStatusBarBySettings:true
02-05 17:41:04.788 15500 15500 D LifecycleMonitor: Lifecycle status change: com.example.dogglers.VerticalListActivity@54bf66 in: CREATED
02-05 17:41:04.788 15500 15500 D LifecycleMonitor: running callback: androidx.test.core.app.ActivityScenario$1@6efecaf
02-05 17:41:04.788 15500 15500 V ActivityScenario: Update currentActivityStage to CREATED, currentActivity=com.example.dogglers.VerticalListActivity@54bf66
02-05 17:41:04.788 15500 15500 D LifecycleMonitor: callback completes: androidx.test.core.app.ActivityScenario$1@6efecaf
02-05 17:41:04.789 15500 15500 D LifecycleMonitor: Lifecycle status change: com.example.dogglers.VerticalListActivity@54bf66 in: STARTED
02-05 17:41:04.789 15500 15500 D LifecycleMonitor: running callback: androidx.test.core.app.ActivityScenario$1@6efecaf
02-05 17:41:04.789 15500 15500 V ActivityScenario: Update currentActivityStage to STARTED, currentActivity=com.example.dogglers.VerticalListActivity@54bf66
02-05 17:41:04.789 15500 15500 D LifecycleMonitor: callback completes: androidx.test.core.app.ActivityScenario$1@6efecaf
02-05 17:41:04.790 15500 15500 D LifecycleMonitor: Lifecycle status change: com.example.dogglers.VerticalListActivity@54bf66 in: RESUMED
02-05 17:41:04.790 15500 15500 D LifecycleMonitor: running callback: androidx.test.core.app.ActivityScenario$1@6efecaf
02-05 17:41:04.790 15500 15500 V ActivityScenario: Update currentActivityStage to RESUMED, currentActivity=com.example.dogglers.VerticalListActivity@54bf66
02-05 17:41:04.790 15500 15500 D LifecycleMonitor: callback completes: androidx.test.core.app.ActivityScenario$1@6efecaf
02-05 17:41:04.792  1163  3944 D InputTransport: Input channel constructed: 'efeb934', fd=916
02-05 17:41:04.792  1163  3944 D InputTransport: Input channel constructed: 'efeb934', fd=927
02-05 17:41:04.792   789   834 I SurfaceFlinger: id=80173 createSurf (0x0),-1 flag=80004, efeb934 com.example.dogglers/com.example.dogglers.VerticalListActivity#0
02-05 17:41:04.793  1163  3944 D WindowManager: isScreenshotDisabledLocked - win: Window{efeb934 u0 com.example.dogglers/com.example.dogglers.VerticalListActivity}
02-05 17:41:04.793  1163  3944 D WindowManager: isScreenshotDisabledLocked: userId = 0, disabled =false
02-05 17:41:04.793  1163  3944 D InputTransport: Input channel destroyed: 'efeb934', fd=927
02-05 17:41:04.793 15500 15500 D InputTransport: Input channel constructed: 'efeb934', fd=90
02-05 17:41:04.794 15500 15500 I ViewRootImpl@adc89ee[VerticalListActivity]: setView = com.android.internal.policy.DecorView@e7b5f9f TM=true
02-05 17:41:04.794 15500 15500 D IdlingResourceRegistry: All idling resources are idle.
02-05 17:41:04.794  1680  1680 D SecStatusBarMobileView: setStaticDrawableColor:
02-05 17:41:04.795  2003  4215 I mali_egl: eglDestroySurface() in
02-05 17:41:04.796  2003  4215 I mali_winsys: delete_surface() [1080x2400] return
02-05 17:41:04.796  2003  4215 I mali_egl: eglDestroySurface() out
02-05 17:41:04.796  1163  3938 V WindowManager: Relayout Window{efeb934 u0 com.example.dogglers/com.example.dogglers.VerticalListActivity}: viewVisibility=0 req=1080x2400
02-05 17:41:04.796   789  1273 E BufferQueueProducer: [com.sec.android.app.launcher/com.sec.android.app.launcher.activities.LauncherActivity$_2003#0](id:315000036f8,api:0,p:-1,c:789) disconnect: not connected (req=1)
02-05 17:41:04.796  2003  4215 W libEGL  : EGLNativeWindowType 0x73d44f9010 disconnect failed
02-05 17:41:04.797  1163  3938 W WindowManager: lockNow pending, ignore updating lockscreen timeout
02-05 17:41:04.797  1163  3938 D WindowManager: isScreenshotDisabledLocked - win: Window{efeb934 u0 com.example.dogglers/com.example.dogglers.VerticalListActivity}
02-05 17:41:04.797  1163  3938 D WindowManager: isScreenshotDisabledLocked: userId = 0, disabled =false
02-05 17:41:04.797   789   834 I SurfaceFlinger: id=80174 createSurf (1080x2400),1 flag=404, com.example.dogglers/com.example.dogglers.VerticalListActivity$_15500#0
02-05 17:41:04.799  1163  3938 I SurfaceControl: nativeRelease nativeObject s[496861211392]
02-05 17:41:04.799  1163  3938 I SurfaceControl: nativeRelease nativeObject e[496861211392]
02-05 17:41:04.799   789   834 I SurfaceFlinger: id=80175 createSurf (0x0),-1 flag=24000, Surface(name=8c655e2 StatusBar)/@0x44a9b07 - animation-leash#0
02-05 17:41:04.800  1163  3938 I SurfaceControl: nativeRelease nativeObject s[496861213216]
02-05 17:41:04.800  1163  3938 I SurfaceControl: nativeRelease nativeObject e[496861213216]
02-05 17:41:04.800   789  1273 I SurfaceFlinger: id=80176 createSurf (0x0),-1 flag=24000, Surface(name=b29f82b NavigationBar0)/@0x8634759 - animation-leash#1
02-05 17:41:04.800  1163  3938 V WindowManager: Relayout hash=efeb934, pid=15500: mAttrs={(0,0)(fillxfill) sim={adjust=resize forwardNavigation} ty=BASE_APPLICATION wanim=0x1030304
02-05 17:41:04.800  1163  3938 V WindowManager:   fl=81810100
02-05 17:41:04.800  1163  3938 V WindowManager:   pfl=12020000
02-05 17:41:04.800  1163  3938 V WindowManager:   fitSides= naviIconColor=0}
02-05 17:41:04.800  1163  3938 I SurfaceControl: nativeRelease nativeObject s[499038975488]
02-05 17:41:04.800  1163  3938 I SurfaceControl: nativeRelease nativeObject e[499038975488]
02-05 17:41:04.801   789   789 D SurfaceFlinger: Display 21442653864348033 HWC layers:
02-05 17:41:04.801   789   789 D SurfaceFlinger:      DEVICE | 0x7408500100 | 0002 | RGBA_8888    |    0.0    0.0 1080.0 2400.0 |    0    0 1080 2400 | Splash Screen com.example.dogglers#0
02-05 17:41:04.801   789   789 D SurfaceFlinger:      DEVICE | 0x7408500740 | 0000 | RGBA_8888    |    0.0    0.0 1080.0   88.0 |    0    0 1080   88 | StatusBar$_1680#0
02-05 17:41:04.801   789   789 D SurfaceFlinger:      DEVICE | 0x7428c40600 | 0000 | RGBA_8888    |    0.0    0.0 1080.0  144.0 |    0 2256 1080 2400 | NavigationBar0$_1680#0
02-05 17:41:04.801   789   789 D SurfaceFlinger:      DEVICE | 0x7408191180 | 0000 | RGBA_8888    |    0.0    0.0 1080.0  125.0 |    0    0 1080  125 | ScreenDecorOverlay$_1680#0
02-05 17:41:04.801   789   789 D SurfaceFlinger:      DEVICE | 0x7428c3f480 | 0000 | RGBA_8888    |    0.0    0.0 1080.0  112.0 |    0 2288 1080 2400 | ScreenDecorOverlayBottom$_1680#0
02-05 17:41:04.801   789   789 D SurfaceFlinger:
02-05 17:41:04.801  1163  1240 W WindowManager: lockNow pending, ignore updating lockscreen timeout
02-05 17:41:04.801 15500 15500 I SurfaceControl: assignNativeObject: nativeObject = 0 Surface(name=null)/@0xe016e8f / android.view.SurfaceControl.readFromParcel:1117 android.view.IWindowSession$Stub$Proxy.relayout:1820 android.view.ViewRootImpl.relayoutWindow:9005 android.view.ViewRootImpl.performTraversals:3360 android.view.ViewRootImpl.doTraversal:2618 android.view.ViewRootImpl$TraversalRunnable.run:9971 android.view.Choreographer$CallbackRecord.run:1010 android.view.Choreographer.doCallbacks:809 android.view.Choreographer.doFrame:744 android.view.Choreographer$FrameDisplayEventReceiver.run:995
02-05 17:41:04.801 15500 15500 I ViewRootImpl@adc89ee[VerticalListActivity]: Relayout returned: old=(0,0,1080,2400) new=(0,0,1080,2400) req=(1080,2400)0 dur=5 res=0x7 s={true 499142242304} ch=true fn=-1
02-05 17:41:04.802   789   834 I Layer   : id=80171 removeFromCurrentState Surface(name=8c655e2 StatusBar)/@0x44a9b07 - animation-leash#1 (196)
02-05 17:41:04.802   789   834 I Layer   : id=80172 removeFromCurrentState Surface(name=b29f82b NavigationBar0)/@0x8634759 - animation-leash#0 (196)
02-05 17:41:04.802 15500 15565 I mali_winsys: new_window_surface() [1080x2400] return: 0x3000
02-05 17:41:04.802   716   957 D gralloc : [mali_gralloc_allocate] begin
02-05 17:41:04.802   716   957 D gralloc : buffer_descriptor: wh(1080 2400) usage_pc(0x40000000000b00 0x40000000000b00) hal_format(0x1) layer_count(1) sizes(0 0 0) strde(0) byte_stride(0) alloc_wh(0 0) internal_format(0x0) alloc_format(0x0) fd_count(1) plane_count(0)
02-05 17:41:04.804   716   957 D gralloc : [mali_gralloc_allocate] allocation successful
02-05 17:41:04.804 15500 15500 I ViewRootImpl@adc89ee[VerticalListActivity]: [DP] dp(1) 1 android.view.ViewRootImpl.reportNextDraw:10957 android.view.ViewRootImpl.performTraversals:3845 android.view.ViewRootImpl.doTraversal:2618
02-05 17:41:04.804 15500 15500 I ViewRootImpl@adc89ee[VerticalListActivity]: [DP] pd() Asnyc report
02-05 17:41:04.804  1163  3970 V WindowManager: Relayout Window{6030dc2 u0 com.sec.android.app.launcher/com.sec.android.app.launcher.activities.LauncherActivity}: viewVisibility=8 req=1080x2400
02-05 17:41:04.804   716   957 D gralloc : [mali_gralloc_allocate] begin
02-05 17:41:04.804   716   957 D gralloc : buffer_descriptor: wh(1080 2400) usage_pc(0x40000000000b00 0x40000000000b00) hal_format(0x1) layer_count(1) sizes(0 0 0) strde(0) byte_stride(0) alloc_wh(0 0) internal_format(0x0) alloc_format(0x0) fd_count(1) plane_count(0)
02-05 17:41:04.805  1163  1240 I SurfaceControl: nativeRelease nativeObject s[496867020320]
02-05 17:41:04.805  1163  1240 I SurfaceControl: nativeRelease nativeObject e[496867020320]
02-05 17:41:04.805  1163  1240 I SurfaceControl: nativeRelease nativeObject s[496867019744]
02-05 17:41:04.805  1163  1240 I SurfaceControl: nativeRelease nativeObject e[496867019744]
02-05 17:41:04.805  1163  3970 W WindowManager: lockNow pending, ignore updating lockscreen timeout
02-05 17:41:04.805   789   834 I SurfaceFlinger: id=80172 Removed Surface(name=b29f82b NavigationBar0)/@0x8634759 - animation-leash#0 (196)
02-05 17:41:04.805   789   834 I SurfaceFlinger: id=80171 Removed Surface(name=8c655e2 StatusBar)/@0x44a9b07 - animation-leash#1 (196)
02-05 17:41:04.806  1163  2104 V WindowManager: Relayout Window{b594a18 u0 NotificationShade}: viewVisibility=4 req=1080x2400
02-05 17:41:04.807  1163  3970 V WindowManager: Relayout hash=6030dc2, pid=2003: mAttrs={(0,0)(fillxfill) sim={adjust=nothing} layoutInDisplayCutoutMode=shortEdges ty=BASE_APPLICATION fmt=TRANSPARENT wanim=0x10302f2
02-05 17:41:04.807  1163  3970 V WindowManager:   fl=81910100
02-05 17:41:04.807  1163  3970 V WindowManager:   pfl=16020000
02-05 17:41:04.807  1163  3970 V WindowManager:   vsysui=1700
02-05 17:41:04.807  1163  3970 V WindowManager:   apr=LIGHT_STATUS_BARS
02-05 17:41:04.807  1163  3970 V WindowManager:   bhv=SHOW_TRANSIENT_BARS_BY_SWIPE
02-05 17:41:04.807  1163  3970 V WindowManager:   fitSides= dimAmount=0.125 dimDuration=200 naviIconColor=0}
02-05 17:41:04.807  1163  2104 W WindowManager: lockNow pending, ignore updating lockscreen timeout
02-05 17:41:04.807  2003  2003 I SurfaceControl: nativeRelease nativeObject s[499014742880]
02-05 17:41:04.807  2003  2003 I SurfaceControl: nativeRelease nativeObject e[499014742880]
02-05 17:41:04.808  2003  2003 I SurfaceControl: assignNativeObject: nativeObject = 0 Surface(name=null)/@0x631c8c8 / android.view.SurfaceControl.readFromParcel:1117 android.view.IWindowSession$Stub$Proxy.relayout:1810 android.view.ViewRootImpl.relayoutWindow:9005 android.view.ViewRootImpl.performTraversals:3360 android.view.ViewRootImpl.doTraversal:2618 android.view.ViewRootImpl$TraversalRunnable.run:9971 android.view.Choreographer$CallbackRecord.run:1010 android.view.Choreographer.doCallbacks:809 android.view.Choreographer.doFrame:744 android.view.Choreographer$FrameDisplayEventReceiver.run:995
02-05 17:41:04.808  2003  2003 I SurfaceControl: assignNativeObject: nativeObject = 0 Surface(name=null)/@0x37cdda1 / android.view.SurfaceControl.readFromParcel:1117 android.view.IWindowSession$Stub$Proxy.relayout:1820 android.view.ViewRootImpl.relayoutWindow:9005 android.view.ViewRootImpl.performTraversals:3360 android.view.ViewRootImpl.doTraversal:2618 android.view.ViewRootImpl$TraversalRunnable.run:9971 android.view.Choreographer$CallbackRecord.run:1010 android.view.Choreographer.doCallbacks:809 android.view.Choreographer.doFrame:744 android.view.Choreographer$FrameDisplayEventReceiver.run:995
02-05 17:41:04.808 15500 15500 I ViewRootImpl@adc89ee[VerticalListActivity]: [DP] pdf(0) 1 android.view.ViewRootImpl.lambda$performDraw$1$ViewRootImpl:4668 android.view.-$$Lambda$ViewRootImpl$DJd0VUYJgsebcnSohO6h8zc_ONI.run:6 android.os.Handler.handleCallback:938
02-05 17:41:04.808 15500 15500 I ViewRootImpl@adc89ee[VerticalListActivity]: [DP] rdf()
02-05 17:41:04.808  2003  2003 I SurfaceControl: nativeRelease nativeObject s[499183208576]
02-05 17:41:04.808  2003  2003 I SurfaceControl: nativeRelease nativeObject e[499183208576]
02-05 17:41:04.808   716   957 D gralloc : [mali_gralloc_allocate] allocation successful
02-05 17:41:04.808  2003  2003 I SurfaceControl: nativeRelease nativeObject s[497484210944]
02-05 17:41:04.808  2003  2003 I SurfaceControl: nativeRelease nativeObject e[497484210944]
02-05 17:41:04.808  2003  2003 I SurfaceControl: nativeRelease nativeObject s[499014697504]
02-05 17:41:04.808  2003  2003 I SurfaceControl: nativeRelease nativeObject e[499014697504]
02-05 17:41:04.808  2003  2003 I ViewRootImpl@e2e8b8d[LauncherActivity]: Relayout returned: old=(0,0,1080,2400) new=(0,0,1080,2400) req=(1080,2400)8 dur=11 res=0x5 s={false 0} ch=true fn=27
02-05 17:41:04.809  2003  2003 I SurfaceControl: nativeRelease nativeObject s[499014742880]
02-05 17:41:04.809   716   953 D gralloc : [mali_gralloc_allocate] begin
02-05 17:41:04.809  2003  2003 I SurfaceControl: nativeRelease nativeObject e[499014742880]
02-05 17:41:04.809   716   953 D gralloc : buffer_descriptor: wh(1080 2400) usage_pc(0x40000000000b00 0x40000000000b00) hal_format(0x1) layer_count(1) sizes(0 0 0) strde(0) byte_stride(0) alloc_wh(0 0) internal_format(0x0) alloc_format(0x0) fd_count(1) plane_count(0)
02-05 17:41:04.809  1163  1240 W WindowManager: lockNow pending, ignore updating lockscreen timeout
02-05 17:41:04.810  1163  1240 W WindowManager: lockNow pending, ignore updating lockscreen timeout
02-05 17:41:04.811  1163  1244 D ArtManagerInternalImpl: /data/misc/iorapd/com.example.dogglers/1/com.example.dogglers.VerticalListActivity/compiled_traces/compiled_trace.pb doesn't exist
02-05 17:41:04.811   789   789 I Layer   : id=80171[1] Destroyed Surface(name=8c655e2 StatusBar)/@0x44a9b07 - animation-leash#1
02-05 17:41:04.811   789   789 I Layer   : id=80172[1] Destroyed Surface(name=b29f82b NavigationBar0)/@0x8634759 - animation-leash#0
02-05 17:41:04.811   716   953 D gralloc : [mali_gralloc_allocate] allocation successful
02-05 17:41:04.812 15500 15500 D IdlingResourceRegistry: All idling resources are idle.
02-05 17:41:04.812 15500 15500 D RootViewPicker: Root not ready - waiting: 10ms for one to appear.
02-05 17:41:04.812  1163  1240 D PkgPredictorService: pkg:com.example.dogglers activity:com.example.dogglers.VerticalListActivity thisTime:116
02-05 17:41:04.812  1163  1240 D PkgPredictorService-Collector: update activity launch time: VerticalListActivity : 116
02-05 17:41:04.813  1163  1240 I SemDvfsHyPerManager: acquire hyper - AMS_RESUME_TAIL/1163@22, type = -999
02-05 17:41:04.813  1163  1240 I SemDvfsHyPerManager: acquire hyper - AMS_ACT_LAZY/1163@23, type = -999
02-05 17:41:04.813  1163  2104 V WindowManager: Relayout hash=b594a18, pid=1680: mAttrs={(0,0)(fillxfill) gr=TOP CENTER_VERTICAL sim={adjust=resize} layoutInDisplayCutoutMode=always ty=2040 fmt=TRANSLUCENT colorMode=COLOR_MODE_WIDE_COLOR_GAMUT
02-05 17:41:04.813  1163  2104 V WindowManager:   fl=81840048
02-05 17:41:04.813  1163  2104 V WindowManager:   pfl=1b000000
02-05 17:41:04.813  1163  2104 V WindowManager:   bhv=SHOW_TRANSIENT_BARS_BY_SWIPE dimAmount=0.0 naviIconColor=0
02-05 17:41:04.813  1163  2104 V WindowManager:   sfl=40000}
02-05 17:41:04.813  1680  1680 I SurfaceControl: assignNativeObject: nativeObject = 0 Surface(name=null)/@0x7632417 / android.view.SurfaceControl.readFromParcel:1117 android.view.IWindowSession$Stub$Proxy.relayout:1810 android.view.ViewRootImpl.relayoutWindow:9005 android.view.ViewRootImpl.performTraversals:3360 android.view.ViewRootImpl.doTraversal:2618 android.view.ViewRootImpl$TraversalRunnable.run:9971 android.view.Choreographer$CallbackRecord.run:1010 android.view.Choreographer.doCallbacks:809 android.view.Choreographer.doFrame:744 android.view.Choreographer$FrameDisplayEventReceiver.run:995
02-05 17:41:04.813  1680  1680 I SurfaceControl: assignNativeObject: nativeObject = 0 Surface(name=null)/@0x2dd2a3a / android.view.SurfaceControl.readFromParcel:1117 android.view.IWindowSession$Stub$Proxy.relayout:1820 android.view.ViewRootImpl.relayoutWindow:9005 android.view.ViewRootImpl.performTraversals:3360 android.view.ViewRootImpl.doTraversal:2618 android.view.ViewRootImpl$TraversalRunnable.run:9971 android.view.Choreographer$CallbackRecord.run:1010 android.view.Choreographer.doCallbacks:809 android.view.Choreographer.doFrame:744 android.view.Choreographer$FrameDisplayEventReceiver.run:995
02-05 17:41:04.813   726   817 I HYPER-HAL: [RequestManager.cpp]acquire(): Acquired ID : 702727  [1163 / 22]    HINT : AMS_RESUME_TAIL    list :
02-05 17:41:04.814  1680  1680 I ViewRootImpl@cb447c7[NotificationShade]: Relayout returned: old=(0,0,1080,2400) new=(0,0,1080,2400) req=(1080,2400)4 dur=13 res=0x1 s={false 0} ch=false fn=-1
02-05 17:41:04.815  1680  1680 D KeyguardBottomAreaShortcutView: updateCameraVisibility isCameraDisabled:false visible:true
02-05 17:41:04.815  1680  1680 D KeyguardBottomAreaShortcutView: mIndicationArea margin start : 180, end : 180, bottom : 400
02-05 17:41:04.815  1680  1680 D MediaControlPanel: mActionButtonNumCollapsed = 1, mActionButtonNumExpand = 1
02-05 17:41:04.815  1680  1680 D MediaControlPanel: mActionButtonNumCollapsed = 1, mActionButtonNumExpand = 1
02-05 17:41:04.815  1680  1680 D MediaControlPanel: mActionButtonNumCollapsed = 1, mActionButtonNumExpand = 1
02-05 17:41:04.815  1680  1680 D MediaControlPanel: mActionButtonNumCollapsed = 1, mActionButtonNumExpand = 1
02-05 17:41:04.815  1680  1680 D MediaControlPanel: mActionButtonNumCollapsed = 1, mActionButtonNumExpand = 1
02-05 17:41:04.815  1680  1680 D MediaControlPanel: mActionButtonNumCollapsed = 1, mActionButtonNumExpand = 1
02-05 17:41:04.815  1680  1680 D MediaControlPanel: mActionButtonNumCollapsed = 1, mActionButtonNumExpand = 1
02-05 17:41:04.815  1680  1680 D MediaControlPanel: mActionButtonNumCollapsed = 1, mActionButtonNumExpand = 1
02-05 17:41:04.815  1163  1244 I ActivityTaskManager: Displayed com.example.dogglers/.VerticalListActivity: +116ms
02-05 17:41:04.815  1680  1680 D MediaControlPanel: mActionButtonNumCollapsed = 3, mActionButtonNumExpand = 5
02-05 17:41:04.816  1680  1680 D MediaControlPanel: mActionButtonNumCollapsed = 3, mActionButtonNumExpand = 5
02-05 17:41:04.816   726   817 I HYPER-HAL: [ResourceManager.cpp]updateResource(): [CPUMinFreq] UpdateResource Request ID : 702727    Value : 1844882
02-05 17:41:04.817   726   817 I HYPER-HAL: [RequestManager.cpp]acquire(): Acquired ID : 703914  [1163 / 23]    HINT :      list :
02-05 17:41:04.817   726   817 E HYPER-HAL: [Request.cpp]acquire(): Request:: id : 703914, No Resource to set
02-05 17:41:04.817   726   817 I HYPER-HAL: [ResourceManager.cpp]removeResource(): [CPUMinFreq] RemoveResource Request ID : 705102
02-05 17:41:04.817 15500 15500 D LifecycleMonitor: Lifecycle status change: androidx.test.core.app.InstrumentationActivityInvoker$BootstrapActivity@3dbac8e in: STOPPED
02-05 17:41:04.817 15500 15500 D LifecycleMonitor: running callback: androidx.test.core.app.ActivityScenario$1@6efecaf
02-05 17:41:04.817 15500 15500 V ActivityScenario: Activity lifecycle changed event received but ignored because the intent does not match. startActivityIntent=Intent { act=android.intent.action.MAIN cat=[android.intent.category.LAUNCHER] cmp=com.example.dogglers/.VerticalListActivity }, activity.getIntent()=Intent { act=android.intent.action.MAIN cat=[android.intent.category.LAUNCHER] flg=0x10008000 cmp=com.example.dogglers/androidx.test.core.app.InstrumentationActivityInvoker$BootstrapActivity (has extras) }, activity=androidx.test.core.app.InstrumentationActivityInvoker$BootstrapActivity@3dbac8e
02-05 17:41:04.817 15500 15500 D LifecycleMonitor: callback completes: androidx.test.core.app.ActivityScenario$1@6efecaf
02-05 17:41:04.817  1680  1680 D SecStatusBarMobileView: setStaticDrawableColor:
02-05 17:41:04.817   726   817 I HYPER-HAL: [RequestManager.cpp]releaseLocked(): Released ID : 705102
02-05 17:41:04.818  1680  1680 D MediaControlPanel: mActionButtonNumCollapsed = 1, mActionButtonNumExpand = 1
02-05 17:41:04.818  1680  1680 D MediaControlPanel: mActionButtonNumCollapsed = 1, mActionButtonNumExpand = 1
02-05 17:41:04.818  1680  1680 D MediaControlPanel: mActionButtonNumCollapsed = 1, mActionButtonNumExpand = 1
02-05 17:41:04.818  1680  1680 D MediaControlPanel: mActionButtonNumCollapsed = 1, mActionButtonNumExpand = 1
02-05 17:41:04.818  1680  1680 D MediaControlPanel: mActionButtonNumCollapsed = 1, mActionButtonNumExpand = 1
02-05 17:41:04.818  1680  1680 D MediaControlPanel: mActionButtonNumCollapsed = 1, mActionButtonNumExpand = 1
02-05 17:41:04.818  1680  1680 D MediaControlPanel: mActionButtonNumCollapsed = 1, mActionButtonNumExpand = 1
02-05 17:41:04.818  1680  1680 D MediaControlPanel: mActionButtonNumCollapsed = 1, mActionButtonNumExpand = 1
02-05 17:41:04.818  2669  2669 E pageboostd: Received HALT command code 2
02-05 17:41:04.818  2003  2003 I ViewRootImpl@e2e8b8d[LauncherActivity]: stopped(true) old=false
02-05 17:41:04.818  1163  1240 D ViewRootImpl@2ba979[dogglers]: dispatchDetachedFromWindow: reset blurmask
02-05 17:41:04.819  1163  1240 I ViewRootImpl@2ba979[dogglers]: dispatchDetachedFromWindow
02-05 17:41:04.819  1163  1240 I SurfaceControl: nativeRelease nativeObject s[496861210240]
02-05 17:41:04.819  1163  1240 I SurfaceControl: nativeRelease nativeObject e[496861210240]
02-05 17:41:04.819  1680  1680 D MediaControlPanel: mActionButtonNumCollapsed = 3, mActionButtonNumExpand = 5
02-05 17:41:04.819  1680  1680 D MediaControlPanel: mActionButtonNumCollapsed = 3, mActionButtonNumExpand = 5
02-05 17:41:04.819  1163  1240 D InputTransport: Input channel destroyed: 'cd036be', fd=860
02-05 17:41:04.820   789  2265 I SurfaceFlinger: id=80177 createSurf (0x0),-1 flag=24000, Surface(name=cd036be Splash Screen com.example.dogglers)/@0xce9e4ed - animation-leash#0
02-05 17:41:04.821  2003  2003 I StateManager: goToState isInState Normal
02-05 17:41:04.821  1163  1240 W WindowManager: lockNow pending, ignore updating lockscreen timeout
02-05 17:41:04.822  1163  1240 D InputTransport: Input channel destroyed: 'cd036be', fd=888
02-05 17:41:04.826  2003  2003 W LauncherAppWidgetHost: setListenIfResumed, mFlags = 7
02-05 17:41:04.826  1163  3938 I AppWidgetServiceImpl: stopListening callbacks : null
02-05 17:41:04.826  2003  2003 W Launcher.NotificationListener: removeNotificationsChangedListener
02-05 17:41:04.827  2003  2003 I BadgeCountUpdaterImpl: onNotificationsChangedDisConnected
02-05 17:41:04.827  2003  2003 I Launcher.NotificationListener: unregisterObserver, this is not notificationService!!
02-05 17:41:04.827  2003  2003 W PageOverlayMover: updateActivityLifecycleState : 4
02-05 17:41:04.827  2003  2003 I LiveIconUpdateEventHandler: cancelMinuteChangeAlarm
02-05 17:41:04.827  5089 28744 I PageOverlayServiceImpl: [FROM HOME] updateActivityLifecycleState : 4
02-05 17:41:04.828 15500 15500 D IdlingResourceRegistry: All idling resources are idle.
02-05 17:41:04.828 15500 15500 D IdlingResourceRegistry: All idling resources are idle.
02-05 17:41:04.828 15500 15500 D RootViewPicker: Root not ready - waiting: 25ms for one to appear.
02-05 17:41:04.829   851   851 I CameraService: notifyMonitoredUids
02-05 17:41:04.829  1163  3938 I InputDispatcher: Focus entered window (15500): efeb934 in display 0 0
02-05 17:41:04.829 15500 15500 I ViewRootImpl@adc89ee[VerticalListActivity]: MSG_WINDOW_FOCUS_CHANGED 1 1
02-05 17:41:04.830 15500 15500 D InputMethodManager: prepareNavigationBarInfo() DecorView@e7b5f9f[VerticalListActivity]
02-05 17:41:04.830 15500 15500 D InputMethodManager: getNavigationBarColor() -16711423
02-05 17:41:04.830 15500 15500 D InputMethodManager: prepareNavigationBarInfo() DecorView@e7b5f9f[VerticalListActivity]
02-05 17:41:04.830 15500 15500 D InputMethodManager: getNavigationBarColor() -16711423
02-05 17:41:04.830 15500 15500 V InputMethodManager: Starting input: tba=com.example.dogglers ic=null mNaviBarColor -16711423 mIsGetNaviBarColorSuccess true , NavVisible : true , NavTrans : false
02-05 17:41:04.830 15500 15500 D InputMethodManager: startInputInner - Id : 0
02-05 17:41:04.830 15500 15500 I InputMethodManager: startInputInner - mService.startInputOrWindowGainedFocus
02-05 17:41:04.830  1163  3938 D InputMethodManagerService: mSecureKeypadEnabled = false
02-05 17:41:04.830  1163  3938 V InputMethodManagerService: hideCurrentInputLocked : shouldHideSoftInput is false
02-05 17:41:04.831  1163  3938 D InputMethodManagerService: DESKTOP MODE! : 2
02-05 17:41:04.831  1163  3938 D InputMethodManagerService: NOT IN KNOX DESKTOP MODE!
02-05 17:41:04.831  1163  3938 V InputMethodManagerService: getDisplayIdOfInputMethodWindowToBeAdded : 0
02-05 17:41:04.831  1163  3938 D SamsungIMMSHWKeyboard: isConnectedDexOnPC false
02-05 17:41:04.831  1163  3938 D InputMethodManagerService: isImeSwitcherDisabledPackage : false
02-05 17:41:04.831  1163  3938 D InputMethodManagerService: checkDisplayOfStartInputAndUpdateKeyboard display Id 0last 0
02-05 17:41:04.831  1163  3938 D InputTransport: Input channel constructed: 'ClientS', fd=860
02-05 17:41:04.831  1163  3938 D InputTransport: Input channel destroyed: 'ClientS', fd=860
02-05 17:41:04.831 15500 15500 D InputTransport: Input channel constructed: 'ClientS', fd=97
02-05 17:41:04.832  1163  2104 V WindowManager: Relayout Window{f87dac6 u0 com.samsung.android.app.spage}: viewVisibility=8 req=0x2168
02-05 17:41:04.832  1163  2104 W WindowManager: lockNow pending, ignore updating lockscreen timeout
02-05 17:41:04.833  1163  2104 V WindowManager: Relayout hash=f87dac6, pid=5089: mAttrs={(0,0)(0xfill) sim={adjust=pan} ty=APPLICATION_PANEL fmt=RGBA_8888
02-05 17:41:04.833  1163  2104 V WindowManager:   fl=1000018
02-05 17:41:04.833  1163  2104 V WindowManager:   pfl=2000040
02-05 17:41:04.833  1163  2104 V WindowManager:   fitTypes=STATUS_BARS NAVIGATION_BARS CAPTION_BAR IME naviIconColor=0}
02-05 17:41:04.833  5089  5089 I SurfaceControl: assignNativeObject: nativeObject = 0 Surface(name=null)/@0xb12fb6b / android.view.SurfaceControl.readFromParcel:1117 android.view.IWindowSession$Stub$Proxy.relayout:1810 android.view.ViewRootImpl.relayoutWindow:9005 android.view.ViewRootImpl.performTraversals:3360 android.view.ViewRootImpl.doTraversal:2618 android.view.ViewRootImpl$TraversalRunnable.run:9971 android.view.Choreographer$CallbackRecord.run:1010 android.view.Choreographer.doCallbacks:809 android.view.Choreographer.doFrame:744 android.view.Choreographer$FrameDisplayEventReceiver.run:995
02-05 17:41:04.833  1680  1680 D SecStatusBarMobileView: setStaticDrawableColor:
02-05 17:41:04.833  5089  5089 I SurfaceControl: assignNativeObject: nativeObject = 0 Surface(name=null)/@0xf71d6c8 / android.view.SurfaceControl.readFromParcel:1117 android.view.IWindowSession$Stub$Proxy.relayout:1820 android.view.ViewRootImpl.relayoutWindow:9005 android.view.ViewRootImpl.performTraversals:3360 android.view.ViewRootImpl.doTraversal:2618 android.view.ViewRootImpl$TraversalRunnable.run:9971 android.view.Choreographer$CallbackRecord.run:1010 android.view.Choreographer.doCallbacks:809 android.view.Choreographer.doFrame:744 android.view.Choreographer$FrameDisplayEventReceiver.run:995
02-05 17:41:04.834  5089  5089 I ViewRootImpl@7fb81b0[]: Relayout returned: old=(540,88,540,2256) new=(540,88,540,2256) req=(0,2168)8 dur=1 res=0x1 s={false 0} ch=false fn=-1
02-05 17:41:04.834  5089  5089 I PageOverlayCoordinator: onUiStopped
02-05 17:41:04.834  5089  5089 I PageOverlayRootLayout: onUiStopped
02-05 17:41:04.834  2003  2003 I LiveIconUpdateEventHandler: cancelDateChangeAlarm
02-05 17:41:04.834  1163  3940 I SurfaceControl: nativeRelease nativeObject s[499039084736]
02-05 17:41:04.834  1163  3940 I SurfaceControl: nativeRelease nativeObject e[499039084736]
02-05 17:41:04.834   789  2265 I SurfaceFlinger: id=80178 createSurf (0x0),-1 flag=24004, Surface(name=dbf3b45 InputMethod)/@0xf70bba8 - animation-leash#0
02-05 17:41:04.836  3640  3640 I GoogleInputMethodService: GoogleInputMethodService.onFinishInput():3316
02-05 17:41:04.837  3640  3640 I GoogleInputMethodService: GoogleInputMethodService.updateDeviceLockedStatus():2181 checkRepeatedly = false, unlocked = true
02-05 17:41:04.837  3640  3640 D InputMethodService: checkDisplayOfStartInputAndUpdateKeyboard display Id 0last 0
02-05 17:41:04.837  3640  3640 I GoogleInputMethodService: GoogleInputMethodService.onStartInput():1989
02-05 17:41:04.838  3640  3640 I GoogleInputMethodService: GoogleInputMethodService.updateDeviceLockedStatus():2181 checkRepeatedly = true, unlocked = true
02-05 17:41:04.838  2003  2003 I LiveIconUpdateEventHandler: unregisterReceiver
02-05 17:41:04.845  1680  1680 D SecStatusBarMobileView: setStaticDrawableColor:
02-05 17:41:04.846   789  1272 I Layer   : id=80165 removeFromCurrentState Surface(name=dbf3b45 InputMethod)/@0xf70bba8 - animation-leash#1 (196)
02-05 17:41:04.848  1163  3940 D SamsungIMMSHWKeyboard: isConnectedDexOnPC false
02-05 17:41:04.848 15500 15500 I SurfaceControl: nativeRelease nativeObject s[499183203488]
02-05 17:41:04.848 15500 15500 I SurfaceControl: nativeRelease nativeObject e[499183203488]
02-05 17:41:04.848 15500 15500 I SurfaceControl: nativeRelease nativeObject s[499183203392]
02-05 17:41:04.848 15500 15500 I SurfaceControl: nativeRelease nativeObject e[499183203392]
02-05 17:41:04.848  1163  3970 I SurfaceControl: nativeRelease nativeObject s[496882941824]
02-05 17:41:04.848  1163  3970 I SurfaceControl: nativeRelease nativeObject e[496882941824]
02-05 17:41:04.848   789   835 I Layer   : id=80158 removeFromCurrentState com.sec.android.app.launcher/com.sec.android.app.launcher.activities.LauncherActivity$_2003#0 (196)
02-05 17:41:04.849  1163  3940 D InputMethodManagerService: isImeSwitcherDisabledPackage : false
02-05 17:41:04.851   789   835 I SurfaceFlinger: id=80158 Removed com.sec.android.app.launcher/com.sec.android.app.launcher.activities.LauncherActivity$_2003#0 (196)
02-05 17:41:04.851  2003  2003 I SurfaceControl: nativeRelease nativeObject s[497484643712]
02-05 17:41:04.851  2003  2003 I SurfaceControl: nativeRelease nativeObject e[497484643712]
02-05 17:41:04.852  1163  1237 D SehCodecSolutionService: Update top [com.example.dogglers]
02-05 17:41:04.852  1163  1237 E Native_CFMS: nativePerfMgrRemoveTask    Fail    tid : 2003    return : -1
