02-05 17:41:03.664 15500 15559 I TestRunner: started: vertical_scrolling(com.example.dogglers.VerticalListTests)
02-05 17:41:03.667 15500 15559 W Settings: Setting always_finish_activities has moved from android.provider.Settings.System to android.provider.Settings.Global, returning read-only value.
02-05 17:41:03.671  1163  2602 I SemDvfsHyPerManager: acquire hyper - AMS_APP_SWITCH/1163@24, type = -999
02-05 17:41:03.671   726   817 I HYPER-HAL: [RequestManager.cpp]acquire(): Acquired ID : 705102  [1163 / 24]    HINT : AMS_APP_SWITCH    list :
02-05 17:41:03.671   789  1273 I SurfaceFlinger: id=80132 createSurf (0x0),-1 flag=24004, Task=12741#0
02-05 17:41:03.671   726   817 I HYPER-HAL: [ResourceManager.cpp]updateResource(): [CPUMinFreq] UpdateResource Request ID : 705102    Value : 2623359
02-05 17:41:03.672  4183  4183 I SemDvfsHyPerManager: acquire hyper - com.sec.android.sdhms/4183@9, type = -999
02-05 17:41:03.672   726   817 I HYPER-HAL: [RequestManager.cpp]acquire(): Acquired ID : 8788537  [4183 / 9]    HINT : APP_START    list :
02-05 17:41:03.672   726   817 I HYPER-HAL: [ResourceManager.cpp]updateResource(): [CPUMaxFreq] UpdateResource Request ID : 8788537    Value : 2730000
02-05 17:41:03.673   789  1273 I SurfaceFlinger: id=80133 createSurf (0x0),-1 flag=80004, ActivityRecord{9ecb509 u0 com.example.dogglers/androidx.test.core.app.InstrumentationActivityInvoker$BootstrapActivity t12741}#0
02-05 17:41:03.674  1163  3940 V WindowOrientationListener: getProposedRotation: 0
02-05 17:41:03.675  1163  3940 W WindowManager: lockNow pending, ignore updating lockscreen timeout
02-05 17:41:03.676  1163  3940 I SemDvfsHyPerManager: acquire hyper - AMS_APP_LAUNCH/1163@21, type = -999
02-05 17:41:03.676   726   817 I HYPER-HAL: [RequestManager.cpp]acquire(): Acquired ID : 701541  [1163 / 21]    HINT : AMS_APP_LAUNCH    list :
02-05 17:41:03.676   726   817 I HYPER-HAL: [ResourceManager.cpp]updateResource(): [CPUMinFreq] UpdateResource Request ID : 701541    Value : 2623359
02-05 17:41:03.677  2003  2003 I DragController: endDrag
02-05 17:41:03.677  2003  2003 W PageOverlayMover: updateActivityLifecycleState : 3
02-05 17:41:03.678  2003  2003 I SPayUpdater: updateSpayHandler launcher activity is paused false
02-05 17:41:03.678  5089 28744 I PageOverlayServiceImpl: [FROM HOME] updateActivityLifecycleState : 3
02-05 17:41:03.679  1163  3938 V WindowOrientationListener: getProposedRotation: 0
02-05 17:41:03.679  1163  3938 V WindowOrientationListener: getProposedRotation: 0
02-05 17:41:03.679  1163  3938 V WindowOrientationListener: getProposedRotation: 0
02-05 17:41:03.680  1163  3938 D InputDispatcher: Focused application set to (0): 9ecb509
02-05 17:41:03.705  1163  3938 W WindowManager: lockNow pending, ignore updating lockscreen timeout
02-05 17:41:03.707  1163  3938 V WindowManager: Relayout Window{6030dc2 u0 com.sec.android.app.launcher/com.sec.android.app.launcher.activities.LauncherActivity}: viewVisibility=0 req=1080x2400
02-05 17:41:03.708  1163  3938 W WindowManager: lockNow pending, ignore updating lockscreen timeout
02-05 17:41:03.709  1163  3938 V WindowManager: Relayout hash=6030dc2, pid=2003: mAttrs={(0,0)(fillxfill) sim={adjust=nothing} layoutInDisplayCutoutMode=shortEdges ty=BASE_APPLICATION fmt=TRANSPARENT wanim=0x10302f2
02-05 17:41:03.709  1163  3938 V WindowManager:   fl=81910100
02-05 17:41:03.709  1163  3938 V WindowManager:   pfl=16020000
02-05 17:41:03.709  1163  3938 V WindowManager:   vsysui=1700
02-05 17:41:03.709  1163  3938 V WindowManager:   apr=LIGHT_STATUS_BARS
02-05 17:41:03.709  1163  3938 V WindowManager:   bhv=SHOW_TRANSIENT_BARS_BY_SWIPE
02-05 17:41:03.709  1163  3938 V WindowManager:   fitSides= dimAmount=0.125 dimDuration=200 naviIconColor=0}
02-05 17:41:03.709  1163  3938 I SurfaceControl: nativeRelease nativeObject s[496871100768]
02-05 17:41:03.709  1163  3938 I SurfaceControl: nativeRelease nativeObject e[496871100768]
02-05 17:41:03.709  2003  2003 I SurfaceControl: nativeRelease nativeObject s[499183208576]
02-05 17:41:03.709 15500 15500 D LifecycleMonitor: Lifecycle status change: androidx.test.core.app.InstrumentationActivityInvoker$BootstrapActivity@aa01070 in: PRE_ON_CREATE
02-05 17:41:03.709  2003  2003 I SurfaceControl: nativeRelease nativeObject e[499183208576]
02-05 17:41:03.710 15500 15500 D LifecycleMonitor: running callback: androidx.test.core.app.ActivityScenario$1@1c94fe9
02-05 17:41:03.710  2003  2003 I SurfaceControl: assignNativeObject: nativeObject = 0 Surface(name=null)/@0x37cdda1 / android.view.SurfaceControl.readFromParcel:1117 android.view.IWindowSession$Stub$Proxy.relayout:1820 android.view.ViewRootImpl.relayoutWindow:9005 android.view.ViewRootImpl.performTraversals:3360 android.view.ViewRootImpl.doTraversal:2618 android.view.ViewRootImpl$TraversalRunnable.run:9971 android.view.Choreographer$CallbackRecord.run:1010 android.view.Choreographer.doCallbacks:809 android.view.Choreographer.doFrame:744 android.view.Choreographer$FrameDisplayEventReceiver.run:995
02-05 17:41:03.710 15500 15500 V ActivityScenario: Activity lifecycle changed event received but ignored because the intent does not match. startActivityIntent=Intent { act=android.intent.action.MAIN cat=[android.intent.category.LAUNCHER] cmp=com.example.dogglers/.VerticalListActivity }, activity.getIntent()=Intent { act=android.intent.action.MAIN cat=[android.intent.category.LAUNCHER] flg=0x10008000 cmp=com.example.dogglers/androidx.test.core.app.InstrumentationActivityInvoker$BootstrapActivity (has extras) }, activity=androidx.test.core.app.InstrumentationActivityInvoker$BootstrapActivity@aa01070
02-05 17:41:03.710 15500 15500 D LifecycleMonitor: callback completes: androidx.test.core.app.ActivityScenario$1@1c94fe9
02-05 17:41:03.711  2003  2003 I SurfaceControl: nativeRelease nativeObject s[499183207424]
02-05 17:41:03.711  2003  2003 I SurfaceControl: nativeRelease nativeObject e[499183207424]
02-05 17:41:03.711  2003  2003 I SurfaceControl: nativeRelease nativeObject s[499183207232]
02-05 17:41:03.711  2003  2003 I SurfaceControl: nativeRelease nativeObject e[499183207232]
02-05 17:41:03.711  2003  2003 I SurfaceControl: nativeRelease nativeObject s[499183207040]
02-05 17:41:03.711  2003  2003 I SurfaceControl: nativeRelease nativeObject e[499183207040]
02-05 17:41:03.711  2003  2003 I ViewRootImpl@e2e8b8d[LauncherActivity]: Relayout returned: old=(0,0,1080,2400) new=(0,0,1080,2400) req=(1080,2400)0 dur=3 res=0x1 s={true 497483223040} ch=false fn=25
02-05 17:41:03.711  1163  1259 D FastTrack: setFastTrackState: pid = 15500 ;tid= 15500 ;value= 1
02-05 17:41:03.711  1163  1259 D FastTrack: setFastTrackState: pid = 15500 ;tid= 15565 ;value= 1
02-05 17:41:03.712  1163  1240 D InputTransport: Input channel constructed: '5f4cb1b', fd=916
02-05 17:41:03.712  1163  1240 D InputTransport: Input channel constructed: '5f4cb1b', fd=924
02-05 17:41:03.713   789  1272 I SurfaceFlinger: id=80134 createSurf (0x0),-1 flag=80004, 5f4cb1b Splash Screen com.example.dogglers#0
02-05 17:41:03.714  1163  1240 I ViewRootImpl@2ef4dff[dogglers]: setView = com.android.internal.policy.DecorView@487a291 TM=true
02-05 17:41:03.716 15500 15500 I DecorView: [INFO] isPopOver=false, config=true
02-05 17:41:03.716 15500 15500 I DecorView: updateCaptionType >> DecorView@cf2070f[], isFloating=false, isApplication=true, hasWindowDecorCaption=false, hasWindowControllerCallback=true
02-05 17:41:03.716 15500 15500 D DecorView: setCaptionType = 0, this = DecorView@cf2070f[]
02-05 17:41:03.717 15500 15500 D LifecycleMonitor: Lifecycle status change: androidx.test.core.app.InstrumentationActivityInvoker$BootstrapActivity@aa01070 in: CREATED
02-05 17:41:03.717 15500 15500 D LifecycleMonitor: running callback: androidx.test.core.app.ActivityScenario$1@1c94fe9
02-05 17:41:03.717 15500 15500 V ActivityScenario: Activity lifecycle changed event received but ignored because the intent does not match. startActivityIntent=Intent { act=android.intent.action.MAIN cat=[android.intent.category.LAUNCHER] cmp=com.example.dogglers/.VerticalListActivity }, activity.getIntent()=Intent { act=android.intent.action.MAIN cat=[android.intent.category.LAUNCHER] flg=0x10008000 cmp=com.example.dogglers/androidx.test.core.app.InstrumentationActivityInvoker$BootstrapActivity (has extras) }, activity=androidx.test.core.app.InstrumentationActivityInvoker$BootstrapActivity@aa01070
02-05 17:41:03.717 15500 15500 D LifecycleMonitor: callback completes: androidx.test.core.app.ActivityScenario$1@1c94fe9
02-05 17:41:03.718 15500 15500 D LifecycleMonitor: Lifecycle status change: androidx.test.core.app.InstrumentationActivityInvoker$BootstrapActivity@aa01070 in: STARTED
02-05 17:41:03.718 15500 15500 D LifecycleMonitor: running callback: androidx.test.core.app.ActivityScenario$1@1c94fe9
02-05 17:41:03.718 15500 15500 V ActivityScenario: Activity lifecycle changed event received but ignored because the intent does not match. startActivityIntent=Intent { act=android.intent.action.MAIN cat=[android.intent.category.LAUNCHER] cmp=com.example.dogglers/.VerticalListActivity }, activity.getIntent()=Intent { act=android.intent.action.MAIN cat=[android.intent.category.LAUNCHER] flg=0x10008000 cmp=com.example.dogglers/androidx.test.core.app.InstrumentationActivityInvoker$BootstrapActivity (has extras) }, activity=androidx.test.core.app.InstrumentationActivityInvoker$BootstrapActivity@aa01070
02-05 17:41:03.718 15500 15500 D LifecycleMonitor: callback completes: androidx.test.core.app.ActivityScenario$1@1c94fe9
02-05 17:41:03.719  1163  1511 D PkgPredictorService: com.example.dogglers go to foreground!
02-05 17:41:03.719  1163  1237 D SehCodecSolutionService: Update top [com.example.dogglers]
02-05 17:41:03.720   789  1272 I SurfaceFlinger: id=80135 createSurf (0x0),-1 flag=80004, ActivityRecord{7199464 u0 com.example.dogglers/.VerticalListActivity t12741}#0
02-05 17:41:03.723  1163  3939 W WindowManager: lockNow pending, ignore updating lockscreen timeout
02-05 17:41:03.723 15500 15500 D LifecycleMonitor: Lifecycle status change: androidx.test.core.app.InstrumentationActivityInvoker$BootstrapActivity@aa01070 in: RESUMED
02-05 17:41:03.723 15500 15500 D LifecycleMonitor: running callback: androidx.test.core.app.ActivityScenario$1@1c94fe9
02-05 17:41:03.724 15500 15500 V ActivityScenario: Activity lifecycle changed event received but ignored because the intent does not match. startActivityIntent=Intent { act=android.intent.action.MAIN cat=[android.intent.category.LAUNCHER] cmp=com.example.dogglers/.VerticalListActivity }, activity.getIntent()=Intent { act=android.intent.action.MAIN cat=[android.intent.category.LAUNCHER] flg=0x10008000 cmp=com.example.dogglers/androidx.test.core.app.InstrumentationActivityInvoker$BootstrapActivity (has extras) }, activity=androidx.test.core.app.InstrumentationActivityInvoker$BootstrapActivity@aa01070
02-05 17:41:03.724 15500 15500 D LifecycleMonitor: callback completes: androidx.test.core.app.ActivityScenario$1@1c94fe9
02-05 17:41:03.724  1163  1511 E PkgPredictorService-Collector: record changed bt=1  wifi=1 screen=0
02-05 17:41:03.724  1163  1511 D PkgPredictorService: previous pkgs: com.example.dogglers,com.example.dogglers,com.example.dogglers running pkg: com.example.dogglers, uid: 0 is system: false
02-05 17:41:03.724  1163  1511 D PkgPredictorService-Collector: save record...
02-05 17:41:03.724  1163  1511 D PkgPredictorService-Collector:  (hour:17 day:7 previous:[com.example.dogglers, com.example.dogglers, com.example.dogglers] activityName:unknown running:com.example.dogglers userId:0 screenOrientation:0 wifi:1 bt:1 predictTime:0 apkVersion:1.0 consumeTime:-1 preloaded:false>)
02-05 17:41:03.724  1163  1511 D PkgPredictorService-NapPreloadController: User using: com.example.dogglers
02-05 17:41:03.724  1163  1511 I PkgPredictorService-NapClassifier: RF predict version:1644037200287
02-05 17:41:03.724 15500 15500 D LifecycleMonitor: Lifecycle status change: androidx.test.core.app.InstrumentationActivityInvoker$BootstrapActivity@aa01070 in: PAUSED
02-05 17:41:03.724 15500 15500 D LifecycleMonitor: running callback: androidx.test.core.app.ActivityScenario$1@1c94fe9
02-05 17:41:03.724 15500 15500 V ActivityScenario: Activity lifecycle changed event received but ignored because the intent does not match. startActivityIntent=Intent { act=android.intent.action.MAIN cat=[android.intent.category.LAUNCHER] cmp=com.example.dogglers/.VerticalListActivity }, activity.getIntent()=Intent { act=android.intent.action.MAIN cat=[android.intent.category.LAUNCHER] flg=0x10008000 cmp=com.example.dogglers/androidx.test.core.app.InstrumentationActivityInvoker$BootstrapActivity (has extras) }, activity=androidx.test.core.app.InstrumentationActivityInvoker$BootstrapActivity@aa01070
02-05 17:41:03.724 15500 15500 D LifecycleMonitor: callback completes: androidx.test.core.app.ActivityScenario$1@1c94fe9
02-05 17:41:03.725  1163  1511 D PkgPredictorService-NapClassifier: Predict result: 22.0,-1.0,-1.0,-1.0,-1.0,-1.0,-1.0,-1.0,-1.0, - [0_&_com.laurencedawson.reddit_sync.pro]
02-05 17:41:03.726  1163  3970 V WindowOrientationListener: getProposedRotation: 0
02-05 17:41:03.726  1163  3970 V WindowOrientationListener: getProposedRotation: 0
02-05 17:41:03.726  1163  3970 V WindowOrientationListener: getProposedRotation: 0
02-05 17:41:03.727  1163  3970 D InputDispatcher: Focused application set to (0): 7199464
02-05 17:41:03.728  1163  3970 W WindowManager: lockNow pending, ignore updating lockscreen timeout
02-05 17:41:03.729  1163  3938 I InputDispatcher: Focus left window (2003): 6030dc2 in display 0 0
02-05 17:41:03.731  2003  2003 I ViewRootImpl@e2e8b8d[LauncherActivity]: MSG_WINDOW_FOCUS_CHANGED 0 1
02-05 17:41:03.731  1163  1240 V WindowManager: Relayout Window{5f4cb1b u0 Splash Screen com.example.dogglers}: viewVisibility=0 req=1080x2400
02-05 17:41:03.732  1163  1240 W WindowManager: lockNow pending, ignore updating lockscreen timeout
02-05 17:41:03.733  1163  1240 D WindowManager: isScreenshotDisabledLocked - win: Window{5f4cb1b u0 Splash Screen com.example.dogglers}
02-05 17:41:03.733  1163  1240 D WindowManager: isScreenshotDisabledLocked: userId = 0, disabled =false
02-05 17:41:03.733   789  1272 I SurfaceFlinger: id=80136 createSurf (1080x2400),1 flag=404, Splash Screen com.example.dogglers#0
02-05 17:41:03.735 15500 15500 D LifecycleMonitor: Lifecycle status change: com.example.dogglers.VerticalListActivity@ac17d88 in: PRE_ON_CREATE
02-05 17:41:03.735 15500 15500 D LifecycleMonitor: running callback: androidx.test.core.app.ActivityScenario$1@1c94fe9
02-05 17:41:03.735 15500 15500 V ActivityScenario: Activity lifecycle changed event received but ignored because the reported transition was not ON_CREATE while the last known transition was PRE_ON_CREATE
02-05 17:41:03.735  1163  1240 V WindowManager: Relayout hash=5f4cb1b, pid=1163: mAttrs={(0,0)(fillxfill) sim={adjust=pan} layoutInDisplayCutoutMode=shortEdges ty=APPLICATION_STARTING wanim=0x1030001
02-05 17:41:03.735  1163  1240 V WindowManager:   fl=1830118
02-05 17:41:03.735  1163  1240 V WindowManager:   pfl=12020011
02-05 17:41:03.735  1163  1240 V WindowManager:   fitSides= naviIconColor=0}
02-05 17:41:03.735 15500 15500 D LifecycleMonitor: callback completes: androidx.test.core.app.ActivityScenario$1@1c94fe9
02-05 17:41:03.735  1163  1240 I ViewRootImpl@2ef4dff[dogglers]: Relayout returned: old=(0,0,1080,2400) new=(0,0,1080,2400) req=(1080,2400)0 dur=4 res=0x7 s={true 497474408448} ch=true fn=-1
02-05 17:41:03.735  1163  1240 I ViewRootImpl@2ef4dff[dogglers]: [DP] dp(1) 1 android.view.ViewRootImpl.reportNextDraw:10957 android.view.ViewRootImpl.performTraversals:3845 android.view.ViewRootImpl.doTraversal:2618
02-05 17:41:03.736   716   957 D gralloc : [mali_gralloc_allocate] begin
02-05 17:41:03.736   716   957 D gralloc : buffer_descriptor: wh(1080 2400) usage_pc(0x966 0x906) hal_format(0x1) layer_count(1) sizes(0 0 0) strde(0) byte_stride(0) alloc_wh(0 0) internal_format(0x0) alloc_format(0x0) fd_count(1) plane_count(0)
02-05 17:41:03.736   716   957 D gralloc : [mali_gralloc_allocate] allocation successful
02-05 17:41:03.740 15500 15500 I DecorView: [INFO] isPopOver=false, config=true
02-05 17:41:03.740 15500 15500 I DecorView: updateCaptionType >> DecorView@590559[], isFloating=false, isApplication=true, hasWindowDecorCaption=false, hasWindowControllerCallback=true
02-05 17:41:03.740 15500 15500 D DecorView: setCaptionType = 0, this = DecorView@590559[]
02-05 17:41:03.742  1163  1240 I ViewRootImpl@2ef4dff[dogglers]: [DP] pdf(0) 1 android.view.ViewRootImpl.performDraw:4809 android.view.ViewRootImpl.performTraversals:3866 android.view.ViewRootImpl.doTraversal:2618
02-05 17:41:03.742  1163  1240 I ViewRootImpl@2ef4dff[dogglers]: [DP] rdf()
02-05 17:41:03.743  1163  1240 W WindowManager: lockNow pending, ignore updating lockscreen timeout
02-05 17:41:03.746  2003  2003 I BadgeRenderer: Invalid count : 0
02-05 17:41:03.747  2003  2003 I BadgeRenderer: Invalid count : 0
02-05 17:41:03.747  2003  2003 I BadgeRenderer: Invalid count : 0
02-05 17:41:03.747  2003  2003 I BadgeRenderer: Invalid count : 0
02-05 17:41:03.747  2003  2003 I BadgeRenderer: Invalid count : 0
02-05 17:41:03.747  1680 13822 D WallpaperService: dispatchAppVisibility onVisibilityChanged(): false
02-05 17:41:03.747  1680  1680 D WallpaperService: reportVisibility onVisibilityChanged visible: false
02-05 17:41:03.747  2003  2003 I BadgeRenderer: Invalid count : 0
02-05 17:41:03.747  1680  1806 I ImageWallpaper:  onVisibilityChanged false , 0
02-05 17:41:03.748  1163  1240 I SurfaceControl: nativeRelease nativeObject s[499039084544]
02-05 17:41:03.748  1163  1240 I SurfaceControl: nativeRelease nativeObject e[499039084544]
02-05 17:41:03.748   789  1272 I SurfaceFlinger: id=80137 createSurf (0x0),-1 flag=24000, Surface(name=8c655e2 StatusBar)/@0x44a9b07 - animation-leash#0
02-05 17:41:03.749  1163  1240 I SurfaceControl: nativeRelease nativeObject s[499039084640]
02-05 17:41:03.749  1163  1240 I SurfaceControl: nativeRelease nativeObject e[499039084640]
02-05 17:41:03.749   789  1272 I SurfaceFlinger: id=80138 createSurf (0x0),-1 flag=24000, Surface(name=b29f82b NavigationBar0)/@0x8634759 - animation-leash#1
02-05 17:41:03.750  1163  1240 W WindowManager: lockNow pending, ignore updating lockscreen timeout
02-05 17:41:03.750  1163  1237 D WindowManager: setDisableFlags: displayId=0, vis=0x8008, appearance=0, transientState=Pair{[I@49ab10b [I@150ebe8}, isFullscreen=false, isImmersive=false, barType=0, win=Window{5f4cb1b u0 Splash Screen com.example.dogglers}
02-05 17:41:03.750  1680  1680 D NavigationBar: onSystemBarAppearanceChanged() -  displayId:0, appearance:0, navbarColorManagedByIme:false
02-05 17:41:03.751  1680  1680 D SecStatusBarMobileView: setStaticDrawableColor:
02-05 17:41:03.751  1680  1680 D SecLightBarControlHelper: updateStatus(WHITE icon) NumLightStacks:0, NumStacks:1, IndexLightStack:-1, StatusBarMode:0, StatusBarState:SHD, NeedDarkFontFromWallpaper:true, isWhiteKeyguardStatusBarBySettings:true
02-05 17:41:03.751   789   835 I Layer   : id=80125 removeFromCurrentState Surface(name=8c655e2 StatusBar)/@0x44a9b07 - animation-leash#1 (188)
02-05 17:41:03.751   789   835 I Layer   : id=80126 removeFromCurrentState Surface(name=b29f82b NavigationBar0)/@0x8634759 - animation-leash#0 (188)
02-05 17:41:03.752 15500 15500 D LifecycleMonitor: Lifecycle status change: com.example.dogglers.VerticalListActivity@ac17d88 in: CREATED
02-05 17:41:03.752 15500 15500 D LifecycleMonitor: running callback: androidx.test.core.app.ActivityScenario$1@1c94fe9
02-05 17:41:03.752 15500 15500 V ActivityScenario: Update currentActivityStage to CREATED, currentActivity=com.example.dogglers.VerticalListActivity@ac17d88
02-05 17:41:03.752 15500 15500 D LifecycleMonitor: callback completes: androidx.test.core.app.ActivityScenario$1@1c94fe9
02-05 17:41:03.753 15500 15500 D LifecycleMonitor: Lifecycle status change: com.example.dogglers.VerticalListActivity@ac17d88 in: STARTED
02-05 17:41:03.753 15500 15500 D LifecycleMonitor: running callback: androidx.test.core.app.ActivityScenario$1@1c94fe9
02-05 17:41:03.754 15500 15500 V ActivityScenario: Update currentActivityStage to STARTED, currentActivity=com.example.dogglers.VerticalListActivity@ac17d88
02-05 17:41:03.754 15500 15500 D LifecycleMonitor: callback completes: androidx.test.core.app.ActivityScenario$1@1c94fe9
02-05 17:41:03.754 15500 15500 D LifecycleMonitor: Lifecycle status change: com.example.dogglers.VerticalListActivity@ac17d88 in: RESUMED
02-05 17:41:03.754 15500 15500 D LifecycleMonitor: running callback: androidx.test.core.app.ActivityScenario$1@1c94fe9
02-05 17:41:03.754 15500 15500 V ActivityScenario: Update currentActivityStage to RESUMED, currentActivity=com.example.dogglers.VerticalListActivity@ac17d88
02-05 17:41:03.754 15500 15500 D LifecycleMonitor: callback completes: androidx.test.core.app.ActivityScenario$1@1c94fe9
02-05 17:41:03.755  1163  1240 W WindowManager: lockNow pending, ignore updating lockscreen timeout
02-05 17:41:03.757  1163  3938 D InputTransport: Input channel constructed: '2c152e7', fd=887
02-05 17:41:03.757  1163  3938 D InputTransport: Input channel constructed: '2c152e7', fd=888
02-05 17:41:03.757   789  1273 I SurfaceFlinger: id=80139 createSurf (0x0),-1 flag=80004, 2c152e7 com.example.dogglers/com.example.dogglers.VerticalListActivity#0
02-05 17:41:03.757  1163  3938 D WindowManager: isScreenshotDisabledLocked - win: Window{2c152e7 u0 com.example.dogglers/com.example.dogglers.VerticalListActivity}
02-05 17:41:03.757  1163  3938 D WindowManager: isScreenshotDisabledLocked: userId = 0, disabled =false
02-05 17:41:03.757  1163  3938 D InputTransport: Input channel destroyed: '2c152e7', fd=888
02-05 17:41:03.758 15500 15500 D InputTransport: Input channel constructed: '2c152e7', fd=90
02-05 17:41:03.758 15500 15500 I ViewRootImpl@c6038ef[VerticalListActivity]: setView = com.android.internal.policy.DecorView@590559 TM=true
02-05 17:41:03.759 15500 15500 D IdlingResourceRegistry: All idling resources are idle.
02-05 17:41:03.762  1680  1680 D SecStatusBarMobileView: setStaticDrawableColor:
02-05 17:41:03.763  2003  4215 I mali_egl: eglDestroySurface() in
02-05 17:41:03.764  1163  3944 V WindowManager: Relayout Window{2c152e7 u0 com.example.dogglers/com.example.dogglers.VerticalListActivity}: viewVisibility=0 req=1080x2400
02-05 17:41:03.764  1163  3944 W WindowManager: lockNow pending, ignore updating lockscreen timeout
02-05 17:41:03.764  2003  4215 I mali_winsys: delete_surface() [1080x2400] return
02-05 17:41:03.764  2003  4215 I mali_egl: eglDestroySurface() out
02-05 17:41:03.764   789  1273 E BufferQueueProducer: [com.sec.android.app.launcher/com.sec.android.app.launcher.activities.LauncherActivity$_2003#0](id:315000036f3,api:0,p:-1,c:789) disconnect: not connected (req=1)
02-05 17:41:03.764  2003  4215 W libEGL  : EGLNativeWindowType 0x73d44f9010 disconnect failed
02-05 17:41:03.765  1163  3944 D WindowManager: isScreenshotDisabledLocked - win: Window{2c152e7 u0 com.example.dogglers/com.example.dogglers.VerticalListActivity}
02-05 17:41:03.765  1163  3944 D WindowManager: isScreenshotDisabledLocked: userId = 0, disabled =false
02-05 17:41:03.765   789  1273 I SurfaceFlinger: id=80140 createSurf (1080x2400),1 flag=404, com.example.dogglers/com.example.dogglers.VerticalListActivity$_15500#0
02-05 17:41:03.766  1163  3944 I SurfaceControl: nativeRelease nativeObject s[496861208128]
02-05 17:41:03.766  1163  3944 I SurfaceControl: nativeRelease nativeObject e[496861208128]
02-05 17:41:03.767   789  1273 I SurfaceFlinger: id=80141 createSurf (0x0),-1 flag=24000, Surface(name=8c655e2 StatusBar)/@0x44a9b07 - animation-leash#1
02-05 17:41:03.767  1163  3944 I SurfaceControl: nativeRelease nativeObject s[496861209952]
02-05 17:41:03.767  1163  3944 I SurfaceControl: nativeRelease nativeObject e[496861209952]
02-05 17:41:03.767   789  1273 I SurfaceFlinger: id=80142 createSurf (0x0),-1 flag=24000, Surface(name=b29f82b NavigationBar0)/@0x8634759 - animation-leash#0
02-05 17:41:03.767  1163  3938 V WindowManager: Relayout Window{b594a18 u0 NotificationShade}: viewVisibility=4 req=1080x2400
02-05 17:41:03.768  1163  3944 V WindowManager: Relayout hash=2c152e7, pid=15500: mAttrs={(0,0)(fillxfill) sim={adjust=resize forwardNavigation} ty=BASE_APPLICATION wanim=0x1030304
02-05 17:41:03.768  1163  3944 V WindowManager:   fl=81810100
02-05 17:41:03.768  1163  3944 V WindowManager:   pfl=12020000
02-05 17:41:03.768  1163  3944 V WindowManager:   fitSides= naviIconColor=0}
02-05 17:41:03.768  1163  3944 I SurfaceControl: nativeRelease nativeObject s[496866868192]
02-05 17:41:03.768  1163  3944 I SurfaceControl: nativeRelease nativeObject e[496866868192]
02-05 17:41:03.768  1163  3938 W WindowManager: lockNow pending, ignore updating lockscreen timeout
02-05 17:41:03.768   789   789 D SurfaceFlinger: Display 21442653864348033 HWC layers:
02-05 17:41:03.768   789   789 D SurfaceFlinger:      DEVICE | 0x7428c3f840 | 0002 | RGBA_8888    |    0.0    0.0 1080.0 2400.0 |    0    0 1080 2400 | Splash Screen com.example.dogglers#0
02-05 17:41:03.768   789   789 D SurfaceFlinger:      DEVICE | 0x7408500740 | 0000 | RGBA_8888    |    0.0    0.0 1080.0   88.0 |    0    0 1080   88 | StatusBar$_1680#0
02-05 17:41:03.768   789   789 D SurfaceFlinger:      DEVICE | 0x7428c3f200 | 0000 | RGBA_8888    |    0.0    0.0 1080.0  144.0 |    0 2256 1080 2400 | NavigationBar0$_1680#0
02-05 17:41:03.768   789   789 D SurfaceFlinger:      DEVICE | 0x7408191180 | 0000 | RGBA_8888    |    0.0    0.0 1080.0  125.0 |    0    0 1080  125 | ScreenDecorOverlay$_1680#0
02-05 17:41:03.768   789   789 D SurfaceFlinger:      DEVICE | 0x7428c3f480 | 0000 | RGBA_8888    |    0.0    0.0 1080.0  112.0 |    0 2288 1080 2400 | ScreenDecorOverlayBottom$_1680#0
02-05 17:41:03.768   789   789 D SurfaceFlinger:
02-05 17:41:03.768 15500 15500 I SurfaceControl: assignNativeObject: nativeObject = 0 Surface(name=null)/@0xe2b3ffc / android.view.SurfaceControl.readFromParcel:1117 android.view.IWindowSession$Stub$Proxy.relayout:1820 android.view.ViewRootImpl.relayoutWindow:9005 android.view.ViewRootImpl.performTraversals:3360 android.view.ViewRootImpl.doTraversal:2618 android.view.ViewRootImpl$TraversalRunnable.run:9971 android.view.Choreographer$CallbackRecord.run:1010 android.view.Choreographer.doCallbacks:809 android.view.Choreographer.doFrame:744 android.view.Choreographer$FrameDisplayEventReceiver.run:995
02-05 17:41:03.769 15500 15500 I ViewRootImpl@c6038ef[VerticalListActivity]: Relayout returned: old=(0,0,1080,2400) new=(0,0,1080,2400) req=(1080,2400)0 dur=5 res=0x7 s={true 499142242304} ch=true fn=-1
02-05 17:41:03.769   789  1273 I Layer   : id=80137 removeFromCurrentState Surface(name=8c655e2 StatusBar)/@0x44a9b07 - animation-leash#0 (192)
02-05 17:41:03.769   789  1273 I Layer   : id=80138 removeFromCurrentState Surface(name=b29f82b NavigationBar0)/@0x8634759 - animation-leash#1 (192)
02-05 17:41:03.769 15500 15565 I mali_winsys: new_window_surface() [1080x2400] return: 0x3000
02-05 17:41:03.770  1163  1240 I SurfaceControl: nativeRelease nativeObject s[499039084640]
02-05 17:41:03.770   716   957 D gralloc : [mali_gralloc_allocate] begin
02-05 17:41:03.770  1163  1240 I SurfaceControl: nativeRelease nativeObject e[499039084640]
02-05 17:41:03.770   716   957 D gralloc : buffer_descriptor: wh(1080 2400) usage_pc(0x40000000000b00 0x40000000000b00) hal_format(0x1) layer_count(1) sizes(0 0 0) strde(0) byte_stride(0) alloc_wh(0 0) internal_format(0x0) alloc_format(0x0) fd_count(1) plane_count(0)
02-05 17:41:03.770  1163  3938 V WindowManager: Relayout hash=b594a18, pid=1680: mAttrs={(0,0)(fillxfill) gr=TOP CENTER_VERTICAL sim={adjust=resize} layoutInDisplayCutoutMode=always ty=2040 fmt=TRANSLUCENT colorMode=COLOR_MODE_WIDE_COLOR_GAMUT
02-05 17:41:03.770  1163  3938 V WindowManager:   fl=81840048
02-05 17:41:03.770  1163  3938 V WindowManager:   pfl=1b000000
02-05 17:41:03.770  1163  3938 V WindowManager:   bhv=SHOW_TRANSIENT_BARS_BY_SWIPE dimAmount=0.0 naviIconColor=0
02-05 17:41:03.770  1163  3938 V WindowManager:   sfl=40000}
02-05 17:41:03.770  1163  1240 I SurfaceControl: nativeRelease nativeObject s[499039084544]
02-05 17:41:03.770  1163  1240 I SurfaceControl: nativeRelease nativeObject e[499039084544]
02-05 17:41:03.770  1163  3970 V WindowManager: Relayout Window{6030dc2 u0 com.sec.android.app.launcher/com.sec.android.app.launcher.activities.LauncherActivity}: viewVisibility=8 req=1080x2400
02-05 17:41:03.770   789  1272 I SurfaceFlinger: id=80138 Removed Surface(name=b29f82b NavigationBar0)/@0x8634759 - animation-leash#1 (192)
02-05 17:41:03.770   789  1272 I SurfaceFlinger: id=80137 Removed Surface(name=8c655e2 StatusBar)/@0x44a9b07 - animation-leash#0 (192)
02-05 17:41:03.771  1163  3970 W WindowManager: lockNow pending, ignore updating lockscreen timeout
02-05 17:41:03.771   716   957 D gralloc : [mali_gralloc_allocate] allocation successful
02-05 17:41:03.771   716   957 D gralloc : [mali_gralloc_allocate] begin
02-05 17:41:03.771   716   957 D gralloc : buffer_descriptor: wh(1080 2400) usage_pc(0x40000000000b00 0x40000000000b00) hal_format(0x1) layer_count(1) sizes(0 0 0) strde(0) byte_stride(0) alloc_wh(0 0) internal_format(0x0) alloc_format(0x0) fd_count(1) plane_count(0)
02-05 17:41:03.772 15500 15500 I ViewRootImpl@c6038ef[VerticalListActivity]: [DP] dp(1) 1 android.view.ViewRootImpl.reportNextDraw:10957 android.view.ViewRootImpl.performTraversals:3845 android.view.ViewRootImpl.doTraversal:2618
02-05 17:41:03.772 15500 15500 I ViewRootImpl@c6038ef[VerticalListActivity]: [DP] pd() Asnyc report
02-05 17:41:03.772  1163  3970 V WindowManager: Relayout hash=6030dc2, pid=2003: mAttrs={(0,0)(fillxfill) sim={adjust=nothing} layoutInDisplayCutoutMode=shortEdges ty=BASE_APPLICATION fmt=TRANSPARENT wanim=0x10302f2
02-05 17:41:03.772  1163  3970 V WindowManager:   fl=81910100
02-05 17:41:03.772  1163  3970 V WindowManager:   pfl=16020000
02-05 17:41:03.772  1163  3970 V WindowManager:   vsysui=1700
02-05 17:41:03.772  1163  3970 V WindowManager:   apr=LIGHT_STATUS_BARS
02-05 17:41:03.772  1163  3970 V WindowManager:   bhv=SHOW_TRANSIENT_BARS_BY_SWIPE
02-05 17:41:03.772  1163  3970 V WindowManager:   fitSides= dimAmount=0.125 dimDuration=200 naviIconColor=0}
02-05 17:41:03.772   716   957 D gralloc : [mali_gralloc_allocate] allocation successful
02-05 17:41:03.773   716   957 D gralloc : [mali_gralloc_allocate] begin
02-05 17:41:03.773   716   957 D gralloc : buffer_descriptor: wh(1080 2400) usage_pc(0x40000000000b00 0x40000000000b00) hal_format(0x1) layer_count(1) sizes(0 0 0) strde(0) byte_stride(0) alloc_wh(0 0) internal_format(0x0) alloc_format(0x0) fd_count(1) plane_count(0)
02-05 17:41:03.773  1680  1680 I SurfaceControl: assignNativeObject: nativeObject = 0 Surface(name=null)/@0x7632417 / android.view.SurfaceControl.readFromParcel:1117 android.view.IWindowSession$Stub$Proxy.relayout:1810 android.view.ViewRootImpl.relayoutWindow:9005 android.view.ViewRootImpl.performTraversals:3360 android.view.ViewRootImpl.doTraversal:2618 android.view.ViewRootImpl$TraversalRunnable.run:9971 android.view.Choreographer$CallbackRecord.run:1010 android.view.Choreographer.doCallbacks:809 android.view.Choreographer.doFrame:744 android.view.Choreographer$FrameDisplayEventReceiver.run:995
02-05 17:41:03.773  1680  1680 I SurfaceControl: assignNativeObject: nativeObject = 0 Surface(name=null)/@0x2dd2a3a / android.view.SurfaceControl.readFromParcel:1117 android.view.IWindowSession$Stub$Proxy.relayout:1820 android.view.ViewRootImpl.relayoutWindow:9005 android.view.ViewRootImpl.performTraversals:3360 android.view.ViewRootImpl.doTraversal:2618 android.view.ViewRootImpl$TraversalRunnable.run:9971 android.view.Choreographer$CallbackRecord.run:1010 android.view.Choreographer.doCallbacks:809 android.view.Choreographer.doFrame:744 android.view.Choreographer$FrameDisplayEventReceiver.run:995
02-05 17:41:03.773  1680  1680 I ViewRootImpl@cb447c7[NotificationShade]: Relayout returned: old=(0,0,1080,2400) new=(0,0,1080,2400) req=(1080,2400)4 dur=9 res=0x1 s={false 0} ch=false fn=-1
02-05 17:41:03.774   716   957 D gralloc : [mali_gralloc_allocate] allocation successful
02-05 17:41:03.775  1680  1680 D KeyguardBottomAreaShortcutView: updateCameraVisibility isCameraDisabled:false visible:true
02-05 17:41:03.775  1680  1680 D KeyguardBottomAreaShortcutView: mIndicationArea margin start : 180, end : 180, bottom : 400
02-05 17:41:03.775  1680  1680 D MediaControlPanel: mActionButtonNumCollapsed = 1, mActionButtonNumExpand = 1
02-05 17:41:03.775  1680  1680 D MediaControlPanel: mActionButtonNumCollapsed = 1, mActionButtonNumExpand = 1
02-05 17:41:03.775  1680  1680 D MediaControlPanel: mActionButtonNumCollapsed = 1, mActionButtonNumExpand = 1
02-05 17:41:03.775  1680  1680 D MediaControlPanel: mActionButtonNumCollapsed = 1, mActionButtonNumExpand = 1
02-05 17:41:03.775  1680  1680 D MediaControlPanel: mActionButtonNumCollapsed = 1, mActionButtonNumExpand = 1
02-05 17:41:03.775  1680  1680 D MediaControlPanel: mActionButtonNumCollapsed = 1, mActionButtonNumExpand = 1
02-05 17:41:03.775  1680  1680 D MediaControlPanel: mActionButtonNumCollapsed = 1, mActionButtonNumExpand = 1
02-05 17:41:03.775  1680  1680 D MediaControlPanel: mActionButtonNumCollapsed = 1, mActionButtonNumExpand = 1
02-05 17:41:03.776  1680  1680 D MediaControlPanel: mActionButtonNumCollapsed = 3, mActionButtonNumExpand = 5
02-05 17:41:03.776  1680  1680 D MediaControlPanel: mActionButtonNumCollapsed = 3, mActionButtonNumExpand = 5
02-05 17:41:03.776 15500 15500 I ViewRootImpl@c6038ef[VerticalListActivity]: [DP] pdf(0) 1 android.view.ViewRootImpl.lambda$performDraw$1$ViewRootImpl:4668 android.view.-$$Lambda$ViewRootImpl$DJd0VUYJgsebcnSohO6h8zc_ONI.run:6 android.os.Handler.handleCallback:938
02-05 17:41:03.776 15500 15500 I ViewRootImpl@c6038ef[VerticalListActivity]: [DP] rdf()
02-05 17:41:03.777  1163  1240 W WindowManager: lockNow pending, ignore updating lockscreen timeout
02-05 17:41:03.777  2003  2003 I SurfaceControl: nativeRelease nativeObject s[497485754560]
02-05 17:41:03.778  2003  2003 I SurfaceControl: nativeRelease nativeObject e[497485754560]
02-05 17:41:03.778  1163  1240 W WindowManager: lockNow pending, ignore updating lockscreen timeout
02-05 17:41:03.778  2003  2003 I SurfaceControl: assignNativeObject: nativeObject = 0 Surface(name=null)/@0x631c8c8 / android.view.SurfaceControl.readFromParcel:1117 android.view.IWindowSession$Stub$Proxy.relayout:1810 android.view.ViewRootImpl.relayoutWindow:9005 android.view.ViewRootImpl.performTraversals:3360 android.view.ViewRootImpl.doTraversal:2618 android.view.ViewRootImpl$TraversalRunnable.run:9971 android.view.Choreographer$CallbackRecord.run:1010 android.view.Choreographer.doCallbacks:809 android.view.Choreographer.doFrame:744 android.view.Choreographer$FrameDisplayEventReceiver.run:995
02-05 17:41:03.778  2003  2003 I SurfaceControl: assignNativeObject: nativeObject = 0 Surface(name=null)/@0x37cdda1 / android.view.SurfaceControl.readFromParcel:1117 android.view.IWindowSession$Stub$Proxy.relayout:1820 android.view.ViewRootImpl.relayoutWindow:9005 android.view.ViewRootImpl.performTraversals:3360 android.view.ViewRootImpl.doTraversal:2618 android.view.ViewRootImpl$TraversalRunnable.run:9971 android.view.Choreographer$CallbackRecord.run:1010 android.view.Choreographer.doCallbacks:809 android.view.Choreographer.doFrame:744 android.view.Choreographer$FrameDisplayEventReceiver.run:995
02-05 17:41:03.778  2003  2003 I SurfaceControl: nativeRelease nativeObject s[499183205024]
02-05 17:41:03.778  2003  2003 I SurfaceControl: nativeRelease nativeObject e[499183205024]
02-05 17:41:03.778  2003  2003 I SurfaceControl: nativeRelease nativeObject s[497485754848]
02-05 17:41:03.778  2003  2003 I SurfaceControl: nativeRelease nativeObject e[497485754848]
02-05 17:41:03.778  2003  2003 I SurfaceControl: nativeRelease nativeObject s[499183208576]
02-05 17:41:03.778  2003  2003 I SurfaceControl: nativeRelease nativeObject e[499183208576]
02-05 17:41:03.778  2003  2003 I ViewRootImpl@e2e8b8d[LauncherActivity]: Relayout returned: old=(0,0,1080,2400) new=(0,0,1080,2400) req=(1080,2400)8 dur=13 res=0x5 s={false 0} ch=true fn=26
02-05 17:41:03.778  1163  1240 D PkgPredictorService: pkg:com.example.dogglers activity:com.example.dogglers.VerticalListActivity thisTime:107
02-05 17:41:03.778  1163  1240 D PkgPredictorService-Collector: update activity launch time: VerticalListActivity : 107
02-05 17:41:03.778  1163  1240 I SemDvfsHyPerManager: acquire hyper - AMS_RESUME_TAIL/1163@22, type = -999
02-05 17:41:03.778  1163  1240 I SemDvfsHyPerManager: acquire hyper - AMS_ACT_LAZY/1163@23, type = -999
02-05 17:41:03.779  2003  2003 I SurfaceControl: nativeRelease nativeObject s[497485754560]
02-05 17:41:03.779  2003  2003 I SurfaceControl: nativeRelease nativeObject e[497485754560]
02-05 17:41:03.779   726   817 I HYPER-HAL: [RequestManager.cpp]acquire(): Acquired ID : 702727  [1163 / 22]    HINT : AMS_RESUME_TAIL    list :
02-05 17:41:03.779  1163  1244 D ArtManagerInternalImpl: /data/misc/iorapd/com.example.dogglers/1/com.example.dogglers.VerticalListActivity/compiled_traces/compiled_trace.pb doesn't exist
02-05 17:41:03.779   726   817 I HYPER-HAL: [ResourceManager.cpp]updateResource(): [CPUMinFreq] UpdateResource Request ID : 702727    Value : 1844882
02-05 17:41:03.779   726   817 I HYPER-HAL: [RequestManager.cpp]acquire(): Acquired ID : 703914  [1163 / 23]    HINT :      list :
02-05 17:41:03.779   726   817 E HYPER-HAL: [Request.cpp]acquire(): Request:: id : 703914, No Resource to set
02-05 17:41:03.779   726   817 I HYPER-HAL: [ResourceManager.cpp]removeResource(): [CPUMinFreq] RemoveResource Request ID : 705102
02-05 17:41:03.779   726   817 I HYPER-HAL: [RequestManager.cpp]releaseLocked(): Released ID : 705102
02-05 17:41:03.779   789   789 I Layer   : id=80137[1] Destroyed Surface(name=8c655e2 StatusBar)/@0x44a9b07 - animation-leash#0
02-05 17:41:03.779   789   789 I Layer   : id=80138[1] Destroyed Surface(name=b29f82b NavigationBar0)/@0x8634759 - animation-leash#1
02-05 17:41:03.782 15500 15500 D IdlingResourceRegistry: All idling resources are idle.
02-05 17:41:03.782  1163  1244 I ActivityTaskManager: Displayed com.example.dogglers/.VerticalListActivity: +107ms
02-05 17:41:03.783  1163  1240 D ViewRootImpl@2ef4dff[dogglers]: dispatchDetachedFromWindow: reset blurmask
02-05 17:41:03.783  2669  2669 E pageboostd: Received HALT command code 2
02-05 17:41:03.783 15500 15500 D RootViewPicker: Root not ready - waiting: 10ms for one to appear.
02-05 17:41:03.783  1163  1240 I ViewRootImpl@2ef4dff[dogglers]: dispatchDetachedFromWindow
02-05 17:41:03.783  1163  1240 I SurfaceControl: nativeRelease nativeObject s[496867019744]
02-05 17:41:03.783  1163  1240 I SurfaceControl: nativeRelease nativeObject e[496867019744]
02-05 17:41:03.783  1163  1240 D InputTransport: Input channel destroyed: '5f4cb1b', fd=916
02-05 17:41:03.784   789  1272 I SurfaceFlinger: id=80143 createSurf (0x0),-1 flag=24000, Surface(name=5f4cb1b Splash Screen com.example.dogglers)/@0xa72d6cd - animation-leash#0
02-05 17:41:03.785  1163  1240 W WindowManager: lockNow pending, ignore updating lockscreen timeout
02-05 17:41:03.786  1163  1240 D InputTransport: Input channel destroyed: '5f4cb1b', fd=924
02-05 17:41:03.786  1680  1680 D SecStatusBarMobileView: setStaticDrawableColor:
02-05 17:41:03.786  1680  1680 D MediaControlPanel: mActionButtonNumCollapsed = 1, mActionButtonNumExpand = 1
02-05 17:41:03.787  1680  1680 D MediaControlPanel: mActionButtonNumCollapsed = 1, mActionButtonNumExpand = 1
02-05 17:41:03.787  1680  1680 D MediaControlPanel: mActionButtonNumCollapsed = 1, mActionButtonNumExpand = 1
02-05 17:41:03.787  1680  1680 D MediaControlPanel: mActionButtonNumCollapsed = 1, mActionButtonNumExpand = 1
02-05 17:41:03.787  1680  1680 D MediaControlPanel: mActionButtonNumCollapsed = 1, mActionButtonNumExpand = 1
02-05 17:41:03.787  1680  1680 D MediaControlPanel: mActionButtonNumCollapsed = 1, mActionButtonNumExpand = 1
02-05 17:41:03.787  1680  1680 D MediaControlPanel: mActionButtonNumCollapsed = 1, mActionButtonNumExpand = 1
02-05 17:41:03.787  1680  1680 D MediaControlPanel: mActionButtonNumCollapsed = 1, mActionButtonNumExpand = 1
02-05 17:41:03.787  1680  1680 D MediaControlPanel: mActionButtonNumCollapsed = 3, mActionButtonNumExpand = 5
02-05 17:41:03.787  1680  1680 D MediaControlPanel: mActionButtonNumCollapsed = 3, mActionButtonNumExpand = 5
02-05 17:41:03.788 15500 15500 D LifecycleMonitor: Lifecycle status change: androidx.test.core.app.InstrumentationActivityInvoker$BootstrapActivity@aa01070 in: STOPPED
02-05 17:41:03.788 15500 15500 D LifecycleMonitor: running callback: androidx.test.core.app.ActivityScenario$1@1c94fe9
02-05 17:41:03.788 15500 15500 V ActivityScenario: Activity lifecycle changed event received but ignored because the intent does not match. startActivityIntent=Intent { act=android.intent.action.MAIN cat=[android.intent.category.LAUNCHER] cmp=com.example.dogglers/.VerticalListActivity }, activity.getIntent()=Intent { act=android.intent.action.MAIN cat=[android.intent.category.LAUNCHER] flg=0x10008000 cmp=com.example.dogglers/androidx.test.core.app.InstrumentationActivityInvoker$BootstrapActivity (has extras) }, activity=androidx.test.core.app.InstrumentationActivityInvoker$BootstrapActivity@aa01070
02-05 17:41:03.788 15500 15500 D LifecycleMonitor: callback completes: androidx.test.core.app.ActivityScenario$1@1c94fe9
02-05 17:41:03.789  2003  2003 I ViewRootImpl@e2e8b8d[LauncherActivity]: stopped(true) old=false
02-05 17:41:03.790  2003  2003 I StateManager: goToState isInState Normal
02-05 17:41:03.794 15500 15500 D IdlingResourceRegistry: All idling resources are idle.
02-05 17:41:03.794 15500 15500 D IdlingResourceRegistry: All idling resources are idle.
02-05 17:41:03.794 15500 15500 D RootViewPicker: Root not ready - waiting: 25ms for one to appear.
02-05 17:41:03.795  2003  2003 W LauncherAppWidgetHost: setListenIfResumed, mFlags = 7
02-05 17:41:03.795   851   851 I CameraService: notifyMonitoredUids
02-05 17:41:03.796  1163  3970 I AppWidgetServiceImpl: stopListening callbacks : null
02-05 17:41:03.796  2003  2003 W Launcher.NotificationListener: removeNotificationsChangedListener
02-05 17:41:03.796  2003  2003 I BadgeCountUpdaterImpl: onNotificationsChangedDisConnected
02-05 17:41:03.796  2003  2003 I Launcher.NotificationListener: unregisterObserver, this is not notificationService!!
02-05 17:41:03.796  2003  2003 W PageOverlayMover: updateActivityLifecycleState : 4
02-05 17:41:03.796  5089 28744 I PageOverlayServiceImpl: [FROM HOME] updateActivityLifecycleState : 4
02-05 17:41:03.796  1680  1680 D SecStatusBarMobileView: setStaticDrawableColor:
02-05 17:41:03.797  2003  2003 I LiveIconUpdateEventHandler: cancelMinuteChangeAlarm
02-05 17:41:03.797  1163  3970 I InputDispatcher: Focus entered window (15500): 2c152e7 in display 0 0
02-05 17:41:03.797  1163  3938 V WindowManager: Relayout Window{f87dac6 u0 com.samsung.android.app.spage}: viewVisibility=8 req=0x2168
02-05 17:41:03.798  1163  3938 W WindowManager: lockNow pending, ignore updating lockscreen timeout
02-05 17:41:03.798  2003  2003 I LiveIconUpdateEventHandler: cancelDateChangeAlarm
02-05 17:41:03.799 15500 15500 I ViewRootImpl@c6038ef[VerticalListActivity]: MSG_WINDOW_FOCUS_CHANGED 1 1
02-05 17:41:03.799 15500 15500 D InputMethodManager: prepareNavigationBarInfo() DecorView@590559[VerticalListActivity]
02-05 17:41:03.799 15500 15500 D InputMethodManager: getNavigationBarColor() -16711423
02-05 17:41:03.799 15500 15500 D InputMethodManager: prepareNavigationBarInfo() DecorView@590559[VerticalListActivity]
02-05 17:41:03.799 15500 15500 D InputMethodManager: getNavigationBarColor() -16711423
02-05 17:41:03.799 15500 15500 V InputMethodManager: Starting input: tba=com.example.dogglers ic=null mNaviBarColor -16711423 mIsGetNaviBarColorSuccess true , NavVisible : true , NavTrans : false
02-05 17:41:03.799 15500 15500 D InputMethodManager: startInputInner - Id : 0
02-05 17:41:03.799 15500 15500 I InputMethodManager: startInputInner - mService.startInputOrWindowGainedFocus
02-05 17:41:03.800  1163  3938 V WindowManager: Relayout hash=f87dac6, pid=5089: mAttrs={(0,0)(0xfill) sim={adjust=pan} ty=APPLICATION_PANEL fmt=RGBA_8888
02-05 17:41:03.800  1163  3938 V WindowManager:   fl=1000018
02-05 17:41:03.800  1163  3938 V WindowManager:   pfl=2000040
02-05 17:41:03.800  1163  3938 V WindowManager:   fitTypes=STATUS_BARS NAVIGATION_BARS CAPTION_BAR IME naviIconColor=0}
02-05 17:41:03.800  1163  3970 D InputMethodManagerService: mSecureKeypadEnabled = false
02-05 17:41:03.800  1163  3970 V InputMethodManagerService: hideCurrentInputLocked : shouldHideSoftInput is false
02-05 17:41:03.800  1163  3970 D InputMethodManagerService: DESKTOP MODE! : 2
02-05 17:41:03.800  1163  3970 D InputMethodManagerService: NOT IN KNOX DESKTOP MODE!
02-05 17:41:03.800  1163  3970 V InputMethodManagerService: getDisplayIdOfInputMethodWindowToBeAdded : 0
02-05 17:41:03.800  1163  3970 D SamsungIMMSHWKeyboard: isConnectedDexOnPC false
02-05 17:41:03.800  1163  3970 D InputMethodManagerService: isImeSwitcherDisabledPackage : false
02-05 17:41:03.800  2003  2003 I LiveIconUpdateEventHandler: unregisterReceiver
02-05 17:41:03.801  1163  3970 D InputMethodManagerService: checkDisplayOfStartInputAndUpdateKeyboard display Id 0last 0
02-05 17:41:03.801  1163  3970 D InputTransport: Input channel constructed: 'ClientS', fd=857
02-05 17:41:03.801  1163  3970 D InputTransport: Input channel destroyed: 'ClientS', fd=857
02-05 17:41:03.801 15500 15500 D InputTransport: Input channel constructed: 'ClientS', fd=97
02-05 17:41:03.801  5089  5089 I SurfaceControl: assignNativeObject: nativeObject = 0 Surface(name=null)/@0xb12fb6b / android.view.SurfaceControl.readFromParcel:1117 android.view.IWindowSession$Stub$Proxy.relayout:1810 android.view.ViewRootImpl.relayoutWindow:9005 android.view.ViewRootImpl.performTraversals:3360 android.view.ViewRootImpl.doTraversal:2618 android.view.ViewRootImpl$TraversalRunnable.run:9971 android.view.Choreographer$CallbackRecord.run:1010 android.view.Choreographer.doCallbacks:809 android.view.Choreographer.doFrame:744 android.view.Choreographer$FrameDisplayEventReceiver.run:995
02-05 17:41:03.801  5089  5089 I SurfaceControl: assignNativeObject: nativeObject = 0 Surface(name=null)/@0xf71d6c8 / android.view.SurfaceControl.readFromParcel:1117 android.view.IWindowSession$Stub$Proxy.relayout:1820 android.view.ViewRootImpl.relayoutWindow:9005 android.view.ViewRootImpl.performTraversals:3360 android.view.ViewRootImpl.doTraversal:2618 android.view.ViewRootImpl$TraversalRunnable.run:9971 android.view.Choreographer$CallbackRecord.run:1010 android.view.Choreographer.doCallbacks:809 android.view.Choreographer.doFrame:744 android.view.Choreographer$FrameDisplayEventReceiver.run:995
02-05 17:41:03.801  1163  3939 I SurfaceControl: nativeRelease nativeObject s[496871103840]
02-05 17:41:03.801  1163  3939 I SurfaceControl: nativeRelease nativeObject e[496871103840]
02-05 17:41:03.801   789  1273 I SurfaceFlinger: id=80144 createSurf (0x0),-1 flag=24004, Surface(name=dbf3b45 InputMethod)/@0xf70bba8 - animation-leash#1
02-05 17:41:03.802  5089  5089 I ViewRootImpl@7fb81b0[]: Relayout returned: old=(540,88,540,2256) new=(540,88,540,2256) req=(0,2168)8 dur=5 res=0x1 s={false 0} ch=false fn=-1
02-05 17:41:03.802  5089  5089 I PageOverlayCoordinator: onUiStopped
02-05 17:41:03.802  5089  5089 I PageOverlayRootLayout: onUiStopped
02-05 17:41:03.803  3640  3640 I GoogleInputMethodService: GoogleInputMethodService.onFinishInput():3316
02-05 17:41:03.803  3640  3640 I GoogleInputMethodService: GoogleInputMethodService.updateDeviceLockedStatus():2181 checkRepeatedly = false, unlocked = true
02-05 17:41:03.804  3640  3640 D InputMethodService: checkDisplayOfStartInputAndUpdateKeyboard display Id 0last 0
02-05 17:41:03.804  3640  3640 I GoogleInputMethodService: GoogleInputMethodService.onStartInput():1989
02-05 17:41:03.804  3640  3640 I GoogleInputMethodService: GoogleInputMethodService.updateDeviceLockedStatus():2181 checkRepeatedly = true, unlocked = true
02-05 17:41:03.814   789   834 I Layer   : id=80131 removeFromCurrentState Surface(name=dbf3b45 InputMethod)/@0xf70bba8 - animation-leash#0 (192)
02-05 17:41:03.814  1163  3938 I SurfaceControl: nativeRelease nativeObject s[496861211392]
02-05 17:41:03.814  1163  3938 I SurfaceControl: nativeRelease nativeObject e[496861211392]
02-05 17:41:03.815   789  1272 I Layer   : id=80124 removeFromCurrentState com.sec.android.app.launcher/com.sec.android.app.launcher.activities.LauncherActivity$_2003#0 (192)
02-05 17:41:03.815  1163  3939 D SamsungIMMSHWKeyboard: isConnectedDexOnPC false
02-05 17:41:03.815 15500 15500 I SurfaceControl: nativeRelease nativeObject s[499183198208]
02-05 17:41:03.815 15500 15500 I SurfaceControl: nativeRelease nativeObject e[499183198208]
02-05 17:41:03.815 15500 15500 I SurfaceControl: nativeRelease nativeObject s[499183202336]
02-05 17:41:03.815 15500 15500 I SurfaceControl: nativeRelease nativeObject e[499183202336]
02-05 17:41:03.815  1163  3939 D InputMethodManagerService: isImeSwitcherDisabledPackage : false
02-05 17:41:03.816  1680  1680 D SecStatusBarMobileView: setStaticDrawableColor:
02-05 17:41:03.817   789  1273 I SurfaceFlinger: id=80124 Removed com.sec.android.app.launcher/com.sec.android.app.launcher.activities.LauncherActivity$_2003#0 (192)
02-05 17:41:03.817  2003  2003 I SurfaceControl: nativeRelease nativeObject s[499014697504]
02-05 17:41:03.817  2003  2003 I SurfaceControl: nativeRelease nativeObject e[499014697504]
02-05 17:41:03.817  1163  1237 D SehCodecSolutionService: Update top [com.example.dogglers]
02-05 17:41:03.817  1163  1237 E Native_CFMS: nativePerfMgrRemoveTask    Fail    tid : 2003    return : -1
