02-05 17:40:49.206 15500 15559 I TestRunner: started: clicking_horizontal_list_button_displays_horizontal_list(com.example.dogglers.ButtonTests)
02-05 17:40:49.207  1680  1680 D SystemUIService: onTrimMemory = 15
02-05 17:40:49.207  1680  1680 D StatusBar: onTrimMemory = 15
02-05 17:40:49.208  3640  3640 I AppBase : AppBase.onTrimMemory():726 onTrimMemory(): 15
02-05 17:40:49.208  6265  6265 I ED.ConsoleFragment: mComponentCallbacks2 onTrimMemory level : 15
02-05 17:40:49.208  6265  6265 I ED.ConsoleFragment: mComponentCallbacks2 onTrimMemory level : 15
02-05 17:40:49.208  6265  6265 I ED.ConsoleFragment: mComponentCallbacks2 onTrimMemory level : 15
02-05 17:40:49.208  3640  3640 I GoogleInputMethodService: GoogleInputMethodService.onTrimMemory():4515 onTrimMemory(): 15
02-05 17:40:49.209  4084  4084 I id.diagmonagen: Explicit concurrent copying GC freed 174(48KB) AllocSpace objects, 0(0B) LOS objects, 72% free, 2378KB/8522KB, paused 26us total 10.552ms
02-05 17:40:49.210 15500 15559 W Settings: Setting always_finish_activities has moved from android.provider.Settings.System to android.provider.Settings.Global, returning read-only value.
02-05 17:40:49.210  4084  4084 W DMASA[C]: [DiagMonAgentApplication]onTrimMemory (15)
02-05 17:40:49.213  1163  2602 I SemDvfsHyPerManager: acquire hyper - AMS_APP_SWITCH/1163@24, type = -999
02-05 17:40:49.214   726   817 I HYPER-HAL: [RequestManager.cpp]acquire(): Acquired ID : 705102  [1163 / 24]    HINT : AMS_APP_SWITCH    list :
02-05 17:40:49.214   789  1273 I SurfaceFlinger: id=79490 createSurf (0x0),-1 flag=24004, Task=12725#0
02-05 17:40:49.214   726   817 I HYPER-HAL: [ResourceManager.cpp]updateResource(): [CPUMinFreq] UpdateResource Request ID : 705102    Value : 2623359
02-05 17:40:49.214  4183  4183 I SemDvfsHyPerManager: acquire hyper - com.sec.android.sdhms/4183@9, type = -999
02-05 17:40:49.214   726   817 I HYPER-HAL: [RequestManager.cpp]acquire(): Acquired ID : 8788537  [4183 / 9]    HINT : APP_START    list :
02-05 17:40:49.215   726   817 I HYPER-HAL: [ResourceManager.cpp]updateResource(): [CPUMaxFreq] UpdateResource Request ID : 8788537    Value : 2730000
02-05 17:40:49.215   789  1272 I SurfaceFlinger: id=79491 createSurf (0x0),-1 flag=80004, ActivityRecord{e736798 u0 com.example.dogglers/androidx.test.core.app.InstrumentationActivityInvoker$BootstrapActivity t12725}#0
02-05 17:40:49.216  1163  1234 V WindowOrientationListener: getProposedRotation: 0
02-05 17:40:49.217  1163  1234 W WindowManager: lockNow pending, ignore updating lockscreen timeout
02-05 17:40:49.218  1163  1234 I SemDvfsHyPerManager: acquire hyper - AMS_APP_LAUNCH/1163@21, type = -999
02-05 17:40:49.218   726   817 I HYPER-HAL: [RequestManager.cpp]acquire(): Acquired ID : 701541  [1163 / 21]    HINT : AMS_APP_LAUNCH    list :
02-05 17:40:49.218   726   817 I HYPER-HAL: [ResourceManager.cpp]updateResource(): [CPUMinFreq] UpdateResource Request ID : 701541    Value : 2623359
02-05 17:40:49.219  2003  2003 I DragController: endDrag
02-05 17:40:49.219  2003  2003 W PageOverlayMover: updateActivityLifecycleState : 3
02-05 17:40:49.219  2003  2003 I SPayUpdater: updateSpayHandler launcher activity is paused false
02-05 17:40:49.220  5089  5538 I PageOverlayServiceImpl: [FROM HOME] updateActivityLifecycleState : 3
02-05 17:40:49.221  1163  1234 V WindowOrientationListener: getProposedRotation: 0
02-05 17:40:49.221  1163  1234 V WindowOrientationListener: getProposedRotation: 0
02-05 17:40:49.222  1163  1234 V WindowOrientationListener: getProposedRotation: 0
02-05 17:40:49.224  1163  1234 D InputDispatcher: Focused application set to (0): e736798
02-05 17:40:49.229   916   916 I keystore: !@ Start - USRPKEY_gmphn_model_key_1000004_1 from uid 10231 for uid 10231, isKnoxKey(0)
02-05 17:40:49.230   916   916 I keystore: !@ reading blob user_0/10231_USRPKEY_gmphn_model_key_1000004_1
02-05 17:40:49.231   532   532 W keymaster_tee: [WRN]begin req PARAMS: A32 B32 P1
02-05 17:40:49.257  1163  1234 W WindowManager: lockNow pending, ignore updating lockscreen timeout
02-05 17:40:49.259  1163  3944 V WindowManager: Relayout Window{6030dc2 u0 com.sec.android.app.launcher/com.sec.android.app.launcher.activities.LauncherActivity}: viewVisibility=0 req=1080x2400
02-05 17:40:49.259  1163  3944 W WindowManager: lockNow pending, ignore updating lockscreen timeout
02-05 17:40:49.260  1163  3944 V WindowManager: Relayout hash=6030dc2, pid=2003: mAttrs={(0,0)(fillxfill) sim={adjust=nothing} layoutInDisplayCutoutMode=shortEdges ty=BASE_APPLICATION fmt=TRANSPARENT wanim=0x10302f2
02-05 17:40:49.260  1163  3944 V WindowManager:   fl=81910100
02-05 17:40:49.260  1163  3944 V WindowManager:   pfl=16020000
02-05 17:40:49.260  1163  3944 V WindowManager:   vsysui=1700
02-05 17:40:49.260  1163  3944 V WindowManager:   apr=LIGHT_STATUS_BARS
02-05 17:40:49.260  1163  3944 V WindowManager:   bhv=SHOW_TRANSIENT_BARS_BY_SWIPE
02-05 17:40:49.260  1163  3944 V WindowManager:   fitSides= dimAmount=0.125 dimDuration=200 naviIconColor=0}
02-05 17:40:49.260  1163  3944 I SurfaceControl: nativeRelease nativeObject s[499038030848]
02-05 17:40:49.260  1163  3944 I SurfaceControl: nativeRelease nativeObject e[499038030848]
02-05 17:40:49.261  1163  1502 I System.out: (HTTPLog)-Static: isSBSettingEnabled false
02-05 17:40:49.261  1163  1502 I System.out: (HTTPLog)-Static: isSBSettingEnabled false
02-05 17:40:49.261 15500 15500 D LifecycleMonitor: Lifecycle status change: androidx.test.core.app.InstrumentationActivityInvoker$BootstrapActivity@4179282 in: PRE_ON_CREATE
02-05 17:40:49.261 15500 15500 D LifecycleMonitor: running callback: androidx.test.core.app.ActivityScenario$1@f392d93
02-05 17:40:49.261 15500 15500 V ActivityScenario: Activity lifecycle changed event received but ignored because the intent does not match. startActivityIntent=Intent { act=android.intent.action.MAIN cat=[android.intent.category.LAUNCHER] cmp=com.example.dogglers/.MainActivity }, activity.getIntent()=Intent { act=android.intent.action.MAIN cat=[android.intent.category.LAUNCHER] flg=0x10008000 cmp=com.example.dogglers/androidx.test.core.app.InstrumentationActivityInvoker$BootstrapActivity (has extras) }, activity=androidx.test.core.app.InstrumentationActivityInvoker$BootstrapActivity@4179282
02-05 17:40:49.261 15500 15500 D LifecycleMonitor: callback completes: androidx.test.core.app.ActivityScenario$1@f392d93
02-05 17:40:49.262  1163  1259 D FastTrack: setFastTrackState: pid = 15500 ;tid= 15500 ;value= 1
02-05 17:40:49.262  1163  1259 D FastTrack: setFastTrackState: pid = 15500 ;tid= 15565 ;value= 1
02-05 17:40:49.262   696   816 E Netd    : getNetworkForDns: getNetId from enterpriseCtrl is netid 0
02-05 17:40:49.263  2003  2003 I SurfaceControl: nativeRelease nativeObject s[499183210208]
02-05 17:40:49.263  2003  2003 I SurfaceControl: nativeRelease nativeObject e[499183210208]
02-05 17:40:49.263  2003  2003 I SurfaceControl: assignNativeObject: nativeObject = 0 Surface(name=null)/@0x37cdda1 / android.view.SurfaceControl.readFromParcel:1117 android.view.IWindowSession$Stub$Proxy.relayout:1820 android.view.ViewRootImpl.relayoutWindow:9005 android.view.ViewRootImpl.performTraversals:3360 android.view.ViewRootImpl.doTraversal:2618 android.view.ViewRootImpl$TraversalRunnable.run:9971 android.view.Choreographer$CallbackRecord.run:1010 android.view.Choreographer.doCallbacks:809 android.view.Choreographer.doFrame:744 android.view.Choreographer$FrameDisplayEventReceiver.run:995
02-05 17:40:49.263  1163  1240 D InputTransport: Input channel constructed: '7312641', fd=916
02-05 17:40:49.263  1163  1240 D InputTransport: Input channel constructed: '7312641', fd=917
02-05 17:40:49.263  2003  2003 I SurfaceControl: nativeRelease nativeObject s[499184611104]
02-05 17:40:49.263  2003  2003 I SurfaceControl: nativeRelease nativeObject e[499184611104]
02-05 17:40:49.263  2003  2003 I SurfaceControl: nativeRelease nativeObject s[499184606304]
02-05 17:40:49.263  2003  2003 I SurfaceControl: nativeRelease nativeObject e[499184606304]
02-05 17:40:49.263  2003  2003 I SurfaceControl: nativeRelease nativeObject s[499184606208]
02-05 17:40:49.263  2003  2003 I SurfaceControl: nativeRelease nativeObject e[499184606208]
02-05 17:40:49.263  2003  2003 I ViewRootImpl@e2e8b8d[LauncherActivity]: Relayout returned: old=(0,0,1080,2400) new=(0,0,1080,2400) req=(1080,2400)0 dur=4 res=0x1 s={true 497483223040} ch=false fn=26
02-05 17:40:49.264   789   835 I SurfaceFlinger: id=79492 createSurf (0x0),-1 flag=80004, 7312641 Splash Screen com.example.dogglers#0
02-05 17:40:49.265 15500 15500 I DecorView: [INFO] isPopOver=false, config=true
02-05 17:40:49.265 15500 15500 I DecorView: updateCaptionType >> DecorView@4c035c9[], isFloating=false, isApplication=true, hasWindowDecorCaption=false, hasWindowControllerCallback=true
02-05 17:40:49.265 15500 15500 D DecorView: setCaptionType = 0, this = DecorView@4c035c9[]
02-05 17:40:49.265  1163  1240 I ViewRootImpl@3f26928[dogglers]: setView = com.android.internal.policy.DecorView@f29e127 TM=true
02-05 17:40:49.266   696   827 E Netd    : getNetworkForDns: getNetId from enterpriseCtrl is netid 0
02-05 17:40:49.266  1163  1248 I libprocessgroup: Successfully killed process cgroup uid 10085 pid 15342 in 0ms
02-05 17:40:49.266  1163  1237 D SehCodecSolutionService: Update top [com.example.dogglers]
02-05 17:40:49.266   697   697 I Zygote  : Process 15342 exited due to signal 9 (Killed)
02-05 17:40:49.267  1163  1511 D PkgPredictorService: com.example.dogglers go to foreground!
02-05 17:40:49.267  1163  1511 E PkgPredictorService-Collector: record changed bt=1  wifi=1 screen=0
02-05 17:40:49.267  1163  1511 D PkgPredictorService: previous pkgs: com.example.dogglers,com.example.dogglers,com.android.chrome running pkg: com.example.dogglers, uid: 0 is system: false
02-05 17:40:49.267  1163  3944 D NetdEventListenerService: DNS Requested by : 782, 1000
02-05 17:40:49.267  1163  1511 D PkgPredictorService-Collector: save record...
02-05 17:40:49.267  1163  1511 D PkgPredictorService-Collector:  (hour:17 day:7 previous:[com.example.dogglers, com.example.dogglers, com.android.chrome] activityName:unknown running:com.example.dogglers userId:0 screenOrientation:0 wifi:1 bt:1 predictTime:0 apkVersion:1.0 consumeTime:-1 preloaded:false>)
02-05 17:40:49.267  1163  1511 D PkgPredictorService-NapPreloadController: User using: com.example.dogglers
02-05 17:40:49.267  1163  1511 I PkgPredictorService-NapClassifier: RF predict version:1644037200287
02-05 17:40:49.267 15500 15500 D LifecycleMonitor: Lifecycle status change: androidx.test.core.app.InstrumentationActivityInvoker$BootstrapActivity@4179282 in: CREATED
02-05 17:40:49.267  1163  1511 D PkgPredictorService-NapClassifier: Predict result: 22.0,-1.0,-1.0,-1.0,-1.0,-1.0,-1.0,-1.0,-1.0, - [0_&_com.laurencedawson.reddit_sync.pro]
02-05 17:40:49.267 15500 15500 D LifecycleMonitor: running callback: androidx.test.core.app.ActivityScenario$1@f392d93
02-05 17:40:49.268 15500 15500 V ActivityScenario: Activity lifecycle changed event received but ignored because the intent does not match. startActivityIntent=Intent { act=android.intent.action.MAIN cat=[android.intent.category.LAUNCHER] cmp=com.example.dogglers/.MainActivity }, activity.getIntent()=Intent { act=android.intent.action.MAIN cat=[android.intent.category.LAUNCHER] flg=0x10008000 cmp=com.example.dogglers/androidx.test.core.app.InstrumentationActivityInvoker$BootstrapActivity (has extras) }, activity=androidx.test.core.app.InstrumentationActivityInvoker$BootstrapActivity@4179282
02-05 17:40:49.268 15500 15500 D LifecycleMonitor: callback completes: androidx.test.core.app.ActivityScenario$1@f392d93
02-05 17:40:49.269 15500 15500 D LifecycleMonitor: Lifecycle status change: androidx.test.core.app.InstrumentationActivityInvoker$BootstrapActivity@4179282 in: STARTED
02-05 17:40:49.269 15500 15500 D LifecycleMonitor: running callback: androidx.test.core.app.ActivityScenario$1@f392d93
02-05 17:40:49.269 15500 15500 V ActivityScenario: Activity lifecycle changed event received but ignored because the intent does not match. startActivityIntent=Intent { act=android.intent.action.MAIN cat=[android.intent.category.LAUNCHER] cmp=com.example.dogglers/.MainActivity }, activity.getIntent()=Intent { act=android.intent.action.MAIN cat=[android.intent.category.LAUNCHER] flg=0x10008000 cmp=com.example.dogglers/androidx.test.core.app.InstrumentationActivityInvoker$BootstrapActivity (has extras) }, activity=androidx.test.core.app.InstrumentationActivityInvoker$BootstrapActivity@4179282
02-05 17:40:49.269 15500 15500 D LifecycleMonitor: callback completes: androidx.test.core.app.ActivityScenario$1@f392d93
02-05 17:40:49.271   789   835 I SurfaceFlinger: id=79493 createSurf (0x0),-1 flag=80004, ActivityRecord{103fc72 u0 com.example.dogglers/.MainActivity t12725}#0
02-05 17:40:49.273  1163  3938 W WindowManager: lockNow pending, ignore updating lockscreen timeout
02-05 17:40:49.274 15500 15500 D LifecycleMonitor: Lifecycle status change: androidx.test.core.app.InstrumentationActivityInvoker$BootstrapActivity@4179282 in: RESUMED
02-05 17:40:49.274 15500 15500 D LifecycleMonitor: running callback: androidx.test.core.app.ActivityScenario$1@f392d93
02-05 17:40:49.275 15500 15500 V ActivityScenario: Activity lifecycle changed event received but ignored because the intent does not match. startActivityIntent=Intent { act=android.intent.action.MAIN cat=[android.intent.category.LAUNCHER] cmp=com.example.dogglers/.MainActivity }, activity.getIntent()=Intent { act=android.intent.action.MAIN cat=[android.intent.category.LAUNCHER] flg=0x10008000 cmp=com.example.dogglers/androidx.test.core.app.InstrumentationActivityInvoker$BootstrapActivity (has extras) }, activity=androidx.test.core.app.InstrumentationActivityInvoker$BootstrapActivity@4179282
02-05 17:40:49.275 15500 15500 D LifecycleMonitor: callback completes: androidx.test.core.app.ActivityScenario$1@f392d93
02-05 17:40:49.276 15500 15500 D LifecycleMonitor: Lifecycle status change: androidx.test.core.app.InstrumentationActivityInvoker$BootstrapActivity@4179282 in: PAUSED
02-05 17:40:49.276 15500 15500 D LifecycleMonitor: running callback: androidx.test.core.app.ActivityScenario$1@f392d93
02-05 17:40:49.276 15500 15500 V ActivityScenario: Activity lifecycle changed event received but ignored because the intent does not match. startActivityIntent=Intent { act=android.intent.action.MAIN cat=[android.intent.category.LAUNCHER] cmp=com.example.dogglers/.MainActivity }, activity.getIntent()=Intent { act=android.intent.action.MAIN cat=[android.intent.category.LAUNCHER] flg=0x10008000 cmp=com.example.dogglers/androidx.test.core.app.InstrumentationActivityInvoker$BootstrapActivity (has extras) }, activity=androidx.test.core.app.InstrumentationActivityInvoker$BootstrapActivity@4179282
02-05 17:40:49.276 15500 15500 D LifecycleMonitor: callback completes: androidx.test.core.app.ActivityScenario$1@f392d93
02-05 17:40:49.276  1163  1235 I InputDispatcher: Focus left window (2003): 6030dc2 in display 0 0
02-05 17:40:49.277  1163  2104 V WindowOrientationListener: getProposedRotation: 0
02-05 17:40:49.277  1163  2104 V WindowOrientationListener: getProposedRotation: 0
02-05 17:40:49.277  1163  2104 V WindowOrientationListener: getProposedRotation: 0
02-05 17:40:49.278  1163  2104 D InputDispatcher: Focused application set to (0): 103fc72
02-05 17:40:49.280  1163  2104 W WindowManager: lockNow pending, ignore updating lockscreen timeout
02-05 17:40:49.280  1163  1240 V WindowManager: Relayout Window{7312641 u0 Splash Screen com.example.dogglers}: viewVisibility=0 req=1080x2400
02-05 17:40:49.281  1163  1240 W WindowManager: lockNow pending, ignore updating lockscreen timeout
02-05 17:40:49.282  1163  1240 D WindowManager: isScreenshotDisabledLocked - win: Window{7312641 u0 Splash Screen com.example.dogglers}
02-05 17:40:49.282  1163  1240 D WindowManager: isScreenshotDisabledLocked: userId = 0, disabled =false
02-05 17:40:49.282   789   835 I SurfaceFlinger: id=79494 createSurf (1080x2400),1 flag=404, Splash Screen com.example.dogglers#0
02-05 17:40:49.284  1163  1240 V WindowManager: Relayout hash=7312641, pid=1163: mAttrs={(0,0)(fillxfill) sim={adjust=pan} layoutInDisplayCutoutMode=shortEdges ty=APPLICATION_STARTING wanim=0x1030001
02-05 17:40:49.284  1163  1240 V WindowManager:   fl=1830118
02-05 17:40:49.284  1163  1240 V WindowManager:   pfl=12020011
02-05 17:40:49.284  1163  1240 V WindowManager:   fitSides= naviIconColor=0}
02-05 17:40:49.284  1163  1240 I ViewRootImpl@3f26928[dogglers]: Relayout returned: old=(0,0,1080,2400) new=(0,0,1080,2400) req=(1080,2400)0 dur=7 res=0x7 s={true 497474408448} ch=true fn=-1
02-05 17:40:49.284  2003  2003 I ViewRootImpl@e2e8b8d[LauncherActivity]: MSG_WINDOW_FOCUS_CHANGED 0 1
02-05 17:40:49.285  1163  1240 I ViewRootImpl@3f26928[dogglers]: [DP] dp(1) 1 android.view.ViewRootImpl.reportNextDraw:10957 android.view.ViewRootImpl.performTraversals:3845 android.view.ViewRootImpl.doTraversal:2618
02-05 17:40:49.285   716   953 D gralloc : [mali_gralloc_allocate] begin
02-05 17:40:49.285   716   953 D gralloc : buffer_descriptor: wh(1080 2400) usage_pc(0x966 0x906) hal_format(0x1) layer_count(1) sizes(0 0 0) strde(0) byte_stride(0) alloc_wh(0 0) internal_format(0x0) alloc_format(0x0) fd_count(1) plane_count(0)
02-05 17:40:49.285   716   953 D gralloc : [mali_gralloc_allocate] allocation successful
02-05 17:40:49.287 15500 15500 D LifecycleMonitor: Lifecycle status change: com.example.dogglers.MainActivity@500efda in: PRE_ON_CREATE
02-05 17:40:49.287 15500 15500 D LifecycleMonitor: running callback: androidx.test.core.app.ActivityScenario$1@f392d93
02-05 17:40:49.287 15500 15500 V ActivityScenario: Activity lifecycle changed event received but ignored because the reported transition was not ON_CREATE while the last known transition was PRE_ON_CREATE
02-05 17:40:49.287 15500 15500 D LifecycleMonitor: callback completes: androidx.test.core.app.ActivityScenario$1@f392d93
02-05 17:40:49.288   851  9221 I CameraService: UidPolicy: No processes running for a uid=10085 disabled=0
02-05 17:40:49.291  1163  1240 I ViewRootImpl@3f26928[dogglers]: [DP] pdf(0) 1 android.view.ViewRootImpl.performDraw:4809 android.view.ViewRootImpl.performTraversals:3866 android.view.ViewRootImpl.doTraversal:2618
02-05 17:40:49.291  1163  1240 I ViewRootImpl@3f26928[dogglers]: [DP] rdf()
02-05 17:40:49.293  1163  1240 W WindowManager: lockNow pending, ignore updating lockscreen timeout
02-05 17:40:49.293  2003  2003 I BadgeRenderer: Invalid count : 0
02-05 17:40:49.293  2003  2003 I BadgeRenderer: Invalid count : 0
02-05 17:40:49.293  2003  2003 I BadgeRenderer: Invalid count : 0
02-05 17:40:49.293  2003  2003 I BadgeRenderer: Invalid count : 0
02-05 17:40:49.293  2003  2003 I BadgeRenderer: Invalid count : 0
02-05 17:40:49.293  2003  2003 I BadgeRenderer: Invalid count : 0
02-05 17:40:49.296  1680 12945 D WallpaperService: dispatchAppVisibility onVisibilityChanged(): false
02-05 17:40:49.296  1680  1680 D WallpaperService: reportVisibility onVisibilityChanged visible: false
02-05 17:40:49.296  1680  1806 I ImageWallpaper:  onVisibilityChanged false , 0
02-05 17:40:49.297  1163  1240 I SurfaceControl: nativeRelease nativeObject s[497153784448]
02-05 17:40:49.297  1163  1240 I SurfaceControl: nativeRelease nativeObject e[497153784448]
02-05 17:40:49.297   789   835 I SurfaceFlinger: id=79495 createSurf (0x0),-1 flag=24000, Surface(name=8c655e2 StatusBar)/@0x44a9b07 - animation-leash#1
02-05 17:40:49.298  1163  1240 I SurfaceControl: nativeRelease nativeObject s[496871102400]
02-05 17:40:49.298  1163  1240 I SurfaceControl: nativeRelease nativeObject e[496871102400]
02-05 17:40:49.298   789  1273 I SurfaceFlinger: id=79496 createSurf (0x0),-1 flag=24000, Surface(name=b29f82b NavigationBar0)/@0x8634759 - animation-leash#0
02-05 17:40:49.299  1163  1240 W WindowManager: lockNow pending, ignore updating lockscreen timeout
02-05 17:40:49.300   789  1272 I Layer   : id=79483 removeFromCurrentState Surface(name=8c655e2 StatusBar)/@0x44a9b07 - animation-leash#0 (178)
02-05 17:40:49.300   789  1272 I Layer   : id=79484 removeFromCurrentState Surface(name=b29f82b NavigationBar0)/@0x8634759 - animation-leash#1 (178)
02-05 17:40:49.301 15500 15500 I DecorView: [INFO] isPopOver=false, config=true
02-05 17:40:49.301 15500 15500 I DecorView: updateCaptionType >> DecorView@e2e8b8d[], isFloating=false, isApplication=true, hasWindowDecorCaption=false, hasWindowControllerCallback=true
02-05 17:40:49.301 15500 15500 D DecorView: setCaptionType = 0, this = DecorView@e2e8b8d[]
02-05 17:40:49.302  1163  1237 D WindowManager: setDisableFlags: displayId=0, vis=0x8008, appearance=0, transientState=Pair{[I@26f21b1 [I@57b7696}, isFullscreen=false, isImmersive=false, barType=0, win=Window{7312641 u0 Splash Screen com.example.dogglers}
02-05 17:40:49.302  1163  1240 W WindowManager: lockNow pending, ignore updating lockscreen timeout
02-05 17:40:49.308 15500 15500 D LifecycleMonitor: Lifecycle status change: com.example.dogglers.MainActivity@500efda in: CREATED
02-05 17:40:49.308 15500 15500 D LifecycleMonitor: running callback: androidx.test.core.app.ActivityScenario$1@f392d93
02-05 17:40:49.309 15500 15500 V ActivityScenario: Update currentActivityStage to CREATED, currentActivity=com.example.dogglers.MainActivity@500efda
02-05 17:40:49.309 15500 15500 D LifecycleMonitor: callback completes: androidx.test.core.app.ActivityScenario$1@f392d93
02-05 17:40:49.310  1680  1680 D NavigationBar: onSystemBarAppearanceChanged() -  displayId:0, appearance:0, navbarColorManagedByIme:false
02-05 17:40:49.311  1680  1680 D SecStatusBarMobileView: setStaticDrawableColor:
02-05 17:40:49.311 15500 15500 D LifecycleMonitor: Lifecycle status change: com.example.dogglers.MainActivity@500efda in: STARTED
02-05 17:40:49.311  1680  1680 D SecLightBarControlHelper: updateStatus(WHITE icon) NumLightStacks:0, NumStacks:1, IndexLightStack:-1, StatusBarMode:0, StatusBarState:SHD, NeedDarkFontFromWallpaper:true, isWhiteKeyguardStatusBarBySettings:true
02-05 17:40:49.311 15500 15500 D LifecycleMonitor: running callback: androidx.test.core.app.ActivityScenario$1@f392d93
02-05 17:40:49.311  2003  4215 I mali_egl: eglDestroySurface() in
02-05 17:40:49.311 15500 15500 V ActivityScenario: Update currentActivityStage to STARTED, currentActivity=com.example.dogglers.MainActivity@500efda
02-05 17:40:49.311 15500 15500 D LifecycleMonitor: callback completes: androidx.test.core.app.ActivityScenario$1@f392d93
02-05 17:40:49.312  2003  4215 I mali_winsys: delete_surface() [1080x2400] return
02-05 17:40:49.312  2003  4215 I mali_egl: eglDestroySurface() out
02-05 17:40:49.312 15500 15500 D LifecycleMonitor: Lifecycle status change: com.example.dogglers.MainActivity@500efda in: RESUMED
02-05 17:40:49.312 15500 15500 D LifecycleMonitor: running callback: androidx.test.core.app.ActivityScenario$1@f392d93
02-05 17:40:49.312   789  1273 E BufferQueueProducer: [com.sec.android.app.launcher/com.sec.android.app.launcher.activities.LauncherActivity$_2003#0](id:315000036a2,api:0,p:-1,c:789) disconnect: not connected (req=1)
02-05 17:40:49.312  2003  4215 W libEGL  : EGLNativeWindowType 0x73d44f9010 disconnect failed
02-05 17:40:49.312 15500 15500 V ActivityScenario: Update currentActivityStage to RESUMED, currentActivity=com.example.dogglers.MainActivity@500efda
02-05 17:40:49.312 15500 15500 D LifecycleMonitor: callback completes: androidx.test.core.app.ActivityScenario$1@f392d93
02-05 17:40:49.313 15500 15559 W xample.doggler: Accessing hidden method Landroid/view/ViewConfiguration;->getDoubleTapMinTime()I (greylist, reflection, allowed)
02-05 17:40:49.314  1163  1235 V WindowManager: Relayout Window{6030dc2 u0 com.sec.android.app.launcher/com.sec.android.app.launcher.activities.LauncherActivity}: viewVisibility=8 req=1080x2400
02-05 17:40:49.315  1163  1235 W WindowManager: lockNow pending, ignore updating lockscreen timeout
02-05 17:40:49.315   789   789 D SurfaceFlinger: Display 21442653864348033 HWC layers:
02-05 17:40:49.315   789   789 D SurfaceFlinger:      DEVICE | 0x7408190a00 | 0002 | RGBA_8888    |    0.0    0.0 1080.0 2400.0 |    0    0 1080 2400 | Splash Screen com.example.dogglers#0
02-05 17:40:49.315   789   789 D SurfaceFlinger:      DEVICE | 0x7428c3e6c0 | 0000 | RGBA_8888    |    0.0    0.0 1080.0   88.0 |    0    0 1080   88 | StatusBar$_1680#0
02-05 17:40:49.315   789   789 D SurfaceFlinger:      DEVICE | 0x7428c40600 | 0000 | RGBA_8888    |    0.0    0.0 1080.0  144.0 |    0 2256 1080 2400 | NavigationBar0$_1680#0
02-05 17:40:49.315   789   789 D SurfaceFlinger:      DEVICE | 0x7408191180 | 0000 | RGBA_8888    |    0.0    0.0 1080.0  125.0 |    0    0 1080  125 | ScreenDecorOverlay$_1680#0
02-05 17:40:49.315   789   789 D SurfaceFlinger:      DEVICE | 0x7428c3f480 | 0000 | RGBA_8888    |    0.0    0.0 1080.0  112.0 |    0 2288 1080 2400 | ScreenDecorOverlayBottom$_1680#0
02-05 17:40:49.315   789   789 D SurfaceFlinger:
02-05 17:40:49.316  1163  1234 D InputTransport: Input channel constructed: 'bc608b3', fd=921
02-05 17:40:49.316  1163  1234 D InputTransport: Input channel constructed: 'bc608b3', fd=922
02-05 17:40:49.316  1163  1235 V WindowManager: Relayout hash=6030dc2, pid=2003: mAttrs={(0,0)(fillxfill) sim={adjust=nothing} layoutInDisplayCutoutMode=shortEdges ty=BASE_APPLICATION fmt=TRANSPARENT wanim=0x10302f2
02-05 17:40:49.316  1163  1235 V WindowManager:   fl=81910100
02-05 17:40:49.316  1163  1235 V WindowManager:   pfl=16020000
02-05 17:40:49.316  1163  1235 V WindowManager:   vsysui=1700
02-05 17:40:49.316  1163  1235 V WindowManager:   apr=LIGHT_STATUS_BARS
02-05 17:40:49.316  1163  1235 V WindowManager:   bhv=SHOW_TRANSIENT_BARS_BY_SWIPE
02-05 17:40:49.316  1163  1235 V WindowManager:   fitSides= dimAmount=0.125 dimDuration=200 naviIconColor=0}
02-05 17:40:49.316   789  1273 I SurfaceFlinger: id=79497 createSurf (0x0),-1 flag=80004, bc608b3 com.example.dogglers/com.example.dogglers.MainActivity#0
02-05 17:40:49.316  1163  1234 D WindowManager: isScreenshotDisabledLocked - win: Window{bc608b3 u0 com.example.dogglers/com.example.dogglers.MainActivity}
02-05 17:40:49.316  1163  1234 D WindowManager: isScreenshotDisabledLocked: userId = 0, disabled =false
02-05 17:40:49.317  1163  1234 D InputTransport: Input channel destroyed: 'bc608b3', fd=922
02-05 17:40:49.317  2003  2003 I SurfaceControl: nativeRelease nativeObject s[499184610624]
02-05 17:40:49.317  2003  2003 I SurfaceControl: nativeRelease nativeObject e[499184610624]
02-05 17:40:49.317  2003  2003 I SurfaceControl: assignNativeObject: nativeObject = 0 Surface(name=null)/@0x631c8c8 / android.view.SurfaceControl.readFromParcel:1117 android.view.IWindowSession$Stub$Proxy.relayout:1810 android.view.ViewRootImpl.relayoutWindow:9005 android.view.ViewRootImpl.performTraversals:3360 android.view.ViewRootImpl.doTraversal:2618 android.view.ViewRootImpl$TraversalRunnable.run:9971 android.view.Choreographer$CallbackRecord.run:1010 android.view.Choreographer.doCallbacks:809 android.view.Choreographer.doFrame:744 android.view.Choreographer$FrameDisplayEventReceiver.run:995
02-05 17:40:49.317 15500 15500 D InputTransport: Input channel constructed: 'bc608b3', fd=90
02-05 17:40:49.317  2003  2003 I SurfaceControl: assignNativeObject: nativeObject = 0 Surface(name=null)/@0x37cdda1 / android.view.SurfaceControl.readFromParcel:1117 android.view.IWindowSession$Stub$Proxy.relayout:1820 android.view.ViewRootImpl.relayoutWindow:9005 android.view.ViewRootImpl.performTraversals:3360 android.view.ViewRootImpl.doTraversal:2618 android.view.ViewRootImpl$TraversalRunnable.run:9971 android.view.Choreographer$CallbackRecord.run:1010 android.view.Choreographer.doCallbacks:809 android.view.Choreographer.doFrame:744 android.view.Choreographer$FrameDisplayEventReceiver.run:995
02-05 17:40:49.317  2003  2003 I SurfaceControl: nativeRelease nativeObject s[499183206848]
02-05 17:40:49.317  2003  2003 I SurfaceControl: nativeRelease nativeObject e[499183206848]
02-05 17:40:49.317  2003  2003 I SurfaceControl: nativeRelease nativeObject s[499184610720]
02-05 17:40:49.317  2003  2003 I SurfaceControl: nativeRelease nativeObject e[499184610720]
02-05 17:40:49.317  2003  2003 I SurfaceControl: nativeRelease nativeObject s[499183210208]
02-05 17:40:49.317  2003  2003 I SurfaceControl: nativeRelease nativeObject e[499183210208]
02-05 17:40:49.317  2003  2003 I ViewRootImpl@e2e8b8d[LauncherActivity]: Relayout returned: old=(0,0,1080,2400) new=(0,0,1080,2400) req=(1080,2400)8 dur=3 res=0x5 s={false 0} ch=true fn=27
02-05 17:40:49.318  2003  2003 I SurfaceControl: nativeRelease nativeObject s[499184610624]
02-05 17:40:49.318  2003  2003 I SurfaceControl: nativeRelease nativeObject e[499184610624]
02-05 17:40:49.318  2003  2003 I ViewRootImpl@e2e8b8d[LauncherActivity]: stopped(true) old=false
02-05 17:40:49.318 15500 15500 I ViewRootImpl@e9ade54[MainActivity]: setView = com.android.internal.policy.DecorView@e2e8b8d TM=true
02-05 17:40:49.318  2003  2003 I StateManager: goToState isInState Normal
02-05 17:40:49.319 15500 15500 D LifecycleMonitor: Lifecycle status change: androidx.test.core.app.InstrumentationActivityInvoker$BootstrapActivity@4179282 in: STOPPED
02-05 17:40:49.319 15500 15500 D LifecycleMonitor: running callback: androidx.test.core.app.ActivityScenario$1@f392d93
02-05 17:40:49.319 15500 15500 V ActivityScenario: Activity lifecycle changed event received but ignored because the intent does not match. startActivityIntent=Intent { act=android.intent.action.MAIN cat=[android.intent.category.LAUNCHER] cmp=com.example.dogglers/.MainActivity }, activity.getIntent()=Intent { act=android.intent.action.MAIN cat=[android.intent.category.LAUNCHER] flg=0x10008000 cmp=com.example.dogglers/androidx.test.core.app.InstrumentationActivityInvoker$BootstrapActivity (has extras) }, activity=androidx.test.core.app.InstrumentationActivityInvoker$BootstrapActivity@4179282
02-05 17:40:49.319 15500 15500 D LifecycleMonitor: callback completes: androidx.test.core.app.ActivityScenario$1@f392d93
02-05 17:40:49.319  2003  2003 W LauncherAppWidgetHost: setListenIfResumed, mFlags = 7
02-05 17:40:49.319  1163  1234 I AppWidgetServiceImpl: stopListening callbacks : null
02-05 17:40:49.319  2003  2003 W Launcher.NotificationListener: removeNotificationsChangedListener
02-05 17:40:49.319  2003  2003 I BadgeCountUpdaterImpl: onNotificationsChangedDisConnected
02-05 17:40:49.319  2003  2003 I Launcher.NotificationListener: unregisterObserver, this is not notificationService!!
02-05 17:40:49.320  2003  2003 W PageOverlayMover: updateActivityLifecycleState : 4
02-05 17:40:49.320  2003  2003 I LiveIconUpdateEventHandler: cancelMinuteChangeAlarm
02-05 17:40:49.322  2003  2003 I LiveIconUpdateEventHandler: cancelDateChangeAlarm
02-05 17:40:49.323  2003  2003 I LiveIconUpdateEventHandler: unregisterReceiver
02-05 17:40:49.326  1680  1680 D SecStatusBarMobileView: setStaticDrawableColor:
02-05 17:40:49.327  1163  1234 I SurfaceControl: nativeRelease nativeObject s[499183208192]
02-05 17:40:49.327  1163  1234 I SurfaceControl: nativeRelease nativeObject e[499183208192]
02-05 17:40:49.327   789  1272 I Layer   : id=79482 removeFromCurrentState com.sec.android.app.launcher/com.sec.android.app.launcher.activities.LauncherActivity$_2003#0 (179)
02-05 17:40:49.329  1163  1240 W WindowManager: lockNow pending, ignore updating lockscreen timeout
02-05 17:40:49.330  1163  1235 V WindowManager: Relayout Window{b594a18 u0 NotificationShade}: viewVisibility=4 req=1080x2400
02-05 17:40:49.330  1163  1235 W WindowManager: lockNow pending, ignore updating lockscreen timeout
02-05 17:40:49.332  1163  1235 V WindowManager: Relayout hash=b594a18, pid=1680: mAttrs={(0,0)(fillxfill) gr=TOP CENTER_VERTICAL sim={adjust=resize} layoutInDisplayCutoutMode=always ty=2040 fmt=TRANSLUCENT colorMode=COLOR_MODE_WIDE_COLOR_GAMUT
02-05 17:40:49.332  1163  1235 V WindowManager:   fl=81840048
02-05 17:40:49.332  1163  1235 V WindowManager:   pfl=1b000000
02-05 17:40:49.332  1163  1235 V WindowManager:   bhv=SHOW_TRANSIENT_BARS_BY_SWIPE dimAmount=0.0 naviIconColor=0
02-05 17:40:49.332  1163  1235 V WindowManager:   sfl=40000}
02-05 17:40:49.332  1680  1680 I SurfaceControl: assignNativeObject: nativeObject = 0 Surface(name=null)/@0x7632417 / android.view.SurfaceControl.readFromParcel:1117 android.view.IWindowSession$Stub$Proxy.relayout:1810 android.view.ViewRootImpl.relayoutWindow:9005 android.view.ViewRootImpl.performTraversals:3360 android.view.ViewRootImpl.doTraversal:2618 android.view.ViewRootImpl$TraversalRunnable.run:9971 android.view.Choreographer$CallbackRecord.run:1010 android.view.Choreographer.doCallbacks:809 android.view.Choreographer.doFrame:744 android.view.Choreographer$FrameDisplayEventReceiver.run:995
02-05 17:40:49.332  1163  2104 V WindowManager: Relayout Window{bc608b3 u0 com.example.dogglers/com.example.dogglers.MainActivity}: viewVisibility=0 req=1080x2400
02-05 17:40:49.332  1680  1680 I SurfaceControl: assignNativeObject: nativeObject = 0 Surface(name=null)/@0x2dd2a3a / android.view.SurfaceControl.readFromParcel:1117 android.view.IWindowSession$Stub$Proxy.relayout:1820 android.view.ViewRootImpl.relayoutWindow:9005 android.view.ViewRootImpl.performTraversals:3360 android.view.ViewRootImpl.doTraversal:2618 android.view.ViewRootImpl$TraversalRunnable.run:9971 android.view.Choreographer$CallbackRecord.run:1010 android.view.Choreographer.doCallbacks:809 android.view.Choreographer.doFrame:744 android.view.Choreographer$FrameDisplayEventReceiver.run:995
02-05 17:40:49.333  1680  1680 I ViewRootImpl@cb447c7[NotificationShade]: Relayout returned: old=(0,0,1080,2400) new=(0,0,1080,2400) req=(1080,2400)4 dur=3 res=0x1 s={false 0} ch=false fn=-1
02-05 17:40:49.333  1163  2104 W WindowManager: lockNow pending, ignore updating lockscreen timeout
02-05 17:40:49.333  1163  2104 D WindowManager: isScreenshotDisabledLocked - win: Window{bc608b3 u0 com.example.dogglers/com.example.dogglers.MainActivity}
02-05 17:40:49.333  1163  2104 D WindowManager: isScreenshotDisabledLocked: userId = 0, disabled =false
02-05 17:40:49.334   789   835 I SurfaceFlinger: id=79498 createSurf (1080x2400),1 flag=404, com.example.dogglers/com.example.dogglers.MainActivity$_15500#0
02-05 17:40:49.334  1680  1680 D KeyguardBottomAreaShortcutView: updateCameraVisibility isCameraDisabled:false visible:true
02-05 17:40:49.334  1680  1680 D KeyguardBottomAreaShortcutView: mIndicationArea margin start : 180, end : 180, bottom : 400
02-05 17:40:49.334  1680  1680 D MediaControlPanel: mActionButtonNumCollapsed = 1, mActionButtonNumExpand = 1
02-05 17:40:49.334  1680  1680 D MediaControlPanel: mActionButtonNumCollapsed = 1, mActionButtonNumExpand = 1
02-05 17:40:49.335  1680  1680 D MediaControlPanel: mActionButtonNumCollapsed = 1, mActionButtonNumExpand = 1
02-05 17:40:49.335  1680  1680 D MediaControlPanel: mActionButtonNumCollapsed = 1, mActionButtonNumExpand = 1
02-05 17:40:49.335  1680  1680 D MediaControlPanel: mActionButtonNumCollapsed = 1, mActionButtonNumExpand = 1
02-05 17:40:49.335  1680  1680 D MediaControlPanel: mActionButtonNumCollapsed = 1, mActionButtonNumExpand = 1
02-05 17:40:49.335  1680  1680 D MediaControlPanel: mActionButtonNumCollapsed = 1, mActionButtonNumExpand = 1
02-05 17:40:49.335  1680  1680 D MediaControlPanel: mActionButtonNumCollapsed = 1, mActionButtonNumExpand = 1
02-05 17:40:49.335  1680  1680 D MediaControlPanel: mActionButtonNumCollapsed = 3, mActionButtonNumExpand = 5
02-05 17:40:49.335  1163  2104 I SurfaceControl: nativeRelease nativeObject s[496871093568]
02-05 17:40:49.335  1163  2104 I SurfaceControl: nativeRelease nativeObject e[496871093568]
02-05 17:40:49.335  1680  1680 D MediaControlPanel: mActionButtonNumCollapsed = 3, mActionButtonNumExpand = 5
02-05 17:40:49.335   789  2265 I SurfaceFlinger: id=79499 createSurf (0x0),-1 flag=24000, Surface(name=8c655e2 StatusBar)/@0x44a9b07 - animation-leash#0
02-05 17:40:49.335  1163  2104 I SurfaceControl: nativeRelease nativeObject s[496871094336]
02-05 17:40:49.335  1163  2104 I SurfaceControl: nativeRelease nativeObject e[496871094336]
02-05 17:40:49.335   789   834 I SurfaceFlinger: id=79500 createSurf (0x0),-1 flag=24000, Surface(name=b29f82b NavigationBar0)/@0x8634759 - animation-leash#1
02-05 17:40:49.336  1163  2104 V WindowManager: Relayout hash=bc608b3, pid=15500: mAttrs={(0,0)(fillxfill) sim={adjust=pan forwardNavigation} ty=BASE_APPLICATION wanim=0x1030304
02-05 17:40:49.336  1163  2104 V WindowManager:   fl=81810100
02-05 17:40:49.336  1163  2104 V WindowManager:   pfl=12020000
02-05 17:40:49.336  1163  2104 V WindowManager:   fitSides= naviIconColor=0}
02-05 17:40:49.336  1163  2104 I SurfaceControl: nativeRelease nativeObject s[496884988096]
02-05 17:40:49.336  1163  2104 I SurfaceControl: nativeRelease nativeObject e[496884988096]
02-05 17:40:49.337 15500 15500 I SurfaceControl: assignNativeObject: nativeObject = 0 Surface(name=null)/@0xa46e3b5 / android.view.SurfaceControl.readFromParcel:1117 android.view.IWindowSession$Stub$Proxy.relayout:1820 android.view.ViewRootImpl.relayoutWindow:9005 android.view.ViewRootImpl.performTraversals:3360 android.view.ViewRootImpl.doTraversal:2618 android.view.ViewRootImpl$TraversalRunnable.run:9971 android.view.Choreographer$CallbackRecord.run:1010 android.view.Choreographer.doCallbacks:809 android.view.Choreographer.doFrame:744 android.view.Choreographer$FrameDisplayEventReceiver.run:995
02-05 17:40:49.337 15500 15500 I ViewRootImpl@e9ade54[MainActivity]: Relayout returned: old=(0,0,1080,2400) new=(0,0,1080,2400) req=(1080,2400)0 dur=5 res=0x7 s={true 499016744960} ch=true fn=-1
02-05 17:40:49.338 15500 15565 I mali_winsys: new_window_surface() [1080x2400] return: 0x3000
02-05 17:40:49.340   716   953 D gralloc : [mali_gralloc_allocate] begin
02-05 17:40:49.340   716   953 D gralloc : buffer_descriptor: wh(1080 2400) usage_pc(0x40000000000b00 0x40000000000b00) hal_format(0x1) layer_count(1) sizes(0 0 0) strde(0) byte_stride(0) alloc_wh(0 0) internal_format(0x0) alloc_format(0x0) fd_count(1) plane_count(0)
02-05 17:40:49.341 15500 15500 I ViewRootImpl@e9ade54[MainActivity]: [DP] dp(1) 1 android.view.ViewRootImpl.reportNextDraw:10957 android.view.ViewRootImpl.performTraversals:3845 android.view.ViewRootImpl.doTraversal:2618
02-05 17:40:49.341 15500 15500 I ViewRootImpl@e9ade54[MainActivity]: [DP] pd() Asnyc report
02-05 17:40:49.341  1163  1237 D SehCodecSolutionService: Update top [com.example.dogglers]
02-05 17:40:49.341   716   953 D gralloc : [mali_gralloc_allocate] allocation successful
02-05 17:40:49.341  1163  1237 E Native_CFMS: nativePerfMgrRemoveTask    Fail    tid : 2003    return : -1
02-05 17:40:49.341   716   953 D gralloc : [mali_gralloc_allocate] begin
02-05 17:40:49.341   716   953 D gralloc : buffer_descriptor: wh(1080 2400) usage_pc(0x40000000000b00 0x40000000000b00) hal_format(0x1) layer_count(1) sizes(0 0 0) strde(0) byte_stride(0) alloc_wh(0 0) internal_format(0x0) alloc_format(0x0) fd_count(1) plane_count(0)
02-05 17:40:49.343   716   953 D gralloc : [mali_gralloc_allocate] allocation successful
02-05 17:40:49.343   716   957 D gralloc : [mali_gralloc_allocate] begin
02-05 17:40:49.343   716   957 D gralloc : buffer_descriptor: wh(1080 2400) usage_pc(0x40000000000b00 0x40000000000b00) hal_format(0x1) layer_count(1) sizes(0 0 0) strde(0) byte_stride(0) alloc_wh(0 0) internal_format(0x0) alloc_format(0x0) fd_count(1) plane_count(0)
02-05 17:40:49.345   716   957 D gralloc : [mali_gralloc_allocate] allocation successful
02-05 17:40:49.345   789   834 I SurfaceFlinger: id=79482 Removed com.sec.android.app.launcher/com.sec.android.app.launcher.activities.LauncherActivity$_2003#0 (182)
02-05 17:40:49.345   789   834 I Layer   : id=79495 removeFromCurrentState Surface(name=8c655e2 StatusBar)/@0x44a9b07 - animation-leash#1 (182)
02-05 17:40:49.345   789   834 I Layer   : id=79496 removeFromCurrentState Surface(name=b29f82b NavigationBar0)/@0x8634759 - animation-leash#0 (182)
02-05 17:40:49.345  1163  1240 I SurfaceControl: nativeRelease nativeObject s[497153784448]
02-05 17:40:49.345  1163  1240 I SurfaceControl: nativeRelease nativeObject e[497153784448]
02-05 17:40:49.345  1163  1240 I SurfaceControl: nativeRelease nativeObject s[496871102400]
02-05 17:40:49.345  1163  1240 I SurfaceControl: nativeRelease nativeObject e[496871102400]
02-05 17:40:49.345   789   834 I SurfaceFlinger: id=79496 Removed Surface(name=b29f82b NavigationBar0)/@0x8634759 - animation-leash#0 (182)
02-05 17:40:49.345   789   834 I SurfaceFlinger: id=79495 Removed Surface(name=8c655e2 StatusBar)/@0x44a9b07 - animation-leash#1 (182)
02-05 17:40:49.346  1680  1680 D SecStatusBarMobileView: setStaticDrawableColor:
02-05 17:40:49.346  1680  1680 D MediaControlPanel: mActionButtonNumCollapsed = 1, mActionButtonNumExpand = 1
02-05 17:40:49.346  1680  1680 D MediaControlPanel: mActionButtonNumCollapsed = 1, mActionButtonNumExpand = 1
02-05 17:40:49.346  1680  1680 D MediaControlPanel: mActionButtonNumCollapsed = 1, mActionButtonNumExpand = 1
02-05 17:40:49.346  1680  1680 D MediaControlPanel: mActionButtonNumCollapsed = 1, mActionButtonNumExpand = 1
02-05 17:40:49.346  1680  1680 D MediaControlPanel: mActionButtonNumCollapsed = 1, mActionButtonNumExpand = 1
02-05 17:40:49.346  1680  1680 D MediaControlPanel: mActionButtonNumCollapsed = 1, mActionButtonNumExpand = 1
02-05 17:40:49.346  1680  1680 D MediaControlPanel: mActionButtonNumCollapsed = 1, mActionButtonNumExpand = 1
02-05 17:40:49.347  1680  1680 D MediaControlPanel: mActionButtonNumCollapsed = 1, mActionButtonNumExpand = 1
02-05 17:40:49.347  1680  1680 D MediaControlPanel: mActionButtonNumCollapsed = 3, mActionButtonNumExpand = 5
02-05 17:40:49.347  1680  1680 D MediaControlPanel: mActionButtonNumCollapsed = 3, mActionButtonNumExpand = 5
02-05 17:40:49.350 15500 15500 I ViewRootImpl@e9ade54[MainActivity]: [DP] pdf(0) 1 android.view.ViewRootImpl.lambda$performDraw$1$ViewRootImpl:4668 android.view.-$$Lambda$ViewRootImpl$DJd0VUYJgsebcnSohO6h8zc_ONI.run:6 android.os.Handler.handleCallback:938
02-05 17:40:49.350 15500 15500 I ViewRootImpl@e9ade54[MainActivity]: [DP] rdf()
02-05 17:40:49.351 15500 15500 D IdlingResourceRegistry: All idling resources are idle.
02-05 17:40:49.351  1163  1240 W WindowManager: lockNow pending, ignore updating lockscreen timeout
02-05 17:40:49.352  1163  1240 W WindowManager: lockNow pending, ignore updating lockscreen timeout
02-05 17:40:49.353  1163  1240 D PkgPredictorService: pkg:com.example.dogglers activity:com.example.dogglers.MainActivity thisTime:139
02-05 17:40:49.353  1163  1240 D PkgPredictorService-Collector: update activity launch time: MainActivity : 139
02-05 17:40:49.353  1163  1240 I SemDvfsHyPerManager: acquire hyper - AMS_RESUME_TAIL/1163@22, type = -999
02-05 17:40:49.353  1163  1240 I SemDvfsHyPerManager: acquire hyper - AMS_ACT_LAZY/1163@23, type = -999
02-05 17:40:49.353   726   817 I HYPER-HAL: [RequestManager.cpp]acquire(): Acquired ID : 702727  [1163 / 22]    HINT : AMS_RESUME_TAIL    list :
02-05 17:40:49.353  1163  1244 D ArtManagerInternalImpl: /data/misc/iorapd/com.example.dogglers/1/com.example.dogglers.MainActivity/compiled_traces/compiled_trace.pb doesn't exist
02-05 17:40:49.353   726   817 I HYPER-HAL: [ResourceManager.cpp]updateResource(): [CPUMinFreq] UpdateResource Request ID : 702727    Value : 1844882
02-05 17:40:49.354   726   817 I HYPER-HAL: [RequestManager.cpp]acquire(): Acquired ID : 703914  [1163 / 23]    HINT :      list :
02-05 17:40:49.354   726   817 E HYPER-HAL: [Request.cpp]acquire(): Request:: id : 703914, No Resource to set
02-05 17:40:49.354   726   817 I HYPER-HAL: [ResourceManager.cpp]removeResource(): [CPUMinFreq] RemoveResource Request ID : 705102
02-05 17:40:49.354   726   817 I HYPER-HAL: [RequestManager.cpp]releaseLocked(): Released ID : 705102
02-05 17:40:49.354  1163  1240 D ViewRootImpl@3f26928[dogglers]: dispatchDetachedFromWindow: reset blurmask
02-05 17:40:49.354  1163  1240 I ViewRootImpl@3f26928[dogglers]: dispatchDetachedFromWindow
02-05 17:40:49.354  1163  1240 I SurfaceControl: nativeRelease nativeObject s[496871093088]
02-05 17:40:49.354  1163  1240 I SurfaceControl: nativeRelease nativeObject e[496871093088]
02-05 17:40:49.355  1163  1240 D InputTransport: Input channel destroyed: '7312641', fd=916
02-05 17:40:49.355   789   834 I SurfaceFlinger: id=79501 createSurf (0x0),-1 flag=24000, Surface(name=7312641 Splash Screen com.example.dogglers)/@0x7c968c3 - animation-leash#0
02-05 17:40:49.356  5089 17313 I PageOverlayServiceImpl: [FROM HOME] updateActivityLifecycleState : 4
02-05 17:40:49.356  1163  1240 W WindowManager: lockNow pending, ignore updating lockscreen timeout
02-05 17:40:49.356  5089  5089 I PageOverlayCoordinator: onUiStopped
02-05 17:40:49.356  5089  5089 I PageOverlayRootLayout: onUiStopped
02-05 17:40:49.357  1163  1240 D InputTransport: Input channel destroyed: '7312641', fd=917
02-05 17:40:49.360  1680  1680 D SecStatusBarMobileView: setStaticDrawableColor:
02-05 17:40:49.360   789   789 I Layer   : id=79482[1] Destroyed com.sec.android.app.launcher/com.sec.android.app.launcher.activities.LauncherActivity$_2003#0
02-05 17:40:49.360   789   789 I Layer   : id=79495[1] Destroyed Surface(name=8c655e2 StatusBar)/@0x44a9b07 - animation-leash#1
02-05 17:40:49.360   789   789 I Layer   : id=79496[1] Destroyed Surface(name=b29f82b NavigationBar0)/@0x8634759 - animation-leash#0
02-05 17:40:49.361  1163  1235 I InputDispatcher: Focus entered window (15500): bc608b3 in display 0 0
02-05 17:40:49.362  1163  1240 W WindowManager: lockNow pending, ignore updating lockscreen timeout
02-05 17:40:49.364  1163  1235 V WindowManager: Relayout Window{f87dac6 u0 com.samsung.android.app.spage}: viewVisibility=8 req=0x2168
02-05 17:40:49.364  1163  1235 W WindowManager: lockNow pending, ignore updating lockscreen timeout
02-05 17:40:49.365  1163  1235 V WindowManager: Relayout hash=f87dac6, pid=5089: mAttrs={(0,0)(0xfill) sim={adjust=pan} ty=APPLICATION_PANEL fmt=RGBA_8888
02-05 17:40:49.365  1163  1235 V WindowManager:   fl=1000018
02-05 17:40:49.365  1163  1235 V WindowManager:   pfl=2000040
02-05 17:40:49.365  1163  1235 V WindowManager:   fitTypes=STATUS_BARS NAVIGATION_BARS CAPTION_BAR IME naviIconColor=0}
02-05 17:40:49.365  5089  5089 I SurfaceControl: assignNativeObject: nativeObject = 0 Surface(name=null)/@0xb12fb6b / android.view.SurfaceControl.readFromParcel:1117 android.view.IWindowSession$Stub$Proxy.relayout:1810 android.view.ViewRootImpl.relayoutWindow:9005 android.view.ViewRootImpl.performTraversals:3360 android.view.ViewRootImpl.doTraversal:2618 android.view.ViewRootImpl$TraversalRunnable.run:9971 android.view.Choreographer$CallbackRecord.run:1010 android.view.Choreographer.doCallbacks:809 android.view.Choreographer.doFrame:744 android.view.Choreographer$FrameDisplayEventReceiver.run:995
02-05 17:40:49.366  5089  5089 I SurfaceControl: assignNativeObject: nativeObject = 0 Surface(name=null)/@0xf71d6c8 / android.view.SurfaceControl.readFromParcel:1117 android.view.IWindowSession$Stub$Proxy.relayout:1820 android.view.ViewRootImpl.relayoutWindow:9005 android.view.ViewRootImpl.performTraversals:3360 android.view.ViewRootImpl.doTraversal:2618 android.view.ViewRootImpl$TraversalRunnable.run:9971 android.view.Choreographer$CallbackRecord.run:1010 android.view.Choreographer.doCallbacks:809 android.view.Choreographer.doFrame:744 android.view.Choreographer$FrameDisplayEventReceiver.run:995
02-05 17:40:49.366  5089  5089 I ViewRootImpl@7fb81b0[]: Relayout returned: old=(540,88,540,2256) new=(540,88,540,2256) req=(0,2168)8 dur=4 res=0x1 s={false 0} ch=false fn=-1
02-05 17:40:49.369  1163  1244 I ActivityTaskManager: Displayed com.example.dogglers/.MainActivity: +139ms
02-05 17:40:49.369  2669  2669 E pageboostd: Received HALT command code 2
02-05 17:40:49.372 15500 15500 I ViewRootImpl@e9ade54[MainActivity]: MSG_WINDOW_FOCUS_CHANGED 1 1
02-05 17:40:49.373 15500 15500 D InputMethodManager: prepareNavigationBarInfo() DecorView@e2e8b8d[MainActivity]
02-05 17:40:49.373 15500 15500 D InputMethodManager: getNavigationBarColor() -16711423
02-05 17:40:49.373 15500 15500 D InputMethodManager: prepareNavigationBarInfo() DecorView@e2e8b8d[MainActivity]
02-05 17:40:49.373 15500 15500 D InputMethodManager: getNavigationBarColor() -16711423
02-05 17:40:49.373 15500 15500 V InputMethodManager: Starting input: tba=com.example.dogglers ic=null mNaviBarColor -16711423 mIsGetNaviBarColorSuccess true , NavVisible : true , NavTrans : false
02-05 17:40:49.373 15500 15500 D InputMethodManager: startInputInner - Id : 0
02-05 17:40:49.374 15500 15500 I InputMethodManager: startInputInner - mService.startInputOrWindowGainedFocus
02-05 17:40:49.374  1163  1235 D InputMethodManagerService: mSecureKeypadEnabled = false
02-05 17:40:49.374  1163  1235 V InputMethodManagerService: hideCurrentInputLocked : shouldHideSoftInput is false
02-05 17:40:49.374  1163  1235 D InputMethodManagerService: DESKTOP MODE! : 2
02-05 17:40:49.374  1163  1235 D InputMethodManagerService: NOT IN KNOX DESKTOP MODE!
02-05 17:40:49.374  1163  1235 V InputMethodManagerService: getDisplayIdOfInputMethodWindowToBeAdded : 0
02-05 17:40:49.374  1163  1235 D SamsungIMMSHWKeyboard: isConnectedDexOnPC false
02-05 17:40:49.374  1163  1235 D InputMethodManagerService: isImeSwitcherDisabledPackage : false
02-05 17:40:49.375  1163  1235 D InputMethodManagerService: checkDisplayOfStartInputAndUpdateKeyboard display Id 0last 0
02-05 17:40:49.375  1163  1235 D InputTransport: Input channel constructed: 'ClientS', fd=916
02-05 17:40:49.375  1163  1235 D InputTransport: Input channel destroyed: 'ClientS', fd=916
02-05 17:40:49.375 15500 15500 D InputTransport: Input channel constructed: 'ClientS', fd=95
02-05 17:40:49.377  1680  1680 D SecStatusBarMobileView: setStaticDrawableColor:
02-05 17:40:49.379 15500 15500 D IdlingResourceRegistry: All idling resources are idle.
