02-05 17:40:52.460   789   789 D SurfaceFlinger:      DEVICE | 0x7408191180 | 0000 | RGBA_8888    |    0.0    0.0 1080.0  125.0 |    0    0 1080  125 | ScreenDecorOverlay$_1680#0
02-05 17:40:52.460   789   789 D SurfaceFlinger:      DEVICE | 0x7428c3f480 | 0000 | RGBA_8888    |    0.0    0.0 1080.0  112.0 |    0 2288 1080 2400 | ScreenDecorOverlayBottom$_1680#0
02-05 17:40:52.460   789   789 D SurfaceFlinger:
02-05 17:40:52.461 15500 15500 D InputTransport: Input channel destroyed: '8ede489', fd=99
02-05 17:40:52.462   789   789 I SurfaceFlinger: SFWD update time=307846419988541
02-05 17:40:52.462 15500 15500 I ViewRootImpl@a2945a6[InstrumentationActivityInvoker$EmptyActivity]: MSG_WINDOW_FOCUS_CHANGED 1 1
02-05 17:40:52.462  1163  1801 I SurfaceControl: nativeRelease nativeObject s[496884987712]
02-05 17:40:52.462  1163  1801 I SurfaceControl: nativeRelease nativeObject e[496884987712]
02-05 17:40:52.462 15500 15500 D InputMethodManager: prepareNavigationBarInfo() DecorView@8293a0b[InstrumentationActivityInvoker$EmptyActivity]
02-05 17:40:52.462 15500 15500 D InputMethodManager: getNavigationBarColor() -16711423
02-05 17:40:52.462 15500 15500 D InputMethodManager: prepareNavigationBarInfo() DecorView@8293a0b[InstrumentationActivityInvoker$EmptyActivity]
02-05 17:40:52.462 15500 15500 D InputMethodManager: getNavigationBarColor() -16711423
02-05 17:40:52.462 15500 15500 V InputMethodManager: Starting input: tba=com.example.dogglers ic=null mNaviBarColor -16711423 mIsGetNaviBarColorSuccess true , NavVisible : true , NavTrans : false
02-05 17:40:52.462 15500 15500 D InputMethodManager: startInputInner - Id : 0
02-05 17:40:52.462 15500 15500 I InputMethodManager: startInputInner - mService.startInputOrWindowGainedFocus
02-05 17:40:52.463   789   835 I SurfaceFlinger: id=79619 Removed com.example.dogglers/androidx.test.core.app.InstrumentationActivityInvoker$EmptyActivity$_15500#0 (191)
02-05 17:40:52.463  1163  3944 D InputMethodManagerService: mSecureKeypadEnabled = false
02-05 17:40:52.463   789  1272 I SurfaceFlinger: id=79618 Removed 8ede489 com.example.dogglers/androidx.test.core.app.InstrumentationActivityInvoker$EmptyActivity#0 (191)
02-05 17:40:52.467  1163  3944 V InputMethodManagerService: hideCurrentInputLocked : shouldHideSoftInput is false
02-05 17:40:52.467  1163  3944 D InputMethodManagerService: DESKTOP MODE! : 2
02-05 17:40:52.467  1163  3944 D InputMethodManagerService: NOT IN KNOX DESKTOP MODE!
02-05 17:40:52.467  1163  3944 V InputMethodManagerService: getDisplayIdOfInputMethodWindowToBeAdded : 0
02-05 17:40:52.467  1163  3944 D InputMethodManagerService: checkDisplayOfStartInputAndUpdateKeyboard display Id 0last 0
02-05 17:40:52.467  1163  3944 D InputTransport: Input channel constructed: 'ClientS', fd=936
02-05 17:40:52.467  1163  3944 D InputTransport: Input channel destroyed: 'ClientS', fd=936
02-05 17:40:52.467 15500 15500 D InputTransport: Input channel constructed: 'ClientS', fd=99
02-05 17:40:52.468 15500 15500 D InputTransport: Input channel destroyed: 'ClientS', fd=111
02-05 17:40:52.468  1163  1793 I SurfaceControl: nativeRelease nativeObject s[496861205056]
02-05 17:40:52.468  1163  1793 I SurfaceControl: nativeRelease nativeObject e[496861205056]
02-05 17:40:52.468   789  1273 I SurfaceFlinger: id=79629 createSurf (0x0),-1 flag=24004, Surface(name=dbf3b45 InputMethod)/@0xf70bba8 - animation-leash#0
02-05 17:40:52.469 15500 15500 D LifecycleMonitor: Lifecycle status change: androidx.test.core.app.InstrumentationActivityInvoker$EmptyActivity@6903385 in: PAUSED
02-05 17:40:52.469 15500 15500 D LifecycleMonitor: running callback: androidx.test.core.app.ActivityScenario$1@a170423
02-05 17:40:52.469  3640  3640 I GoogleInputMethodService: GoogleInputMethodService.onFinishInput():3316
02-05 17:40:52.469 15500 15500 V ActivityScenario: Activity lifecycle changed event received but ignored because the intent does not match. startActivityIntent=Intent { act=android.intent.action.MAIN cat=[android.intent.category.LAUNCHER] cmp=com.example.dogglers/.MainActivity }, activity.getIntent()=Intent { act=android.intent.action.MAIN cat=[android.intent.category.LAUNCHER] flg=0x10000000 cmp=com.example.dogglers/androidx.test.core.app.InstrumentationActivityInvoker$EmptyActivity }, activity=androidx.test.core.app.InstrumentationActivityInvoker$EmptyActivity@6903385
02-05 17:40:52.469 15500 15500 D LifecycleMonitor: callback completes: androidx.test.core.app.ActivityScenario$1@a170423
02-05 17:40:52.470  3640  3640 I GoogleInputMethodService: GoogleInputMethodService.updateDeviceLockedStatus():2181 checkRepeatedly = false, unlocked = true
02-05 17:40:52.470  3640  3640 D InputMethodService: checkDisplayOfStartInputAndUpdateKeyboard display Id 0last 0
02-05 17:40:52.470  3640  3640 I GoogleInputMethodService: GoogleInputMethodService.onStartInput():1989
02-05 17:40:52.471  3640  3640 I GoogleInputMethodService: GoogleInputMethodService.updateDeviceLockedStatus():2181 checkRepeatedly = true, unlocked = true
02-05 17:40:52.471  1163  1793 I SemDvfsHyPerManager: acquire hyper - AMS_ACT_RESUME/1163@19, type = -999
02-05 17:40:52.471   726   817 I HYPER-HAL: [RequestManager.cpp]acquire(): Acquired ID : 699172  [1163 / 19]    HINT : AMS_ACT_RESUME    list :
02-05 17:40:52.471   726   817 I HYPER-HAL: [ResourceManager.cpp]updateResource(): [CPUMinFreq] UpdateResource Request ID : 699172    Value : 1687587
02-05 17:40:52.471  1163  1793 D InputDispatcher: Focused application set to (0): e567144
02-05 17:40:52.472  1163  1793 I SurfaceControl: nativeRelease nativeObject s[496861205248]
02-05 17:40:52.472  1163  1793 I SurfaceControl: nativeRelease nativeObject e[496861205248]
02-05 17:40:52.472   789  1272 I SurfaceFlinger: id=79630 createSurf (0x0),-1 flag=24000, Surface(name=8c655e2 StatusBar)/@0x44a9b07 - animation-leash#0
02-05 17:40:52.472   753   979 I EDEN    : [Exynos][EDEN][v1.6.7-6][SERVICE] processAliveMointorMain:176: Try to check pid=(734)...
02-05 17:40:52.473  1163  1793 I SurfaceControl: nativeRelease nativeObject s[496861205344]
02-05 17:40:52.473  1163  1793 I SurfaceControl: nativeRelease nativeObject e[496861205344]
02-05 17:40:52.473   789   835 I SurfaceFlinger: id=79631 createSurf (0x0),-1 flag=24000, Surface(name=b29f82b NavigationBar0)/@0x8634759 - animation-leash#1
02-05 17:40:52.474  1163  1793 V WindowOrientationListener: getProposedRotation: 0
02-05 17:40:52.474  1163  1793 V WindowOrientationListener: getProposedRotation: 0
02-05 17:40:52.474  1163  1793 V WindowOrientationListener: getProposedRotation: 0
02-05 17:40:52.475   789   789 I Layer   : id=79618[1] Destroyed 8ede489 com.example.dogglers/androidx.test.core.app.InstrumentationActivityInvoker$EmptyActivity#0
02-05 17:40:52.475   789   789 I Layer   : id=79619[1] Destroyed com.example.dogglers/androidx.test.core.app.InstrumentationActivityInvoker$EmptyActivity$_15500#0
02-05 17:40:52.476  1163  3944 I InputDispatcher: Focus left window (15500): be32d3f in display 0 0
02-05 17:40:52.476  1163  1793 W WindowManager: lockNow pending, ignore updating lockscreen timeout
02-05 17:40:52.477   789  2265 I Layer   : id=79617 removeFromCurrentState ActivityRecord{c001fde u0 com.example.dogglers/androidx.test.core.app.InstrumentationActivityInvoker$EmptyActivity t12727}#0 (192)
02-05 17:40:52.477   789  2265 I Layer   : id=79628 removeFromCurrentState Surface(name=dbf3b45 InputMethod)/@0xf70bba8 - animation-leash#1 (192)
02-05 17:40:52.477   789  2265 I Layer   : id=79626 removeFromCurrentState Surface(name=8c655e2 StatusBar)/@0x44a9b07 - animation-leash#1 (192)
02-05 17:40:52.477   789  2265 I Layer   : id=79627 removeFromCurrentState Surface(name=b29f82b NavigationBar0)/@0x8634759 - animation-leash#0 (192)
02-05 17:40:52.478   789  2265 I SurfaceFlinger: id=79617 Removed ActivityRecord{c001fde u0 com.example.dogglers/androidx.test.core.app.InstrumentationActivityInvoker$EmptyActivity t12727}#0 (192)
02-05 17:40:52.478  1163  1793 W WindowManager: lockNow pending, ignore updating lockscreen timeout
02-05 17:40:52.479 15500 15500 I ViewRootImpl@d14d3a3[VerticalListActivity]: stopped(false) old=false
02-05 17:40:52.480 15500 15500 D LifecycleMonitor: Lifecycle status change: com.example.dogglers.VerticalListActivity@d76dc3b in: RESUMED
02-05 17:40:52.480 15500 15500 D LifecycleMonitor: running callback: androidx.test.core.app.ActivityScenario$1@a170423
02-05 17:40:52.480 15500 15500 V ActivityScenario: Activity lifecycle changed event received but ignored because the intent does not match. startActivityIntent=Intent { act=android.intent.action.MAIN cat=[android.intent.category.LAUNCHER] cmp=com.example.dogglers/.MainActivity }, activity.getIntent()=Intent { cmp=com.example.dogglers/.VerticalListActivity }, activity=com.example.dogglers.VerticalListActivity@d76dc3b
02-05 17:40:52.480 15500 15500 D LifecycleMonitor: callback completes: androidx.test.core.app.ActivityScenario$1@a170423
02-05 17:40:52.481  1163  1240 I SurfaceControl: nativeRelease nativeObject s[499183209344]
02-05 17:40:52.481  1163  1240 I SurfaceControl: nativeRelease nativeObject e[499183209344]
02-05 17:40:52.481  1163  1240 I SurfaceControl: nativeRelease nativeObject s[496871100768]
02-05 17:40:52.481  1163  1240 I SurfaceControl: nativeRelease nativeObject e[496871100768]
02-05 17:40:52.482  1163  2104 D SamsungIMMSHWKeyboard: isConnectedDexOnPC false
02-05 17:40:52.482 15500 15500 I SurfaceControl: nativeRelease nativeObject s[497483546112]
02-05 17:40:52.482 15500 15500 I SurfaceControl: nativeRelease nativeObject e[497483546112]
02-05 17:40:52.482  1163  1240 I SurfaceControl: nativeRelease nativeObject s[496867019744]
02-05 17:40:52.482  1163  1240 I SurfaceControl: nativeRelease nativeObject e[496867019744]
02-05 17:40:52.482 15500 15500 I SurfaceControl: nativeRelease nativeObject s[497483545248]
02-05 17:40:52.482 15500 15500 I SurfaceControl: nativeRelease nativeObject e[497483545248]
02-05 17:40:52.482  1163  1240 I SurfaceControl: nativeRelease nativeObject s[496871094336]
02-05 17:40:52.482  1163  1240 I SurfaceControl: nativeRelease nativeObject e[496871094336]
02-05 17:40:52.482  1163  1240 I SurfaceControl: nativeRelease nativeObject s[499183899520]
02-05 17:40:52.482  1163  1240 I SurfaceControl: nativeRelease nativeObject e[499183899520]
02-05 17:40:52.482   789  1273 I SurfaceFlinger: id=79627 Removed Surface(name=b29f82b NavigationBar0)/@0x8634759 - animation-leash#0 (192)
02-05 17:40:52.482   789  1272 I SurfaceFlinger: id=79626 Removed Surface(name=8c655e2 StatusBar)/@0x44a9b07 - animation-leash#1 (192)
02-05 17:40:52.482 15500 15500 I ViewRootImpl@a2945a6[InstrumentationActivityInvoker$EmptyActivity]: MSG_WINDOW_FOCUS_CHANGED 0 1
02-05 17:40:52.482  1163  1240 I SurfaceControl: nativeRelease nativeObject s[496871092608]
02-05 17:40:52.482  1163  1240 I SurfaceControl: nativeRelease nativeObject e[496871092608]
02-05 17:40:52.482   789  1272 I Layer   : id=79600 removeFromCurrentState com.example.dogglers/com.example.dogglers.MainActivity$_15500#0 (192)
02-05 17:40:52.483  1163  1240 I SurfaceControl: nativeRelease nativeObject s[497153784256]
02-05 17:40:52.483  1163  1240 I SurfaceControl: nativeRelease nativeObject e[497153784256]
02-05 17:40:52.483  1163  1240 D WindowManager: isScreenshotDisabledLocked - win: Window{89bf669 u0 com.example.dogglers/com.example.dogglers.MainActivity}
02-05 17:40:52.483  1163  1240 D WindowManager: isScreenshotDisabledLocked: userId = 0, disabled =false
02-05 17:40:52.483  1163  1240 I SurfaceControl: nativeRelease nativeObject s[496867020704]
02-05 17:40:52.483  1163  1240 I SurfaceControl: nativeRelease nativeObject e[496867020704]
02-05 17:40:52.483  1163  1240 I SurfaceControl: nativeRelease nativeObject s[496867019840]
02-05 17:40:52.483  1163  1240 I SurfaceControl: nativeRelease nativeObject e[496867019840]
02-05 17:40:52.483   726   817 I HYPER-HAL: [ResourceManager.cpp]removeResource(): [CPUMinFreq] RemoveResource Request ID : 699172
02-05 17:40:52.483   726   817 I HYPER-HAL: [RequestManager.cpp]releaseLocked(): Released ID : 699172
02-05 17:40:52.484  1163  1240 W WindowManager: lockNow pending, ignore updating lockscreen timeout
02-05 17:40:52.484   789  1273 I Layer   : id=79595 removeFromCurrentState Surface(name=ActivityRecord{4cb2a3b u0 com.example.dogglers/androidx.test.core.app.InstrumentationActivityInvoker$BootstrapActivity t12727})/@0xc324af2 - animation-leash#0 (192)
02-05 17:40:52.484   789  1273 I Layer   : id=79598 removeFromCurrentState Surface(name=ActivityRecord{4cb2a3b u0 com.example.dogglers/androidx.test.core.app.InstrumentationActivityInvoker$BootstrapActivity t12727})/@0xc324af2 - animation-bounds#0 (192)
02-05 17:40:52.484   789  1273 I Layer   : id=79610 removeFromCurrentState Surface(name=ActivityRecord{8ae37cb u0 com.example.dogglers/.MainActivity t12727})/@0x4da2a52 - animation-leash#0 (192)
02-05 17:40:52.484   789  1273 I Layer   : id=79613 removeFromCurrentState Surface(name=ActivityRecord{8ae37cb u0 com.example.dogglers/.MainActivity t12727})/@0x4da2a52 - animation-bounds#0 (192)
02-05 17:40:52.484   789  1273 I Layer   : id=79599 removeFromCurrentState 89bf669 com.example.dogglers/com.example.dogglers.MainActivity#0 (192)
02-05 17:40:52.484   789  1273 I Layer   : id=79611 removeFromCurrentState Dim Layer for - Task=12727 - animating-dim#0 (192)
02-05 17:40:52.484   789  1273 I Layer   : id=79614 removeFromCurrentState Surface(name=ActivityRecord{e567144 u0 com.example.dogglers/.VerticalListActivity t12727})/@0x8c19655 - animation-leash#0 (192)
02-05 17:40:52.484   789  1273 I Layer   : id=79615 removeFromCurrentState Surface(name=ActivityRecord{e567144 u0 com.example.dogglers/.VerticalListActivity t12727})/@0x8c19655 - animation-bounds#0 (192)
02-05 17:40:52.485   789  2265 I SurfaceFlinger: id=79595 Removed Surface(name=ActivityRecord{4cb2a3b u0 com.example.dogglers/androidx.test.core.app.InstrumentationActivityInvoker$BootstrapActivity t12727})/@0xc324af2 - animation-leash#0 (192)
02-05 17:40:52.485   789  2265 I SurfaceFlinger: id=79610 Removed Surface(name=ActivityRecord{8ae37cb u0 com.example.dogglers/.MainActivity t12727})/@0x4da2a52 - animation-leash#0 (192)
02-05 17:40:52.485   789   835 I SurfaceFlinger: id=79599 Removed 89bf669 com.example.dogglers/com.example.dogglers.MainActivity#0 (192)
02-05 17:40:52.485   789   835 I SurfaceFlinger: id=79611 Removed Dim Layer for - Task=12727 - animating-dim#0 (192)
02-05 17:40:52.485   789   835 I SurfaceFlinger: id=79614 Removed Surface(name=ActivityRecord{e567144 u0 com.example.dogglers/.VerticalListActivity t12727})/@0x8c19655 - animation-leash#0 (192)
02-05 17:40:52.485   789   835 I SurfaceFlinger: id=79615 Removed Surface(name=ActivityRecord{e567144 u0 com.example.dogglers/.VerticalListActivity t12727})/@0x8c19655 - animation-bounds#0 (192)
02-05 17:40:52.485   789   834 I SurfaceFlinger: id=79598 Removed Surface(name=ActivityRecord{4cb2a3b u0 com.example.dogglers/androidx.test.core.app.InstrumentationActivityInvoker$BootstrapActivity t12727})/@0xc324af2 - animation-bounds#0 (192)
02-05 17:40:52.485   789   834 I SurfaceFlinger: id=79613 Removed Surface(name=ActivityRecord{8ae37cb u0 com.example.dogglers/.MainActivity t12727})/@0x4da2a52 - animation-bounds#0 (192)
02-05 17:40:52.485   789  1272 I SurfaceFlinger: id=79600 Removed com.example.dogglers/com.example.dogglers.MainActivity$_15500#0 (192)
02-05 17:40:52.485  1163  1240 I SurfaceControl: nativeRelease nativeObject s[499038031616]
02-05 17:40:52.485  1163  1240 I SurfaceControl: nativeRelease nativeObject e[499038031616]
02-05 17:40:52.486  1163  1240 W WindowManager: lockNow pending, ignore updating lockscreen timeout
02-05 17:40:52.486   789  1272 I Layer   : id=79594 removeFromCurrentState ActivityRecord{8ae37cb u0 com.example.dogglers/.MainActivity t12727}#0 (192)
02-05 17:40:52.486   789  1272 I SurfaceFlinger: id=79594 Removed ActivityRecord{8ae37cb u0 com.example.dogglers/.MainActivity t12727}#0 (192)
02-05 17:40:52.486  1163  2104 D InputMethodManagerService: isImeSwitcherDisabledPackage : false
02-05 17:40:52.491   789   789 I Layer   : id=79611[1] Destroyed Dim Layer for - Task=12727 - animating-dim#0
02-05 17:40:52.491   789   789 I Layer   : id=79617[1] Destroyed ActivityRecord{c001fde u0 com.example.dogglers/androidx.test.core.app.InstrumentationActivityInvoker$EmptyActivity t12727}#0
02-05 17:40:52.491   789   789 I Layer   : id=79598[1] Destroyed Surface(name=ActivityRecord{4cb2a3b u0 com.example.dogglers/androidx.test.core.app.InstrumentationActivityInvoker$BootstrapActivity t12727})/@0xc324af2 - animation-bounds#0
02-05 17:40:52.491   789   789 I Layer   : id=79595[1] Destroyed Surface(name=ActivityRecord{4cb2a3b u0 com.example.dogglers/androidx.test.core.app.InstrumentationActivityInvoker$BootstrapActivity t12727})/@0xc324af2 - animation-leash#0
02-05 17:40:52.491   789   789 I Layer   : id=79613[1] Destroyed Surface(name=ActivityRecord{8ae37cb u0 com.example.dogglers/.MainActivity t12727})/@0x4da2a52 - animation-bounds#0
02-05 17:40:52.491   789   789 I Layer   : id=79610[1] Destroyed Surface(name=ActivityRecord{8ae37cb u0 com.example.dogglers/.MainActivity t12727})/@0x4da2a52 - animation-leash#0
02-05 17:40:52.491   789   789 I Layer   : id=79594[1] Destroyed ActivityRecord{8ae37cb u0 com.example.dogglers/.MainActivity t12727}#0
02-05 17:40:52.491   789   789 I Layer   : id=79599[1] Destroyed 89bf669 com.example.dogglers/com.example.dogglers.MainActivity#0
02-05 17:40:52.491   789   789 I Layer   : id=79600[1] Destroyed com.example.dogglers/com.example.dogglers.MainActivity$_15500#0
02-05 17:40:52.491 15500 15565 I mali_egl: eglDestroySurface() in
02-05 17:40:52.491   789   789 I Layer   : id=79615[1] Destroyed Surface(name=ActivityRecord{e567144 u0 com.example.dogglers/.VerticalListActivity t12727})/@0x8c19655 - animation-bounds#0
02-05 17:40:52.491   789   789 I Layer   : id=79614[1] Destroyed Surface(name=ActivityRecord{e567144 u0 com.example.dogglers/.VerticalListActivity t12727})/@0x8c19655 - animation-leash#0
02-05 17:40:52.491   789   789 I Layer   : id=79626[1] Destroyed Surface(name=8c655e2 StatusBar)/@0x44a9b07 - animation-leash#1
02-05 17:40:52.491   789   789 I Layer   : id=79627[1] Destroyed Surface(name=b29f82b NavigationBar0)/@0x8634759 - animation-leash#0
02-05 17:40:52.492 15500 15565 I mali_winsys: delete_surface() [1080x2400] return
02-05 17:40:52.492 15500 15565 I mali_egl: eglDestroySurface() out
02-05 17:40:52.492  1163  1801 I InputDispatcher: Focus entered window (15500): beb5db0 in display 0 0
02-05 17:40:52.492   789  1272 E BufferQueueProducer: [com.example.dogglers/androidx.test.core.app.InstrumentationActivityInvoker$EmptyActivity$_15500#1](id:315000036b3,api:0,p:-1,c:789) disconnect: not connected (req=1)
02-05 17:40:52.492 15500 15565 W libEGL  : EGLNativeWindowType 0x743a8a6010 disconnect failed
02-05 17:40:52.493  1163  1801 V WindowManager: Relayout Window{be32d3f u0 com.example.dogglers/androidx.test.core.app.InstrumentationActivityInvoker$EmptyActivity}: viewVisibility=8 req=1080x2400
02-05 17:40:52.493  1163  1801 W WindowManager: lockNow pending, ignore updating lockscreen timeout
02-05 17:40:52.493 15074 15261 W Finsky  : [53225] nwz.p(70): Package com.android.art not installed
02-05 17:40:52.494  1163  1801 V WindowManager: Relayout hash=be32d3f, pid=15500: mAttrs={(0,0)(fillxfill) sim={adjust=pan forwardNavigation} ty=BASE_APPLICATION wanim=0x1030001
02-05 17:40:52.494  1163  1801 V WindowManager:   fl=1810100
02-05 17:40:52.494  1163  1801 V WindowManager:   pfl=12020000
02-05 17:40:52.494  1163  1801 V WindowManager:   fitSides= naviIconColor=0}
02-05 17:40:52.494  1163  1240 W WindowManager: lockNow pending, ignore updating lockscreen timeout
02-05 17:40:52.494 15500 15500 I SurfaceControl: nativeRelease nativeObject s[499014750656]
02-05 17:40:52.494 15500 15500 I SurfaceControl: nativeRelease nativeObject e[499014750656]
02-05 17:40:52.494 15500 15500 I SurfaceControl: assignNativeObject: nativeObject = 0 Surface(name=null)/@0x47cdf83 / android.view.SurfaceControl.readFromParcel:1117 android.view.IWindowSession$Stub$Proxy.relayout:1810 android.view.ViewRootImpl.relayoutWindow:9005 android.view.ViewRootImpl.performTraversals:3360 android.view.ViewRootImpl.doTraversal:2618 android.view.ViewRootImpl$TraversalRunnable.run:9971 android.view.Choreographer$CallbackRecord.run:1010 android.view.Choreographer.doCallbacks:809 android.view.Choreographer.doFrame:744 android.view.Choreographer$FrameDisplayEventReceiver.run:995
02-05 17:40:52.495 15500 15500 I SurfaceControl: assignNativeObject: nativeObject = 0 Surface(name=null)/@0xb2f6be7 / android.view.SurfaceControl.readFromParcel:1117 android.view.IWindowSession$Stub$Proxy.relayout:1820 android.view.ViewRootImpl.relayoutWindow:9005 android.view.ViewRootImpl.performTraversals:3360 android.view.ViewRootImpl.doTraversal:2618 android.view.ViewRootImpl$TraversalRunnable.run:9971 android.view.Choreographer$CallbackRecord.run:1010 android.view.Choreographer.doCallbacks:809 android.view.Choreographer.doFrame:744 android.view.Choreographer$FrameDisplayEventReceiver.run:995
02-05 17:40:52.495 15500 15500 I SurfaceControl: nativeRelease nativeObject s[499183202048]
02-05 17:40:52.495 15500 15500 I SurfaceControl: nativeRelease nativeObject e[499183202048]
02-05 17:40:52.495 15500 15500 I ViewRootImpl@a2945a6[InstrumentationActivityInvoker$EmptyActivity]: Relayout returned: old=(0,0,1080,2400) new=(0,0,1080,2400) req=(1080,2400)8 dur=3 res=0x5 s={false 0} ch=true fn=2
02-05 17:40:52.495 15500 15500 I ViewRootImpl@d14d3a3[VerticalListActivity]: MSG_WINDOW_FOCUS_CHANGED 1 1
02-05 17:40:52.495 15500 15500 D InputMethodManager: prepareNavigationBarInfo() DecorView@be95170[VerticalListActivity]
02-05 17:40:52.495 15500 15500 D InputMethodManager: getNavigationBarColor() -16711423
02-05 17:40:52.496 15500 15500 D InputMethodManager: prepareNavigationBarInfo() DecorView@be95170[VerticalListActivity]
02-05 17:40:52.496 15500 15500 D InputMethodManager: getNavigationBarColor() -16711423
02-05 17:40:52.496 15500 15500 V InputMethodManager: Starting input: tba=com.example.dogglers ic=null mNaviBarColor -16711423 mIsGetNaviBarColorSuccess true , NavVisible : true , NavTrans : false
02-05 17:40:52.496 15074 15261 W Finsky  : [53225] nwz.p(70): Package com.android.apex.cts.shim not installed
02-05 17:40:52.496 15500 15500 D InputMethodManager: startInputInner - Id : 0
02-05 17:40:52.496 15500 15500 I InputMethodManager: startInputInner - mService.startInputOrWindowGainedFocus
02-05 17:40:52.496  1163  1793 D InputMethodManagerService: mSecureKeypadEnabled = false
02-05 17:40:52.496  1163  1793 V InputMethodManagerService: hideCurrentInputLocked : shouldHideSoftInput is false
02-05 17:40:52.496  1163  1793 D InputMethodManagerService: DESKTOP MODE! : 2
02-05 17:40:52.496  1163  1793 D InputMethodManagerService: NOT IN KNOX DESKTOP MODE!
02-05 17:40:52.496  1163  1793 V InputMethodManagerService: getDisplayIdOfInputMethodWindowToBeAdded : 0
02-05 17:40:52.497  1163  1793 D InputMethodManagerService: checkDisplayOfStartInputAndUpdateKeyboard display Id 0last 0
02-05 17:40:52.497  1163  1793 D InputTransport: Input channel constructed: 'ClientS', fd=947
02-05 17:40:52.497  1163  1793 D InputTransport: Input channel destroyed: 'ClientS', fd=947
02-05 17:40:52.497 15500 15500 D InputTransport: Input channel constructed: 'ClientS', fd=97
02-05 17:40:52.497 15500 15500 D InputTransport: Input channel destroyed: 'ClientS', fd=99
02-05 17:40:52.497  1163  1793 I SurfaceControl: nativeRelease nativeObject s[499183878272]
02-05 17:40:52.497  1163  1793 I SurfaceControl: nativeRelease nativeObject e[499183878272]
02-05 17:40:52.497   789  1272 I SurfaceFlinger: id=79632 createSurf (0x0),-1 flag=24004, Surface(name=dbf3b45 InputMethod)/@0xf70bba8 - animation-leash#1
02-05 17:40:52.498  3640  3640 I GoogleInputMethodService: GoogleInputMethodService.onFinishInput():3316
02-05 17:40:52.499  3640  3640 I GoogleInputMethodService: GoogleInputMethodService.updateDeviceLockedStatus():2181 checkRepeatedly = false, unlocked = true
02-05 17:40:52.499  3640  3640 D InputMethodService: checkDisplayOfStartInputAndUpdateKeyboard display Id 0last 0
02-05 17:40:52.499  3640  3640 I GoogleInputMethodService: GoogleInputMethodService.onStartInput():1989
02-05 17:40:52.499  3640  3640 I GoogleInputMethodService: GoogleInputMethodService.updateDeviceLockedStatus():2181 checkRepeatedly = true, unlocked = true
02-05 17:40:52.501 15074 15261 W Finsky  : [53225] nwz.p(70): Package com.android.i18n not installed
02-05 17:40:52.508   789  2265 I Layer   : id=79629 removeFromCurrentState Surface(name=dbf3b45 InputMethod)/@0xf70bba8 - animation-leash#0 (180)
02-05 17:40:52.509 15500 15500 I ViewRootImpl@a2945a6[InstrumentationActivityInvoker$EmptyActivity]: stopped(true) old=false
02-05 17:40:52.510 15074 15261 W Finsky  : [53225] nwz.p(70): Package com.android.runtime not installed
02-05 17:40:52.510 15500 15500 D LifecycleMonitor: Lifecycle status change: androidx.test.core.app.InstrumentationActivityInvoker$EmptyActivity@6903385 in: STOPPED
02-05 17:40:52.510 15500 15500 D LifecycleMonitor: running callback: androidx.test.core.app.ActivityScenario$1@a170423
02-05 17:40:52.510 15500 15500 V ActivityScenario: Activity lifecycle changed event received but ignored because the intent does not match. startActivityIntent=Intent { act=android.intent.action.MAIN cat=[android.intent.category.LAUNCHER] cmp=com.example.dogglers/.MainActivity }, activity.getIntent()=Intent { act=android.intent.action.MAIN cat=[android.intent.category.LAUNCHER] flg=0x10000000 cmp=com.example.dogglers/androidx.test.core.app.InstrumentationActivityInvoker$EmptyActivity }, activity=androidx.test.core.app.InstrumentationActivityInvoker$EmptyActivity@6903385
02-05 17:40:52.510 15500 15500 D LifecycleMonitor: callback completes: androidx.test.core.app.ActivityScenario$1@a170423
02-05 17:40:52.511 15500 15500 D LifecycleMonitor: Lifecycle status change: androidx.test.core.app.InstrumentationActivityInvoker$EmptyActivity@6903385 in: DESTROYED
02-05 17:40:52.511 15500 15500 D LifecycleMonitor: running callback: androidx.test.core.app.ActivityScenario$1@a170423
02-05 17:40:52.511 15500 15500 V ActivityScenario: Activity lifecycle changed event received but ignored because the intent does not match. startActivityIntent=Intent { act=android.intent.action.MAIN cat=[android.intent.category.LAUNCHER] cmp=com.example.dogglers/.MainActivity }, activity.getIntent()=Intent { act=android.intent.action.MAIN cat=[android.intent.category.LAUNCHER] flg=0x10000000 cmp=com.example.dogglers/androidx.test.core.app.InstrumentationActivityInvoker$EmptyActivity }, activity=androidx.test.core.app.InstrumentationActivityInvoker$EmptyActivity@6903385
02-05 17:40:52.511 15500 15500 D LifecycleMonitor: callback completes: androidx.test.core.app.ActivityScenario$1@a170423
02-05 17:40:52.512 15500 15500 I ViewRootImpl@a2945a6[InstrumentationActivityInvoker$EmptyActivity]: dispatchDetachedFromWindow
02-05 17:40:52.512  1163  1793 D InputTransport: Input channel destroyed: 'be32d3f', fd=932
02-05 17:40:52.512  1163  1793 I SurfaceControl: nativeRelease nativeObject s[499183904992]
02-05 17:40:52.512  1163  1793 I SurfaceControl: nativeRelease nativeObject e[499183904992]
02-05 17:40:52.512  1163  1793 D WindowManager: isScreenshotDisabledLocked - win: Window{be32d3f u0 com.example.dogglers/androidx.test.core.app.InstrumentationActivityInvoker$EmptyActivity}
02-05 17:40:52.512  1163  1793 D WindowManager: isScreenshotDisabledLocked: userId = 0, disabled =false
02-05 17:40:52.512  1163  1793 I SurfaceControl: nativeRelease nativeObject s[496860780480]
02-05 17:40:52.512  1163  1793 I SurfaceControl: nativeRelease nativeObject e[496860780480]
02-05 17:40:52.512   789  1272 I Layer   : id=79625 removeFromCurrentState com.example.dogglers/androidx.test.core.app.InstrumentationActivityInvoker$EmptyActivity$_15500#1 (180)
02-05 17:40:52.513  1163  1793 W WindowManager: lockNow pending, ignore updating lockscreen timeout
02-05 17:40:52.513   789   834 I Layer   : id=79624 removeFromCurrentState be32d3f com.example.dogglers/androidx.test.core.app.InstrumentationActivityInvoker$EmptyActivity#0 (180)
02-05 17:40:52.513 15074 15261 W Finsky  : [53225] nwz.p(70): Package com.android.vndk.v30 not installed
02-05 17:40:52.514 15500 15500 D InputTransport: Input channel destroyed: 'be32d3f', fd=90
02-05 17:40:52.514 15500 15500 D LifecycleMonitor: Lifecycle status change: androidx.test.core.app.InstrumentationActivityInvoker$BootstrapActivity@fa36952 in: STOPPED
02-05 17:40:52.514 15500 15500 D LifecycleMonitor: running callback: androidx.test.core.app.ActivityScenario$1@a170423
02-05 17:40:52.514  1163  2104 I SurfaceControl: nativeRelease nativeObject s[499183898752]
02-05 17:40:52.514  1163  2104 I SurfaceControl: nativeRelease nativeObject e[499183898752]
02-05 17:40:52.514 15500 15500 V ActivityScenario: Activity lifecycle changed event received but ignored because the intent does not match. startActivityIntent=Intent { act=android.intent.action.MAIN cat=[android.intent.category.LAUNCHER] cmp=com.example.dogglers/.MainActivity }, activity.getIntent()=Intent { act=android.intent.action.MAIN cat=[android.intent.category.LAUNCHER] flg=0x10008000 cmp=com.example.dogglers/androidx.test.core.app.InstrumentationActivityInvoker$BootstrapActivity (has extras) }, activity=androidx.test.core.app.InstrumentationActivityInvoker$BootstrapActivity@fa36952
02-05 17:40:52.514 15500 15500 D LifecycleMonitor: callback completes: androidx.test.core.app.ActivityScenario$1@a170423
02-05 17:40:52.515 15500 15500 D LifecycleMonitor: Lifecycle status change: androidx.test.core.app.InstrumentationActivityInvoker$BootstrapActivity@fa36952 in: DESTROYED
02-05 17:40:52.515 15500 15500 D LifecycleMonitor: running callback: androidx.test.core.app.ActivityScenario$1@a170423
02-05 17:40:52.515 15500 15500 V ActivityScenario: Activity lifecycle changed event received but ignored because the intent does not match. startActivityIntent=Intent { act=android.intent.action.MAIN cat=[android.intent.category.LAUNCHER] cmp=com.example.dogglers/.MainActivity }, activity.getIntent()=Intent { act=android.intent.action.MAIN cat=[android.intent.category.LAUNCHER] flg=0x10008000 cmp=com.example.dogglers/androidx.test.core.app.InstrumentationActivityInvoker$BootstrapActivity (has extras) }, activity=androidx.test.core.app.InstrumentationActivityInvoker$BootstrapActivity@fa36952
02-05 17:40:52.515   789  1273 I SurfaceFlinger: id=79624 Removed be32d3f com.example.dogglers/androidx.test.core.app.InstrumentationActivityInvoker$EmptyActivity#0 (180)
02-05 17:40:52.515 15500 15500 D LifecycleMonitor: callback completes: androidx.test.core.app.ActivityScenario$1@a170423
02-05 17:40:52.515 15074 15261 W Finsky  : [53225] nwz.p(70): Package com.android.wifi not installed
02-05 17:40:52.515  1163  1801 D SamsungIMMSHWKeyboard: isConnectedDexOnPC false
02-05 17:40:52.515 15500 15500 I SurfaceControl: nativeRelease nativeObject s[497483547744]
02-05 17:40:52.515 15500 15500 I SurfaceControl: nativeRelease nativeObject e[497483547744]
02-05 17:40:52.515 15500 15500 I SurfaceControl: nativeRelease nativeObject s[497483547168]
02-05 17:40:52.515 15500 15500 I SurfaceControl: nativeRelease nativeObject e[497483547168]
02-05 17:40:52.515 15500 15500 I SurfaceControl: nativeRelease nativeObject s[499014750656]
02-05 17:40:52.515 15500 15500 I SurfaceControl: nativeRelease nativeObject e[499014750656]
02-05 17:40:52.516   789  1272 I SurfaceFlinger: id=79625 Removed com.example.dogglers/androidx.test.core.app.InstrumentationActivityInvoker$EmptyActivity$_15500#1 (180)
02-05 17:40:52.516  1163  1801 D InputMethodManagerService: isImeSwitcherDisabledPackage : false
02-05 17:40:52.516 15500 15559 I TestRunner: finished: clicking_vertical_list_button_displays_vertical_list(com.example.dogglers.ButtonTests)
