02-05 17:40:58.304 15500 15500 V ActivityScenario: Activity lifecycle changed event received but ignored because the intent does not match. startActivityIntent=Intent { act=android.intent.action.MAIN cat=[android.intent.category.LAUNCHER] cmp=com.example.dogglers/.GridListActivity }, activity.getIntent()=Intent { act=android.intent.action.MAIN cat=[android.intent.category.LAUNCHER] flg=0x10000000 cmp=com.example.dogglers/androidx.test.core.app.InstrumentationActivityInvoker$EmptyActivity }, activity=androidx.test.core.app.InstrumentationActivityInvoker$EmptyActivity@5ecd1a4
02-05 17:40:58.304 15500 15500 D LifecycleMonitor: callback completes: androidx.test.core.app.ActivityScenario$1@15a9387
02-05 17:40:58.308 15500 15500 I DecorView: [INFO] isPopOver=false, config=true
02-05 17:40:58.308 15500 15500 I DecorView: updateCaptionType >> DecorView@9e2bac2[], isFloating=false, isApplication=true, hasWindowDecorCaption=false, hasWindowControllerCallback=true
02-05 17:40:58.308 15500 15500 D DecorView: setCaptionType = 0, this = DecorView@9e2bac2[]
02-05 17:40:58.310 15500 15500 D LifecycleMonitor: Lifecycle status change: androidx.test.core.app.InstrumentationActivityInvoker$EmptyActivity@5ecd1a4 in: CREATED
02-05 17:40:58.310 15500 15500 D LifecycleMonitor: running callback: androidx.test.core.app.ActivityScenario$1@15a9387
02-05 17:40:58.310 15500 15500 V ActivityScenario: Activity lifecycle changed event received but ignored because the intent does not match. startActivityIntent=Intent { act=android.intent.action.MAIN cat=[android.intent.category.LAUNCHER] cmp=com.example.dogglers/.GridListActivity }, activity.getIntent()=Intent { act=android.intent.action.MAIN cat=[android.intent.category.LAUNCHER] flg=0x10000000 cmp=com.example.dogglers/androidx.test.core.app.InstrumentationActivityInvoker$EmptyActivity }, activity=androidx.test.core.app.InstrumentationActivityInvoker$EmptyActivity@5ecd1a4
02-05 17:40:58.310 15500 15500 D LifecycleMonitor: callback completes: androidx.test.core.app.ActivityScenario$1@15a9387
02-05 17:40:58.311 15500 15500 D LifecycleMonitor: Lifecycle status change: androidx.test.core.app.InstrumentationActivityInvoker$EmptyActivity@5ecd1a4 in: STARTED
02-05 17:40:58.311 15500 15500 D LifecycleMonitor: running callback: androidx.test.core.app.ActivityScenario$1@15a9387
02-05 17:40:58.311 15500 15500 V ActivityScenario: Activity lifecycle changed event received but ignored because the intent does not match. startActivityIntent=Intent { act=android.intent.action.MAIN cat=[android.intent.category.LAUNCHER] cmp=com.example.dogglers/.GridListActivity }, activity.getIntent()=Intent { act=android.intent.action.MAIN cat=[android.intent.category.LAUNCHER] flg=0x10000000 cmp=com.example.dogglers/androidx.test.core.app.InstrumentationActivityInvoker$EmptyActivity }, activity=androidx.test.core.app.InstrumentationActivityInvoker$EmptyActivity@5ecd1a4
02-05 17:40:58.311 15500 15500 D LifecycleMonitor: callback completes: androidx.test.core.app.ActivityScenario$1@15a9387
02-05 17:40:58.312 15500 15500 D LifecycleMonitor: Lifecycle status change: androidx.test.core.app.InstrumentationActivityInvoker$EmptyActivity@5ecd1a4 in: RESUMED
02-05 17:40:58.312 15500 15500 D LifecycleMonitor: running callback: androidx.test.core.app.ActivityScenario$1@15a9387
02-05 17:40:58.312 15500 15500 V ActivityScenario: Activity lifecycle changed event received but ignored because the intent does not match. startActivityIntent=Intent { act=android.intent.action.MAIN cat=[android.intent.category.LAUNCHER] cmp=com.example.dogglers/.GridListActivity }, activity.getIntent()=Intent { act=android.intent.action.MAIN cat=[android.intent.category.LAUNCHER] flg=0x10000000 cmp=com.example.dogglers/androidx.test.core.app.InstrumentationActivityInvoker$EmptyActivity }, activity=androidx.test.core.app.InstrumentationActivityInvoker$EmptyActivity@5ecd1a4
02-05 17:40:58.312 15500 15500 D LifecycleMonitor: callback completes: androidx.test.core.app.ActivityScenario$1@15a9387
02-05 17:40:58.313   789   789 I Layer   : id=79873[1] Destroyed ActivityRecord{f7f5ba u0 com.example.dogglers/androidx.test.core.app.InstrumentationActivityInvoker$BootstrapActivity t12734}#0
02-05 17:40:58.313   789   789 I Layer   : id=79876[1] Destroyed ActivityRecord{56b4ee9 u0 com.example.dogglers/.GridListActivity t12734}#0
02-05 17:40:58.313  1163  2104 I InputDispatcher: Focus left window (15500): b3e6fb6 in display 0 0
02-05 17:40:58.314  1163  3935 D InputTransport: Input channel constructed: '9b8a4a ', fd=860
02-05 17:40:58.314  1163  3935 D InputTransport: Input channel constructed: '9b8a4a ', fd=887
02-05 17:40:58.314   789  1273 I SurfaceFlinger: id=79897 createSurf (0x0),-1 flag=80004, 9b8a4a com.example.dogglers/androidx.test.core.app.InstrumentationActivityInvoker$EmptyActivity#0
02-05 17:40:58.315  1163  3935 D WindowManager: isScreenshotDisabledLocked - win: Window{9b8a4a u0 com.example.dogglers/androidx.test.core.app.InstrumentationActivityInvoker$EmptyActivity}
02-05 17:40:58.315  1163  3935 D WindowManager: isScreenshotDisabledLocked: userId = 0, disabled =false
02-05 17:40:58.315  1163  3935 D InputTransport: Input channel destroyed: '9b8a4a ', fd=887
02-05 17:40:58.315 15500 15500 D InputTransport: Input channel constructed: '9b8a4a ', fd=97
02-05 17:40:58.316 15500 15500 I ViewRootImpl@632ab09[InstrumentationActivityInvoker$EmptyActivity]: setView = com.android.internal.policy.DecorView@9e2bac2 TM=true
02-05 17:40:58.318  1163  3935 V WindowManager: Relayout Window{9b8a4a u0 com.example.dogglers/androidx.test.core.app.InstrumentationActivityInvoker$EmptyActivity}: viewVisibility=0 req=1080x2400
02-05 17:40:58.318  1163  3935 W WindowManager: lockNow pending, ignore updating lockscreen timeout
02-05 17:40:58.319  1163  3935 D WindowManager: isScreenshotDisabledLocked - win: Window{9b8a4a u0 com.example.dogglers/androidx.test.core.app.InstrumentationActivityInvoker$EmptyActivity}
02-05 17:40:58.319  1163  3935 D WindowManager: isScreenshotDisabledLocked: userId = 0, disabled =false
02-05 17:40:58.319   789  1273 I SurfaceFlinger: id=79898 createSurf (1080x2400),1 flag=404, com.example.dogglers/androidx.test.core.app.InstrumentationActivityInvoker$EmptyActivity$_15500#1
02-05 17:40:58.321  1163  3935 I SurfaceControl: nativeRelease nativeObject s[496867020608]
02-05 17:40:58.321  1163  3935 I SurfaceControl: nativeRelease nativeObject e[496867020608]
02-05 17:40:58.321   789  1273 I SurfaceFlinger: id=79899 createSurf (0x0),-1 flag=24000, Surface(name=8c655e2 StatusBar)/@0x44a9b07 - animation-leash#1
02-05 17:40:58.321  1163  3935 I SurfaceControl: nativeRelease nativeObject s[496860775200]
02-05 17:40:58.321  1163  3935 I SurfaceControl: nativeRelease nativeObject e[496860775200]
02-05 17:40:58.321   789  2265 I SurfaceFlinger: id=79900 createSurf (0x0),-1 flag=24000, Surface(name=b29f82b NavigationBar0)/@0x8634759 - animation-leash#0
02-05 17:40:58.322  1163  3935 V WindowManager: Relayout hash=9b8a4a, pid=15500: mAttrs={(0,0)(fillxfill) sim={adjust=pan forwardNavigation} ty=BASE_APPLICATION wanim=0x1030001
02-05 17:40:58.322  1163  3935 V WindowManager:   fl=1810100
02-05 17:40:58.322  1163  3935 V WindowManager:   pfl=12020000
02-05 17:40:58.322  1163  3935 V WindowManager:   fitSides= naviIconColor=0}
02-05 17:40:58.322  1163  3935 I SurfaceControl: nativeRelease nativeObject s[496867020320]
02-05 17:40:58.322  1163  3935 I SurfaceControl: nativeRelease nativeObject e[496867020320]
02-05 17:40:58.323 15500 15500 I SurfaceControl: assignNativeObject: nativeObject = 0 Surface(name=null)/@0x5a5c10e / android.view.SurfaceControl.readFromParcel:1117 android.view.IWindowSession$Stub$Proxy.relayout:1820 android.view.ViewRootImpl.relayoutWindow:9005 android.view.ViewRootImpl.performTraversals:3360 android.view.ViewRootImpl.doTraversal:2618 android.view.ViewRootImpl$TraversalRunnable.run:9971 android.view.Choreographer$CallbackRecord.run:1010 android.view.Choreographer.doCallbacks:809 android.view.Choreographer.doFrame:744 android.view.Choreographer$FrameDisplayEventReceiver.run:995
02-05 17:40:58.323 15500 15500 I ViewRootImpl@632ab09[InstrumentationActivityInvoker$EmptyActivity]: Relayout returned: old=(0,0,1080,2400) new=(0,0,1080,2400) req=(1080,2400)0 dur=5 res=0x7 s={true 497546653696} ch=true fn=-1
02-05 17:40:58.324 15500 15565 I mali_winsys: new_window_surface() [1080x2400] return: 0x3000
02-05 17:40:58.324 15500 15500 I ViewRootImpl@632ab09[InstrumentationActivityInvoker$EmptyActivity]: [DP] dp(1) 1 android.view.ViewRootImpl.reportNextDraw:10957 android.view.ViewRootImpl.performTraversals:3845 android.view.ViewRootImpl.doTraversal:2618
02-05 17:40:58.324   716   957 D gralloc : [mali_gralloc_allocate] begin
02-05 17:40:58.324   716   957 D gralloc : buffer_descriptor: wh(1080 2400) usage_pc(0x40000000000b00 0x40000000000b00) hal_format(0x1) layer_count(1) sizes(0 0 0) strde(0) byte_stride(0) alloc_wh(0 0) internal_format(0x0) alloc_format(0x0) fd_count(1) plane_count(0)
02-05 17:40:58.324 15500 15500 I ViewRootImpl@632ab09[InstrumentationActivityInvoker$EmptyActivity]: [DP] pd() Asnyc report
02-05 17:40:58.327   716   957 D gralloc : [mali_gralloc_allocate] allocation successful
02-05 17:40:58.327   716   957 D gralloc : [mali_gralloc_allocate] begin
02-05 17:40:58.327   716   957 D gralloc : buffer_descriptor: wh(1080 2400) usage_pc(0x40000000000b00 0x40000000000b00) hal_format(0x1) layer_count(1) sizes(0 0 0) strde(0) byte_stride(0) alloc_wh(0 0) internal_format(0x0) alloc_format(0x0) fd_count(1) plane_count(0)
02-05 17:40:58.329   716   957 D gralloc : [mali_gralloc_allocate] allocation successful
02-05 17:40:58.329   716   953 D gralloc : [mali_gralloc_allocate] begin
02-05 17:40:58.329   716   953 D gralloc : buffer_descriptor: wh(1080 2400) usage_pc(0x40000000000b00 0x40000000000b00) hal_format(0x1) layer_count(1) sizes(0 0 0) strde(0) byte_stride(0) alloc_wh(0 0) internal_format(0x0) alloc_format(0x0) fd_count(1) plane_count(0)
02-05 17:40:58.329 15500 15500 I ViewRootImpl@632ab09[InstrumentationActivityInvoker$EmptyActivity]: [DP] pdf(0) 1 android.view.ViewRootImpl.lambda$performDraw$1$ViewRootImpl:4668 android.view.-$$Lambda$ViewRootImpl$DJd0VUYJgsebcnSohO6h8zc_ONI.run:6 android.os.Handler.handleCallback:938
02-05 17:40:58.329 15500 15500 I ViewRootImpl@632ab09[InstrumentationActivityInvoker$EmptyActivity]: [DP] rdf()
02-05 17:40:58.330   789  1273 I Layer   : id=79892 removeFromCurrentState Surface(name=8c655e2 StatusBar)/@0x44a9b07 - animation-leash#0 (199)
02-05 17:40:58.330   716   953 D gralloc : [mali_gralloc_allocate] allocation successful
02-05 17:40:58.330   789  1273 I Layer   : id=79893 removeFromCurrentState Surface(name=b29f82b NavigationBar0)/@0x8634759 - animation-leash#1 (199)
02-05 17:40:58.331  1163  1240 W WindowManager: lockNow pending, ignore updating lockscreen timeout
02-05 17:40:58.331  1163  1235 D SamsungIMMSHWKeyboard: isConnectedDexOnPC false
02-05 17:40:58.331 15500 15500 I SurfaceControl: nativeRelease nativeObject s[499196690848]
02-05 17:40:58.331 15500 15500 I SurfaceControl: nativeRelease nativeObject e[499196690848]
02-05 17:40:58.331 15500 15500 I SurfaceControl: nativeRelease nativeObject s[499196690752]
02-05 17:40:58.331 15500 15500 I SurfaceControl: nativeRelease nativeObject e[499196690752]
02-05 17:40:58.332 15500 15500 I ViewRootImpl@af7ed0c[InstrumentationActivityInvoker$EmptyActivity]: MSG_WINDOW_FOCUS_CHANGED 0 1
02-05 17:40:58.332  1163  1240 D PkgPredictorService: pkg:com.example.dogglers activity:androidx.test.core.app.InstrumentationActivityInvoker$EmptyActivity thisTime:62
02-05 17:40:58.333 15500 15500 I SurfaceControl: nativeRelease nativeObject s[497477721088]
02-05 17:40:58.333 15500 15500 I SurfaceControl: nativeRelease nativeObject e[497477721088]
02-05 17:40:58.333 15500 15500 I SurfaceControl: nativeRelease nativeObject s[497477720800]
02-05 17:40:58.333 15500 15500 I SurfaceControl: nativeRelease nativeObject e[497477720800]
02-05 17:40:58.333 15500 15500 I SurfaceControl: nativeRelease nativeObject s[497477720704]
02-05 17:40:58.333 15500 15500 I SurfaceControl: nativeRelease nativeObject e[497477720704]
02-05 17:40:58.333   789   834 I SurfaceFlinger: id=79893 Removed Surface(name=b29f82b NavigationBar0)/@0x8634759 - animation-leash#1 (199)
02-05 17:40:58.333   789   834 I SurfaceFlinger: id=79892 Removed Surface(name=8c655e2 StatusBar)/@0x44a9b07 - animation-leash#0 (199)
02-05 17:40:58.333  1163  1240 I SemDvfsHyPerManager: acquire hyper - AMS_RESUME_TAIL/1163@22, type = -999
02-05 17:40:58.333  1163  1240 I SemDvfsHyPerManager: acquire hyper - AMS_ACT_LAZY/1163@23, type = -999
02-05 17:40:58.333  1163  1244 I ActivityTaskManager: Displayed com.example.dogglers/androidx.test.core.app.InstrumentationActivityInvoker$EmptyActivity: +62ms
02-05 17:40:58.333   726   817 I HYPER-HAL: [RequestManager.cpp]acquire(): Acquired ID : 702727  [1163 / 22]    HINT : AMS_RESUME_TAIL    list :
02-05 17:40:58.333   726   817 I HYPER-HAL: [ResourceManager.cpp]updateResource(): [CPUMinFreq] UpdateResource Request ID : 702727    Value : 1844882
02-05 17:40:58.333   726   817 I HYPER-HAL: [RequestManager.cpp]acquire(): Acquired ID : 703914  [1163 / 23]    HINT :      list :
02-05 17:40:58.333   726   817 E HYPER-HAL: [Request.cpp]acquire(): Request:: id : 703914, No Resource to set
02-05 17:40:58.333   726   817 I HYPER-HAL: [ResourceManager.cpp]removeResource(): [CPUMinFreq] RemoveResource Request ID : 700356
02-05 17:40:58.333   726   817 I HYPER-HAL: [RequestManager.cpp]releaseLocked(): Released ID : 700356
02-05 17:40:58.334  2669  2669 E pageboostd: Received HALT command code 2
02-05 17:40:58.334  1163  1240 W WindowManager: lockNow pending, ignore updating lockscreen timeout
02-05 17:40:58.335  1163  1235 D InputMethodManagerService: isImeSwitcherDisabledPackage : false
02-05 17:40:58.346   789   789 I Layer   : id=79892[1] Destroyed Surface(name=8c655e2 StatusBar)/@0x44a9b07 - animation-leash#0
02-05 17:40:58.346   789   789 I Layer   : id=79893[1] Destroyed Surface(name=b29f82b NavigationBar0)/@0x8634759 - animation-leash#1
02-05 17:40:58.347 15500 15565 I mali_egl: eglDestroySurface() in
02-05 17:40:58.347  1163  1796 I InputDispatcher: Focus entered window (15500): 9b8a4a  in display 0 0
02-05 17:40:58.347 15500 15565 I mali_winsys: delete_surface() [1080x2400] return
02-05 17:40:58.347 15500 15565 I mali_egl: eglDestroySurface() out
02-05 17:40:58.347   789  1272 E BufferQueueProducer: [com.example.dogglers/androidx.test.core.app.InstrumentationActivityInvoker$EmptyActivity$_15500#0](id:315000036d4,api:0,p:-1,c:789) disconnect: not connected (req=1)
02-05 17:40:58.347 15500 15565 W libEGL  : EGLNativeWindowType 0x73d8179010 disconnect failed
02-05 17:40:58.348  1163  1796 V WindowManager: Relayout Window{b3e6fb6 u0 com.example.dogglers/androidx.test.core.app.InstrumentationActivityInvoker$EmptyActivity}: viewVisibility=8 req=1080x2400
02-05 17:40:58.348  1163  1796 W WindowManager: lockNow pending, ignore updating lockscreen timeout
02-05 17:40:58.349  1163  1796 V WindowManager: Relayout hash=b3e6fb6, pid=15500: mAttrs={(0,0)(fillxfill) sim={adjust=pan forwardNavigation} ty=BASE_APPLICATION wanim=0x1030001
02-05 17:40:58.349  1163  1796 V WindowManager:   fl=1810100
02-05 17:40:58.349  1163  1796 V WindowManager:   pfl=12020000
02-05 17:40:58.349  1163  1796 V WindowManager:   fitSides= naviIconColor=0}
02-05 17:40:58.349  1163  1240 W WindowManager: lockNow pending, ignore updating lockscreen timeout
02-05 17:40:58.349 15500 15500 I SurfaceControl: nativeRelease nativeObject s[497477718496]
02-05 17:40:58.349 15500 15500 I SurfaceControl: nativeRelease nativeObject e[497477718496]
02-05 17:40:58.350 15500 15500 I SurfaceControl: assignNativeObject: nativeObject = 0 Surface(name=null)/@0x739a72f / android.view.SurfaceControl.readFromParcel:1117 android.view.IWindowSession$Stub$Proxy.relayout:1810 android.view.ViewRootImpl.relayoutWindow:9005 android.view.ViewRootImpl.performTraversals:3360 android.view.ViewRootImpl.doTraversal:2618 android.view.ViewRootImpl$TraversalRunnable.run:9971 android.view.Choreographer$CallbackRecord.run:1010 android.view.Choreographer.doCallbacks:809 android.view.Choreographer.doFrame:744 android.view.Choreographer$FrameDisplayEventReceiver.run:995
02-05 17:40:58.350 15500 15500 I SurfaceControl: assignNativeObject: nativeObject = 0 Surface(name=null)/@0x911c655 / android.view.SurfaceControl.readFromParcel:1117 android.view.IWindowSession$Stub$Proxy.relayout:1820 android.view.ViewRootImpl.relayoutWindow:9005 android.view.ViewRootImpl.performTraversals:3360 android.view.ViewRootImpl.doTraversal:2618 android.view.ViewRootImpl$TraversalRunnable.run:9971 android.view.Choreographer$CallbackRecord.run:1010 android.view.Choreographer.doCallbacks:809 android.view.Choreographer.doFrame:744 android.view.Choreographer$FrameDisplayEventReceiver.run:995
02-05 17:40:58.350   789   789 D SurfaceFlinger: Display 21442653864348033 HWC layers:
02-05 17:40:58.350   789   789 D SurfaceFlinger:      DEVICE | 0x7428c40240 | 0002 | RGBA_8888    |    0.0    0.0 1080.0 2400.0 |    0    0 1080 2400 | com.example.dogglers/androidx.test.c[...]tivityInvoker$EmptyActivity$_15500#1
02-05 17:40:58.350   789   789 D SurfaceFlinger:      DEVICE | 0x7428c3fac0 | 0000 | RGBA_8888    |    0.0    0.0 1080.0   88.0 |    0    0 1080   88 | StatusBar$_1680#0
02-05 17:40:58.350   789   789 D SurfaceFlinger:      DEVICE | 0x7428c3ea80 | 0000 | RGBA_8888    |    0.0    0.0 1080.0  144.0 |    0 2256 1080 2400 | NavigationBar0$_1680#0
02-05 17:40:58.350   789   789 D SurfaceFlinger:      DEVICE | 0x7408191180 | 0000 | RGBA_8888    |    0.0    0.0 1080.0  125.0 |    0    0 1080  125 | ScreenDecorOverlay$_1680#0
02-05 17:40:58.350   789   789 D SurfaceFlinger:      DEVICE | 0x7428c3f480 | 0000 | RGBA_8888    |    0.0    0.0 1080.0  112.0 |    0 2288 1080 2400 | ScreenDecorOverlayBottom$_1680#0
02-05 17:40:58.350   789   789 D SurfaceFlinger:
02-05 17:40:58.350 15500 15500 I SurfaceControl: nativeRelease nativeObject s[497477721280]
02-05 17:40:58.350 15500 15500 I SurfaceControl: nativeRelease nativeObject e[497477721280]
02-05 17:40:58.350 15500 15500 I ViewRootImpl@af7ed0c[InstrumentationActivityInvoker$EmptyActivity]: Relayout returned: old=(0,0,1080,2400) new=(0,0,1080,2400) req=(1080,2400)8 dur=3 res=0x5 s={false 0} ch=true fn=2
02-05 17:40:58.353  1163  2104 D InputDispatcher: Focused application set to (0): 1dafdd4
02-05 17:40:58.354  1163  2104 W WindowManager: lockNow pending, ignore updating lockscreen timeout
02-05 17:40:58.355 15500 15500 I ViewRootImpl@632ab09[InstrumentationActivityInvoker$EmptyActivity]: MSG_WINDOW_FOCUS_CHANGED 1 1
02-05 17:40:58.355 15500 15500 D InputMethodManager: prepareNavigationBarInfo() DecorView@9e2bac2[InstrumentationActivityInvoker$EmptyActivity]
02-05 17:40:58.355 15500 15500 D InputMethodManager: getNavigationBarColor() -16711423
02-05 17:40:58.356 15500 15500 D InputMethodManager: prepareNavigationBarInfo() DecorView@9e2bac2[InstrumentationActivityInvoker$EmptyActivity]
02-05 17:40:58.356 15500 15500 D InputMethodManager: getNavigationBarColor() -16711423
02-05 17:40:58.356 15500 15500 V InputMethodManager: Starting input: tba=com.example.dogglers ic=null mNaviBarColor -16711423 mIsGetNaviBarColorSuccess true , NavVisible : true , NavTrans : false
02-05 17:40:58.356 15500 15500 D InputMethodManager: startInputInner - Id : 0
02-05 17:40:58.356 15500 15500 I InputMethodManager: startInputInner - mService.startInputOrWindowGainedFocus
02-05 17:40:58.356  1163  3938 D InputMethodManagerService: mSecureKeypadEnabled = false
02-05 17:40:58.356  1163  3938 V InputMethodManagerService: hideCurrentInputLocked : shouldHideSoftInput is false
02-05 17:40:58.356  1163  3938 D InputMethodManagerService: DESKTOP MODE! : 2
02-05 17:40:58.356  1163  3938 D InputMethodManagerService: NOT IN KNOX DESKTOP MODE!
02-05 17:40:58.356  1163  3938 V InputMethodManagerService: getDisplayIdOfInputMethodWindowToBeAdded : 0
02-05 17:40:58.356  1163  3938 D InputMethodManagerService: checkDisplayOfStartInputAndUpdateKeyboard display Id 0last 0
02-05 17:40:58.356  1163  3938 D InputTransport: Input channel constructed: 'ClientS', fd=887
02-05 17:40:58.356  1163  3938 D InputTransport: Input channel destroyed: 'ClientS', fd=887
02-05 17:40:58.357 15500 15500 D InputTransport: Input channel constructed: 'ClientS', fd=98
02-05 17:40:58.357 15500 15500 D InputTransport: Input channel destroyed: 'ClientS', fd=90
02-05 17:40:58.357 15500 15500 I ViewRootImpl@af7ed0c[InstrumentationActivityInvoker$EmptyActivity]: stopped(true) old=false
02-05 17:40:58.357 15500 15500 D LifecycleMonitor: Lifecycle status change: androidx.test.core.app.InstrumentationActivityInvoker$EmptyActivity@d4fe8e3 in: STOPPED
02-05 17:40:58.357 15500 15500 D LifecycleMonitor: running callback: androidx.test.core.app.ActivityScenario$1@15a9387
02-05 17:40:58.357 15500 15500 V ActivityScenario: Activity lifecycle changed event received but ignored because the intent does not match. startActivityIntent=Intent { act=android.intent.action.MAIN cat=[android.intent.category.LAUNCHER] cmp=com.example.dogglers/.GridListActivity }, activity.getIntent()=Intent { act=android.intent.action.MAIN cat=[android.intent.category.LAUNCHER] flg=0x10000000 cmp=com.example.dogglers/androidx.test.core.app.InstrumentationActivityInvoker$EmptyActivity }, activity=androidx.test.core.app.InstrumentationActivityInvoker$EmptyActivity@d4fe8e3
02-05 17:40:58.357 15500 15500 D LifecycleMonitor: callback completes: androidx.test.core.app.ActivityScenario$1@15a9387
02-05 17:40:58.357  1163  1235 I SurfaceControl: nativeRelease nativeObject s[496871097024]
02-05 17:40:58.357  1163  1235 I SurfaceControl: nativeRelease nativeObject e[496871097024]
02-05 17:40:58.358   789  1272 I SurfaceFlinger: id=79901 createSurf (0x0),-1 flag=24004, Surface(name=dbf3b45 InputMethod)/@0xf70bba8 - animation-leash#0
02-05 17:40:58.359  3640  3640 I GoogleInputMethodService: GoogleInputMethodService.onFinishInput():3316
02-05 17:40:58.359 15500 15500 D LifecycleMonitor: Lifecycle status change: androidx.test.core.app.InstrumentationActivityInvoker$EmptyActivity@d4fe8e3 in: DESTROYED
02-05 17:40:58.359 15500 15500 D LifecycleMonitor: running callback: androidx.test.core.app.ActivityScenario$1@15a9387
02-05 17:40:58.359 15500 15500 V ActivityScenario: Activity lifecycle changed event received but ignored because the intent does not match. startActivityIntent=Intent { act=android.intent.action.MAIN cat=[android.intent.category.LAUNCHER] cmp=com.example.dogglers/.GridListActivity }, activity.getIntent()=Intent { act=android.intent.action.MAIN cat=[android.intent.category.LAUNCHER] flg=0x10000000 cmp=com.example.dogglers/androidx.test.core.app.InstrumentationActivityInvoker$EmptyActivity }, activity=androidx.test.core.app.InstrumentationActivityInvoker$EmptyActivity@d4fe8e3
02-05 17:40:58.359 15500 15500 D LifecycleMonitor: callback completes: androidx.test.core.app.ActivityScenario$1@15a9387
02-05 17:40:58.360 15500 15500 I ViewRootImpl@af7ed0c[InstrumentationActivityInvoker$EmptyActivity]: dispatchDetachedFromWindow
02-05 17:40:58.360  3640  3640 I GoogleInputMethodService: GoogleInputMethodService.updateDeviceLockedStatus():2181 checkRepeatedly = false, unlocked = true
02-05 17:40:58.360  3640  3640 D InputMethodService: checkDisplayOfStartInputAndUpdateKeyboard display Id 0last 0
02-05 17:40:58.360  1163  3935 D InputTransport: Input channel destroyed: 'b3e6fb6', fd=857
02-05 17:40:58.360  3640  3640 I GoogleInputMethodService: GoogleInputMethodService.onStartInput():1989
02-05 17:40:58.360  1163  3935 I SurfaceControl: nativeRelease nativeObject s[496871102976]
02-05 17:40:58.360  1163  3935 I SurfaceControl: nativeRelease nativeObject e[496871102976]
02-05 17:40:58.360  1163  3935 D WindowManager: isScreenshotDisabledLocked - win: Window{b3e6fb6 u0 com.example.dogglers/androidx.test.core.app.InstrumentationActivityInvoker$EmptyActivity}
02-05 17:40:58.360  1163  3935 D WindowManager: isScreenshotDisabledLocked: userId = 0, disabled =false
02-05 17:40:58.360  1163  3935 I SurfaceControl: nativeRelease nativeObject s[496871104320]
02-05 17:40:58.360  1163  3935 I SurfaceControl: nativeRelease nativeObject e[496871104320]
02-05 17:40:58.360   789  1272 I Layer   : id=79891 removeFromCurrentState com.example.dogglers/androidx.test.core.app.InstrumentationActivityInvoker$EmptyActivity$_15500#0 (198)
02-05 17:40:58.360  3640  3640 I GoogleInputMethodService: GoogleInputMethodService.updateDeviceLockedStatus():2181 checkRepeatedly = true, unlocked = true
02-05 17:40:58.361  1163  3935 W WindowManager: lockNow pending, ignore updating lockscreen timeout
02-05 17:40:58.362   789   835 I Layer   : id=79896 removeFromCurrentState Surface(name=dbf3b45 InputMethod)/@0xf70bba8 - animation-leash#1 (198)
02-05 17:40:58.362   789   835 I Layer   : id=79890 removeFromCurrentState b3e6fb6 com.example.dogglers/androidx.test.core.app.InstrumentationActivityInvoker$EmptyActivity#0 (198)
02-05 17:40:58.362 15500 15500 D InputTransport: Input channel destroyed: 'b3e6fb6', fd=99
02-05 17:40:58.363  1163  2104 I SurfaceControl: nativeRelease nativeObject s[499038066656]
02-05 17:40:58.363  1163  2104 I SurfaceControl: nativeRelease nativeObject e[499038066656]
02-05 17:40:58.363   789  2265 I SurfaceFlinger: id=79890 Removed b3e6fb6 com.example.dogglers/androidx.test.core.app.InstrumentationActivityInvoker$EmptyActivity#0 (198)
02-05 17:40:58.363   789  1272 I SurfaceFlinger: id=79891 Removed com.example.dogglers/androidx.test.core.app.InstrumentationActivityInvoker$EmptyActivity$_15500#0 (198)
02-05 17:40:58.364   789   789 I Layer   : id=79890[1] Destroyed b3e6fb6 com.example.dogglers/androidx.test.core.app.InstrumentationActivityInvoker$EmptyActivity#0
02-05 17:40:58.364   789   789 I Layer   : id=79891[1] Destroyed com.example.dogglers/androidx.test.core.app.InstrumentationActivityInvoker$EmptyActivity$_15500#0
02-05 17:40:58.365  1163  3935 I InputDispatcher: Focus left window (15500): 9b8a4a  in display 0 0
02-05 17:40:58.368 15500 15500 D LifecycleMonitor: Lifecycle status change: androidx.test.core.app.InstrumentationActivityInvoker$EmptyActivity@5ecd1a4 in: PAUSED
02-05 17:40:58.368 15500 15500 D LifecycleMonitor: running callback: androidx.test.core.app.ActivityScenario$1@15a9387
02-05 17:40:58.368 15500 15500 V ActivityScenario: Activity lifecycle changed event received but ignored because the intent does not match. startActivityIntent=Intent { act=android.intent.action.MAIN cat=[android.intent.category.LAUNCHER] cmp=com.example.dogglers/.GridListActivity }, activity.getIntent()=Intent { act=android.intent.action.MAIN cat=[android.intent.category.LAUNCHER] flg=0x10000000 cmp=com.example.dogglers/androidx.test.core.app.InstrumentationActivityInvoker$EmptyActivity }, activity=androidx.test.core.app.InstrumentationActivityInvoker$EmptyActivity@5ecd1a4
02-05 17:40:58.368 15500 15500 D LifecycleMonitor: callback completes: androidx.test.core.app.ActivityScenario$1@15a9387
02-05 17:40:58.368   789  1272 I Layer   : id=79885 removeFromCurrentState ActivityRecord{62aa33a u0 com.example.dogglers/androidx.test.core.app.InstrumentationActivityInvoker$EmptyActivity t12734}#0 (196)
02-05 17:40:58.368   789  1272 I SurfaceFlinger: id=79885 Removed ActivityRecord{62aa33a u0 com.example.dogglers/androidx.test.core.app.InstrumentationActivityInvoker$EmptyActivity t12734}#0 (196)
02-05 17:40:58.370  1163  2104 I SemDvfsHyPerManager: acquire hyper - AMS_APP_HOME/1163@35, type = -999
02-05 17:40:58.370   726   817 I HYPER-HAL: [RequestManager.cpp]acquire(): Acquired ID : 718236  [1163 / 35]    HINT : AMS_APP_HOME    list :
02-05 17:40:58.370   726   817 I HYPER-HAL: [ResourceManager.cpp]updateResource(): [CPUMinFreq] UpdateResource Request ID : 718236    Value : 2623359
02-05 17:40:58.370  4183  4183 I SemDvfsHyPerManager: acquire hyper - com.sec.android.sdhms/4183@9, type = -999
02-05 17:40:58.371   726   817 I HYPER-HAL: [RequestManager.cpp]acquire(): Acquired ID : 8788537  [4183 / 9]    HINT : APP_START    list :
02-05 17:40:58.371   726   817 I HYPER-HAL: [ResourceManager.cpp]updateResource(): [CPUMaxFreq] UpdateResource Request ID : 8788537    Value : 2730000
02-05 17:40:58.371  1163  2104 V WindowOrientationListener: getProposedRotation: 0
02-05 17:40:58.374  1163  2104 W WindowManager: lockNow pending, ignore updating lockscreen timeout
02-05 17:40:58.375  1163  3944 D SamsungIMMSHWKeyboard: isConnectedDexOnPC false
02-05 17:40:58.375 15500 15500 I SurfaceControl: nativeRelease nativeObject s[499196691712]
02-05 17:40:58.375 15500 15500 I SurfaceControl: nativeRelease nativeObject e[499196691712]
02-05 17:40:58.375 15500 15500 I SurfaceControl: nativeRelease nativeObject s[499196691328]
02-05 17:40:58.375 15500 15500 I SurfaceControl: nativeRelease nativeObject e[499196691328]
02-05 17:40:58.375 15500 15500 I ViewRootImpl@632ab09[InstrumentationActivityInvoker$EmptyActivity]: MSG_WINDOW_FOCUS_CHANGED 0 1
02-05 17:40:58.376  1163  3944 D InputMethodManagerService: isImeSwitcherDisabledPackage : false
02-05 17:40:58.376 15500 15559 E TestRunner: failed: grid_list_content_at_first_position(com.example.dogglers.GridListTests)
02-05 17:40:58.377 15500 15559 E TestRunner: ----- begin exception -----
02-05 17:40:58.378 15500 15559 E TestRunner: androidx.test.espresso.NoMatchingViewException: No views in hierarchy found matching: with text: is "Tzeitel"
02-05 17:40:58.378 15500 15559 E TestRunner:
02-05 17:40:58.378 15500 15559 E TestRunner: View Hierarchy:
02-05 17:40:58.378 15500 15559 E TestRunner: +>DecorView{id=-1, visibility=VISIBLE, width=1080, height=2400, has-focus=false, has-focusable=true, has-window-focus=true, is-clickable=false, is-enabled=true, is-focused=false, is-focusable=false, is-layout-requested=false, is-selected=false, layout-params={(0,0)(fillxfill) ty=BASE_APPLICATION wanim=0x1030304
02-05 17:40:58.378 15500 15559 E TestRunner:   fl=81810100
02-05 17:40:58.378 15500 15559 E TestRunner:   pfl=10020000
02-05 17:40:58.378 15500 15559 E TestRunner:   fitSides= naviIconColor=0}, tag=null, root-is-layout-requested=false, has-input-connection=false, x=0.0, y=0.0, child-count=3}
02-05 17:40:58.378 15500 15559 E TestRunner: |
02-05 17:40:58.378 15500 15559 E TestRunner: +->LinearLayout{id=-1, visibility=VISIBLE, width=1080, height=2256, has-focus=false, has-focusable=true, has-window-focus=true, is-clickable=false, is-enabled=true, is-focused=false, is-focusable=false, is-layout-requested=false, is-selected=false, layout-params=android.widget.FrameLayout$LayoutParams@98eaefe, tag=null, root-is-layout-requested=false, has-input-connection=false, x=0.0, y=0.0, child-count=2}
02-05 17:40:58.378 15500 15559 E TestRunner: |
02-05 17:40:58.378 15500 15559 E TestRunner: +-->ViewStub{id=16908721, res-name=action_mode_bar_stub, visibility=GONE, width=0, height=0, has-focus=false, has-focusable=false, has-window-focus=true, is-clickable=false, is-enabled=true, is-focused=false, is-focusable=false, is-layout-requested=true, is-selected=false, layout-params=android.widget.LinearLayout$LayoutParams@186165f, tag=null, root-is-layout-requested=false, has-input-connection=false, x=0.0, y=0.0}
02-05 17:40:58.378 15500 15559 E TestRunner: |
02-05 17:40:58.378 15500 15559 E TestRunner: +-->FrameLayout{id=-1, visibility=VISIBLE, width=1080, height=2168, has-focus=false, has-focusable=true, has-window-focus=true, is-clickable=false, is-enabled=true, is-focused=false, is-focusable=false, is-layout-requested=false, is-selected=false, layout-params=android.widget.LinearLayout$LayoutParams@36e6975, tag=null, root-is-layout-requested=false, has-input-connection=false, x=0.0, y=88.0, child-count=1}
02-05 17:40:58.378 15500 15559 E TestRunner: |
02-05 17:40:58.378 15500 15559 E TestRunner: +--->ActionBarOverlayLayout{id=2131230845, res-name=decor_content_parent, visibility=VISIBLE, width=1080, height=2168, has-focus=false, has-focusable=true, has-window-focus=true, is-clickable=false, is-enabled=true, is-focused=false, is-focusable=false, is-layout-requested=false, is-selected=false, layout-params=android.widget.FrameLayout$LayoutParams@7a7a398, tag=null, root-is-layout-requested=false, has-input-connection=false, x=0.0, y=0.0, child-count=2}
02-05 17:40:58.378 15500 15559 E TestRunner: |
02-05 17:40:58.378 15500 15559 E TestRunner: +---->ContentFrameLayout{id=16908290, res-name=content, visibility=VISIBLE, width=1080, height=2000, has-focus=false, has-focusable=true, has-window-focus=true, is-clickable=false, is-enabled=true, is-focused=false, is-focusable=false, is-layout-requested=false, is-selected=false, layout-params=androidx.appcompat.widget.ActionBarOverlayLayout$LayoutParams@6379fd6, tag=null, root-is-layout-requested=false, has-input-connection=false, x=0.0, y=168.0, child-count=1}
02-05 17:40:58.378 15500 15559 E TestRunner: |
02-05 17:40:58.378 15500 15559 E TestRunner: +----->FrameLayout{id=-1, visibility=VISIBLE, width=1080, height=2000, has-focus=false, has-focusable=true, has-window-focus=true, is-clickable=false, is-enabled=true, is-focused=false, is-focusable=false, is-layout-requested=false, is-selected=false, layout-params=android.widget.FrameLayout$LayoutParams@83f6144, tag=null, root-is-layout-requested=false, has-input-connection=false, x=0.0, y=0.0, child-count=1}
02-05 17:40:58.378 15500 15559 E TestRunner: |
02-05 17:40:58.378 15500 15559 E TestRunner: +------>RecyclerView{id=2131230898, res-name=grid_recycler_view, visibility=VISIBLE, width=1080, height=2000, has-focus=false, has-focusable=true, has-window-focus=true, is-clickable=false, is-enabled=true, is-focused=false, is-focusable=true, is-layout-requested=false, is-selected=false, layout-params=android.widget.FrameLayout$LayoutParams@137522d, tag=null, root-is-layout-requested=false, has-input-connection=false, x=0.0, y=0.0, child-count=0}
02-05 17:40:58.378 15500 15559 E TestRunner: |
02-05 17:40:58.378 15500 15559 E TestRunner: +---->ActionBarContainer{id=2131230771, res-name=action_bar_container, visibility=VISIBLE, width=1080, height=168, has-focus=false, has-focusable=false, has-window-focus=true, is-clickable=false, is-enabled=true, is-focused=false, is-focusable=false, is-layout-requested=false, is-selected=false, layout-params=androidx.appcompat.widget.ActionBarOverlayLayout$LayoutParams@3734db0, tag=null, root-is-layout-requested=false, has-input-connection=false, x=0.0, y=0.0, child-count=2}
02-05 17:40:58.378 15500 15559 E TestRunner: |
02-05 17:40:58.378 15500 15559 E TestRunner: +----->Toolbar{id=2131230769, res-name=action_bar, visibility=VISIBLE, width=1080, height=168, has-focus=false, has-focusable=false, has-window-focus=true, is-clickable=false, is-enabled=true, is-focused=false, is-focusable=false, is-layout-requested=false, is-selected=false, layout-params=android.widget.FrameLayout$LayoutParams@6b794dc, tag=null, root-is-layout-requested=false, has-input-connection=false, x=0.0, y=0.0, child-count=3}
02-05 17:40:58.378 15500 15559 E TestRunner: |
02-05 17:40:58.378 15500 15559 E TestRunner: +------>AppCompatTextView{id=-1, visibility=VISIBLE, width=240, height=81, has-focus=false, has-focusable=false, has-window-focus=true, is-clickable=false, is-enabled=true, is-focused=false, is-focusable=false, is-layout-requested=false, is-selected=false, layout-params=androidx.appcompat.widget.Toolbar$LayoutParams@9ad99e5, tag=null, root-is-layout-requested=false, has-input-connection=false, x=216.0, y=43.0, text=Dogglers, input-type=0, ime-target=false, has-links=false}
02-05 17:40:58.378 15500 15559 E TestRunner: |
02-05 17:40:58.378 15500 15559 E TestRunner: +------>AppCompatImageButton{id=-1, desc=Navegar para cima, visibility=VISIBLE, width=168, height=168, has-focus=false, has-focusable=false, has-window-focus=true, is-clickable=true, is-enabled=true, is-focused=false, is-focusable=true, is-layout-requested=false, is-selected=false, layout-params=androidx.appcompat.widget.Toolbar$LayoutParams@fec7cba, tag=null, root-is-layout-requested=false, has-input-connection=false, x=0.0, y=0.0}
02-05 17:40:58.378 15500 15559 E TestRunner: |
02-05 17:40:58.378 15500 15559 E TestRunner: +------>ActionMenuView{id=-1, visibility=VISIBLE, width=0, height=168, has-focus=false, has-focusable=false, has-window-focus=true, is-clickable=false, is-enabled=true, is-focused=false, is-focusable=false, is-layout-requested=false, is-selected=false, layout-params=androidx.appcompat.widget.Toolbar$LayoutParams@78df76b, tag=null, root-is-layout-requested=false, has-input-connection=false, x=1080.0, y=0.0, child-count=0}
02-05 17:40:58.378 15500 15559 E TestRunner: |
02-05 17:40:58.378 15500 15559 E TestRunner: +----->ActionBarContextView{id=2131230777, res-name=action_context_bar, visibility=GONE, width=0, height=0, has-focus=false, has-focusable=false, has-window-focus=true, is-clickable=false, is-enabled=true, is-focused=false, is-focusable=false, is-layout-requested=true, is-selected=false, layout-params=android.widget.FrameLayout$LayoutParams@9722c8, tag=null, root-is-layout-requested=false, has-input-connection=false, x=0.0, y=0.0, child-count=0}
02-05 17:40:58.378 15500 15559 E TestRunner: |
02-05 17:40:58.378 15500 15559 E TestRunner: +->View{id=16908336, res-name=navigationBarBackground, visibility=VISIBLE, width=1080, height=144, has-focus=false, has-focusable=false, has-window-focus=true, is-clickable=false, is-enabled=true, is-focused=false, is-focusable=false, is-layout-requested=false, is-selected=false, layout-params=android.widget.FrameLayout$LayoutParams@ba2ef61, tag=null, root-is-layout-requested=false, has-input-connection=false, x=0.0, y=2256.0}
02-05 17:40:58.378 15500 15559 E TestRunner: |
02-05 17:40:58.378 15500 15559 E TestRunner: +->View{id=16908335, res-name=statusBarBackground, visibility=VISIBLE, width=1080, height=88, has-focus=false, has-focusable=false, has-window-focus=true, is-clickable=false, is-enabled=true, is-focused=false, is-focusable=false, is-layout-requested=false, is-selected=false, layout-params=android.widget.FrameLayout$LayoutParams@f55aa86, tag=null, root-is-layout-requested=false, has-input-connection=false, x=0.0, y=0.0}
02-05 17:40:58.378 15500 15559 E TestRunner: |
02-05 17:40:58.378 15500 15559 E TestRunner: 	at dalvik.system.VMStack.getThreadStackTrace(Native Method)
02-05 17:40:58.378 15500 15559 E TestRunner: 	at java.lang.Thread.getStackTrace(Thread.java:1736)
02-05 17:40:58.378 15500 15559 E TestRunner: 	at androidx.test.espresso.base.DefaultFailureHandler.getUserFriendlyError(DefaultFailureHandler.java:16)
02-05 17:40:58.378 15500 15559 E TestRunner: 	at androidx.test.espresso.base.DefaultFailureHandler.handle(DefaultFailureHandler.java:36)
02-05 17:40:58.378 15500 15559 E TestRunner: 	at androidx.test.espresso.ViewInteraction.waitForAndHandleInteractionResults(ViewInteraction.java:106)
02-05 17:40:58.378 15500 15559 E TestRunner: 	at androidx.test.espresso.ViewInteraction.check(ViewInteraction.java:31)
02-05 17:40:58.378 15500 15559 E TestRunner: 	at com.example.dogglers.BaseTest.hasListItemContent(BaseTest.kt:57)
02-05 17:40:58.378 15500 15559 E TestRunner: 	at com.example.dogglers.BaseTest.checkFirstPosition(BaseTest.kt:70)
02-05 17:40:58.378 15500 15559 E TestRunner: 	at com.example.dogglers.GridListTests.grid_list_content_at_first_position(GridListTests.kt:42)
02-05 17:40:58.378 15500 15559 E TestRunner: 	at java.lang.reflect.Method.invoke(Native Method)
02-05 17:40:58.378 15500 15559 E TestRunner: 	at org.junit.runners.model.FrameworkMethod$1.runReflectiveCall(FrameworkMethod.java:50)
02-05 17:40:58.378 15500 15559 E TestRunner: 	at org.junit.internal.runners.model.ReflectiveCallable.run(ReflectiveCallable.java:12)
02-05 17:40:58.378 15500 15559 E TestRunner: 	at org.junit.runners.model.FrameworkMethod.invokeExplosively(FrameworkMethod.java:47)
02-05 17:40:58.378 15500 15559 E TestRunner: 	at org.junit.internal.runners.statements.InvokeMethod.evaluate(InvokeMethod.java:17)
02-05 17:40:58.378 15500 15559 E TestRunner: 	at org.junit.rules.ExternalResource$1.evaluate(ExternalResource.java:48)
02-05 17:40:58.378 15500 15559 E TestRunner: 	at org.junit.rules.RunRules.evaluate(RunRules.java:20)
02-05 17:40:58.378 15500 15559 E TestRunner: 	at org.junit.runners.ParentRunner.runLeaf(ParentRunner.java:325)
02-05 17:40:58.378 15500 15559 E TestRunner: 	at org.junit.runners.BlockJUnit4ClassRunner.runChild(BlockJUnit4ClassRunner.java:78)
02-05 17:40:58.378 15500 15559 E TestRunner: 	at org.junit.runners.BlockJUnit4ClassRunner.runChild(BlockJUnit4ClassRunner.java:57)
02-05 17:40:58.378 15500 15559 E TestRunner: 	at org.junit.runners.ParentRunner$3.run(ParentRunner.java:290)
02-05 17:40:58.378 15500 15559 E TestRunner: 	at org.junit.runners.ParentRunner$1.schedule(ParentRunner.java:71)
02-05 17:40:58.378 15500 15559 E TestRunner: 	at org.junit.runners.ParentRunner.runChildren(ParentRunner.java:288)
02-05 17:40:58.378 15500 15559 E TestRunner: 	at org.junit.runners.ParentRunner.access$000(ParentRunner.java:58)
02-05 17:40:58.378 15500 15559 E TestRunner: 	at org.junit.runners.ParentRunner$2.evaluate(ParentRunner.java:268)
02-05 17:40:58.378 15500 15559 E TestRunner: 	at org.junit.runners.ParentRunner.run(ParentRunner.java:363)
02-05 17:40:58.378 15500 15559 E TestRunner: 	at androidx.test.ext.junit.runners.AndroidJUnit4.run(AndroidJUnit4.java:154)
02-05 17:40:58.378 15500 15559 E TestRunner: 	at org.junit.runners.Suite.runChild(Suite.java:128)
02-05 17:40:58.378 15500 15559 E TestRunner: 	at org.junit.runners.Suite.runChild(Suite.java:27)
02-05 17:40:58.378 15500 15559 E TestRunner: 	at org.junit.runners.ParentRunner$3.run(ParentRunner.java:290)
02-05 17:40:58.378 15500 15559 E TestRunner: 	at org.junit.runners.ParentRunner$1.schedule(ParentRunner.java:71)
02-05 17:40:58.378 15500 15559 E TestRunner: 	at org.junit.runners.ParentRunner.runChildren(ParentRunner.java:288)
02-05 17:40:58.378 15500 15559 E TestRunner: 	at org.junit.runners.ParentRunner.access$000(ParentRunner.java:58)
02-05 17:40:58.378 15500 15559 E TestRunner: 	at org.junit.runners.ParentRunner$2.evaluate(ParentRunner.java:268)
02-05 17:40:58.378 15500 15559 E TestRunner: 	at org.junit.runners.ParentRunner.run(ParentRunner.java:363)
02-05 17:40:58.378 15500 15559 E TestRunner: 	at org.junit.runner.JUnitCore.run(JUnitCore.java:137)
02-05 17:40:58.378 15500 15559 E TestRunner: 	at org.junit.runner.JUnitCore.run(JUnitCore.java:115)
02-05 17:40:58.378 15500 15559 E TestRunner: 	at androidx.test.internal.runner.TestExecutor.execute(TestExecutor.java:56)
02-05 17:40:58.378 15500 15559 E TestRunner: 	at androidx.test.runner.AndroidJUnitRunner.onStart(AndroidJUnitRunner.java:395)
02-05 17:40:58.378 15500 15559 E TestRunner: 	at android.app.Instrumentation$InstrumentationThread.run(Instrumentation.java:2218)
02-05 17:40:58.378 15500 15559 E TestRunner: ----- end exception -----
02-05 17:40:58.380  1163  3944 V WindowManager: Relayout Window{6030dc2 u0 com.sec.android.app.launcher/com.sec.android.app.launcher.activities.LauncherActivity}: viewVisibility=4 req=1080x2400
02-05 17:40:58.381   789   789 I Layer   : id=79885[1] Destroyed ActivityRecord{62aa33a u0 com.example.dogglers/androidx.test.core.app.InstrumentationActivityInvoker$EmptyActivity t12734}#0
02-05 17:40:58.381  1163  3944 W WindowManager: lockNow pending, ignore updating lockscreen timeout
02-05 17:40:58.382 15500 15559 I TestRunner: finished: grid_list_content_at_first_position(com.example.dogglers.GridListTests)
