02-05 17:40:57.488  1163  3944 W WindowManager: lockNow pending, ignore updating lockscreen timeout
02-05 17:40:57.488   789  1272 I Layer   : id=79845 removeFromCurrentState Surface(name=8c655e2 StatusBar)/@0x44a9b07 - animation-leash#0 (211)
02-05 17:40:57.489   789  1272 I Layer   : id=79846 removeFromCurrentState Surface(name=b29f82b NavigationBar0)/@0x8634759 - animation-leash#1 (211)
02-05 17:40:57.490  1163  1240 I SurfaceControl: nativeRelease nativeObject s[496871094144]
02-05 17:40:57.490  1163  1240 I SurfaceControl: nativeRelease nativeObject e[496871094144]
02-05 17:40:57.490  1163  1240 I SurfaceControl: nativeRelease nativeObject s[496871104320]
02-05 17:40:57.490  1163  1240 I SurfaceControl: nativeRelease nativeObject e[496871104320]
02-05 17:40:57.490   789  1273 I Layer   : id=79837 removeFromCurrentState Splash Screen com.example.dogglers#0 (211)
02-05 17:40:57.490  1163  1240 I SurfaceControl: nativeRelease nativeObject s[496860775296]
02-05 17:40:57.490  1163  1240 I SurfaceControl: nativeRelease nativeObject e[496860775296]
02-05 17:40:57.491  1163  1240 I SurfaceControl: nativeRelease nativeObject s[499039087520]
02-05 17:40:57.491  1163  1240 I SurfaceControl: nativeRelease nativeObject e[499039087520]
02-05 17:40:57.492   789  1273 I SurfaceFlinger: id=79852 createSurf (0x0),-1 flag=24000, Surface(name=8c655e2 StatusBar)/@0x44a9b07 - animation-leash#0
02-05 17:40:57.492  1163  1240 I SurfaceControl: nativeRelease nativeObject s[499039087616]
02-05 17:40:57.492  1163  1240 I SurfaceControl: nativeRelease nativeObject e[499039087616]
02-05 17:40:57.492   789  1272 I SurfaceFlinger: id=79853 createSurf (0x0),-1 flag=24000, Surface(name=b29f82b NavigationBar0)/@0x8634759 - animation-leash#1
02-05 17:40:57.493  1163  1240 W WindowManager: lockNow pending, ignore updating lockscreen timeout
02-05 17:40:57.493   789  1272 I Layer   : id=79836 removeFromCurrentState 1f6425e Splash Screen com.example.dogglers#0 (213)
02-05 17:40:57.493   789  1272 I Layer   : id=79847 removeFromCurrentState Surface(name=1f6425e Splash Screen com.example.dogglers)/@0x1a58d59 - animation-leash#0 (213)
02-05 17:40:57.493   789  1272 I Layer   : id=79850 removeFromCurrentState Surface(name=8c655e2 StatusBar)/@0x44a9b07 - animation-leash#1 (213)
02-05 17:40:57.493   789  1272 I Layer   : id=79851 removeFromCurrentState Surface(name=b29f82b NavigationBar0)/@0x8634759 - animation-leash#0 (213)
02-05 17:40:57.493   789  1272 I SurfaceFlinger: id=79836 Removed 1f6425e Splash Screen com.example.dogglers#0 (213)
02-05 17:40:57.493   789  1272 I SurfaceFlinger: id=79847 Removed Surface(name=1f6425e Splash Screen com.example.dogglers)/@0x1a58d59 - animation-leash#0 (213)
02-05 17:40:57.493   789   834 I SurfaceFlinger: id=79837 Removed Splash Screen com.example.dogglers#0 (213)
02-05 17:40:57.494 15500 15500 D LifecycleMonitor: Lifecycle status change: androidx.test.core.app.InstrumentationActivityInvoker$EmptyActivity@48d329f in: PRE_ON_CREATE
02-05 17:40:57.494 15500 15500 D LifecycleMonitor: running callback: androidx.test.core.app.ActivityScenario$1@7fa8c32
02-05 17:40:57.494 15500 15500 V ActivityScenario: Activity lifecycle changed event received but ignored because the intent does not match. startActivityIntent=Intent { act=android.intent.action.MAIN cat=[android.intent.category.LAUNCHER] cmp=com.example.dogglers/.GridListActivity }, activity.getIntent()=Intent { act=android.intent.action.MAIN cat=[android.intent.category.LAUNCHER] flg=0x10000000 cmp=com.example.dogglers/androidx.test.core.app.InstrumentationActivityInvoker$EmptyActivity }, activity=androidx.test.core.app.InstrumentationActivityInvoker$EmptyActivity@48d329f
02-05 17:40:57.494 15500 15500 D LifecycleMonitor: callback completes: androidx.test.core.app.ActivityScenario$1@7fa8c32
02-05 17:40:57.497 15500 15500 I DecorView: [INFO] isPopOver=false, config=true
02-05 17:40:57.497 15500 15500 I DecorView: updateCaptionType >> DecorView@8d77fb5[], isFloating=false, isApplication=true, hasWindowDecorCaption=false, hasWindowControllerCallback=true
02-05 17:40:57.497 15500 15500 D DecorView: setCaptionType = 0, this = DecorView@8d77fb5[]
02-05 17:40:57.499 15500 15500 D LifecycleMonitor: Lifecycle status change: androidx.test.core.app.InstrumentationActivityInvoker$EmptyActivity@48d329f in: CREATED
02-05 17:40:57.499 15500 15500 D LifecycleMonitor: running callback: androidx.test.core.app.ActivityScenario$1@7fa8c32
02-05 17:40:57.499 15500 15500 V ActivityScenario: Activity lifecycle changed event received but ignored because the intent does not match. startActivityIntent=Intent { act=android.intent.action.MAIN cat=[android.intent.category.LAUNCHER] cmp=com.example.dogglers/.GridListActivity }, activity.getIntent()=Intent { act=android.intent.action.MAIN cat=[android.intent.category.LAUNCHER] flg=0x10000000 cmp=com.example.dogglers/androidx.test.core.app.InstrumentationActivityInvoker$EmptyActivity }, activity=androidx.test.core.app.InstrumentationActivityInvoker$EmptyActivity@48d329f
02-05 17:40:57.499 15500 15500 D LifecycleMonitor: callback completes: androidx.test.core.app.ActivityScenario$1@7fa8c32
02-05 17:40:57.500 15500 15500 D LifecycleMonitor: Lifecycle status change: androidx.test.core.app.InstrumentationActivityInvoker$EmptyActivity@48d329f in: STARTED
02-05 17:40:57.500 15500 15500 D LifecycleMonitor: running callback: androidx.test.core.app.ActivityScenario$1@7fa8c32
02-05 17:40:57.500 15500 15500 V ActivityScenario: Activity lifecycle changed event received but ignored because the intent does not match. startActivityIntent=Intent { act=android.intent.action.MAIN cat=[android.intent.category.LAUNCHER] cmp=com.example.dogglers/.GridListActivity }, activity.getIntent()=Intent { act=android.intent.action.MAIN cat=[android.intent.category.LAUNCHER] flg=0x10000000 cmp=com.example.dogglers/androidx.test.core.app.InstrumentationActivityInvoker$EmptyActivity }, activity=androidx.test.core.app.InstrumentationActivityInvoker$EmptyActivity@48d329f
02-05 17:40:57.500 15500 15500 D LifecycleMonitor: callback completes: androidx.test.core.app.ActivityScenario$1@7fa8c32
02-05 17:40:57.500   789   789 I Layer   : id=79847[1] Destroyed Surface(name=1f6425e Splash Screen com.example.dogglers)/@0x1a58d59 - animation-leash#0
02-05 17:40:57.500   789   789 I Layer   : id=79836[1] Destroyed 1f6425e Splash Screen com.example.dogglers#0
02-05 17:40:57.500  1680  1680 D SecStatusBarMobileView: setStaticDrawableColor:
02-05 17:40:57.502   789   789 I Layer   : id=79837[1] Destroyed Splash Screen com.example.dogglers#0
02-05 17:40:57.503 15500 15500 D LifecycleMonitor: Lifecycle status change: androidx.test.core.app.InstrumentationActivityInvoker$EmptyActivity@48d329f in: RESUMED
02-05 17:40:57.504 15500 15500 D LifecycleMonitor: running callback: androidx.test.core.app.ActivityScenario$1@7fa8c32
02-05 17:40:57.504 15500 15500 V ActivityScenario: Activity lifecycle changed event received but ignored because the intent does not match. startActivityIntent=Intent { act=android.intent.action.MAIN cat=[android.intent.category.LAUNCHER] cmp=com.example.dogglers/.GridListActivity }, activity.getIntent()=Intent { act=android.intent.action.MAIN cat=[android.intent.category.LAUNCHER] flg=0x10000000 cmp=com.example.dogglers/androidx.test.core.app.InstrumentationActivityInvoker$EmptyActivity }, activity=androidx.test.core.app.InstrumentationActivityInvoker$EmptyActivity@48d329f
02-05 17:40:57.504 15500 15500 D LifecycleMonitor: callback completes: androidx.test.core.app.ActivityScenario$1@7fa8c32
02-05 17:40:57.505   789   789 D SurfaceFlinger: Display 21442653864348033 HWC layers:
02-05 17:40:57.505   789   789 D SurfaceFlinger:      DEVICE | 0x7428c3fd40 | 0002 | RGBx_8888    |  180.0    0.0 1260.0 2400.0 |    0    0 1080 2400 | com.android.systemui.ImageWallpaper$_1680#0
02-05 17:40:57.505   789   789 D SurfaceFlinger:      DEVICE | 0x7428c3db80 | 0000 | RGBA_8888    |    0.0    0.0 1080.0 2400.0 |    0    0 1080 2400 | com.sec.android.app.launcher/com.sec[...].activities.LauncherActivity$_2003#0
02-05 17:40:57.505   789   789 D SurfaceFlinger:      DEVICE | 0x74081908c0 | 0002 | RGBA_8888    |    0.0    0.0 1080.0 2400.0 |   19   43 1061 2357 | com.example.dogglers/com.example.dogglers.GridListActivity$_15500#0
02-05 17:40:57.505   789   789 D SurfaceFlinger:      DEVICE | 0x7428c3e6c0 | 0000 | RGBA_8888    |    0.0    0.0 1080.0   88.0 |    0    0 1080   88 | StatusBar$_1680#0
02-05 17:40:57.505   789   789 D SurfaceFlinger:      DEVICE | 0x7428c3f200 | 0000 | RGBA_8888    |    0.0    0.0 1080.0  144.0 |    0 2256 1080 2400 | NavigationBar0$_1680#0
02-05 17:40:57.505   789   789 D SurfaceFlinger:      DEVICE | 0x7408191180 | 0000 | RGBA_8888    |    0.0    0.0 1080.0  125.0 |    0    0 1080  125 | ScreenDecorOverlay$_1680#0
02-05 17:40:57.505   789   789 D SurfaceFlinger:      DEVICE | 0x7428c3f480 | 0000 | RGBA_8888    |    0.0    0.0 1080.0  112.0 |    0 2288 1080 2400 | Screen
02-05 17:40:57.505   789   789 D SurfaceFlinger: DecorOverlayBottom$_1680#0
02-05 17:40:57.505   789   789 D SurfaceFlinger:
02-05 17:40:57.507  1163  3938 D InputTransport: Input channel constructed: '6692b90', fd=857
02-05 17:40:57.507  1163  3938 D InputTransport: Input channel constructed: '6692b90', fd=860
02-05 17:40:57.507   789  1273 I SurfaceFlinger: id=79854 createSurf (0x0),-1 flag=80004, 6692b90 com.example.dogglers/androidx.test.core.app.InstrumentationActivityInvoker$EmptyActivity#0
02-05 17:40:57.507  1163  3938 D WindowManager: isScreenshotDisabledLocked - win: Window{6692b90 u0 com.example.dogglers/androidx.test.core.app.InstrumentationActivityInvoker$EmptyActivity}
02-05 17:40:57.507  1163  3938 D WindowManager: isScreenshotDisabledLocked: userId = 0, disabled =false
02-05 17:40:57.507  1163  3938 D InputTransport: Input channel destroyed: '6692b90', fd=860
02-05 17:40:57.508 15500 15500 D InputTransport: Input channel constructed: '6692b90', fd=98
02-05 17:40:57.508 15500 15500 I ViewRootImpl@48b5ed8[InstrumentationActivityInvoker$EmptyActivity]: setView = com.android.internal.policy.DecorView@8d77fb5 TM=true
02-05 17:40:57.509 15500 15500 I SurfaceControl: nativeRelease nativeObject s[499196693824]
02-05 17:40:57.509 15500 15500 I SurfaceControl: nativeRelease nativeObject e[499196693824]
02-05 17:40:57.509 15500 15500 I SurfaceControl: nativeRelease nativeObject s[499196693344]
02-05 17:40:57.509 15500 15500 I SurfaceControl: nativeRelease nativeObject e[499196693344]
02-05 17:40:57.509 15500 15500 I SurfaceControl: nativeRelease nativeObject s[499196693248]
02-05 17:40:57.509 15500 15500 I SurfaceControl: nativeRelease nativeObject e[499196693248]
02-05 17:40:57.509   789  1273 I SurfaceFlinger: id=79846 Removed Surface(name=b29f82b NavigationBar0)/@0x8634759 - animation-leash#1 (211)
02-05 17:40:57.509   789   834 I SurfaceFlinger: id=79845 Removed Surface(name=8c655e2 StatusBar)/@0x44a9b07 - animation-leash#0 (211)
02-05 17:40:57.509 15500 15500 I SurfaceControl: nativeRelease nativeObject s[497477718496]
02-05 17:40:57.509 15500 15500 I SurfaceControl: nativeRelease nativeObject e[497477718496]
02-05 17:40:57.517   789   789 I Layer   : id=79846[1] Destroyed Surface(name=b29f82b NavigationBar0)/@0x8634759 - animation-leash#1
02-05 17:40:57.517   789   789 I Layer   : id=79845[1] Destroyed Surface(name=8c655e2 StatusBar)/@0x44a9b07 - animation-leash#0
02-05 17:40:57.518  1163  3944 I InputDispatcher: Focus left window (15500): dda7064 in display 0 0
02-05 17:40:57.519  1163  3944 V WindowManager: Relayout Window{6692b90 u0 com.example.dogglers/androidx.test.core.app.InstrumentationActivityInvoker$EmptyActivity}: viewVisibility=0 req=1080x2400
02-05 17:40:57.520  1163  3944 W WindowManager: lockNow pending, ignore updating lockscreen timeout
02-05 17:40:57.520  1163  3944 D WindowManager: isScreenshotDisabledLocked - win: Window{6692b90 u0 com.example.dogglers/androidx.test.core.app.InstrumentationActivityInvoker$EmptyActivity}
02-05 17:40:57.520  1163  3944 D WindowManager: isScreenshotDisabledLocked: userId = 0, disabled =false
02-05 17:40:57.520   789   835 I SurfaceFlinger: id=79855 createSurf (1080x2400),1 flag=404, com.example.dogglers/androidx.test.core.app.InstrumentationActivityInvoker$EmptyActivity$_15500#0
02-05 17:40:57.522  1163  3944 I SurfaceControl: nativeRelease nativeObject s[496861208224]
02-05 17:40:57.522  1163  3944 I SurfaceControl: nativeRelease nativeObject e[496861208224]
02-05 17:40:57.522   789   835 I SurfaceFlinger: id=79856 createSurf (0x0),-1 flag=24000, Surface(name=8c655e2 StatusBar)/@0x44a9b07 - animation-leash#1
02-05 17:40:57.522  1163  3944 I SurfaceControl: nativeRelease nativeObject s[496861206112]
02-05 17:40:57.522  1163  3944 I SurfaceControl: nativeRelease nativeObject e[496861206112]
02-05 17:40:57.522   789   834 I SurfaceFlinger: id=79857 createSurf (0x0),-1 flag=24000, Surface(name=b29f82b NavigationBar0)/@0x8634759 - animation-leash#0
02-05 17:40:57.523  1163  3944 V WindowManager: Relayout hash=6692b90, pid=15500: mAttrs={(0,0)(fillxfill) sim={adjust=pan forwardNavigation} ty=BASE_APPLICATION wanim=0x1030001
02-05 17:40:57.523  1163  3944 V WindowManager:   fl=1810100
02-05 17:40:57.523  1163  3944 V WindowManager:   pfl=12020000
02-05 17:40:57.523  1163  3944 V WindowManager:   fitSides= naviIconColor=0}
02-05 17:40:57.523  1163  3944 I SurfaceControl: nativeRelease nativeObject s[496861209568]
02-05 17:40:57.523  1163  3944 I SurfaceControl: nativeRelease nativeObject e[496861209568]
02-05 17:40:57.524 15500 15500 I SurfaceControl: assignNativeObject: nativeObject = 0 Surface(name=null)/@0x94d6231 / android.view.SurfaceControl.readFromParcel:1117 android.view.IWindowSession$Stub$Proxy.relayout:1820 android.view.ViewRootImpl.relayoutWindow:9005 android.view.ViewRootImpl.performTraversals:3360 android.view.ViewRootImpl.doTraversal:2618 android.view.ViewRootImpl$TraversalRunnable.run:9971 android.view.Choreographer$CallbackRecord.run:1010 android.view.Choreographer.doCallbacks:809 android.view.Choreographer.doFrame:744 android.view.Choreographer$FrameDisplayEventReceiver.run:995
02-05 17:40:57.525 15500 15500 I ViewRootImpl@48b5ed8[InstrumentationActivityInvoker$EmptyActivity]: Relayout returned: old=(0,0,1080,2400) new=(0,0,1080,2400) req=(1080,2400)0 dur=6 res=0x7 s={true 499016704000} ch=true fn=-1
02-05 17:40:57.526 15500 15565 I mali_winsys: new_window_surface() [1080x2400] return: 0x3000
02-05 17:40:57.526   716   953 D gralloc : [mali_gralloc_allocate] begin
02-05 17:40:57.526   716   953 D gralloc : buffer_descriptor: wh(1080 2400) usage_pc(0x40000000000b00 0x40000000000b00) hal_format(0x1) layer_count(1) sizes(0 0 0) strde(0) byte_stride(0) alloc_wh(0 0) internal_format(0x0) alloc_format(0x0) fd_count(1) plane_count(0)
02-05 17:40:57.526 15500 15500 I ViewRootImpl@48b5ed8[InstrumentationActivityInvoker$EmptyActivity]: [DP] dp(1) 1 android.view.ViewRootImpl.reportNextDraw:10957 android.view.ViewRootImpl.performTraversals:3845 android.view.ViewRootImpl.doTraversal:2618
02-05 17:40:57.526 15500 15500 I ViewRootImpl@48b5ed8[InstrumentationActivityInvoker$EmptyActivity]: [DP] pd() Asnyc report
02-05 17:40:57.528   716   953 D gralloc : [mali_gralloc_allocate] allocation successful
02-05 17:40:57.528   716   953 D gralloc : [mali_gralloc_allocate] begin
02-05 17:40:57.528   716   953 D gralloc : buffer_descriptor: wh(1080 2400) usage_pc(0x40000000000b00 0x40000000000b00) hal_format(0x1) layer_count(1) sizes(0 0 0) strde(0) byte_stride(0) alloc_wh(0 0) internal_format(0x0) alloc_format(0x0) fd_count(1) plane_count(0)
02-05 17:40:57.529   716   953 D gralloc : [mali_gralloc_allocate] allocation successful
02-05 17:40:57.530   716   957 D gralloc : [mali_gralloc_allocate] begin
02-05 17:40:57.530   716   957 D gralloc : buffer_descriptor: wh(1080 2400) usage_pc(0x40000000000b00 0x40000000000b00) hal_format(0x1) layer_count(1) sizes(0 0 0) strde(0) byte_stride(0) alloc_wh(0 0) internal_format(0x0) alloc_format(0x0) fd_count(1) plane_count(0)
02-05 17:40:57.531 15500 15500 I ViewRootImpl@48b5ed8[InstrumentationActivityInvoker$EmptyActivity]: [DP] pdf(0) 1 android.view.ViewRootImpl.lambda$performDraw$1$ViewRootImpl:4668 android.view.-$$Lambda$ViewRootImpl$DJd0VUYJgsebcnSohO6h8zc_ONI.run:6 android.os.Handler.handleCallback:938
02-05 17:40:57.531 15500 15500 I ViewRootImpl@48b5ed8[InstrumentationActivityInvoker$EmptyActivity]: [DP] rdf()
02-05 17:40:57.531   716   957 D gralloc : [mali_gralloc_allocate] allocation successful
02-05 17:40:57.531  1163  1240 W WindowManager: lockNow pending, ignore updating lockscreen timeout
02-05 17:40:57.532   789  2265 I Layer   : id=79852 removeFromCurrentState Surface(name=8c655e2 StatusBar)/@0x44a9b07 - animation-leash#0 (212)
02-05 17:40:57.532   789  2265 I Layer   : id=79853 removeFromCurrentState Surface(name=b29f82b NavigationBar0)/@0x8634759 - animation-leash#1 (212)
02-05 17:40:57.533  1163  1240 D PkgPredictorService: pkg:com.example.dogglers activity:androidx.test.core.app.InstrumentationActivityInvoker$EmptyActivity thisTime:56
02-05 17:40:57.533  1163  1240 W WindowManager: lockNow pending, ignore updating lockscreen timeout
02-05 17:40:57.534 15500 15500 I ViewRootImpl@6e93d1d[GridListActivity]: MSG_WINDOW_FOCUS_CHANGED 0 1
02-05 17:40:57.535 15500 15500 I SurfaceControl: nativeRelease nativeObject s[497477718592]
02-05 17:40:57.535 15500 15500 I SurfaceControl: nativeRelease nativeObject e[497477718592]
02-05 17:40:57.535 15500 15500 I SurfaceControl: nativeRelease nativeObject s[497477718784]
02-05 17:40:57.535 15500 15500 I SurfaceControl: nativeRelease nativeObject e[497477718784]
02-05 17:40:57.535 15500 15500 I SurfaceControl: nativeRelease nativeObject s[497477718688]
02-05 17:40:57.535 15500 15500 I SurfaceControl: nativeRelease nativeObject e[497477718688]
02-05 17:40:57.535   789  1273 I SurfaceFlinger: id=79853 Removed Surface(name=b29f82b NavigationBar0)/@0x8634759 - animation-leash#1 (212)
02-05 17:40:57.535   789  1272 I SurfaceFlinger: id=79852 Removed Surface(name=8c655e2 StatusBar)/@0x44a9b07 - animation-leash#0 (212)
02-05 17:40:57.536  1163  2104 I InputDispatcher: Focus entered window (15500): 6692b90 in display 0 0
02-05 17:40:57.536  1163  1240 W WindowManager: lockNow pending, ignore updating lockscreen timeout
02-05 17:40:57.537  1163  3938 I SemDvfsHyPerManager: acquire hyper - AMS_RESUME_TAIL/1163@22, type = -999
02-05 17:40:57.537 15500 15500 I ViewRootImpl@48b5ed8[InstrumentationActivityInvoker$EmptyActivity]: MSG_WINDOW_FOCUS_CHANGED 1 1
02-05 17:40:57.537  1163  3938 I SemDvfsHyPerManager: acquire hyper - AMS_ACT_LAZY/1163@23, type = -999
02-05 17:40:57.537 15500 15500 D InputMethodManager: prepareNavigationBarInfo() DecorView@8d77fb5[InstrumentationActivityInvoker$EmptyActivity]
02-05 17:40:57.537 15500 15500 D InputMethodManager: getNavigationBarColor() -16711423
02-05 17:40:57.537   726   817 I HYPER-HAL: [RequestManager.cpp]acquire(): Acquired ID : 702727  [1163 / 22]    HINT : AMS_RESUME_TAIL    list :
02-05 17:40:57.538   726   817 I HYPER-HAL: [ResourceManager.cpp]updateResource(): [CPUMinFreq] UpdateResource Request ID : 702727    Value : 1844882
02-05 17:40:57.538 15500 15500 D InputMethodManager: prepareNavigationBarInfo() DecorView@8d77fb5[InstrumentationActivityInvoker$EmptyActivity]
02-05 17:40:57.538 15500 15500 D InputMethodManager: getNavigationBarColor() -16711423
02-05 17:40:57.538   726   817 I HYPER-HAL: [RequestManager.cpp]acquire(): Acquired ID : 703914  [1163 / 23]    HINT :      list :
02-05 17:40:57.538 15500 15500 V InputMethodManager: Starting input: tba=com.example.dogglers ic=null mNaviBarColor -16711423 mIsGetNaviBarColorSuccess true , NavVisible : true , NavTrans : false
02-05 17:40:57.538 15500 15500 D InputMethodManager: startInputInner - Id : 0
02-05 17:40:57.538 15500 15500 I InputMethodManager: startInputInner - mService.startInputOrWindowGainedFocus
02-05 17:40:57.538   726   817 E HYPER-HAL: [Request.cpp]acquire(): Request:: id : 703914, No Resource to set
02-05 17:40:57.538  1163  2104 D InputMethodManagerService: mSecureKeypadEnabled = false
02-05 17:40:57.538   726   817 I HYPER-HAL: [ResourceManager.cpp]removeResource(): [CPUMinFreq] RemoveResource Request ID : 700356
02-05 17:40:57.538   726   817 I HYPER-HAL: [RequestManager.cpp]releaseLocked(): Released ID : 700356
02-05 17:40:57.538   789   789 D SurfaceFlinger: Display 21442653864348033 HWC layers:
02-05 17:40:57.538   789   789 D SurfaceFlinger:      DEVICE | 0x7428c3fd40 | 0002 | RGBx_8888    |  180.0    0.0 1260.0 2400.0 |    0    0 1080 2400 | com.android.systemui.ImageWallpaper$_1680#0
02-05 17:40:57.538   789   789 D SurfaceFlinger:      DEVICE | 0x7428c3db80 | 0000 | RGBA_8888    |    0.0    0.0 1080.0 2400.0 |    0    0 1080 2400 | com.sec.android.app.launcher/com.sec[...].activities.LauncherActivity$_2003#0
02-05 17:40:57.538   789   789 D SurfaceFlinger:      DEVICE | 0x7428c3ffc0 | 0002 | RGBA_8888    |    0.0    0.0 1080.0 2400.0 |   12   27 1068 2373 | com.example.dogglers/androidx.test.c[...]tivityInvoker$EmptyActivity$_15500#0
02-05 17:40:57.538   789   789 D SurfaceFlinger:      DEVICE | 0x7428c3fac0 | 0000 | RGBA_8888    |    0.0    0.0 1080.0   88.0 |    0    0 1080   88 | StatusBar$_1680#0
02-05 17:40:57.538   789   789 D SurfaceFlinger:      DEVICE | 0x7428c3f200 | 0000 | RGBA_8888    |    0.0    0.0 1080.0  144.0 |    0 2256 1080 2400 | NavigationBar0$_1680#0
02-05 17:40:57.538   789   789 D SurfaceFlinger:      DEVICE | 0x7408191180 | 0000 | RGBA_8888    |    0.0    0.0 1080.0  125.0 |    0    0 1080  125 | ScreenDecorOverlay$_1680#0
02-05 17:40:57.538   789   789 D SurfaceFlinger:      DEVICE | 0x7428c3f480 | 0000 | RGBA_8888    |    0.0    0.0 1080.0  112.0 |    0 2288 1080 240
02-05 17:40:57.538   789   789 D SurfaceFlinger: 0 | ScreenDecorOverlayBottom$_1680#0
02-05 17:40:57.538   789   789 D SurfaceFlinger:
02-05 17:40:57.538  1163  2104 V InputMethodManagerService: hideCurrentInputLocked : shouldHideSoftInput is false
02-05 17:40:57.539  1163  2104 D InputMethodManagerService: DESKTOP MODE! : 2
02-05 17:40:57.539  1163  2104 D InputMethodManagerService: NOT IN KNOX DESKTOP MODE!
02-05 17:40:57.539  1163  2104 V InputMethodManagerService: getDisplayIdOfInputMethodWindowToBeAdded : 0
02-05 17:40:57.539  1163  2104 D InputMethodManagerService: checkDisplayOfStartInputAndUpdateKeyboard display Id 0last 0
02-05 17:40:57.539  1163  2104 D InputTransport: Input channel constructed: 'ClientS', fd=887
02-05 17:40:57.539  1163  2104 D InputTransport: Input channel destroyed: 'ClientS', fd=887
02-05 17:40:57.539 15500 15500 D InputTransport: Input channel constructed: 'ClientS', fd=106
02-05 17:40:57.539 15500 15500 D InputTransport: Input channel destroyed: 'ClientS', fd=97
02-05 17:40:57.540  1163  2104 I SurfaceControl: nativeRelease nativeObject s[499038031616]
02-05 17:40:57.540  1163  2104 I SurfaceControl: nativeRelease nativeObject e[499038031616]
02-05 17:40:57.540   789  2265 I SurfaceFlinger: id=79858 createSurf (0x0),-1 flag=24004, Surface(name=dbf3b45 InputMethod)/@0xf70bba8 - animation-leash#0
02-05 17:40:57.541  3640  3640 I GoogleInputMethodService: GoogleInputMethodService.onFinishInput():3316
02-05 17:40:57.542  1163  3944 I SemDvfsHyPerManager: acquire hyper - AMS_ACT_START/1163@20, type = -999
02-05 17:40:57.542   726   817 I HYPER-HAL: [RequestManager.cpp]acquire(): Acquired ID : 700356  [1163 / 20]    HINT : AMS_ACT_START    list :
02-05 17:40:57.542  3640  3640 I GoogleInputMethodService: GoogleInputMethodService.updateDeviceLockedStatus():2181 checkRepeatedly = false, unlocked = true
02-05 17:40:57.542   789  2265 I SurfaceFlinger: id=79859 createSurf (0x0),-1 flag=80004, ActivityRecord{73b279f u0 com.example.dogglers/androidx.test.core.app.InstrumentationActivityInvoker$EmptyActivity t12733}#0
02-05 17:40:57.542  3640  3640 D InputMethodService: checkDisplayOfStartInputAndUpdateKeyboard display Id 0last 0
02-05 17:40:57.542   726   817 I HYPER-HAL: [ResourceManager.cpp]updateResource(): [CPUMinFreq] UpdateResource Request ID : 700356    Value : 1930195
02-05 17:40:57.542  3640  3640 I GoogleInputMethodService: GoogleInputMethodService.onStartInput():1989
02-05 17:40:57.543  3640  3640 I GoogleInputMethodService: GoogleInputMethodService.updateDeviceLockedStatus():2181 checkRepeatedly = true, unlocked = true
02-05 17:40:57.545  1163  3944 W WindowManager: lockNow pending, ignore updating lockscreen timeout
02-05 17:40:57.545   789  2265 I Layer   : id=79848 removeFromCurrentState Surface(name=dbf3b45 InputMethod)/@0xf70bba8 - animation-leash#1 (214)
02-05 17:40:57.545   789  2265 I Layer   : id=60 removeFromCurrentState dbf3b45 InputMethod#0 (214)
02-05 17:40:57.545   789  2265 I Layer   : id=60 addToCurrentState dbf3b45 InputMethod#0 (214)
02-05 17:40:57.546 15500 15500 D LifecycleMonitor: Lifecycle status change: androidx.test.core.app.InstrumentationActivityInvoker$EmptyActivity@48d329f in: PAUSED
02-05 17:40:57.546 15500 15500 D LifecycleMonitor: running callback: androidx.test.core.app.ActivityScenario$1@7fa8c32
02-05 17:40:57.546 15500 15500 V ActivityScenario: Activity lifecycle changed event received but ignored because the intent does not match. startActivityIntent=Intent { act=android.intent.action.MAIN cat=[android.intent.category.LAUNCHER] cmp=com.example.dogglers/.GridListActivity }, activity.getIntent()=Intent { act=android.intent.action.MAIN cat=[android.intent.category.LAUNCHER] flg=0x10000000 cmp=com.example.dogglers/androidx.test.core.app.InstrumentationActivityInvoker$EmptyActivity }, activity=androidx.test.core.app.InstrumentationActivityInvoker$EmptyActivity@48d329f
02-05 17:40:57.546 15500 15500 D LifecycleMonitor: callback completes: androidx.test.core.app.ActivityScenario$1@7fa8c32
02-05 17:40:57.547  1163  3944 V WindowOrientationListener: getProposedRotation: 0
02-05 17:40:57.547  1163  3944 V WindowOrientationListener: getProposedRotation: 0
02-05 17:40:57.548  1163  3944 V WindowOrientationListener: getProposedRotation: 0
02-05 17:40:57.548  1163  3944 D InputDispatcher: Focused application set to (0): 73b279f
02-05 17:40:57.550  1163  3944 W WindowManager: lockNow pending, ignore updating lockscreen timeout
02-05 17:40:57.551   789   789 I Layer   : id=79853[1] Destroyed Surface(name=b29f82b NavigationBar0)/@0x8634759 - animation-leash#1
02-05 17:40:57.551 15500 15500 I SurfaceControl: nativeRelease nativeObject s[497477719264]
02-05 17:40:57.551   789   789 I Layer   : id=79852[1] Destroyed Surface(name=8c655e2 StatusBar)/@0x44a9b07 - animation-leash#0
02-05 17:40:57.551 15500 15500 I SurfaceControl: nativeRelease nativeObject e[497477719264]
02-05 17:40:57.551   789  1273 I SurfaceFlinger: id=79848 Removed Surface(name=dbf3b45 InputMethod)/@0xf70bba8 - animation-leash#1 (212)
02-05 17:40:57.552 15500 15500 I SurfaceControl: nativeRelease nativeObject s[499196694880]
02-05 17:40:57.552 15500 15500 I SurfaceControl: nativeRelease nativeObject e[499196694880]
02-05 17:40:57.552 15500 15500 I SurfaceControl: nativeRelease nativeObject s[499196694304]
02-05 17:40:57.552 15500 15500 I SurfaceControl: nativeRelease nativeObject e[499196694304]
02-05 17:40:57.552  1163  3938 D SamsungIMMSHWKeyboard: isConnectedDexOnPC false
02-05 17:40:57.552  1163  3938 D InputMethodManagerService: isImeSwitcherDisabledPackage : false
02-05 17:40:57.554 15500 15500 D LifecycleMonitor: Lifecycle status change: androidx.test.core.app.InstrumentationActivityInvoker$EmptyActivity@c39084 in: PRE_ON_CREATE
02-05 17:40:57.554 15500 15500 D LifecycleMonitor: running callback: androidx.test.core.app.ActivityScenario$1@7fa8c32
02-05 17:40:57.554 15500 15500 V ActivityScenario: Activity lifecycle changed event received but ignored because the intent does not match. startActivityIntent=Intent { act=android.intent.action.MAIN cat=[android.intent.category.LAUNCHER] cmp=com.example.dogglers/.GridListActivity }, activity.getIntent()=Intent { act=android.intent.action.MAIN cat=[android.intent.category.LAUNCHER] flg=0x10000000 cmp=com.example.dogglers/androidx.test.core.app.InstrumentationActivityInvoker$EmptyActivity }, activity=androidx.test.core.app.InstrumentationActivityInvoker$EmptyActivity@c39084
02-05 17:40:57.554 15500 15500 D LifecycleMonitor: callback completes: androidx.test.core.app.ActivityScenario$1@7fa8c32
02-05 17:40:57.560 15500 15500 I DecorView: [INFO] isPopOver=false, config=true
02-05 17:40:57.560 15500 15500 I DecorView: updateCaptionType >> DecorView@489c4a2[], isFloating=false, isApplication=true, hasWindowDecorCaption=false, hasWindowControllerCallback=true
02-05 17:40:57.560 15500 15500 D DecorView: setCaptionType = 0, this = DecorView@489c4a2[]
02-05 17:40:57.562 15500 15500 D LifecycleMonitor: Lifecycle status change: androidx.test.core.app.InstrumentationActivityInvoker$EmptyActivity@c39084 in: CREATED
02-05 17:40:57.562 15500 15500 D LifecycleMonitor: running callback: androidx.test.core.app.ActivityScenario$1@7fa8c32
02-05 17:40:57.562 15500 15500 V ActivityScenario: Activity lifecycle changed event received but ignored because the intent does not match. startActivityIntent=Intent { act=android.intent.action.MAIN cat=[android.intent.category.LAUNCHER] cmp=com.example.dogglers/.GridListActivity }, activity.getIntent()=Intent { act=android.intent.action.MAIN cat=[android.intent.category.LAUNCHER] flg=0x10000000 cmp=com.example.dogglers/androidx.test.core.app.InstrumentationActivityInvoker$EmptyActivity }, activity=androidx.test.core.app.InstrumentationActivityInvoker$EmptyActivity@c39084
02-05 17:40:57.562 15500 15500 D LifecycleMonitor: callback completes: androidx.test.core.app.ActivityScenario$1@7fa8c32
02-05 17:40:57.563 15500 15500 D LifecycleMonitor: Lifecycle status change: androidx.test.core.app.InstrumentationActivityInvoker$EmptyActivity@c39084 in: STARTED
02-05 17:40:57.563 15500 15500 D LifecycleMonitor: running callback: androidx.test.core.app.ActivityScenario$1@7fa8c32
02-05 17:40:57.563 15500 15500 V ActivityScenario: Activity lifecycle changed event received but ignored because the intent does not match. startActivityIntent=Intent { act=android.intent.action.MAIN cat=[android.intent.category.LAUNCHER] cmp=com.example.dogglers/.GridListActivity }, activity.getIntent()=Intent { act=android.intent.action.MAIN cat=[android.intent.category.LAUNCHER] flg=0x10000000 cmp=com.example.dogglers/androidx.test.core.app.InstrumentationActivityInvoker$EmptyActivity }, activity=androidx.test.core.app.InstrumentationActivityInvoker$EmptyActivity@c39084
02-05 17:40:57.563 15500 15500 D LifecycleMonitor: callback completes: androidx.test.core.app.ActivityScenario$1@7fa8c32
02-05 17:40:57.564  1163  1244 I ActivityTaskManager: Displayed com.example.dogglers/androidx.test.core.app.InstrumentationActivityInvoker$EmptyActivity: +56ms
02-05 17:40:57.565 15500 15500 D LifecycleMonitor: Lifecycle status change: androidx.test.core.app.InstrumentationActivityInvoker$EmptyActivity@c39084 in: RESUMED
02-05 17:40:57.565 15500 15500 D LifecycleMonitor: running callback: androidx.test.core.app.ActivityScenario$1@7fa8c32
02-05 17:40:57.565  2669  2669 E pageboostd: Received HALT command code 2
02-05 17:40:57.565 15500 15500 V ActivityScenario: Activity lifecycle changed event received but ignored because the intent does not match. startActivityIntent=Intent { act=android.intent.action.MAIN cat=[android.intent.category.LAUNCHER] cmp=com.example.dogglers/.GridListActivity }, activity.getIntent()=Intent { act=android.intent.action.MAIN cat=[android.intent.category.LAUNCHER] flg=0x10000000 cmp=com.example.dogglers/androidx.test.core.app.InstrumentationActivityInvoker$EmptyActivity }, activity=androidx.test.core.app.InstrumentationActivityInvoker$EmptyActivity@c39084
02-05 17:40:57.565 15500 15500 D LifecycleMonitor: callback completes: androidx.test.core.app.ActivityScenario$1@7fa8c32
02-05 17:40:57.567 15677 16253 I [SCSDK][C][2.0.02]: [SCRequestCallback][CERTIFICATE_RETRIEVE][182131316] onSucceeded
02-05 17:40:57.567  1163  2104 D InputTransport: Input channel constructed: 'e730d6d', fd=860
02-05 17:40:57.567  1163  2104 D InputTransport: Input channel constructed: 'e730d6d', fd=887
02-05 17:40:57.567 15677 16253 I [SCSDK][C][2.0.02]: [SCRequestCallback][protocol] h2, [status] 304
02-05 17:40:57.568   789  2265 I SurfaceFlinger: id=79860 createSurf (0x0),-1 flag=80004, e730d6d com.example.dogglers/androidx.test.core.app.InstrumentationActivityInvoker$EmptyActivity#0
02-05 17:40:57.568 15677 15703 I [SC]KeyStoreProvider: onCreate - Retrieve certificate.
02-05 17:40:57.568  1163  2104 D WindowManager: isScreenshotDisabledLocked - win: Window{e730d6d u0 com.example.dogglers/androidx.test.core.app.InstrumentationActivityInvoker$EmptyActivity}
02-05 17:40:57.568  1163  2104 D WindowManager: isScreenshotDisabledLocked: userId = 0, disabled =false
02-05 17:40:57.568   789   789 I Layer   : id=79848[1] Destroyed Surface(name=dbf3b45 InputMethod)/@0xf70bba8 - animation-leash#1
02-05 17:40:57.568  1163  2104 D InputTransport: Input channel destroyed: 'e730d6d', fd=887
02-05 17:40:57.568 15500 15500 D InputTransport: Input channel constructed: 'e730d6d', fd=99
02-05 17:40:57.568  1163  3944 I InputDispatcher: Focus left window (15500): 6692b90 in display 0 0
02-05 17:40:57.569 15500 15500 I ViewRootImpl@bed2669[InstrumentationActivityInvoker$EmptyActivity]: setView = com.android.internal.policy.DecorView@489c4a2 TM=true
02-05 17:40:57.572  1163  2104 V WindowManager: Relayout Window{e730d6d u0 com.example.dogglers/androidx.test.core.app.InstrumentationActivityInvoker$EmptyActivity}: viewVisibility=0 req=1080x2400
02-05 17:40:57.572  1163  2104 W WindowManager: lockNow pending, ignore updating lockscreen timeout
02-05 17:40:57.573  1163  2104 D WindowManager: isScreenshotDisabledLocked - win: Window{e730d6d u0 com.example.dogglers/androidx.test.core.app.InstrumentationActivityInvoker$EmptyActivity}
02-05 17:40:57.573  1163  2104 D WindowManager: isScreenshotDisabledLocked: userId = 0, disabled =false
02-05 17:40:57.573   789   834 I SurfaceFlinger: id=79861 createSurf (1080x2400),1 flag=404, com.example.dogglers/androidx.test.core.app.InstrumentationActivityInvoker$EmptyActivity$_15500#1
02-05 17:40:57.575  1163  2104 I SurfaceControl: nativeRelease nativeObject s[499039087808]
02-05 17:40:57.575  1163  2104 I SurfaceControl: nativeRelease nativeObject e[499039087808]
02-05 17:40:57.575   789  1272 I SurfaceFlinger: id=79862 createSurf (0x0),-1 flag=24000, Surface(name=8c655e2 StatusBar)/@0x44a9b07 - animation-leash#0
02-05 17:40:57.575  1163  2104 I SurfaceControl: nativeRelease nativeObject s[499039088288]
02-05 17:40:57.575  1163  2104 I SurfaceControl: nativeRelease nativeObject e[499039088288]
02-05 17:40:57.575   789   834 I SurfaceFlinger: id=79863 createSurf (0x0),-1 flag=24000, Surface(name=b29f82b NavigationBar0)/@0x8634759 - animation-leash#1
02-05 17:40:57.576  1163  2104 V WindowManager: Relayout hash=e730d6d, pid=15500: mAttrs={(0,0)(fillxfill) sim={adjust=pan forwardNavigation} ty=BASE_APPLICATION wanim=0x1030001
02-05 17:40:57.576  1163  2104 V WindowManager:   fl=1810100
02-05 17:40:57.576  1163  2104 V WindowManager:   pfl=12020000
02-05 17:40:57.576  1163  2104 V WindowManager:   fitSides= naviIconColor=0}
02-05 17:40:57.576  1163  2104 I SurfaceControl: nativeRelease nativeObject s[496871104320]
02-05 17:40:57.576  1163  2104 I SurfaceControl: nativeRelease nativeObject e[496871104320]
02-05 17:40:57.577 15500 15500 I SurfaceControl: assignNativeObject: nativeObject = 0 Surface(name=null)/@0x3e388ee / android.view.SurfaceControl.readFromParcel:1117 android.view.IWindowSession$Stub$Proxy.relayout:1820 android.view.ViewRootImpl.relayoutWindow:9005 android.view.ViewRootImpl.performTraversals:3360 android.view.ViewRootImpl.doTraversal:2618 android.view.ViewRootImpl$TraversalRunnable.run:9971 android.view.Choreographer$CallbackRecord.run:1010 android.view.Choreographer.doCallbacks:809 android.view.Choreographer.doFrame:744 android.view.Choreographer$FrameDisplayEventReceiver.run:995
02-05 17:40:57.577 15500 15500 I ViewRootImpl@bed2669[InstrumentationActivityInvoker$EmptyActivity]: Relayout returned: old=(0,0,1080,2400) new=(0,0,1080,2400) req=(1080,2400)0 dur=5 res=0x7 s={true 497546653696} ch=true fn=-1
02-05 17:40:57.578 15500 15565 I mali_winsys: new_window_surface() [1080x2400] return: 0x3000
02-05 17:40:57.578   716   957 D gralloc : [mali_gralloc_allocate] begin
02-05 17:40:57.578 15500 15500 I ViewRootImpl@bed2669[InstrumentationActivityInvoker$EmptyActivity]: [DP] dp(1) 1 android.view.ViewRootImpl.reportNextDraw:10957 android.view.ViewRootImpl.performTraversals:3845 android.view.ViewRootImpl.doTraversal:2618
02-05 17:40:57.578   716   957 D gralloc : buffer_descriptor: wh(1080 2400) usage_pc(0x40000000000b00 0x40000000000b00) hal_format(0x1) layer_count(1) sizes(0 0 0) strde(0) byte_stride(0) alloc_wh(0 0) internal_format(0x0) alloc_format(0x0) fd_count(1) plane_count(0)
02-05 17:40:57.578 15500 15500 I ViewRootImpl@bed2669[InstrumentationActivityInvoker$EmptyActivity]: [DP] pd() Asnyc report
02-05 17:40:57.581   716   957 D gralloc : [mali_gralloc_allocate] allocation successful
02-05 17:40:57.581   716   957 D gralloc : [mali_gralloc_allocate] begin
02-05 17:40:57.581   716   957 D gralloc : buffer_descriptor: wh(1080 2400) usage_pc(0x40000000000b00 0x40000000000b00) hal_format(0x1) layer_count(1) sizes(0 0 0) strde(0) byte_stride(0) alloc_wh(0 0) internal_format(0x0) alloc_format(0x0) fd_count(1) plane_count(0)
02-05 17:40:57.584 15500 15500 I ViewRootImpl@bed2669[InstrumentationActivityInvoker$EmptyActivity]: [DP] pdf(0) 1 android.view.ViewRootImpl.lambda$performDraw$1$ViewRootImpl:4668 android.view.-$$Lambda$ViewRootImpl$DJd0VUYJgsebcnSohO6h8zc_ONI.run:6 android.os.Handler.handleCallback:938
02-05 17:40:57.584 15500 15500 I ViewRootImpl@bed2669[InstrumentationActivityInvoker$EmptyActivity]: [DP] rdf()
02-05 17:40:57.585 15500 15500 I ViewRootImpl@48b5ed8[InstrumentationActivityInvoker$EmptyActivity]: MSG_WINDOW_FOCUS_CHANGED 0 1
02-05 17:40:57.585   716   957 D gralloc : [mali_gralloc_allocate] allocation successful
02-05 17:40:57.585   716   953 D gralloc : [mali_gralloc_allocate] begin
02-05 17:40:57.585   716   953 D gralloc : buffer_descriptor: wh(1080 2400) usage_pc(0x40000000000b00 0x40000000000b00) hal_format(0x1) layer_count(1) sizes(0 0 0) strde(0) byte_stride(0) alloc_wh(0 0) internal_format(0x0) alloc_format(0x0) fd_count(1) plane_count(0)
02-05 17:40:57.586  1163  1240 W WindowManager: lockNow pending, ignore updating lockscreen timeout
02-05 17:40:57.587   789  2265 I Layer   : id=79856 removeFromCurrentState Surface(name=8c655e2 StatusBar)/@0x44a9b07 - animation-leash#1 (215)
02-05 17:40:57.587   789  2265 I Layer   : id=79857 removeFromCurrentState Surface(name=b29f82b NavigationBar0)/@0x8634759 - animation-leash#0 (215)
02-05 17:40:57.588  1163  1240 D PkgPredictorService: pkg:com.example.dogglers activity:androidx.test.core.app.InstrumentationActivityInvoker$EmptyActivity thisTime:47
02-05 17:40:57.589  1163  1244 I ActivityTaskManager: Displayed com.example.dogglers/androidx.test.core.app.InstrumentationActivityInvoker$EmptyActivity: +47ms
02-05 17:40:57.589   716   953 D gralloc : [mali_gralloc_allocate] allocation successful
02-05 17:40:57.589  1163  1240 W WindowManager: lockNow pending, ignore updating lockscreen timeout
02-05 17:40:57.590  2669  2669 E pageboostd: Received HALT command code 2
02-05 17:40:57.591 15500 15500 I SurfaceControl: nativeRelease nativeObject s[497477719552]
02-05 17:40:57.591 15500 15500 I SurfaceControl: nativeRelease nativeObject e[497477719552]
02-05 17:40:57.591 15500 15500 I SurfaceControl: nativeRelease nativeObject s[497477719456]
02-05 17:40:57.591 15500 15500 I SurfaceControl: nativeRelease nativeObject e[497477719456]
02-05 17:40:57.591 15500 15500 I SurfaceControl: nativeRelease nativeObject s[497477719360]
02-05 17:40:57.591 15500 15500 I SurfaceControl: nativeRelease nativeObject e[497477719360]
02-05 17:40:57.591   789   835 I SurfaceFlinger: id=79857 Removed Surface(name=b29f82b NavigationBar0)/@0x8634759 - animation-leash#0 (215)
02-05 17:40:57.591   789   835 I SurfaceFlinger: id=79856 Removed Surface(name=8c655e2 StatusBar)/@0x44a9b07 - animation-leash#1 (215)
02-05 17:40:57.592  1163  1235 I SemDvfsHyPerManager: acquire hyper - AMS_RESUME_TAIL/1163@22, type = -999
02-05 17:40:57.592  1163  1235 I SemDvfsHyPerManager: acquire hyper - AMS_ACT_LAZY/1163@23, type = -999
02-05 17:40:57.592   726   817 I HYPER-HAL: [RequestManager.cpp]acquire(): Acquired ID : 702727  [1163 / 22]    HINT : AMS_RESUME_TAIL    list :
02-05 17:40:57.592   726   817 I HYPER-HAL: [ResourceManager.cpp]updateResource(): [CPUMinFreq] UpdateResource Request ID : 702727    Value : 1844882
02-05 17:40:57.592   726   817 I HYPER-HAL: [RequestManager.cpp]acquire(): Acquired ID : 703914  [1163 / 23]    HINT :      list :
02-05 17:40:57.593   726   817 E HYPER-HAL: [Request.cpp]acquire(): Request:: id : 703914, No Resource to set
02-05 17:40:57.593   726   817 I HYPER-HAL: [ResourceManager.cpp]removeResource(): [CPUMinFreq] RemoveResource Request ID : 700356
02-05 17:40:57.593   726   817 I HYPER-HAL: [RequestManager.cpp]releaseLocked(): Released ID : 700356
02-05 17:40:57.594  1163  1240 W WindowManager: lockNow pending, ignore updating lockscreen timeout
02-05 17:40:57.596  1163  1801 D InputDispatcher: Focused application set to (0): 1dafdd4
02-05 17:40:57.597  1163  1801 W WindowManager: lockNow pending, ignore updating lockscreen timeout
02-05 17:40:57.599 15500 15500 D LifecycleMonitor: Lifecycle status change: androidx.test.core.app.InstrumentationActivityInvoker$EmptyActivity@c39084 in: PAUSED
02-05 17:40:57.599 15500 15500 D LifecycleMonitor: running callback: androidx.test.core.app.ActivityScenario$1@7fa8c32
02-05 17:40:57.599 15500 15500 V ActivityScenario: Activity lifecycle changed event received but ignored because the intent does not match. startActivityIntent=Intent { act=android.intent.action.MAIN cat=[android.intent.category.LAUNCHER] cmp=com.example.dogglers/.GridListActivity }, activity.getIntent()=Intent { act=android.intent.action.MAIN cat=[android.intent.category.LAUNCHER] flg=0x10000000 cmp=com.example.dogglers/androidx.test.core.app.InstrumentationActivityInvoker$EmptyActivity }, activity=androidx.test.core.app.InstrumentationActivityInvoker$EmptyActivity@c39084
02-05 17:40:57.599 15500 15500 D LifecycleMonitor: callback completes: androidx.test.core.app.ActivityScenario$1@7fa8c32
02-05 17:40:57.601  1163  3938 I SemDvfsHyPerManager: acquire hyper - AMS_APP_HOME/1163@35, type = -999
02-05 17:40:57.601   726   817 I HYPER-HAL: [RequestManager.cpp]acquire(): Acquired ID : 718236  [1163 / 35]    HINT : AMS_APP_HOME    list :
02-05 17:40:57.601   726   817 I HYPER-HAL: [ResourceManager.cpp]updateResource(): [CPUMinFreq] UpdateResource Request ID : 718236    Value : 2623359
02-05 17:40:57.601  4183  4183 I SemDvfsHyPerManager: acquire hyper - com.sec.android.sdhms/4183@9, type = -999
02-05 17:40:57.602   789   789 I Layer   : id=79856[1] Destroyed Surface(name=8c655e2 StatusBar)/@0x44a9b07 - animation-leash#1
02-05 17:40:57.602   789   789 I Layer   : id=79857[1] Destroyed Surface(name=b29f82b NavigationBar0)/@0x8634759 - animation-leash#0
02-05 17:40:57.602  1163  3938 V WindowOrientationListener: getProposedRotation: 0
02-05 17:40:57.602   726   817 I HYPER-HAL: [RequestManager.cpp]acquire(): Acquired ID : 8788537  [4183 / 9]    HINT : APP_START    list :
02-05 17:40:57.602   726   817 I HYPER-HAL: [ResourceManager.cpp]updateResource(): [CPUMaxFreq] UpdateResource Request ID : 8788537    Value : 2730000
02-05 17:40:57.602  1163  1801 I InputDispatcher: Focus entered window (15500): e730d6d in display 0 0
02-05 17:40:57.603  2003  2003 I ViewRootImpl@e2e8b8d[LauncherActivity]: stopped(false) old=false
02-05 17:40:57.603  2003  2003 I Launcher: !@Boot_DEBUG: Launcher.onResume()
02-05 17:40:57.603  2003  2003 I Launcher: !@Boot_EBS_D: Launcher.onResume()
02-05 17:40:57.603  2003  2003 W PageOverlayMover: updateActivityLifecycleState : 2
02-05 17:40:57.603  2003  2003 W PageOverlayMover: isMoving : false
02-05 17:40:57.603  5089 28744 I PageOverlayServiceImpl: [FROM HOME] updateActivityLifecycleState : 2
02-05 17:40:57.604  2003  2003 I Launcher: setWallpaperOffsets
02-05 17:40:57.604  2003 17890 I Launcher: DisplayMetrics from Resources : DisplayMetrics{density=3.0, width=1080, height=2168, scaledDensity=3.0, xdpi=409.432, ydpi=406.4}
02-05 17:40:57.604  2003 17890 I Launcher: realMetrics from Wm : DisplayMetrics{density=3.0, width=1080, height=2400, scaledDensity=3.0, xdpi=409.432, ydpi=406.4}
02-05 17:40:57.604  2003 17890 I Launcher: DeviceProfile, isLand : false, isMultiWin :false, availableWidthPx : 1080, availableHeightPx : 2256
02-05 17:40:57.605  1163  3938 W WindowManager: lockNow pending, ignore updating lockscreen timeout
02-05 17:40:57.605   789   789 D SurfaceFlinger: Display 21442653864348033 HWC layers:
02-05 17:40:57.605   789   789 D SurfaceFlinger:      DEVICE | 0x7428c3fd40 | 0002 | RGBx_8888    |  180.0    0.0 1260.0 2400.0 |    0    0 1080 2400 | com.android.systemui.ImageWallpaper$_1680#0
02-05 17:40:57.605   789   789 D SurfaceFlinger:      DEVICE | 0x7428c3db80 | 0000 | RGBA_8888    |    0.0    0.0 1080.0 2400.0 |    0    0 1080 2400 | com.sec.android.app.launcher/com.sec[...].activities.LauncherActivity$_2003#0
02-05 17:40:57.605   789   789 D SurfaceFlinger:      DEVICE | 0x7428c40380 | 0002 | RGBA_8888    |    0.0    0.0 1080.0 2400.0 |    4    9 1076 2391 | com.example.dogglers/androidx.test.c[...]tivityInvoker$EmptyActivity$_15500#1
02-05 17:40:57.605   789   789 D SurfaceFlinger:      DEVICE | 0x7428c3fac0 | 0000 | RGBA_8888    |    0.0    0.0 1080.0   88.0 |    0    0 1080   88 | StatusBar$_1680#0
02-05 17:40:57.605   789   789 D SurfaceFlinger:      DEVICE | 0x7428c3f200 | 0000 | RGBA_8888    |    0.0    0.0 1080.0  144.0 |    0 2256 1080 2400 | NavigationBar0$_1680#0
02-05 17:40:57.605   789   789 D SurfaceFlinger:      DEVICE | 0x7408191180 | 0000 | RGBA_8888    |    0.0    0.0 1080.0  125.0 |    0    0 1080  125 | ScreenDecorOverlay$_1680#0
02-05 17:40:57.605   789   789 D SurfaceFlinger:      DEVICE | 0x7428c3f480 | 0000 | RGBA_8888    |    0.0    0.0 1080.0  112.0 |    0 2288 1080 240
02-05 17:40:57.605   789   789 D SurfaceFlinger: 0 | ScreenDecorOverlayBottom$_1680#0
02-05 17:40:57.605   789   789 D SurfaceFlinger:
02-05 17:40:57.606  1163  3938 I SurfaceControl: nativeRelease nativeObject s[496861207936]
02-05 17:40:57.606  1163  3938 I SurfaceControl: nativeRelease nativeObject e[496861207936]
02-05 17:40:57.606   789   834 I SurfaceFlinger: id=79864 createSurf (0x0),-1 flag=24000, Surface(name=Task=12733)/@0xbefeb9c - animation-leash#1
02-05 17:40:57.607  1163  3938 I SurfaceControl: nativeRelease nativeObject s[496861208128]
02-05 17:40:57.607  1163  3938 I SurfaceControl: nativeRelease nativeObject e[496861208128]
02-05 17:40:57.607   789  1273 I SurfaceFlinger: id=79865 createSurf (0x0),-1 flag=24004, Surface(name=Task=1)/@0x42bdb16 - animation-leash#1
02-05 17:40:57.608   789  2265 I SurfaceFlinger: id=79866 createSurf (0x0),-1 flag=24000, Surface(name=WallpaperWindowToken{2cf7ea9 token=android.os.Binder@93cd856})/@0xc1aa2f7 - animation-leash#0
02-05 17:40:57.608  1163  3938 D WindowManager: isScreenshotDisabledLocked - win: Window{e730d6d u0 com.example.dogglers/androidx.test.core.app.InstrumentationActivityInvoker$EmptyActivity}
02-05 17:40:57.608  1163  3938 D WindowManager: isScreenshotDisabledLocked: userId = 0, disabled =false
02-05 17:40:57.608   716   953 D gralloc : [mali_gralloc_allocate] begin
02-05 17:40:57.608   716   953 D gralloc : buffer_descriptor: wh(1080 2400) usage_pc(0x366 0x306) hal_format(0x1) layer_count(1) sizes(0 0 0) strde(0) byte_stride(0) alloc_wh(0 0) internal_format(0x0) alloc_format(0x0) fd_count(1) plane_count(0)
02-05 17:40:57.610   716   953 D gralloc : [mali_gralloc_allocate] allocation successful
02-05 17:40:57.613   789   789 I Layer   : id=79867[0] Destroyed Screenshot Parent
02-05 17:40:57.616  1163  3938 I SurfaceControl: nativeRelease nativeObject s[496871097120]
02-05 17:40:57.616  1163  3938 I SurfaceControl: nativeRelease nativeObject e[496871097120]
02-05 17:40:57.616   789   834 I SurfaceFlinger: id=79868 createSurf (0x0),-1 flag=24000, Surface(name=8c655e2 StatusBar)/@0x44a9b07 - animation-leash#1
02-05 17:40:57.618  1163  3938 I SurfaceControl: nativeRelease nativeObject s[496871097216]
02-05 17:40:57.618  1163  3938 I SurfaceControl: nativeRelease nativeObject e[496871097216]
02-05 17:40:57.618   789   834 I SurfaceFlinger: id=79869 createSurf (0x0),-1 flag=24000, Surface(name=b29f82b NavigationBar0)/@0x8634759 - animation-leash#0
02-05 17:40:57.618  1163  3938 W WindowManager: lockNow pending, ignore updating lockscreen timeout
02-05 17:40:57.619  1163  1237 D WindowManager: setDisableFlags: displayId=0, vis=0x9708, appearance=8, transientState=Pair{[I@d9cd3b4 [I@57f2bdd}, isFullscreen=false, isImmersive=true, barType=0, win=Window{6030dc2 u0 com.sec.android.app.launcher/com.sec.android.app.launcher.activities.LauncherActivity}
02-05 17:40:57.619  1163  3935 I InputDispatcher: Focus left window (15500): e730d6d in display 0 0
02-05 17:40:57.620  1680  1680 D NavigationBar: onSystemBarAppearanceChanged() -  displayId:0, appearance:8 (APPEARANCE_LIGHT_STATUS_BARS ), navbarColorManagedByIme:false
02-05 17:40:57.620   789  2265 I Layer   : id=79839 removeFromCurrentState Surface(name=Task=12733)/@0xbefeb9c - animation-leash#0 (218)
02-05 17:40:57.620   789  2265 I Layer   : id=79834 removeFromCurrentState Task=12733#0 (218)
02-05 17:40:57.620   789  2265 I Layer   : id=79835 removeFromCurrentState ActivityRecord{b48a886 u0 com.example.dogglers/androidx.test.core.app.InstrumentationActivityInvoker$BootstrapActivity t12733}#0 (218)
