02-05 17:40:53.030 15500 15559 I TestRunner: started: horizontal_list_button_is_displayed(com.example.dogglers.ButtonTests)
02-05 17:40:53.031   789  1272 I SurfaceFlinger: id=79605 Removed ActivityRecord{e567144 u0 com.example.dogglers/.VerticalListActivity t12727}#0 (179)
02-05 17:40:53.031   789  1273 I SurfaceFlinger: id=79588 Removed Task=12727#0 (179)
02-05 17:40:53.033   789   789 I Layer   : id=79588[1] Destroyed Task=12727#0
02-05 17:40:53.033   789   789 I Layer   : id=79605[1] Destroyed ActivityRecord{e567144 u0 com.example.dogglers/.VerticalListActivity t12727}#0
02-05 17:40:53.033   789   789 I Layer   : id=79606[1] Destroyed beb5db0 com.example.dogglers/com.example.dogglers.VerticalListActivity#0
02-05 17:40:53.033   789   789 I Layer   : id=79607[1] Destroyed com.example.dogglers/com.example.dogglers.VerticalListActivity$_15500#0
02-05 17:40:53.034 15500 15559 W Settings: Setting always_finish_activities has moved from android.provider.Settings.System to android.provider.Settings.Global, returning read-only value.
02-05 17:40:53.038  1163  2602 I SemDvfsHyPerManager: acquire hyper - AMS_APP_SWITCH/1163@24, type = -999
02-05 17:40:53.038   726   817 I HYPER-HAL: [RequestManager.cpp]acquire(): Acquired ID : 705102  [1163 / 24]    HINT : AMS_APP_SWITCH    list :
02-05 17:40:53.038   789  1273 I SurfaceFlinger: id=79641 createSurf (0x0),-1 flag=24004, Task=12728#0
02-05 17:40:53.038   726   817 I HYPER-HAL: [ResourceManager.cpp]updateResource(): [CPUMinFreq] UpdateResource Request ID : 705102    Value : 2623359
02-05 17:40:53.039  4183  4183 I SemDvfsHyPerManager: acquire hyper - com.sec.android.sdhms/4183@9, type = -999
02-05 17:40:53.039   726   817 I HYPER-HAL: [RequestManager.cpp]acquire(): Acquired ID : 8788537  [4183 / 9]    HINT : APP_START    list :
02-05 17:40:53.039   726   817 I HYPER-HAL: [ResourceManager.cpp]updateResource(): [CPUMaxFreq] UpdateResource Request ID : 8788537    Value : 2730000
02-05 17:40:53.039   789  2265 I SurfaceFlinger: id=79642 createSurf (0x0),-1 flag=80004, ActivityRecord{75bff6f u0 com.example.dogglers/androidx.test.core.app.InstrumentationActivityInvoker$BootstrapActivity t12728}#0
02-05 17:40:53.041  1163  1796 V WindowOrientationListener: getProposedRotation: 0
02-05 17:40:53.042  1163  1796 W WindowManager: lockNow pending, ignore updating lockscreen timeout
02-05 17:40:53.042  1163  1796 I SemDvfsHyPerManager: acquire hyper - AMS_APP_LAUNCH/1163@21, type = -999
02-05 17:40:53.042   726   817 I HYPER-HAL: [RequestManager.cpp]acquire(): Acquired ID : 701541  [1163 / 21]    HINT : AMS_APP_LAUNCH    list :
02-05 17:40:53.043   726   817 I HYPER-HAL: [ResourceManager.cpp]updateResource(): [CPUMinFreq] UpdateResource Request ID : 701541    Value : 2623359
02-05 17:40:53.043  2003  2003 I DragController: endDrag
02-05 17:40:53.044  2003  2003 W PageOverlayMover: updateActivityLifecycleState : 3
02-05 17:40:53.044  5089  5538 I PageOverlayServiceImpl: [FROM HOME] updateActivityLifecycleState : 3
02-05 17:40:53.044  2003  2003 I SPayUpdater: updateSpayHandler launcher activity is paused false
02-05 17:40:53.045  1163  3938 V WindowOrientationListener: getProposedRotation: 0
02-05 17:40:53.045  1163  3938 V WindowOrientationListener: getProposedRotation: 0
02-05 17:40:53.045  1163  3938 V WindowOrientationListener: getProposedRotation: 0
02-05 17:40:53.046  1163  3938 D InputDispatcher: Focused application set to (0): 75bff6f
02-05 17:40:53.085  1163  3938 W WindowManager: lockNow pending, ignore updating lockscreen timeout
02-05 17:40:53.087  1163  3944 V WindowManager: Relayout Window{6030dc2 u0 com.sec.android.app.launcher/com.sec.android.app.launcher.activities.LauncherActivity}: viewVisibility=0 req=1080x2400
02-05 17:40:53.087  1163  3944 W WindowManager: lockNow pending, ignore updating lockscreen timeout
02-05 17:40:53.089 15500 15500 D LifecycleMonitor: Lifecycle status change: androidx.test.core.app.InstrumentationActivityInvoker$BootstrapActivity@db8b418 in: PRE_ON_CREATE
02-05 17:40:53.089 15500 15500 D LifecycleMonitor: running callback: androidx.test.core.app.ActivityScenario$1@1142e71
02-05 17:40:53.089  1163  1240 D InputTransport: Input channel constructed: 'e070c9d', fd=948
02-05 17:40:53.089  1163  1240 D InputTransport: Input channel constructed: 'e070c9d', fd=949
02-05 17:40:53.089 15500 15500 V ActivityScenario: Activity lifecycle changed event received but ignored because the intent does not match. startActivityIntent=Intent { act=android.intent.action.MAIN cat=[android.intent.category.LAUNCHER] cmp=com.example.dogglers/.MainActivity }, activity.getIntent()=Intent { act=android.intent.action.MAIN cat=[android.intent.category.LAUNCHER] flg=0x10008000 cmp=com.example.dogglers/androidx.test.core.app.InstrumentationActivityInvoker$BootstrapActivity (has extras) }, activity=androidx.test.core.app.InstrumentationActivityInvoker$BootstrapActivity@db8b418
02-05 17:40:53.089 15500 15500 D LifecycleMonitor: callback completes: androidx.test.core.app.ActivityScenario$1@1142e71
02-05 17:40:53.089  1163  1259 D FastTrack: setFastTrackState: pid = 15500 ;tid= 15500 ;value= 1
02-05 17:40:53.089   789  2265 I SurfaceFlinger: id=79643 createSurf (0x0),-1 flag=80004, e070c9d Splash Screen com.example.dogglers#0
02-05 17:40:53.089  1163  1259 D FastTrack: setFastTrackState: pid = 15500 ;tid= 15565 ;value= 1
02-05 17:40:53.090  1163  3944 V WindowManager: Relayout hash=6030dc2, pid=2003: mAttrs={(0,0)(fillxfill) sim={adjust=nothing} layoutInDisplayCutoutMode=shortEdges ty=BASE_APPLICATION fmt=TRANSPARENT wanim=0x10302f2
02-05 17:40:53.090  1163  3944 V WindowManager:   fl=81910100
02-05 17:40:53.090  1163  3944 V WindowManager:   pfl=16020000
02-05 17:40:53.090  1163  3944 V WindowManager:   vsysui=1700
02-05 17:40:53.090  1163  3944 V WindowManager:   apr=LIGHT_STATUS_BARS
02-05 17:40:53.090  1163  3944 V WindowManager:   bhv=SHOW_TRANSIENT_BARS_BY_SWIPE
02-05 17:40:53.090  1163  3944 V WindowManager:   fitSides= dimAmount=0.125 dimDuration=200 naviIconColor=0}
02-05 17:40:53.090  1163  3944 I SurfaceControl: nativeRelease nativeObject s[499183204256]
02-05 17:40:53.090  1163  3944 I SurfaceControl: nativeRelease nativeObject e[499183204256]
02-05 17:40:53.090  2003  2003 I SurfaceControl: nativeRelease nativeObject s[499183204832]
02-05 17:40:53.090  2003  2003 I SurfaceControl: nativeRelease nativeObject e[499183204832]
02-05 17:40:53.091  2003  2003 I SurfaceControl: assignNativeObject: nativeObject = 0 Surface(name=null)/@0x37cdda1 / android.view.SurfaceControl.readFromParcel:1117 android.view.IWindowSession$Stub$Proxy.relayout:1820 android.view.ViewRootImpl.relayoutWindow:9005 android.view.ViewRootImpl.performTraversals:3360 android.view.ViewRootImpl.doTraversal:2618 android.view.ViewRootImpl$TraversalRunnable.run:9971 android.view.Choreographer$CallbackRecord.run:1010 android.view.Choreographer.doCallbacks:809 android.view.Choreographer.doFrame:744 android.view.Choreographer$FrameDisplayEventReceiver.run:995
02-05 17:40:53.091  2003  2003 I SurfaceControl: nativeRelease nativeObject s[497484644384]
02-05 17:40:53.091  2003  2003 I SurfaceControl: nativeRelease nativeObject e[497484644384]
02-05 17:40:53.091  2003  2003 I SurfaceControl: nativeRelease nativeObject s[497484644288]
02-05 17:40:53.091  2003  2003 I SurfaceControl: nativeRelease nativeObject e[497484644288]
02-05 17:40:53.091  2003  2003 I SurfaceControl: nativeRelease nativeObject s[497484644096]
02-05 17:40:53.091  2003  2003 I SurfaceControl: nativeRelease nativeObject e[497484644096]
02-05 17:40:53.091  2003  2003 I ViewRootImpl@e2e8b8d[LauncherActivity]: Relayout returned: old=(0,0,1080,2400) new=(0,0,1080,2400) req=(1080,2400)0 dur=4 res=0x1 s={true 497483223040} ch=false fn=24
02-05 17:40:53.091  1163  1240 I ViewRootImpl@148bf74[dogglers]: setView = com.android.internal.policy.DecorView@968890c TM=true
02-05 17:40:53.093 15500 15500 I DecorView: [INFO] isPopOver=false, config=true
02-05 17:40:53.093 15500 15500 I DecorView: updateCaptionType >> DecorView@e951cd7[], isFloating=false, isApplication=true, hasWindowDecorCaption=false, hasWindowControllerCallback=true
02-05 17:40:53.093 15500 15500 D DecorView: setCaptionType = 0, this = DecorView@e951cd7[]
02-05 17:40:53.093  1163  1511 D PkgPredictorService: com.example.dogglers go to foreground!
02-05 17:40:53.093  1163  1511 E PkgPredictorService-Collector: record changed bt=1  wifi=1 screen=0
02-05 17:40:53.093  1163  1511 D PkgPredictorService: previous pkgs: com.example.dogglers,com.example.dogglers,com.example.dogglers running pkg: com.example.dogglers, uid: 0 is system: false
02-05 17:40:53.093  1163  1511 D PkgPredictorService-Collector: save record...
02-05 17:40:53.093  1163  1511 D PkgPredictorService-Collector:  (hour:17 day:7 previous:[com.example.dogglers, com.example.dogglers, com.example.dogglers] activityName:unknown running:com.example.dogglers userId:0 screenOrientation:0 wifi:1 bt:1 predictTime:0 apkVersion:1.0 consumeTime:-1 preloaded:false>)
02-05 17:40:53.093  1163  1511 D PkgPredictorService-NapPreloadController: User using: com.example.dogglers
02-05 17:40:53.093  1163  1511 I PkgPredictorService-NapClassifier: RF predict version:1644037200287
02-05 17:40:53.093  1163  1237 D SehCodecSolutionService: Update top [com.example.dogglers]
02-05 17:40:53.094  1163  1511 D PkgPredictorService-NapClassifier: Predict result: 22.0,-1.0,-1.0,-1.0,-1.0,-1.0,-1.0,-1.0,-1.0, - [0_&_com.laurencedawson.reddit_sync.pro]
02-05 17:40:53.095 15500 15500 D LifecycleMonitor: Lifecycle status change: androidx.test.core.app.InstrumentationActivityInvoker$BootstrapActivity@db8b418 in: CREATED
02-05 17:40:53.095 15500 15500 D LifecycleMonitor: running callback: androidx.test.core.app.ActivityScenario$1@1142e71
02-05 17:40:53.095 15500 15500 V ActivityScenario: Activity lifecycle changed event received but ignored because the intent does not match. startActivityIntent=Intent { act=android.intent.action.MAIN cat=[android.intent.category.LAUNCHER] cmp=com.example.dogglers/.MainActivity }, activity.getIntent()=Intent { act=android.intent.action.MAIN cat=[android.intent.category.LAUNCHER] flg=0x10008000 cmp=com.example.dogglers/androidx.test.core.app.InstrumentationActivityInvoker$BootstrapActivity (has extras) }, activity=androidx.test.core.app.InstrumentationActivityInvoker$BootstrapActivity@db8b418
02-05 17:40:53.095 15500 15500 D LifecycleMonitor: callback completes: androidx.test.core.app.ActivityScenario$1@1142e71
02-05 17:40:53.096 15500 15500 D LifecycleMonitor: Lifecycle status change: androidx.test.core.app.InstrumentationActivityInvoker$BootstrapActivity@db8b418 in: STARTED
02-05 17:40:53.096 15500 15500 D LifecycleMonitor: running callback: androidx.test.core.app.ActivityScenario$1@1142e71
02-05 17:40:53.096 15500 15500 V ActivityScenario: Activity lifecycle changed event received but ignored because the intent does not match. startActivityIntent=Intent { act=android.intent.action.MAIN cat=[android.intent.category.LAUNCHER] cmp=com.example.dogglers/.MainActivity }, activity.getIntent()=Intent { act=android.intent.action.MAIN cat=[android.intent.category.LAUNCHER] flg=0x10008000 cmp=com.example.dogglers/androidx.test.core.app.InstrumentationActivityInvoker$BootstrapActivity (has extras) }, activity=androidx.test.core.app.InstrumentationActivityInvoker$BootstrapActivity@db8b418
02-05 17:40:53.096 15500 15500 D LifecycleMonitor: callback completes: androidx.test.core.app.ActivityScenario$1@1142e71
02-05 17:40:53.098   789  2265 I SurfaceFlinger: id=79644 createSurf (0x0),-1 flag=80004, ActivityRecord{9b29f8 u0 com.example.dogglers/.MainActivity t12728}#0
02-05 17:40:53.101  1163  3938 I InputDispatcher: Focus left window (2003): 6030dc2 in display 0 0
02-05 17:40:53.102  1163  1801 W WindowManager: lockNow pending, ignore updating lockscreen timeout
02-05 17:40:53.103  1163  1240 V WindowManager: Relayout Window{e070c9d u0 Splash Screen com.example.dogglers}: viewVisibility=0 req=1080x2400
02-05 17:40:53.103 15500 15500 D LifecycleMonitor: Lifecycle status change: androidx.test.core.app.InstrumentationActivityInvoker$BootstrapActivity@db8b418 in: RESUMED
02-05 17:40:53.103 15500 15500 D LifecycleMonitor: running callback: androidx.test.core.app.ActivityScenario$1@1142e71
02-05 17:40:53.103  2003  2003 I ViewRootImpl@e2e8b8d[LauncherActivity]: MSG_WINDOW_FOCUS_CHANGED 0 1
02-05 17:40:53.103 15500 15500 V ActivityScenario: Activity lifecycle changed event received but ignored because the intent does not match. startActivityIntent=Intent { act=android.intent.action.MAIN cat=[android.intent.category.LAUNCHER] cmp=com.example.dogglers/.MainActivity }, activity.getIntent()=Intent { act=android.intent.action.MAIN cat=[android.intent.category.LAUNCHER] flg=0x10008000 cmp=com.example.dogglers/androidx.test.core.app.InstrumentationActivityInvoker$BootstrapActivity (has extras) }, activity=androidx.test.core.app.InstrumentationActivityInvoker$BootstrapActivity@db8b418
02-05 17:40:53.103 15500 15500 D LifecycleMonitor: callback completes: androidx.test.core.app.ActivityScenario$1@1142e71
02-05 17:40:53.104  1163  1240 W WindowManager: lockNow pending, ignore updating lockscreen timeout
02-05 17:40:53.107  1163  1240 D WindowManager: isScreenshotDisabledLocked - win: Window{e070c9d u0 Splash Screen com.example.dogglers}
02-05 17:40:53.107  1163  1240 D WindowManager: isScreenshotDisabledLocked: userId = 0, disabled =false
02-05 17:40:53.107   789  2265 I SurfaceFlinger: id=79645 createSurf (1080x2400),1 flag=404, Splash Screen com.example.dogglers#0
02-05 17:40:53.108  1163  1240 V WindowOrientationListener: getProposedRotation: 0
02-05 17:40:53.108  1163  1240 V WindowManager: Relayout hash=e070c9d, pid=1163: mAttrs={(0,0)(fillxfill) sim={adjust=pan} layoutInDisplayCutoutMode=shortEdges ty=APPLICATION_STARTING wanim=0x1030001
02-05 17:40:53.108  1163  1240 V WindowManager:   fl=1830118
02-05 17:40:53.108  1163  1240 V WindowManager:   pfl=12020011
02-05 17:40:53.108  1163  1240 V WindowManager:   fitSides= naviIconColor=0}
02-05 17:40:53.108  1163  1240 I ViewRootImpl@148bf74[dogglers]: Relayout returned: old=(0,0,1080,2400) new=(0,0,1080,2400) req=(1080,2400)0 dur=7 res=0x7 s={true 497474408448} ch=true fn=-1
02-05 17:40:53.109 15500 15500 D LifecycleMonitor: Lifecycle status change: androidx.test.core.app.InstrumentationActivityInvoker$BootstrapActivity@db8b418 in: PAUSED
02-05 17:40:53.109 15500 15500 D LifecycleMonitor: running callback: androidx.test.core.app.ActivityScenario$1@1142e71
02-05 17:40:53.109  1163  1240 I ViewRootImpl@148bf74[dogglers]: [DP] dp(1) 1 android.view.ViewRootImpl.reportNextDraw:10957 android.view.ViewRootImpl.performTraversals:3845 android.view.ViewRootImpl.doTraversal:2618
02-05 17:40:53.109 15500 15500 V ActivityScenario: Activity lifecycle changed event received but ignored because the intent does not match. startActivityIntent=Intent { act=android.intent.action.MAIN cat=[android.intent.category.LAUNCHER] cmp=com.example.dogglers/.MainActivity }, activity.getIntent()=Intent { act=android.intent.action.MAIN cat=[android.intent.category.LAUNCHER] flg=0x10008000 cmp=com.example.dogglers/androidx.test.core.app.InstrumentationActivityInvoker$BootstrapActivity (has extras) }, activity=androidx.test.core.app.InstrumentationActivityInvoker$BootstrapActivity@db8b418
02-05 17:40:53.109 15500 15500 D LifecycleMonitor: callback completes: androidx.test.core.app.ActivityScenario$1@1142e71
02-05 17:40:53.110  1163  3938 V WindowOrientationListener: getProposedRotation: 0
02-05 17:40:53.110  1163  3938 V WindowOrientationListener: getProposedRotation: 0
02-05 17:40:53.111  1163  3938 V WindowOrientationListener: getProposedRotation: 0
02-05 17:40:53.111  1163  3938 D InputDispatcher: Focused application set to (0): 9b29f8
02-05 17:40:53.113   716   953 D gralloc : [mali_gralloc_allocate] begin
02-05 17:40:53.113   716   953 D gralloc : buffer_descriptor: wh(1080 2400) usage_pc(0x966 0x906) hal_format(0x1) layer_count(1) sizes(0 0 0) strde(0) byte_stride(0) alloc_wh(0 0) internal_format(0x0) alloc_format(0x0) fd_count(1) plane_count(0)
02-05 17:40:53.113  1163  3938 W WindowManager: lockNow pending, ignore updating lockscreen timeout
02-05 17:40:53.113   716   953 D gralloc : [mali_gralloc_allocate] allocation successful
02-05 17:40:53.119  2003  2003 I BadgeRenderer: Invalid count : 0
02-05 17:40:53.119  2003  2003 I BadgeRenderer: Invalid count : 0
02-05 17:40:53.119  2003  2003 I BadgeRenderer: Invalid count : 0
02-05 17:40:53.119  2003  2003 I BadgeRenderer: Invalid count : 0
02-05 17:40:53.119  2003  2003 I BadgeRenderer: Invalid count : 0
02-05 17:40:53.119  2003  2003 I BadgeRenderer: Invalid count : 0
02-05 17:40:53.120 15500 15500 D LifecycleMonitor: Lifecycle status change: com.example.dogglers.MainActivity@785ee30 in: PRE_ON_CREATE
02-05 17:40:53.120 15500 15500 D LifecycleMonitor: running callback: androidx.test.core.app.ActivityScenario$1@1142e71
02-05 17:40:53.120  1163  1240 I ViewRootImpl@148bf74[dogglers]: [DP] pdf(0) 1 android.view.ViewRootImpl.performDraw:4809 android.view.ViewRootImpl.performTraversals:3866 android.view.ViewRootImpl.doTraversal:2618
02-05 17:40:53.120  1163  1240 I ViewRootImpl@148bf74[dogglers]: [DP] rdf()
02-05 17:40:53.121 15500 15500 V ActivityScenario: Activity lifecycle changed event received but ignored because the reported transition was not ON_CREATE while the last known transition was PRE_ON_CREATE
02-05 17:40:53.121 15500 15500 D LifecycleMonitor: callback completes: androidx.test.core.app.ActivityScenario$1@1142e71
02-05 17:40:53.126  1163  1240 W WindowManager: lockNow pending, ignore updating lockscreen timeout
02-05 17:40:53.131  1680  2416 D WallpaperService: dispatchAppVisibility onVisibilityChanged(): false
02-05 17:40:53.131  1680  1680 D WallpaperService: reportVisibility onVisibilityChanged visible: false
02-05 17:40:53.131  1680  1806 I ImageWallpaper:  onVisibilityChanged false , 0
02-05 17:40:53.131 15500 15500 I DecorView: [INFO] isPopOver=false, config=true
02-05 17:40:53.131 15500 15500 I DecorView: updateCaptionType >> DecorView@983804a[], isFloating=false, isApplication=true, hasWindowDecorCaption=false, hasWindowControllerCallback=true
02-05 17:40:53.132 15500 15500 D DecorView: setCaptionType = 0, this = DecorView@983804a[]
02-05 17:40:53.132  1163  1240 I SurfaceControl: nativeRelease nativeObject s[499183881632]
02-05 17:40:53.132  1163  1240 I SurfaceControl: nativeRelease nativeObject e[499183881632]
02-05 17:40:53.132   789  1272 I SurfaceFlinger: id=79646 createSurf (0x0),-1 flag=24000, Surface(name=8c655e2 StatusBar)/@0x44a9b07 - animation-leash#0
02-05 17:40:53.133  1163  1240 I SurfaceControl: nativeRelease nativeObject s[499183881920]
02-05 17:40:53.133  1163  1240 I SurfaceControl: nativeRelease nativeObject e[499183881920]
02-05 17:40:53.133   789  1272 I SurfaceFlinger: id=79647 createSurf (0x0),-1 flag=24000, Surface(name=b29f82b NavigationBar0)/@0x8634759 - animation-leash#1
02-05 17:40:53.134  1163  1240 W WindowManager: lockNow pending, ignore updating lockscreen timeout
02-05 17:40:53.135   789  1272 I Layer   : id=79635 removeFromCurrentState Surface(name=8c655e2 StatusBar)/@0x44a9b07 - animation-leash#1 (182)
02-05 17:40:53.135   789  1272 I Layer   : id=79636 removeFromCurrentState Surface(name=b29f82b NavigationBar0)/@0x8634759 - animation-leash#0 (182)
02-05 17:40:53.136  2003  4215 I mali_egl: eglDestroySurface() in
02-05 17:40:53.137  2003  4215 I mali_winsys: delete_surface() [1080x2400] return
02-05 17:40:53.137  2003  4215 I mali_egl: eglDestroySurface() out
02-05 17:40:53.137   789  1272 E BufferQueueProducer: [com.sec.android.app.launcher/com.sec.android.app.launcher.activities.LauncherActivity$_2003#0](id:315000036b4,api:0,p:-1,c:789) disconnect: not connected (req=1)
02-05 17:40:53.137  2003  4215 W libEGL  : EGLNativeWindowType 0x73d44f9010 disconnect failed
02-05 17:40:53.138  1163  1796 V WindowManager: Relayout Window{6030dc2 u0 com.sec.android.app.launcher/com.sec.android.app.launcher.activities.LauncherActivity}: viewVisibility=8 req=1080x2400
02-05 17:40:53.139  1163  1796 W WindowManager: lockNow pending, ignore updating lockscreen timeout
02-05 17:40:53.141 15500 15500 D LifecycleMonitor: Lifecycle status change: com.example.dogglers.MainActivity@785ee30 in: CREATED
02-05 17:40:53.141 15500 15500 D LifecycleMonitor: running callback: androidx.test.core.app.ActivityScenario$1@1142e71
02-05 17:40:53.141 15500 15500 V ActivityScenario: Update currentActivityStage to CREATED, currentActivity=com.example.dogglers.MainActivity@785ee30
02-05 17:40:53.141  1163  1796 V WindowManager: Relayout hash=6030dc2, pid=2003: mAttrs={(0,0)(fillxfill) sim={adjust=nothing} layoutInDisplayCutoutMode=shortEdges ty=BASE_APPLICATION fmt=TRANSPARENT wanim=0x10302f2
02-05 17:40:53.141  1163  1796 V WindowManager:   fl=81910100
02-05 17:40:53.141  1163  1796 V WindowManager:   pfl=16020000
02-05 17:40:53.141  1163  1796 V WindowManager:   vsysui=1700
02-05 17:40:53.141  1163  1796 V WindowManager:   apr=LIGHT_STATUS_BARS
02-05 17:40:53.141  1163  1796 V WindowManager:   bhv=SHOW_TRANSIENT_BARS_BY_SWIPE
02-05 17:40:53.141  1163  1796 V WindowManager:   fitSides= dimAmount=0.125 dimDuration=200 naviIconColor=0}
02-05 17:40:53.141 15500 15500 D LifecycleMonitor: callback completes: androidx.test.core.app.ActivityScenario$1@1142e71
02-05 17:40:53.141  1163  1237 D WindowManager: setDisableFlags: displayId=0, vis=0x8008, appearance=0, transientState=Pair{[I@2e15709 [I@c6cfd0e}, isFullscreen=false, isImmersive=false, barType=0, win=Window{e070c9d u0 Splash Screen com.example.dogglers}
02-05 17:40:53.141  2003  2003 I SurfaceControl: nativeRelease nativeObject s[497484220544]
02-05 17:40:53.141  2003  2003 I SurfaceControl: nativeRelease nativeObject e[497484220544]
02-05 17:40:53.142  2003  2003 I SurfaceControl: assignNativeObject: nativeObject = 0 Surface(name=null)/@0x631c8c8 / android.view.SurfaceControl.readFromParcel:1117 android.view.IWindowSession$Stub$Proxy.relayout:1810 android.view.ViewRootImpl.relayoutWindow:9005 android.view.ViewRootImpl.performTraversals:3360 android.view.ViewRootImpl.doTraversal:2618 android.view.ViewRootImpl$TraversalRunnable.run:9971 android.view.Choreographer$CallbackRecord.run:1010 android.view.Choreographer.doCallbacks:809 android.view.Choreographer.doFrame:744 android.view.Choreographer$FrameDisplayEventReceiver.run:995
02-05 17:40:53.142  2003  2003 I SurfaceControl: assignNativeObject: nativeObject = 0 Surface(name=null)/@0x37cdda1 / android.view.SurfaceControl.readFromParcel:1117 android.view.IWindowSession$Stub$Proxy.relayout:1820 android.view.ViewRootImpl.relayoutWindow:9005 android.view.ViewRootImpl.performTraversals:3360 android.view.ViewRootImpl.doTraversal:2618 android.view.ViewRootImpl$TraversalRunnable.run:9971 android.view.Choreographer$CallbackRecord.run:1010 android.view.Choreographer.doCallbacks:809 android.view.Choreographer.doFrame:744 android.view.Choreographer$FrameDisplayEventReceiver.run:995
02-05 17:40:53.143  2003  2003 I SurfaceControl: nativeRelease nativeObject s[499184610240]
02-05 17:40:53.143  2003  2003 I SurfaceControl: nativeRelease nativeObject e[499184610240]
02-05 17:40:53.143  2003  2003 I SurfaceControl: nativeRelease nativeObject s[497484220640]
02-05 17:40:53.143  2003  2003 I SurfaceControl: nativeRelease nativeObject e[497484220640]
02-05 17:40:53.143  2003  2003 I SurfaceControl: nativeRelease nativeObject s[499183204832]
02-05 17:40:53.143  2003  2003 I SurfaceControl: nativeRelease nativeObject e[499183204832]
02-05 17:40:53.143  2003  2003 I ViewRootImpl@e2e8b8d[LauncherActivity]: Relayout returned: old=(0,0,1080,2400) new=(0,0,1080,2400) req=(1080,2400)8 dur=5 res=0x5 s={false 0} ch=true fn=25
02-05 17:40:53.143 15500 15500 D LifecycleMonitor: Lifecycle status change: com.example.dogglers.MainActivity@785ee30 in: STARTED
02-05 17:40:53.143 15500 15500 D LifecycleMonitor: running callback: androidx.test.core.app.ActivityScenario$1@1142e71
02-05 17:40:53.143 15500 15500 V ActivityScenario: Update currentActivityStage to STARTED, currentActivity=com.example.dogglers.MainActivity@785ee30
02-05 17:40:53.143 15500 15500 D LifecycleMonitor: callback completes: androidx.test.core.app.ActivityScenario$1@1142e71
02-05 17:40:53.144 15500 15500 D LifecycleMonitor: Lifecycle status change: com.example.dogglers.MainActivity@785ee30 in: RESUMED
02-05 17:40:53.144 15500 15500 D LifecycleMonitor: running callback: androidx.test.core.app.ActivityScenario$1@1142e71
02-05 17:40:53.144 15500 15500 V ActivityScenario: Update currentActivityStage to RESUMED, currentActivity=com.example.dogglers.MainActivity@785ee30
02-05 17:40:53.144 15500 15500 D LifecycleMonitor: callback completes: androidx.test.core.app.ActivityScenario$1@1142e71
02-05 17:40:53.146  2003  2003 I SurfaceControl: nativeRelease nativeObject s[497484220544]
02-05 17:40:53.146  2003  2003 I SurfaceControl: nativeRelease nativeObject e[497484220544]
02-05 17:40:53.147  2003  2003 I ViewRootImpl@e2e8b8d[LauncherActivity]: stopped(true) old=false
02-05 17:40:53.147  1163  1235 D InputTransport: Input channel constructed: 'd7fdc1a', fd=857
02-05 17:40:53.147  1163  1235 D InputTransport: Input channel constructed: 'd7fdc1a', fd=960
02-05 17:40:53.147  2003  2003 I StateManager: goToState isInState Normal
02-05 17:40:53.148   789  1272 I SurfaceFlinger: id=79648 createSurf (0x0),-1 flag=80004, d7fdc1a com.example.dogglers/com.example.dogglers.MainActivity#0
02-05 17:40:53.148  1163  1235 D WindowManager: isScreenshotDisabledLocked - win: Window{d7fdc1a u0 com.example.dogglers/com.example.dogglers.MainActivity}
02-05 17:40:53.148  1163  1235 D WindowManager: isScreenshotDisabledLocked: userId = 0, disabled =false
02-05 17:40:53.148  1163  1235 D InputTransport: Input channel destroyed: 'd7fdc1a', fd=960
02-05 17:40:53.149 15500 15500 D InputTransport: Input channel constructed: 'd7fdc1a', fd=90
02-05 17:40:53.150 15500 15500 I ViewRootImpl@8b8f225[MainActivity]: setView = com.android.internal.policy.DecorView@983804a TM=true
02-05 17:40:53.150  2003  2003 W LauncherAppWidgetHost: setListenIfResumed, mFlags = 7
02-05 17:40:53.150  1163  1796 I AppWidgetServiceImpl: stopListening callbacks : null
02-05 17:40:53.150  2003  2003 W Launcher.NotificationListener: removeNotificationsChangedListener
02-05 17:40:53.150  2003  2003 I BadgeCountUpdaterImpl: onNotificationsChangedDisConnected
02-05 17:40:53.150  2003  2003 I Launcher.NotificationListener: unregisterObserver, this is not notificationService!!
02-05 17:40:53.150 15500 15500 D IdlingResourceRegistry: All idling resources are idle.
02-05 17:40:53.150  2003  2003 W PageOverlayMover: updateActivityLifecycleState : 4
02-05 17:40:53.151 15500 15500 D LifecycleMonitor: Lifecycle status change: androidx.test.core.app.InstrumentationActivityInvoker$BootstrapActivity@db8b418 in: STOPPED
02-05 17:40:53.151 15500 15500 D LifecycleMonitor: running callback: androidx.test.core.app.ActivityScenario$1@1142e71
02-05 17:40:53.151 15500 15500 V ActivityScenario: Activity lifecycle changed event received but ignored because the intent does not match. startActivityIntent=Intent { act=android.intent.action.MAIN cat=[android.intent.category.LAUNCHER] cmp=com.example.dogglers/.MainActivity }, activity.getIntent()=Intent { act=android.intent.action.MAIN cat=[android.intent.category.LAUNCHER] flg=0x10008000 cmp=com.example.dogglers/androidx.test.core.app.InstrumentationActivityInvoker$BootstrapActivity (has extras) }, activity=androidx.test.core.app.InstrumentationActivityInvoker$BootstrapActivity@db8b418
02-05 17:40:53.151 15500 15500 D LifecycleMonitor: callback completes: androidx.test.core.app.ActivityScenario$1@1142e71
02-05 17:40:53.154  1163  1240 W WindowManager: lockNow pending, ignore updating lockscreen timeout
02-05 17:40:53.154  1680  1680 D NavigationBar: onSystemBarAppearanceChanged() -  displayId:0, appearance:0, navbarColorManagedByIme:false
02-05 17:40:53.154   851  2286 I CameraService: notifyMonitoredUids
02-05 17:40:53.154   789   789 D SurfaceFlinger: Display 21442653864348033 HWC layers:
02-05 17:40:53.154   789   789 D SurfaceFlinger:      DEVICE | 0x7428c40740 | 0002 | RGBA_8888    |    0.0    0.0 1080.0 2400.0 |    0    0 1080 2400 | Splash Screen com.example.dogglers#0
02-05 17:40:53.154   789   789 D SurfaceFlinger:      DEVICE | 0x7428c3e6c0 | 0000 | RGBA_8888    |    0.0    0.0 1080.0   88.0 |    0    0 1080   88 | StatusBar$_1680#0
02-05 17:40:53.154   789   789 D SurfaceFlinger:      DEVICE | 0x7428c40600 | 0000 | RGBA_8888    |    0.0    0.0 1080.0  144.0 |    0 2256 1080 2400 | NavigationBar0$_1680#0
02-05 17:40:53.154   789   789 D SurfaceFlinger:      DEVICE | 0x7408191180 | 0000 | RGBA_8888    |    0.0    0.0 1080.0  125.0 |    0    0 1080  125 | ScreenDecorOverlay$_1680#0
02-05 17:40:53.154   789   789 D SurfaceFlinger:      DEVICE | 0x7428c3f480 | 0000 | RGBA_8888    |    0.0    0.0 1080.0  112.0 |    0 2288 1080 2400 | ScreenDecorOverlayBottom$_1680#0
02-05 17:40:53.154   789   789 D SurfaceFlinger:
02-05 17:40:53.155  1680  1680 D SecStatusBarMobileView: setStaticDrawableColor:
02-05 17:40:53.156  1680  1680 D SecLightBarControlHelper: updateStatus(WHITE icon) NumLightStacks:0, NumStacks:1, IndexLightStack:-1, StatusBarMode:0, StatusBarState:SHD, NeedDarkFontFromWallpaper:true, isWhiteKeyguardStatusBarBySettings:true
02-05 17:40:53.157  2003  2003 I LiveIconUpdateEventHandler: cancelMinuteChangeAlarm
02-05 17:40:53.157  1163  1796 V WindowManager: Relayout Window{d7fdc1a u0 com.example.dogglers/com.example.dogglers.MainActivity}: viewVisibility=0 req=1080x2400
02-05 17:40:53.158  1163  1796 W WindowManager: lockNow pending, ignore updating lockscreen timeout
02-05 17:40:53.159  2003  2003 I LiveIconUpdateEventHandler: cancelDateChangeAlarm
02-05 17:40:53.159  1163  1796 D WindowManager: isScreenshotDisabledLocked - win: Window{d7fdc1a u0 com.example.dogglers/com.example.dogglers.MainActivity}
02-05 17:40:53.159  1163  1796 D WindowManager: isScreenshotDisabledLocked: userId = 0, disabled =false
02-05 17:40:53.159   789  2265 I SurfaceFlinger: id=79649 createSurf (1080x2400),1 flag=404, com.example.dogglers/com.example.dogglers.MainActivity$_15500#0
02-05 17:40:53.168  1680  1680 D SecStatusBarMobileView: setStaticDrawableColor:
02-05 17:40:53.172  1163  1796 I SurfaceControl: nativeRelease nativeObject s[496861212640]
02-05 17:40:53.172  1163  1796 I SurfaceControl: nativeRelease nativeObject e[496861212640]
02-05 17:40:53.172   789  2265 I SurfaceFlinger: id=79650 createSurf (0x0),-1 flag=24000, Surface(name=8c655e2 StatusBar)/@0x44a9b07 - animation-leash#1
02-05 17:40:53.173  1163  1796 I SurfaceControl: nativeRelease nativeObject s[496861212832]
02-05 17:40:53.173  1163  1796 I SurfaceControl: nativeRelease nativeObject e[496861212832]
02-05 17:40:53.173   789  1272 I SurfaceFlinger: id=79651 createSurf (0x0),-1 flag=24000, Surface(name=b29f82b NavigationBar0)/@0x8634759 - animation-leash#0
02-05 17:40:53.175  1163  1796 V WindowManager: Relayout hash=d7fdc1a, pid=15500: mAttrs={(0,0)(fillxfill) sim={adjust=pan forwardNavigation} ty=BASE_APPLICATION wanim=0x1030304
02-05 17:40:53.175  1163  1796 V WindowManager:   fl=81810100
02-05 17:40:53.175  1163  1796 V WindowManager:   pfl=12020000
02-05 17:40:53.175  1163  1796 V WindowManager:   fitSides= naviIconColor=0}
02-05 17:40:53.175  1163  1796 I SurfaceControl: nativeRelease nativeObject s[496860780672]
02-05 17:40:53.175  1163  1796 I SurfaceControl: nativeRelease nativeObject e[496860780672]
02-05 17:40:53.175  1163  1235 V WindowManager: Relayout Window{b594a18 u0 NotificationShade}: viewVisibility=4 req=1080x2400
02-05 17:40:53.176 15500 15500 I SurfaceControl: assignNativeObject: nativeObject = 0 Surface(name=null)/@0xa112452 / android.view.SurfaceControl.readFromParcel:1117 android.view.IWindowSession$Stub$Proxy.relayout:1820 android.view.ViewRootImpl.relayoutWindow:9005 android.view.ViewRootImpl.performTraversals:3360 android.view.ViewRootImpl.doTraversal:2618 android.view.ViewRootImpl$TraversalRunnable.run:9971 android.view.Choreographer$CallbackRecord.run:1010 android.view.Choreographer.doCallbacks:809 android.view.Choreographer.doFrame:744 android.view.Choreographer$FrameDisplayEventReceiver.run:995
02-05 17:40:53.176  1163  1235 W WindowManager: lockNow pending, ignore updating lockscreen timeout
02-05 17:40:53.176 15500 15500 I ViewRootImpl@8b8f225[MainActivity]: Relayout returned: old=(0,0,1080,2400) new=(0,0,1080,2400) req=(1080,2400)0 dur=19 res=0x7 s={true 499017125888} ch=true fn=-1
02-05 17:40:53.177   789  1272 I Layer   : id=79646 removeFromCurrentState Surface(name=8c655e2 StatusBar)/@0x44a9b07 - animation-leash#0 (186)
02-05 17:40:53.177   789  1272 I Layer   : id=79647 removeFromCurrentState Surface(name=b29f82b NavigationBar0)/@0x8634759 - animation-leash#1 (186)
02-05 17:40:53.177 15500 15565 I mali_winsys: new_window_surface() [1080x2400] return: 0x3000
02-05 17:40:53.178  1163  1235 V WindowManager: Relayout hash=b594a18, pid=1680: mAttrs={(0,0)(fillxfill) gr=TOP CENTER_VERTICAL sim={adjust=resize} layoutInDisplayCutoutMode=always ty=2040 fmt=TRANSLUCENT colorMode=COLOR_MODE_WIDE_COLOR_GAMUT
02-05 17:40:53.178  1163  1235 V WindowManager:   fl=81840048
02-05 17:40:53.178  1163  1235 V WindowManager:   pfl=1b000000
02-05 17:40:53.178  1163  1235 V WindowManager:   bhv=SHOW_TRANSIENT_BARS_BY_SWIPE dimAmount=0.0 naviIconColor=0
02-05 17:40:53.178  1163  1235 V WindowManager:   sfl=40000}
02-05 17:40:53.178  1163  1240 I SurfaceControl: nativeRelease nativeObject s[499183881632]
02-05 17:40:53.178  1163  1240 I SurfaceControl: nativeRelease nativeObject e[499183881632]
02-05 17:40:53.179   789  1272 I SurfaceFlinger: id=79647 Removed Surface(name=b29f82b NavigationBar0)/@0x8634759 - animation-leash#1 (186)
02-05 17:40:53.179  1163  1240 I SurfaceControl: nativeRelease nativeObject s[499183881920]
02-05 17:40:53.179  1163  1240 I SurfaceControl: nativeRelease nativeObject e[499183881920]
02-05 17:40:53.179   789  1272 I SurfaceFlinger: id=79646 Removed Surface(name=8c655e2 StatusBar)/@0x44a9b07 - animation-leash#0 (186)
02-05 17:40:53.179  1680  1680 I SurfaceControl: assignNativeObject: nativeObject = 0 Surface(name=null)/@0x7632417 / android.view.SurfaceControl.readFromParcel:1117 android.view.IWindowSession$Stub$Proxy.relayout:1810 android.view.ViewRootImpl.relayoutWindow:9005 android.view.ViewRootImpl.performTraversals:3360 android.view.ViewRootImpl.doTraversal:2618 android.view.ViewRootImpl$TraversalRunnable.run:9971 android.view.Choreographer$CallbackRecord.run:1010 android.view.Choreographer.doCallbacks:809 android.view.Choreographer.doFrame:744 android.view.Choreographer$FrameDisplayEventReceiver.run:995
02-05 17:40:53.179  1680  1680 I SurfaceControl: assignNativeObject: nativeObject = 0 Surface(name=null)/@0x2dd2a3a / android.view.SurfaceControl.readFromParcel:1117 android.view.IWindowSession$Stub$Proxy.relayout:1820 android.view.ViewRootImpl.relayoutWindow:9005 android.view.ViewRootImpl.performTraversals:3360 android.view.ViewRootImpl.doTraversal:2618 android.view.ViewRootImpl$TraversalRunnable.run:9971 android.view.Choreographer$CallbackRecord.run:1010 android.view.Choreographer.doCallbacks:809 android.view.Choreographer.doFrame:744 android.view.Choreographer$FrameDisplayEventReceiver.run:995
02-05 17:40:53.179  1680  1680 I ViewRootImpl@cb447c7[NotificationShade]: Relayout returned: old=(0,0,1080,2400) new=(0,0,1080,2400) req=(1080,2400)4 dur=8 res=0x1 s={false 0} ch=false fn=-1
02-05 17:40:53.180 15500 15500 I ViewRootImpl@8b8f225[MainActivity]: [DP] dp(1) 1 android.view.ViewRootImpl.reportNextDraw:10957 android.view.ViewRootImpl.performTraversals:3845 android.view.ViewRootImpl.doTraversal:2618
02-05 17:40:53.180 15500 15500 I ViewRootImpl@8b8f225[MainActivity]: [DP] pd() Asnyc report
02-05 17:40:53.180  1680  1680 D KeyguardBottomAreaShortcutView: updateCameraVisibility isCameraDisabled:false visible:true
02-05 17:40:53.180  1680  1680 D KeyguardBottomAreaShortcutView: mIndicationArea margin start : 180, end : 180, bottom : 400
02-05 17:40:53.181  1680  1680 D MediaControlPanel: mActionButtonNumCollapsed = 1, mActionButtonNumExpand = 1
02-05 17:40:53.181  1680  1680 D MediaControlPanel: mActionButtonNumCollapsed = 1, mActionButtonNumExpand = 1
02-05 17:40:53.181  1680  1680 D MediaControlPanel: mActionButtonNumCollapsed = 1, mActionButtonNumExpand = 1
02-05 17:40:53.181  1680  1680 D MediaControlPanel: mActionButtonNumCollapsed = 1, mActionButtonNumExpand = 1
02-05 17:40:53.181  1680  1680 D MediaControlPanel: mActionButtonNumCollapsed = 1, mActionButtonNumExpand = 1
02-05 17:40:53.181  1680  1680 D MediaControlPanel: mActionButtonNumCollapsed = 1, mActionButtonNumExpand = 1
02-05 17:40:53.181  1680  1680 D MediaControlPanel: mActionButtonNumCollapsed = 1, mActionButtonNumExpand = 1
02-05 17:40:53.181  1680  1680 D MediaControlPanel: mActionButtonNumCollapsed = 1, mActionButtonNumExpand = 1
02-05 17:40:53.181  1680  1680 D MediaControlPanel: mActionButtonNumCollapsed = 3, mActionButtonNumExpand = 5
02-05 17:40:53.181  1680  1680 D MediaControlPanel: mActionButtonNumCollapsed = 3, mActionButtonNumExpand = 5
02-05 17:40:53.181  2003  2003 I LiveIconUpdateEventHandler: unregisterReceiver
02-05 17:40:53.185   789   789 I Layer   : id=79646[1] Destroyed Surface(name=8c655e2 StatusBar)/@0x44a9b07 - animation-leash#0
02-05 17:40:53.185   789   789 I Layer   : id=79647[1] Destroyed Surface(name=b29f82b NavigationBar0)/@0x8634759 - animation-leash#1
02-05 17:40:53.185   716   953 D gralloc : [mali_gralloc_allocate] begin
02-05 17:40:53.185   716   953 D gralloc : buffer_descriptor: wh(1080 2400) usage_pc(0x40000000000b00 0x40000000000b00) hal_format(0x1) layer_count(1) sizes(0 0 0) strde(0) byte_stride(0) alloc_wh(0 0) internal_format(0x0) alloc_format(0x0) fd_count(1) plane_count(0)
02-05 17:40:53.186  1680  1680 D SecStatusBarMobileView: setStaticDrawableColor:
02-05 17:40:53.186  1680  1680 D MediaControlPanel: mActionButtonNumCollapsed = 1, mActionButtonNumExpand = 1
02-05 17:40:53.186  1680  1680 D MediaControlPanel: mActionButtonNumCollapsed = 1, mActionButtonNumExpand = 1
02-05 17:40:53.186  1680  1680 D MediaControlPanel: mActionButtonNumCollapsed = 1, mActionButtonNumExpand = 1
02-05 17:40:53.186  1680  1680 D MediaControlPanel: mActionButtonNumCollapsed = 1, mActionButtonNumExpand = 1
02-05 17:40:53.186  1680  1680 D MediaControlPanel: mActionButtonNumCollapsed = 1, mActionButtonNumExpand = 1
02-05 17:40:53.186  1680  1680 D MediaControlPanel: mActionButtonNumCollapsed = 1, mActionButtonNumExpand = 1
02-05 17:40:53.186  1680  1680 D MediaControlPanel: mActionButtonNumCollapsed = 1, mActionButtonNumExpand = 1
02-05 17:40:53.186  1680  1680 D MediaControlPanel: mActionButtonNumCollapsed = 1, mActionButtonNumExpand = 1
02-05 17:40:53.186  1680  1680 D MediaControlPanel: mActionButtonNumCollapsed = 3, mActionButtonNumExpand = 5
02-05 17:40:53.186  1680  1680 D MediaControlPanel: mActionButtonNumCollapsed = 3, mActionButtonNumExpand = 5
02-05 17:40:53.186   716   953 D gralloc : [mali_gralloc_allocate] allocation successful
02-05 17:40:53.187   716   953 D gralloc : [mali_gralloc_allocate] begin
02-05 17:40:53.187   716   953 D gralloc : buffer_descriptor: wh(1080 2400) usage_pc(0x40000000000b00 0x40000000000b00) hal_format(0x1) layer_count(1) sizes(0 0 0) strde(0) byte_stride(0) alloc_wh(0 0) internal_format(0x0) alloc_format(0x0) fd_count(1) plane_count(0)
02-05 17:40:53.189 15500 15500 I ViewRootImpl@8b8f225[MainActivity]: [DP] pdf(0) 1 android.view.ViewRootImpl.lambda$performDraw$1$ViewRootImpl:4668 android.view.-$$Lambda$ViewRootImpl$DJd0VUYJgsebcnSohO6h8zc_ONI.run:6 android.os.Handler.handleCallback:938
02-05 17:40:53.189 15500 15500 I ViewRootImpl@8b8f225[MainActivity]: [DP] rdf()
02-05 17:40:53.189  1163  1235 I SurfaceControl: nativeRelease nativeObject s[499038986048]
02-05 17:40:53.189  1163  1235 I SurfaceControl: nativeRelease nativeObject e[499038986048]
02-05 17:40:53.190   789  1272 I Layer   : id=79634 removeFromCurrentState com.sec.android.app.launcher/com.sec.android.app.launcher.activities.LauncherActivity$_2003#0 (184)
02-05 17:40:53.190   716   953 D gralloc : [mali_gralloc_allocate] allocation successful
02-05 17:40:53.190   716   953 D gralloc : [mali_gralloc_allocate] begin
02-05 17:40:53.191   716   953 D gralloc : buffer_descriptor: wh(1080 2400) usage_pc(0x40000000000b00 0x40000000000b00) hal_format(0x1) layer_count(1) sizes(0 0 0) strde(0) byte_stride(0) alloc_wh(0 0) internal_format(0x0) alloc_format(0x0) fd_count(1) plane_count(0)
02-05 17:40:53.191   789  1272 I SurfaceFlinger: id=79634 Removed com.sec.android.app.launcher/com.sec.android.app.launcher.activities.LauncherActivity$_2003#0 (184)
02-05 17:40:53.193  1163  1240 W WindowManager: lockNow pending, ignore updating lockscreen timeout
02-05 17:40:53.193   716   953 D gralloc : [mali_gralloc_allocate] allocation successful
02-05 17:40:53.194  1163  1240 W WindowManager: lockNow pending, ignore updating lockscreen timeout
02-05 17:40:53.195  1163  1240 D PkgPredictorService: pkg:com.example.dogglers activity:com.example.dogglers.MainActivity thisTime:157
02-05 17:40:53.195  1163  1240 D PkgPredictorService-Collector: update activity launch time: MainActivity : 157
02-05 17:40:53.195  1163  1240 I SemDvfsHyPerManager: acquire hyper - AMS_RESUME_TAIL/1163@22, type = -999
02-05 17:40:53.195  1163  1240 I SemDvfsHyPerManager: acquire hyper - AMS_ACT_LAZY/1163@23, type = -999
02-05 17:40:53.195   726   817 I HYPER-HAL: [RequestManager.cpp]acquire(): Acquired ID : 702727  [1163 / 22]    HINT : AMS_RESUME_TAIL    list :
02-05 17:40:53.195  1163  1244 D ArtManagerInternalImpl: /data/misc/iorapd/com.example.dogglers/1/com.example.dogglers.MainActivity/compiled_traces/compiled_trace.pb doesn't exist
02-05 17:40:53.195   726   817 I HYPER-HAL: [ResourceManager.cpp]updateResource(): [CPUMinFreq] UpdateResource Request ID : 702727    Value : 1844882
02-05 17:40:53.196   726   817 I HYPER-HAL: [RequestManager.cpp]acquire(): Acquired ID : 703914  [1163 / 23]    HINT :      list :
02-05 17:40:53.196   726   817 E HYPER-HAL: [Request.cpp]acquire(): Request:: id : 703914, No Resource to set
02-05 17:40:53.196   726   817 I HYPER-HAL: [ResourceManager.cpp]removeResource(): [CPUMinFreq] RemoveResource Request ID : 705102
02-05 17:40:53.196   726   817 I HYPER-HAL: [RequestManager.cpp]releaseLocked(): Released ID : 705102
02-05 17:40:53.197  1163  1240 D ViewRootImpl@148bf74[dogglers]: dispatchDetachedFromWindow: reset blurmask
02-05 17:40:53.197  1163  1240 I ViewRootImpl@148bf74[dogglers]: dispatchDetachedFromWindow
02-05 17:40:53.197  1163  1240 I SurfaceControl: nativeRelease nativeObject s[496871094144]
02-05 17:40:53.197  1163  1240 I SurfaceControl: nativeRelease nativeObject e[496871094144]
02-05 17:40:53.198  1163  1240 D InputTransport: Input channel destroyed: 'e070c9d', fd=948
02-05 17:40:53.199   789  1273 I SurfaceFlinger: id=79652 createSurf (0x0),-1 flag=24000, Surface(name=e070c9d Splash Screen com.example.dogglers)/@0x5a2f437 - animation-leash#0
02-05 17:40:53.199  5089 28744 I PageOverlayServiceImpl: [FROM HOME] updateActivityLifecycleState : 4
02-05 17:40:53.199  5089  5089 I PageOverlayCoordinator: onUiStopped
02-05 17:40:53.199  5089  5089 I PageOverlayRootLayout: onUiStopped
02-05 17:40:53.200  1163  1240 W WindowManager: lockNow pending, ignore updating lockscreen timeout
02-05 17:40:53.200  1163  1240 D InputTransport: Input channel destroyed: 'e070c9d', fd=949
02-05 17:40:53.202   789   789 I Layer   : id=79634[1] Destroyed com.sec.android.app.launcher/com.sec.android.app.launcher.activities.LauncherActivity$_2003#0
02-05 17:40:53.202  1680  1680 D SecStatusBarMobileView: setStaticDrawableColor:
02-05 17:40:53.203  1163  1801 I InputDispatcher: Focus entered window (15500): d7fdc1a in display 0 0
02-05 17:40:53.203  1163  1177 W System  : A resource failed to call release.
02-05 17:40:53.203  1163  1177 I SurfaceControl: nativeRelease nativeObject s[499038976448]
02-05 17:40:53.203  1163  1177 I SurfaceControl: nativeRelease nativeObject e[499038976448]
02-05 17:40:53.203  1163  1177 W System  : A resource failed to call release.
02-05 17:40:53.203  1163  1177 I SurfaceControl: nativeRelease nativeObject s[499183905184]
02-05 17:40:53.203  1163  1177 I SurfaceControl: nativeRelease nativeObject e[499183905184]
02-05 17:40:53.203  1163  1177 W System  : A resource failed to call release.
02-05 17:40:53.203  1163  1177 I SurfaceControl: nativeRelease nativeObject s[499183895296]
02-05 17:40:53.203  1163  1177 I SurfaceControl: nativeRelease nativeObject e[499183895296]
02-05 17:40:53.203   789  1273 I SurfaceFlinger: id=79636 Removed Surface(name=b29f82b NavigationBar0)/@0x8634759 - animation-leash#0 (184)
02-05 17:40:53.203   789  2265 I SurfaceFlinger: id=79635 Removed Surface(name=8c655e2 StatusBar)/@0x44a9b07 - animation-leash#1 (184)
02-05 17:40:53.203  1163  1240 W WindowManager: lockNow pending, ignore updating lockscreen timeout
02-05 17:40:53.206  1163  1177 W System  : A resource failed to call release.
02-05 17:40:53.206  1163  1177 I SurfaceControl: nativeRelease nativeObject s[499038985856]
02-05 17:40:53.206  1163  1177 I SurfaceControl: nativeRelease nativeObject e[499038985856]
02-05 17:40:53.206   789  2265 I SurfaceFlinger: id=79629 Removed Surface(name=dbf3b45 InputMethod)/@0xf70bba8 - animation-leash#0 (184)
02-05 17:40:53.206  1163  3944 V WindowManager: Relayout Window{f87dac6 u0 com.samsung.android.app.spage}: viewVisibility=8 req=0x2168
02-05 17:40:53.207  1163  3944 W WindowManager: lockNow pending, ignore updating lockscreen timeout
02-05 17:40:53.207  1163  1177 W System  : A resource failed to call release.
02-05 17:40:53.207  1163  1177 I SurfaceControl: nativeRelease nativeObject s[496871101344]
02-05 17:40:53.207  1163  1177 I SurfaceControl: nativeRelease nativeObject e[496871101344]
02-05 17:40:53.209  1163  3944 V WindowManager: Relayout hash=f87dac6, pid=5089: mAttrs={(0,0)(0xfill) sim={adjust=pan} ty=APPLICATION_PANEL fmt=RGBA_8888
02-05 17:40:53.209  1163  3944 V WindowManager:   fl=1000018
02-05 17:40:53.209  1163  3944 V WindowManager:   pfl=2000040
02-05 17:40:53.209  1163  3944 V WindowManager:   fitTypes=STATUS_BARS NAVIGATION_BARS CAPTION_BAR IME naviIconColor=0}
02-05 17:40:53.209  5089  5089 I SurfaceControl: assignNativeObject: nativeObject = 0 Surface(name=null)/@0xb12fb6b / android.view.SurfaceControl.readFromParcel:1117 android.view.IWindowSession$Stub$Proxy.relayout:1810 android.view.ViewRootImpl.relayoutWindow:9005 android.view.ViewRootImpl.performTraversals:3360 android.view.ViewRootImpl.doTraversal:2618 android.view.ViewRootImpl$TraversalRunnable.run:9971 android.view.Choreographer$CallbackRecord.run:1010 android.view.Choreographer.doCallbacks:809 android.view.Choreographer.doFrame:744 android.view.Choreographer$FrameDisplayEventReceiver.run:995
02-05 17:40:53.209  5089  5089 I SurfaceControl: assignNativeObject: nativeObject = 0 Surface(name=null)/@0xf71d6c8 / android.view.SurfaceControl.readFromParcel:1117 android.view.IWindowSession$Stub$Proxy.relayout:1820 android.view.ViewRootImpl.relayoutWindow:9005 android.view.ViewRootImpl.performTraversals:3360 android.view.ViewRootImpl.doTraversal:2618 android.view.ViewRootImpl$TraversalRunnable.run:9971 android.view.Choreographer$CallbackRecord.run:1010 android.view.Choreographer.doCallbacks:809 android.view.Choreographer.doFrame:744 android.view.Choreographer$FrameDisplayEventReceiver.run:995
02-05 17:40:53.210  5089  5089 I ViewRootImpl@7fb81b0[]: Relayout returned: old=(540,88,540,2256) new=(540,88,540,2256) req=(0,2168)8 dur=8 res=0x1 s={false 0} ch=false fn=-1
02-05 17:40:53.215  1163  1237 D SehCodecSolutionService: Update top [com.example.dogglers]
02-05 17:40:53.215  1163  1237 E Native_CFMS: nativePerfMgrRemoveTask    Fail    tid : 2003    return : -1
02-05 17:40:53.215 15500 15500 I ViewRootImpl@8b8f225[MainActivity]: MSG_WINDOW_FOCUS_CHANGED 1 1
02-05 17:40:53.215 15500 15500 D InputMethodManager: prepareNavigationBarInfo() DecorView@983804a[MainActivity]
02-05 17:40:53.215 15500 15500 D InputMethodManager: getNavigationBarColor() -16711423
02-05 17:40:53.216 15500 15500 D InputMethodManager: prepareNavigationBarInfo() DecorView@983804a[MainActivity]
02-05 17:40:53.216 15500 15500 D InputMethodManager: getNavigationBarColor() -16711423
02-05 17:40:53.216 15500 15500 V InputMethodManager: Starting input: tba=com.example.dogglers ic=null mNaviBarColor -16711423 mIsGetNaviBarColorSuccess true , NavVisible : true , NavTrans : false
02-05 17:40:53.216 15500 15500 D InputMethodManager: startInputInner - Id : 0
02-05 17:40:53.216 15500 15500 I InputMethodManager: startInputInner - mService.startInputOrWindowGainedFocus
02-05 17:40:53.217  1163  1235 D InputMethodManagerService: mSecureKeypadEnabled = false
02-05 17:40:53.217  1163  1244 I ActivityTaskManager: Displayed com.example.dogglers/.MainActivity: +157ms
02-05 17:40:53.217  1163  1235 V InputMethodManagerService: hideCurrentInputLocked : shouldHideSoftInput is false
02-05 17:40:53.217  1163  1235 D InputMethodManagerService: DESKTOP MODE! : 2
02-05 17:40:53.217  1163  1235 D InputMethodManagerService: NOT IN KNOX DESKTOP MODE!
02-05 17:40:53.217  1163  1235 V InputMethodManagerService: getDisplayIdOfInputMethodWindowToBeAdded : 0
02-05 17:40:53.217  1163  1235 D SamsungIMMSHWKeyboard: isConnectedDexOnPC false
02-05 17:40:53.217  2669  2669 E pageboostd: Received HALT command code 2
02-05 17:40:53.217  1163  1235 D InputMethodManagerService: isImeSwitcherDisabledPackage : false
02-05 17:40:53.217  1163  1235 D InputMethodManagerService: checkDisplayOfStartInputAndUpdateKeyboard display Id 0last 0
02-05 17:40:53.217  1163  1235 D InputTransport: Input channel constructed: 'ClientS', fd=887
