02-05 17:41:00.547 15500 15559 I TestRunner: started: horizontal_scroll_content_at_last_position(com.example.dogglers.HorizontalListTests)
02-05 17:41:00.551 15500 15559 W Settings: Setting always_finish_activities has moved from android.provider.Settings.System to android.provider.Settings.Global, returning read-only value.
02-05 17:41:00.555  1163  2602 I SemDvfsHyPerManager: acquire hyper - AMS_APP_SWITCH/1163@24, type = -999
02-05 17:41:00.555   726   817 I HYPER-HAL: [RequestManager.cpp]acquire(): Acquired ID : 705102  [1163 / 24]    HINT : AMS_APP_SWITCH    list :
02-05 17:41:00.555   789  1272 I SurfaceFlinger: id=79985 createSurf (0x0),-1 flag=24004, Task=12737#0
02-05 17:41:00.555   726   817 I HYPER-HAL: [ResourceManager.cpp]updateResource(): [CPUMinFreq] UpdateResource Request ID : 705102    Value : 2623359
02-05 17:41:00.556  4183  4183 I SemDvfsHyPerManager: acquire hyper - com.sec.android.sdhms/4183@9, type = -999
02-05 17:41:00.556   726   817 I HYPER-HAL: [RequestManager.cpp]acquire(): Acquired ID : 8788537  [4183 / 9]    HINT : APP_START    list :
02-05 17:41:00.556   726   817 I HYPER-HAL: [ResourceManager.cpp]updateResource(): [CPUMaxFreq] UpdateResource Request ID : 8788537    Value : 2730000
02-05 17:41:00.557   789  1272 I SurfaceFlinger: id=79986 createSurf (0x0),-1 flag=80004, ActivityRecord{8d9cdd u0 com.example.dogglers/androidx.test.core.app.InstrumentationActivityInvoker$BootstrapActivity t12737}#0
02-05 17:41:00.558  1163  3970 V WindowOrientationListener: getProposedRotation: 0
02-05 17:41:00.560  1163  3970 W WindowManager: lockNow pending, ignore updating lockscreen timeout
02-05 17:41:00.560  1163  3970 I SemDvfsHyPerManager: acquire hyper - AMS_APP_LAUNCH/1163@21, type = -999
02-05 17:41:00.561   726   817 I HYPER-HAL: [RequestManager.cpp]acquire(): Acquired ID : 701541  [1163 / 21]    HINT : AMS_APP_LAUNCH    list :
02-05 17:41:00.561   726   817 I HYPER-HAL: [ResourceManager.cpp]updateResource(): [CPUMinFreq] UpdateResource Request ID : 701541    Value : 2623359
02-05 17:41:00.562  2003  2003 I DragController: endDrag
02-05 17:41:00.562  2003  2003 W PageOverlayMover: updateActivityLifecycleState : 3
02-05 17:41:00.562  5089 28744 I PageOverlayServiceImpl: [FROM HOME] updateActivityLifecycleState : 3
02-05 17:41:00.562  2003  2003 I SPayUpdater: updateSpayHandler launcher activity is paused false
02-05 17:41:00.564  1163  3939 V WindowOrientationListener: getProposedRotation: 0
02-05 17:41:00.564  1163  3939 V WindowOrientationListener: getProposedRotation: 0
02-05 17:41:00.564  1163  3939 V WindowOrientationListener: getProposedRotation: 0
02-05 17:41:00.565  1163  3939 D InputDispatcher: Focused application set to (0): 8d9cdd
02-05 17:41:00.595  1163  3939 W WindowManager: lockNow pending, ignore updating lockscreen timeout
02-05 17:41:00.597  1163  3939 V WindowManager: Relayout Window{6030dc2 u0 com.sec.android.app.launcher/com.sec.android.app.launcher.activities.LauncherActivity}: viewVisibility=0 req=1080x2400
02-05 17:41:00.597  1163  1259 D FastTrack: setFastTrackState: pid = 15500 ;tid= 15500 ;value= 1
02-05 17:41:00.597  1163  3939 W WindowManager: lockNow pending, ignore updating lockscreen timeout
02-05 17:41:00.597  1163  1259 D FastTrack: setFastTrackState: pid = 15500 ;tid= 15565 ;value= 1
02-05 17:41:00.598  1163  3939 V WindowManager: Relayout hash=6030dc2, pid=2003: mAttrs={(0,0)(fillxfill) sim={adjust=nothing} layoutInDisplayCutoutMode=shortEdges ty=BASE_APPLICATION fmt=TRANSPARENT wanim=0x10302f2
02-05 17:41:00.598  1163  3939 V WindowManager:   fl=81910100
02-05 17:41:00.598  1163  3939 V WindowManager:   pfl=16020000
02-05 17:41:00.598  1163  3939 V WindowManager:   vsysui=1700
02-05 17:41:00.598  1163  3939 V WindowManager:   apr=LIGHT_STATUS_BARS
02-05 17:41:00.598  1163  3939 V WindowManager:   bhv=SHOW_TRANSIENT_BARS_BY_SWIPE
02-05 17:41:00.598  1163  3939 V WindowManager:   fitSides= dimAmount=0.125 dimDuration=200 naviIconColor=0}
02-05 17:41:00.599  1163  3939 I SurfaceControl: nativeRelease nativeObject s[496861209088]
02-05 17:41:00.599  1163  3939 I SurfaceControl: nativeRelease nativeObject e[496861209088]
02-05 17:41:00.599  2003  2003 I SurfaceControl: nativeRelease nativeObject s[497484220640]
02-05 17:41:00.599  2003  2003 I SurfaceControl: nativeRelease nativeObject e[497484220640]
02-05 17:41:00.599  2003  2003 I SurfaceControl: assignNativeObject: nativeObject = 0 Surface(name=null)/@0x37cdda1 / android.view.SurfaceControl.readFromParcel:1117 android.view.IWindowSession$Stub$Proxy.relayout:1820 android.view.ViewRootImpl.relayoutWindow:9005 android.view.ViewRootImpl.performTraversals:3360 android.view.ViewRootImpl.doTraversal:2618 android.view.ViewRootImpl$TraversalRunnable.run:9971 android.view.Choreographer$CallbackRecord.run:1010 android.view.Choreographer.doCallbacks:809 android.view.Choreographer.doFrame:744 android.view.Choreographer$FrameDisplayEventReceiver.run:995
02-05 17:41:00.599 15500 15500 D LifecycleMonitor: Lifecycle status change: androidx.test.core.app.InstrumentationActivityInvoker$BootstrapActivity@2e1c3f9 in: PRE_ON_CREATE
02-05 17:41:00.599 15500 15500 D LifecycleMonitor: running callback: androidx.test.core.app.ActivityScenario$1@f6c7f3e
02-05 17:41:00.600 15500 15500 V ActivityScenario: Activity lifecycle changed event received but ignored because the intent does not match. startActivityIntent=Intent { act=android.intent.action.MAIN cat=[android.intent.category.LAUNCHER] cmp=com.example.dogglers/.HorizontalListActivity }, activity.getIntent()=Intent { act=android.intent.action.MAIN cat=[android.intent.category.LAUNCHER] flg=0x10008000 cmp=com.example.dogglers/androidx.test.core.app.InstrumentationActivityInvoker$BootstrapActivity (has extras) }, activity=androidx.test.core.app.InstrumentationActivityInvoker$BootstrapActivity@2e1c3f9
02-05 17:41:00.600 15500 15500 D LifecycleMonitor: callback completes: androidx.test.core.app.ActivityScenario$1@f6c7f3e
02-05 17:41:00.600  2003  2003 I SurfaceControl: nativeRelease nativeObject s[497484221984]
02-05 17:41:00.600  2003  2003 I SurfaceControl: nativeRelease nativeObject e[497484221984]
02-05 17:41:00.600  2003  2003 I SurfaceControl: nativeRelease nativeObject s[497484221888]
02-05 17:41:00.600  2003  2003 I SurfaceControl: nativeRelease nativeObject e[497484221888]
02-05 17:41:00.600  2003  2003 I SurfaceControl: nativeRelease nativeObject s[497484220544]
02-05 17:41:00.600  2003  2003 I SurfaceControl: nativeRelease nativeObject e[497484220544]
02-05 17:41:00.600  2003  2003 I ViewRootImpl@e2e8b8d[LauncherActivity]: Relayout returned: old=(0,0,1080,2400) new=(0,0,1080,2400) req=(1080,2400)0 dur=2 res=0x1 s={true 497483223040} ch=false fn=23
02-05 17:41:00.604 15500 15500 I DecorView: [INFO] isPopOver=false, config=true
02-05 17:41:00.604 15500 15500 I DecorView: updateCaptionType >> DecorView@d2392ec[], isFloating=false, isApplication=true, hasWindowDecorCaption=false, hasWindowControllerCallback=true
02-05 17:41:00.604 15500 15500 D DecorView: setCaptionType = 0, this = DecorView@d2392ec[]
02-05 17:41:00.604  1163  1240 D InputTransport: Input channel constructed: '5071962', fd=964
02-05 17:41:00.604  1163  1240 D InputTransport: Input channel constructed: '5071962', fd=965
02-05 17:41:00.605   789   834 I SurfaceFlinger: id=79987 createSurf (0x0),-1 flag=80004, 5071962 Splash Screen com.example.dogglers#0
02-05 17:41:00.605 15500 15500 D LifecycleMonitor: Lifecycle status change: androidx.test.core.app.InstrumentationActivityInvoker$BootstrapActivity@2e1c3f9 in: CREATED
02-05 17:41:00.605 15500 15500 D LifecycleMonitor: running callback: androidx.test.core.app.ActivityScenario$1@f6c7f3e
02-05 17:41:00.605 15500 15500 V ActivityScenario: Activity lifecycle changed event received but ignored because the intent does not match. startActivityIntent=Intent { act=android.intent.action.MAIN cat=[android.intent.category.LAUNCHER] cmp=com.example.dogglers/.HorizontalListActivity }, activity.getIntent()=Intent { act=android.intent.action.MAIN cat=[android.intent.category.LAUNCHER] flg=0x10008000 cmp=com.example.dogglers/androidx.test.core.app.InstrumentationActivityInvoker$BootstrapActivity (has extras) }, activity=androidx.test.core.app.InstrumentationActivityInvoker$BootstrapActivity@2e1c3f9
02-05 17:41:00.605 15500 15500 D LifecycleMonitor: callback completes: androidx.test.core.app.ActivityScenario$1@f6c7f3e
02-05 17:41:00.607 15500 15500 D LifecycleMonitor: Lifecycle status change: androidx.test.core.app.InstrumentationActivityInvoker$BootstrapActivity@2e1c3f9 in: STARTED
02-05 17:41:00.607 15500 15500 D LifecycleMonitor: running callback: androidx.test.core.app.ActivityScenario$1@f6c7f3e
02-05 17:41:00.607 15500 15500 V ActivityScenario: Activity lifecycle changed event received but ignored because the intent does not match. startActivityIntent=Intent { act=android.intent.action.MAIN cat=[android.intent.category.LAUNCHER] cmp=com.example.dogglers/.HorizontalListActivity }, activity.getIntent()=Intent { act=android.intent.action.MAIN cat=[android.intent.category.LAUNCHER] flg=0x10008000 cmp=com.example.dogglers/androidx.test.core.app.InstrumentationActivityInvoker$BootstrapActivity (has extras) }, activity=androidx.test.core.app.InstrumentationActivityInvoker$BootstrapActivity@2e1c3f9
02-05 17:41:00.607 15500 15500 D LifecycleMonitor: callback completes: androidx.test.core.app.ActivityScenario$1@f6c7f3e
02-05 17:41:00.608  1163  1240 I ViewRootImpl@63a02d[dogglers]: setView = com.android.internal.policy.DecorView@d0e73b0 TM=true
02-05 17:41:00.612   789   834 I SurfaceFlinger: id=79988 createSurf (0x0),-1 flag=80004, ActivityRecord{5c169ae u0 com.example.dogglers/.HorizontalListActivity t12737}#0
02-05 17:41:00.614  1163  1793 W WindowManager: lockNow pending, ignore updating lockscreen timeout
02-05 17:41:00.615  1163  1240 V WindowManager: Relayout Window{5071962 u0 Splash Screen com.example.dogglers}: viewVisibility=0 req=1080x2400
02-05 17:41:00.615 15500 15500 D LifecycleMonitor: Lifecycle status change: androidx.test.core.app.InstrumentationActivityInvoker$BootstrapActivity@2e1c3f9 in: RESUMED
02-05 17:41:00.615 15500 15500 D LifecycleMonitor: running callback: androidx.test.core.app.ActivityScenario$1@f6c7f3e
02-05 17:41:00.615 15500 15500 V ActivityScenario: Activity lifecycle changed event received but ignored because the intent does not match. startActivityIntent=Intent { act=android.intent.action.MAIN cat=[android.intent.category.LAUNCHER] cmp=com.example.dogglers/.HorizontalListActivity }, activity.getIntent()=Intent { act=android.intent.action.MAIN cat=[android.intent.category.LAUNCHER] flg=0x10008000 cmp=com.example.dogglers/androidx.test.core.app.InstrumentationActivityInvoker$BootstrapActivity (has extras) }, activity=androidx.test.core.app.InstrumentationActivityInvoker$BootstrapActivity@2e1c3f9
02-05 17:41:00.615 15500 15500 D LifecycleMonitor: callback completes: androidx.test.core.app.ActivityScenario$1@f6c7f3e
02-05 17:41:00.616  1163  1240 W WindowManager: lockNow pending, ignore updating lockscreen timeout
02-05 17:41:00.617  1163  1240 D WindowManager: isScreenshotDisabledLocked - win: Window{5071962 u0 Splash Screen com.example.dogglers}
02-05 17:41:00.617  1163  1240 D WindowManager: isScreenshotDisabledLocked: userId = 0, disabled =false
02-05 17:41:00.617   789   834 I SurfaceFlinger: id=79989 createSurf (1080x2400),1 flag=404, Splash Screen com.example.dogglers#0
02-05 17:41:00.618  1163  1240 V WindowOrientationListener: getProposedRotation: 0
02-05 17:41:00.619  1163  1240 V WindowManager: Relayout hash=5071962, pid=1163: mAttrs={(0,0)(fillxfill) sim={adjust=pan} layoutInDisplayCutoutMode=shortEdges ty=APPLICATION_STARTING wanim=0x1030001
02-05 17:41:00.619  1163  1240 V WindowManager:   fl=1830118
02-05 17:41:00.619  1163  1240 V WindowManager:   pfl=12020011
02-05 17:41:00.619  1163  1240 V WindowManager:   fitSides= naviIconColor=0}
02-05 17:41:00.619  1163  1240 I ViewRootImpl@63a02d[dogglers]: Relayout returned: old=(0,0,1080,2400) new=(0,0,1080,2400) req=(1080,2400)0 dur=5 res=0x7 s={true 497474408448} ch=true fn=-1
02-05 17:41:00.619 15500 15500 D LifecycleMonitor: Lifecycle status change: androidx.test.core.app.InstrumentationActivityInvoker$BootstrapActivity@2e1c3f9 in: PAUSED
02-05 17:41:00.619 15500 15500 D LifecycleMonitor: running callback: androidx.test.core.app.ActivityScenario$1@f6c7f3e
02-05 17:41:00.619  1163  1511 D PkgPredictorService: com.example.dogglers go to foreground!
02-05 17:41:00.619  1163  1511 E PkgPredictorService-Collector: record changed bt=1  wifi=1 screen=0
02-05 17:41:00.619  1163  1511 D PkgPredictorService: previous pkgs: com.example.dogglers,com.example.dogglers,com.example.dogglers running pkg: com.example.dogglers, uid: 0 is system: false
02-05 17:41:00.619 15500 15500 V ActivityScenario: Activity lifecycle changed event received but ignored because the intent does not match. startActivityIntent=Intent { act=android.intent.action.MAIN cat=[android.intent.category.LAUNCHER] cmp=com.example.dogglers/.HorizontalListActivity }, activity.getIntent()=Intent { act=android.intent.action.MAIN cat=[android.intent.category.LAUNCHER] flg=0x10008000 cmp=com.example.dogglers/androidx.test.core.app.InstrumentationActivityInvoker$BootstrapActivity (has extras) }, activity=androidx.test.core.app.InstrumentationActivityInvoker$BootstrapActivity@2e1c3f9
02-05 17:41:00.619 15500 15500 D LifecycleMonitor: callback completes: androidx.test.core.app.ActivityScenario$1@f6c7f3e
02-05 17:41:00.619  1163  1511 D PkgPredictorService-Collector: save record...
02-05 17:41:00.619  1163  1511 D PkgPredictorService-Collector:  (hour:17 day:7 previous:[com.example.dogglers, com.example.dogglers, com.example.dogglers] activityName:unknown running:com.example.dogglers userId:0 screenOrientation:0 wifi:1 bt:1 predictTime:0 apkVersion:1.0 consumeTime:-1 preloaded:false>)
02-05 17:41:00.619  1163  1511 D PkgPredictorService-NapPreloadController: User using: com.example.dogglers
02-05 17:41:00.619  1163  1511 I PkgPredictorService-NapClassifier: RF predict version:1644037200287
02-05 17:41:00.619  1163  1511 D PkgPredictorService-NapClassifier: Predict result: 22.0,-1.0,-1.0,-1.0,-1.0,-1.0,-1.0,-1.0,-1.0, - [0_&_com.laurencedawson.reddit_sync.pro]
02-05 17:41:00.620  1163  1237 D SehCodecSolutionService: Update top [com.example.dogglers]
02-05 17:41:00.621  1163  1796 V WindowOrientationListener: getProposedRotation: 0
02-05 17:41:00.621  1163  1796 V WindowOrientationListener: getProposedRotation: 0
02-05 17:41:00.621  1163  1796 V WindowOrientationListener: getProposedRotation: 0
02-05 17:41:00.622  1163  1796 D InputDispatcher: Focused application set to (0): 5c169ae
02-05 17:41:00.623  1163  1796 W WindowManager: lockNow pending, ignore updating lockscreen timeout
02-05 17:41:00.624  1163  1240 I ViewRootImpl@63a02d[dogglers]: [DP] dp(1) 1 android.view.ViewRootImpl.reportNextDraw:10957 android.view.ViewRootImpl.performTraversals:3845 android.view.ViewRootImpl.doTraversal:2618
02-05 17:41:00.625   716   953 D gralloc : [mali_gralloc_allocate] begin
02-05 17:41:00.625   716   953 D gralloc : buffer_descriptor: wh(1080 2400) usage_pc(0x966 0x906) hal_format(0x1) layer_count(1) sizes(0 0 0) strde(0) byte_stride(0) alloc_wh(0 0) internal_format(0x0) alloc_format(0x0) fd_count(1) plane_count(0)
02-05 17:41:00.625   716   953 D gralloc : [mali_gralloc_allocate] allocation successful
02-05 17:41:00.628 15500 15500 D LifecycleMonitor: Lifecycle status change: com.example.dogglers.HorizontalListActivity@ae2f931 in: PRE_ON_CREATE
02-05 17:41:00.628 15500 15500 D LifecycleMonitor: running callback: androidx.test.core.app.ActivityScenario$1@f6c7f3e
02-05 17:41:00.628 15500 15500 V ActivityScenario: Activity lifecycle changed event received but ignored because the reported transition was not ON_CREATE while the last known transition was PRE_ON_CREATE
02-05 17:41:00.628 15500 15500 D LifecycleMonitor: callback completes: androidx.test.core.app.ActivityScenario$1@f6c7f3e
02-05 17:41:00.631  1163  1240 I ViewRootImpl@63a02d[dogglers]: [DP] pdf(0) 1 android.view.ViewRootImpl.performDraw:4809 android.view.ViewRootImpl.performTraversals:3866 android.view.ViewRootImpl.doTraversal:2618
02-05 17:41:00.631  1163  1240 I ViewRootImpl@63a02d[dogglers]: [DP] rdf()
02-05 17:41:00.632  1163  1793 I InputDispatcher: Focus left window (2003): 6030dc2 in display 0 0
02-05 17:41:00.633 15500 15500 I DecorView: [INFO] isPopOver=false, config=true
02-05 17:41:00.633 15500 15500 I DecorView: updateCaptionType >> DecorView@25533ee[], isFloating=false, isApplication=true, hasWindowDecorCaption=false, hasWindowControllerCallback=true
02-05 17:41:00.633 15500 15500 D DecorView: setCaptionType = 0, this = DecorView@25533ee[]
02-05 17:41:00.634  1163  1240 W WindowManager: lockNow pending, ignore updating lockscreen timeout
02-05 17:41:00.638  1680  2416 D WallpaperService: dispatchAppVisibility onVisibilityChanged(): false
02-05 17:41:00.638  1680  1680 D WallpaperService: reportVisibility onVisibilityChanged visible: false
02-05 17:41:00.638  1680  1806 I ImageWallpaper:  onVisibilityChanged false , 0
02-05 17:41:00.639  1163  1240 I SurfaceControl: nativeRelease nativeObject s[499183905088]
02-05 17:41:00.639  1163  1240 I SurfaceControl: nativeRelease nativeObject e[499183905088]
02-05 17:41:00.639   789   834 I SurfaceFlinger: id=79990 createSurf (0x0),-1 flag=24000, Surface(name=8c655e2 StatusBar)/@0x44a9b07 - animation-leash#1
02-05 17:41:00.640  1163  1240 I SurfaceControl: nativeRelease nativeObject s[499183201280]
02-05 17:41:00.640  1163  1240 I SurfaceControl: nativeRelease nativeObject e[499183201280]
02-05 17:41:00.640   789   834 I SurfaceFlinger: id=79991 createSurf (0x0),-1 flag=24000, Surface(name=b29f82b NavigationBar0)/@0x8634759 - animation-leash#0
02-05 17:41:00.641  1163  1240 W WindowManager: lockNow pending, ignore updating lockscreen timeout
02-05 17:41:00.641  1163  1237 D WindowManager: setDisableFlags: displayId=0, vis=0x8008, appearance=0, transientState=Pair{[I@66366e3 [I@83e28e0}, isFullscreen=false, isImmersive=false, barType=0, win=Window{5071962 u0 Splash Screen com.example.dogglers}
02-05 17:41:00.641  1680  1680 D NavigationBar: onSystemBarAppearanceChanged() -  displayId:0, appearance:0, navbarColorManagedByIme:false
02-05 17:41:00.641  1680  1680 D SecStatusBarMobileView: setStaticDrawableColor:
02-05 17:41:00.642  1680  1680 D SecLightBarControlHelper: updateStatus(WHITE icon) NumLightStacks:0, NumStacks:1, IndexLightStack:-1, StatusBarMode:0, StatusBarState:SHD, NeedDarkFontFromWallpaper:true, isWhiteKeyguardStatusBarBySettings:true
02-05 17:41:00.642   789   834 I Layer   : id=79978 removeFromCurrentState Surface(name=8c655e2 StatusBar)/@0x44a9b07 - animation-leash#0 (198)
02-05 17:41:00.642   789   834 I Layer   : id=79979 removeFromCurrentState Surface(name=b29f82b NavigationBar0)/@0x8634759 - animation-leash#1 (198)
02-05 17:41:00.642 15500 15500 D LifecycleMonitor: Lifecycle status change: com.example.dogglers.HorizontalListActivity@ae2f931 in: CREATED
02-05 17:41:00.642 15500 15500 D LifecycleMonitor: running callback: androidx.test.core.app.ActivityScenario$1@f6c7f3e
02-05 17:41:00.643 15500 15500 V ActivityScenario: Update currentActivityStage to CREATED, currentActivity=com.example.dogglers.HorizontalListActivity@ae2f931
02-05 17:41:00.643 15500 15500 D LifecycleMonitor: callback completes: androidx.test.core.app.ActivityScenario$1@f6c7f3e
02-05 17:41:00.644 15500 15500 D LifecycleMonitor: Lifecycle status change: com.example.dogglers.HorizontalListActivity@ae2f931 in: STARTED
02-05 17:41:00.644 15500 15500 D LifecycleMonitor: running callback: androidx.test.core.app.ActivityScenario$1@f6c7f3e
02-05 17:41:00.644 15500 15500 V ActivityScenario: Update currentActivityStage to STARTED, currentActivity=com.example.dogglers.HorizontalListActivity@ae2f931
02-05 17:41:00.644 15500 15500 D LifecycleMonitor: callback completes: androidx.test.core.app.ActivityScenario$1@f6c7f3e
02-05 17:41:00.644 15500 15500 D LifecycleMonitor: Lifecycle status change: com.example.dogglers.HorizontalListActivity@ae2f931 in: RESUMED
02-05 17:41:00.644 15500 15500 D LifecycleMonitor: running callback: androidx.test.core.app.ActivityScenario$1@f6c7f3e
02-05 17:41:00.644 15500 15500 V ActivityScenario: Update currentActivityStage to RESUMED, currentActivity=com.example.dogglers.HorizontalListActivity@ae2f931
02-05 17:41:00.645 15500 15500 D LifecycleMonitor: callback completes: androidx.test.core.app.ActivityScenario$1@f6c7f3e
02-05 17:41:00.647  1163  1793 D InputTransport: Input channel constructed: '7b19a5e', fd=966
02-05 17:41:00.647  1163  1793 D InputTransport: Input channel constructed: '7b19a5e', fd=967
02-05 17:41:00.647   789   834 I SurfaceFlinger: id=79992 createSurf (0x0),-1 flag=80004, 7b19a5e com.example.dogglers/com.example.dogglers.HorizontalListActivity#0
02-05 17:41:00.648  1163  1793 D WindowManager: isScreenshotDisabledLocked - win: Window{7b19a5e u0 com.example.dogglers/com.example.dogglers.HorizontalListActivity}
02-05 17:41:00.648  1163  1793 D WindowManager: isScreenshotDisabledLocked: userId = 0, disabled =false
02-05 17:41:00.648  1163  1793 D InputTransport: Input channel destroyed: '7b19a5e', fd=967
02-05 17:41:00.648  1680  1680 D SecStatusBarMobileView: setStaticDrawableColor:
02-05 17:41:00.648 15500 15500 D InputTransport: Input channel constructed: '7b19a5e', fd=90
02-05 17:41:00.649 15500 15500 I ViewRootImpl@4fcb2d9[HorizontalListActivity]: setView = com.android.internal.policy.DecorView@25533ee TM=true
02-05 17:41:00.649  2003  4215 I mali_egl: eglDestroySurface() in
02-05 17:41:00.650  2003  4215 I mali_winsys: delete_surface() [1080x2400] return
02-05 17:41:00.650  2003  4215 I mali_egl: eglDestroySurface() out
02-05 17:41:00.650   789  1272 E BufferQueueProducer: [com.sec.android.app.launcher/com.sec.android.app.launcher.activities.LauncherActivity$_2003#0](id:315000036e0,api:0,p:-1,c:789) disconnect: not connected (req=1)
02-05 17:41:00.650 15500 15500 D LifecycleMonitor: Lifecycle status change: androidx.test.core.app.InstrumentationActivityInvoker$BootstrapActivity@2e1c3f9 in: STOPPED
02-05 17:41:00.650  2003  4215 W libEGL  : EGLNativeWindowType 0x73d44f9010 disconnect failed
02-05 17:41:00.650 15500 15500 D LifecycleMonitor: running callback: androidx.test.core.app.ActivityScenario$1@f6c7f3e
02-05 17:41:00.650 15500 15500 V ActivityScenario: Activity lifecycle changed event received but ignored because the intent does not match. startActivityIntent=Intent { act=android.intent.action.MAIN cat=[android.intent.category.LAUNCHER] cmp=com.example.dogglers/.HorizontalListActivity }, activity.getIntent()=Intent { act=android.intent.action.MAIN cat=[android.intent.category.LAUNCHER] flg=0x10008000 cmp=com.example.dogglers/androidx.test.core.app.InstrumentationActivityInvoker$BootstrapActivity (has extras) }, activity=androidx.test.core.app.InstrumentationActivityInvoker$BootstrapActivity@2e1c3f9
02-05 17:41:00.651 15500 15500 D LifecycleMonitor: callback completes: androidx.test.core.app.ActivityScenario$1@f6c7f3e
02-05 17:41:00.651 15500 15500 D IdlingResourceRegistry: All idling resources are idle.
02-05 17:41:00.652  1163  1240 W WindowManager: lockNow pending, ignore updating lockscreen timeout
02-05 17:41:00.654  1163  3944 V WindowManager: Relayout Window{7b19a5e u0 com.example.dogglers/com.example.dogglers.HorizontalListActivity}: viewVisibility=0 req=1080x2400
02-05 17:41:00.654  1163  3944 W WindowManager: lockNow pending, ignore updating lockscreen timeout
02-05 17:41:00.655  1163  3944 D WindowManager: isScreenshotDisabledLocked - win: Window{7b19a5e u0 com.example.dogglers/com.example.dogglers.HorizontalListActivity}
02-05 17:41:00.655  1163  3944 D WindowManager: isScreenshotDisabledLocked: userId = 0, disabled =false
02-05 17:41:00.655   789  1272 I SurfaceFlinger: id=79993 createSurf (1080x2400),1 flag=404, com.example.dogglers/com.example.dogglers.HorizontalListActivity$_15500#0
02-05 17:41:00.656   789   789 D SurfaceFlinger: Display 21442653864348033 HWC layers:
02-05 17:41:00.656   789   789 D SurfaceFlinger:      DEVICE | 0x7428c3f840 | 0002 | RGBA_8888    |    0.0    0.0 1080.0 2400.0 |    0    0 1080 2400 | Splash Screen com.example.dogglers#0
02-05 17:41:00.656   789   789 D SurfaceFlinger:      DEVICE | 0x7408500740 | 0000 | RGBA_8888    |    0.0    0.0 1080.0   88.0 |    0    0 1080   88 | StatusBar$_1680#0
02-05 17:41:00.656   789   789 D SurfaceFlinger:      DEVICE | 0x7428c3f200 | 0000 | RGBA_8888    |    0.0    0.0 1080.0  144.0 |    0 2256 1080 2400 | NavigationBar0$_1680#0
02-05 17:41:00.656   789   789 D SurfaceFlinger:      DEVICE | 0x7408191180 | 0000 | RGBA_8888    |    0.0    0.0 1080.0  125.0 |    0    0 1080  125 | ScreenDecorOverlay$_1680#0
02-05 17:41:00.656   789   789 D SurfaceFlinger:      DEVICE | 0x7428c3f480 | 0000 | RGBA_8888    |    0.0    0.0 1080.0  112.0 |    0 2288 1080 2400 | ScreenDecorOverlayBottom$_1680#0
02-05 17:41:00.656   789   789 D SurfaceFlinger:
02-05 17:41:00.657  1163  3944 I SurfaceControl: nativeRelease nativeObject s[496785826944]
02-05 17:41:00.657  1163  3944 I SurfaceControl: nativeRelease nativeObject e[496785826944]
02-05 17:41:00.657   789   835 I SurfaceFlinger: id=79994 createSurf (0x0),-1 flag=24000, Surface(name=8c655e2 StatusBar)/@0x44a9b07 - animation-leash#0
02-05 17:41:00.657  1163  3944 I SurfaceControl: nativeRelease nativeObject s[496785827616]
02-05 17:41:00.657  1163  3944 I SurfaceControl: nativeRelease nativeObject e[496785827616]
02-05 17:41:00.657   789  2265 I SurfaceFlinger: id=79995 createSurf (0x0),-1 flag=24000, Surface(name=b29f82b NavigationBar0)/@0x8634759 - animation-leash#1
02-05 17:41:00.658  1163  1793 V WindowManager: Relayout Window{6030dc2 u0 com.sec.android.app.launcher/com.sec.android.app.launcher.activities.LauncherActivity}: viewVisibility=8 req=1080x2400
02-05 17:41:00.658  1163  3944 V WindowManager: Relayout hash=7b19a5e, pid=15500: mAttrs={(0,0)(fillxfill) sim={adjust=resize forwardNavigation} ty=BASE_APPLICATION wanim=0x1030304
02-05 17:41:00.658  1163  3944 V WindowManager:   fl=81810100
02-05 17:41:00.658  1163  3944 V WindowManager:   pfl=12020000
02-05 17:41:00.658  1163  3944 V WindowManager:   fitSides= naviIconColor=0}
02-05 17:41:00.658  1163  3944 I SurfaceControl: nativeRelease nativeObject s[499038982784]
02-05 17:41:00.658  1163  3944 I SurfaceControl: nativeRelease nativeObject e[499038982784]
02-05 17:41:00.658  1163  1793 W WindowManager: lockNow pending, ignore updating lockscreen timeout
02-05 17:41:00.659 15500 15500 I SurfaceControl: assignNativeObject: nativeObject = 0 Surface(name=null)/@0xaec749e / android.view.SurfaceControl.readFromParcel:1117 android.view.IWindowSession$Stub$Proxy.relayout:1820 android.view.ViewRootImpl.relayoutWindow:9005 android.view.ViewRootImpl.performTraversals:3360 android.view.ViewRootImpl.doTraversal:2618 android.view.ViewRootImpl$TraversalRunnable.run:9971 android.view.Choreographer$CallbackRecord.run:1010 android.view.Choreographer.doCallbacks:809 android.view.Choreographer.doFrame:744 android.view.Choreographer$FrameDisplayEventReceiver.run:995
02-05 17:41:00.659 15500 15500 I ViewRootImpl@4fcb2d9[HorizontalListActivity]: Relayout returned: old=(0,0,1080,2400) new=(0,0,1080,2400) req=(1080,2400)0 dur=6 res=0x7 s={true 497169784832} ch=true fn=-1
02-05 17:41:00.659   789  1272 I Layer   : id=79990 removeFromCurrentState Surface(name=8c655e2 StatusBar)/@0x44a9b07 - animation-leash#1 (202)
02-05 17:41:00.659   789  1272 I Layer   : id=79991 removeFromCurrentState Surface(name=b29f82b NavigationBar0)/@0x8634759 - animation-leash#0 (202)
02-05 17:41:00.660 15500 15565 I mali_winsys: new_window_surface() [1080x2400] return: 0x3000
02-05 17:41:00.660   716   953 D gralloc : [mali_gralloc_allocate] begin
02-05 17:41:00.660   716   953 D gralloc : buffer_descriptor: wh(1080 2400) usage_pc(0x40000000000b00 0x40000000000b00) hal_format(0x1) layer_count(1) sizes(0 0 0) strde(0) byte_stride(0) alloc_wh(0 0) internal_format(0x0) alloc_format(0x0) fd_count(1) plane_count(0)
02-05 17:41:00.661  1163  2104 V WindowManager: Relayout Window{b594a18 u0 NotificationShade}: viewVisibility=4 req=1080x2400
02-05 17:41:00.661 15500 15500 I ViewRootImpl@4fcb2d9[HorizontalListActivity]: [DP] dp(1) 1 android.view.ViewRootImpl.reportNextDraw:10957 android.view.ViewRootImpl.performTraversals:3845 android.view.ViewRootImpl.doTraversal:2618
02-05 17:41:00.661 15500 15500 I ViewRootImpl@4fcb2d9[HorizontalListActivity]: [DP] pd() Asnyc report
02-05 17:41:00.661   716   953 D gralloc : [mali_gralloc_allocate] allocation successful
02-05 17:41:00.662   851   851 I CameraService: notifyMonitoredUids
02-05 17:41:00.662   716   953 D gralloc : [mali_gralloc_allocate] begin
02-05 17:41:00.662   716   953 D gralloc : buffer_descriptor: wh(1080 2400) usage_pc(0x40000000000b00 0x40000000000b00) hal_format(0x1) layer_count(1) sizes(0 0 0) strde(0) byte_stride(0) alloc_wh(0 0) internal_format(0x0) alloc_format(0x0) fd_count(1) plane_count(0)
02-05 17:41:00.663  1163  2104 W WindowManager: lockNow pending, ignore updating lockscreen timeout
02-05 17:41:00.664  1163  1793 V WindowManager: Relayout hash=6030dc2, pid=2003: mAttrs={(0,0)(fillxfill) sim={adjust=nothing} layoutInDisplayCutoutMode=shortEdges ty=BASE_APPLICATION fmt=TRANSPARENT wanim=0x10302f2
02-05 17:41:00.664  1163  1793 V WindowManager:   fl=81910100
02-05 17:41:00.664  1163  1793 V WindowManager:   pfl=16020000
02-05 17:41:00.664  1163  1793 V WindowManager:   vsysui=1700
02-05 17:41:00.664  1163  1793 V WindowManager:   apr=LIGHT_STATUS_BARS
02-05 17:41:00.664  1163  1793 V WindowManager:   bhv=SHOW_TRANSIENT_BARS_BY_SWIPE
02-05 17:41:00.664  1163  1793 V WindowManager:   fitSides= dimAmount=0.125 dimDuration=200 naviIconColor=0}
02-05 17:41:00.664  2003  2003 I SurfaceControl: nativeRelease nativeObject s[497484210944]
02-05 17:41:00.664  2003  2003 I SurfaceControl: nativeRelease nativeObject e[497484210944]
02-05 17:41:00.664  2003  2003 I SurfaceControl: assignNativeObject: nativeObject = 0 Surface(name=null)/@0x631c8c8 / android.view.SurfaceControl.readFromParcel:1117 android.view.IWindowSession$Stub$Proxy.relayout:1810 android.view.ViewRootImpl.relayoutWindow:9005 android.view.ViewRootImpl.performTraversals:3360 android.view.ViewRootImpl.doTraversal:2618 android.view.ViewRootImpl$TraversalRunnable.run:9971 android.view.Choreographer$CallbackRecord.run:1010 android.view.Choreographer.doCallbacks:809 android.view.Choreographer.doFrame:744 android.view.Choreographer$FrameDisplayEventReceiver.run:995
02-05 17:41:00.664  2003  2003 I SurfaceControl: assignNativeObject: nativeObject = 0 Surface(name=null)/@0x37cdda1 / android.view.SurfaceControl.readFromParcel:1117 android.view.IWindowSession$Stub$Proxy.relayout:1820 android.view.ViewRootImpl.relayoutWindow:9005 android.view.ViewRootImpl.performTraversals:3360 android.view.ViewRootImpl.doTraversal:2618 android.view.ViewRootImpl$TraversalRunnable.run:9971 android.view.Choreographer$CallbackRecord.run:1010 android.view.Choreographer.doCallbacks:809 android.view.Choreographer.doFrame:744 android.view.Choreographer$FrameDisplayEventReceiver.run:995
02-05 17:41:00.665  2003  2003 I SurfaceControl: nativeRelease nativeObject s[497485757824]
02-05 17:41:00.665  2003  2003 I SurfaceControl: nativeRelease nativeObject e[497485757824]
02-05 17:41:00.665  2003  2003 I SurfaceControl: nativeRelease nativeObject s[497484217568]
02-05 17:41:00.665  2003  2003 I SurfaceControl: nativeRelease nativeObject e[497484217568]
02-05 17:41:00.665  2003  2003 I SurfaceControl: nativeRelease nativeObject s[497484220640]
02-05 17:41:00.665  2003  2003 I SurfaceControl: nativeRelease nativeObject e[497484220640]
02-05 17:41:00.665  2003  2003 I ViewRootImpl@e2e8b8d[LauncherActivity]: Relayout returned: old=(0,0,1080,2400) new=(0,0,1080,2400) req=(1080,2400)8 dur=10 res=0x5 s={false 0} ch=true fn=23
02-05 17:41:00.665  2003  2003 I SurfaceControl: nativeRelease nativeObject s[497484210944]
02-05 17:41:00.665  2003  2003 I SurfaceControl: nativeRelease nativeObject e[497484210944]
02-05 17:41:00.665  2003  2003 I ViewRootImpl@e2e8b8d[LauncherActivity]: MSG_WINDOW_FOCUS_CHANGED 0 1
02-05 17:41:00.665 15500 15500 I ViewRootImpl@4fcb2d9[HorizontalListActivity]: [DP] pdf(0) 1 android.view.ViewRootImpl.lambda$performDraw$1$ViewRootImpl:4668 android.view.-$$Lambda$ViewRootImpl$DJd0VUYJgsebcnSohO6h8zc_ONI.run:6 android.os.Handler.handleCallback:938
02-05 17:41:00.665 15500 15500 I ViewRootImpl@4fcb2d9[HorizontalListActivity]: [DP] rdf()
02-05 17:41:00.666   716   953 D gralloc : [mali_gralloc_allocate] allocation successful
02-05 17:41:00.666   716   957 D gralloc : [mali_gralloc_allocate] begin
02-05 17:41:00.666   716   957 D gralloc : buffer_descriptor: wh(1080 2400) usage_pc(0x40000000000b00 0x40000000000b00) hal_format(0x1) layer_count(1) sizes(0 0 0) strde(0) byte_stride(0) alloc_wh(0 0) internal_format(0x0) alloc_format(0x0) fd_count(1) plane_count(0)
02-05 17:41:00.666  2003  2003 I ViewRootImpl@e2e8b8d[LauncherActivity]: stopped(true) old=false
02-05 17:41:00.668  1163  2104 V WindowManager: Relayout hash=b594a18, pid=1680: mAttrs={(0,0)(fillxfill) gr=TOP CENTER_VERTICAL sim={adjust=resize} layoutInDisplayCutoutMode=always ty=2040 fmt=TRANSLUCENT colorMode=COLOR_MODE_WIDE_COLOR_GAMUT
02-05 17:41:00.668  1163  2104 V WindowManager:   fl=81840048
02-05 17:41:00.668  1163  2104 V WindowManager:   pfl=1b000000
02-05 17:41:00.668  1163  2104 V WindowManager:   bhv=SHOW_TRANSIENT_BARS_BY_SWIPE dimAmount=0.0 naviIconColor=0
02-05 17:41:00.668  1163  2104 V WindowManager:   sfl=40000}
02-05 17:41:00.668   716   957 D gralloc : [mali_gralloc_allocate] allocation successful
02-05 17:41:00.669  1680  1680 I SurfaceControl: assignNativeObject: nativeObject = 0 Surface(name=null)/@0x7632417 / android.view.SurfaceControl.readFromParcel:1117 android.view.IWindowSession$Stub$Proxy.relayout:1810 android.view.ViewRootImpl.relayoutWindow:9005 android.view.ViewRootImpl.performTraversals:3360 android.view.ViewRootImpl.doTraversal:2618 android.view.ViewRootImpl$TraversalRunnable.run:9971 android.view.Choreographer$CallbackRecord.run:1010 android.view.Choreographer.doCallbacks:809 android.view.Choreographer.doFrame:744 android.view.Choreographer$FrameDisplayEventReceiver.run:995
02-05 17:41:00.669  1163  1240 I SurfaceControl: nativeRelease nativeObject s[499183201280]
02-05 17:41:00.669  1163  1240 I SurfaceControl: nativeRelease nativeObject e[499183201280]
02-05 17:41:00.669  2003  2003 I StateManager: goToState isInState Normal
02-05 17:41:00.669  1163  1240 I SurfaceControl: nativeRelease nativeObject s[499183905088]
02-05 17:41:00.669  1163  1240 I SurfaceControl: nativeRelease nativeObject e[499183905088]
02-05 17:41:00.669   789   834 I SurfaceFlinger: id=79991 Removed Surface(name=b29f82b NavigationBar0)/@0x8634759 - animation-leash#0 (202)
02-05 17:41:00.669   789   834 I SurfaceFlinger: id=79990 Removed Surface(name=8c655e2 StatusBar)/@0x44a9b07 - animation-leash#1 (202)
02-05 17:41:00.669  1680  1680 I SurfaceControl: assignNativeObject: nativeObject = 0 Surface(name=null)/@0x2dd2a3a / android.view.SurfaceControl.readFromParcel:1117 android.view.IWindowSession$Stub$Proxy.relayout:1820 android.view.ViewRootImpl.relayoutWindow:9005 android.view.ViewRootImpl.performTraversals:3360 android.view.ViewRootImpl.doTraversal:2618 android.view.ViewRootImpl$TraversalRunnable.run:9971 android.view.Choreographer$CallbackRecord.run:1010 android.view.Choreographer.doCallbacks:809 android.view.Choreographer.doFrame:744 android.view.Choreographer$FrameDisplayEventReceiver.run:995
02-05 17:41:00.670  1680  1680 I ViewRootImpl@cb447c7[NotificationShade]: Relayout returned: old=(0,0,1080,2400) new=(0,0,1080,2400) req=(1080,2400)4 dur=14 res=0x1 s={false 0} ch=false fn=-1
02-05 17:41:00.670  1163  1240 W WindowManager: lockNow pending, ignore updating lockscreen timeout
02-05 17:41:00.671  2003  2003 W LauncherAppWidgetHost: setListenIfResumed, mFlags = 7
02-05 17:41:00.671  1163  2104 I AppWidgetServiceImpl: stopListening callbacks : null
02-05 17:41:00.671  2003  2003 W Launcher.NotificationListener: removeNotificationsChangedListener
02-05 17:41:00.671  2003  2003 I BadgeCountUpdaterImpl: onNotificationsChangedDisConnected
02-05 17:41:00.671  1680  1680 D KeyguardBottomAreaShortcutView: updateCameraVisibility isCameraDisabled:false visible:true
02-05 17:41:00.671  2003  2003 I Launcher.NotificationListener: unregisterObserver, this is not notificationService!!
02-05 17:41:00.671  1680  1680 D KeyguardBottomAreaShortcutView: mIndicationArea margin start : 180, end : 180, bottom : 400
02-05 17:41:00.671  1163  1240 W WindowManager: lockNow pending, ignore updating lockscreen timeout
02-05 17:41:00.671  2003  2003 W PageOverlayMover: updateActivityLifecycleState : 4
02-05 17:41:00.672  2003  2003 I LiveIconUpdateEventHandler: cancelMinuteChangeAlarm
02-05 17:41:00.672  1680  1680 D MediaControlPanel: mActionButtonNumCollapsed = 1, mActionButtonNumExpand = 1
02-05 17:41:00.672  1680  1680 D MediaControlPanel: mActionButtonNumCollapsed = 1, mActionButtonNumExpand = 1
02-05 17:41:00.672  1680  1680 D MediaControlPanel: mActionButtonNumCollapsed = 1, mActionButtonNumExpand = 1
02-05 17:41:00.672  1680  1680 D MediaControlPanel: mActionButtonNumCollapsed = 1, mActionButtonNumExpand = 1
02-05 17:41:00.672  1680  1680 D MediaControlPanel: mActionButtonNumCollapsed = 1, mActionButtonNumExpand = 1
02-05 17:41:00.672  1680  1680 D MediaControlPanel: mActionButtonNumCollapsed = 1, mActionButtonNumExpand = 1
02-05 17:41:00.672  1680  1680 D MediaControlPanel: mActionButtonNumCollapsed = 1, mActionButtonNumExpand = 1
02-05 17:41:00.672  1680  1680 D MediaControlPanel: mActionButtonNumCollapsed = 1, mActionButtonNumExpand = 1
02-05 17:41:00.672  1680  1680 D MediaControlPanel: mActionButtonNumCollapsed = 3, mActionButtonNumExpand = 5
02-05 17:41:00.672  1680  1680 D MediaControlPanel: mActionButtonNumCollapsed = 3, mActionButtonNumExpand = 5
02-05 17:41:00.672  1163  1240 D PkgPredictorService: pkg:com.example.dogglers activity:com.example.dogglers.HorizontalListActivity thisTime:117
02-05 17:41:00.672  1163  1240 D PkgPredictorService-Collector: update activity launch time: HorizontalListActivity : 117
02-05 17:41:00.672  1163  1240 I SemDvfsHyPerManager: acquire hyper - AMS_RESUME_TAIL/1163@22, type = -999
02-05 17:41:00.673  1163  1240 I SemDvfsHyPerManager: acquire hyper - AMS_ACT_LAZY/1163@23, type = -999
02-05 17:41:00.673   726   817 I HYPER-HAL: [RequestManager.cpp]acquire(): Acquired ID : 702727  [1163 / 22]    HINT : AMS_RESUME_TAIL    list :
02-05 17:41:00.673  2003  2003 I LiveIconUpdateEventHandler: cancelDateChangeAlarm
02-05 17:41:00.673 15500 15500 D IdlingResourceRegistry: All idling resources are idle.
02-05 17:41:00.673   726   817 I HYPER-HAL: [ResourceManager.cpp]updateResource(): [CPUMinFreq] UpdateResource Request ID : 702727    Value : 1844882
02-05 17:41:00.673   726   817 I HYPER-HAL: [RequestManager.cpp]acquire(): Acquired ID : 703914  [1163 / 23]    HINT :      list :
02-05 17:41:00.674 15500 15500 D RootViewPicker: Root not ready - waiting: 10ms for one to appear.
02-05 17:41:00.675  1163  1244 D ArtManagerInternalImpl: /data/misc/iorapd/com.example.dogglers/1/com.example.dogglers.HorizontalListActivity/compiled_traces/compiled_trace.pb doesn't exist
02-05 17:41:00.675   726   817 E HYPER-HAL: [Request.cpp]acquire(): Request:: id : 703914, No Resource to set
02-05 17:41:00.675   726   817 I HYPER-HAL: [ResourceManager.cpp]removeResource(): [CPUMinFreq] RemoveResource Request ID : 705102
02-05 17:41:00.675   726   817 I HYPER-HAL: [RequestManager.cpp]releaseLocked(): Released ID : 705102
02-05 17:41:00.676  1680  1680 D SecStatusBarMobileView: setStaticDrawableColor:
02-05 17:41:00.677  5089  5538 I PageOverlayServiceImpl: [FROM HOME] updateActivityLifecycleState : 4
02-05 17:41:00.677  1680  1680 D MediaControlPanel: mActionButtonNumCollapsed = 1, mActionButtonNumExpand = 1
02-05 17:41:00.677  1680  1680 D MediaControlPanel: mActionButtonNumCollapsed = 1, mActionButtonNumExpand = 1
02-05 17:41:00.677  5089  5089 I PageOverlayCoordinator: onUiStopped
02-05 17:41:00.677  5089  5089 I PageOverlayRootLayout: onUiStopped
02-05 17:41:00.677  1680  1680 D MediaControlPanel: mActionButtonNumCollapsed = 1, mActionButtonNumExpand = 1
02-05 17:41:00.677  1680  1680 D MediaControlPanel: mActionButtonNumCollapsed = 1, mActionButtonNumExpand = 1
02-05 17:41:00.677  1680  1680 D MediaControlPanel: mActionButtonNumCollapsed = 1, mActionButtonNumExpand = 1
02-05 17:41:00.677  1680  1680 D MediaControlPanel: mActionButtonNumCollapsed = 1, mActionButtonNumExpand = 1
02-05 17:41:00.677  1680  1680 D MediaControlPanel: mActionButtonNumCollapsed = 1, mActionButtonNumExpand = 1
02-05 17:41:00.677  1680  1680 D MediaControlPanel: mActionButtonNumCollapsed = 1, mActionButtonNumExpand = 1
02-05 17:41:00.677  1680  1680 D MediaControlPanel: mActionButtonNumCollapsed = 3, mActionButtonNumExpand = 5
02-05 17:41:00.677  1680  1680 D MediaControlPanel: mActionButtonNumCollapsed = 3, mActionButtonNumExpand = 5
02-05 17:41:00.678  1163  1240 D ViewRootImpl@63a02d[dogglers]: dispatchDetachedFromWindow: reset blurmask
02-05 17:41:00.679  1163  1240 I ViewRootImpl@63a02d[dogglers]: dispatchDetachedFromWindow
02-05 17:41:00.679  1163  1240 I SurfaceControl: nativeRelease nativeObject s[496785826464]
02-05 17:41:00.679  1163  1240 I SurfaceControl: nativeRelease nativeObject e[496785826464]
02-05 17:41:00.682   789   789 I Layer   : id=79990[1] Destroyed Surface(name=8c655e2 StatusBar)/@0x44a9b07 - animation-leash#1
02-05 17:41:00.682   789   789 I Layer   : id=79991[1] Destroyed Surface(name=b29f82b NavigationBar0)/@0x8634759 - animation-leash#0
02-05 17:41:00.682  1680  1680 D SecStatusBarMobileView: setStaticDrawableColor:
02-05 17:41:00.682  1163  1240 D InputTransport: Input channel destroyed: '5071962', fd=964
02-05 17:41:00.683   789   834 I SurfaceFlinger: id=79996 createSurf (0x0),-1 flag=24000, Surface(name=5071962 Splash Screen com.example.dogglers)/@0xc21334f - animation-leash#0
02-05 17:41:00.683  1163  2104 I InputDispatcher: Focus entered window (15500): 7b19a5e in display 0 0
02-05 17:41:00.684 15500 15500 D IdlingResourceRegistry: All idling resources are idle.
02-05 17:41:00.684 15500 15500 D IdlingResourceRegistry: All idling resources are idle.
02-05 17:41:00.684 15500 15500 D RootViewPicker: Root not ready - waiting: 25ms for one to appear.
02-05 17:41:00.684  1163  1240 W WindowManager: lockNow pending, ignore updating lockscreen timeout
02-05 17:41:00.685  1163  1240 D InputTransport: Input channel destroyed: '5071962', fd=965
02-05 17:41:00.685 15500 15500 I ViewRootImpl@4fcb2d9[HorizontalListActivity]: MSG_WINDOW_FOCUS_CHANGED 1 1
02-05 17:41:00.685  1163  1244 I ActivityTaskManager: Displayed com.example.dogglers/.HorizontalListActivity: +117ms
02-05 17:41:00.685 15500 15500 D InputMethodManager: prepareNavigationBarInfo() DecorView@25533ee[HorizontalListActivity]
02-05 17:41:00.685 15500 15500 D InputMethodManager: getNavigationBarColor() -16711423
02-05 17:41:00.685 15500 15500 D InputMethodManager: prepareNavigationBarInfo() DecorView@25533ee[HorizontalListActivity]
02-05 17:41:00.685 15500 15500 D InputMethodManager: getNavigationBarColor() -16711423
02-05 17:41:00.685 15500 15500 V InputMethodManager: Starting input: tba=com.example.dogglers ic=null mNaviBarColor -16711423 mIsGetNaviBarColorSuccess true , NavVisible : true , NavTrans : false
02-05 17:41:00.685 15500 15500 D InputMethodManager: startInputInner - Id : 0
02-05 17:41:00.685  2669  2669 E pageboostd: Received HALT command code 2
02-05 17:41:00.685 15500 15500 I InputMethodManager: startInputInner - mService.startInputOrWindowGainedFocus
02-05 17:41:00.686  1163  1240 W WindowManager: lockNow pending, ignore updating lockscreen timeout
02-05 17:41:00.686  1163  2104 D InputMethodManagerService: mSecureKeypadEnabled = false
02-05 17:41:00.686  1163  2104 V InputMethodManagerService: hideCurrentInputLocked : shouldHideSoftInput is false
02-05 17:41:00.686  1163  1793 V WindowManager: Relayout Window{f87dac6 u0 com.samsung.android.app.spage}: viewVisibility=8 req=0x2168
02-05 17:41:00.686  1163  2104 D InputMethodManagerService: DESKTOP MODE! : 2
02-05 17:41:00.686  1163  2104 D InputMethodManagerService: NOT IN KNOX DESKTOP MODE!
02-05 17:41:00.686  1163  2104 V InputMethodManagerService: getDisplayIdOfInputMethodWindowToBeAdded : 0
02-05 17:41:00.687  1163  2104 D SamsungIMMSHWKeyboard: isConnectedDexOnPC false
02-05 17:41:00.687  1163  1793 W WindowManager: lockNow pending, ignore updating lockscreen timeout
02-05 17:41:00.688  1163  2104 D InputMethodManagerService: isImeSwitcherDisabledPackage : false
02-05 17:41:00.688  1163  2104 D InputMethodManagerService: checkDisplayOfStartInputAndUpdateKeyboard display Id 0last 0
02-05 17:41:00.688  1163  2104 D InputTransport: Input channel constructed: 'ClientS', fd=965
02-05 17:41:00.688  1163  2104 D InputTransport: Input channel destroyed: 'ClientS', fd=965
02-05 17:41:00.688  1163  1793 V WindowManager: Relayout hash=f87dac6, pid=5089: mAttrs={(0,0)(0xfill) sim={adjust=pan} ty=APPLICATION_PANEL fmt=RGBA_8888
02-05 17:41:00.688  1163  1793 V WindowManager:   fl=1000018
02-05 17:41:00.688  1163  1793 V WindowManager:   pfl=2000040
02-05 17:41:00.688  1163  1793 V WindowManager:   fitTypes=STATUS_BARS NAVIGATION_BARS CAPTION_BAR IME naviIconColor=0}
02-05 17:41:00.689 15500 15500 D InputTransport: Input channel constructed: 'ClientS', fd=97
02-05 17:41:00.689  5089  5089 I SurfaceControl: assignNativeObject: nativeObject = 0 Surface(name=null)/@0xb12fb6b / android.view.SurfaceControl.readFromParcel:1117 android.view.IWindowSession$Stub$Proxy.relayout:1810 android.view.ViewRootImpl.relayoutWindow:9005 android.view.ViewRootImpl.performTraversals:3360 android.view.ViewRootImpl.doTraversal:2618 android.view.ViewRootImpl$TraversalRunnable.run:9971 android.view.Choreographer$CallbackRecord.run:1010 android.view.Choreographer.doCallbacks:809 android.view.Choreographer.doFrame:744 android.view.Choreographer$FrameDisplayEventReceiver.run:995
02-05 17:41:00.689  5089  5089 I SurfaceControl: assignNativeObject: nativeObject = 0 Surface(name=null)/@0xf71d6c8 / android.view.SurfaceControl.readFromParcel:1117 android.view.IWindowSession$Stub$Proxy.relayout:1820 android.view.ViewRootImpl.relayoutWindow:9005 android.view.ViewRootImpl.performTraversals:3360 android.view.ViewRootImpl.doTraversal:2618 android.view.ViewRootImpl$TraversalRunnable.run:9971 android.view.Choreographer$CallbackRecord.run:1010 android.view.Choreographer.doCallbacks:809 android.view.Choreographer.doFrame:744 android.view.Choreographer$FrameDisplayEventReceiver.run:995
02-05 17:41:00.689  5089  5089 I ViewRootImpl@7fb81b0[]: Relayout returned: old=(540,88,540,2256) new=(540,88,540,2256) req=(0,2168)8 dur=6 res=0x1 s={false 0} ch=false fn=-1
02-05 17:41:00.692  1163  2104 I SurfaceControl: nativeRelease nativeObject s[499183876832]
02-05 17:41:00.692  1163  2104 I SurfaceControl: nativeRelease nativeObject e[499183876832]
02-05 17:41:00.692   789  1272 I SurfaceFlinger: id=79997 createSurf (0x0),-1 flag=24004, Surface(name=dbf3b45 InputMethod)/@0xf70bba8 - animation-leash#1
02-05 17:41:00.693  3640  3640 I GoogleInputMethodService: GoogleInputMethodService.onFinishInput():3316
02-05 17:41:00.693  2003  2003 I LiveIconUpdateEventHandler: unregisterReceiver
02-05 17:41:00.694  3640  3640 I GoogleInputMethodService: GoogleInputMethodService.updateDeviceLockedStatus():2181 checkRepeatedly = false, unlocked = true
02-05 17:41:00.694  3640  3640 D InputMethodService: checkDisplayOfStartInputAndUpdateKeyboard display Id 0last 0
02-05 17:41:00.694  3640  3640 I GoogleInputMethodService: GoogleInputMethodService.onStartInput():1989
02-05 17:41:00.694  3640  3640 I GoogleInputMethodService: GoogleInputMethodService.updateDeviceLockedStatus():2181 checkRepeatedly = true, unlocked = true
02-05 17:41:00.699  1680  1680 D SecStatusBarMobileView: setStaticDrawableColor:
02-05 17:41:00.700   789   834 I Layer   : id=79984 removeFromCurrentState Surface(name=dbf3b45 InputMethod)/@0xf70bba8 - animation-leash#0 (202)
02-05 17:41:00.700   789   834 I Layer   : id=60 removeFromCurrentState dbf3b45 InputMethod#0 (202)
02-05 17:41:00.700   789   834 I Layer   : id=60 addToCurrentState dbf3b45 InputMethod#0 (202)
02-05 17:41:00.701  1163  1796 D SamsungIMMSHWKeyboard: isConnectedDexOnPC false
02-05 17:41:00.702 15500 15500 I SurfaceControl: nativeRelease nativeObject s[499183203584]
02-05 17:41:00.702 15500 15500 I SurfaceControl: nativeRelease nativeObject e[499183203584]
02-05 17:41:00.702  1163  1796 D InputMethodManagerService: isImeSwitcherDisabledPackage : false
02-05 17:41:00.702 15500 15500 I SurfaceControl: nativeRelease nativeObject s[497477723008]
02-05 17:41:00.702 15500 15500 I SurfaceControl: nativeRelease nativeObject e[497477723008]
02-05 17:41:00.703  2003  2003 I SurfaceControl: nativeRelease nativeObject s[499183207424]
02-05 17:41:00.703  2003  2003 I SurfaceControl: nativeRelease nativeObject e[499183207424]
02-05 17:41:00.704  1163  1796 I SurfaceControl: nativeRelease nativeObject s[499183899328]
02-05 17:41:00.704  1163  1796 I SurfaceControl: nativeRelease nativeObject e[499183899328]
02-05 17:41:00.704   789  1272 I Layer   : id=79977 removeFromCurrentState com.sec.android.app.launcher/com.sec.android.app.launcher.activities.LauncherActivity$_2003#0 (202)
02-05 17:41:00.706   789  1272 I SurfaceFlinger: id=79977 Removed com.sec.android.app.launcher/com.sec.android.app.launcher.activities.LauncherActivity$_2003#0 (202)
02-05 17:41:00.706  1163  1237 D SehCodecSolutionService: Update top [com.example.dogglers]
