02-05 17:41:02.356 15500 15500 I SurfaceControl: nativeRelease nativeObject e[498994772000]
02-05 17:41:02.356  1163  1240 W WindowManager: lockNow pending, ignore updating lockscreen timeout
02-05 17:41:02.356 15500 15500 I ViewRootImpl@9585cad[InstrumentationActivityInvoker$EmptyActivity]: MSG_WINDOW_FOCUS_CHANGED 0 1
02-05 17:41:02.357   789   835 I Layer   : id=80077 removeFromCurrentState Surface(name=8c655e2 StatusBar)/@0x44a9b07 - animation-leash#0 (213)
02-05 17:41:02.357   789   835 I Layer   : id=80078 removeFromCurrentState Surface(name=b29f82b NavigationBar0)/@0x8634759 - animation-leash#1 (213)
02-05 17:41:02.359  1163  1240 D PkgPredictorService: pkg:com.example.dogglers activity:androidx.test.core.app.InstrumentationActivityInvoker$EmptyActivity thisTime:57
02-05 17:41:02.359  1163  1240 I SemDvfsHyPerManager: acquire hyper - AMS_RESUME_TAIL/1163@22, type = -999
02-05 17:41:02.359  1163  1244 I ActivityTaskManager: Displayed com.example.dogglers/androidx.test.core.app.InstrumentationActivityInvoker$EmptyActivity: +57ms
02-05 17:41:02.359  1163  1240 I SemDvfsHyPerManager: acquire hyper - AMS_ACT_LAZY/1163@23, type = -999
02-05 17:41:02.359   726   817 I HYPER-HAL: [RequestManager.cpp]acquire(): Acquired ID : 702727  [1163 / 22]    HINT : AMS_RESUME_TAIL    list :
02-05 17:41:02.360   726   817 I HYPER-HAL: [ResourceManager.cpp]updateResource(): [CPUMinFreq] UpdateResource Request ID : 702727    Value : 1844882
02-05 17:41:02.360   726   817 I HYPER-HAL: [RequestManager.cpp]acquire(): Acquired ID : 703914  [1163 / 23]    HINT :      list :
02-05 17:41:02.360   726   817 E HYPER-HAL: [Request.cpp]acquire(): Request:: id : 703914, No Resource to set
02-05 17:41:02.360  2669  2669 E pageboostd: Received HALT command code 2
02-05 17:41:02.360   726   817 I HYPER-HAL: [ResourceManager.cpp]removeResource(): [CPUMinFreq] RemoveResource Request ID : 700356
02-05 17:41:02.360   726   817 I HYPER-HAL: [RequestManager.cpp]releaseLocked(): Released ID : 700356
02-05 17:41:02.360  1163  1240 W WindowManager: lockNow pending, ignore updating lockscreen timeout
02-05 17:41:02.361  1163  3970 D InputMethodManagerService: isImeSwitcherDisabledPackage : false
02-05 17:41:02.362 15500 15500 I SurfaceControl: nativeRelease nativeObject s[497477725504]
02-05 17:41:02.362 15500 15500 I SurfaceControl: nativeRelease nativeObject e[497477725504]
02-05 17:41:02.362 15500 15500 I SurfaceControl: nativeRelease nativeObject s[497477725408]
02-05 17:41:02.362 15500 15500 I SurfaceControl: nativeRelease nativeObject e[497477725408]
02-05 17:41:02.362 15500 15500 I SurfaceControl: nativeRelease nativeObject s[497477725312]
02-05 17:41:02.362 15500 15500 I SurfaceControl: nativeRelease nativeObject e[497477725312]
02-05 17:41:02.362   789  1272 I SurfaceFlinger: id=80078 Removed Surface(name=b29f82b NavigationBar0)/@0x8634759 - animation-leash#1 (213)
02-05 17:41:02.362   789  1272 I SurfaceFlinger: id=80077 Removed Surface(name=8c655e2 StatusBar)/@0x44a9b07 - animation-leash#0 (213)
02-05 17:41:02.366  1163  1240 W WindowManager: lockNow pending, ignore updating lockscreen timeout
02-05 17:41:02.374   789   789 I Layer   : id=80077[1] Destroyed Surface(name=8c655e2 StatusBar)/@0x44a9b07 - animation-leash#0
02-05 17:41:02.374   789   789 I Layer   : id=80078[1] Destroyed Surface(name=b29f82b NavigationBar0)/@0x8634759 - animation-leash#1
02-05 17:41:02.374 15500 15565 I mali_egl: eglDestroySurface() in
02-05 17:41:02.375  1163  3939 I InputDispatcher: Focus entered window (15500): d905a14 in display 0 0
02-05 17:41:02.375 15500 15565 I mali_winsys: delete_surface() [1080x2400] return
02-05 17:41:02.375 15500 15565 I mali_egl: eglDestroySurface() out
02-05 17:41:02.375   789  2265 E BufferQueueProducer: [com.example.dogglers/androidx.test.core.app.InstrumentationActivityInvoker$EmptyActivity$_15500#0](id:315000036ec,api:0,p:-1,c:789) disconnect: not connected (req=1)
02-05 17:41:02.375 15500 15565 W libEGL  : EGLNativeWindowType 0x73c1e32010 disconnect failed
02-05 17:41:02.375  1163  3939 V WindowManager: Relayout Window{7253ec6 u0 com.example.dogglers/androidx.test.core.app.InstrumentationActivityInvoker$EmptyActivity}: viewVisibility=8 req=1080x2400
02-05 17:41:02.376  1163  3939 W WindowManager: lockNow pending, ignore updating lockscreen timeout
02-05 17:41:02.376   789   789 D SurfaceFlinger: Display 21442653864348033 HWC layers:
02-05 17:41:02.376   789   789 D SurfaceFlinger:      DEVICE | 0x74084ff340 | 0002 | RGBA_8888    |    0.0    0.0 1080.0 2400.0 |    0    0 1080 2400 | com.example.dogglers/androidx.test.c[...]tivityInvoker$EmptyActivity$_15500#1
02-05 17:41:02.376   789   789 D SurfaceFlinger:      DEVICE | 0x7408500740 | 0000 | RGBA_8888    |    0.0    0.0 1080.0   88.0 |    0    0 1080   88 | StatusBar$_1680#0
02-05 17:41:02.376   789   789 D SurfaceFlinger:      DEVICE | 0x7428c3f200 | 0000 | RGBA_8888    |    0.0    0.0 1080.0  144.0 |    0 2256 1080 2400 | NavigationBar0$_1680#0
02-05 17:41:02.376   789   789 D SurfaceFlinger:      DEVICE | 0x7408191180 | 0000 | RGBA_8888    |    0.0    0.0 1080.0  125.0 |    0    0 1080  125 | ScreenDecorOverlay$_1680#0
02-05 17:41:02.376   789   789 D SurfaceFlinger:      DEVICE | 0x7428c3f480 | 0000 | RGBA_8888    |    0.0    0.0 1080.0  112.0 |    0 2288 1080 2400 | ScreenDecorOverlayBottom$_1680#0
02-05 17:41:02.376   789   789 D SurfaceFlinger:
02-05 17:41:02.377  1163  3939 V WindowManager: Relayout hash=7253ec6, pid=15500: mAttrs={(0,0)(fillxfill) sim={adjust=pan forwardNavigation} ty=BASE_APPLICATION wanim=0x1030001
02-05 17:41:02.377  1163  3939 V WindowManager:   fl=1810100
02-05 17:41:02.377  1163  3939 V WindowManager:   pfl=12020000
02-05 17:41:02.377  1163  3939 V WindowManager:   fitSides= naviIconColor=0}
02-05 17:41:02.377 15500 15500 I SurfaceControl: nativeRelease nativeObject s[497477724448]
02-05 17:41:02.377 15500 15500 I SurfaceControl: nativeRelease nativeObject e[497477724448]
02-05 17:41:02.377 15500 15500 I SurfaceControl: assignNativeObject: nativeObject = 0 Surface(name=null)/@0x1d7a5c7 / android.view.SurfaceControl.readFromParcel:1117 android.view.IWindowSession$Stub$Proxy.relayout:1810 android.view.ViewRootImpl.relayoutWindow:9005 android.view.ViewRootImpl.performTraversals:3360 android.view.ViewRootImpl.doTraversal:2618 android.view.ViewRootImpl$TraversalRunnable.run:9971 android.view.Choreographer$CallbackRecord.run:1010 android.view.Choreographer.doCallbacks:809 android.view.Choreographer.doFrame:744 android.view.Choreographer$FrameDisplayEventReceiver.run:995
02-05 17:41:02.377 15500 15500 I SurfaceControl: assignNativeObject: nativeObject = 0 Surface(name=null)/@0x1aa5be2 / android.view.SurfaceControl.readFromParcel:1117 android.view.IWindowSession$Stub$Proxy.relayout:1820 android.view.ViewRootImpl.relayoutWindow:9005 android.view.ViewRootImpl.performTraversals:3360 android.view.ViewRootImpl.doTraversal:2618 android.view.ViewRootImpl$TraversalRunnable.run:9971 android.view.Choreographer$CallbackRecord.run:1010 android.view.Choreographer.doCallbacks:809 android.view.Choreographer.doFrame:744 android.view.Choreographer$FrameDisplayEventReceiver.run:995
02-05 17:41:02.377 15500 15500 I SurfaceControl: nativeRelease nativeObject s[498994772288]
02-05 17:41:02.377 15500 15500 I SurfaceControl: nativeRelease nativeObject e[498994772288]
02-05 17:41:02.378 15500 15500 I ViewRootImpl@9585cad[InstrumentationActivityInvoker$EmptyActivity]: Relayout returned: old=(0,0,1080,2400) new=(0,0,1080,2400) req=(1080,2400)8 dur=2 res=0x5 s={false 0} ch=true fn=2
02-05 17:41:02.379  1163  3939 D InputDispatcher: Focused application set to (0): 1dafdd4
02-05 17:41:02.381  1163  3939 W WindowManager: lockNow pending, ignore updating lockscreen timeout
02-05 17:41:02.382 15500 15500 I ViewRootImpl@9585cad[InstrumentationActivityInvoker$EmptyActivity]: stopped(true) old=false
02-05 17:41:02.383 15500 15500 D LifecycleMonitor: Lifecycle status change: androidx.test.core.app.InstrumentationActivityInvoker$EmptyActivity@bb0018 in: STOPPED
02-05 17:41:02.383 15500 15500 D LifecycleMonitor: running callback: androidx.test.core.app.ActivityScenario$1@561ce59
02-05 17:41:02.383 15500 15500 V ActivityScenario: Activity lifecycle changed event received but ignored because the intent does not match. startActivityIntent=Intent { act=android.intent.action.MAIN cat=[android.intent.category.LAUNCHER] cmp=com.example.dogglers/.VerticalListActivity }, activity.getIntent()=Intent { act=android.intent.action.MAIN cat=[android.intent.category.LAUNCHER] flg=0x10000000 cmp=com.example.dogglers/androidx.test.core.app.InstrumentationActivityInvoker$EmptyActivity }, activity=androidx.test.core.app.InstrumentationActivityInvoker$EmptyActivity@bb0018
02-05 17:41:02.383 15500 15500 D LifecycleMonitor: callback completes: androidx.test.core.app.ActivityScenario$1@561ce59
02-05 17:41:02.383 15500 15500 I ViewRootImpl@36df1e1[InstrumentationActivityInvoker$EmptyActivity]: MSG_WINDOW_FOCUS_CHANGED 1 1
02-05 17:41:02.383 15500 15500 D InputMethodManager: prepareNavigationBarInfo() DecorView@a37853a[InstrumentationActivityInvoker$EmptyActivity]
02-05 17:41:02.383 15500 15500 D InputMethodManager: getNavigationBarColor() -16711423
02-05 17:41:02.384 15500 15500 D InputMethodManager: prepareNavigationBarInfo() DecorView@a37853a[InstrumentationActivityInvoker$EmptyActivity]
02-05 17:41:02.384 15500 15500 D InputMethodManager: getNavigationBarColor() -16711423
02-05 17:41:02.384 15500 15500 V InputMethodManager: Starting input: tba=com.example.dogglers ic=null mNaviBarColor -16711423 mIsGetNaviBarColorSuccess true , NavVisible : true , NavTrans : false
02-05 17:41:02.384 15500 15500 D InputMethodManager: startInputInner - Id : 0
02-05 17:41:02.384 15500 15500 I InputMethodManager: startInputInner - mService.startInputOrWindowGainedFocus
02-05 17:41:02.384  1163  3970 D InputMethodManagerService: mSecureKeypadEnabled = false
02-05 17:41:02.384  1163  3970 V InputMethodManagerService: hideCurrentInputLocked : shouldHideSoftInput is false
02-05 17:41:02.384  1163  3970 D InputMethodManagerService: DESKTOP MODE! : 2
02-05 17:41:02.384  1163  3970 D InputMethodManagerService: NOT IN KNOX DESKTOP MODE!
02-05 17:41:02.384  1163  3970 V InputMethodManagerService: getDisplayIdOfInputMethodWindowToBeAdded : 0
02-05 17:41:02.384  1163  3970 D InputMethodManagerService: checkDisplayOfStartInputAndUpdateKeyboard display Id 0last 0
02-05 17:41:02.384  1163  3970 D InputTransport: Input channel constructed: 'ClientS', fd=887
02-05 17:41:02.384  1163  3970 D InputTransport: Input channel destroyed: 'ClientS', fd=887
02-05 17:41:02.384 15500 15500 D InputTransport: Input channel constructed: 'ClientS', fd=99
02-05 17:41:02.384 15500 15500 D InputTransport: Input channel destroyed: 'ClientS', fd=90
02-05 17:41:02.385  1163  3939 I SurfaceControl: nativeRelease nativeObject s[496785828672]
02-05 17:41:02.385  1163  3939 I SurfaceControl: nativeRelease nativeObject e[496785828672]
02-05 17:41:02.385 15500 15500 D LifecycleMonitor: Lifecycle status change: androidx.test.core.app.InstrumentationActivityInvoker$EmptyActivity@bb0018 in: DESTROYED
02-05 17:41:02.385 15500 15500 D LifecycleMonitor: running callback: androidx.test.core.app.ActivityScenario$1@561ce59
02-05 17:41:02.385   789  1273 I SurfaceFlinger: id=80086 createSurf (0x0),-1 flag=24004, Surface(name=dbf3b45 InputMethod)/@0xf70bba8 - animation-leash#1
02-05 17:41:02.385 15500 15500 V ActivityScenario: Activity lifecycle changed event received but ignored because the intent does not match. startActivityIntent=Intent { act=android.intent.action.MAIN cat=[android.intent.category.LAUNCHER] cmp=com.example.dogglers/.VerticalListActivity }, activity.getIntent()=Intent { act=android.intent.action.MAIN cat=[android.intent.category.LAUNCHER] flg=0x10000000 cmp=com.example.dogglers/androidx.test.core.app.InstrumentationActivityInvoker$EmptyActivity }, activity=androidx.test.core.app.InstrumentationActivityInvoker$EmptyActivity@bb0018
02-05 17:41:02.385 15500 15500 D LifecycleMonitor: callback completes: androidx.test.core.app.ActivityScenario$1@561ce59
02-05 17:41:02.385 15500 15500 I ViewRootImpl@9585cad[InstrumentationActivityInvoker$EmptyActivity]: dispatchDetachedFromWindow
02-05 17:41:02.386  1163  1796 D InputTransport: Input channel destroyed: '7253ec6', fd=857
02-05 17:41:02.386  1163  1796 I SurfaceControl: nativeRelease nativeObject s[496871102688]
02-05 17:41:02.386  1163  1796 I SurfaceControl: nativeRelease nativeObject e[496871102688]
02-05 17:41:02.386  1163  1796 D WindowManager: isScreenshotDisabledLocked - win: Window{7253ec6 u0 com.example.dogglers/androidx.test.core.app.InstrumentationActivityInvoker$EmptyActivity}
02-05 17:41:02.386  1163  1796 D WindowManager: isScreenshotDisabledLocked: userId = 0, disabled =false
02-05 17:41:02.386  1163  1796 I SurfaceControl: nativeRelease nativeObject s[499038977696]
02-05 17:41:02.386  1163  1796 I SurfaceControl: nativeRelease nativeObject e[499038977696]
02-05 17:41:02.386  3640  3640 I GoogleInputMethodService: GoogleInputMethodService.onFinishInput():3316
02-05 17:41:02.386   789  1273 I Layer   : id=80076 removeFromCurrentState com.example.dogglers/androidx.test.core.app.InstrumentationActivityInvoker$EmptyActivity$_15500#0 (212)
02-05 17:41:02.387  3640  3640 I GoogleInputMethodService: GoogleInputMethodService.updateDeviceLockedStatus():2181 checkRepeatedly = false, unlocked = true
02-05 17:41:02.387  3640  3640 D InputMethodService: checkDisplayOfStartInputAndUpdateKeyboard display Id 0last 0
02-05 17:41:02.387  1163  1796 W WindowManager: lockNow pending, ignore updating lockscreen timeout
02-05 17:41:02.387  3640  3640 I GoogleInputMethodService: GoogleInputMethodService.onStartInput():1989
02-05 17:41:02.387  3640  3640 I GoogleInputMethodService: GoogleInputMethodService.updateDeviceLockedStatus():2181 checkRepeatedly = true, unlocked = true
02-05 17:41:02.387   789  2265 I Layer   : id=80081 removeFromCurrentState Surface(name=dbf3b45 InputMethod)/@0xf70bba8 - animation-leash#0 (212)
02-05 17:41:02.387   789  2265 I Layer   : id=80073 removeFromCurrentState 7253ec6 com.example.dogglers/androidx.test.core.app.InstrumentationActivityInvoker$EmptyActivity#0 (212)
02-05 17:41:02.388 15500 15500 D InputTransport: Input channel destroyed: '7253ec6', fd=98
02-05 17:41:02.388   789   834 I SurfaceFlinger: id=80076 Removed com.example.dogglers/androidx.test.core.app.InstrumentationActivityInvoker$EmptyActivity$_15500#0 (212)
02-05 17:41:02.389   789   834 I SurfaceFlinger: id=80073 Removed 7253ec6 com.example.dogglers/androidx.test.core.app.InstrumentationActivityInvoker$EmptyActivity#0 (212)
02-05 17:41:02.389  1163  3939 I SurfaceControl: nativeRelease nativeObject s[499038034112]
02-05 17:41:02.389  1163  3939 I SurfaceControl: nativeRelease nativeObject e[499038034112]
02-05 17:41:02.391   789   789 I Layer   : id=80073[1] Destroyed 7253ec6 com.example.dogglers/androidx.test.core.app.InstrumentationActivityInvoker$EmptyActivity#0
02-05 17:41:02.391   789   789 I Layer   : id=80076[1] Destroyed com.example.dogglers/androidx.test.core.app.InstrumentationActivityInvoker$EmptyActivity$_15500#0
02-05 17:41:02.392  1163  1796 I InputDispatcher: Focus left window (15500): d905a14 in display 0 0
02-05 17:41:02.393 15500 15500 D LifecycleMonitor: Lifecycle status change: androidx.test.core.app.InstrumentationActivityInvoker$EmptyActivity@244495c in: PAUSED
02-05 17:41:02.393 15500 15500 D LifecycleMonitor: running callback: androidx.test.core.app.ActivityScenario$1@561ce59
02-05 17:41:02.393 15500 15500 V ActivityScenario: Activity lifecycle changed event received but ignored because the intent does not match. startActivityIntent=Intent { act=android.intent.action.MAIN cat=[android.intent.category.LAUNCHER] cmp=com.example.dogglers/.VerticalListActivity }, activity.getIntent()=Intent { act=android.intent.action.MAIN cat=[android.intent.category.LAUNCHER] flg=0x10000000 cmp=com.example.dogglers/androidx.test.core.app.InstrumentationActivityInvoker$EmptyActivity }, activity=androidx.test.core.app.InstrumentationActivityInvoker$EmptyActivity@244495c
02-05 17:41:02.393 15500 15500 D LifecycleMonitor: callback completes: androidx.test.core.app.ActivityScenario$1@561ce59
02-05 17:41:02.394   789   835 I Layer   : id=80070 removeFromCurrentState ActivityRecord{3e1c197 u0 com.example.dogglers/androidx.test.core.app.InstrumentationActivityInvoker$EmptyActivity t12739}#0 (210)
02-05 17:41:02.394   789   835 I SurfaceFlinger: id=80070 Removed ActivityRecord{3e1c197 u0 com.example.dogglers/androidx.test.core.app.InstrumentationActivityInvoker$EmptyActivity t12739}#0 (210)
02-05 17:41:02.396  1163  3939 I SemDvfsHyPerManager: acquire hyper - AMS_APP_HOME/1163@35, type = -999
02-05 17:41:02.396   726   817 I HYPER-HAL: [RequestManager.cpp]acquire(): Acquired ID : 718236  [1163 / 35]    HINT : AMS_APP_HOME    list :
02-05 17:41:02.396   726   817 I HYPER-HAL: [ResourceManager.cpp]updateResource(): [CPUMinFreq] UpdateResource Request ID : 718236    Value : 2623359
02-05 17:41:02.396  4183  4183 I SemDvfsHyPerManager: acquire hyper - com.sec.android.sdhms/4183@9, type = -999
02-05 17:41:02.396   726   817 I HYPER-HAL: [RequestManager.cpp]acquire(): Acquired ID : 8788537  [4183 / 9]    HINT : APP_START    list :
02-05 17:41:02.396   726   817 I HYPER-HAL: [ResourceManager.cpp]updateResource(): [CPUMaxFreq] UpdateResource Request ID : 8788537    Value : 2730000
02-05 17:41:02.397  1163  3939 V WindowOrientationListener: getProposedRotation: 0
02-05 17:41:02.399  1163  3939 W WindowManager: lockNow pending, ignore updating lockscreen timeout
02-05 17:41:02.404  1163  3939 D SamsungIMMSHWKeyboard: isConnectedDexOnPC false
02-05 17:41:02.404 15500 15500 I SurfaceControl: nativeRelease nativeObject s[497477724832]
02-05 17:41:02.404 15500 15500 I SurfaceControl: nativeRelease nativeObject e[497477724832]
02-05 17:41:02.404 15500 15500 I SurfaceControl: nativeRelease nativeObject s[497477723872]
02-05 17:41:02.404 15500 15500 I SurfaceControl: nativeRelease nativeObject e[497477723872]
02-05 17:41:02.404  1163  3939 D InputMethodManagerService: isImeSwitcherDisabledPackage : false
02-05 17:41:02.404 15500 15500 I ViewRootImpl@36df1e1[InstrumentationActivityInvoker$EmptyActivity]: MSG_WINDOW_FOCUS_CHANGED 0 1
02-05 17:41:02.404 15500 15559 E TestRunner: failed: recycler_view_item_count(com.example.dogglers.VerticalListTests)
02-05 17:41:02.404 15500 15559 E TestRunner: ----- begin exception -----
02-05 17:41:02.405 15500 15559 E TestRunner: androidx.test.espresso.base.DefaultFailureHandler$AssertionFailedWithCauseError: RecyclerView item count
02-05 17:41:02.405 15500 15559 E TestRunner: Expected: <6>
02-05 17:41:02.405 15500 15559 E TestRunner:      Got: <0>
02-05 17:41:02.405 15500 15559 E TestRunner:
02-05 17:41:02.405 15500 15559 E TestRunner: 	at dalvik.system.VMStack.getThreadStackTrace(Native Method)
02-05 17:41:02.405 15500 15559 E TestRunner: 	at java.lang.Thread.getStackTrace(Thread.java:1736)
02-05 17:41:02.405 15500 15559 E TestRunner: 	at androidx.test.espresso.base.DefaultFailureHandler.getUserFriendlyError(DefaultFailureHandler.java:16)
02-05 17:41:02.405 15500 15559 E TestRunner: 	at androidx.test.espresso.base.DefaultFailureHandler.handle(DefaultFailureHandler.java:36)
02-05 17:41:02.405 15500 15559 E TestRunner: 	at androidx.test.espresso.ViewInteraction.waitForAndHandleInteractionResults(ViewInteraction.java:103)
02-05 17:41:02.405 15500 15559 E TestRunner: 	at androidx.test.espresso.ViewInteraction.check(ViewInteraction.java:31)
02-05 17:41:02.405 15500 15559 E TestRunner: 	at com.example.dogglers.VerticalListTests.recycler_view_item_count(VerticalListTests.kt:61)
02-05 17:41:02.405 15500 15559 E TestRunner: 	at java.lang.reflect.Method.invoke(Native Method)
02-05 17:41:02.405 15500 15559 E TestRunner: 	at org.junit.runners.model.FrameworkMethod$1.runReflectiveCall(FrameworkMethod.java:50)
02-05 17:41:02.405 15500 15559 E TestRunner: 	at org.junit.internal.runners.model.ReflectiveCallable.run(ReflectiveCallable.java:12)
02-05 17:41:02.405 15500 15559 E TestRunner: 	at org.junit.runners.model.FrameworkMethod.invokeExplosively(FrameworkMethod.java:47)
02-05 17:41:02.405 15500 15559 E TestRunner: 	at org.junit.internal.runners.statements.InvokeMethod.evaluate(InvokeMethod.java:17)
02-05 17:41:02.405 15500 15559 E TestRunner: 	at org.junit.rules.ExternalResource$1.evaluate(ExternalResource.java:48)
02-05 17:41:02.405 15500 15559 E TestRunner: 	at org.junit.rules.RunRules.evaluate(RunRules.java:20)
02-05 17:41:02.405 15500 15559 E TestRunner: 	at org.junit.runners.ParentRunner.runLeaf(ParentRunner.java:325)
02-05 17:41:02.405 15500 15559 E TestRunner: 	at org.junit.runners.BlockJUnit4ClassRunner.runChild(BlockJUnit4ClassRunner.java:78)
02-05 17:41:02.405 15500 15559 E TestRunner: 	at org.junit.runners.BlockJUnit4ClassRunner.runChild(BlockJUnit4ClassRunner.java:57)
02-05 17:41:02.405 15500 15559 E TestRunner: 	at org.junit.runners.ParentRunner$3.run(ParentRunner.java:290)
02-05 17:41:02.405 15500 15559 E TestRunner: 	at org.junit.runners.ParentRunner$1.schedule(ParentRunner.java:71)
02-05 17:41:02.405 15500 15559 E TestRunner: 	at org.junit.runners.ParentRunner.runChildren(ParentRunner.java:288)
02-05 17:41:02.405 15500 15559 E TestRunner: 	at org.junit.runners.ParentRunner.access$000(ParentRunner.java:58)
02-05 17:41:02.405 15500 15559 E TestRunner: 	at org.junit.runners.ParentRunner$2.evaluate(ParentRunner.java:268)
02-05 17:41:02.405 15500 15559 E TestRunner: 	at org.junit.runners.ParentRunner.run(ParentRunner.java:363)
02-05 17:41:02.405 15500 15559 E TestRunner: 	at androidx.test.ext.junit.runners.AndroidJUnit4.run(AndroidJUnit4.java:154)
02-05 17:41:02.405 15500 15559 E TestRunner: 	at org.junit.runners.Suite.runChild(Suite.java:128)
02-05 17:41:02.405 15500 15559 E TestRunner: 	at org.junit.runners.Suite.runChild(Suite.java:27)
02-05 17:41:02.405 15500 15559 E TestRunner: 	at org.junit.runners.ParentRunner$3.run(ParentRunner.java:290)
02-05 17:41:02.405 15500 15559 E TestRunner: 	at org.junit.runners.ParentRunner$1.schedule(ParentRunner.java:71)
02-05 17:41:02.405 15500 15559 E TestRunner: 	at org.junit.runners.ParentRunner.runChildren(ParentRunner.java:288)
02-05 17:41:02.405 15500 15559 E TestRunner: 	at org.junit.runners.ParentRunner.access$000(ParentRunner.java:58)
02-05 17:41:02.405 15500 15559 E TestRunner: 	at org.junit.runners.ParentRunner$2.evaluate(ParentRunner.java:268)
02-05 17:41:02.405 15500 15559 E TestRunner: 	at org.junit.runners.ParentRunner.run(ParentRunner.java:363)
02-05 17:41:02.405 15500 15559 E TestRunner: 	at org.junit.runner.JUnitCore.run(JUnitCore.java:137)
02-05 17:41:02.405 15500 15559 E TestRunner: 	at org.junit.runner.JUnitCore.run(JUnitCore.java:115)
02-05 17:41:02.405 15500 15559 E TestRunner: 	at androidx.test.internal.runner.TestExecutor.execute(TestExecutor.java:56)
02-05 17:41:02.405 15500 15559 E TestRunner: 	at androidx.test.runner.AndroidJUnitRunner.onStart(AndroidJUnitRunner.java:395)
02-05 17:41:02.405 15500 15559 E TestRunner: 	at android.app.Instrumentation$InstrumentationThread.run(Instrumentation.java:2218)
02-05 17:41:02.405 15500 15559 E TestRunner: Caused by: junit.framework.AssertionFailedError: RecyclerView item count
02-05 17:41:02.405 15500 15559 E TestRunner: Expected: <6>
02-05 17:41:02.405 15500 15559 E TestRunner:      Got: <0>
02-05 17:41:02.405 15500 15559 E TestRunner:
02-05 17:41:02.405 15500 15559 E TestRunner: 	at androidx.test.espresso.matcher.ViewMatchers.assertThat(ViewMatchers.java:17)
02-05 17:41:02.405 15500 15559 E TestRunner: 	at com.example.dogglers.BaseTest$DrawableMatcher$RecyclerViewAssertion.check(BaseTest.kt:163)
02-05 17:41:02.405 15500 15559 E TestRunner: 	at androidx.test.espresso.ViewInteraction$SingleExecutionViewAssertion.check(ViewInteraction.java:10)
02-05 17:41:02.405 15500 15559 E TestRunner: 	at androidx.test.espresso.ViewInteraction$2.call(ViewInteraction.java:11)
02-05 17:41:02.405 15500 15559 E TestRunner: 	at androidx.test.espresso.ViewInteraction$2.call(ViewInteraction.java:2)
02-05 17:41:02.405 15500 15559 E TestRunner: 	at java.util.concurrent.FutureTask.run(FutureTask.java:266)
02-05 17:41:02.405 15500 15559 E TestRunner: 	at android.os.Handler.handleCallback(Handler.java:938)
02-05 17:41:02.405 15500 15559 E TestRunner: 	at android.os.Handler.dispatchMessage(Handler.java:99)
02-05 17:41:02.405 15500 15559 E TestRunner: 	at android.os.Looper.loop(Looper.java:246)
02-05 17:41:02.405 15500 15559 E TestRunner: 	at android.app.ActivityThread.main(ActivityThread.java:8633)
02-05 17:41:02.405 15500 15559 E TestRunner: 	at java.lang.reflect.Method.invoke(Native Method)
02-05 17:41:02.405 15500 15559 E TestRunner: 	at com.android.internal.os.RuntimeInit$MethodAndArgsCaller.run(RuntimeInit.java:602)
02-05 17:41:02.405 15500 15559 E TestRunner: 	at com.android.internal.os.ZygoteInit.main(ZygoteInit.java:1130)
02-05 17:41:02.405 15500 15559 E TestRunner: ----- end exception -----
02-05 17:41:02.405 15500 15559 I TestRunner: finished: recycler_view_item_count(com.example.dogglers.VerticalListTests)
