02-05 17:41:01.621 15500 15500 D LifecycleMonitor: callback completes: androidx.test.core.app.ActivityScenario$1@59c0bac
02-05 17:41:01.623  1163  1793 I SemDvfsHyPerManager: acquire hyper - AMS_APP_HOME/1163@35, type = -999
02-05 17:41:01.623   726   817 I HYPER-HAL: [RequestManager.cpp]acquire(): Acquired ID : 718236  [1163 / 35]    HINT : AMS_APP_HOME    list :
02-05 17:41:01.623   726   817 I HYPER-HAL: [ResourceManager.cpp]updateResource(): [CPUMinFreq] UpdateResource Request ID : 718236    Value : 2623359
02-05 17:41:01.623  4183  4183 I SemDvfsHyPerManager: acquire hyper - com.sec.android.sdhms/4183@9, type = -999
02-05 17:41:01.624   726   817 I HYPER-HAL: [RequestManager.cpp]acquire(): Acquired ID : 8788537  [4183 / 9]    HINT : APP_START    list :
02-05 17:41:01.624   726   817 I HYPER-HAL: [ResourceManager.cpp]updateResource(): [CPUMaxFreq] UpdateResource Request ID : 8788537    Value : 2730000
02-05 17:41:01.624  1163  1793 V WindowOrientationListener: getProposedRotation: 0
02-05 17:41:01.625  2003  2003 I ViewRootImpl@e2e8b8d[LauncherActivity]: stopped(false) old=false
02-05 17:41:01.625  2003  2003 I Launcher: !@Boot_DEBUG: Launcher.onResume()
02-05 17:41:01.625  2003  2003 I Launcher: !@Boot_EBS_D: Launcher.onResume()
02-05 17:41:01.625  2003  2003 W PageOverlayMover: updateActivityLifecycleState : 2
02-05 17:41:01.625  5089 28744 I PageOverlayServiceImpl: [FROM HOME] updateActivityLifecycleState : 2
02-05 17:41:01.625  2003  2003 W PageOverlayMover: isMoving : false
02-05 17:41:01.626  2003 13140 I Launcher: DisplayMetrics from Resources : DisplayMetrics{density=3.0, width=1080, height=2168, scaledDensity=3.0, xdpi=409.432, ydpi=406.4}
02-05 17:41:01.626  2003  2003 I Launcher: setWallpaperOffsets
02-05 17:41:01.626  2003 13140 I Launcher: realMetrics from Wm : DisplayMetrics{density=3.0, width=1080, height=2400, scaledDensity=3.0, xdpi=409.432, ydpi=406.4}
02-05 17:41:01.626  2003 13140 I Launcher: DeviceProfile, isLand : false, isMultiWin :false, availableWidthPx : 1080, availableHeightPx : 2256
02-05 17:41:01.627  1163  1793 W WindowManager: lockNow pending, ignore updating lockscreen timeout
02-05 17:41:01.628  1163  1793 I SurfaceControl: nativeRelease nativeObject s[496785831264]
02-05 17:41:01.628  1163  1793 I SurfaceControl: nativeRelease nativeObject e[496785831264]
02-05 17:41:01.628   789   834 I SurfaceFlinger: id=80050 createSurf (0x0),-1 flag=24000, Surface(name=Task=12738)/@0xc4c3fb9 - animation-leash#1
02-05 17:41:01.629  1163  1793 I SurfaceControl: nativeRelease nativeObject s[496785831360]
02-05 17:41:01.629  1163  1793 I SurfaceControl: nativeRelease nativeObject e[496785831360]
02-05 17:41:01.629   789  1272 I SurfaceFlinger: id=80051 createSurf (0x0),-1 flag=24004, Surface(name=Task=1)/@0x42bdb16 - animation-leash#1
02-05 17:41:01.629   789   789 I Layer   : id=80042[1] Destroyed Surface(name=8c655e2 StatusBar)/@0x44a9b07 - animation-leash#1
02-05 17:41:01.629   789   789 I Layer   : id=80043[1] Destroyed Surface(name=b29f82b NavigationBar0)/@0x8634759 - animation-leash#0
02-05 17:41:01.630   789  1272 I SurfaceFlinger: id=80052 createSurf (0x0),-1 flag=24000, Surface(name=WallpaperWindowToken{2cf7ea9 token=android.os.Binder@93cd856})/@0xc1aa2f7 - animation-leash#0
02-05 17:41:01.630  1163  1793 D WindowManager: isScreenshotDisabledLocked - win: Window{6f507da u0 com.example.dogglers/androidx.test.core.app.InstrumentationActivityInvoker$EmptyActivity}
02-05 17:41:01.630  1163  1793 D WindowManager: isScreenshotDisabledLocked: userId = 0, disabled =false
02-05 17:41:01.631   716   953 D gralloc : [mali_gralloc_allocate] begin
02-05 17:41:01.631   716   953 D gralloc : buffer_descriptor: wh(1080 2400) usage_pc(0x366 0x306) hal_format(0x1) layer_count(1) sizes(0 0 0) strde(0) byte_stride(0) alloc_wh(0 0) internal_format(0x0) alloc_format(0x0) fd_count(1) plane_count(0)
02-05 17:41:01.633   716   953 D gralloc : [mali_gralloc_allocate] allocation successful
02-05 17:41:01.633   789   789 D SurfaceFlinger: Display 21442653864348033 HWC layers:
02-05 17:41:01.633   789   789 D SurfaceFlinger:      DEVICE | 0x7428c3fd40 | 0002 | RGBx_8888    |  180.0    0.0 1260.0 2400.0 |    0    0 1080 2400 | com.android.systemui.ImageWallpaper$_1680#0
02-05 17:41:01.633   789   789 D SurfaceFlinger:      DEVICE | 0x7428c3de00 | 0000 | RGBA_8888    |    0.0    0.0 1080.0 2400.0 |    0    0 1080 2400 | com.sec.android.app.launcher/com.sec[...].activities.LauncherActivity$_2003#0
02-05 17:41:01.633   789   789 D SurfaceFlinger:      DEVICE | 0x7428c40ec0 | 0002 | RGBA_8888    |    0.0    0.0 1080.0 2400.0 |    5   12 1075 2388 | com.example.dogglers/androidx.test.c[...]tivityInvoker$EmptyActivity$_15500#1
02-05 17:41:01.633   789   789 D SurfaceFlinger:      DEVICE | 0x7408500740 | 0000 | RGBA_8888    |    0.0    0.0 1080.0   88.0 |    0    0 1080   88 | StatusBar$_1680#0
02-05 17:41:01.633   789   789 D SurfaceFlinger:      DEVICE | 0x7428c40600 | 0000 | RGBA_8888    |    0.0    0.0 1080.0  144.0 |    0 2256 1080 2400 | NavigationBar0$_1680#0
02-05 17:41:01.633   789   789 D SurfaceFlinger:      DEVICE | 0x7408191180 | 0000 | RGBA_8888    |    0.0    0.0 1080.0  125.0 |    0    0 1080  125 | ScreenDecorOverlay$_1680#0
02-05 17:41:01.633   789   789 D SurfaceFlinger:      DEVICE | 0x7428c3f480 | 0000 | RGBA_8888    |    0.0    0.0 1080.0  112.0 |    0 2288 1080 240
02-05 17:41:01.633   789   789 D SurfaceFlinger: 0 | ScreenDecorOverlayBottom$_1680#0
02-05 17:41:01.633   789   789 D SurfaceFlinger:
02-05 17:41:01.636   789   789 I Layer   : id=80053[0] Destroyed Screenshot Parent
02-05 17:41:01.638  1163  1793 I SurfaceControl: nativeRelease nativeObject s[499183876832]
02-05 17:41:01.638  1163  1793 I SurfaceControl: nativeRelease nativeObject e[499183876832]
02-05 17:41:01.639   789   834 I SurfaceFlinger: id=80054 createSurf (0x0),-1 flag=24000, Surface(name=8c655e2 StatusBar)/@0x44a9b07 - animation-leash#1
02-05 17:41:01.639  1163  1793 I SurfaceControl: nativeRelease nativeObject s[499183879712]
02-05 17:41:01.639  1163  1793 I SurfaceControl: nativeRelease nativeObject e[499183879712]
02-05 17:41:01.639   789  1272 I SurfaceFlinger: id=80055 createSurf (0x0),-1 flag=24000, Surface(name=b29f82b NavigationBar0)/@0x8634759 - animation-leash#0
02-05 17:41:01.640  1163  1793 W WindowManager: lockNow pending, ignore updating lockscreen timeout
02-05 17:41:01.640  1163  1237 D WindowManager: setDisableFlags: displayId=0, vis=0x9708, appearance=8, transientState=Pair{[I@c0f1b8a [I@38ef5fb}, isFullscreen=false, isImmersive=true, barType=0, win=Window{6030dc2 u0 com.sec.android.app.launcher/com.sec.android.app.launcher.activities.LauncherActivity}
02-05 17:41:01.640   789   834 I Layer   : id=80025 removeFromCurrentState Surface(name=Task=12738)/@0xc4c3fb9 - animation-leash#0 (213)
02-05 17:41:01.640   789   834 I Layer   : id=80024 removeFromCurrentState Surface(name=Task=1)/@0x42bdb16 - animation-leash#0 (213)
02-05 17:41:01.640   789   834 I Layer   : id=80048 removeFromCurrentState Surface(name=8c655e2 StatusBar)/@0x44a9b07 - animation-leash#0 (213)
02-05 17:41:01.640   789   834 I Layer   : id=80049 removeFromCurrentState Surface(name=b29f82b NavigationBar0)/@0x8634759 - animation-leash#1 (213)
02-05 17:41:01.640  1680  1680 D NavigationBar: onSystemBarAppearanceChanged() -  displayId:0, appearance:8 (APPEARANCE_LIGHT_STATUS_BARS ), navbarColorManagedByIme:false
02-05 17:41:01.640  1163  1793 D WindowManager: RemoteAnimationController::onAnimationStart, animations=[Landroid.view.RemoteAnimationTarget;@df36618
02-05 17:41:01.641  2003 26254 I LauncherAnimationRunner: onAnimationStart, appTargets : [Lcom.android.systemui.shared.system.RemoteAnimationTargetCompat;@92e09b8 mStartAtFrontOfQueue : false
02-05 17:41:01.641  1680  1680 D SecStatusBarMobileView: setStaticDrawableColor:
02-05 17:41:01.641   789   834 I SurfaceFlinger: id=80025 Removed Surface(name=Task=12738)/@0xc4c3fb9 - animation-leash#0 (213)
02-05 17:41:01.641   789   834 I SurfaceFlinger: id=80024 Removed Surface(name=Task=1)/@0x42bdb16 - animation-leash#0 (213)
02-05 17:41:01.641 15500 15500 I SurfaceControl: nativeRelease nativeObject s[497477724352]
02-05 17:41:01.641 15500 15500 I SurfaceControl: nativeRelease nativeObject e[497477724352]
02-05 17:41:01.641   789   834 I SurfaceFlinger: id=80049 Removed Surface(name=b29f82b NavigationBar0)/@0x8634759 - animation-leash#1 (213)
02-05 17:41:01.641 15500 15500 I SurfaceControl: nativeRelease nativeObject s[497477723872]
02-05 17:41:01.641 15500 15500 I SurfaceControl: nativeRelease nativeObject e[497477723872]
02-05 17:41:01.641  1680  1680 D SecLightBarControlHelper: updateStatus(BLACK icon) NumLightStacks:1, NumStacks:1, IndexLightStack:0, StatusBarMode:0, StatusBarState:SHD, NeedDarkFontFromWallpaper:true, isWhiteKeyguardStatusBarBySettings:true
02-05 17:41:01.641   789   834 I SurfaceFlinger: id=80048 Removed Surface(name=8c655e2 StatusBar)/@0x44a9b07 - animation-leash#0 (213)
02-05 17:41:01.643  2003  2003 W Launcher.NotificationListener: setNotificationsChangedListener connected : true
02-05 17:41:01.643  2003  2003 I BadgeCountUpdaterImpl: onNotificationsChangedConnected
02-05 17:41:01.643  2003  2003 I Launcher.NotificationListener: onNotificationFullRefresh
02-05 17:41:01.643  2003  2087 I InstallPairAppsReceiver: Pair apps key is null
02-05 17:41:01.644  1163  3939 V WindowManager: Relayout Window{6030dc2 u0 com.sec.android.app.launcher/com.sec.android.app.launcher.activities.LauncherActivity}: viewVisibility=0 req=1080x2400
02-05 17:41:01.644  1163  3939 W WindowManager: lockNow pending, ignore updating lockscreen timeout
02-05 17:41:01.645  1163  3939 V WindowManager: Relayout hash=6030dc2, pid=2003: mAttrs={(0,0)(fillxfill) sim={adjust=nothing} layoutInDisplayCutoutMode=shortEdges ty=BASE_APPLICATION fmt=TRANSPARENT wanim=0x10302f2
02-05 17:41:01.645  1163  3939 V WindowManager:   fl=81910100
02-05 17:41:01.645  1163  3939 V WindowManager:   pfl=16020000
02-05 17:41:01.645  1163  3939 V WindowManager:   vsysui=1700
02-05 17:41:01.645  1163  3939 V WindowManager:   apr=LIGHT_STATUS_BARS
02-05 17:41:01.645  1163  3939 V WindowManager:   bhv=SHOW_TRANSIENT_BARS_BY_SWIPE
02-05 17:41:01.645  1163  3939 V WindowManager:   fitSides= dimAmount=0.125 dimDuration=200 screenDimDuration=200000 naviIconColor=0}
02-05 17:41:01.645  1163  3939 I SurfaceControl: nativeRelease nativeObject s[496785828672]
02-05 17:41:01.645  1163  3939 I SurfaceControl: nativeRelease nativeObject e[496785828672]
02-05 17:41:01.646  2003  2003 I SurfaceControl: nativeRelease nativeObject s[497484648992]
02-05 17:41:01.646  2003  2003 I SurfaceControl: nativeRelease nativeObject e[497484648992]
02-05 17:41:01.646  2003  2003 I SurfaceControl: assignNativeObject: nativeObject = 0 Surface(name=null)/@0x37cdda1 / android.view.SurfaceControl.readFromParcel:1117 android.view.IWindowSession$Stub$Proxy.relayout:1820 android.view.ViewRootImpl.relayoutWindow:9005 android.view.ViewRootImpl.performTraversals:3360 android.view.ViewRootImpl.doTraversal:2618 android.view.ViewRootImpl$TraversalRunnable.run:9971 android.view.Choreographer$CallbackRecord.run:1010 android.view.Choreographer.doCallbacks:809 android.view.Choreographer.doFrame:744 android.view.Choreographer$FrameDisplayEventReceiver.run:995
02-05 17:41:01.646  1680  1680 D SecStatusBarMobileView: setStaticDrawableColor:
02-05 17:41:01.647   789   789 I Layer   : id=80024[1] Destroyed Surface(name=Task=1)/@0x42bdb16 - animation-leash#0
02-05 17:41:01.647   789   789 I Layer   : id=80025[1] Destroyed Surface(name=Task=12738)/@0xc4c3fb9 - animation-leash#0
02-05 17:41:01.647   789   789 I Layer   : id=80048[1] Destroyed Surface(name=8c655e2 StatusBar)/@0x44a9b07 - animation-leash#0
02-05 17:41:01.647   789   789 I Layer   : id=80049[1] Destroyed Surface(name=b29f82b NavigationBar0)/@0x8634759 - animation-leash#1
02-05 17:41:01.647  2003  2087 I Launcher.NotificationListener: Full refresh isConnected : true active size : 0
02-05 17:41:01.648  2003  2003 I ViewRootImpl@e2e8b8d[LauncherActivity]: Relayout returned: old=(0,0,1080,2400) new=(0,0,1080,2400) req=(1080,2400)0 dur=3 res=0x1 s={true 497483223040} ch=false fn=24
02-05 17:41:01.648  2003  2003 I LiveIconUpdateEventHandler: registerDateChangedReceiver
02-05 17:41:01.649  1163  3939 V WindowManager: Relayout Window{b594a18 u0 NotificationShade}: viewVisibility=4 req=1080x2400
02-05 17:41:01.650  1163  3939 W WindowManager: lockNow pending, ignore updating lockscreen timeout
02-05 17:41:01.651   789   789 D SurfaceFlinger: Display 21442653864348033 HWC layers:
02-05 17:41:01.651   789   789 D SurfaceFlinger:      DEVICE | 0x7428c40ec0 | 0002 | RGBA_8888    |    0.0    0.0 1080.0 2400.0 |    0    0 1080 2400 | com.example.dogglers/androidx.test.c[...]tivityInvoker$EmptyActivity$_15500#1
02-05 17:41:01.651   789   789 D SurfaceFlinger:      DEVICE | 0x7408500740 | 0000 | RGBA_8888    |    0.0    0.0 1080.0   88.0 |    0    0 1080   88 | StatusBar$_1680#0
02-05 17:41:01.651   789   789 D SurfaceFlinger:      DEVICE | 0x7428c40600 | 0000 | RGBA_8888    |    0.0    0.0 1080.0  144.0 |    0 2256 1080 2400 | NavigationBar0$_1680#0
02-05 17:41:01.651   789   789 D SurfaceFlinger:      DEVICE | 0x7408191180 | 0000 | RGBA_8888    |    0.0    0.0 1080.0  125.0 |    0    0 1080  125 | ScreenDecorOverlay$_1680#0
02-05 17:41:01.651   789   789 D SurfaceFlinger:      DEVICE | 0x7428c3f480 | 0000 | RGBA_8888    |    0.0    0.0 1080.0  112.0 |    0 2288 1080 2400 | ScreenDecorOverlayBottom$_1680#0
02-05 17:41:01.651   789   789 D SurfaceFlinger:
02-05 17:41:01.651  1163  3939 V WindowManager: Relayout hash=b594a18, pid=1680: mAttrs={(0,0)(fillxfill) gr=TOP CENTER_VERTICAL sim={adjust=resize} layoutInDisplayCutoutMode=always ty=2040 fmt=TRANSLUCENT colorMode=COLOR_MODE_WIDE_COLOR_GAMUT
02-05 17:41:01.651  1163  3939 V WindowManager:   fl=81840048
02-05 17:41:01.651  1163  3939 V WindowManager:   pfl=1b000000
02-05 17:41:01.651  1163  3939 V WindowManager:   vsysui=2000
02-05 17:41:01.651  1163  3939 V WindowManager:   apr=LIGHT_STATUS_BARS
02-05 17:41:01.651  1163  3939 V WindowManager:   bhv=SHOW_TRANSIENT_BARS_BY_SWIPE dimAmount=0.0 naviIconColor=0
02-05 17:41:01.651  1163  3939 V WindowManager:   sfl=40000}
02-05 17:41:01.651  1680  1680 I SurfaceControl: assignNativeObject: nativeObject = 0 Surface(name=null)/@0x7632417 / android.view.SurfaceControl.readFromParcel:1117 android.view.IWindowSession$Stub$Proxy.relayout:1810 android.view.ViewRootImpl.relayoutWindow:9005 android.view.ViewRootImpl.performTraversals:3360 android.view.ViewRootImpl.doTraversal:2618 android.view.ViewRootImpl$TraversalRunnable.run:9971 android.view.Choreographer$CallbackRecord.run:1010 android.view.Choreographer.doCallbacks:809 android.view.Choreographer.doFrame:744 android.view.Choreographer$FrameDisplayEventReceiver.run:995
02-05 17:41:01.652  1680  1680 I SurfaceControl: assignNativeObject: nativeObject = 0 Surface(name=null)/@0x2dd2a3a / android.view.SurfaceControl.readFromParcel:1117 android.view.IWindowSession$Stub$Proxy.relayout:1820 android.view.ViewRootImpl.relayoutWindow:9005 android.view.ViewRootImpl.performTraversals:3360 android.view.ViewRootImpl.doTraversal:2618 android.view.ViewRootImpl$TraversalRunnable.run:9971 android.view.Choreographer$CallbackRecord.run:1010 android.view.Choreographer.doCallbacks:809 android.view.Choreographer.doFrame:744 android.view.Choreographer$FrameDisplayEventReceiver.run:995
02-05 17:41:01.652  1680  1680 I ViewRootImpl@cb447c7[NotificationShade]: Relayout returned: old=(0,0,1080,2400) new=(0,0,1080,2400) req=(1080,2400)4 dur=3 res=0x1 s={false 0} ch=false fn=-1
02-05 17:41:01.652  2003  2086 I SPayUpdater: updateSpayHandler, show = true, defaultPage = false
02-05 17:41:01.653  1680  1680 D KeyguardBottomAreaShortcutView: updateCameraVisibility isCameraDisabled:false visible:true
02-05 17:41:01.653  1680  1680 D KeyguardBottomAreaShortcutView: mIndicationArea margin start : 180, end : 180, bottom : 400
02-05 17:41:01.653  1680  1680 D MediaControlPanel: mActionButtonNumCollapsed = 1, mActionButtonNumExpand = 1
02-05 17:41:01.653  2003  2003 I LiveIconUpdateEventHandler: cancelDateChangeAlarm
02-05 17:41:01.653  1680  1680 D MediaControlPanel: mActionButtonNumCollapsed = 1, mActionButtonNumExpand = 1
02-05 17:41:01.653  1680  1680 D MediaControlPanel: mActionButtonNumCollapsed = 1, mActionButtonNumExpand = 1
02-05 17:41:01.653  1680  1680 D MediaControlPanel: mActionButtonNumCollapsed = 1, mActionButtonNumExpand = 1
02-05 17:41:01.653  1680  1680 D MediaControlPanel: mActionButtonNumCollapsed = 1, mActionButtonNumExpand = 1
02-05 17:41:01.653  1680  1680 D MediaControlPanel: mActionButtonNumCollapsed = 1, mActionButtonNumExpand = 1
02-05 17:41:01.653  1680  1680 D MediaControlPanel: mActionButtonNumCollapsed = 1, mActionButtonNumExpand = 1
02-05 17:41:01.653  1680  1680 D MediaControlPanel: mActionButtonNumCollapsed = 1, mActionButtonNumExpand = 1
02-05 17:41:01.653  1680  1680 D MediaControlPanel: mActionButtonNumCollapsed = 3, mActionButtonNumExpand = 5
02-05 17:41:01.654  1680  1680 D MediaControlPanel: mActionButtonNumCollapsed = 3, mActionButtonNumExpand = 5
02-05 17:41:01.655  2003  2003 I LiveIconUpdateEventHandler: setDateChangeAlarm
02-05 17:41:01.655  2669  2669 E pageboostd: Received HALT command code 2
02-05 17:41:01.663  1680  1680 D SecStatusBarMobileView: setStaticDrawableColor:
02-05 17:41:01.663  1680  1680 D MediaControlPanel: mActionButtonNumCollapsed = 1, mActionButtonNumExpand = 1
02-05 17:41:01.664  1680  1680 D MediaControlPanel: mActionButtonNumCollapsed = 1, mActionButtonNumExpand = 1
02-05 17:41:01.664  1680  1680 D MediaControlPanel: mActionButtonNumCollapsed = 1, mActionButtonNumExpand = 1
02-05 17:41:01.664  1680  1680 D MediaControlPanel: mActionButtonNumCollapsed = 1, mActionButtonNumExpand = 1
02-05 17:41:01.664  1680  1680 D MediaControlPanel: mActionButtonNumCollapsed = 1, mActionButtonNumExpand = 1
02-05 17:41:01.664  1680  1680 D MediaControlPanel: mActionButtonNumCollapsed = 1, mActionButtonNumExpand = 1
02-05 17:41:01.664  1680  1680 D MediaControlPanel: mActionButtonNumCollapsed = 1, mActionButtonNumExpand = 1
02-05 17:41:01.664  1680  1680 D MediaControlPanel: mActionButtonNumCollapsed = 1, mActionButtonNumExpand = 1
02-05 17:41:01.664  1680  1680 D MediaControlPanel: mActionButtonNumCollapsed = 3, mActionButtonNumExpand = 5
02-05 17:41:01.664  1680  1680 D MediaControlPanel: mActionButtonNumCollapsed = 3, mActionButtonNumExpand = 5
02-05 17:41:01.664  2003  2003 I LiveIconUpdateEventHandler: cancelMinuteChangeAlarm
02-05 17:41:01.665  2003  2003 I LiveIconUpdateEventHandler: setMinuteChangeAlarm
02-05 17:41:01.665  1163  3939 I InputDispatcher: Focus entered window (2003): 6030dc2 in display 0 0
02-05 17:41:01.670  2003  2003 I WrappedLauncherAnimationRunner: onCreateAnimation, animationRunnerImpl : com.android.launcher3.QuickstepAppTransitionManagerImpl$WallpaperOpenLauncherAnimationRunner@1b99894
02-05 17:41:01.670  2003  2003 I QuickstepTransition: WallpaperOpenLauncherAnimationRunner, onCreateAnimation
02-05 17:41:01.670  2003  2003 W AppTransitionAnimatorImpl: closing animation without icon
02-05 17:41:01.670  2003  2003 W AppTransitionAnimatorImpl: onAnimationStart - APP OUT
02-05 17:41:01.670  2003  2003 I RemoteCloseAnimationListener: RemoteCloseAnimation started, hashCode : 30398453
02-05 17:41:01.670  2003  2003 I SurfaceControl: nativeRelease nativeObject s[499183205600]
02-05 17:41:01.670  2003  2003 I SurfaceControl: nativeRelease nativeObject e[499183205600]
02-05 17:41:01.671  2003  2003 I SurfaceControl: nativeRelease nativeObject s[497484648992]
02-05 17:41:01.671  2003  2003 I SurfaceControl: nativeRelease nativeObject e[497484648992]
02-05 17:41:01.671  2003  2003 I PopupDataProvider: onNotificationFullRefresh prev dotInfoSize : 0
02-05 17:41:01.671  2003  2003 I ViewRootImpl@e2e8b8d[LauncherActivity]: MSG_WINDOW_FOCUS_CHANGED 1 1
02-05 17:41:01.672  2003  2003 I InputMethodManager: startInputInner - mService.startInputOrWindowGainedFocus
02-05 17:41:01.672  1163  3970 D InputMethodManagerService: mSecureKeypadEnabled = false
02-05 17:41:01.672  1163  3970 V InputMethodManagerService: hideCurrentInputLocked : shouldHideSoftInput is false
02-05 17:41:01.672  1163  3970 D InputMethodManagerService: DESKTOP MODE! : 2
02-05 17:41:01.672  1163  3970 D InputMethodManagerService: NOT IN KNOX DESKTOP MODE!
02-05 17:41:01.672  1163  3970 V InputMethodManagerService: getDisplayIdOfInputMethodWindowToBeAdded : 0
02-05 17:41:01.672  1163  3970 D SamsungIMMSHWKeyboard: isConnectedDexOnPC false
02-05 17:41:01.672  1163  3970 D InputMethodManagerService: isImeSwitcherDisabledPackage : false
02-05 17:41:01.673 15500 15500 D InputTransport: Input channel destroyed: 'ClientS', fd=106
02-05 17:41:01.673  1163  3970 D InputMethodManagerService: checkDisplayOfStartInputAndUpdateKeyboard display Id 0last 0
02-05 17:41:01.673  1163  3970 D InputTransport: Input channel constructed: 'ClientS', fd=887
02-05 17:41:01.673  1163  3970 D InputTransport: Input channel destroyed: 'ClientS', fd=887
02-05 17:41:01.673  1163  2104 I SurfaceControl: nativeRelease nativeObject s[496867020224]
02-05 17:41:01.673  1163  2104 I SurfaceControl: nativeRelease nativeObject e[496867020224]
02-05 17:41:01.674   789  1272 I SurfaceFlinger: id=80056 createSurf (0x0),-1 flag=24004, Surface(name=dbf3b45 InputMethod)/@0xf70bba8 - animation-leash#1
02-05 17:41:01.675  3640  3640 I GoogleInputMethodService: GoogleInputMethodService.onFinishInput():3316
02-05 17:41:01.676  3640  3640 I GoogleInputMethodService: GoogleInputMethodService.updateDeviceLockedStatus():2181 checkRepeatedly = false, unlocked = true
02-05 17:41:01.676  3640  3640 D InputMethodService: checkDisplayOfStartInputAndUpdateKeyboard display Id 0last 0
02-05 17:41:01.676  3640  3640 I GoogleInputMethodService: GoogleInputMethodService.onStartInput():1989
02-05 17:41:01.676  3640  3640 I GoogleInputMethodService: GoogleInputMethodService.updateDeviceLockedStatus():2181 checkRepeatedly = true, unlocked = true
02-05 17:41:01.680  1680  1680 D SecStatusBarMobileView: setStaticDrawableColor:
02-05 17:41:01.681   789   835 I Layer   : id=80045 removeFromCurrentState Surface(name=dbf3b45 InputMethod)/@0xf70bba8 - animation-leash#0 (210)
02-05 17:41:01.681 15500 15500 I SurfaceControl: nativeRelease nativeObject s[498994768160]
02-05 17:41:01.681 15500 15500 I SurfaceControl: nativeRelease nativeObject e[498994768160]
02-05 17:41:01.681   789   834 I SurfaceFlinger: id=80045 Removed Surface(name=dbf3b45 InputMethod)/@0xf70bba8 - animation-leash#0 (210)
02-05 17:41:01.682  2003  2003 I BadgeRenderer: Invalid count : 0
02-05 17:41:01.682  2003  2003 I BadgeRenderer: Invalid count : 0
02-05 17:41:01.682  2003  2003 I BadgeRenderer: Invalid count : 0
02-05 17:41:01.682  2003  2003 I BadgeRenderer: Invalid count : 0
02-05 17:41:01.682  2003  2003 I BadgeRenderer: Invalid count : 0
02-05 17:41:01.682  2003  2003 I BadgeRenderer: Invalid count : 0
02-05 17:41:01.683  1163  2104 D SamsungIMMSHWKeyboard: isConnectedDexOnPC false
02-05 17:41:01.683  2003  2003 I SurfaceControl: nativeRelease nativeObject s[499183206848]
02-05 17:41:01.683  2003  2003 I SurfaceControl: nativeRelease nativeObject e[499183206848]
02-05 17:41:01.684  2003  2003 I SurfaceControl: nativeRelease nativeObject s[499183205024]
02-05 17:41:01.684  2003  2003 I SurfaceControl: nativeRelease nativeObject e[499183205024]
02-05 17:41:01.684  1163  2104 D InputMethodManagerService: isImeSwitcherDisabledPackage : false
02-05 17:41:01.697   789   789 I Layer   : id=80045[1] Destroyed Surface(name=dbf3b45 InputMethod)/@0xf70bba8 - animation-leash#0
02-05 17:41:01.697  1680  1680 D SecStatusBarMobileView: setStaticDrawableColor:
02-05 17:41:01.701   789   789 D SurfaceFlinger: Display 21442653864348033 HWC layers:
02-05 17:41:01.701   789   789 D SurfaceFlinger:      DEVICE | 0x7428c3fd40 | 0002 | RGBx_8888    |  180.0    0.0 1260.0 2400.0 |    0    0 1080 2400 | com.android.systemui.ImageWallpaper$_1680#0
02-05 17:41:01.701   789   789 D SurfaceFlinger:      DEVICE | 0x7408191040 | 0000 | RGBA_8888    |    0.0    0.0 1080.0 2400.0 |    0    0 1080 2400 | com.sec.android.app.launcher/com.sec[...].activities.LauncherActivity$_2003#0
02-05 17:41:01.701   789   789 D SurfaceFlinger:      CLIENT | 0x7428c3fe80 | 0002 | RGBA_8888    |    0.0    0.0 1080.0 2400.0 |    2    5 1078 2395 | com.example.dogglers/com.example.dogglers.HorizontalListActivity$_15500#0
02-05 17:41:01.701   789   789 D SurfaceFlinger:      CLIENT | 0x7428c40740 | 0002 | RGBA_8888    |    0.0    0.0 1080.0 2400.0 |    2    5 1078 2395 | com.example.dogglers/androidx.test.c[...]tivityInvoker$EmptyActivity$_15500#0
02-05 17:41:01.701   789   789 D SurfaceFlinger:      CLIENT | 0x7428c40ec0 | 0002 | RGBA_8888    |    0.0    0.0 1080.0 2400.0 |    2    5 1078 2395 | com.example.dogglers/androidx.test.c[...]tivityInvoker$EmptyActivity$_15500#1
02-05 17:41:01.701   789   789 D SurfaceFlinger:      DEVICE | 0x7408500740 | 0000 | RGBA_8888    |    0.0    0.0 1080.0   88.0 |    0    0 1080   88 | StatusBar$_1680
02-05 17:41:01.701   789   789 D SurfaceFlinger: #0
02-05 17:41:01.701   789   789 D SurfaceFlinger:      DEVICE | 0x7428c40600 | 0000 | RGBA_8888    |    0.0    0.0 1080.0  144.0 |    0 2256 1080 2400 | NavigationBar0$_1680#0
02-05 17:41:01.701   789   789 D SurfaceFlinger:      DEVICE | 0x7408191180 | 0000 | RGBA_8888    |    0.0    0.0 1080.0  125.0 |    0    0 1080  125 | ScreenDecorOverlay$_1680#0
02-05 17:41:01.701   789   789 D SurfaceFlinger:      DEVICE | 0x7428c3f480 | 0000 | RGBA_8888    |    0.0    0.0 1080.0  112.0 |    0 2288 1080 2400 | ScreenDecorOverlayBottom$_1680#0
02-05 17:41:01.701   789   789 D SurfaceFlinger:
02-05 17:41:01.702   789  2536 D NativeSemDvfsManager: acquire:: timeout = 2000 mIsAcquired = 1  mTagName : SurfaceFlinger
02-05 17:41:01.702   789  2536 E NativeCustomFrequencyManager: [NativeCFMS] BpCustomFrequencyManager::acquire()
02-05 17:41:01.702   726   817 I HYPER-HAL: [RequestManager.cpp]acquire(): Acquired ID : 1602155  [789 / 1000]    HINT :      list : [GPUMinFreq / 377000] [TIMEOUT / 2000]
02-05 17:41:01.714  1680  1680 D SecStatusBarMobileView: setStaticDrawableColor:
02-05 17:41:01.731  1680  1680 D SecStatusBarMobileView: setStaticDrawableColor:
02-05 17:41:01.748  1680  1680 D SecStatusBarMobileView: setStaticDrawableColor:
02-05 17:41:01.765  1680  1680 D SecStatusBarMobileView: setStaticDrawableColor:
02-05 17:41:01.782  1680  1680 D SecStatusBarMobileView: setStaticDrawableColor:
02-05 17:41:01.834   789   789 D SurfaceFlinger: Display 21442653864348033 HWC layers:
02-05 17:41:01.834   789   789 D SurfaceFlinger:      DEVICE | 0x7428c3fd40 | 0002 | RGBx_8888    |  180.0    0.0 1260.0 2400.0 |    0    0 1080 2400 | com.android.systemui.ImageWallpaper$_1680#0
02-05 17:41:01.834   789   789 D SurfaceFlinger:      DEVICE | 0x7428c3de00 | 0000 | RGBA_8888    |    0.0    0.0 1080.0 2400.0 |    0    0 1080 2400 | com.sec.android.app.launcher/com.sec[...].activities.LauncherActivity$_2003#0
02-05 17:41:01.834   789   789 D SurfaceFlinger:      DEVICE | 0x7408500740 | 0000 | RGBA_8888    |    0.0    0.0 1080.0   88.0 |    0    0 1080   88 | StatusBar$_1680#0
02-05 17:41:01.834   789   789 D SurfaceFlinger:      DEVICE | 0x7428c40600 | 0000 | RGBA_8888    |    0.0    0.0 1080.0  144.0 |    0 2256 1080 2400 | NavigationBar0$_1680#0
02-05 17:41:01.834   789   789 D SurfaceFlinger:      DEVICE | 0x7408191180 | 0000 | RGBA_8888    |    0.0    0.0 1080.0  125.0 |    0    0 1080  125 | ScreenDecorOverlay$_1680#0
02-05 17:41:01.834   789   789 D SurfaceFlinger:      DEVICE | 0x7428c3f480 | 0000 | RGBA_8888    |    0.0    0.0 1080.0  112.0 |    0 2288 1080 2400 | ScreenDecorOverlayBottom$_1680#0
02-05 17:41:01.834   789   789 D SurfaceFlinger:
02-05 17:41:01.916   726 16449 I HYPER-HAL: [ResourceManager.cpp]removeResource(): [CPUMinFreq] RemoveResource Request ID : 702727
02-05 17:41:01.917   726 16449 I HYPER-HAL: [RequestManager.cpp]releaseLocked(): Released ID : 702727
02-05 17:41:02.018  2003  2003 W AppTransitionAnimatorImpl: onAnimationEnd - APP OUT, Execution time for each frame : Start-(0)-0-(0)-0-(11)-0-(16)-0-(17)-0-(17)-0-(17)-0-(17)-0-(16)-1-(16)-0-(17)-0-(17)-0-(17)-0-(17)-0-(17)-0-(17)-0-(17)-0-(17)-0-(17)-0-(16)-1-(16)-0-(17)-0-(17)-0-End
02-05 17:41:02.018  2003  2003 I RemoteCloseAnimationListener: RemoteCloseAnimation ended, hashCode : 30398453
02-05 17:41:02.019  1163  1793 I SurfaceControl: nativeRelease nativeObject s[496785827616]
02-05 17:41:02.019  1163  1793 I SurfaceControl: nativeRelease nativeObject e[496785827616]
02-05 17:41:02.019  1163  1793 W WindowManager: lockNow pending, ignore updating lockscreen timeout
02-05 17:41:02.020  1163  1793 I SurfaceControl: nativeRelease nativeObject s[499183904992]
02-05 17:41:02.020  1163  1793 I SurfaceControl: nativeRelease nativeObject e[499183904992]
02-05 17:41:02.021  1163  1793 W WindowManager: lockNow pending, ignore updating lockscreen timeout
02-05 17:41:02.022  1163  1793 W WindowManager: lockNow pending, ignore updating lockscreen timeout
02-05 17:41:02.022  1163  1793 I SurfaceControl: nativeRelease nativeObject s[499183202816]
02-05 17:41:02.022  1163  1793 I SurfaceControl: nativeRelease nativeObject e[499183202816]
02-05 17:41:02.022   789  1273 I Layer   : id=80050 removeFromCurrentState Surface(name=Task=12738)/@0xc4c3fb9 - animation-leash#1 (209)
02-05 17:41:02.022   789  1273 I Layer   : id=80051 removeFromCurrentState Surface(name=Task=1)/@0x42bdb16 - animation-leash#1 (209)
02-05 17:41:02.023  2003  2003 W Launcher: onEnterAnimationComplete
02-05 17:41:02.027  1163  1259 D FastTrack: setFastTrackState: pid = 15500 ;tid= 15500 ;value= 0
02-05 17:41:02.027  1163  1259 D FastTrack: setFastTrackState: pid = 15500 ;tid= 15565 ;value= 0
02-05 17:41:02.032  1163  1237 D SehCodecSolutionService: Update top [com.sec.android.app.launcher]
02-05 17:41:02.033  1163  1237 E Native_CFMS: nativePerfMgrRemoveTask    Fail    tid : 15500    return : -1
02-05 17:41:02.036 15500 15565 I mali_egl: eglDestroySurface() in
02-05 17:41:02.036   789   789 E Layer   : [Surface(name=Task=12738)/@0xc4c3fb9 - animation-leash#1] No local sync point found
02-05 17:41:02.036   789   789 E Layer   : [Surface(name=Task=1)/@0x42bdb16 - animation-leash#1] No local sync point found
02-05 17:41:02.036   789  1273 I Layer   : id=80052 removeFromCurrentState Surface(name=WallpaperWindowToken{2cf7ea9 token=android.os.Binder@93cd856})/@0xc1aa2f7 - animation-leash#0 (209)
02-05 17:41:02.036 15500 15565 I mali_winsys: delete_surface() [1080x2400] return
02-05 17:41:02.036 15500 15565 I mali_egl: eglDestroySurface() out
02-05 17:41:02.036   789   835 E BufferQueueProducer: [com.example.dogglers/androidx.test.core.app.InstrumentationActivityInvoker$EmptyActivity$_15500#1](id:315000036e9,api:0,p:-1,c:789) disconnect: not connected (req=1)
02-05 17:41:02.036 15500 15565 W libEGL  : EGLNativeWindowType 0x73c1cc8010 disconnect failed
02-05 17:41:02.037  1163  1240 W WindowManager: lockNow pending, ignore updating lockscreen timeout
02-05 17:41:02.037  1163  1793 V WindowManager: Relayout Window{6f507da u0 com.example.dogglers/androidx.test.core.app.InstrumentationActivityInvoker$EmptyActivity}: viewVisibility=8 req=1080x2400
02-05 17:41:02.038  1163  1793 W WindowManager: lockNow pending, ignore updating lockscreen timeout
02-05 17:41:02.038  1163  1793 V WindowManager: Relayout hash=6f507da, pid=15500: mAttrs={(0,0)(fillxfill) sim={adjust=pan forwardNavigation} ty=BASE_APPLICATION wanim=0x1030001
02-05 17:41:02.038  1163  1793 V WindowManager:   fl=1810100
02-05 17:41:02.038  1163  1793 V WindowManager:   pfl=12020000
02-05 17:41:02.038  1163  1793 V WindowManager:   fitSides= naviIconColor=0}
02-05 17:41:02.039 15500 15500 I SurfaceControl: nativeRelease nativeObject s[497477723392]
02-05 17:41:02.039 15500 15500 I SurfaceControl: nativeRelease nativeObject e[497477723392]
02-05 17:41:02.039 15500 15500 I SurfaceControl: assignNativeObject: nativeObject = 0 Surface(name=null)/@0x90ebc21 / android.view.SurfaceControl.readFromParcel:1117 android.view.IWindowSession$Stub$Proxy.relayout:1810 android.view.ViewRootImpl.relayoutWindow:9005 android.view.ViewRootImpl.performTraversals:3360 android.view.ViewRootImpl.doTraversal:2618 android.view.ViewRootImpl$TraversalRunnable.run:9971 android.view.Choreographer$CallbackRecord.run:1010 android.view.Choreographer.doCallbacks:809 android.view.Choreographer.doFrame:744 android.view.Choreographer$FrameDisplayEventReceiver.run:995
02-05 17:41:02.039 15500 15500 I SurfaceControl: assignNativeObject: nativeObject = 0 Surface(name=null)/@0x7d32a88 / android.view.SurfaceControl.readFromParcel:1117 android.view.IWindowSession$Stub$Proxy.relayout:1820 android.view.ViewRootImpl.relayoutWindow:9005 android.view.ViewRootImpl.performTraversals:3360 android.view.ViewRootImpl.doTraversal:2618 android.view.ViewRootImpl$TraversalRunnable.run:9971 android.view.Choreographer$CallbackRecord.run:1010 android.view.Choreographer.doCallbacks:809 android.view.Choreographer.doFrame:744 android.view.Choreographer$FrameDisplayEventReceiver.run:995
02-05 17:41:02.039 15500 15500 I ViewRootImpl@71a462b[InstrumentationActivityInvoker$EmptyActivity]: Relayout returned: old=(0,0,1080,2400) new=(0,0,1080,2400) req=(1080,2400)8 dur=2 res=0x5 s={false 0} ch=true fn=2
02-05 17:41:02.039 15500 15500 I ViewRootImpl@71a462b[InstrumentationActivityInvoker$EmptyActivity]: stopped(true) old=false
02-05 17:41:02.040 15500 15500 D LifecycleMonitor: Lifecycle status change: androidx.test.core.app.InstrumentationActivityInvoker$EmptyActivity@202896e in: STOPPED
02-05 17:41:02.040 15500 15500 D LifecycleMonitor: running callback: androidx.test.core.app.ActivityScenario$1@59c0bac
02-05 17:41:02.040 15500 15500 V ActivityScenario: Activity lifecycle changed event received but ignored because the intent does not match. startActivityIntent=Intent { act=android.intent.action.MAIN cat=[android.intent.category.LAUNCHER] cmp=com.example.dogglers/.HorizontalListActivity }, activity.getIntent()=Intent { act=android.intent.action.MAIN cat=[android.intent.category.LAUNCHER] flg=0x10000000 cmp=com.example.dogglers/androidx.test.core.app.InstrumentationActivityInvoker$EmptyActivity }, activity=androidx.test.core.app.InstrumentationActivityInvoker$EmptyActivity@202896e
02-05 17:41:02.040 15500 15500 D LifecycleMonitor: callback completes: androidx.test.core.app.ActivityScenario$1@59c0bac
02-05 17:41:02.040 15500 15500 D LifecycleMonitor: Lifecycle status change: androidx.test.core.app.InstrumentationActivityInvoker$EmptyActivity@202896e in: DESTROYED
02-05 17:41:02.040 15500 15500 D LifecycleMonitor: running callback: androidx.test.core.app.ActivityScenario$1@59c0bac
02-05 17:41:02.040 15500 15500 V ActivityScenario: Activity lifecycle changed event received but ignored because the intent does not match. startActivityIntent=Intent { act=android.intent.action.MAIN cat=[android.intent.category.LAUNCHER] cmp=com.example.dogglers/.HorizontalListActivity }, activity.getIntent()=Intent { act=android.intent.action.MAIN cat=[android.intent.category.LAUNCHER] flg=0x10000000 cmp=com.example.dogglers/androidx.test.core.app.InstrumentationActivityInvoker$EmptyActivity }, activity=androidx.test.core.app.InstrumentationActivityInvoker$EmptyActivity@202896e
02-05 17:41:02.040 15500 15500 D LifecycleMonitor: callback completes: androidx.test.core.app.ActivityScenario$1@59c0bac
02-05 17:41:02.041 15500 15500 I ViewRootImpl@71a462b[InstrumentationActivityInvoker$EmptyActivity]: dispatchDetachedFromWindow
02-05 17:41:02.041  1163  1793 D InputTransport: Input channel destroyed: '6f507da', fd=860
02-05 17:41:02.041  1163  1793 I SurfaceControl: nativeRelease nativeObject s[499038977504]
02-05 17:41:02.041  1163  1793 I SurfaceControl: nativeRelease nativeObject e[499038977504]
02-05 17:41:02.041  1163  1793 D WindowManager: isScreenshotDisabledLocked - win: Window{6f507da u0 com.example.dogglers/androidx.test.core.app.InstrumentationActivityInvoker$EmptyActivity}
02-05 17:41:02.041  1163  1793 D WindowManager: isScreenshotDisabledLocked: userId = 0, disabled =false
02-05 17:41:02.041  1163  1793 I SurfaceControl: nativeRelease nativeObject s[499183203104]
02-05 17:41:02.041  1163  1793 I SurfaceControl: nativeRelease nativeObject e[499183203104]
02-05 17:41:02.041   789  1273 I Layer   : id=80047 removeFromCurrentState com.example.dogglers/androidx.test.core.app.InstrumentationActivityInvoker$EmptyActivity$_15500#1 (209)
02-05 17:41:02.042  1163  1793 W WindowManager: lockNow pending, ignore updating lockscreen timeout
02-05 17:41:02.043   789  1273 I Layer   : id=80046 removeFromCurrentState 6f507da com.example.dogglers/androidx.test.core.app.InstrumentationActivityInvoker$EmptyActivity#0 (209)
02-05 17:41:02.043   789  1273 I SurfaceFlinger: id=80047 Removed com.example.dogglers/androidx.test.core.app.InstrumentationActivityInvoker$EmptyActivity$_15500#1 (209)
02-05 17:41:02.043   789  1273 I SurfaceFlinger: id=80046 Removed 6f507da com.example.dogglers/androidx.test.core.app.InstrumentationActivityInvoker$EmptyActivity#0 (209)
02-05 17:41:02.043 15500 15500 D InputTransport: Input channel destroyed: '6f507da', fd=100
02-05 17:41:02.043 15500 15500 I ViewRootImpl@5e1bd22[InstrumentationActivityInvoker$EmptyActivity]: stopped(true) old=false
02-05 17:41:02.044  1163  1793 I SurfaceControl: nativeRelease nativeObject s[496861211200]
02-05 17:41:02.044  1163  1793 I SurfaceControl: nativeRelease nativeObject e[496861211200]
02-05 17:41:02.044 15500 15500 I SurfaceControl: nativeRelease nativeObject s[498994769792]
02-05 17:41:02.044 15500 15500 I SurfaceControl: nativeRelease nativeObject e[498994769792]
02-05 17:41:02.044 15500 15500 D LifecycleMonitor: Lifecycle status change: androidx.test.core.app.InstrumentationActivityInvoker$EmptyActivity@4d444b1 in: STOPPED
02-05 17:41:02.044 15500 15500 D LifecycleMonitor: running callback: androidx.test.core.app.ActivityScenario$1@59c0bac
02-05 17:41:02.045 15500 15500 V ActivityScenario: Activity lifecycle changed event received but ignored because the intent does not match. startActivityIntent=Intent { act=android.intent.action.MAIN cat=[android.intent.category.LAUNCHER] cmp=com.example.dogglers/.HorizontalListActivity }, activity.getIntent()=Intent { act=android.intent.action.MAIN cat=[android.intent.category.LAUNCHER] flg=0x10000000 cmp=com.example.dogglers/androidx.test.core.app.InstrumentationActivityInvoker$EmptyActivity }, activity=androidx.test.core.app.InstrumentationActivityInvoker$EmptyActivity@4d444b1
02-05 17:41:02.045 15500 15500 D LifecycleMonitor: callback completes: androidx.test.core.app.ActivityScenario$1@59c0bac
02-05 17:41:02.046 15500 15500 D LifecycleMonitor: Lifecycle status change: androidx.test.core.app.InstrumentationActivityInvoker$EmptyActivity@4d444b1 in: DESTROYED
02-05 17:41:02.046 15500 15500 D LifecycleMonitor: running callback: androidx.test.core.app.ActivityScenario$1@59c0bac
02-05 17:41:02.046 15500 15500 V ActivityScenario: Activity lifecycle changed event received but ignored because the intent does not match. startActivityIntent=Intent { act=android.intent.action.MAIN cat=[android.intent.category.LAUNCHER] cmp=com.example.dogglers/.HorizontalListActivity }, activity.getIntent()=Intent { act=android.intent.action.MAIN cat=[android.intent.category.LAUNCHER] flg=0x10000000 cmp=com.example.dogglers/androidx.test.core.app.InstrumentationActivityInvoker$EmptyActivity }, activity=androidx.test.core.app.InstrumentationActivityInvoker$EmptyActivity@4d444b1
02-05 17:41:02.046 15500 15500 D LifecycleMonitor: callback completes: androidx.test.core.app.ActivityScenario$1@59c0bac
02-05 17:41:02.047 15500 15565 I mali_egl: eglDestroySurface() in
02-05 17:41:02.047 15500 15565 I mali_winsys: delete_surface() [1080x2400] return
02-05 17:41:02.047 15500 15565 I mali_egl: eglDestroySurface() out
02-05 17:41:02.047   789   835 E BufferQueueProducer: [com.example.dogglers/androidx.test.core.app.InstrumentationActivityInvoker$EmptyActivity$_15500#0](id:315000036e8,api:0,p:-1,c:789) disconnect: not connected (req=1)
02-05 17:41:02.047 15500 15565 W libEGL  : EGLNativeWindowType 0x73d8179010 disconnect failed
02-05 17:41:02.047 15500 15500 I ViewRootImpl@5e1bd22[InstrumentationActivityInvoker$EmptyActivity]: dispatchDetachedFromWindow
02-05 17:41:02.048  1163  1793 D InputTransport: Input channel destroyed: '2e968a0', fd=857
02-05 17:41:02.048  1163  1793 I SurfaceControl: nativeRelease nativeObject s[496861216480]
02-05 17:41:02.048  1163  1793 I SurfaceControl: nativeRelease nativeObject e[496861216480]
02-05 17:41:02.048  1163  1793 D WindowManager: isScreenshotDisabledLocked - win: Window{2e968a0 u0 com.example.dogglers/androidx.test.core.app.InstrumentationActivityInvoker$EmptyActivity}
02-05 17:41:02.048  1163  1793 D WindowManager: isScreenshotDisabledLocked: userId = 0, disabled =false
02-05 17:41:02.048  1163  1793 I SurfaceControl: nativeRelease nativeObject s[499183877984]
02-05 17:41:02.048  1163  1793 I SurfaceControl: nativeRelease nativeObject e[499183877984]
02-05 17:41:02.048   789  1273 I Layer   : id=80041 removeFromCurrentState com.example.dogglers/androidx.test.core.app.InstrumentationActivityInvoker$EmptyActivity$_15500#0 (209)
02-05 17:41:02.049  1163  1793 W WindowManager: lockNow pending, ignore updating lockscreen timeout
02-05 17:41:02.049   789  1273 I Layer   : id=80044 removeFromCurrentState ActivityRecord{5ae34f6 u0 com.example.dogglers/androidx.test.core.app.InstrumentationActivityInvoker$EmptyActivity t12738}#0 (209)
02-05 17:41:02.049   789  1273 I Layer   : id=80040 removeFromCurrentState 2e968a0 com.example.dogglers/androidx.test.core.app.InstrumentationActivityInvoker$EmptyActivity#0 (209)
02-05 17:41:02.049   789  1273 I SurfaceFlinger: id=80041 Removed com.example.dogglers/androidx.test.core.app.InstrumentationActivityInvoker$EmptyActivity$_15500#0 (209)
02-05 17:41:02.050   789  1273 I SurfaceFlinger: id=80044 Removed ActivityRecord{5ae34f6 u0 com.example.dogglers/androidx.test.core.app.InstrumentationActivityInvoker$EmptyActivity t12738}#0 (209)
02-05 17:41:02.050   789  1273 I SurfaceFlinger: id=80040 Removed 2e968a0 com.example.dogglers/androidx.test.core.app.InstrumentationActivityInvoker$EmptyActivity#0 (209)
02-05 17:41:02.050 15500 15500 D InputTransport: Input channel destroyed: '2e968a0', fd=99
02-05 17:41:02.050 15500 15500 I ViewRootImpl@dc6bf3f[HorizontalListActivity]: stopped(true) old=false
02-05 17:41:02.050 15500 15500 I SurfaceControl: nativeRelease nativeObject s[497546644672]
02-05 17:41:02.050 15500 15500 I SurfaceControl: nativeRelease nativeObject e[497546644672]
02-05 17:41:02.050 15500 15500 D LifecycleMonitor: Lifecycle status change: com.example.dogglers.HorizontalListActivity@11e6157 in: STOPPED
02-05 17:41:02.051 15500 15500 D LifecycleMonitor: running callback: androidx.test.core.app.ActivityScenario$1@59c0bac
02-05 17:41:02.051 15500 15500 V ActivityScenario: Update currentActivityStage to STOPPED, currentActivity=com.example.dogglers.HorizontalListActivity@11e6157
02-05 17:41:02.051  1163  1793 W WindowManager: lockNow pending, ignore updating lockscreen timeout
02-05 17:41:02.051 15500 15500 D LifecycleMonitor: callback completes: androidx.test.core.app.ActivityScenario$1@59c0bac
02-05 17:41:02.052  1163  1793 I SurfaceControl: nativeRelease nativeObject s[496785829536]
02-05 17:41:02.052  1163  1793 I SurfaceControl: nativeRelease nativeObject e[496785829536]
02-05 17:41:02.052 15500 15500 D LifecycleMonitor: Lifecycle status change: com.example.dogglers.HorizontalListActivity@11e6157 in: DESTROYED
02-05 17:41:02.052 15500 15500 D LifecycleMonitor: running callback: androidx.test.core.app.ActivityScenario$1@59c0bac
02-05 17:41:02.052 15500 15500 V ActivityScenario: Update currentActivityStage to DESTROYED, currentActivity=null
02-05 17:41:02.052 15500 15500 D LifecycleMonitor: callback completes: androidx.test.core.app.ActivityScenario$1@59c0bac
02-05 17:41:02.052 15500 15559 E TestRunner: failed: horizontal_scroll_content_at_first_position(com.example.dogglers.HorizontalListTests)
02-05 17:41:02.052 15500 15559 E TestRunner: ----- begin exception -----
02-05 17:41:02.053 15500 15559 E TestRunner: androidx.test.espresso.NoMatchingViewException: No views in hierarchy found matching: with text: is "Tzeitel"
02-05 17:41:02.053 15500 15559 E TestRunner:
02-05 17:41:02.053 15500 15559 E TestRunner: View Hierarchy:
02-05 17:41:02.053 15500 15559 E TestRunner: +>DecorView{id=-1, visibility=VISIBLE, width=1080, height=2400, has-focus=false, has-focusable=true, has-window-focus=true, is-clickable=false, is-enabled=true, is-focused=false, is-focusable=false, is-layout-requested=false, is-selected=false, layout-params={(0,0)(fillxfill) ty=BASE_APPLICATION wanim=0x1030304
02-05 17:41:02.053 15500 15559 E TestRunner:   fl=81810100
02-05 17:41:02.053 15500 15559 E TestRunner:   pfl=10020000
02-05 17:41:02.053 15500 15559 E TestRunner:   fitSides= naviIconColor=0}, tag=null, root-is-layout-requested=false, has-input-connection=false, x=0.0, y=0.0, child-count=3}
02-05 17:41:02.053 15500 15559 E TestRunner: |
02-05 17:41:02.053 15500 15559 E TestRunner: +->LinearLayout{id=-1, visibility=VISIBLE, width=1080, height=2256, has-focus=false, has-focusable=true, has-window-focus=true, is-clickable=false, is-enabled=true, is-focused=false, is-focusable=false, is-layout-requested=false, is-selected=false, layout-params=android.widget.FrameLayout$LayoutParams@c2d14a4, tag=null, root-is-layout-requested=false, has-input-connection=false, x=0.0, y=0.0, child-count=2}
02-05 17:41:02.053 15500 15559 E TestRunner: |
02-05 17:41:02.053 15500 15559 E TestRunner: +-->ViewStub{id=16908721, res-name=action_mode_bar_stub, visibility=GONE, width=0, height=0, has-focus=false, has-focusable=false, has-window-focus=true, is-clickable=false, is-enabled=true, is-focused=false, is-focusable=false, is-layout-requested=true, is-selected=false, layout-params=android.widget.LinearLayout$LayoutParams@653f20d, tag=null, root-is-layout-requested=false, has-input-connection=false, x=0.0, y=0.0}
02-05 17:41:02.053 15500 15559 E TestRunner: |
02-05 17:41:02.053 15500 15559 E TestRunner: +-->FrameLayout{id=-1, visibility=VISIBLE, width=1080, height=2168, has-focus=false, has-focusable=true, has-window-focus=true, is-clickable=false, is-enabled=true, is-focused=false, is-focusable=false, is-layout-requested=false, is-selected=false, layout-params=android.widget.LinearLayout$LayoutParams@2202fd3, tag=null, root-is-layout-requested=false, has-input-connection=false, x=0.0, y=88.0, child-count=1}
02-05 17:41:02.053 15500 15559 E TestRunner: |
02-05 17:41:02.053 15500 15559 E TestRunner: +--->ActionBarOverlayLayout{id=2131230845, res-name=decor_content_parent, visibility=VISIBLE, width=1080, height=2168, has-focus=false, has-focusable=true, has-window-focus=true, is-clickable=false, is-enabled=true, is-focused=false, is-focusable=false, is-layout-requested=false, is-selected=false, layout-params=android.widget.FrameLayout$LayoutParams@4ebec0e, tag=null, root-is-layout-requested=false, has-input-connection=false, x=0.0, y=0.0, child-count=2}
02-05 17:41:02.053 15500 15559 E TestRunner: |
02-05 17:41:02.053 15500 15559 E TestRunner: +---->ContentFrameLayout{id=16908290, res-name=content, visibility=VISIBLE, width=1080, height=2000, has-focus=false, has-focusable=true, has-window-focus=true, is-clickable=false, is-enabled=true, is-focused=false, is-focusable=false, is-layout-requested=false, is-selected=false, layout-params=androidx.appcompat.widget.ActionBarOverlayLayout$LayoutParams@17c543c, tag=null, root-is-layout-requested=false, has-input-connection=false, x=0.0, y=168.0, child-count=1}
02-05 17:41:02.053 15500 15559 E TestRunner: |
02-05 17:41:02.053 15500 15559 E TestRunner: +----->FrameLayout{id=-1, visibility=VISIBLE, width=1080, height=2000, has-focus=false, has-focusable=true, has-window-focus=true, is-clickable=false, is-enabled=true, is-focused=false, is-focusable=false, is-layout-requested=false, is-selected=false, layout-params=android.widget.FrameLayout$LayoutParams@7ebb1a, tag=null, root-is-layout-requested=false, has-input-connection=false, x=0.0, y=0.0, child-count=1}
02-05 17:41:02.053 15500 15559 E TestRunner: |
02-05 17:41:02.053 15500 15559 E TestRunner: +------>RecyclerView{id=2131230909, res-name=horizontal_recycler_view, visibility=VISIBLE, width=1080, height=0, has-focus=false, has-focusable=true, has-window-focus=true, is-clickable=false, is-enabled=true, is-focused=false, is-focusable=true, is-layout-requested=false, is-selected=false, layout-params=android.widget.FrameLayout$LayoutParams@313c64b, tag=null, root-is-layout-requested=false, has-input-connection=false, x=0.0, y=1000.0, child-count=0}
02-05 17:41:02.053 15500 15559 E TestRunner: |
02-05 17:41:02.053 15500 15559 E TestRunner: +---->ActionBarContainer{id=2131230771, res-name=action_bar_container, visibility=VISIBLE, width=1080, height=168, has-focus=false, has-focusable=false, has-window-focus=true, is-clickable=false, is-enabled=true, is-focused=false, is-focusable=false, is-layout-requested=false, is-selected=false, layout-params=androidx.appcompat.widget.ActionBarOverlayLayout$LayoutParams@c3d6ee6, tag=null, root-is-layout-requested=false, has-input-connection=false, x=0.0, y=0.0, child-count=2}
02-05 17:41:02.053 15500 15559 E TestRunner: |
