02-05 17:40:53.217  1163  1235 D InputTransport: Input channel destroyed: 'ClientS', fd=887
02-05 17:40:53.218 15500 15500 D InputTransport: Input channel constructed: 'ClientS', fd=97
02-05 17:40:53.219  1680  1680 D SecStatusBarMobileView: setStaticDrawableColor:
02-05 17:40:53.219   789   789 I Layer   : id=79635[1] Destroyed Surface(name=8c655e2 StatusBar)/@0x44a9b07 - animation-leash#1
02-05 17:40:53.219   789   789 I Layer   : id=79636[1] Destroyed Surface(name=b29f82b NavigationBar0)/@0x8634759 - animation-leash#0
02-05 17:40:53.219   789   789 I Layer   : id=79629[1] Destroyed Surface(name=dbf3b45 InputMethod)/@0xf70bba8 - animation-leash#0
02-05 17:40:53.220 15500 15500 D IdlingResourceRegistry: All idling resources are idle.
02-05 17:40:53.221 15500 15500 I ViewInteraction: Checking 'MatchesViewAssertion{viewMatcher=is displayed on the screen to the user}' assertion on view with id is <com.example.dogglers:id/horizontal_btn>
02-05 17:40:53.229  1163  1235 I SemDvfsHyPerManager: acquire hyper - AMS_ACT_START/1163@20, type = -999
02-05 17:40:53.229   726   817 I HYPER-HAL: [RequestManager.cpp]acquire(): Acquired ID : 700356  [1163 / 20]    HINT : AMS_ACT_START    list :
02-05 17:40:53.229   726   817 I HYPER-HAL: [ResourceManager.cpp]updateResource(): [CPUMinFreq] UpdateResource Request ID : 700356    Value : 1930195
02-05 17:40:53.230   789   834 I SurfaceFlinger: id=79653 createSurf (0x0),-1 flag=80004, ActivityRecord{d02de64 u0 com.example.dogglers/androidx.test.core.app.InstrumentationActivityInvoker$EmptyActivity t12728}#0
02-05 17:40:53.233  1163  1235 W WindowManager: lockNow pending, ignore updating lockscreen timeout
02-05 17:40:53.235 15500 15500 D LifecycleMonitor: Lifecycle status change: com.example.dogglers.MainActivity@785ee30 in: PAUSED
02-05 17:40:53.235 15500 15500 D LifecycleMonitor: running callback: androidx.test.core.app.ActivityScenario$1@1142e71
02-05 17:40:53.235 15500 15500 V ActivityScenario: Update currentActivityStage to PAUSED, currentActivity=com.example.dogglers.MainActivity@785ee30
02-05 17:40:53.235 15500 15500 D LifecycleMonitor: callback completes: androidx.test.core.app.ActivityScenario$1@1142e71
02-05 17:40:53.236  1680  1680 D SecStatusBarMobileView: setStaticDrawableColor:
02-05 17:40:53.237  1163  1235 V WindowOrientationListener: getProposedRotation: 0
02-05 17:40:53.237  1163  1235 V WindowOrientationListener: getProposedRotation: 0
02-05 17:40:53.237  1163  1235 V WindowOrientationListener: getProposedRotation: 0
02-05 17:40:53.238  1163  1235 D InputDispatcher: Focused application set to (0): d02de64
02-05 17:40:53.239  1163  1235 I SurfaceControl: nativeRelease nativeObject s[499038065600]
02-05 17:40:53.239  1163  1235 I SurfaceControl: nativeRelease nativeObject e[499038065600]
02-05 17:40:53.239   789   835 I SurfaceFlinger: id=79654 createSurf (0x0),-1 flag=24000, Surface(name=8c655e2 StatusBar)/@0x44a9b07 - animation-leash#0
02-05 17:40:53.239  1163  1235 I SurfaceControl: nativeRelease nativeObject s[499038065696]
02-05 17:40:53.239  1163  1235 I SurfaceControl: nativeRelease nativeObject e[499038065696]
02-05 17:40:53.239   789   834 I SurfaceFlinger: id=79655 createSurf (0x0),-1 flag=24000, Surface(name=b29f82b NavigationBar0)/@0x8634759 - animation-leash#1
02-05 17:40:53.241   789   789 D SurfaceFlinger: Display 21442653864348033 HWC layers:
02-05 17:40:53.241   789   789 D SurfaceFlinger:      DEVICE | 0x7428c3e940 | 0002 | RGBA_8888    |    0.0    0.0 1080.0 2400.0 |    0    0 1080 2400 | com.example.dogglers/com.example.dogglers.MainActivity$_15500#0
02-05 17:40:53.241   789   789 D SurfaceFlinger:      DEVICE | 0x7428c40740 | 0002 | RGBA_8888    |    0.0    0.0 1080.0 2400.0 |    0    0 1080 2400 | Splash Screen com.example.dogglers#0
02-05 17:40:53.241   789   789 D SurfaceFlinger:      DEVICE | 0x7428c3fac0 | 0000 | RGBA_8888    |    0.0    0.0 1080.0   88.0 |    0    0 1080   88 | StatusBar$_1680#0
02-05 17:40:53.241   789   789 D SurfaceFlinger:      DEVICE | 0x7428c3f200 | 0000 | RGBA_8888    |    0.0    0.0 1080.0  144.0 |    0 2256 1080 2400 | NavigationBar0$_1680#0
02-05 17:40:53.241   789   789 D SurfaceFlinger:      DEVICE | 0x7408191180 | 0000 | RGBA_8888    |    0.0    0.0 1080.0  125.0 |    0    0 1080  125 | ScreenDecorOverlay$_1680#0
02-05 17:40:53.241   789   789 D SurfaceFlinger:      DEVICE | 0x7428c3f480 | 0000 | RGBA_8888    |    0.0    0.0 1080.0  112.0 |    0 2288 1080 2400 | ScreenDecorOverlayBottom$_1680#0
02-05 17:40:53.241   789   789 D SurfaceFlinger:
02-05 17:40:53.241  1163  1235 W WindowManager: lockNow pending, ignore updating lockscreen timeout
02-05 17:40:53.242   789   834 I Layer   : id=79650 removeFromCurrentState Surface(name=8c655e2 StatusBar)/@0x44a9b07 - animation-leash#1 (184)
02-05 17:40:53.242   789   834 I Layer   : id=79651 removeFromCurrentState Surface(name=b29f82b NavigationBar0)/@0x8634759 - animation-leash#0 (184)
02-05 17:40:53.243  1163  1796 I SurfaceControl: nativeRelease nativeObject s[496860775296]
02-05 17:40:53.243  1163  1796 I SurfaceControl: nativeRelease nativeObject e[496860775296]
02-05 17:40:53.244   789  2265 I SurfaceFlinger: id=79656 createSurf (0x0),-1 flag=24004, Surface(name=dbf3b45 InputMethod)/@0xf70bba8 - animation-leash#1
02-05 17:40:53.244  3640  3640 I GoogleInputMethodService: GoogleInputMethodService.onFinishInput():3316
02-05 17:40:53.245 15500 15500 D LifecycleMonitor: Lifecycle status change: androidx.test.core.app.InstrumentationActivityInvoker$EmptyActivity@96e539b in: PRE_ON_CREATE
02-05 17:40:53.246 15500 15500 D LifecycleMonitor: running callback: androidx.test.core.app.ActivityScenario$1@1142e71
02-05 17:40:53.246 15500 15500 V ActivityScenario: Activity lifecycle changed event received but ignored because the intent does not match. startActivityIntent=Intent { act=android.intent.action.MAIN cat=[android.intent.category.LAUNCHER] cmp=com.example.dogglers/.MainActivity }, activity.getIntent()=Intent { act=android.intent.action.MAIN cat=[android.intent.category.LAUNCHER] flg=0x10000000 cmp=com.example.dogglers/androidx.test.core.app.InstrumentationActivityInvoker$EmptyActivity }, activity=androidx.test.core.app.InstrumentationActivityInvoker$EmptyActivity@96e539b
02-05 17:40:53.246 15500 15500 D LifecycleMonitor: callback completes: androidx.test.core.app.ActivityScenario$1@1142e71
02-05 17:40:53.247  3640  3640 I GoogleInputMethodService: GoogleInputMethodService.updateDeviceLockedStatus():2181 checkRepeatedly = false, unlocked = true
02-05 17:40:53.247  3640  3640 D InputMethodService: checkDisplayOfStartInputAndUpdateKeyboard display Id 0last 0
02-05 17:40:53.247  3640  3640 I GoogleInputMethodService: GoogleInputMethodService.onStartInput():1989
02-05 17:40:53.247  3640  3640 I GoogleInputMethodService: GoogleInputMethodService.updateDeviceLockedStatus():2181 checkRepeatedly = true, unlocked = true
02-05 17:40:53.252 15500 15500 I DecorView: [INFO] isPopOver=false, config=true
02-05 17:40:53.252 15500 15500 I DecorView: updateCaptionType >> DecorView@e7d9f11[], isFloating=false, isApplication=true, hasWindowDecorCaption=false, hasWindowControllerCallback=true
02-05 17:40:53.252 15500 15500 D DecorView: setCaptionType = 0, this = DecorView@e7d9f11[]
02-05 17:40:53.253   789   834 I Layer   : id=79640 removeFromCurrentState Surface(name=dbf3b45 InputMethod)/@0xf70bba8 - animation-leash#0 (185)
02-05 17:40:53.254 15500 15500 D LifecycleMonitor: Lifecycle status change: androidx.test.core.app.InstrumentationActivityInvoker$EmptyActivity@96e539b in: CREATED
02-05 17:40:53.254 15500 15500 D LifecycleMonitor: running callback: androidx.test.core.app.ActivityScenario$1@1142e71
02-05 17:40:53.254  2003  2003 I SurfaceControl: nativeRelease nativeObject s[497484644864]
02-05 17:40:53.254  1163  1240 I SurfaceControl: nativeRelease nativeObject s[499038986048]
02-05 17:40:53.254  1163  1240 I SurfaceControl: nativeRelease nativeObject e[499038986048]
02-05 17:40:53.254  2003  2003 I SurfaceControl: nativeRelease nativeObject e[497484644864]
02-05 17:40:53.254 15500 15500 V ActivityScenario: Activity lifecycle changed event received but ignored because the intent does not match. startActivityIntent=Intent { act=android.intent.action.MAIN cat=[android.intent.category.LAUNCHER] cmp=com.example.dogglers/.MainActivity }, activity.getIntent()=Intent { act=android.intent.action.MAIN cat=[android.intent.category.LAUNCHER] flg=0x10000000 cmp=com.example.dogglers/androidx.test.core.app.InstrumentationActivityInvoker$EmptyActivity }, activity=androidx.test.core.app.InstrumentationActivityInvoker$EmptyActivity@96e539b
02-05 17:40:53.254 15500 15500 D LifecycleMonitor: callback completes: androidx.test.core.app.ActivityScenario$1@1142e71
02-05 17:40:53.255  1163  1240 I SurfaceControl: nativeRelease nativeObject s[496861211680]
02-05 17:40:53.255  1163  1240 I SurfaceControl: nativeRelease nativeObject e[496861211680]
02-05 17:40:53.255   789  1272 I Layer   : id=79645 removeFromCurrentState Splash Screen com.example.dogglers#0 (185)
02-05 17:40:53.255  1163  1240 I SurfaceControl: nativeRelease nativeObject s[496861205344]
02-05 17:40:53.255  1163  1240 I SurfaceControl: nativeRelease nativeObject e[496861205344]
02-05 17:40:53.257  1163  1240 I SurfaceControl: nativeRelease nativeObject s[496861213024]
02-05 17:40:53.257  1163  1240 I SurfaceControl: nativeRelease nativeObject e[496861213024]
02-05 17:40:53.257   789   834 I SurfaceFlinger: id=79657 createSurf (0x0),-1 flag=24000, Surface(name=8c655e2 StatusBar)/@0x44a9b07 - animation-leash#1
02-05 17:40:53.257  1680  1680 D SecStatusBarMobileView: setStaticDrawableColor:
02-05 17:40:53.258  1163  1240 I SurfaceControl: nativeRelease nativeObject s[499183894912]
02-05 17:40:53.258  1163  1240 I SurfaceControl: nativeRelease nativeObject e[499183894912]
02-05 17:40:53.258   789  1272 I SurfaceFlinger: id=79658 createSurf (0x0),-1 flag=24000, Surface(name=b29f82b NavigationBar0)/@0x8634759 - animation-leash#0
02-05 17:40:53.258  1163  1240 W WindowManager: lockNow pending, ignore updating lockscreen timeout
02-05 17:40:53.259   789   834 I Layer   : id=79643 removeFromCurrentState e070c9d Splash Screen com.example.dogglers#0 (187)
02-05 17:40:53.259   789   834 I Layer   : id=79652 removeFromCurrentState Surface(name=e070c9d Splash Screen com.example.dogglers)/@0x5a2f437 - animation-leash#0 (187)
02-05 17:40:53.259   789   834 I Layer   : id=79654 removeFromCurrentState Surface(name=8c655e2 StatusBar)/@0x44a9b07 - animation-leash#0 (187)
02-05 17:40:53.259   789   834 I Layer   : id=79655 removeFromCurrentState Surface(name=b29f82b NavigationBar0)/@0x8634759 - animation-leash#1 (187)
02-05 17:40:53.260   789  2265 I SurfaceFlinger: id=79643 Removed e070c9d Splash Screen com.example.dogglers#0 (187)
02-05 17:40:53.260   789  2265 I SurfaceFlinger: id=79652 Removed Surface(name=e070c9d Splash Screen com.example.dogglers)/@0x5a2f437 - animation-leash#0 (187)
02-05 17:40:53.260   789  2265 I SurfaceFlinger: id=79645 Removed Splash Screen com.example.dogglers#0 (187)
02-05 17:40:53.261 15500 15500 D LifecycleMonitor: Lifecycle status change: androidx.test.core.app.InstrumentationActivityInvoker$EmptyActivity@96e539b in: STARTED
02-05 17:40:53.261 15500 15500 D LifecycleMonitor: running callback: androidx.test.core.app.ActivityScenario$1@1142e71
02-05 17:40:53.261 15500 15500 V ActivityScenario: Activity lifecycle changed event received but ignored because the intent does not match. startActivityIntent=Intent { act=android.intent.action.MAIN cat=[android.intent.category.LAUNCHER] cmp=com.example.dogglers/.MainActivity }, activity.getIntent()=Intent { act=android.intent.action.MAIN cat=[android.intent.category.LAUNCHER] flg=0x10000000 cmp=com.example.dogglers/androidx.test.core.app.InstrumentationActivityInvoker$EmptyActivity }, activity=androidx.test.core.app.InstrumentationActivityInvoker$EmptyActivity@96e539b
02-05 17:40:53.261 15500 15500 D LifecycleMonitor: callback completes: androidx.test.core.app.ActivityScenario$1@1142e71
02-05 17:40:53.264 15500 15500 D LifecycleMonitor: Lifecycle status change: androidx.test.core.app.InstrumentationActivityInvoker$EmptyActivity@96e539b in: RESUMED
02-05 17:40:53.264 15500 15500 D LifecycleMonitor: running callback: androidx.test.core.app.ActivityScenario$1@1142e71
02-05 17:40:53.264 15500 15500 V ActivityScenario: Activity lifecycle changed event received but ignored because the intent does not match. startActivityIntent=Intent { act=android.intent.action.MAIN cat=[android.intent.category.LAUNCHER] cmp=com.example.dogglers/.MainActivity }, activity.getIntent()=Intent { act=android.intent.action.MAIN cat=[android.intent.category.LAUNCHER] flg=0x10000000 cmp=com.example.dogglers/androidx.test.core.app.InstrumentationActivityInvoker$EmptyActivity }, activity=androidx.test.core.app.InstrumentationActivityInvoker$EmptyActivity@96e539b
02-05 17:40:53.264 15500 15500 D LifecycleMonitor: callback completes: androidx.test.core.app.ActivityScenario$1@1142e71
02-05 17:40:53.266  1163  2104 D InputTransport: Input channel constructed: '62c6239', fd=860
02-05 17:40:53.266  1163  2104 D InputTransport: Input channel constructed: '62c6239', fd=887
02-05 17:40:53.266   789  2265 I SurfaceFlinger: id=79659 createSurf (0x0),-1 flag=80004, 62c6239 com.example.dogglers/androidx.test.core.app.InstrumentationActivityInvoker$EmptyActivity#0
02-05 17:40:53.266  1163  2104 D WindowManager: isScreenshotDisabledLocked - win: Window{62c6239 u0 com.example.dogglers/androidx.test.core.app.InstrumentationActivityInvoker$EmptyActivity}
02-05 17:40:53.266  1163  2104 D WindowManager: isScreenshotDisabledLocked: userId = 0, disabled =false
02-05 17:40:53.267  1163  2104 D InputTransport: Input channel destroyed: '62c6239', fd=887
02-05 17:40:53.267 15500 15500 D InputTransport: Input channel constructed: '62c6239', fd=98
02-05 17:40:53.268 15500 15500 I ViewRootImpl@1f31ae4[InstrumentationActivityInvoker$EmptyActivity]: setView = com.android.internal.policy.DecorView@e7d9f11 TM=true
02-05 17:40:53.268 15500 15500 I SurfaceControl: nativeRelease nativeObject s[499183202048]
02-05 17:40:53.268 15500 15500 I SurfaceControl: nativeRelease nativeObject e[499183202048]
02-05 17:40:53.268 15500 15500 I SurfaceControl: nativeRelease nativeObject s[499183199360]
02-05 17:40:53.268 15500 15500 I SurfaceControl: nativeRelease nativeObject e[499183199360]
02-05 17:40:53.268   789  2265 I SurfaceFlinger: id=79651 Removed Surface(name=b29f82b NavigationBar0)/@0x8634759 - animation-leash#0 (188)
02-05 17:40:53.268   789  2265 I SurfaceFlinger: id=79650 Removed Surface(name=8c655e2 StatusBar)/@0x44a9b07 - animation-leash#1 (188)
02-05 17:40:53.269   789   789 I Layer   : id=79651[1] Destroyed Surface(name=b29f82b NavigationBar0)/@0x8634759 - animation-leash#0
02-05 17:40:53.269   789   789 I Layer   : id=79650[1] Destroyed Surface(name=8c655e2 StatusBar)/@0x44a9b07 - animation-leash#1
02-05 17:40:53.270   789   789 I Layer   : id=79652[1] Destroyed Surface(name=e070c9d Splash Screen com.example.dogglers)/@0x5a2f437 - animation-leash#0
02-05 17:40:53.270   789   789 I Layer   : id=79643[1] Destroyed e070c9d Splash Screen com.example.dogglers#0
02-05 17:40:53.270  1163  3944 I InputDispatcher: Focus left window (15500): d7fdc1a in display 0 0
02-05 17:40:53.270  1680  1680 D SecStatusBarMobileView: setStaticDrawableColor:
02-05 17:40:53.271  1163  3944 V WindowManager: Relayout Window{62c6239 u0 com.example.dogglers/androidx.test.core.app.InstrumentationActivityInvoker$EmptyActivity}: viewVisibility=0 req=1080x2400
02-05 17:40:53.271   789   789 I Layer   : id=79645[1] Destroyed Splash Screen com.example.dogglers#0
02-05 17:40:53.271  1163  3944 W WindowManager: lockNow pending, ignore updating lockscreen timeout
02-05 17:40:53.272  1163  3944 D WindowManager: isScreenshotDisabledLocked - win: Window{62c6239 u0 com.example.dogglers/androidx.test.core.app.InstrumentationActivityInvoker$EmptyActivity}
02-05 17:40:53.272  1163  3944 D WindowManager: isScreenshotDisabledLocked: userId = 0, disabled =false
02-05 17:40:53.272   789  2265 I SurfaceFlinger: id=79660 createSurf (1080x2400),1 flag=404, com.example.dogglers/androidx.test.core.app.InstrumentationActivityInvoker$EmptyActivity$_15500#0
02-05 17:40:53.272   789   789 D SurfaceFlinger: Display 21442653864348033 HWC layers:
02-05 17:40:53.272   789   789 D SurfaceFlinger:      DEVICE | 0x7428c3e940 | 0002 | RGBA_8888    |    0.0    0.0 1080.0 2400.0 |    0    0 1080 2400 | com.example.dogglers/com.example.dogglers.MainActivity$_15500#0
02-05 17:40:53.272   789   789 D SurfaceFlinger:      DEVICE | 0x7428c3e6c0 | 0000 | RGBA_8888    |    0.0    0.0 1080.0   88.0 |    0    0 1080   88 | StatusBar$_1680#0
02-05 17:40:53.272   789   789 D SurfaceFlinger:      DEVICE | 0x7428c3f200 | 0000 | RGBA_8888    |    0.0    0.0 1080.0  144.0 |    0 2256 1080 2400 | NavigationBar0$_1680#0
02-05 17:40:53.272   789   789 D SurfaceFlinger:      DEVICE | 0x7408191180 | 0000 | RGBA_8888    |    0.0    0.0 1080.0  125.0 |    0    0 1080  125 | ScreenDecorOverlay$_1680#0
02-05 17:40:53.272   789   789 D SurfaceFlinger:      DEVICE | 0x7428c3f480 | 0000 | RGBA_8888    |    0.0    0.0 1080.0  112.0 |    0 2288 1080 2400 | ScreenDecorOverlayBottom$_1680#0
02-05 17:40:53.272   789   789 D SurfaceFlinger:
02-05 17:40:53.273  1163  3944 I SurfaceControl: nativeRelease nativeObject s[496871094144]
02-05 17:40:53.273  1163  3944 I SurfaceControl: nativeRelease nativeObject e[496871094144]
02-05 17:40:53.273   789   835 I SurfaceFlinger: id=79661 createSurf (0x0),-1 flag=24000, Surface(name=8c655e2 StatusBar)/@0x44a9b07 - animation-leash#0
02-05 17:40:53.274  1163  3944 I SurfaceControl: nativeRelease nativeObject s[499183881632]
02-05 17:40:53.274  1163  3944 I SurfaceControl: nativeRelease nativeObject e[499183881632]
02-05 17:40:53.274   789  1273 I SurfaceFlinger: id=79662 createSurf (0x0),-1 flag=24000, Surface(name=b29f82b NavigationBar0)/@0x8634759 - animation-leash#1
02-05 17:40:53.274  1163  3944 V WindowManager: Relayout hash=62c6239, pid=15500: mAttrs={(0,0)(fillxfill) sim={adjust=pan forwardNavigation} ty=BASE_APPLICATION wanim=0x1030001
02-05 17:40:53.274  1163  3944 V WindowManager:   fl=1810100
02-05 17:40:53.274  1163  3944 V WindowManager:   pfl=12020000
02-05 17:40:53.274  1163  3944 V WindowManager:   fitSides= naviIconColor=0}
02-05 17:40:53.275  1163  3944 I SurfaceControl: nativeRelease nativeObject s[499183204256]
02-05 17:40:53.275  1163  3944 I SurfaceControl: nativeRelease nativeObject e[499183204256]
02-05 17:40:53.275 15500 15500 I SurfaceControl: assignNativeObject: nativeObject = 0 Surface(name=null)/@0x70c1b4d / android.view.SurfaceControl.readFromParcel:1117 android.view.IWindowSession$Stub$Proxy.relayout:1820 android.view.ViewRootImpl.relayoutWindow:9005 android.view.ViewRootImpl.performTraversals:3360 android.view.ViewRootImpl.doTraversal:2618 android.view.ViewRootImpl$TraversalRunnable.run:9971 android.view.Choreographer$CallbackRecord.run:1010 android.view.Choreographer.doCallbacks:809 android.view.Choreographer.doFrame:744 android.view.Choreographer$FrameDisplayEventReceiver.run:995
02-05 17:40:53.276 15500 15500 I ViewRootImpl@1f31ae4[InstrumentationActivityInvoker$EmptyActivity]: Relayout returned: old=(0,0,1080,2400) new=(0,0,1080,2400) req=(1080,2400)0 dur=5 res=0x7 s={true 499198353408} ch=true fn=-1
02-05 17:40:53.277 15500 15565 I mali_winsys: new_window_surface() [1080x2400] return: 0x3000
02-05 17:40:53.277   716   953 D gralloc : [mali_gralloc_allocate] begin
02-05 17:40:53.277   716   953 D gralloc : buffer_descriptor: wh(1080 2400) usage_pc(0x40000000000b00 0x40000000000b00) hal_format(0x1) layer_count(1) sizes(0 0 0) strde(0) byte_stride(0) alloc_wh(0 0) internal_format(0x0) alloc_format(0x0) fd_count(1) plane_count(0)
02-05 17:40:53.277 15500 15500 I ViewRootImpl@1f31ae4[InstrumentationActivityInvoker$EmptyActivity]: [DP] dp(1) 1 android.view.ViewRootImpl.reportNextDraw:10957 android.view.ViewRootImpl.performTraversals:3845 android.view.ViewRootImpl.doTraversal:2618
02-05 17:40:53.277 15500 15500 I ViewRootImpl@1f31ae4[InstrumentationActivityInvoker$EmptyActivity]: [DP] pd() Asnyc report
02-05 17:40:53.279   716   953 D gralloc : [mali_gralloc_allocate] allocation successful
02-05 17:40:53.280   716   953 D gralloc : [mali_gralloc_allocate] begin
02-05 17:40:53.280   716   953 D gralloc : buffer_descriptor: wh(1080 2400) usage_pc(0x40000000000b00 0x40000000000b00) hal_format(0x1) layer_count(1) sizes(0 0 0) strde(0) byte_stride(0) alloc_wh(0 0) internal_format(0x0) alloc_format(0x0) fd_count(1) plane_count(0)
02-05 17:40:53.281   716   953 D gralloc : [mali_gralloc_allocate] allocation successful
02-05 17:40:53.281   716   957 D gralloc : [mali_gralloc_allocate] begin
02-05 17:40:53.281   716   957 D gralloc : buffer_descriptor: wh(1080 2400) usage_pc(0x40000000000b00 0x40000000000b00) hal_format(0x1) layer_count(1) sizes(0 0 0) strde(0) byte_stride(0) alloc_wh(0 0) internal_format(0x0) alloc_format(0x0) fd_count(1) plane_count(0)
02-05 17:40:53.282 15500 15500 I ViewRootImpl@1f31ae4[InstrumentationActivityInvoker$EmptyActivity]: [DP] pdf(0) 1 android.view.ViewRootImpl.lambda$performDraw$1$ViewRootImpl:4668 android.view.-$$Lambda$ViewRootImpl$DJd0VUYJgsebcnSohO6h8zc_ONI.run:6 android.os.Handler.handleCallback:938
02-05 17:40:53.282 15500 15500 I ViewRootImpl@1f31ae4[InstrumentationActivityInvoker$EmptyActivity]: [DP] rdf()
02-05 17:40:53.282   716   957 D gralloc : [mali_gralloc_allocate] allocation successful
02-05 17:40:53.283  1163  1240 W WindowManager: lockNow pending, ignore updating lockscreen timeout
02-05 17:40:53.283  1163  1235 D SamsungIMMSHWKeyboard: isConnectedDexOnPC false
02-05 17:40:53.284 15500 15500 I SurfaceControl: nativeRelease nativeObject s[497483546400]
02-05 17:40:53.284 15500 15500 I SurfaceControl: nativeRelease nativeObject e[497483546400]
02-05 17:40:53.284   789  1272 I Layer   : id=79657 removeFromCurrentState Surface(name=8c655e2 StatusBar)/@0x44a9b07 - animation-leash#1 (186)
02-05 17:40:53.284   789  1272 I Layer   : id=79658 removeFromCurrentState Surface(name=b29f82b NavigationBar0)/@0x8634759 - animation-leash#0 (186)
02-05 17:40:53.285 15500 15500 I ViewRootImpl@8b8f225[MainActivity]: MSG_WINDOW_FOCUS_CHANGED 0 1
02-05 17:40:53.285  1163  1240 D PkgPredictorService: pkg:com.example.dogglers activity:androidx.test.core.app.InstrumentationActivityInvoker$EmptyActivity thisTime:56
02-05 17:40:53.285 15500 15500 I SurfaceControl: nativeRelease nativeObject s[497483547648]
02-05 17:40:53.285 15500 15500 I SurfaceControl: nativeRelease nativeObject e[497483547648]
02-05 17:40:53.286 15500 15500 I SurfaceControl: nativeRelease nativeObject s[499183203392]
02-05 17:40:53.286 15500 15500 I SurfaceControl: nativeRelease nativeObject e[499183203392]
02-05 17:40:53.286 15500 15500 I SurfaceControl: nativeRelease nativeObject s[499183203200]
02-05 17:40:53.286 15500 15500 I SurfaceControl: nativeRelease nativeObject e[499183203200]
02-05 17:40:53.286   789  1272 I SurfaceFlinger: id=79658 Removed Surface(name=b29f82b NavigationBar0)/@0x8634759 - animation-leash#0 (186)
02-05 17:40:53.286   789  1272 I SurfaceFlinger: id=79657 Removed Surface(name=8c655e2 StatusBar)/@0x44a9b07 - animation-leash#1 (186)
02-05 17:40:53.286  1163  1240 I SemDvfsHyPerManager: acquire hyper - AMS_RESUME_TAIL/1163@22, type = -999
02-05 17:40:53.286  1163  1240 I SemDvfsHyPerManager: acquire hyper - AMS_ACT_LAZY/1163@23, type = -999
02-05 17:40:53.286   726   817 I HYPER-HAL: [RequestManager.cpp]acquire(): Acquired ID : 702727  [1163 / 22]    HINT : AMS_RESUME_TAIL    list :
02-05 17:40:53.286  1163  1244 I ActivityTaskManager: Displayed com.example.dogglers/androidx.test.core.app.InstrumentationActivityInvoker$EmptyActivity: +56ms
02-05 17:40:53.286   726   817 I HYPER-HAL: [ResourceManager.cpp]updateResource(): [CPUMinFreq] UpdateResource Request ID : 702727    Value : 1844882
02-05 17:40:53.286   726   817 I HYPER-HAL: [RequestManager.cpp]acquire(): Acquired ID : 703914  [1163 / 23]    HINT :      list :
02-05 17:40:53.286   789   789 I Layer   : id=79657[1] Destroyed Surface(name=8c655e2 StatusBar)/@0x44a9b07 - animation-leash#1
02-05 17:40:53.286   789   789 I Layer   : id=79658[1] Destroyed Surface(name=b29f82b NavigationBar0)/@0x8634759 - animation-leash#0
02-05 17:40:53.286   726   817 E HYPER-HAL: [Request.cpp]acquire(): Request:: id : 703914, No Resource to set
02-05 17:40:53.286   726   817 I HYPER-HAL: [ResourceManager.cpp]removeResource(): [CPUMinFreq] RemoveResource Request ID : 700356
02-05 17:40:53.286   726   817 I HYPER-HAL: [RequestManager.cpp]releaseLocked(): Released ID : 700356
02-05 17:40:53.287  1163  1240 W WindowManager: lockNow pending, ignore updating lockscreen timeout
02-05 17:40:53.287 15500 15565 I mali_egl: eglDestroySurface() in
02-05 17:40:53.288  2669  2669 E pageboostd: Received HALT command code 2
02-05 17:40:53.288 15500 15565 I mali_winsys: delete_surface() [1080x2400] return
02-05 17:40:53.288 15500 15565 I mali_egl: eglDestroySurface() out
02-05 17:40:53.288   789   834 E BufferQueueProducer: [com.example.dogglers/com.example.dogglers.MainActivity$_15500#0](id:315000036b6,api:0,p:-1,c:789) disconnect: not connected (req=1)
02-05 17:40:53.288 15500 15565 W libEGL  : EGLNativeWindowType 0x742fbd1010 disconnect failed
02-05 17:40:53.289  1680  1680 D SecStatusBarMobileView: setStaticDrawableColor:
02-05 17:40:53.289  1163  1801 V WindowManager: Relayout Window{d7fdc1a u0 com.example.dogglers/com.example.dogglers.MainActivity}: viewVisibility=8 req=1080x2400
02-05 17:40:53.289  1163  1801 W WindowManager: lockNow pending, ignore updating lockscreen timeout
02-05 17:40:53.290  1163  1801 V WindowManager: Relayout hash=d7fdc1a, pid=15500: mAttrs={(0,0)(fillxfill) sim={adjust=pan forwardNavigation} ty=BASE_APPLICATION wanim=0x1030304
02-05 17:40:53.290  1163  1801 V WindowManager:   fl=81810100
02-05 17:40:53.290  1163  1801 V WindowManager:   pfl=12020000
02-05 17:40:53.290  1163  1801 V WindowManager:   fitSides= naviIconColor=0}
02-05 17:40:53.290  1163  1235 D InputMethodManagerService: isImeSwitcherDisabledPackage : false
02-05 17:40:53.290 15500 15500 I SurfaceControl: nativeRelease nativeObject s[499014753920]
02-05 17:40:53.291 15500 15500 I SurfaceControl: nativeRelease nativeObject e[499014753920]
02-05 17:40:53.291 15500 15500 I SurfaceControl: assignNativeObject: nativeObject = 0 Surface(name=null)/@0xb074602 / android.view.SurfaceControl.readFromParcel:1117 android.view.IWindowSession$Stub$Proxy.relayout:1810 android.view.ViewRootImpl.relayoutWindow:9005 android.view.ViewRootImpl.performTraversals:3360 android.view.ViewRootImpl.doTraversal:2618 android.view.ViewRootImpl$TraversalRunnable.run:9971 android.view.Choreographer$CallbackRecord.run:1010 android.view.Choreographer.doCallbacks:809 android.view.Choreographer.doFrame:744 android.view.Choreographer$FrameDisplayEventReceiver.run:995
02-05 17:40:53.291 15500 15500 I SurfaceControl: assignNativeObject: nativeObject = 0 Surface(name=null)/@0xa112452 / android.view.SurfaceControl.readFromParcel:1117 android.view.IWindowSession$Stub$Proxy.relayout:1820 android.view.ViewRootImpl.relayoutWindow:9005 android.view.ViewRootImpl.performTraversals:3360 android.view.ViewRootImpl.doTraversal:2618 android.view.ViewRootImpl$TraversalRunnable.run:9971 android.view.Choreographer$CallbackRecord.run:1010 android.view.Choreographer.doCallbacks:809 android.view.Choreographer.doFrame:744 android.view.Choreographer$FrameDisplayEventReceiver.run:995
02-05 17:40:53.291 15500 15500 I SurfaceControl: nativeRelease nativeObject s[497483545248]
02-05 17:40:53.291 15500 15500 I SurfaceControl: nativeRelease nativeObject e[497483545248]
02-05 17:40:53.291 15500 15500 I ViewRootImpl@8b8f225[MainActivity]: Relayout returned: old=(0,0,1080,2400) new=(0,0,1080,2400) req=(1080,2400)8 dur=3 res=0x5 s={false 0} ch=true fn=4
02-05 17:40:53.293  1163  1240 W WindowManager: lockNow pending, ignore updating lockscreen timeout
02-05 17:40:53.295 15500 15500 I ViewRootImpl@8b8f225[MainActivity]: stopped(true) old=false
02-05 17:40:53.295 15500 15500 D LifecycleMonitor: Lifecycle status change: com.example.dogglers.MainActivity@785ee30 in: STOPPED
02-05 17:40:53.295 15500 15500 D LifecycleMonitor: running callback: androidx.test.core.app.ActivityScenario$1@1142e71
02-05 17:40:53.295 15500 15500 V ActivityScenario: Update currentActivityStage to STOPPED, currentActivity=com.example.dogglers.MainActivity@785ee30
02-05 17:40:53.295 15500 15500 D LifecycleMonitor: callback completes: androidx.test.core.app.ActivityScenario$1@1142e71
02-05 17:40:53.296 15500 15500 D LifecycleMonitor: Lifecycle status change: com.example.dogglers.MainActivity@785ee30 in: DESTROYED
02-05 17:40:53.296 15500 15500 D LifecycleMonitor: running callback: androidx.test.core.app.ActivityScenario$1@1142e71
02-05 17:40:53.296 15500 15500 V ActivityScenario: Update currentActivityStage to DESTROYED, currentActivity=null
02-05 17:40:53.296 15500 15500 D LifecycleMonitor: callback completes: androidx.test.core.app.ActivityScenario$1@1142e71
02-05 17:40:53.298 15500 15500 I ViewRootImpl@8b8f225[MainActivity]: dispatchDetachedFromWindow
02-05 17:40:53.298  1163  1235 D InputTransport: Input channel destroyed: 'd7fdc1a', fd=857
02-05 17:40:53.298  1163  1235 I SurfaceControl: nativeRelease nativeObject s[499183881536]
02-05 17:40:53.298  1163  1235 I SurfaceControl: nativeRelease nativeObject e[499183881536]
02-05 17:40:53.298  1163  1235 D WindowManager: isScreenshotDisabledLocked - win: Window{d7fdc1a u0 com.example.dogglers/com.example.dogglers.MainActivity}
02-05 17:40:53.298  1163  1235 D WindowManager: isScreenshotDisabledLocked: userId = 0, disabled =false
02-05 17:40:53.298  1163  1235 I SurfaceControl: nativeRelease nativeObject s[499038065408]
02-05 17:40:53.298  1163  1235 I SurfaceControl: nativeRelease nativeObject e[499038065408]
02-05 17:40:53.299   789   835 I SurfaceFlinger: id=79663 createSurf (0x0),-1 flag=24004, Surface(name=dbf3b45 InputMethod)/@0xf70bba8 - animation-leash#0
02-05 17:40:53.299  1163  1235 I SurfaceControl: nativeRelease nativeObject s[496884988000]
02-05 17:40:53.299  1163  1235 I SurfaceControl: nativeRelease nativeObject e[496884988000]
02-05 17:40:53.299   789  2265 I Layer   : id=79649 removeFromCurrentState com.example.dogglers/com.example.dogglers.MainActivity$_15500#0 (185)
02-05 17:40:53.300  1163  1235 W WindowManager: lockNow pending, ignore updating lockscreen timeout
02-05 17:40:53.300   789  1272 I Layer   : id=79648 removeFromCurrentState d7fdc1a com.example.dogglers/com.example.dogglers.MainActivity#0 (185)
02-05 17:40:53.300   789  1272 I Layer   : id=79656 removeFromCurrentState Surface(name=dbf3b45 InputMethod)/@0xf70bba8 - animation-leash#1 (185)
02-05 17:40:53.301 15500 15500 D InputTransport: Input channel destroyed: 'd7fdc1a', fd=90
02-05 17:40:53.301  1163  3944 I SurfaceControl: nativeRelease nativeObject s[496860777696]
02-05 17:40:53.301  1163  3944 I SurfaceControl: nativeRelease nativeObject e[496860777696]
02-05 17:40:53.301   789   834 I SurfaceFlinger: id=79648 Removed d7fdc1a com.example.dogglers/com.example.dogglers.MainActivity#0 (185)
02-05 17:40:53.302   789  2265 I SurfaceFlinger: id=79649 Removed com.example.dogglers/com.example.dogglers.MainActivity$_15500#0 (185)
02-05 17:40:53.304   789   789 I Layer   : id=79648[1] Destroyed d7fdc1a com.example.dogglers/com.example.dogglers.MainActivity#0
02-05 17:40:53.304 15500 15500 D LifecycleMonitor: Lifecycle status change: androidx.test.core.app.InstrumentationActivityInvoker$BootstrapActivity@db8b418 in: DESTROYED
02-05 17:40:53.304 15500 15500 D LifecycleMonitor: running callback: androidx.test.core.app.ActivityScenario$1@1142e71
02-05 17:40:53.304 15500 15500 V ActivityScenario: Activity lifecycle changed event received but ignored because the intent does not match. startActivityIntent=Intent { act=android.intent.action.MAIN cat=[android.intent.category.LAUNCHER] cmp=com.example.dogglers/.MainActivity }, activity.getIntent()=Intent { act=android.intent.action.MAIN cat=[android.intent.category.LAUNCHER] flg=0x10008000 cmp=com.example.dogglers/androidx.test.core.app.InstrumentationActivityInvoker$BootstrapActivity (has extras) }, activity=androidx.test.core.app.InstrumentationActivityInvoker$BootstrapActivity@db8b418
02-05 17:40:53.304 15500 15500 D LifecycleMonitor: callback completes: androidx.test.core.app.ActivityScenario$1@1142e71
02-05 17:40:53.304  1680  1680 D SecStatusBarMobileView: setStaticDrawableColor:
02-05 17:40:53.305  1163  1235 I InputDispatcher: Focus entered window (15500): 62c6239 in display 0 0
02-05 17:40:53.305   789  1272 I Layer   : id=79644 removeFromCurrentState ActivityRecord{9b29f8 u0 com.example.dogglers/.MainActivity t12728}#0 (184)
02-05 17:40:53.305   789  1272 I SurfaceFlinger: id=79644 Removed ActivityRecord{9b29f8 u0 com.example.dogglers/.MainActivity t12728}#0 (184)
02-05 17:40:53.306  1163  1796 I SurfaceControl: nativeRelease nativeObject s[497264239200]
02-05 17:40:53.306  1163  1796 I SurfaceControl: nativeRelease nativeObject e[497264239200]
02-05 17:40:53.306   789   789 I Layer   : id=79649[1] Destroyed com.example.dogglers/com.example.dogglers.MainActivity$_15500#0
02-05 17:40:53.307 15500 15500 I ViewRootImpl@1f31ae4[InstrumentationActivityInvoker$EmptyActivity]: MSG_WINDOW_FOCUS_CHANGED 1 1
02-05 17:40:53.307 15500 15500 D InputMethodManager: prepareNavigationBarInfo() DecorView@e7d9f11[InstrumentationActivityInvoker$EmptyActivity]
02-05 17:40:53.307 15500 15500 D InputMethodManager: getNavigationBarColor() -16711423
02-05 17:40:53.307 15500 15500 D InputMethodManager: prepareNavigationBarInfo() DecorView@e7d9f11[InstrumentationActivityInvoker$EmptyActivity]
02-05 17:40:53.307 15500 15500 D InputMethodManager: getNavigationBarColor() -16711423
02-05 17:40:53.307 15500 15500 V InputMethodManager: Starting input: tba=com.example.dogglers ic=null mNaviBarColor -16711423 mIsGetNaviBarColorSuccess true , NavVisible : true , NavTrans : false
02-05 17:40:53.307 15500 15500 D InputMethodManager: startInputInner - Id : 0
02-05 17:40:53.307 15500 15500 I InputMethodManager: startInputInner - mService.startInputOrWindowGainedFocus
02-05 17:40:53.308  1163  2104 D InputMethodManagerService: mSecureKeypadEnabled = false
02-05 17:40:53.308  1163  1235 I SemDvfsHyPerManager: acquire hyper - AMS_ACT_START/1163@20, type = -999
02-05 17:40:53.308   789   789 D SurfaceFlinger: Display 21442653864348033 HWC layers:
02-05 17:40:53.308   789   789 D SurfaceFlinger:      DEVICE | 0x7407b64000 | 0002 | RGBA_8888    |    0.0    0.0 1080.0 2400.0 |    0    0 1080 2400 | com.example.dogglers/androidx.test.c[...]tivityInvoker$EmptyActivity$_15500#0
02-05 17:40:53.308   789   789 D SurfaceFlinger:      DEVICE | 0x7408500740 | 0000 | RGBA_8888    |    0.0    0.0 1080.0   88.0 |    0    0 1080   88 | StatusBar$_1680#0
02-05 17:40:53.308   789   789 D SurfaceFlinger:      DEVICE | 0x7428c3f200 | 0000 | RGBA_8888    |    0.0    0.0 1080.0  144.0 |    0 2256 1080 2400 | NavigationBar0$_1680#0
02-05 17:40:53.308   789   789 D SurfaceFlinger:      DEVICE | 0x7408191180 | 0000 | RGBA_8888    |    0.0    0.0 1080.0  125.0 |    0    0 1080  125 | ScreenDecorOverlay$_1680#0
02-05 17:40:53.308   789   789 D SurfaceFlinger:      DEVICE | 0x7428c3f480 | 0000 | RGBA_8888    |    0.0    0.0 1080.0  112.0 |    0 2288 1080 2400 | ScreenDecorOverlayBottom$_1680#0
02-05 17:40:53.308   789   789 D SurfaceFlinger:
02-05 17:40:53.308   726   817 I HYPER-HAL: [RequestManager.cpp]acquire(): Acquired ID : 700356  [1163 / 20]    HINT : AMS_ACT_START    list :
02-05 17:40:53.309   726   817 I HYPER-HAL: [ResourceManager.cpp]updateResource(): [CPUMinFreq] UpdateResource Request ID : 700356    Value : 1930195
02-05 17:40:53.309   789  1272 I SurfaceFlinger: id=79664 createSurf (0x0),-1 flag=80004, ActivityRecord{e4ba330 u0 com.example.dogglers/androidx.test.core.app.InstrumentationActivityInvoker$EmptyActivity t12728}#0
02-05 17:40:53.311  1163  1235 W WindowManager: lockNow pending, ignore updating lockscreen timeout
02-05 17:40:53.312   789  1272 I Layer   : id=79642 removeFromCurrentState ActivityRecord{75bff6f u0 com.example.dogglers/androidx.test.core.app.InstrumentationActivityInvoker$BootstrapActivity t12728}#0 (184)
02-05 17:40:53.312   789  1272 I SurfaceFlinger: id=79642 Removed ActivityRecord{75bff6f u0 com.example.dogglers/androidx.test.core.app.InstrumentationActivityInvoker$BootstrapActivity t12728}#0 (184)
02-05 17:40:53.312  1163  2104 V InputMethodManagerService: hideCurrentInputLocked : shouldHideSoftInput is false
02-05 17:40:53.312  1163  2104 D InputMethodManagerService: DESKTOP MODE! : 2
02-05 17:40:53.312  1163  2104 D InputMethodManagerService: NOT IN KNOX DESKTOP MODE!
02-05 17:40:53.312  1163  2104 V InputMethodManagerService: getDisplayIdOfInputMethodWindowToBeAdded : 0
02-05 17:40:53.312  1163  2104 D InputMethodManagerService: checkDisplayOfStartInputAndUpdateKeyboard display Id 0last 0
02-05 17:40:53.312  1163  2104 D InputTransport: Input channel constructed: 'ClientS', fd=857
02-05 17:40:53.312  1163  2104 D InputTransport: Input channel destroyed: 'ClientS', fd=857
02-05 17:40:53.313 15500 15500 D InputTransport: Input channel constructed: 'ClientS', fd=90
02-05 17:40:53.313 15500 15500 D InputTransport: Input channel destroyed: 'ClientS', fd=97
02-05 17:40:53.313 15500 15500 D LifecycleMonitor: Lifecycle status change: androidx.test.core.app.InstrumentationActivityInvoker$EmptyActivity@96e539b in: PAUSED
02-05 17:40:53.313 15500 15500 D LifecycleMonitor: running callback: androidx.test.core.app.ActivityScenario$1@1142e71
02-05 17:40:53.313 15500 15500 V ActivityScenario: Activity lifecycle changed event received but ignored because the intent does not match. startActivityIntent=Intent { act=android.intent.action.MAIN cat=[android.intent.category.LAUNCHER] cmp=com.example.dogglers/.MainActivity }, activity.getIntent()=Intent { act=android.intent.action.MAIN cat=[android.intent.category.LAUNCHER] flg=0x10000000 cmp=com.example.dogglers/androidx.test.core.app.InstrumentationActivityInvoker$EmptyActivity }, activity=androidx.test.core.app.InstrumentationActivityInvoker$EmptyActivity@96e539b
02-05 17:40:53.313 15500 15500 D LifecycleMonitor: callback completes: androidx.test.core.app.ActivityScenario$1@1142e71
02-05 17:40:53.315  1163  2104 V WindowOrientationListener: getProposedRotation: 0
02-05 17:40:53.315  1163  2104 V WindowOrientationListener: getProposedRotation: 0
02-05 17:40:53.315  1163  2104 V WindowOrientationListener: getProposedRotation: 0
02-05 17:40:53.316  1163  2104 D InputDispatcher: Focused application set to (0): e4ba330
02-05 17:40:53.318  1163  2104 W WindowManager: lockNow pending, ignore updating lockscreen timeout
02-05 17:40:53.320  1163  1235 I SurfaceControl: nativeRelease nativeObject s[499183905088]
02-05 17:40:53.320  1163  1235 I SurfaceControl: nativeRelease nativeObject e[499183905088]
02-05 17:40:53.320   789  1272 I SurfaceFlinger: id=79665 createSurf (0x0),-1 flag=24004, Surface(name=dbf3b45 InputMethod)/@0xf70bba8 - animation-leash#1
02-05 17:40:53.321   789   789 I Layer   : id=79642[1] Destroyed ActivityRecord{75bff6f u0 com.example.dogglers/androidx.test.core.app.InstrumentationActivityInvoker$BootstrapActivity t12728}#0
02-05 17:40:53.321   789   789 I Layer   : id=79644[1] Destroyed ActivityRecord{9b29f8 u0 com.example.dogglers/.MainActivity t12728}#0
02-05 17:40:53.321   789   834 I Layer   : id=79663 removeFromCurrentState Surface(name=dbf3b45 InputMethod)/@0xf70bba8 - animation-leash#0 (183)
02-05 17:40:53.321  3640  3640 I GoogleInputMethodService: GoogleInputMethodService.onFinishInput():3316
02-05 17:40:53.322  3640  3640 I GoogleInputMethodService: GoogleInputMethodService.updateDeviceLockedStatus():2181 checkRepeatedly = false, unlocked = true
02-05 17:40:53.322  3640  3640 D InputMethodService: checkDisplayOfStartInputAndUpdateKeyboard display Id 0last 0
02-05 17:40:53.322  3640  3640 I GoogleInputMethodService: GoogleInputMethodService.onStartInput():1989
02-05 17:40:53.322  3640  3640 I GoogleInputMethodService: GoogleInputMethodService.updateDeviceLockedStatus():2181 checkRepeatedly = true, unlocked = true
02-05 17:40:53.323 15500 15500 D LifecycleMonitor: Lifecycle status change: androidx.test.core.app.InstrumentationActivityInvoker$EmptyActivity@4b4e27c in: PRE_ON_CREATE
02-05 17:40:53.323 15500 15500 D LifecycleMonitor: running callback: androidx.test.core.app.ActivityScenario$1@1142e71
02-05 17:40:53.323 15500 15500 V ActivityScenario: Activity lifecycle changed event received but ignored because the intent does not match. startActivityIntent=Intent { act=android.intent.action.MAIN cat=[android.intent.category.LAUNCHER] cmp=com.example.dogglers/.MainActivity }, activity.getIntent()=Intent { act=android.intent.action.MAIN cat=[android.intent.category.LAUNCHER] flg=0x10000000 cmp=com.example.dogglers/androidx.test.core.app.InstrumentationActivityInvoker$EmptyActivity }, activity=androidx.test.core.app.InstrumentationActivityInvoker$EmptyActivity@4b4e27c
02-05 17:40:53.323 15500 15500 D LifecycleMonitor: callback completes: androidx.test.core.app.ActivityScenario$1@1142e71
02-05 17:40:53.326 15500 15500 I DecorView: [INFO] isPopOver=false, config=true
02-05 17:40:53.326 15500 15500 I DecorView: updateCaptionType >> DecorView@cc3935a[], isFloating=false, isApplication=true, hasWindowDecorCaption=false, hasWindowControllerCallback=true
02-05 17:40:53.326 15500 15500 D DecorView: setCaptionType = 0, this = DecorView@cc3935a[]
02-05 17:40:53.329 15500 15500 D LifecycleMonitor: Lifecycle status change: androidx.test.core.app.InstrumentationActivityInvoker$EmptyActivity@4b4e27c in: CREATED
02-05 17:40:53.329 15500 15500 D LifecycleMonitor: running callback: androidx.test.core.app.ActivityScenario$1@1142e71
02-05 17:40:53.329 15500 15500 V ActivityScenario: Activity lifecycle changed event received but ignored because the intent does not match. startActivityIntent=Intent { act=android.intent.action.MAIN cat=[android.intent.category.LAUNCHER] cmp=com.example.dogglers/.MainActivity }, activity.getIntent()=Intent { act=android.intent.action.MAIN cat=[android.intent.category.LAUNCHER] flg=0x10000000 cmp=com.example.dogglers/androidx.test.core.app.InstrumentationActivityInvoker$EmptyActivity }, activity=androidx.test.core.app.InstrumentationActivityInvoker$EmptyActivity@4b4e27c
02-05 17:40:53.329 15500 15500 D LifecycleMonitor: callback completes: androidx.test.core.app.ActivityScenario$1@1142e71
02-05 17:40:53.330 15500 15500 D LifecycleMonitor: Lifecycle status change: androidx.test.core.app.InstrumentationActivityInvoker$EmptyActivity@4b4e27c in: STARTED
02-05 17:40:53.330 15500 15500 D LifecycleMonitor: running callback: androidx.test.core.app.ActivityScenario$1@1142e71
02-05 17:40:53.330 15500 15500 V ActivityScenario: Activity lifecycle changed event received but ignored because the intent does not match. startActivityIntent=Intent { act=android.intent.action.MAIN cat=[android.intent.category.LAUNCHER] cmp=com.example.dogglers/.MainActivity }, activity.getIntent()=Intent { act=android.intent.action.MAIN cat=[android.intent.category.LAUNCHER] flg=0x10000000 cmp=com.example.dogglers/androidx.test.core.app.InstrumentationActivityInvoker$EmptyActivity }, activity=androidx.test.core.app.InstrumentationActivityInvoker$EmptyActivity@4b4e27c
02-05 17:40:53.330 15500 15500 D LifecycleMonitor: callback completes: androidx.test.core.app.ActivityScenario$1@1142e71
02-05 17:40:53.331 15500 15500 D LifecycleMonitor: Lifecycle status change: androidx.test.core.app.InstrumentationActivityInvoker$EmptyActivity@4b4e27c in: RESUMED
02-05 17:40:53.331 15500 15500 D LifecycleMonitor: running callback: androidx.test.core.app.ActivityScenario$1@1142e71
02-05 17:40:53.331 15500 15500 V ActivityScenario: Activity lifecycle changed event received but ignored because the intent does not match. startActivityIntent=Intent { act=android.intent.action.MAIN cat=[android.intent.category.LAUNCHER] cmp=com.example.dogglers/.MainActivity }, activity.getIntent()=Intent { act=android.intent.action.MAIN cat=[android.intent.category.LAUNCHER] flg=0x10000000 cmp=com.example.dogglers/androidx.test.core.app.InstrumentationActivityInvoker$EmptyActivity }, activity=androidx.test.core.app.InstrumentationActivityInvoker$EmptyActivity@4b4e27c
02-05 17:40:53.331 15500 15500 D LifecycleMonitor: callback completes: androidx.test.core.app.ActivityScenario$1@1142e71
02-05 17:40:53.332   726 16102 I HYPER-HAL: [ResourceManager.cpp]removeResource(): [CPUMinFreq] RemoveResource Request ID : 718236
02-05 17:40:53.332   726 16102 I HYPER-HAL: [RequestManager.cpp]releaseLocked(): Released ID : 718236
02-05 17:40:53.333  1163  1235 D InputTransport: Input channel constructed: '75000f4', fd=857
02-05 17:40:53.333  1163  1235 D InputTransport: Input channel constructed: '75000f4', fd=887
02-05 17:40:53.333   789   834 I SurfaceFlinger: id=79666 createSurf (0x0),-1 flag=80004, 75000f4 com.example.dogglers/androidx.test.core.app.InstrumentationActivityInvoker$EmptyActivity#0
02-05 17:40:53.334  1163  1235 D WindowManager: isScreenshotDisabledLocked - win: Window{75000f4 u0 com.example.dogglers/androidx.test.core.app.InstrumentationActivityInvoker$EmptyActivity}
02-05 17:40:53.334  1163  1235 D WindowManager: isScreenshotDisabledLocked: userId = 0, disabled =false
02-05 17:40:53.334  1163  1235 D InputTransport: Input channel destroyed: '75000f4', fd=887
02-05 17:40:53.334 15500 15500 D InputTransport: Input channel constructed: '75000f4', fd=97
02-05 17:40:53.335 15500 15500 I ViewRootImpl@736e81[InstrumentationActivityInvoker$EmptyActivity]: setView = com.android.internal.policy.DecorView@cc3935a TM=true
02-05 17:40:53.336  1163  2104 D SamsungIMMSHWKeyboard: isConnectedDexOnPC false
02-05 17:40:53.336 15500 15500 I SurfaceControl: nativeRelease nativeObject s[499183203872]
02-05 17:40:53.336 15500 15500 I SurfaceControl: nativeRelease nativeObject e[499183203872]
02-05 17:40:53.336 15500 15500 I SurfaceControl: nativeRelease nativeObject s[499183203488]
02-05 17:40:53.336 15500 15500 I SurfaceControl: nativeRelease nativeObject e[499183203488]
02-05 17:40:53.336  1163  2104 D InputMethodManagerService: isImeSwitcherDisabledPackage : false
02-05 17:40:53.338  1163  1796 I InputDispatcher: Focus left window (15500): 62c6239 in display 0 0
02-05 17:40:53.339  1163  1796 V WindowManager: Relayout Window{75000f4 u0 com.example.dogglers/androidx.test.core.app.InstrumentationActivityInvoker$EmptyActivity}: viewVisibility=0 req=1080x2400
02-05 17:40:53.340  1163  1796 W WindowManager: lockNow pending, ignore updating lockscreen timeout
02-05 17:40:53.340  1163  1796 D WindowManager: isScreenshotDisabledLocked - win: Window{75000f4 u0 com.example.dogglers/androidx.test.core.app.InstrumentationActivityInvoker$EmptyActivity}
02-05 17:40:53.340  1163  1796 D WindowManager: isScreenshotDisabledLocked: userId = 0, disabled =false
02-05 17:40:53.340   789   834 I SurfaceFlinger: id=79667 createSurf (1080x2400),1 flag=404, com.example.dogglers/androidx.test.core.app.InstrumentationActivityInvoker$EmptyActivity$_15500#1
02-05 17:40:53.342  1163  1796 I SurfaceControl: nativeRelease nativeObject s[499183881920]
02-05 17:40:53.342  1163  1796 I SurfaceControl: nativeRelease nativeObject e[499183881920]
02-05 17:40:53.342   789  1273 I SurfaceFlinger: id=79668 createSurf (0x0),-1 flag=24000, Surface(name=8c655e2 StatusBar)/@0x44a9b07 - animation-leash#1
02-05 17:40:53.342  1163  1796 I SurfaceControl: nativeRelease nativeObject s[499183897408]
02-05 17:40:53.342  1163  1796 I SurfaceControl: nativeRelease nativeObject e[499183897408]
02-05 17:40:53.342   789   834 I SurfaceFlinger: id=79669 createSurf (0x0),-1 flag=24000, Surface(name=b29f82b NavigationBar0)/@0x8634759 - animation-leash#0
02-05 17:40:53.343  1163  1796 V WindowManager: Relayout hash=75000f4, pid=15500: mAttrs={(0,0)(fillxfill) sim={adjust=pan forwardNavigation} ty=BASE_APPLICATION wanim=0x1030001
02-05 17:40:53.343  1163  1796 V WindowManager:   fl=1810100
02-05 17:40:53.343  1163  1796 V WindowManager:   pfl=12020000
02-05 17:40:53.343  1163  1796 V WindowManager:   fitSides= naviIconColor=0}
02-05 17:40:53.343  1163  1796 I SurfaceControl: nativeRelease nativeObject s[496860780672]
02-05 17:40:53.343  1163  1796 I SurfaceControl: nativeRelease nativeObject e[496860780672]
02-05 17:40:53.344 15500 15500 I SurfaceControl: assignNativeObject: nativeObject = 0 Surface(name=null)/@0x5978b26 / android.view.SurfaceControl.readFromParcel:1117 android.view.IWindowSession$Stub$Proxy.relayout:1820 android.view.ViewRootImpl.relayoutWindow:9005 android.view.ViewRootImpl.performTraversals:3360 android.view.ViewRootImpl.doTraversal:2618 android.view.ViewRootImpl$TraversalRunnable.run:9971 android.view.Choreographer$CallbackRecord.run:1010 android.view.Choreographer.doCallbacks:809 android.view.Choreographer.doFrame:744 android.view.Choreographer$FrameDisplayEventReceiver.run:995
02-05 17:40:53.344 15500 15500 I ViewRootImpl@736e81[InstrumentationActivityInvoker$EmptyActivity]: Relayout returned: old=(0,0,1080,2400) new=(0,0,1080,2400) req=(1080,2400)0 dur=5 res=0x7 s={true 499017125888} ch=true fn=-1
02-05 17:40:53.345 15500 15565 I mali_winsys: new_window_surface() [1080x2400] return: 0x3000
02-05 17:40:53.345   716   953 D gralloc : [mali_gralloc_allocate] begin
02-05 17:40:53.345   716   953 D gralloc : buffer_descriptor: wh(1080 2400) usage_pc(0x40000000000b00 0x40000000000b00) hal_format(0x1) layer_count(1) sizes(0 0 0) strde(0) byte_stride(0) alloc_wh(0 0) internal_format(0x0) alloc_format(0x0) fd_count(1) plane_count(0)
