02-05 17:40:54.046  3640  3640 I GoogleInputMethodService: GoogleInputMethodService.updateDeviceLockedStatus():2181 checkRepeatedly = false, unlocked = true
02-05 17:40:54.046  3640  3640 D InputMethodService: checkDisplayOfStartInputAndUpdateKeyboard display Id 0last 0
02-05 17:40:54.046  3640  3640 I GoogleInputMethodService: GoogleInputMethodService.onStartInput():1989
02-05 17:40:54.046  3640  3640 I GoogleInputMethodService: GoogleInputMethodService.updateDeviceLockedStatus():2181 checkRepeatedly = true, unlocked = true
02-05 17:40:54.048   789   834 I Layer   : id=79678 removeFromCurrentState Surface(name=dbf3b45 InputMethod)/@0xf70bba8 - animation-leash#1 (188)
02-05 17:40:54.050  1163  3938 V WindowManager: Relayout Window{f87dac6 u0 com.samsung.android.app.spage}: viewVisibility=8 req=0x2168
02-05 17:40:54.050  2003  2003 I SurfaceControl: nativeRelease nativeObject s[497484648032]
02-05 17:40:54.050  2003  2003 I SurfaceControl: nativeRelease nativeObject e[497484648032]
02-05 17:40:54.050 15500 15500 I SurfaceControl: nativeRelease nativeObject s[497483545248]
02-05 17:40:54.050 15500 15500 I SurfaceControl: nativeRelease nativeObject e[497483545248]
02-05 17:40:54.050 15500 15500 I SurfaceControl: nativeRelease nativeObject s[499183206368]
02-05 17:40:54.050 15500 15500 I SurfaceControl: nativeRelease nativeObject e[499183206368]
02-05 17:40:54.050 15500 15500 D IdlingResourceRegistry: All idling resources are idle.
02-05 17:40:54.050  1163  1796 D SamsungIMMSHWKeyboard: isConnectedDexOnPC false
02-05 17:40:54.050 15500 15500 D IdlingResourceRegistry: All idling resources are idle.
02-05 17:40:54.051 15500 15500 I ViewInteraction: Checking 'MatchesViewAssertion{viewMatcher=is displayed on the screen to the user}' assertion on view with id is <com.example.dogglers:id/vertical_btn>
02-05 17:40:54.051  1163  3938 W WindowManager: lockNow pending, ignore updating lockscreen timeout
02-05 17:40:54.051  1680  1680 D SecStatusBarMobileView: setStaticDrawableColor:
02-05 17:40:54.053  1163  3938 V WindowManager: Relayout hash=f87dac6, pid=5089: mAttrs={(0,0)(0xfill) sim={adjust=pan} ty=APPLICATION_PANEL fmt=RGBA_8888
02-05 17:40:54.053  1163  3938 V WindowManager:   fl=1000018
02-05 17:40:54.053  1163  3938 V WindowManager:   pfl=2000040
02-05 17:40:54.053  1163  3938 V WindowManager:   fitTypes=STATUS_BARS NAVIGATION_BARS CAPTION_BAR IME naviIconColor=0}
02-05 17:40:54.053  1163  1796 D InputMethodManagerService: isImeSwitcherDisabledPackage : false
02-05 17:40:54.054  5089  5089 I SurfaceControl: assignNativeObject: nativeObject = 0 Surface(name=null)/@0xb12fb6b / android.view.SurfaceControl.readFromParcel:1117 android.view.IWindowSession$Stub$Proxy.relayout:1810 android.view.ViewRootImpl.relayoutWindow:9005 android.view.ViewRootImpl.performTraversals:3360 android.view.ViewRootImpl.doTraversal:2618 android.view.ViewRootImpl$TraversalRunnable.run:9971 android.view.Choreographer$CallbackRecord.run:1010 android.view.Choreographer.doCallbacks:809 android.view.Choreographer.doFrame:744 android.view.Choreographer$FrameDisplayEventReceiver.run:995
02-05 17:40:54.054  5089  5089 I SurfaceControl: assignNativeObject: nativeObject = 0 Surface(name=null)/@0xf71d6c8 / android.view.SurfaceControl.readFromParcel:1117 android.view.IWindowSession$Stub$Proxy.relayout:1820 android.view.ViewRootImpl.relayoutWindow:9005 android.view.ViewRootImpl.performTraversals:3360 android.view.ViewRootImpl.doTraversal:2618 android.view.ViewRootImpl$TraversalRunnable.run:9971 android.view.Choreographer$CallbackRecord.run:1010 android.view.Choreographer.doCallbacks:809 android.view.Choreographer.doFrame:744 android.view.Choreographer$FrameDisplayEventReceiver.run:995
02-05 17:40:54.054  5089  5089 I ViewRootImpl@7fb81b0[]: Relayout returned: old=(540,88,540,2256) new=(540,88,540,2256) req=(0,2168)8 dur=5 res=0x1 s={false 0} ch=false fn=-1
02-05 17:40:54.055  1163  1793 I SemDvfsHyPerManager: acquire hyper - AMS_ACT_START/1163@20, type = -999
02-05 17:40:54.055   726   817 I HYPER-HAL: [RequestManager.cpp]acquire(): Acquired ID : 700356  [1163 / 20]    HINT : AMS_ACT_START    list :
02-05 17:40:54.056   726   817 I HYPER-HAL: [ResourceManager.cpp]updateResource(): [CPUMinFreq] UpdateResource Request ID : 700356    Value : 1930195
02-05 17:40:54.056   789  2265 I SurfaceFlinger: id=79696 createSurf (0x0),-1 flag=80004, ActivityRecord{22cb932 u0 com.example.dogglers/androidx.test.core.app.InstrumentationActivityInvoker$EmptyActivity t12729}#0
02-05 17:40:54.058  1163  1793 W WindowManager: lockNow pending, ignore updating lockscreen timeout
02-05 17:40:54.060 15500 15500 D LifecycleMonitor: Lifecycle status change: com.example.dogglers.MainActivity@225bb7b in: PAUSED
02-05 17:40:54.060 15500 15500 D LifecycleMonitor: running callback: androidx.test.core.app.ActivityScenario$1@9775e80
02-05 17:40:54.060 15500 15500 V ActivityScenario: Update currentActivityStage to PAUSED, currentActivity=com.example.dogglers.MainActivity@225bb7b
02-05 17:40:54.060 15500 15500 D LifecycleMonitor: callback completes: androidx.test.core.app.ActivityScenario$1@9775e80
02-05 17:40:54.061  1163  2104 V WindowOrientationListener: getProposedRotation: 0
02-05 17:40:54.061  1163  2104 V WindowOrientationListener: getProposedRotation: 0
02-05 17:40:54.061  1163  2104 V WindowOrientationListener: getProposedRotation: 0
02-05 17:40:54.062  1163  2104 D InputDispatcher: Focused application set to (0): 22cb932
02-05 17:40:54.063  1163  2104 I SurfaceControl: nativeRelease nativeObject s[496866868768]
02-05 17:40:54.063  1163  2104 I SurfaceControl: nativeRelease nativeObject e[496866868768]
02-05 17:40:54.063   789  2265 I SurfaceFlinger: id=79697 createSurf (0x0),-1 flag=24000, Surface(name=8c655e2 StatusBar)/@0x44a9b07 - animation-leash#1
02-05 17:40:54.064  1163  2104 I SurfaceControl: nativeRelease nativeObject s[499038072128]
02-05 17:40:54.064  1163  2104 I SurfaceControl: nativeRelease nativeObject e[499038072128]
02-05 17:40:54.064   789  1273 I SurfaceFlinger: id=79698 createSurf (0x0),-1 flag=24000, Surface(name=b29f82b NavigationBar0)/@0x8634759 - animation-leash#0
02-05 17:40:54.065  1680  1680 D SecStatusBarMobileView: setStaticDrawableColor:
02-05 17:40:54.066  1163  2104 W WindowManager: lockNow pending, ignore updating lockscreen timeout
02-05 17:40:54.066   789   834 I Layer   : id=79692 removeFromCurrentState Surface(name=8c655e2 StatusBar)/@0x44a9b07 - animation-leash#0 (191)
02-05 17:40:54.066   789   834 I Layer   : id=79693 removeFromCurrentState Surface(name=b29f82b NavigationBar0)/@0x8634759 - animation-leash#1 (191)
02-05 17:40:54.070 15500 15500 D LifecycleMonitor: Lifecycle status change: androidx.test.core.app.InstrumentationActivityInvoker$EmptyActivity@43572a3 in: PRE_ON_CREATE
02-05 17:40:54.070 15500 15500 D LifecycleMonitor: running callback: androidx.test.core.app.ActivityScenario$1@9775e80
02-05 17:40:54.070   789   789 D SurfaceFlinger: Display 21442653864348033 HWC layers:
02-05 17:40:54.070   789   789 D SurfaceFlinger:      DEVICE | 0x74084ff480 | 0002 | RGBA_8888    |    0.0    0.0 1080.0 2400.0 |    0    0 1080 2400 | com.example.dogglers/com.example.dogglers.MainActivity$_15500#0
02-05 17:40:54.070   789   789 D SurfaceFlinger:      DEVICE | 0x74084fe300 | 0002 | RGBA_8888    |    0.0    0.0 1080.0 2400.0 |    0    0 1080 2400 | Splash Screen com.example.dogglers#0
02-05 17:40:54.070   789   789 D SurfaceFlinger:      DEVICE | 0x7408500740 | 0000 | RGBA_8888    |    0.0    0.0 1080.0   88.0 |    0    0 1080   88 | StatusBar$_1680#0
02-05 17:40:54.070   789   789 D SurfaceFlinger:      DEVICE | 0x7428c40600 | 0000 | RGBA_8888    |    0.0    0.0 1080.0  144.0 |    0 2256 1080 2400 | NavigationBar0$_1680#0
02-05 17:40:54.070   789   789 D SurfaceFlinger:      DEVICE | 0x7408191180 | 0000 | RGBA_8888    |    0.0    0.0 1080.0  125.0 |    0    0 1080  125 | ScreenDecorOverlay$_1680#0
02-05 17:40:54.070   789   789 D SurfaceFlinger:      DEVICE | 0x7428c3f480 | 0000 | RGBA_8888    |    0.0    0.0 1080.0  112.0 |    0 2288 1080 2400 | ScreenDecorOverlayBottom$_1680#0
02-05 17:40:54.070   789   789 D SurfaceFlinger:
02-05 17:40:54.070 15500 15500 V ActivityScenario: Activity lifecycle changed event received but ignored because the intent does not match. startActivityIntent=Intent { act=android.intent.action.MAIN cat=[android.intent.category.LAUNCHER] cmp=com.example.dogglers/.MainActivity }, activity.getIntent()=Intent { act=android.intent.action.MAIN cat=[android.intent.category.LAUNCHER] flg=0x10000000 cmp=com.example.dogglers/androidx.test.core.app.InstrumentationActivityInvoker$EmptyActivity }, activity=androidx.test.core.app.InstrumentationActivityInvoker$EmptyActivity@43572a3
02-05 17:40:54.070 15500 15500 D LifecycleMonitor: callback completes: androidx.test.core.app.ActivityScenario$1@9775e80
02-05 17:40:54.075 15500 15500 I DecorView: [INFO] isPopOver=false, config=true
02-05 17:40:54.075 15500 15500 I DecorView: updateCaptionType >> DecorView@5e42959[], isFloating=false, isApplication=true, hasWindowDecorCaption=false, hasWindowControllerCallback=true
02-05 17:40:54.075 15500 15500 D DecorView: setCaptionType = 0, this = DecorView@5e42959[]
02-05 17:40:54.077 15500 15500 D LifecycleMonitor: Lifecycle status change: androidx.test.core.app.InstrumentationActivityInvoker$EmptyActivity@43572a3 in: CREATED
02-05 17:40:54.077 15500 15500 D LifecycleMonitor: running callback: androidx.test.core.app.ActivityScenario$1@9775e80
02-05 17:40:54.077 15500 15500 V ActivityScenario: Activity lifecycle changed event received but ignored because the intent does not match. startActivityIntent=Intent { act=android.intent.action.MAIN cat=[android.intent.category.LAUNCHER] cmp=com.example.dogglers/.MainActivity }, activity.getIntent()=Intent { act=android.intent.action.MAIN cat=[android.intent.category.LAUNCHER] flg=0x10000000 cmp=com.example.dogglers/androidx.test.core.app.InstrumentationActivityInvoker$EmptyActivity }, activity=androidx.test.core.app.InstrumentationActivityInvoker$EmptyActivity@43572a3
02-05 17:40:54.077 15500 15500 D LifecycleMonitor: callback completes: androidx.test.core.app.ActivityScenario$1@9775e80
02-05 17:40:54.078 15500 15500 D LifecycleMonitor: Lifecycle status change: androidx.test.core.app.InstrumentationActivityInvoker$EmptyActivity@43572a3 in: STARTED
02-05 17:40:54.078 15500 15500 D LifecycleMonitor: running callback: androidx.test.core.app.ActivityScenario$1@9775e80
02-05 17:40:54.078 15500 15500 V ActivityScenario: Activity lifecycle changed event received but ignored because the intent does not match. startActivityIntent=Intent { act=android.intent.action.MAIN cat=[android.intent.category.LAUNCHER] cmp=com.example.dogglers/.MainActivity }, activity.getIntent()=Intent { act=android.intent.action.MAIN cat=[android.intent.category.LAUNCHER] flg=0x10000000 cmp=com.example.dogglers/androidx.test.core.app.InstrumentationActivityInvoker$EmptyActivity }, activity=androidx.test.core.app.InstrumentationActivityInvoker$EmptyActivity@43572a3
02-05 17:40:54.078 15500 15500 D LifecycleMonitor: callback completes: androidx.test.core.app.ActivityScenario$1@9775e80
02-05 17:40:54.079 15500 15500 D LifecycleMonitor: Lifecycle status change: androidx.test.core.app.InstrumentationActivityInvoker$EmptyActivity@43572a3 in: RESUMED
02-05 17:40:54.079 15500 15500 D LifecycleMonitor: running callback: androidx.test.core.app.ActivityScenario$1@9775e80
02-05 17:40:54.079 15500 15500 V ActivityScenario: Activity lifecycle changed event received but ignored because the intent does not match. startActivityIntent=Intent { act=android.intent.action.MAIN cat=[android.intent.category.LAUNCHER] cmp=com.example.dogglers/.MainActivity }, activity.getIntent()=Intent { act=android.intent.action.MAIN cat=[android.intent.category.LAUNCHER] flg=0x10000000 cmp=com.example.dogglers/androidx.test.core.app.InstrumentationActivityInvoker$EmptyActivity }, activity=androidx.test.core.app.InstrumentationActivityInvoker$EmptyActivity@43572a3
02-05 17:40:54.079 15500 15500 D LifecycleMonitor: callback completes: androidx.test.core.app.ActivityScenario$1@9775e80
02-05 17:40:54.081  1163  2104 D InputTransport: Input channel constructed: 'defd3d7', fd=857
02-05 17:40:54.081  1163  2104 D InputTransport: Input channel constructed: 'defd3d7', fd=915
02-05 17:40:54.082  1680  1680 D SecStatusBarMobileView: setStaticDrawableColor:
02-05 17:40:54.082   789  2265 I SurfaceFlinger: id=79699 createSurf (0x0),-1 flag=80004, defd3d7 com.example.dogglers/androidx.test.core.app.InstrumentationActivityInvoker$EmptyActivity#0
02-05 17:40:54.083  1163  2104 D WindowManager: isScreenshotDisabledLocked - win: Window{defd3d7 u0 com.example.dogglers/androidx.test.core.app.InstrumentationActivityInvoker$EmptyActivity}
02-05 17:40:54.083  1163  2104 D WindowManager: isScreenshotDisabledLocked: userId = 0, disabled =false
02-05 17:40:54.083  1163  2104 D InputTransport: Input channel destroyed: 'defd3d7', fd=915
02-05 17:40:54.083  1163  3944 I InputDispatcher: Focus left window (15500): 4079404 in display 0 0
02-05 17:40:54.083 15500 15500 D InputTransport: Input channel constructed: 'defd3d7', fd=98
02-05 17:40:54.084  1163  1240 I SurfaceControl: nativeRelease nativeObject s[496866863008]
02-05 17:40:54.084  1163  1240 I SurfaceControl: nativeRelease nativeObject e[496866863008]
02-05 17:40:54.084 15500 15500 I ViewRootImpl@27bfcc[InstrumentationActivityInvoker$EmptyActivity]: setView = com.android.internal.policy.DecorView@5e42959 TM=true
02-05 17:40:54.084  1163  1240 I SurfaceControl: nativeRelease nativeObject s[497264239200]
02-05 17:40:54.084  1163  1240 I SurfaceControl: nativeRelease nativeObject e[497264239200]
02-05 17:40:54.084   789   834 I Layer   : id=79682 removeFromCurrentState Splash Screen com.example.dogglers#0 (192)
02-05 17:40:54.084  1163  1240 I SurfaceControl: nativeRelease nativeObject s[499038065408]
02-05 17:40:54.084  1163  1240 I SurfaceControl: nativeRelease nativeObject e[499038065408]
02-05 17:40:54.085  1163  1240 I SurfaceControl: nativeRelease nativeObject s[496867019552]
02-05 17:40:54.085  1163  1240 I SurfaceControl: nativeRelease nativeObject e[496867019552]
02-05 17:40:54.085   789  2265 I SurfaceFlinger: id=79700 createSurf (0x0),-1 flag=24000, Surface(name=8c655e2 StatusBar)/@0x44a9b07 - animation-leash#0
02-05 17:40:54.086  1163  1240 I SurfaceControl: nativeRelease nativeObject s[496867020224]
02-05 17:40:54.086  1163  1240 I SurfaceControl: nativeRelease nativeObject e[496867020224]
02-05 17:40:54.086   789   835 I SurfaceFlinger: id=79701 createSurf (0x0),-1 flag=24000, Surface(name=b29f82b NavigationBar0)/@0x8634759 - animation-leash#1
02-05 17:40:54.086  1163  1240 W WindowManager: lockNow pending, ignore updating lockscreen timeout
02-05 17:40:54.087   789   835 I Layer   : id=79681 removeFromCurrentState 49cda3f Splash Screen com.example.dogglers#0 (194)
02-05 17:40:54.087   789   835 I Layer   : id=79694 removeFromCurrentState Surface(name=49cda3f Splash Screen com.example.dogglers)/@0x8cd4509 - animation-leash#0 (194)
02-05 17:40:54.087   789   835 I Layer   : id=79697 removeFromCurrentState Surface(name=8c655e2 StatusBar)/@0x44a9b07 - animation-leash#1 (194)
02-05 17:40:54.087   789   835 I Layer   : id=79698 removeFromCurrentState Surface(name=b29f82b NavigationBar0)/@0x8634759 - animation-leash#0 (194)
02-05 17:40:54.087   789  2265 I SurfaceFlinger: id=79681 Removed 49cda3f Splash Screen com.example.dogglers#0 (194)
02-05 17:40:54.087   789  2265 I SurfaceFlinger: id=79694 Removed Surface(name=49cda3f Splash Screen com.example.dogglers)/@0x8cd4509 - animation-leash#0 (194)
02-05 17:40:54.087   789  2265 I SurfaceFlinger: id=79682 Removed Splash Screen com.example.dogglers#0 (194)
02-05 17:40:54.089  1163  3944 V WindowManager: Relayout Window{defd3d7 u0 com.example.dogglers/androidx.test.core.app.InstrumentationActivityInvoker$EmptyActivity}: viewVisibility=0 req=1080x2400
02-05 17:40:54.090  1163  3944 W WindowManager: lockNow pending, ignore updating lockscreen timeout
02-05 17:40:54.091  1163  3944 D WindowManager: isScreenshotDisabledLocked - win: Window{defd3d7 u0 com.example.dogglers/androidx.test.core.app.InstrumentationActivityInvoker$EmptyActivity}
02-05 17:40:54.091  1163  3944 D WindowManager: isScreenshotDisabledLocked: userId = 0, disabled =false
02-05 17:40:54.091   789   834 I SurfaceFlinger: id=79702 createSurf (1080x2400),1 flag=404, com.example.dogglers/androidx.test.core.app.InstrumentationActivityInvoker$EmptyActivity$_15500#0
02-05 17:40:54.092  1163  3944 I SurfaceControl: nativeRelease nativeObject s[496867019072]
02-05 17:40:54.092  1163  3944 I SurfaceControl: nativeRelease nativeObject e[496867019072]
02-05 17:40:54.092   789   834 I SurfaceFlinger: id=79703 createSurf (0x0),-1 flag=24000, Surface(name=8c655e2 StatusBar)/@0x44a9b07 - animation-leash#1
02-05 17:40:54.093  1163  3944 I SurfaceControl: nativeRelease nativeObject s[499183897792]
02-05 17:40:54.093  1163  3944 I SurfaceControl: nativeRelease nativeObject e[499183897792]
02-05 17:40:54.093   789  1273 I SurfaceFlinger: id=79704 createSurf (0x0),-1 flag=24000, Surface(name=b29f82b NavigationBar0)/@0x8634759 - animation-leash#0
02-05 17:40:54.093  1163  3944 V WindowManager: Relayout hash=defd3d7, pid=15500: mAttrs={(0,0)(fillxfill) sim={adjust=pan forwardNavigation} ty=BASE_APPLICATION wanim=0x1030001
02-05 17:40:54.093  1163  3944 V WindowManager:   fl=1810100
02-05 17:40:54.093  1163  3944 V WindowManager:   pfl=12020000
02-05 17:40:54.093  1163  3944 V WindowManager:   fitSides= naviIconColor=0}
02-05 17:40:54.093  1163  3944 I SurfaceControl: nativeRelease nativeObject s[499038066656]
02-05 17:40:54.093  1163  3944 I SurfaceControl: nativeRelease nativeObject e[499038066656]
02-05 17:40:54.094 15500 15500 I SurfaceControl: assignNativeObject: nativeObject = 0 Surface(name=null)/@0x1250215 / android.view.SurfaceControl.readFromParcel:1117 android.view.IWindowSession$Stub$Proxy.relayout:1820 android.view.ViewRootImpl.relayoutWindow:9005 android.view.ViewRootImpl.performTraversals:3360 android.view.ViewRootImpl.doTraversal:2618 android.view.ViewRootImpl$TraversalRunnable.run:9971 android.view.Choreographer$CallbackRecord.run:1010 android.view.Choreographer.doCallbacks:809 android.view.Choreographer.doFrame:744 android.view.Choreographer$FrameDisplayEventReceiver.run:995
02-05 17:40:54.095 15500 15500 I ViewRootImpl@27bfcc[InstrumentationActivityInvoker$EmptyActivity]: Relayout returned: old=(0,0,1080,2400) new=(0,0,1080,2400) req=(1080,2400)0 dur=5 res=0x7 s={true 499198353408} ch=true fn=-1
02-05 17:40:54.095 15500 15565 I mali_winsys: new_window_surface() [1080x2400] return: 0x3000
02-05 17:40:54.096   716   957 D gralloc : [mali_gralloc_allocate] begin
02-05 17:40:54.096   716   957 D gralloc : buffer_descriptor: wh(1080 2400) usage_pc(0x40000000000b00 0x40000000000b00) hal_format(0x1) layer_count(1) sizes(0 0 0) strde(0) byte_stride(0) alloc_wh(0 0) internal_format(0x0) alloc_format(0x0) fd_count(1) plane_count(0)
02-05 17:40:54.096 15500 15500 I ViewRootImpl@27bfcc[InstrumentationActivityInvoker$EmptyActivity]: [DP] dp(1) 1 android.view.ViewRootImpl.reportNextDraw:10957 android.view.ViewRootImpl.performTraversals:3845 android.view.ViewRootImpl.doTraversal:2618
02-05 17:40:54.096 15500 15500 I ViewRootImpl@27bfcc[InstrumentationActivityInvoker$EmptyActivity]: [DP] pd() Asnyc report
02-05 17:40:54.097   716   957 D gralloc : [mali_gralloc_allocate] allocation successful
02-05 17:40:54.097   716   957 D gralloc : [mali_gralloc_allocate] begin
02-05 17:40:54.097   716   957 D gralloc : buffer_descriptor: wh(1080 2400) usage_pc(0x40000000000b00 0x40000000000b00) hal_format(0x1) layer_count(1) sizes(0 0 0) strde(0) byte_stride(0) alloc_wh(0 0) internal_format(0x0) alloc_format(0x0) fd_count(1) plane_count(0)
02-05 17:40:54.099   716   957 D gralloc : [mali_gralloc_allocate] allocation successful
02-05 17:40:54.099   716   953 D gralloc : [mali_gralloc_allocate] begin
02-05 17:40:54.099   716   953 D gralloc : buffer_descriptor: wh(1080 2400) usage_pc(0x40000000000b00 0x40000000000b00) hal_format(0x1) layer_count(1) sizes(0 0 0) strde(0) byte_stride(0) alloc_wh(0 0) internal_format(0x0) alloc_format(0x0) fd_count(1) plane_count(0)
02-05 17:40:54.099   789   789 I Layer   : id=79694[1] Destroyed Surface(name=49cda3f Splash Screen com.example.dogglers)/@0x8cd4509 - animation-leash#0
02-05 17:40:54.099   789   789 I Layer   : id=79681[1] Destroyed 49cda3f Splash Screen com.example.dogglers#0
02-05 17:40:54.100   716   953 D gralloc : [mali_gralloc_allocate] allocation successful
02-05 17:40:54.100   789  2265 I Layer   : id=79701 removeFromCurrentState Surface(name=b29f82b NavigationBar0)/@0x8634759 - animation-leash#1 (195)
02-05 17:40:54.100   789  2265 I Layer   : id=21 removeFromCurrentState b29f82b NavigationBar0#0 (195)
02-05 17:40:54.100   789  2265 I Layer   : id=28 removeFromCurrentState NavigationBar0$_1680#0 (195)
02-05 17:40:54.100   789  2265 I Layer   : id=79700 removeFromCurrentState Surface(name=8c655e2 StatusBar)/@0x44a9b07 - animation-leash#0 (195)
02-05 17:40:54.100   789  2265 I Layer   : id=21 addToCurrentState b29f82b NavigationBar0#0 (195)
02-05 17:40:54.100   789  2265 I Layer   : id=28 addToCurrentState NavigationBar0$_1680#0 (195)
02-05 17:40:54.100  1680  1680 D SecStatusBarMobileView: setStaticDrawableColor:
02-05 17:40:54.101 15500 15500 I ViewRootImpl@27bfcc[InstrumentationActivityInvoker$EmptyActivity]: [DP] pdf(0) 1 android.view.ViewRootImpl.lambda$performDraw$1$ViewRootImpl:4668 android.view.-$$Lambda$ViewRootImpl$DJd0VUYJgsebcnSohO6h8zc_ONI.run:6 android.os.Handler.handleCallback:938
02-05 17:40:54.101 15500 15500 I ViewRootImpl@27bfcc[InstrumentationActivityInvoker$EmptyActivity]: [DP] rdf()
02-05 17:40:54.101 15500 15500 I SurfaceControl: nativeRelease nativeObject s[499183203488]
02-05 17:40:54.101 15500 15500 I SurfaceControl: nativeRelease nativeObject e[499183203488]
02-05 17:40:54.101 15500 15500 I SurfaceControl: nativeRelease nativeObject s[499183203392]
02-05 17:40:54.101 15500 15500 I SurfaceControl: nativeRelease nativeObject e[499183203392]
02-05 17:40:54.101 15500 15500 I SurfaceControl: nativeRelease nativeObject s[497483546304]
02-05 17:40:54.101 15500 15500 I SurfaceControl: nativeRelease nativeObject e[497483546304]
02-05 17:40:54.101   789  2265 I SurfaceFlinger: id=79693 Removed Surface(name=b29f82b NavigationBar0)/@0x8634759 - animation-leash#1 (195)
02-05 17:40:54.101   789  2265 I SurfaceFlinger: id=79692 Removed Surface(name=8c655e2 StatusBar)/@0x44a9b07 - animation-leash#0 (195)
02-05 17:40:54.101  1163  1240 W WindowManager: lockNow pending, ignore updating lockscreen timeout
02-05 17:40:54.102 15500 15500 I SurfaceControl: nativeRelease nativeObject s[499014748064]
02-05 17:40:54.102 15500 15500 I SurfaceControl: nativeRelease nativeObject e[499014748064]
02-05 17:40:54.102   789   789 I Layer   : id=79682[1] Destroyed Splash Screen com.example.dogglers#0
02-05 17:40:54.102 15500 15500 I ViewRootImpl@ee26c04[MainActivity]: MSG_WINDOW_FOCUS_CHANGED 0 1
02-05 17:40:54.103  1163  1240 D PkgPredictorService: pkg:com.example.dogglers activity:androidx.test.core.app.InstrumentationActivityInvoker$EmptyActivity thisTime:47
02-05 17:40:54.104   789   789 D SurfaceFlinger: Display 21442653864348033 HWC layers:
02-05 17:40:54.104   789   789 D SurfaceFlinger:      DEVICE | 0x74084ff480 | 0002 | RGBA_8888    |    0.0    0.0 1080.0 2400.0 |    0    0 1080 2400 | com.example.dogglers/com.example.dogglers.MainActivity$_15500#0
02-05 17:40:54.104   789   789 D SurfaceFlinger:      DEVICE | 0x7428c3fac0 | 0000 | RGBA_8888    |    0.0    0.0 1080.0   88.0 |    0    0 1080   88 | StatusBar$_1680#0
02-05 17:40:54.104   789   789 D SurfaceFlinger:      DEVICE | 0x7428c40600 | 0000 | RGBA_8888    |    0.0    0.0 1080.0  144.0 |    0 2256 1080 2400 | NavigationBar0$_1680#0
02-05 17:40:54.104   789   789 D SurfaceFlinger:      DEVICE | 0x7408191180 | 0000 | RGBA_8888    |    0.0    0.0 1080.0  125.0 |    0    0 1080  125 | ScreenDecorOverlay$_1680#0
02-05 17:40:54.104   789   789 D SurfaceFlinger:      DEVICE | 0x7428c3f480 | 0000 | RGBA_8888    |    0.0    0.0 1080.0  112.0 |    0 2288 1080 2400 | ScreenDecorOverlayBottom$_1680#0
02-05 17:40:54.104   789   789 D SurfaceFlinger:
02-05 17:40:54.105 15500 15500 I SurfaceControl: nativeRelease nativeObject s[499014748160]
02-05 17:40:54.105 15500 15500 I SurfaceControl: nativeRelease nativeObject e[499014748160]
02-05 17:40:54.105 15500 15500 I SurfaceControl: nativeRelease nativeObject s[499014748544]
02-05 17:40:54.105 15500 15500 I SurfaceControl: nativeRelease nativeObject e[499014748544]
02-05 17:40:54.105 15500 15500 I SurfaceControl: nativeRelease nativeObject s[499014748352]
02-05 17:40:54.105 15500 15500 I SurfaceControl: nativeRelease nativeObject e[499014748352]
02-05 17:40:54.105   789  1273 I SurfaceFlinger: id=79701 Removed Surface(name=b29f82b NavigationBar0)/@0x8634759 - animation-leash#1 (194)
02-05 17:40:54.105   789  1273 I SurfaceFlinger: id=79700 Removed Surface(name=8c655e2 StatusBar)/@0x44a9b07 - animation-leash#0 (194)
02-05 17:40:54.105  1163  1244 I ActivityTaskManager: Displayed com.example.dogglers/androidx.test.core.app.InstrumentationActivityInvoker$EmptyActivity: +47ms
02-05 17:40:54.106  1163  1240 W WindowManager: lockNow pending, ignore updating lockscreen timeout
02-05 17:40:54.106  2669  2669 E pageboostd: Received HALT command code 2
02-05 17:40:54.113   789   835 I SurfaceFlinger: id=79705 createSurf (0x0),-1 flag=80004, ActivityRecord{ef760c7 u0 com.example.dogglers/androidx.test.core.app.InstrumentationActivityInvoker$EmptyActivity t12729}#0
02-05 17:40:54.115  1163  1793 W WindowManager: lockNow pending, ignore updating lockscreen timeout
02-05 17:40:54.116   789   789 I Layer   : id=79693[1] Destroyed Surface(name=b29f82b NavigationBar0)/@0x8634759 - animation-leash#1
02-05 17:40:54.116   789   789 I Layer   : id=79692[1] Destroyed Surface(name=8c655e2 StatusBar)/@0x44a9b07 - animation-leash#0
02-05 17:40:54.116   789   789 I Layer   : id=79700[1] Destroyed Surface(name=8c655e2 StatusBar)/@0x44a9b07 - animation-leash#0
02-05 17:40:54.116   789   789 I Layer   : id=79701[1] Destroyed Surface(name=b29f82b NavigationBar0)/@0x8634759 - animation-leash#1
02-05 17:40:54.116  1680  1680 D SecStatusBarMobileView: setStaticDrawableColor:
02-05 17:40:54.116 15500 15565 I mali_egl: eglDestroySurface() in
02-05 17:40:54.117  1163  1240 I SemDvfsHyPerManager: acquire hyper - AMS_RESUME_TAIL/1163@22, type = -999
02-05 17:40:54.117  1163  3938 I InputDispatcher: Focus entered window (15500): defd3d7 in display 0 0
02-05 17:40:54.117 15500 15565 I mali_winsys: delete_surface() [1080x2400] return
02-05 17:40:54.117 15500 15565 I mali_egl: eglDestroySurface() out
02-05 17:40:54.117  1163  1240 I SemDvfsHyPerManager: acquire hyper - AMS_ACT_LAZY/1163@23, type = -999
02-05 17:40:54.117   789  1272 E BufferQueueProducer: [com.example.dogglers/com.example.dogglers.MainActivity$_15500#0](id:315000036bb,api:0,p:-1,c:789) disconnect: not connected (req=1)
02-05 17:40:54.117 15500 15565 W libEGL  : EGLNativeWindowType 0x742fbd1010 disconnect failed
02-05 17:40:54.118  1163  1240 W WindowManager: lockNow pending, ignore updating lockscreen timeout
02-05 17:40:54.119  1163  3938 V WindowManager: Relayout Window{4079404 u0 com.example.dogglers/com.example.dogglers.MainActivity}: viewVisibility=8 req=1080x2400
02-05 17:40:54.119  1163  3938 W WindowManager: lockNow pending, ignore updating lockscreen timeout
02-05 17:40:54.119   726   817 I HYPER-HAL: [RequestManager.cpp]acquire(): Acquired ID : 702727  [1163 / 22]    HINT : AMS_RESUME_TAIL    list :
02-05 17:40:54.120   726   817 I HYPER-HAL: [ResourceManager.cpp]updateResource(): [CPUMinFreq] UpdateResource Request ID : 702727    Value : 1844882
02-05 17:40:54.120   789   789 D SurfaceFlinger: Display 21442653864348033 HWC layers:
02-05 17:40:54.120   789   789 D SurfaceFlinger:      DEVICE | 0x74084fffc0 | 0002 | RGBA_8888    |    0.0    0.0 1080.0 2400.0 |    0    0 1080 2400 | com.example.dogglers/androidx.test.c[...]tivityInvoker$EmptyActivity$_15500#0
02-05 17:40:54.120   789   789 D SurfaceFlinger:      DEVICE | 0x7408500740 | 0000 | RGBA_8888    |    0.0    0.0 1080.0   88.0 |    0    0 1080   88 | StatusBar$_1680#0
02-05 17:40:54.120   789   789 D SurfaceFlinger:      DEVICE | 0x7428c40600 | 0000 | RGBA_8888    |    0.0    0.0 1080.0  144.0 |    0 2256 1080 2400 | NavigationBar0$_1680#0
02-05 17:40:54.120   789   789 D SurfaceFlinger:      DEVICE | 0x7408191180 | 0000 | RGBA_8888    |    0.0    0.0 1080.0  125.0 |    0    0 1080  125 | ScreenDecorOverlay$_1680#0
02-05 17:40:54.120   789   789 D SurfaceFlinger:      DEVICE | 0x7428c3f480 | 0000 | RGBA_8888    |    0.0    0.0 1080.0  112.0 |    0 2288 1080 2400 | ScreenDecorOverlayBottom$_1680#0
02-05 17:40:54.120   789   789 D SurfaceFlinger:
02-05 17:40:54.120  1163  3938 V WindowManager: Relayout hash=4079404, pid=15500: mAttrs={(0,0)(fillxfill) sim={adjust=pan forwardNavigation} ty=BASE_APPLICATION wanim=0x1030304
02-05 17:40:54.120  1163  3938 V WindowManager:   fl=81810100
02-05 17:40:54.120  1163  3938 V WindowManager:   pfl=12020000
02-05 17:40:54.120  1163  3938 V WindowManager:   fitSides= naviIconColor=0}
02-05 17:40:54.120 15500 15500 I SurfaceControl: nativeRelease nativeObject s[499196686336]
02-05 17:40:54.120 15500 15500 I SurfaceControl: nativeRelease nativeObject e[499196686336]
02-05 17:40:54.121   726   817 I HYPER-HAL: [RequestManager.cpp]acquire(): Acquired ID : 703914  [1163 / 23]    HINT :      list :
02-05 17:40:54.121 15500 15500 I SurfaceControl: assignNativeObject: nativeObject = 0 Surface(name=null)/@0xa94931b / android.view.SurfaceControl.readFromParcel:1117 android.view.IWindowSession$Stub$Proxy.relayout:1810 android.view.ViewRootImpl.relayoutWindow:9005 android.view.ViewRootImpl.performTraversals:3360 android.view.ViewRootImpl.doTraversal:2618 android.view.ViewRootImpl$TraversalRunnable.run:9971 android.view.Choreographer$CallbackRecord.run:1010 android.view.Choreographer.doCallbacks:809 android.view.Choreographer.doFrame:744 android.view.Choreographer$FrameDisplayEventReceiver.run:995
02-05 17:40:54.121 15500 15500 I SurfaceControl: assignNativeObject: nativeObject = 0 Surface(name=null)/@0xd1665a5 / android.view.SurfaceControl.readFromParcel:1117 android.view.IWindowSession$Stub$Proxy.relayout:1820 android.view.ViewRootImpl.relayoutWindow:9005 android.view.ViewRootImpl.performTraversals:3360 android.view.ViewRootImpl.doTraversal:2618 android.view.ViewRootImpl$TraversalRunnable.run:9971 android.view.Choreographer$CallbackRecord.run:1010 android.view.Choreographer.doCallbacks:809 android.view.Choreographer.doFrame:744 android.view.Choreographer$FrameDisplayEventReceiver.run:995
02-05 17:40:54.121 15500 15500 I SurfaceControl: nativeRelease nativeObject s[499183206272]
02-05 17:40:54.121 15500 15500 I SurfaceControl: nativeRelease nativeObject e[499183206272]
02-05 17:40:54.121 15500 15500 I ViewRootImpl@ee26c04[MainActivity]: Relayout returned: old=(0,0,1080,2400) new=(0,0,1080,2400) req=(1080,2400)8 dur=4 res=0x5 s={false 0} ch=true fn=5
02-05 17:40:54.122   726   817 E HYPER-HAL: [Request.cpp]acquire(): Request:: id : 703914, No Resource to set
02-05 17:40:54.122   726   817 I HYPER-HAL: [ResourceManager.cpp]removeResource(): [CPUMinFreq] RemoveResource Request ID : 700356
02-05 17:40:54.122   726   817 I HYPER-HAL: [RequestManager.cpp]releaseLocked(): Released ID : 700356
02-05 17:40:54.123 15500 15500 D LifecycleMonitor: Lifecycle status change: androidx.test.core.app.InstrumentationActivityInvoker$EmptyActivity@43572a3 in: PAUSED
02-05 17:40:54.123 15500 15500 D LifecycleMonitor: running callback: androidx.test.core.app.ActivityScenario$1@9775e80
02-05 17:40:54.123 15500 15500 V ActivityScenario: Activity lifecycle changed event received but ignored because the intent does not match. startActivityIntent=Intent { act=android.intent.action.MAIN cat=[android.intent.category.LAUNCHER] cmp=com.example.dogglers/.MainActivity }, activity.getIntent()=Intent { act=android.intent.action.MAIN cat=[android.intent.category.LAUNCHER] flg=0x10000000 cmp=com.example.dogglers/androidx.test.core.app.InstrumentationActivityInvoker$EmptyActivity }, activity=androidx.test.core.app.InstrumentationActivityInvoker$EmptyActivity@43572a3
02-05 17:40:54.123 15500 15500 D LifecycleMonitor: callback completes: androidx.test.core.app.ActivityScenario$1@9775e80
02-05 17:40:54.124  1163  2104 I SemDvfsHyPerManager: acquire hyper - AMS_ACT_RESUME/1163@19, type = -999
02-05 17:40:54.124   726   817 I HYPER-HAL: [RequestManager.cpp]acquire(): Acquired ID : 699172  [1163 / 19]    HINT : AMS_ACT_RESUME    list :
02-05 17:40:54.124   726   817 I HYPER-HAL: [ResourceManager.cpp]updateResource(): [CPUMinFreq] UpdateResource Request ID : 699172    Value : 1687587
02-05 17:40:54.124  1163  2104 V WindowOrientationListener: getProposedRotation: 0
02-05 17:40:54.125  1163  2104 V WindowOrientationListener: getProposedRotation: 0
02-05 17:40:54.125  1163  2104 V WindowOrientationListener: getProposedRotation: 0
02-05 17:40:54.126  1163  2104 D InputDispatcher: Focused application set to (0): ef760c7
02-05 17:40:54.128  1163  2104 W WindowManager: lockNow pending, ignore updating lockscreen timeout
02-05 17:40:54.128 15500 15500 I ViewRootImpl@27bfcc[InstrumentationActivityInvoker$EmptyActivity]: MSG_WINDOW_FOCUS_CHANGED 1 1
02-05 17:40:54.129 15500 15500 D InputMethodManager: prepareNavigationBarInfo() DecorView@5e42959[InstrumentationActivityInvoker$EmptyActivity]
02-05 17:40:54.129 15500 15500 D InputMethodManager: getNavigationBarColor() -16711423
02-05 17:40:54.129 15500 15500 D InputMethodManager: prepareNavigationBarInfo() DecorView@5e42959[InstrumentationActivityInvoker$EmptyActivity]
02-05 17:40:54.129 15500 15500 D InputMethodManager: getNavigationBarColor() -16711423
02-05 17:40:54.129 15500 15500 V InputMethodManager: Starting input: tba=com.example.dogglers ic=null mNaviBarColor -16711423 mIsGetNaviBarColorSuccess true , NavVisible : true , NavTrans : false
02-05 17:40:54.129 15500 15500 D InputMethodManager: startInputInner - Id : 0
02-05 17:40:54.129 15500 15500 I InputMethodManager: startInputInner - mService.startInputOrWindowGainedFocus
02-05 17:40:54.129  1163  3944 D InputMethodManagerService: mSecureKeypadEnabled = false
02-05 17:40:54.129  1163  3944 V InputMethodManagerService: hideCurrentInputLocked : shouldHideSoftInput is false
02-05 17:40:54.129  1163  3944 D InputMethodManagerService: DESKTOP MODE! : 2
02-05 17:40:54.129  1163  3944 D InputMethodManagerService: NOT IN KNOX DESKTOP MODE!
02-05 17:40:54.129  1163  3944 V InputMethodManagerService: getDisplayIdOfInputMethodWindowToBeAdded : 0
02-05 17:40:54.130  1163  3944 D InputMethodManagerService: checkDisplayOfStartInputAndUpdateKeyboard display Id 0last 0
02-05 17:40:54.130  1163  3944 D InputTransport: Input channel constructed: 'ClientS', fd=915
02-05 17:40:54.130  1163  3944 D InputTransport: Input channel destroyed: 'ClientS', fd=915
02-05 17:40:54.130 15500 15500 D InputTransport: Input channel constructed: 'ClientS', fd=99
02-05 17:40:54.130 15500 15500 D InputTransport: Input channel destroyed: 'ClientS', fd=97
02-05 17:40:54.130  1163  2104 I SurfaceControl: nativeRelease nativeObject s[496867018496]
02-05 17:40:54.130  1163  2104 I SurfaceControl: nativeRelease nativeObject e[496867018496]
02-05 17:40:54.131   789   834 I SurfaceFlinger: id=79706 createSurf (0x0),-1 flag=24004, Surface(name=dbf3b45 InputMethod)/@0xf70bba8 - animation-leash#1
02-05 17:40:54.132  3640  3640 I GoogleInputMethodService: GoogleInputMethodService.onFinishInput():3316
02-05 17:40:54.133   789   834 I Layer   : id=79695 removeFromCurrentState Surface(name=dbf3b45 InputMethod)/@0xf70bba8 - animation-leash#0 (192)
02-05 17:40:54.135 15500 15500 D LifecycleMonitor: Lifecycle status change: androidx.test.core.app.InstrumentationActivityInvoker$EmptyActivity@860aa91 in: PRE_ON_CREATE
02-05 17:40:54.135 15500 15500 D LifecycleMonitor: running callback: androidx.test.core.app.ActivityScenario$1@9775e80
02-05 17:40:54.135 15500 15500 V ActivityScenario: Activity lifecycle changed event received but ignored because the intent does not match. startActivityIntent=Intent { act=android.intent.action.MAIN cat=[android.intent.category.LAUNCHER] cmp=com.example.dogglers/.MainActivity }, activity.getIntent()=Intent { act=android.intent.action.MAIN cat=[android.intent.category.LAUNCHER] flg=0x10000000 cmp=com.example.dogglers/androidx.test.core.app.InstrumentationActivityInvoker$EmptyActivity }, activity=androidx.test.core.app.InstrumentationActivityInvoker$EmptyActivity@860aa91
02-05 17:40:54.135 15500 15500 D LifecycleMonitor: callback completes: androidx.test.core.app.ActivityScenario$1@9775e80
02-05 17:40:54.135  3640  3640 I GoogleInputMethodService: GoogleInputMethodService.updateDeviceLockedStatus():2181 checkRepeatedly = false, unlocked = true
02-05 17:40:54.135  3640  3640 D InputMethodService: checkDisplayOfStartInputAndUpdateKeyboard display Id 0last 0
02-05 17:40:54.135  3640  3640 I GoogleInputMethodService: GoogleInputMethodService.onStartInput():1989
02-05 17:40:54.135  3640  3640 I GoogleInputMethodService: GoogleInputMethodService.updateDeviceLockedStatus():2181 checkRepeatedly = true, unlocked = true
02-05 17:40:54.138 15500 15500 I DecorView: [INFO] isPopOver=false, config=true
02-05 17:40:54.138 15500 15500 I DecorView: updateCaptionType >> DecorView@bdf45f7[], isFloating=false, isApplication=true, hasWindowDecorCaption=false, hasWindowControllerCallback=true
02-05 17:40:54.138 15500 15500 D DecorView: setCaptionType = 0, this = DecorView@bdf45f7[]
02-05 17:40:54.140 15500 15500 D LifecycleMonitor: Lifecycle status change: androidx.test.core.app.InstrumentationActivityInvoker$EmptyActivity@860aa91 in: CREATED
02-05 17:40:54.140 15500 15500 D LifecycleMonitor: running callback: androidx.test.core.app.ActivityScenario$1@9775e80
02-05 17:40:54.140 15500 15500 V ActivityScenario: Activity lifecycle changed event received but ignored because the intent does not match. startActivityIntent=Intent { act=android.intent.action.MAIN cat=[android.intent.category.LAUNCHER] cmp=com.example.dogglers/.MainActivity }, activity.getIntent()=Intent { act=android.intent.action.MAIN cat=[android.intent.category.LAUNCHER] flg=0x10000000 cmp=com.example.dogglers/androidx.test.core.app.InstrumentationActivityInvoker$EmptyActivity }, activity=androidx.test.core.app.InstrumentationActivityInvoker$EmptyActivity@860aa91
02-05 17:40:54.140 15500 15500 D LifecycleMonitor: callback completes: androidx.test.core.app.ActivityScenario$1@9775e80
02-05 17:40:54.141 15074 16104 I Finsky  : [53246] tw.s(1): Completed 0 account content syncs with 0 successful.
02-05 17:40:54.141 15074 15074 I Finsky  : [2] ContentSyncJob.a(1): [ContentSync] Installation state replication succeeded.
02-05 17:40:54.141 15500 15500 D LifecycleMonitor: Lifecycle status change: androidx.test.core.app.InstrumentationActivityInvoker$EmptyActivity@860aa91 in: STARTED
02-05 17:40:54.141 15500 15500 D LifecycleMonitor: running callback: androidx.test.core.app.ActivityScenario$1@9775e80
02-05 17:40:54.141 15500 15500 V ActivityScenario: Activity lifecycle changed event received but ignored because the intent does not match. startActivityIntent=Intent { act=android.intent.action.MAIN cat=[android.intent.category.LAUNCHER] cmp=com.example.dogglers/.MainActivity }, activity.getIntent()=Intent { act=android.intent.action.MAIN cat=[android.intent.category.LAUNCHER] flg=0x10000000 cmp=com.example.dogglers/androidx.test.core.app.InstrumentationActivityInvoker$EmptyActivity }, activity=androidx.test.core.app.InstrumentationActivityInvoker$EmptyActivity@860aa91
02-05 17:40:54.141 15500 15500 D LifecycleMonitor: callback completes: androidx.test.core.app.ActivityScenario$1@9775e80
02-05 17:40:54.141 15074 15074 I Finsky  : [2] qew.r(4): SCH: jobFinished: 12-1. TimeElapsed: 9407ms.
02-05 17:40:54.143 15500 15500 D LifecycleMonitor: Lifecycle status change: androidx.test.core.app.InstrumentationActivityInvoker$EmptyActivity@860aa91 in: RESUMED
02-05 17:40:54.143 15500 15500 D LifecycleMonitor: running callback: androidx.test.core.app.ActivityScenario$1@9775e80
02-05 17:40:54.143 15500 15500 V ActivityScenario: Activity lifecycle changed event received but ignored because the intent does not match. startActivityIntent=Intent { act=android.intent.action.MAIN cat=[android.intent.category.LAUNCHER] cmp=com.example.dogglers/.MainActivity }, activity.getIntent()=Intent { act=android.intent.action.MAIN cat=[android.intent.category.LAUNCHER] flg=0x10000000 cmp=com.example.dogglers/androidx.test.core.app.InstrumentationActivityInvoker$EmptyActivity }, activity=androidx.test.core.app.InstrumentationActivityInvoker$EmptyActivity@860aa91
02-05 17:40:54.143 15500 15500 D LifecycleMonitor: callback completes: androidx.test.core.app.ActivityScenario$1@9775e80
02-05 17:40:54.146  1163  2104 D InputTransport: Input channel constructed: '8d09adb', fd=919
02-05 17:40:54.146  1163  2104 D InputTransport: Input channel constructed: '8d09adb', fd=920
02-05 17:40:54.146   789  2265 I SurfaceFlinger: id=79707 createSurf (0x0),-1 flag=80004, 8d09adb com.example.dogglers/androidx.test.core.app.InstrumentationActivityInvoker$EmptyActivity#0
02-05 17:40:54.146 15074 15074 I Finsky  : [2] qfn.accept(60): SCH: Job 3-6469 starting
02-05 17:40:54.147  1163  2104 D WindowManager: isScreenshotDisabledLocked - win: Window{8d09adb u0 com.example.dogglers/androidx.test.core.app.InstrumentationActivityInvoker$EmptyActivity}
02-05 17:40:54.147  1163  2104 D WindowManager: isScreenshotDisabledLocked: userId = 0, disabled =false
02-05 17:40:54.147  1163  2104 D InputTransport: Input channel destroyed: '8d09adb', fd=920
02-05 17:40:54.147 15500 15500 D InputTransport: Input channel constructed: '8d09adb', fd=97
02-05 17:40:54.148 15500 15500 I ViewRootImpl@cdd0382[InstrumentationActivityInvoker$EmptyActivity]: setView = com.android.internal.policy.DecorView@bdf45f7 TM=true
02-05 17:40:54.148 15074 15074 I Finsky  : [2] ggx.b(1): XPF:Binding for 266859462
02-05 17:40:54.148 15500 15500 I SurfaceControl: nativeRelease nativeObject s[499196686336]
02-05 17:40:54.148 15500 15500 I SurfaceControl: nativeRelease nativeObject e[499196686336]
02-05 17:40:54.149  1163  3944 D SamsungIMMSHWKeyboard: isConnectedDexOnPC false
02-05 17:40:54.149 15500 15500 I SurfaceControl: nativeRelease nativeObject s[499014751040]
02-05 17:40:54.149 15500 15500 I SurfaceControl: nativeRelease nativeObject e[499014751040]
02-05 17:40:54.149 15500 15500 I SurfaceControl: nativeRelease nativeObject s[499014750752]
02-05 17:40:54.149 15500 15500 I SurfaceControl: nativeRelease nativeObject e[499014750752]
02-05 17:40:54.149  1163  3944 D InputMethodManagerService: isImeSwitcherDisabledPackage : false
02-05 17:40:54.150 15500 15500 I ViewRootImpl@ee26c04[MainActivity]: stopped(true) old=false
02-05 17:40:54.150 15500 15500 D LifecycleMonitor: Lifecycle status change: com.example.dogglers.MainActivity@225bb7b in: STOPPED
02-05 17:40:54.150 15500 15500 D LifecycleMonitor: running callback: androidx.test.core.app.ActivityScenario$1@9775e80
02-05 17:40:54.151 15500 15500 V ActivityScenario: Update currentActivityStage to STOPPED, currentActivity=com.example.dogglers.MainActivity@225bb7b
02-05 17:40:54.151 15500 15500 D LifecycleMonitor: callback completes: androidx.test.core.app.ActivityScenario$1@9775e80
02-05 17:40:54.151  1163  1793 I InputDispatcher: Focus left window (15500): defd3d7 in display 0 0
02-05 17:40:54.151 15500 15500 D LifecycleMonitor: Lifecycle status change: com.example.dogglers.MainActivity@225bb7b in: DESTROYED
02-05 17:40:54.151 15500 15500 D LifecycleMonitor: running callback: androidx.test.core.app.ActivityScenario$1@9775e80
02-05 17:40:54.151 15500 15500 V ActivityScenario: Update currentActivityStage to DESTROYED, currentActivity=null
02-05 17:40:54.151 15500 15500 D LifecycleMonitor: callback completes: androidx.test.core.app.ActivityScenario$1@9775e80
02-05 17:40:54.152 15500 15500 I ViewRootImpl@ee26c04[MainActivity]: dispatchDetachedFromWindow
02-05 17:40:54.153  1163  1793 D InputTransport: Input channel destroyed: '4079404', fd=922
02-05 17:40:54.153 15074 15125 I Finsky  : [53183] qex.a(90): SCH: Satisfied jobs for 9454 are: 3-6469
02-05 17:40:54.153  1163  1793 I SurfaceControl: nativeRelease nativeObject s[499183904992]
02-05 17:40:54.153  1163  1793 I SurfaceControl: nativeRelease nativeObject e[499183904992]
02-05 17:40:54.153  1163  1793 D WindowManager: isScreenshotDisabledLocked - win: Window{4079404 u0 com.example.dogglers/com.example.dogglers.MainActivity}
02-05 17:40:54.153  1163  1793 D WindowManager: isScreenshotDisabledLocked: userId = 0, disabled =false
02-05 17:40:54.153  1163  1793 I SurfaceControl: nativeRelease nativeObject s[496860780480]
02-05 17:40:54.153  1163  1793 I SurfaceControl: nativeRelease nativeObject e[496860780480]
02-05 17:40:54.153   789   834 I Layer   : id=79691 removeFromCurrentState com.example.dogglers/com.example.dogglers.MainActivity$_15500#0 (193)
02-05 17:40:54.154  1163  1793 W WindowManager: lockNow pending, ignore updating lockscreen timeout
02-05 17:40:54.154   789  2265 I Layer   : id=79690 removeFromCurrentState 4079404 com.example.dogglers/com.example.dogglers.MainActivity#0 (193)
02-05 17:40:54.154   789  2265 I SurfaceFlinger: id=79690 Removed 4079404 com.example.dogglers/com.example.dogglers.MainActivity#0 (193)
02-05 17:40:54.155 15500 15500 D InputTransport: Input channel destroyed: '4079404', fd=90
02-05 17:40:54.155   789   834 I SurfaceFlinger: id=79691 Removed com.example.dogglers/com.example.dogglers.MainActivity$_15500#0 (193)
02-05 17:40:54.156  1163  2104 I SurfaceControl: nativeRelease nativeObject s[499183897408]
02-05 17:40:54.156  1163  2104 I SurfaceControl: nativeRelease nativeObject e[499183897408]
02-05 17:40:54.158  1163  1796 V WindowManager: Relayout Window{8d09adb u0 com.example.dogglers/androidx.test.core.app.InstrumentationActivityInvoker$EmptyActivity}: viewVisibility=0 req=1080x2400
02-05 17:40:54.158  1163  1796 W WindowManager: lockNow pending, ignore updating lockscreen timeout
02-05 17:40:54.159   789  2265 I Layer   : id=79685 removeFromCurrentState ActivityRecord{5542610 u0 com.example.dogglers/.MainActivity t12729}#0 (193)
02-05 17:40:54.159  1163  1796 D WindowManager: isScreenshotDisabledLocked - win: Window{8d09adb u0 com.example.dogglers/androidx.test.core.app.InstrumentationActivityInvoker$EmptyActivity}
02-05 17:40:54.159  1163  1796 D WindowManager: isScreenshotDisabledLocked: userId = 0, disabled =false
02-05 17:40:54.159   789  1273 I SurfaceFlinger: id=79708 createSurf (1080x2400),1 flag=404, com.example.dogglers/androidx.test.core.app.InstrumentationActivityInvoker$EmptyActivity$_15500#1
02-05 17:40:54.161  1163  1796 I SurfaceControl: nativeRelease nativeObject s[499038974528]
02-05 17:40:54.161  1163  1796 I SurfaceControl: nativeRelease nativeObject e[499038974528]
02-05 17:40:54.161   789  2265 I SurfaceFlinger: id=79685 Removed ActivityRecord{5542610 u0 com.example.dogglers/.MainActivity t12729}#0 (194)
02-05 17:40:54.161   789   834 I SurfaceFlinger: id=79709 createSurf (0x0),-1 flag=24000, Surface(name=8c655e2 StatusBar)/@0x44a9b07 - animation-leash#0
02-05 17:40:54.161  1163  1796 I SurfaceControl: nativeRelease nativeObject s[499038974624]
02-05 17:40:54.161  1163  1796 I SurfaceControl: nativeRelease nativeObject e[499038974624]
02-05 17:40:54.161   789  2265 I SurfaceFlinger: id=79710 createSurf (0x0),-1 flag=24000, Surface(name=b29f82b NavigationBar0)/@0x8634759 - animation-leash#1
02-05 17:40:54.162  1163  1796 V WindowManager: Relayout hash=8d09adb, pid=15500: mAttrs={(0,0)(fillxfill) sim={adjust=pan forwardNavigation} ty=BASE_APPLICATION wanim=0x1030001
02-05 17:40:54.162  1163  1796 V WindowManager:   fl=1810100
02-05 17:40:54.162  1163  1796 V WindowManager:   pfl=12020000
02-05 17:40:54.162  1163  1796 V WindowManager:   fitSides= naviIconColor=0}
02-05 17:40:54.162  1163  1796 I SurfaceControl: nativeRelease nativeObject s[499183897408]
02-05 17:40:54.162  1163  1796 I SurfaceControl: nativeRelease nativeObject e[499183897408]
02-05 17:40:54.163 15500 15500 I SurfaceControl: assignNativeObject: nativeObject = 0 Surface(name=null)/@0x6dbd5ce / android.view.SurfaceControl.readFromParcel:1117 android.view.IWindowSession$Stub$Proxy.relayout:1820 android.view.ViewRootImpl.relayoutWindow:9005 android.view.ViewRootImpl.performTraversals:3360 android.view.ViewRootImpl.doTraversal:2618 android.view.ViewRootImpl$TraversalRunnable.run:9971 android.view.Choreographer$CallbackRecord.run:1010 android.view.Choreographer.doCallbacks:809 android.view.Choreographer.doFrame:744 android.view.Choreographer$FrameDisplayEventReceiver.run:995
02-05 17:40:54.163 15500 15500 I ViewRootImpl@cdd0382[InstrumentationActivityInvoker$EmptyActivity]: Relayout returned: old=(0,0,1080,2400) new=(0,0,1080,2400) req=(1080,2400)0 dur=6 res=0x7 s={true 499017125888} ch=true fn=-1
02-05 17:40:54.164 15500 15565 I mali_winsys: new_window_surface() [1080x2400] return: 0x3000
02-05 17:40:54.164   716   957 D gralloc : [mali_gralloc_allocate] begin
02-05 17:40:54.164   716   957 D gralloc : buffer_descriptor: wh(1080 2400) usage_pc(0x40000000000b00 0x40000000000b00) hal_format(0x1) layer_count(1) sizes(0 0 0) strde(0) byte_stride(0) alloc_wh(0 0) internal_format(0x0) alloc_format(0x0) fd_count(1) plane_count(0)
02-05 17:40:54.164 15500 15500 I ViewRootImpl@cdd0382[InstrumentationActivityInvoker$EmptyActivity]: [DP] dp(1) 1 android.view.ViewRootImpl.reportNextDraw:10957 android.view.ViewRootImpl.performTraversals:3845 android.view.ViewRootImpl.doTraversal:2618
