02-05 17:41:03.820 15500 15500 D IdlingResourceRegistry: All idling resources are idle.
02-05 17:41:03.820 15500 15500 D IdlingResourceRegistry: All idling resources are idle.
02-05 17:41:03.820 15500 15500 I ViewInteraction: Performing 'fast swipe' action on view with id is <com.example.dogglers:id/vertical_recycler_view>
02-05 17:41:03.822  1163  3938 D InputDispatcher: Inject motion (15500): action=0x0, time=307857779000000, f=0x0, d=0
02-05 17:41:03.822  1163  1404 D InputDispatcher: pointer touchable region used!
02-05 17:41:03.822  1163  1404 W InputDispatcher: obscured by Splash Screen
02-05 17:41:03.822  1163  1404 I InputDispatcher: Delivering touch to (1680): action: 0x4, f=0x0, d=0, 'b29f82b', t=0
02-05 17:41:03.822  1163  1404 I InputDispatcher: Delivering touch to (15500): action: 0x0, f=0x1, d=0, '2c152e7', t=0
02-05 17:41:03.822 15500 15500 I ViewRootImpl@c6038ef[VerticalListActivity]: ViewPostIme pointer 0
02-05 17:41:03.830  1680  1680 D SecStatusBarMobileView: setStaticDrawableColor:
02-05 17:41:03.830   789   789 I Layer   : id=80124[1] Destroyed com.sec.android.app.launcher/com.sec.android.app.launcher.activities.LauncherActivity$_2003#0
02-05 17:41:03.836   789   789 D SurfaceFlinger: Display 21442653864348033 HWC layers:
02-05 17:41:03.836   789   789 D SurfaceFlinger:      DEVICE | 0x74084fea80 | 0002 | RGBA_8888    |    0.0    0.0 1080.0 2400.0 |    0    0 1080 2400 | com.example.dogglers/com.example.dogglers.VerticalListActivity$_15500#0
02-05 17:41:03.836   789   789 D SurfaceFlinger:      DEVICE | 0x7428c3f840 | 0002 | RGBA_8888    |    0.0    0.0 1080.0 2400.0 |    0    0 1080 2400 | Splash Screen com.example.dogglers#0
02-05 17:41:03.836   789   789 D SurfaceFlinger:      DEVICE | 0x7428c3e6c0 | 0000 | RGBA_8888    |    0.0    0.0 1080.0   88.0 |    0    0 1080   88 | StatusBar$_1680#0
02-05 17:41:03.836   789   789 D SurfaceFlinger:      DEVICE | 0x7428c3ea80 | 0000 | RGBA_8888    |    0.0    0.0 1080.0  144.0 |    0 2256 1080 2400 | NavigationBar0$_1680#0
02-05 17:41:03.836   789   789 D SurfaceFlinger:      DEVICE | 0x7408191180 | 0000 | RGBA_8888    |    0.0    0.0 1080.0  125.0 |    0    0 1080  125 | ScreenDecorOverlay$_1680#0
02-05 17:41:03.836   789   789 D SurfaceFlinger:      DEVICE | 0x7428c3f480 | 0000 | RGBA_8888    |    0.0    0.0 1080.0  112.0 |    0 2288 1080 2400 | ScreenDecorOverlayBottom$_1680#0
02-05 17:41:03.836   789   789 D SurfaceFlinger:
02-05 17:41:03.847  1680  1680 D SecStatusBarMobileView: setStaticDrawableColor:
02-05 17:41:03.847  1163  1240 I SurfaceControl: nativeRelease nativeObject s[496861211296]
02-05 17:41:03.847  1163  1240 I SurfaceControl: nativeRelease nativeObject e[496861211296]
02-05 17:41:03.848  1163  1240 I SurfaceControl: nativeRelease nativeObject s[496860778080]
02-05 17:41:03.848  1163  1240 I SurfaceControl: nativeRelease nativeObject e[496860778080]
02-05 17:41:03.848   789   834 I Layer   : id=80136 removeFromCurrentState Splash Screen com.example.dogglers#0 (191)
02-05 17:41:03.848  1163  1240 I SurfaceControl: nativeRelease nativeObject s[499183202528]
02-05 17:41:03.848  1163  1240 I SurfaceControl: nativeRelease nativeObject e[499183202528]
02-05 17:41:03.849  1163  1240 W WindowManager: lockNow pending, ignore updating lockscreen timeout
02-05 17:41:03.850   789  1273 I Layer   : id=80134 removeFromCurrentState 5f4cb1b Splash Screen com.example.dogglers#0 (191)
02-05 17:41:03.850   789  1273 I Layer   : id=80143 removeFromCurrentState Surface(name=5f4cb1b Splash Screen com.example.dogglers)/@0xa72d6cd - animation-leash#0 (191)
02-05 17:41:03.850   789  1273 I SurfaceFlinger: id=80134 Removed 5f4cb1b Splash Screen com.example.dogglers#0 (191)
02-05 17:41:03.850   789  1273 I SurfaceFlinger: id=80143 Removed Surface(name=5f4cb1b Splash Screen com.example.dogglers)/@0xa72d6cd - animation-leash#0 (191)
02-05 17:41:03.850   789  1272 I SurfaceFlinger: id=80136 Removed Splash Screen com.example.dogglers#0 (191)
02-05 17:41:03.864   789   789 I Layer   : id=80143[1] Destroyed Surface(name=5f4cb1b Splash Screen com.example.dogglers)/@0xa72d6cd - animation-leash#0
02-05 17:41:03.864   789   789 I Layer   : id=80134[1] Destroyed 5f4cb1b Splash Screen com.example.dogglers#0
02-05 17:41:03.864  1680  1680 D SecStatusBarMobileView: setStaticDrawableColor:
02-05 17:41:03.864  1163  1240 W WindowManager: lockNow pending, ignore updating lockscreen timeout
02-05 17:41:03.865   789   789 I Layer   : id=80136[1] Destroyed Splash Screen com.example.dogglers#0
02-05 17:41:03.868   789   789 D SurfaceFlinger: Display 21442653864348033 HWC layers:
02-05 17:41:03.868   789   789 D SurfaceFlinger:      DEVICE | 0x74084ff340 | 0002 | RGBA_8888    |    0.0    0.0 1080.0 2400.0 |    0    0 1080 2400 | com.example.dogglers/com.example.dogglers.VerticalListActivity$_15500#0
02-05 17:41:03.868   789   789 D SurfaceFlinger:      DEVICE | 0x7408500740 | 0000 | RGBA_8888    |    0.0    0.0 1080.0   88.0 |    0    0 1080   88 | StatusBar$_1680#0
02-05 17:41:03.868   789   789 D SurfaceFlinger:      DEVICE | 0x7428c3ea80 | 0000 | RGBA_8888    |    0.0    0.0 1080.0  144.0 |    0 2256 1080 2400 | NavigationBar0$_1680#0
02-05 17:41:03.868   789   789 D SurfaceFlinger:      DEVICE | 0x7408191180 | 0000 | RGBA_8888    |    0.0    0.0 1080.0  125.0 |    0    0 1080  125 | ScreenDecorOverlay$_1680#0
02-05 17:41:03.868   789   789 D SurfaceFlinger:      DEVICE | 0x7428c3f480 | 0000 | RGBA_8888    |    0.0    0.0 1080.0  112.0 |    0 2288 1080 2400 | ScreenDecorOverlayBottom$_1680#0
02-05 17:41:03.868   789   789 D SurfaceFlinger:
02-05 17:41:03.881  1680  1680 D SecStatusBarMobileView: setStaticDrawableColor:
02-05 17:41:03.899  1680  1680 D SecStatusBarMobileView: setStaticDrawableColor:
02-05 17:41:03.979   726 16441 I HYPER-HAL: [ResourceManager.cpp]removeResource(): [CPUMinFreq] RemoveResource Request ID : 718236
02-05 17:41:03.979   726 16441 I HYPER-HAL: [RequestManager.cpp]releaseLocked(): Released ID : 718236
02-05 17:41:03.987  1163  3938 D InputDispatcher: Inject motion (15500): action=0x1, time=307857944000000, f=0x0, d=0
02-05 17:41:03.987  1163  1404 I InputDispatcher: Delivering touch to (15500): action: 0x1, f=0x1, d=0, '2c152e7', t=0
02-05 17:41:03.987 15500 15500 I ViewRootImpl@c6038ef[VerticalListActivity]: ViewPostIme pointer 1
02-05 17:41:03.988 15500 15500 D IdlingResourceRegistry: All idling resources are idle.
02-05 17:41:03.988 15500 15500 D IdlingResourceRegistry: All idling resources are idle.
02-05 17:41:03.989  1163  1163 I SemDvfsHyPerManager: acquire hyper - GESTURE_DETECTED/1163@33, type = -999
02-05 17:41:03.989   726   817 I HYPER-HAL: [RequestManager.cpp]acquire(): Acquired ID : 715839  [1163 / 33]    HINT : GESTURE_DETECTED    list : [TIMEOUT / 2073]
02-05 17:41:03.989  1163  1163 I SemDvfsHyPerManager: acquire hyper - GESTURE_DETECTED/1163@33, type = -999
02-05 17:41:03.989  1163  1163 I SemDvfsHyPerManager: acquire hyper - SMOOTH_SCROLL/1163@26, type = -999
02-05 17:41:03.989   726   817 I HYPER-HAL: [ResourceManager.cpp]updateResource(): [CPUMinFreq] UpdateResource Request ID : 715839    Value : 1167714
02-05 17:41:03.989   726   817 I HYPER-HAL: [RequestManager.cpp]acquire(): Acquired ID : 715839  [1163 / 33]    HINT : GESTURE_DETECTED    list : [TIMEOUT / 2073]
02-05 17:41:03.989   726   817 I HYPER-HAL: [ResourceManager.cpp]updateResource(): [CPUMinFreq] UpdateResource Request ID : 715839    Value : 1167714
02-05 17:41:03.989   726   817 I HYPER-HAL: [RequestManager.cpp]acquire(): Acquired ID : 707481  [1163 / 26]    HINT : SMOOTH_SCROLL    list :
02-05 17:41:03.990   726   817 I HYPER-HAL: [ResourceManager.cpp]updateResource(): [CPUMinFreq] UpdateResource Request ID : 707481    Value : 1258359
02-05 17:41:03.990   726   817 I HYPER-HAL: [ResourceManager.cpp]removeResource(): [CPUMinFreq] RemoveResource Request ID : 707481
02-05 17:41:03.991   726   817 I HYPER-HAL: [RequestManager.cpp]releaseLocked(): Released ID : 707481
02-05 17:41:04.052 15500 15500 D IdlingResourceRegistry: All idling resources are idle.
02-05 17:41:04.052 15500 15500 D IdlingResourceRegistry: All idling resources are idle.
02-05 17:41:04.053 15500 15500 D IdlingResourceRegistry: All idling resources are idle.
02-05 17:41:04.053 15500 15500 D IdlingResourceRegistry: All idling resources are idle.
02-05 17:41:04.055 15500 15500 I ViewInteraction: Checking 'MatchesViewAssertion{viewMatcher=is displayed on the screen to the user}' assertion on view with text: is "Faye"
02-05 17:41:04.055 15500 15500 E ViewAssertions: 'is displayed on the screen to the user' check could not be performed because view 'with text: is "Faye"' was not found.
02-05 17:41:04.058  1163  3938 I SemDvfsHyPerManager: acquire hyper - AMS_ACT_START/1163@20, type = -999
02-05 17:41:04.058   726   817 I HYPER-HAL: [RequestManager.cpp]acquire(): Acquired ID : 700356  [1163 / 20]    HINT : AMS_ACT_START    list :
02-05 17:41:04.059   789  2265 I SurfaceFlinger: id=80145 createSurf (0x0),-1 flag=80004, ActivityRecord{46968af u0 com.example.dogglers/androidx.test.core.app.InstrumentationActivityInvoker$EmptyActivity t12741}#0
02-05 17:41:04.059   726   817 I HYPER-HAL: [ResourceManager.cpp]updateResource(): [CPUMinFreq] UpdateResource Request ID : 700356    Value : 1930195
02-05 17:41:04.061  1163  3938 W WindowManager: lockNow pending, ignore updating lockscreen timeout
02-05 17:41:04.062 15500 15500 D LifecycleMonitor: Lifecycle status change: com.example.dogglers.VerticalListActivity@ac17d88 in: PAUSED
02-05 17:41:04.062 15500 15500 D LifecycleMonitor: running callback: androidx.test.core.app.ActivityScenario$1@1c94fe9
02-05 17:41:04.062 15500 15500 V ActivityScenario: Update currentActivityStage to PAUSED, currentActivity=com.example.dogglers.VerticalListActivity@ac17d88
02-05 17:41:04.063 15500 15500 D LifecycleMonitor: callback completes: androidx.test.core.app.ActivityScenario$1@1c94fe9
02-05 17:41:04.064  1163  3939 V WindowOrientationListener: getProposedRotation: 0
02-05 17:41:04.064  1163  3939 V WindowOrientationListener: getProposedRotation: 0
02-05 17:41:04.064  1163  3939 V WindowOrientationListener: getProposedRotation: 0
02-05 17:41:04.065  1163  3939 D InputDispatcher: Focused application set to (0): 46968af
02-05 17:41:04.067  1163  3939 W WindowManager: lockNow pending, ignore updating lockscreen timeout
02-05 17:41:04.070 15500 15500 D LifecycleMonitor: Lifecycle status change: androidx.test.core.app.InstrumentationActivityInvoker$EmptyActivity@e048e1 in: PRE_ON_CREATE
02-05 17:41:04.070 15500 15500 D LifecycleMonitor: running callback: androidx.test.core.app.ActivityScenario$1@1c94fe9
02-05 17:41:04.070 15500 15500 V ActivityScenario: Activity lifecycle changed event received but ignored because the intent does not match. startActivityIntent=Intent { act=android.intent.action.MAIN cat=[android.intent.category.LAUNCHER] cmp=com.example.dogglers/.VerticalListActivity }, activity.getIntent()=Intent { act=android.intent.action.MAIN cat=[android.intent.category.LAUNCHER] flg=0x10000000 cmp=com.example.dogglers/androidx.test.core.app.InstrumentationActivityInvoker$EmptyActivity }, activity=androidx.test.core.app.InstrumentationActivityInvoker$EmptyActivity@e048e1
02-05 17:41:04.070 15500 15500 D LifecycleMonitor: callback completes: androidx.test.core.app.ActivityScenario$1@1c94fe9
02-05 17:41:04.073 15500 15500 I DecorView: [INFO] isPopOver=false, config=true
02-05 17:41:04.073 15500 15500 I DecorView: updateCaptionType >> DecorView@c1354c7[], isFloating=false, isApplication=true, hasWindowDecorCaption=false, hasWindowControllerCallback=true
02-05 17:41:04.073 15500 15500 D DecorView: setCaptionType = 0, this = DecorView@c1354c7[]
02-05 17:41:04.074 15500 15500 D LifecycleMonitor: Lifecycle status change: androidx.test.core.app.InstrumentationActivityInvoker$EmptyActivity@e048e1 in: CREATED
02-05 17:41:04.074 15500 15500 D LifecycleMonitor: running callback: androidx.test.core.app.ActivityScenario$1@1c94fe9
02-05 17:41:04.074 15500 15500 V ActivityScenario: Activity lifecycle changed event received but ignored because the intent does not match. startActivityIntent=Intent { act=android.intent.action.MAIN cat=[android.intent.category.LAUNCHER] cmp=com.example.dogglers/.VerticalListActivity }, activity.getIntent()=Intent { act=android.intent.action.MAIN cat=[android.intent.category.LAUNCHER] flg=0x10000000 cmp=com.example.dogglers/androidx.test.core.app.InstrumentationActivityInvoker$EmptyActivity }, activity=androidx.test.core.app.InstrumentationActivityInvoker$EmptyActivity@e048e1
02-05 17:41:04.074 15500 15500 D LifecycleMonitor: callback completes: androidx.test.core.app.ActivityScenario$1@1c94fe9
02-05 17:41:04.075 15500 15500 D LifecycleMonitor: Lifecycle status change: androidx.test.core.app.InstrumentationActivityInvoker$EmptyActivity@e048e1 in: STARTED
02-05 17:41:04.075 15500 15500 D LifecycleMonitor: running callback: androidx.test.core.app.ActivityScenario$1@1c94fe9
02-05 17:41:04.075 15500 15500 V ActivityScenario: Activity lifecycle changed event received but ignored because the intent does not match. startActivityIntent=Intent { act=android.intent.action.MAIN cat=[android.intent.category.LAUNCHER] cmp=com.example.dogglers/.VerticalListActivity }, activity.getIntent()=Intent { act=android.intent.action.MAIN cat=[android.intent.category.LAUNCHER] flg=0x10000000 cmp=com.example.dogglers/androidx.test.core.app.InstrumentationActivityInvoker$EmptyActivity }, activity=androidx.test.core.app.InstrumentationActivityInvoker$EmptyActivity@e048e1
02-05 17:41:04.075 15500 15500 D LifecycleMonitor: callback completes: androidx.test.core.app.ActivityScenario$1@1c94fe9
02-05 17:41:04.076 15500 15500 D LifecycleMonitor: Lifecycle status change: androidx.test.core.app.InstrumentationActivityInvoker$EmptyActivity@e048e1 in: RESUMED
02-05 17:41:04.076 15500 15500 D LifecycleMonitor: running callback: androidx.test.core.app.ActivityScenario$1@1c94fe9
02-05 17:41:04.076 15500 15500 V ActivityScenario: Activity lifecycle changed event received but ignored because the intent does not match. startActivityIntent=Intent { act=android.intent.action.MAIN cat=[android.intent.category.LAUNCHER] cmp=com.example.dogglers/.VerticalListActivity }, activity.getIntent()=Intent { act=android.intent.action.MAIN cat=[android.intent.category.LAUNCHER] flg=0x10000000 cmp=com.example.dogglers/androidx.test.core.app.InstrumentationActivityInvoker$EmptyActivity }, activity=androidx.test.core.app.InstrumentationActivityInvoker$EmptyActivity@e048e1
02-05 17:41:04.076 15500 15500 D LifecycleMonitor: callback completes: androidx.test.core.app.ActivityScenario$1@1c94fe9
02-05 17:41:04.078  1163  3938 D InputTransport: Input channel constructed: '1bd3f54', fd=857
02-05 17:41:04.078  1163  3938 D InputTransport: Input channel constructed: '1bd3f54', fd=860
02-05 17:41:04.079   789   834 I SurfaceFlinger: id=80146 createSurf (0x0),-1 flag=80004, 1bd3f54 com.example.dogglers/androidx.test.core.app.InstrumentationActivityInvoker$EmptyActivity#0
02-05 17:41:04.079  1163  3938 D WindowManager: isScreenshotDisabledLocked - win: Window{1bd3f54 u0 com.example.dogglers/androidx.test.core.app.InstrumentationActivityInvoker$EmptyActivity}
02-05 17:41:04.079  1163  3938 D WindowManager: isScreenshotDisabledLocked: userId = 0, disabled =false
02-05 17:41:04.079   726 16549 I HYPER-HAL: [ResourceManager.cpp]removeResource(): [CPUMinFreq] RemoveResource Request ID : 702727
02-05 17:41:04.079  1163  3938 D InputTransport: Input channel destroyed: '1bd3f54', fd=860
02-05 17:41:04.079   726 16549 I HYPER-HAL: [RequestManager.cpp]releaseLocked(): Released ID : 702727
02-05 17:41:04.080 15500 15500 D InputTransport: Input channel constructed: '1bd3f54', fd=99
02-05 17:41:04.080 15500 15500 I ViewRootImpl@81c3c92[InstrumentationActivityInvoker$EmptyActivity]: setView = com.android.internal.policy.DecorView@c1354c7 TM=true
02-05 17:41:04.082  1163  3939 V WindowManager: Relayout Window{1bd3f54 u0 com.example.dogglers/androidx.test.core.app.InstrumentationActivityInvoker$EmptyActivity}: viewVisibility=0 req=1080x2400
02-05 17:41:04.082  1163  3939 W WindowManager: lockNow pending, ignore updating lockscreen timeout
02-05 17:41:04.083  1163  3939 D WindowManager: isScreenshotDisabledLocked - win: Window{1bd3f54 u0 com.example.dogglers/androidx.test.core.app.InstrumentationActivityInvoker$EmptyActivity}
02-05 17:41:04.083  1163  3939 D WindowManager: isScreenshotDisabledLocked: userId = 0, disabled =false
02-05 17:41:04.083   789  2265 I SurfaceFlinger: id=80147 createSurf (1080x2400),1 flag=404, com.example.dogglers/androidx.test.core.app.InstrumentationActivityInvoker$EmptyActivity$_15500#0
02-05 17:41:04.085  1163  3938 I InputDispatcher: Focus left window (15500): 2c152e7 in display 0 0
02-05 17:41:04.085  1163  3939 I SurfaceControl: nativeRelease nativeObject s[499038030944]
02-05 17:41:04.085  1163  3939 I SurfaceControl: nativeRelease nativeObject e[499038030944]
02-05 17:41:04.085   789   834 I SurfaceFlinger: id=80148 createSurf (0x0),-1 flag=24000, Surface(name=8c655e2 StatusBar)/@0x44a9b07 - animation-leash#0
02-05 17:41:04.085  1163  3939 I SurfaceControl: nativeRelease nativeObject s[499038031040]
02-05 17:41:04.085  1163  3939 I SurfaceControl: nativeRelease nativeObject e[499038031040]
02-05 17:41:04.085   789  1272 I SurfaceFlinger: id=80149 createSurf (0x0),-1 flag=24000, Surface(name=b29f82b NavigationBar0)/@0x8634759 - animation-leash#1
02-05 17:41:04.086  1163  3939 V WindowManager: Relayout hash=1bd3f54, pid=15500: mAttrs={(0,0)(fillxfill) sim={adjust=pan forwardNavigation} ty=BASE_APPLICATION wanim=0x1030001
02-05 17:41:04.086  1163  3939 V WindowManager:   fl=1810100
02-05 17:41:04.086  1163  3939 V WindowManager:   pfl=12020000
02-05 17:41:04.086  1163  3939 V WindowManager:   fitSides= naviIconColor=0}
02-05 17:41:04.086  1163  3939 I SurfaceControl: nativeRelease nativeObject s[496871104416]
02-05 17:41:04.086  1163  3939 I SurfaceControl: nativeRelease nativeObject e[496871104416]
02-05 17:41:04.087 15500 15500 I SurfaceControl: assignNativeObject: nativeObject = 0 Surface(name=null)/@0x9667663 / android.view.SurfaceControl.readFromParcel:1117 android.view.IWindowSession$Stub$Proxy.relayout:1820 android.view.ViewRootImpl.relayoutWindow:9005 android.view.ViewRootImpl.performTraversals:3360 android.view.ViewRootImpl.doTraversal:2618 android.view.ViewRootImpl$TraversalRunnable.run:9971 android.view.Choreographer$CallbackRecord.run:1010 android.view.Choreographer.doCallbacks:809 android.view.Choreographer.doFrame:744 android.view.Choreographer$FrameDisplayEventReceiver.run:995
02-05 17:41:04.087 15500 15500 I ViewRootImpl@81c3c92[InstrumentationActivityInvoker$EmptyActivity]: Relayout returned: old=(0,0,1080,2400) new=(0,0,1080,2400) req=(1080,2400)0 dur=5 res=0x7 s={true 497174126592} ch=true fn=-1
02-05 17:41:04.087   789  2265 I Layer   : id=80141 removeFromCurrentState Surface(name=8c655e2 StatusBar)/@0x44a9b07 - animation-leash#1 (193)
02-05 17:41:04.087   789  2265 I Layer   : id=80142 removeFromCurrentState Surface(name=b29f82b NavigationBar0)/@0x8634759 - animation-leash#0 (193)
02-05 17:41:04.088 15500 15565 I mali_winsys: new_window_surface() [1080x2400] return: 0x3000
02-05 17:41:04.088 15500 15500 I ViewRootImpl@81c3c92[InstrumentationActivityInvoker$EmptyActivity]: [DP] dp(1) 1 android.view.ViewRootImpl.reportNextDraw:10957 android.view.ViewRootImpl.performTraversals:3845 android.view.ViewRootImpl.doTraversal:2618
02-05 17:41:04.088 15500 15500 I ViewRootImpl@81c3c92[InstrumentationActivityInvoker$EmptyActivity]: [DP] pd() Asnyc report
02-05 17:41:04.088   716   957 D gralloc : [mali_gralloc_allocate] begin
02-05 17:41:04.089   716   957 D gralloc : buffer_descriptor: wh(1080 2400) usage_pc(0x40000000000b00 0x40000000000b00) hal_format(0x1) layer_count(1) sizes(0 0 0) strde(0) byte_stride(0) alloc_wh(0 0) internal_format(0x0) alloc_format(0x0) fd_count(1) plane_count(0)
02-05 17:41:04.090   716   957 D gralloc : [mali_gralloc_allocate] allocation successful
02-05 17:41:04.090   716   957 D gralloc : [mali_gralloc_allocate] begin
02-05 17:41:04.090   716   957 D gralloc : buffer_descriptor: wh(1080 2400) usage_pc(0x40000000000b00 0x40000000000b00) hal_format(0x1) layer_count(1) sizes(0 0 0) strde(0) byte_stride(0) alloc_wh(0 0) internal_format(0x0) alloc_format(0x0) fd_count(1) plane_count(0)
02-05 17:41:04.091   716   957 D gralloc : [mali_gralloc_allocate] allocation successful
02-05 17:41:04.091   716   957 D gralloc : [mali_gralloc_allocate] begin
02-05 17:41:04.091   716   957 D gralloc : buffer_descriptor: wh(1080 2400) usage_pc(0x40000000000b00 0x40000000000b00) hal_format(0x1) layer_count(1) sizes(0 0 0) strde(0) byte_stride(0) alloc_wh(0 0) internal_format(0x0) alloc_format(0x0) fd_count(1) plane_count(0)
02-05 17:41:04.092   716   957 D gralloc : [mali_gralloc_allocate] allocation successful
02-05 17:41:04.092 15500 15500 I ViewRootImpl@81c3c92[InstrumentationActivityInvoker$EmptyActivity]: [DP] pdf(0) 1 android.view.ViewRootImpl.lambda$performDraw$1$ViewRootImpl:4668 android.view.-$$Lambda$ViewRootImpl$DJd0VUYJgsebcnSohO6h8zc_ONI.run:6 android.os.Handler.handleCallback:938
02-05 17:41:04.093 15500 15500 I ViewRootImpl@81c3c92[InstrumentationActivityInvoker$EmptyActivity]: [DP] rdf()
02-05 17:41:04.094  1163  1240 W WindowManager: lockNow pending, ignore updating lockscreen timeout
02-05 17:41:04.095 15500 15500 I SurfaceControl: nativeRelease nativeObject s[499183200896]
02-05 17:41:04.095 15500 15500 I SurfaceControl: nativeRelease nativeObject e[499183200896]
02-05 17:41:04.095 15500 15500 I SurfaceControl: nativeRelease nativeObject s[499183199360]
02-05 17:41:04.095 15500 15500 I SurfaceControl: nativeRelease nativeObject e[499183199360]
02-05 17:41:04.095 15500 15500 I SurfaceControl: nativeRelease nativeObject s[499183198304]
02-05 17:41:04.095 15500 15500 I SurfaceControl: nativeRelease nativeObject e[499183198304]
02-05 17:41:04.095 15500 15500 I ViewRootImpl@c6038ef[VerticalListActivity]: MSG_WINDOW_FOCUS_CHANGED 0 1
02-05 17:41:04.095   789  1273 I SurfaceFlinger: id=80142 Removed Surface(name=b29f82b NavigationBar0)/@0x8634759 - animation-leash#0 (193)
02-05 17:41:04.095   789  1273 I SurfaceFlinger: id=80141 Removed Surface(name=8c655e2 StatusBar)/@0x44a9b07 - animation-leash#1 (193)
02-05 17:41:04.095  1163  1240 D PkgPredictorService: pkg:com.example.dogglers activity:androidx.test.core.app.InstrumentationActivityInvoker$EmptyActivity thisTime:37
02-05 17:41:04.096  1163  1240 I SemDvfsHyPerManager: acquire hyper - AMS_RESUME_TAIL/1163@22, type = -999
02-05 17:41:04.096  1163  1240 I SemDvfsHyPerManager: acquire hyper - AMS_ACT_LAZY/1163@23, type = -999
02-05 17:41:04.096  1163  1244 I ActivityTaskManager: Displayed com.example.dogglers/androidx.test.core.app.InstrumentationActivityInvoker$EmptyActivity: +37ms
02-05 17:41:04.096   726   817 I HYPER-HAL: [RequestManager.cpp]acquire(): Acquired ID : 702727  [1163 / 22]    HINT : AMS_RESUME_TAIL    list :
02-05 17:41:04.096   726   817 I HYPER-HAL: [ResourceManager.cpp]updateResource(): [CPUMinFreq] UpdateResource Request ID : 702727    Value : 1844882
02-05 17:41:04.096   726   817 I HYPER-HAL: [RequestManager.cpp]acquire(): Acquired ID : 703914  [1163 / 23]    HINT :      list :
02-05 17:41:04.097   726   817 E HYPER-HAL: [Request.cpp]acquire(): Request:: id : 703914, No Resource to set
02-05 17:41:04.097   726   817 I HYPER-HAL: [ResourceManager.cpp]removeResource(): [CPUMinFreq] RemoveResource Request ID : 700356
02-05 17:41:04.097   726   817 I HYPER-HAL: [RequestManager.cpp]releaseLocked(): Released ID : 700356
02-05 17:41:04.097  2669  2669 E pageboostd: Received HALT command code 2
02-05 17:41:04.098  1163  1240 W WindowManager: lockNow pending, ignore updating lockscreen timeout
02-05 17:41:04.101 15500 15565 I mali_egl: eglDestroySurface() in
02-05 17:41:04.101   789   789 I Layer   : id=80141[1] Destroyed Surface(name=8c655e2 StatusBar)/@0x44a9b07 - animation-leash#1
02-05 17:41:04.101   789   789 I Layer   : id=80142[1] Destroyed Surface(name=b29f82b NavigationBar0)/@0x8634759 - animation-leash#0
02-05 17:41:04.101 15500 15565 I mali_winsys: delete_surface() [1080x2400] return
02-05 17:41:04.101 15500 15565 I mali_egl: eglDestroySurface() out
02-05 17:41:04.102   789  2265 E BufferQueueProducer: [com.example.dogglers/com.example.dogglers.VerticalListActivity$_15500#0](id:315000036f5,api:0,p:-1,c:789) disconnect: not connected (req=1)
02-05 17:41:04.102 15500 15565 W libEGL  : EGLNativeWindowType 0x7437323010 disconnect failed
02-05 17:41:04.102  1163  1240 W WindowManager: lockNow pending, ignore updating lockscreen timeout
02-05 17:41:04.102  1163  3970 I InputDispatcher: Focus entered window (15500): 1bd3f54 in display 0 0
02-05 17:41:04.103  1163  3939 V WindowManager: Relayout Window{2c152e7 u0 com.example.dogglers/com.example.dogglers.VerticalListActivity}: viewVisibility=8 req=1080x2400
02-05 17:41:04.103  1163  3939 W WindowManager: lockNow pending, ignore updating lockscreen timeout
02-05 17:41:04.104  1163  3939 V WindowManager: Relayout hash=2c152e7, pid=15500: mAttrs={(0,0)(fillxfill) sim={adjust=resize forwardNavigation} ty=BASE_APPLICATION wanim=0x1030304
02-05 17:41:04.104  1163  3939 V WindowManager:   fl=81810100
02-05 17:41:04.104  1163  3939 V WindowManager:   pfl=12020000
02-05 17:41:04.104  1163  3939 V WindowManager:   fitSides= naviIconColor=0}
02-05 17:41:04.104 15500 15500 I SurfaceControl: nativeRelease nativeObject s[499014751616]
02-05 17:41:04.104 15500 15500 I SurfaceControl: nativeRelease nativeObject e[499014751616]
02-05 17:41:04.104 15500 15500 I SurfaceControl: assignNativeObject: nativeObject = 0 Surface(name=null)/@0x2c03319 / android.view.SurfaceControl.readFromParcel:1117 android.view.IWindowSession$Stub$Proxy.relayout:1810 android.view.ViewRootImpl.relayoutWindow:9005 android.view.ViewRootImpl.performTraversals:3360 android.view.ViewRootImpl.doTraversal:2618 android.view.ViewRootImpl$TraversalRunnable.run:9971 android.view.Choreographer$CallbackRecord.run:1010 android.view.Choreographer.doCallbacks:809 android.view.Choreographer.doFrame:744 android.view.Choreographer$FrameDisplayEventReceiver.run:995
02-05 17:41:04.104 15500 15500 I SurfaceControl: assignNativeObject: nativeObject = 0 Surface(name=null)/@0xe2b3ffc / android.view.SurfaceControl.readFromParcel:1117 android.view.IWindowSession$Stub$Proxy.relayout:1820 android.view.ViewRootImpl.relayoutWindow:9005 android.view.ViewRootImpl.performTraversals:3360 android.view.ViewRootImpl.doTraversal:2618 android.view.ViewRootImpl$TraversalRunnable.run:9971 android.view.Choreographer$CallbackRecord.run:1010 android.view.Choreographer.doCallbacks:809 android.view.Choreographer.doFrame:744 android.view.Choreographer$FrameDisplayEventReceiver.run:995
02-05 17:41:04.105  1163  3970 I SemDvfsHyPerManager: acquire hyper - AMS_ACT_START/1163@20, type = -999
02-05 17:41:04.105 15500 15500 I SurfaceControl: nativeRelease nativeObject s[499183202528]
02-05 17:41:04.105 15500 15500 I SurfaceControl: nativeRelease nativeObject e[499183202528]
02-05 17:41:04.105 15500 15500 I ViewRootImpl@c6038ef[VerticalListActivity]: Relayout returned: old=(0,0,1080,2400) new=(0,0,1080,2400) req=(1080,2400)8 dur=2 res=0x5 s={false 0} ch=true fn=19
02-05 17:41:04.105   726   817 I HYPER-HAL: [RequestManager.cpp]acquire(): Acquired ID : 700356  [1163 / 20]    HINT : AMS_ACT_START    list :
02-05 17:41:04.105   726   817 I HYPER-HAL: [ResourceManager.cpp]updateResource(): [CPUMinFreq] UpdateResource Request ID : 700356    Value : 1930195
02-05 17:41:04.105 15500 15500 I ViewRootImpl@c6038ef[VerticalListActivity]: stopped(true) old=false
02-05 17:41:04.105   789   835 I SurfaceFlinger: id=80150 createSurf (0x0),-1 flag=80004, ActivityRecord{592334a u0 com.example.dogglers/androidx.test.core.app.InstrumentationActivityInvoker$EmptyActivity t12741}#0
02-05 17:41:04.105 15500 15500 D LifecycleMonitor: Lifecycle status change: com.example.dogglers.VerticalListActivity@ac17d88 in: STOPPED
02-05 17:41:04.105 15500 15500 D LifecycleMonitor: running callback: androidx.test.core.app.ActivityScenario$1@1c94fe9
02-05 17:41:04.105   789   789 D SurfaceFlinger: Display 21442653864348033 HWC layers:
02-05 17:41:04.105   789   789 D SurfaceFlinger:      DEVICE | 0x7428c3de00 | 0002 | RGBA_8888    |    0.0    0.0 1080.0 2400.0 |    0    0 1080 2400 | com.example.dogglers/androidx.test.c[...]tivityInvoker$EmptyActivity$_15500#0
02-05 17:41:04.105   789   789 D SurfaceFlinger:      DEVICE | 0x7408500740 | 0000 | RGBA_8888    |    0.0    0.0 1080.0   88.0 |    0    0 1080   88 | StatusBar$_1680#0
02-05 17:41:04.105   789   789 D SurfaceFlinger:      DEVICE | 0x7428c3ea80 | 0000 | RGBA_8888    |    0.0    0.0 1080.0  144.0 |    0 2256 1080 2400 | NavigationBar0$_1680#0
02-05 17:41:04.105   789   789 D SurfaceFlinger:      DEVICE | 0x7408191180 | 0000 | RGBA_8888    |    0.0    0.0 1080.0  125.0 |    0    0 1080  125 | ScreenDecorOverlay$_1680#0
02-05 17:41:04.105   789   789 D SurfaceFlinger:      DEVICE | 0x7428c3f480 | 0000 | RGBA_8888    |    0.0    0.0 1080.0  112.0 |    0 2288 1080 2400 | ScreenDecorOverlayBottom$_1680#0
02-05 17:41:04.105   789   789 D SurfaceFlinger:
02-05 17:41:04.105 15500 15500 V ActivityScenario: Update currentActivityStage to STOPPED, currentActivity=com.example.dogglers.VerticalListActivity@ac17d88
02-05 17:41:04.106 15500 15500 D LifecycleMonitor: callback completes: androidx.test.core.app.ActivityScenario$1@1c94fe9
02-05 17:41:04.106 15500 15500 D LifecycleMonitor: Lifecycle status change: com.example.dogglers.VerticalListActivity@ac17d88 in: DESTROYED
02-05 17:41:04.106 15500 15500 D LifecycleMonitor: running callback: androidx.test.core.app.ActivityScenario$1@1c94fe9
02-05 17:41:04.106 15500 15500 V ActivityScenario: Update currentActivityStage to DESTROYED, currentActivity=null
02-05 17:41:04.106 15500 15500 D LifecycleMonitor: callback completes: androidx.test.core.app.ActivityScenario$1@1c94fe9
02-05 17:41:04.107 15500 15500 I ViewRootImpl@c6038ef[VerticalListActivity]: dispatchDetachedFromWindow
02-05 17:41:04.108  1163  3970 W WindowManager: lockNow pending, ignore updating lockscreen timeout
02-05 17:41:04.109  1163  3939 D InputTransport: Input channel destroyed: '2c152e7', fd=887
02-05 17:41:04.109  1163  3939 I SurfaceControl: nativeRelease nativeObject s[499038069344]
02-05 17:41:04.109  1163  3939 I SurfaceControl: nativeRelease nativeObject e[499038069344]
02-05 17:41:04.109  1163  3939 D WindowManager: isScreenshotDisabledLocked - win: Window{2c152e7 u0 com.example.dogglers/com.example.dogglers.VerticalListActivity}
02-05 17:41:04.109  1163  3939 D WindowManager: isScreenshotDisabledLocked: userId = 0, disabled =false
02-05 17:41:04.109  1163  3939 I SurfaceControl: nativeRelease nativeObject s[499038071456]
02-05 17:41:04.109  1163  3939 I SurfaceControl: nativeRelease nativeObject e[499038071456]
02-05 17:41:04.109   789   835 I SurfaceFlinger: id=80151 createSurf (0x0),-1 flag=24004, Surface(name=dbf3b45 InputMethod)/@0xf70bba8 - animation-leash#0
02-05 17:41:04.110  1163  3939 I SurfaceControl: nativeRelease nativeObject s[499038975584]
02-05 17:41:04.110  1163  3939 I SurfaceControl: nativeRelease nativeObject e[499038975584]
02-05 17:41:04.110   789  2265 I Layer   : id=80140 removeFromCurrentState com.example.dogglers/com.example.dogglers.VerticalListActivity$_15500#0 (193)
02-05 17:41:04.111  1163  3939 W WindowManager: lockNow pending, ignore updating lockscreen timeout
02-05 17:41:04.111   789   834 I Layer   : id=80139 removeFromCurrentState 2c152e7 com.example.dogglers/com.example.dogglers.VerticalListActivity#0 (193)
02-05 17:41:04.111   789   834 I Layer   : id=80144 removeFromCurrentState Surface(name=dbf3b45 InputMethod)/@0xf70bba8 - animation-leash#1 (193)
02-05 17:41:04.111 15500 15500 D InputTransport: Input channel destroyed: '2c152e7', fd=90
02-05 17:41:04.112   789  2265 I SurfaceFlinger: id=80140 Removed com.example.dogglers/com.example.dogglers.VerticalListActivity$_15500#0 (193)
02-05 17:41:04.112   789   834 I SurfaceFlinger: id=80139 Removed 2c152e7 com.example.dogglers/com.example.dogglers.VerticalListActivity#0 (193)
02-05 17:41:04.112  1163  3944 I SurfaceControl: nativeRelease nativeObject s[496866862624]
02-05 17:41:04.112  1163  3944 I SurfaceControl: nativeRelease nativeObject e[496866862624]
02-05 17:41:04.115 15500 15500 I ViewRootImpl@81c3c92[InstrumentationActivityInvoker$EmptyActivity]: MSG_WINDOW_FOCUS_CHANGED 1 1
02-05 17:41:04.115 15500 15500 D InputMethodManager: prepareNavigationBarInfo() DecorView@c1354c7[InstrumentationActivityInvoker$EmptyActivity]
02-05 17:41:04.115 15500 15500 D InputMethodManager: getNavigationBarColor() -16711423
02-05 17:41:04.115 15500 15500 D InputMethodManager: prepareNavigationBarInfo() DecorView@c1354c7[InstrumentationActivityInvoker$EmptyActivity]
02-05 17:41:04.115 15500 15500 D InputMethodManager: getNavigationBarColor() -16711423
02-05 17:41:04.115 15500 15500 V InputMethodManager: Starting input: tba=com.example.dogglers ic=null mNaviBarColor -16711423 mIsGetNaviBarColorSuccess true , NavVisible : true , NavTrans : false
02-05 17:41:04.115 15500 15500 D InputMethodManager: startInputInner - Id : 0
02-05 17:41:04.115 15500 15500 I InputMethodManager: startInputInner - mService.startInputOrWindowGainedFocus
02-05 17:41:04.115  1163  3939 D InputMethodManagerService: mSecureKeypadEnabled = false
02-05 17:41:04.115  1163  3939 V InputMethodManagerService: hideCurrentInputLocked : shouldHideSoftInput is false
02-05 17:41:04.116  1163  3939 D InputMethodManagerService: DESKTOP MODE! : 2
02-05 17:41:04.116  1163  3939 D InputMethodManagerService: NOT IN KNOX DESKTOP MODE!
02-05 17:41:04.116  1163  3939 V InputMethodManagerService: getDisplayIdOfInputMethodWindowToBeAdded : 0
02-05 17:41:04.116  1163  3939 D InputMethodManagerService: checkDisplayOfStartInputAndUpdateKeyboard display Id 0last 0
02-05 17:41:04.116  1163  3939 D InputTransport: Input channel constructed: 'ClientS', fd=860
02-05 17:41:04.116  1163  3939 D InputTransport: Input channel destroyed: 'ClientS', fd=860
02-05 17:41:04.116 15500 15500 D InputTransport: Input channel constructed: 'ClientS', fd=90
02-05 17:41:04.116 15500 15500 D InputTransport: Input channel destroyed: 'ClientS', fd=97
02-05 17:41:04.116 15500 15500 D LifecycleMonitor: Lifecycle status change: androidx.test.core.app.InstrumentationActivityInvoker$EmptyActivity@e048e1 in: PAUSED
02-05 17:41:04.116 15500 15500 D LifecycleMonitor: running callback: androidx.test.core.app.ActivityScenario$1@1c94fe9
02-05 17:41:04.116 15500 15500 V ActivityScenario: Activity lifecycle changed event received but ignored because the intent does not match. startActivityIntent=Intent { act=android.intent.action.MAIN cat=[android.intent.category.LAUNCHER] cmp=com.example.dogglers/.VerticalListActivity }, activity.getIntent()=Intent { act=android.intent.action.MAIN cat=[android.intent.category.LAUNCHER] flg=0x10000000 cmp=com.example.dogglers/androidx.test.core.app.InstrumentationActivityInvoker$EmptyActivity }, activity=androidx.test.core.app.InstrumentationActivityInvoker$EmptyActivity@e048e1
02-05 17:41:04.116 15500 15500 D LifecycleMonitor: callback completes: androidx.test.core.app.ActivityScenario$1@1c94fe9
02-05 17:41:04.117  1163  3970 I SurfaceControl: nativeRelease nativeObject s[499183875104]
02-05 17:41:04.117  1163  3970 I SurfaceControl: nativeRelease nativeObject e[499183875104]
02-05 17:41:04.117   789   835 I SurfaceFlinger: id=80152 createSurf (0x0),-1 flag=24004, Surface(name=dbf3b45 InputMethod)/@0xf70bba8 - animation-leash#1
02-05 17:41:04.118   789   789 I Layer   : id=80139[1] Destroyed 2c152e7 com.example.dogglers/com.example.dogglers.VerticalListActivity#0
02-05 17:41:04.118   789   789 I Layer   : id=80140[1] Destroyed com.example.dogglers/com.example.dogglers.VerticalListActivity$_15500#0
02-05 17:41:04.119  3640  3640 I GoogleInputMethodService: GoogleInputMethodService.onFinishInput():3316
02-05 17:41:04.119  1163  3940 V WindowOrientationListener: getProposedRotation: 0
02-05 17:41:04.119  1163  3940 V WindowOrientationListener: getProposedRotation: 0
02-05 17:41:04.119  1163  3940 V WindowOrientationListener: getProposedRotation: 0
02-05 17:41:04.119  3640  3640 I GoogleInputMethodService: GoogleInputMethodService.updateDeviceLockedStatus():2181 checkRepeatedly = false, unlocked = true
02-05 17:41:04.119  3640  3640 D InputMethodService: checkDisplayOfStartInputAndUpdateKeyboard display Id 0last 0
02-05 17:41:04.120  3640  3640 I GoogleInputMethodService: GoogleInputMethodService.onStartInput():1989
02-05 17:41:04.120  3640  3640 I GoogleInputMethodService: GoogleInputMethodService.updateDeviceLockedStatus():2181 checkRepeatedly = true, unlocked = true
02-05 17:41:04.120  1163  3940 D InputDispatcher: Focused application set to (0): 592334a
02-05 17:41:04.122  1163  3940 W WindowManager: lockNow pending, ignore updating lockscreen timeout
02-05 17:41:04.123   789   835 I Layer   : id=80135 removeFromCurrentState ActivityRecord{7199464 u0 com.example.dogglers/.VerticalListActivity t12741}#0 (192)
02-05 17:41:04.123   789   835 I Layer   : id=80151 removeFromCurrentState Surface(name=dbf3b45 InputMethod)/@0xf70bba8 - animation-leash#0 (192)
02-05 17:41:04.124   789   835 I SurfaceFlinger: id=80135 Removed ActivityRecord{7199464 u0 com.example.dogglers/.VerticalListActivity t12741}#0 (192)
02-05 17:41:04.126 15500 15500 D LifecycleMonitor: Lifecycle status change: androidx.test.core.app.InstrumentationActivityInvoker$BootstrapActivity@aa01070 in: DESTROYED
02-05 17:41:04.126 15500 15500 D LifecycleMonitor: running callback: androidx.test.core.app.ActivityScenario$1@1c94fe9
02-05 17:41:04.126 15500 15500 V ActivityScenario: Activity lifecycle changed event received but ignored because the intent does not match. startActivityIntent=Intent { act=android.intent.action.MAIN cat=[android.intent.category.LAUNCHER] cmp=com.example.dogglers/.VerticalListActivity }, activity.getIntent()=Intent { act=android.intent.action.MAIN cat=[android.intent.category.LAUNCHER] flg=0x10008000 cmp=com.example.dogglers/androidx.test.core.app.InstrumentationActivityInvoker$BootstrapActivity (has extras) }, activity=androidx.test.core.app.InstrumentationActivityInvoker$BootstrapActivity@aa01070
02-05 17:41:04.126 15500 15500 D LifecycleMonitor: callback completes: androidx.test.core.app.ActivityScenario$1@1c94fe9
02-05 17:41:04.127  1163  3970 I SurfaceControl: nativeRelease nativeObject s[496871103936]
02-05 17:41:04.127  1163  3970 I SurfaceControl: nativeRelease nativeObject e[496871103936]
02-05 17:41:04.129  1163  1240 W WindowManager: lockNow pending, ignore updating lockscreen timeout
02-05 17:41:04.131   789   835 I Layer   : id=80133 removeFromCurrentState ActivityRecord{9ecb509 u0 com.example.dogglers/androidx.test.core.app.InstrumentationActivityInvoker$BootstrapActivity t12741}#0 (192)
02-05 17:41:04.131   789   835 I SurfaceFlinger: id=80133 Removed ActivityRecord{9ecb509 u0 com.example.dogglers/androidx.test.core.app.InstrumentationActivityInvoker$BootstrapActivity t12741}#0 (192)
02-05 17:41:04.131 15500 15500 D LifecycleMonitor: Lifecycle status change: androidx.test.core.app.InstrumentationActivityInvoker$EmptyActivity@98ecbea in: PRE_ON_CREATE
02-05 17:41:04.131 15500 15500 D LifecycleMonitor: running callback: androidx.test.core.app.ActivityScenario$1@1c94fe9
02-05 17:41:04.131 15500 15500 V ActivityScenario: Activity lifecycle changed event received but ignored because the intent does not match. startActivityIntent=Intent { act=android.intent.action.MAIN cat=[android.intent.category.LAUNCHER] cmp=com.example.dogglers/.VerticalListActivity }, activity.getIntent()=Intent { act=android.intent.action.MAIN cat=[android.intent.category.LAUNCHER] flg=0x10000000 cmp=com.example.dogglers/androidx.test.core.app.InstrumentationActivityInvoker$EmptyActivity }, activity=androidx.test.core.app.InstrumentationActivityInvoker$EmptyActivity@98ecbea
02-05 17:41:04.131 15500 15500 D LifecycleMonitor: callback completes: androidx.test.core.app.ActivityScenario$1@1c94fe9
02-05 17:41:04.134 15500 15500 I DecorView: [INFO] isPopOver=false, config=true
02-05 17:41:04.134 15500 15500 I DecorView: updateCaptionType >> DecorView@42c7d78[], isFloating=false, isApplication=true, hasWindowDecorCaption=false, hasWindowControllerCallback=true
02-05 17:41:04.134 15500 15500 D DecorView: setCaptionType = 0, this = DecorView@42c7d78[]
02-05 17:41:04.135   789   789 I Layer   : id=80133[1] Destroyed ActivityRecord{9ecb509 u0 com.example.dogglers/androidx.test.core.app.InstrumentationActivityInvoker$BootstrapActivity t12741}#0
02-05 17:41:04.135   789   789 I Layer   : id=80135[1] Destroyed ActivityRecord{7199464 u0 com.example.dogglers/.VerticalListActivity t12741}#0
02-05 17:41:04.135 15500 15500 D LifecycleMonitor: Lifecycle status change: androidx.test.core.app.InstrumentationActivityInvoker$EmptyActivity@98ecbea in: CREATED
02-05 17:41:04.135 15500 15500 D LifecycleMonitor: running callback: androidx.test.core.app.ActivityScenario$1@1c94fe9
02-05 17:41:04.135 15500 15500 V ActivityScenario: Activity lifecycle changed event received but ignored because the intent does not match. startActivityIntent=Intent { act=android.intent.action.MAIN cat=[android.intent.category.LAUNCHER] cmp=com.example.dogglers/.VerticalListActivity }, activity.getIntent()=Intent { act=android.intent.action.MAIN cat=[android.intent.category.LAUNCHER] flg=0x10000000 cmp=com.example.dogglers/androidx.test.core.app.InstrumentationActivityInvoker$EmptyActivity }, activity=androidx.test.core.app.InstrumentationActivityInvoker$EmptyActivity@98ecbea
02-05 17:41:04.135 15500 15500 D LifecycleMonitor: callback completes: androidx.test.core.app.ActivityScenario$1@1c94fe9
02-05 17:41:04.136  1163  3970 I InputDispatcher: Focus left window (15500): 1bd3f54 in display 0 0
02-05 17:41:04.136 15500 15500 D LifecycleMonitor: Lifecycle status change: androidx.test.core.app.InstrumentationActivityInvoker$EmptyActivity@98ecbea in: STARTED
02-05 17:41:04.136 15500 15500 D LifecycleMonitor: running callback: androidx.test.core.app.ActivityScenario$1@1c94fe9
02-05 17:41:04.136 15500 15500 V ActivityScenario: Activity lifecycle changed event received but ignored because the intent does not match. startActivityIntent=Intent { act=android.intent.action.MAIN cat=[android.intent.category.LAUNCHER] cmp=com.example.dogglers/.VerticalListActivity }, activity.getIntent()=Intent { act=android.intent.action.MAIN cat=[android.intent.category.LAUNCHER] flg=0x10000000 cmp=com.example.dogglers/androidx.test.core.app.InstrumentationActivityInvoker$EmptyActivity }, activity=androidx.test.core.app.InstrumentationActivityInvoker$EmptyActivity@98ecbea
02-05 17:41:04.136 15500 15500 D LifecycleMonitor: callback completes: androidx.test.core.app.ActivityScenario$1@1c94fe9
02-05 17:41:04.137 15500 15500 D LifecycleMonitor: Lifecycle status change: androidx.test.core.app.InstrumentationActivityInvoker$EmptyActivity@98ecbea in: RESUMED
02-05 17:41:04.137 15500 15500 D LifecycleMonitor: running callback: androidx.test.core.app.ActivityScenario$1@1c94fe9
02-05 17:41:04.138 15500 15500 V ActivityScenario: Activity lifecycle changed event received but ignored because the intent does not match. startActivityIntent=Intent { act=android.intent.action.MAIN cat=[android.intent.category.LAUNCHER] cmp=com.example.dogglers/.VerticalListActivity }, activity.getIntent()=Intent { act=android.intent.action.MAIN cat=[android.intent.category.LAUNCHER] flg=0x10000000 cmp=com.example.dogglers/androidx.test.core.app.InstrumentationActivityInvoker$EmptyActivity }, activity=androidx.test.core.app.InstrumentationActivityInvoker$EmptyActivity@98ecbea
02-05 17:41:04.138 15500 15500 D LifecycleMonitor: callback completes: androidx.test.core.app.ActivityScenario$1@1c94fe9
02-05 17:41:04.140  1163  3939 D InputTransport: Input channel constructed: 'c602fa ', fd=860
02-05 17:41:04.140  1163  3939 D InputTransport: Input channel constructed: 'c602fa ', fd=887
02-05 17:41:04.140   789  1272 I SurfaceFlinger: id=80153 createSurf (0x0),-1 flag=80004, c602fa com.example.dogglers/androidx.test.core.app.InstrumentationActivityInvoker$EmptyActivity#0
02-05 17:41:04.140  1163  3939 D WindowManager: isScreenshotDisabledLocked - win: Window{c602fa u0 com.example.dogglers/androidx.test.core.app.InstrumentationActivityInvoker$EmptyActivity}
02-05 17:41:04.140  1163  3939 D WindowManager: isScreenshotDisabledLocked: userId = 0, disabled =false
02-05 17:41:04.141  1163  3939 D InputTransport: Input channel destroyed: 'c602fa ', fd=887
02-05 17:41:04.141 15500 15500 D InputTransport: Input channel constructed: 'c602fa ', fd=97
02-05 17:41:04.141 15500 15500 I ViewRootImpl@a34fdb7[InstrumentationActivityInvoker$EmptyActivity]: setView = com.android.internal.policy.DecorView@42c7d78 TM=true
02-05 17:41:04.142  1163  3970 D SamsungIMMSHWKeyboard: isConnectedDexOnPC false
02-05 17:41:04.142 15500 15500 I SurfaceControl: nativeRelease nativeObject s[499183198208]
02-05 17:41:04.142 15500 15500 I SurfaceControl: nativeRelease nativeObject e[499183198208]
02-05 17:41:04.142 15500 15500 I SurfaceControl: nativeRelease nativeObject s[499183203200]
02-05 17:41:04.142 15500 15500 I SurfaceControl: nativeRelease nativeObject e[499183203200]
02-05 17:41:04.142  1163  3970 D InputMethodManagerService: isImeSwitcherDisabledPackage : false
02-05 17:41:04.152  1163  3939 V WindowManager: Relayout Window{c602fa u0 com.example.dogglers/androidx.test.core.app.InstrumentationActivityInvoker$EmptyActivity}: viewVisibility=0 req=1080x2400
02-05 17:41:04.153  1163  3939 W WindowManager: lockNow pending, ignore updating lockscreen timeout
02-05 17:41:04.153  1163  3939 D WindowManager: isScreenshotDisabledLocked - win: Window{c602fa u0 com.example.dogglers/androidx.test.core.app.InstrumentationActivityInvoker$EmptyActivity}
02-05 17:41:04.153  1163  3939 D WindowManager: isScreenshotDisabledLocked: userId = 0, disabled =false
02-05 17:41:04.153   789   835 I SurfaceFlinger: id=80154 createSurf (1080x2400),1 flag=404, com.example.dogglers/androidx.test.core.app.InstrumentationActivityInvoker$EmptyActivity$_15500#1
02-05 17:41:04.155  1163  3939 I SurfaceControl: nativeRelease nativeObject s[499183874912]
02-05 17:41:04.155  1163  3939 I SurfaceControl: nativeRelease nativeObject e[499183874912]
02-05 17:41:04.155   789  2265 I SurfaceFlinger: id=80155 createSurf (0x0),-1 flag=24000, Surface(name=8c655e2 StatusBar)/@0x44a9b07 - animation-leash#1
02-05 17:41:04.155  1163  3939 I SurfaceControl: nativeRelease nativeObject s[499183875008]
02-05 17:41:04.155  1163  3939 I SurfaceControl: nativeRelease nativeObject e[499183875008]
02-05 17:41:04.155   789   835 I SurfaceFlinger: id=80156 createSurf (0x0),-1 flag=24000, Surface(name=b29f82b NavigationBar0)/@0x8634759 - animation-leash#0
02-05 17:41:04.156  1163  3939 V WindowManager: Relayout hash=c602fa, pid=15500: mAttrs={(0,0)(fillxfill) sim={adjust=pan forwardNavigation} ty=BASE_APPLICATION wanim=0x1030001
02-05 17:41:04.156  1163  3939 V WindowManager:   fl=1810100
02-05 17:41:04.156  1163  3939 V WindowManager:   pfl=12020000
02-05 17:41:04.156  1163  3939 V WindowManager:   fitSides= naviIconColor=0}
02-05 17:41:04.156  1163  3939 I SurfaceControl: nativeRelease nativeObject s[496861209856]
02-05 17:41:04.156  1163  3939 I SurfaceControl: nativeRelease nativeObject e[496861209856]
02-05 17:41:04.157 15500 15500 I SurfaceControl: assignNativeObject: nativeObject = 0 Surface(name=null)/@0x67f924 / android.view.SurfaceControl.readFromParcel:1117 android.view.IWindowSession$Stub$Proxy.relayout:1820 android.view.ViewRootImpl.relayoutWindow:9005 android.view.ViewRootImpl.performTraversals:3360 android.view.ViewRootImpl.doTraversal:2618 android.view.ViewRootImpl$TraversalRunnable.run:9971 android.view.Choreographer$CallbackRecord.run:1010 android.view.Choreographer.doCallbacks:809 android.view.Choreographer.doFrame:744 android.view.Choreographer$FrameDisplayEventReceiver.run:995
02-05 17:41:04.157 15500 15500 I ViewRootImpl@a34fdb7[InstrumentationActivityInvoker$EmptyActivity]: Relayout returned: old=(0,0,1080,2400) new=(0,0,1080,2400) req=(1080,2400)0 dur=5 res=0x7 s={true 499142242304} ch=true fn=-1
02-05 17:41:04.158 15500 15565 I mali_winsys: new_window_surface() [1080x2400] return: 0x3000
02-05 17:41:04.158 15500 15500 I ViewRootImpl@a34fdb7[InstrumentationActivityInvoker$EmptyActivity]: [DP] dp(1) 1 android.view.ViewRootImpl.reportNextDraw:10957 android.view.ViewRootImpl.performTraversals:3845 android.view.ViewRootImpl.doTraversal:2618
02-05 17:41:04.158   716   957 D gralloc : [mali_gralloc_allocate] begin
02-05 17:41:04.158   716   957 D gralloc : buffer_descriptor: wh(1080 2400) usage_pc(0x40000000000b00 0x40000000000b00) hal_format(0x1) layer_count(1) sizes(0 0 0) strde(0) byte_stride(0) alloc_wh(0 0) internal_format(0x0) alloc_format(0x0) fd_count(1) plane_count(0)
02-05 17:41:04.158 15500 15500 I ViewRootImpl@a34fdb7[InstrumentationActivityInvoker$EmptyActivity]: [DP] pd() Asnyc report
02-05 17:41:04.159   716   957 D gralloc : [mali_gralloc_allocate] allocation successful
02-05 17:41:04.159   716   957 D gralloc : [mali_gralloc_allocate] begin
02-05 17:41:04.159   716   957 D gralloc : buffer_descriptor: wh(1080 2400) usage_pc(0x40000000000b00 0x40000000000b00) hal_format(0x1) layer_count(1) sizes(0 0 0) strde(0) byte_stride(0) alloc_wh(0 0) internal_format(0x0) alloc_format(0x0) fd_count(1) plane_count(0)
02-05 17:41:04.160   716   957 D gralloc : [mali_gralloc_allocate] allocation successful
02-05 17:41:04.161   716   957 D gralloc : [mali_gralloc_allocate] begin
