02-05 17:40:55.447 15500 15559 I TestRunner: started: grid_list_content_on_first_page(com.example.dogglers.GridListTests)
02-05 17:40:55.451 15500 15559 W Settings: Setting always_finish_activities has moved from android.provider.Settings.System to android.provider.Settings.Global, returning read-only value.
02-05 17:40:55.453   789   789 I Layer   : id=79720[1] Destroyed Task=12730#0
02-05 17:40:55.453   789   789 I Layer   : id=79742[1] Destroyed ActivityRecord{6e0666 u0 com.example.dogglers/androidx.test.core.app.InstrumentationActivityInvoker$EmptyActivity t12730}#0
02-05 17:40:55.453   789   789 I Layer   : id=79745[1] Destroyed 63d9e97 com.example.dogglers/androidx.test.core.app.InstrumentationActivityInvoker$EmptyActivity#0
02-05 17:40:55.453   789   789 I Layer   : id=79746[1] Destroyed com.example.dogglers/androidx.test.core.app.InstrumentationActivityInvoker$EmptyActivity$_15500#1
02-05 17:40:55.454  1163  2602 I SemDvfsHyPerManager: acquire hyper - AMS_APP_SWITCH/1163@24, type = -999
02-05 17:40:55.454   726   817 I HYPER-HAL: [RequestManager.cpp]acquire(): Acquired ID : 705102  [1163 / 24]    HINT : AMS_APP_SWITCH    list :
02-05 17:40:55.454   789  2265 I SurfaceFlinger: id=79758 createSurf (0x0),-1 flag=24004, Task=12731#0
02-05 17:40:55.455   726   817 I HYPER-HAL: [ResourceManager.cpp]updateResource(): [CPUMinFreq] UpdateResource Request ID : 705102    Value : 2623359
02-05 17:40:55.456   789  2265 I SurfaceFlinger: id=79759 createSurf (0x0),-1 flag=80004, ActivityRecord{bd324f3 u0 com.example.dogglers/androidx.test.core.app.InstrumentationActivityInvoker$BootstrapActivity t12731}#0
02-05 17:40:55.456  4183  4183 I SemDvfsHyPerManager: acquire hyper - com.sec.android.sdhms/4183@9, type = -999
02-05 17:40:55.456   726   817 I HYPER-HAL: [RequestManager.cpp]acquire(): Acquired ID : 8788537  [4183 / 9]    HINT : APP_START    list :
02-05 17:40:55.456   726   817 I HYPER-HAL: [ResourceManager.cpp]updateResource(): [CPUMaxFreq] UpdateResource Request ID : 8788537    Value : 2730000
02-05 17:40:55.457  1163  3935 V WindowOrientationListener: getProposedRotation: 0
02-05 17:40:55.458  1163  3935 W WindowManager: lockNow pending, ignore updating lockscreen timeout
02-05 17:40:55.459  1163  3935 I SemDvfsHyPerManager: acquire hyper - AMS_APP_LAUNCH/1163@21, type = -999
02-05 17:40:55.459   726   817 I HYPER-HAL: [RequestManager.cpp]acquire(): Acquired ID : 701541  [1163 / 21]    HINT : AMS_APP_LAUNCH    list :
02-05 17:40:55.459   726   817 I HYPER-HAL: [ResourceManager.cpp]updateResource(): [CPUMinFreq] UpdateResource Request ID : 701541    Value : 2623359
02-05 17:40:55.460  2003  2003 I DragController: endDrag
02-05 17:40:55.460  2003  2003 W PageOverlayMover: updateActivityLifecycleState : 3
02-05 17:40:55.460  5089 28744 I PageOverlayServiceImpl: [FROM HOME] updateActivityLifecycleState : 3
02-05 17:40:55.460  2003  2003 I SPayUpdater: updateSpayHandler launcher activity is paused false
02-05 17:40:55.462  1163  3935 V WindowOrientationListener: getProposedRotation: 0
02-05 17:40:55.462  1163  3935 V WindowOrientationListener: getProposedRotation: 0
02-05 17:40:55.462  1163  3935 V WindowOrientationListener: getProposedRotation: 0
02-05 17:40:55.463  1163  3935 D InputDispatcher: Focused application set to (0): bd324f3
02-05 17:40:55.495  1163  3935 W WindowManager: lockNow pending, ignore updating lockscreen timeout
02-05 17:40:55.496  1163  3935 V WindowManager: Relayout Window{6030dc2 u0 com.sec.android.app.launcher/com.sec.android.app.launcher.activities.LauncherActivity}: viewVisibility=0 req=1080x2400
02-05 17:40:55.497  1163  3935 W WindowManager: lockNow pending, ignore updating lockscreen timeout
02-05 17:40:55.498  1163  1240 D InputTransport: Input channel constructed: '4136182', fd=888
02-05 17:40:55.498  1163  1240 D InputTransport: Input channel constructed: '4136182', fd=915
02-05 17:40:55.498  1163  3935 V WindowManager: Relayout hash=6030dc2, pid=2003: mAttrs={(0,0)(fillxfill) sim={adjust=nothing} layoutInDisplayCutoutMode=shortEdges ty=BASE_APPLICATION fmt=TRANSPARENT wanim=0x10302f2
02-05 17:40:55.498  1163  3935 V WindowManager:   fl=81910100
02-05 17:40:55.498  1163  3935 V WindowManager:   pfl=16020000
02-05 17:40:55.498  1163  3935 V WindowManager:   vsysui=1700
02-05 17:40:55.498  1163  3935 V WindowManager:   apr=LIGHT_STATUS_BARS
02-05 17:40:55.498  1163  3935 V WindowManager:   bhv=SHOW_TRANSIENT_BARS_BY_SWIPE
02-05 17:40:55.498  1163  3935 V WindowManager:   fitSides= dimAmount=0.125 dimDuration=200 naviIconColor=0}
02-05 17:40:55.499  1163  3935 I SurfaceControl: nativeRelease nativeObject s[499038974720]
02-05 17:40:55.499  1163  3935 I SurfaceControl: nativeRelease nativeObject e[499038974720]
02-05 17:40:55.499   789  1273 I SurfaceFlinger: id=79760 createSurf (0x0),-1 flag=80004, 4136182 Splash Screen com.example.dogglers#0
02-05 17:40:55.499  2003  2003 I SurfaceControl: nativeRelease nativeObject s[497484648512]
02-05 17:40:55.499  2003  2003 I SurfaceControl: nativeRelease nativeObject e[497484648512]
02-05 17:40:55.499  2003  2003 I SurfaceControl: assignNativeObject: nativeObject = 0 Surface(name=null)/@0x37cdda1 / android.view.SurfaceControl.readFromParcel:1117 android.view.IWindowSession$Stub$Proxy.relayout:1820 android.view.ViewRootImpl.relayoutWindow:9005 android.view.ViewRootImpl.performTraversals:3360 android.view.ViewRootImpl.doTraversal:2618 android.view.ViewRootImpl$TraversalRunnable.run:9971 android.view.Choreographer$CallbackRecord.run:1010 android.view.Choreographer.doCallbacks:809 android.view.Choreographer.doFrame:744 android.view.Choreographer$FrameDisplayEventReceiver.run:995
02-05 17:40:55.499  2003  2003 I SurfaceControl: nativeRelease nativeObject s[497484220544]
02-05 17:40:55.499  2003  2003 I SurfaceControl: nativeRelease nativeObject e[497484220544]
02-05 17:40:55.499  2003  2003 I SurfaceControl: nativeRelease nativeObject s[497484219680]
02-05 17:40:55.499  2003  2003 I SurfaceControl: nativeRelease nativeObject e[497484219680]
02-05 17:40:55.499  2003  2003 I SurfaceControl: nativeRelease nativeObject s[497484217472]
02-05 17:40:55.500  2003  2003 I SurfaceControl: nativeRelease nativeObject e[497484217472]
02-05 17:40:55.500  2003  2003 I ViewRootImpl@e2e8b8d[LauncherActivity]: Relayout returned: old=(0,0,1080,2400) new=(0,0,1080,2400) req=(1080,2400)0 dur=3 res=0x1 s={true 497483223040} ch=false fn=23
02-05 17:40:55.500  1163  1259 D FastTrack: setFastTrackState: pid = 15500 ;tid= 15500 ;value= 1
02-05 17:40:55.500  1163  1259 D FastTrack: setFastTrackState: pid = 15500 ;tid= 15565 ;value= 1
02-05 17:40:55.501  1163  1240 I ViewRootImpl@59174cd[dogglers]: setView = com.android.internal.policy.DecorView@e1a13ce TM=true
02-05 17:40:55.502 15500 15500 D LifecycleMonitor: Lifecycle status change: androidx.test.core.app.InstrumentationActivityInvoker$BootstrapActivity@9106fc1 in: PRE_ON_CREATE
02-05 17:40:55.502 15500 15500 D LifecycleMonitor: running callback: androidx.test.core.app.ActivityScenario$1@e529366
02-05 17:40:55.502 15500 15500 V ActivityScenario: Activity lifecycle changed event received but ignored because the intent does not match. startActivityIntent=Intent { act=android.intent.action.MAIN cat=[android.intent.category.LAUNCHER] cmp=com.example.dogglers/.GridListActivity }, activity.getIntent()=Intent { act=android.intent.action.MAIN cat=[android.intent.category.LAUNCHER] flg=0x10008000 cmp=com.example.dogglers/androidx.test.core.app.InstrumentationActivityInvoker$BootstrapActivity (has extras) }, activity=androidx.test.core.app.InstrumentationActivityInvoker$BootstrapActivity@9106fc1
02-05 17:40:55.502 15500 15500 D LifecycleMonitor: callback completes: androidx.test.core.app.ActivityScenario$1@e529366
02-05 17:40:55.504  1163  1240 V WindowManager: Relayout Window{4136182 u0 Splash Screen com.example.dogglers}: viewVisibility=0 req=1080x2400
02-05 17:40:55.504  1163  1240 W WindowManager: lockNow pending, ignore updating lockscreen timeout
02-05 17:40:55.504  1163  1801 I InputDispatcher: Focus left window (2003): 6030dc2 in display 0 0
02-05 17:40:55.505  1163  1240 D WindowManager: isScreenshotDisabledLocked - win: Window{4136182 u0 Splash Screen com.example.dogglers}
02-05 17:40:55.505  1163  1240 D WindowManager: isScreenshotDisabledLocked: userId = 0, disabled =false
02-05 17:40:55.505   789  2265 I SurfaceFlinger: id=79761 createSurf (1080x2400),1 flag=404, Splash Screen com.example.dogglers#0
02-05 17:40:55.507  2003  2003 I ViewRootImpl@e2e8b8d[LauncherActivity]: MSG_WINDOW_FOCUS_CHANGED 0 1
02-05 17:40:55.507  1163  1240 V WindowManager: Relayout hash=4136182, pid=1163: mAttrs={(0,0)(fillxfill) sim={adjust=pan} layoutInDisplayCutoutMode=shortEdges ty=APPLICATION_STARTING wanim=0x1030001
02-05 17:40:55.507  1163  1240 V WindowManager:   fl=1830118
02-05 17:40:55.507  1163  1240 V WindowManager:   pfl=12020011
02-05 17:40:55.507  1163  1240 V WindowManager:   fitSides= naviIconColor=0}
02-05 17:40:55.507  1163  1240 I ViewRootImpl@59174cd[dogglers]: Relayout returned: old=(0,0,1080,2400) new=(0,0,1080,2400) req=(1080,2400)0 dur=4 res=0x7 s={true 497474408448} ch=true fn=-1
02-05 17:40:55.508  1163  1240 I ViewRootImpl@59174cd[dogglers]: [DP] dp(1) 1 android.view.ViewRootImpl.reportNextDraw:10957 android.view.ViewRootImpl.performTraversals:3845 android.view.ViewRootImpl.doTraversal:2618
02-05 17:40:55.508   716   953 D gralloc : [mali_gralloc_allocate] begin
02-05 17:40:55.508   716   953 D gralloc : buffer_descriptor: wh(1080 2400) usage_pc(0x966 0x906) hal_format(0x1) layer_count(1) sizes(0 0 0) strde(0) byte_stride(0) alloc_wh(0 0) internal_format(0x0) alloc_format(0x0) fd_count(1) plane_count(0)
02-05 17:40:55.509   716   953 D gralloc : [mali_gralloc_allocate] allocation successful
02-05 17:40:55.510  2669 16185 E pageboostd: prefetch start : app brcomunimedsantosuniapp
02-05 17:40:55.511  2669  2669 E pageboostd: Received Reclaim command code 3, 92MB
02-05 17:40:55.512 15500 15500 I DecorView: [INFO] isPopOver=false, config=true
02-05 17:40:55.512 15500 15500 I DecorView: updateCaptionType >> DecorView@2f1e754[], isFloating=false, isApplication=true, hasWindowDecorCaption=false, hasWindowControllerCallback=true
02-05 17:40:55.512 15500 15500 D DecorView: setCaptionType = 0, this = DecorView@2f1e754[]
02-05 17:40:55.512  2669 16185 E pageboostd: brcomunimedsantosuniapp, amt 4386816 scnt 10 fcnt 0
02-05 17:40:55.512  2669 16185 E pageboostd: prefetch end : app brcomunimedsantosuniapp data_amount 4386816
02-05 17:40:55.512  2669 16184 E pageboostd: prefetch start : app comgoogleandroidcalculator
02-05 17:40:55.513   678   678 E audit   : type=1400 audit(1644093655.507:96849): avc:  denied  { search } for  pid=2669 comm="pageboostd" name="com.google.android.gms" dev="sda32" ino=2371 scontext=u:r:pageboostd:s0 tcontext=u:object_r:privapp_data_file:s0:c512,c768 tclass=dir permissive=0 SEPF_SM-G780F_11_0010 audit_filtered
02-05 17:40:55.513   678   678 E audit   : type=1300 audit(1644093655.507:96849): arch=c00000b7 syscall=56 success=no exit=-13 a0=ffffff9c a1=79f1a5c850 a2=0 a3=0 items=0 ppid=1 pid=2669 auid=4294967295 uid=1000 gid=1000 euid=1000 suid=1000 fsuid=1000 egid=1000 sgid=1000 fsgid=1000 tty=(none) ses=4294967295 comm="pageboostd" exe="/system/bin/pageboostd" subj=u:r:pageboostd:s0 key=(null)
02-05 17:40:55.513   678   678 E audit   : type=1327 audit(1644093655.507:96849): proctitle="/system/bin/pageboostd"
02-05 17:40:55.513   678   678 E audit   : type=1400 audit(1644093655.507:96850): avc:  denied  { search } for  pid=2669 comm="pageboostd" name="com.google.android.gms" dev="sda32" ino=2371 scontext=u:r:pageboostd:s0 tcontext=u:object_r:privapp_data_file:s0:c512,c768 tclass=dir permissive=0 SEPF_SM-G780F_11_0010 audit_filtered
02-05 17:40:55.514 15500 15500 D LifecycleMonitor: Lifecycle status change: androidx.test.core.app.InstrumentationActivityInvoker$BootstrapActivity@9106fc1 in: CREATED
02-05 17:40:55.514 15500 15500 D LifecycleMonitor: running callback: androidx.test.core.app.ActivityScenario$1@e529366
02-05 17:40:55.514 15500 15500 V ActivityScenario: Activity lifecycle changed event received but ignored because the intent does not match. startActivityIntent=Intent { act=android.intent.action.MAIN cat=[android.intent.category.LAUNCHER] cmp=com.example.dogglers/.GridListActivity }, activity.getIntent()=Intent { act=android.intent.action.MAIN cat=[android.intent.category.LAUNCHER] flg=0x10008000 cmp=com.example.dogglers/androidx.test.core.app.InstrumentationActivityInvoker$BootstrapActivity (has extras) }, activity=androidx.test.core.app.InstrumentationActivityInvoker$BootstrapActivity@9106fc1
02-05 17:40:55.514 15500 15500 D LifecycleMonitor: callback completes: androidx.test.core.app.ActivityScenario$1@e529366
02-05 17:40:55.514  1163  1240 I ViewRootImpl@59174cd[dogglers]: [DP] pdf(0) 1 android.view.ViewRootImpl.performDraw:4809 android.view.ViewRootImpl.performTraversals:3866 android.view.ViewRootImpl.doTraversal:2618
02-05 17:40:55.514  1163  1240 I ViewRootImpl@59174cd[dogglers]: [DP] rdf()
02-05 17:40:55.515  2669 16184 E pageboostd: comgoogleandroidcalculator, amt 1200128 scnt 5 fcnt 11
02-05 17:40:55.515  2669 16184 E pageboostd: prefetch end : app comgoogleandroidcalculator data_amount 1200128
02-05 17:40:55.515 15500 15500 D LifecycleMonitor: Lifecycle status change: androidx.test.core.app.InstrumentationActivityInvoker$BootstrapActivity@9106fc1 in: STARTED
02-05 17:40:55.515 15500 15500 D LifecycleMonitor: running callback: androidx.test.core.app.ActivityScenario$1@e529366
02-05 17:40:55.515  2669 16186 E pageboostd: mem prepare start : 92 MB
02-05 17:40:55.515 15500 15500 V ActivityScenario: Activity lifecycle changed event received but ignored because the intent does not match. startActivityIntent=Intent { act=android.intent.action.MAIN cat=[android.intent.category.LAUNCHER] cmp=com.example.dogglers/.GridListActivity }, activity.getIntent()=Intent { act=android.intent.action.MAIN cat=[android.intent.category.LAUNCHER] flg=0x10008000 cmp=com.example.dogglers/androidx.test.core.app.InstrumentationActivityInvoker$BootstrapActivity (has extras) }, activity=androidx.test.core.app.InstrumentationActivityInvoker$BootstrapActivity@9106fc1
02-05 17:40:55.515 15500 15500 D LifecycleMonitor: callback completes: androidx.test.core.app.ActivityScenario$1@e529366
02-05 17:40:55.516  1163  1240 W WindowManager: lockNow pending, ignore updating lockscreen timeout
02-05 17:40:55.520  1680  2416 D WallpaperService: dispatchAppVisibility onVisibilityChanged(): false
02-05 17:40:55.520  1680  1680 D WallpaperService: reportVisibility onVisibilityChanged visible: false
02-05 17:40:55.521  1680  1806 I ImageWallpaper:  onVisibilityChanged false , 0
02-05 17:40:55.521  2003  2003 I BadgeRenderer: Invalid count : 0
02-05 17:40:55.521  2003  2003 I BadgeRenderer: Invalid count : 0
02-05 17:40:55.521  2003  2003 I BadgeRenderer: Invalid count : 0
02-05 17:40:55.521  2003  2003 I BadgeRenderer: Invalid count : 0
02-05 17:40:55.521  2003  2003 I BadgeRenderer: Invalid count : 0
02-05 17:40:55.521  2003  2003 I BadgeRenderer: Invalid count : 0
02-05 17:40:55.522  1163  1240 I SurfaceControl: nativeRelease nativeObject s[496867020608]
02-05 17:40:55.522  1163  1240 I SurfaceControl: nativeRelease nativeObject e[496867020608]
02-05 17:40:55.522   789  1272 I SurfaceFlinger: id=79762 createSurf (0x0),-1 flag=24000, Surface(name=8c655e2 StatusBar)/@0x44a9b07 - animation-leash#1
02-05 17:40:55.523  1163  1240 I SurfaceControl: nativeRelease nativeObject s[496871092800]
02-05 17:40:55.523  1163  1240 I SurfaceControl: nativeRelease nativeObject e[496871092800]
02-05 17:40:55.523   789  1272 I SurfaceFlinger: id=79763 createSurf (0x0),-1 flag=24000, Surface(name=b29f82b NavigationBar0)/@0x8634759 - animation-leash#0
02-05 17:40:55.524  1163  1240 W WindowManager: lockNow pending, ignore updating lockscreen timeout
02-05 17:40:55.525   789  1272 I Layer   : id=79751 removeFromCurrentState Surface(name=8c655e2 StatusBar)/@0x44a9b07 - animation-leash#0 (189)
02-05 17:40:55.525   789  1272 I Layer   : id=79752 removeFromCurrentState Surface(name=b29f82b NavigationBar0)/@0x8634759 - animation-leash#1 (189)
02-05 17:40:55.527   789  1272 I SurfaceFlinger: id=79764 createSurf (0x0),-1 flag=80004, ActivityRecord{c362b3d u0 com.example.dogglers/.GridListActivity t12731}#0
02-05 17:40:55.530  1163  1235 W WindowManager: lockNow pending, ignore updating lockscreen timeout
02-05 17:40:55.531 15500 15500 D LifecycleMonitor: Lifecycle status change: androidx.test.core.app.InstrumentationActivityInvoker$BootstrapActivity@9106fc1 in: RESUMED
02-05 17:40:55.531 15500 15500 D LifecycleMonitor: running callback: androidx.test.core.app.ActivityScenario$1@e529366
02-05 17:40:55.531 15500 15500 V ActivityScenario: Activity lifecycle changed event received but ignored because the intent does not match. startActivityIntent=Intent { act=android.intent.action.MAIN cat=[android.intent.category.LAUNCHER] cmp=com.example.dogglers/.GridListActivity }, activity.getIntent()=Intent { act=android.intent.action.MAIN cat=[android.intent.category.LAUNCHER] flg=0x10008000 cmp=com.example.dogglers/androidx.test.core.app.InstrumentationActivityInvoker$BootstrapActivity (has extras) }, activity=androidx.test.core.app.InstrumentationActivityInvoker$BootstrapActivity@9106fc1
02-05 17:40:55.531 15500 15500 D LifecycleMonitor: callback completes: androidx.test.core.app.ActivityScenario$1@e529366
02-05 17:40:55.532  1163  1240 I ViewRootImpl@59174cd[dogglers]: MSG_RESIZED_REPORT: frame=(0,0,1080,2400) ci=(0,88,0,144) vi=(0,88,0,144) or=1
02-05 17:40:55.532  1163  1240 I ViewRootImpl@59174cd[dogglers]: [DP] dp(1) 1 android.view.ViewRootImpl.reportNextDraw:10957 android.view.ViewRootImpl.access$1200:256 android.view.ViewRootImpl$ViewRootHandler.handleMessage:6101
02-05 17:40:55.533 15500 15500 D LifecycleMonitor: Lifecycle status change: androidx.test.core.app.InstrumentationActivityInvoker$BootstrapActivity@9106fc1 in: PAUSED
02-05 17:40:55.533 15500 15500 D LifecycleMonitor: running callback: androidx.test.core.app.ActivityScenario$1@e529366
02-05 17:40:55.533  1163  1240 W WindowManager: lockNow pending, ignore updating lockscreen timeout
02-05 17:40:55.533 15500 15500 V ActivityScenario: Activity lifecycle changed event received but ignored because the intent does not match. startActivityIntent=Intent { act=android.intent.action.MAIN cat=[android.intent.category.LAUNCHER] cmp=com.example.dogglers/.GridListActivity }, activity.getIntent()=Intent { act=android.intent.action.MAIN cat=[android.intent.category.LAUNCHER] flg=0x10008000 cmp=com.example.dogglers/androidx.test.core.app.InstrumentationActivityInvoker$BootstrapActivity (has extras) }, activity=androidx.test.core.app.InstrumentationActivityInvoker$BootstrapActivity@9106fc1
02-05 17:40:55.533 15500 15500 D LifecycleMonitor: callback completes: androidx.test.core.app.ActivityScenario$1@e529366
02-05 17:40:55.534  1163  1235 V WindowOrientationListener: getProposedRotation: 0
02-05 17:40:55.535  1163  1235 D InputDispatcher: Focused application set to (0): c362b3d
02-05 17:40:55.537  1163  1235 W WindowManager: lockNow pending, ignore updating lockscreen timeout
02-05 17:40:55.539   789  1272 I SurfaceFlinger: id=79765 createSurf (0x0),-1 flag=24000, Surface(name=ActivityRecord{bd324f3 u0 com.example.dogglers/androidx.test.core.app.InstrumentationActivityInvoker$BootstrapActivity t12731})/@0xaece5df - animation-leash#0
02-05 17:40:55.539   789  2265 I SurfaceFlinger: id=79766 createSurf (0x0),-1 flag=20004, Dim Layer for - Task=12731 - animating-dim#0
02-05 17:40:55.540   789   834 I SurfaceFlinger: id=79767 createSurf (0x0),-1 flag=24000, Surface(name=Dim Layer for - Task=12731 - animating-dim)/@0x735728a - animation-leash#0
02-05 17:40:55.540  2003  4215 I mali_egl: eglDestroySurface() in
02-05 17:40:55.540   789   834 I SurfaceFlinger: id=79768 createSurf (0x0),-1 flag=80004, Surface(name=ActivityRecord{bd324f3 u0 com.example.dogglers/androidx.test.core.app.InstrumentationActivityInvoker$BootstrapActivity t12731})/@0xaece5df - animation-bounds#0
02-05 17:40:55.540  1163  1235 I SurfaceControl: nativeRelease nativeObject s[499183202528]
02-05 17:40:55.540  1163  1235 I SurfaceControl: nativeRelease nativeObject e[499183202528]
02-05 17:40:55.541  2003  4215 I mali_winsys: delete_surface() [1080x2400] return
02-05 17:40:55.541  2003  4215 I mali_egl: eglDestroySurface() out
02-05 17:40:55.541  1163  1235 W WindowManager: lockNow pending, ignore updating lockscreen timeout
02-05 17:40:55.541   789   835 I Layer   : id=79766 removeFromCurrentState Dim Layer for - Task=12731 - animating-dim#0 (194)
02-05 17:40:55.542   789   834 E BufferQueueProducer: [com.sec.android.app.launcher/com.sec.android.app.launcher.activities.LauncherActivity$_2003#0](id:315000036c3,api:0,p:-1,c:789) disconnect: not connected (req=1)
02-05 17:40:55.543   789  2265 I SurfaceFlinger: id=79766 Removed Dim Layer for - Task=12731 - animating-dim#0 (194)
02-05 17:40:55.543  2003  4215 W libEGL  : EGLNativeWindowType 0x73d44f9010 disconnect failed
02-05 17:40:55.543  1163  1240 V WindowManager: Relayout Window{4136182 u0 Splash Screen com.example.dogglers}: viewVisibility=0 req=1080x2400
02-05 17:40:55.544  1163  1240 W WindowManager: lockNow pending, ignore updating lockscreen timeout
02-05 17:40:55.544   789   789 D SurfaceFlinger: Display 21442653864348033 HWC layers:
02-05 17:40:55.544   789   789 D SurfaceFlinger:      DEVICE | 0x7428c3f0c0 | 0002 | RGBA_8888    |    0.0    0.0 1080.0 2400.0 |    0    0 1080 2400 | Splash Screen com.example.dogglers#0
02-05 17:40:55.544   789   789 D SurfaceFlinger:      DEVICE | 0x7428c3fac0 | 0000 | RGBA_8888    |    0.0    0.0 1080.0   88.0 |    0    0 1080   88 | StatusBar$_1680#0
02-05 17:40:55.544   789   789 D SurfaceFlinger:      DEVICE | 0x7428c40600 | 0000 | RGBA_8888    |    0.0    0.0 1080.0  144.0 |    0 2256 1080 2400 | NavigationBar0$_1680#0
02-05 17:40:55.544   789   789 D SurfaceFlinger:      DEVICE | 0x7408191180 | 0000 | RGBA_8888    |    0.0    0.0 1080.0  125.0 |    0    0 1080  125 | ScreenDecorOverlay$_1680#0
02-05 17:40:55.544   789   789 D SurfaceFlinger:      DEVICE | 0x7428c3f480 | 0000 | RGBA_8888    |    0.0    0.0 1080.0  112.0 |    0 2288 1080 2400 | ScreenDecorOverlayBottom$_1680#0
02-05 17:40:55.544   789   789 D SurfaceFlinger:
02-05 17:40:55.544  1163  1240 I SurfaceControl: nativeRelease nativeObject s[499038975488]
02-05 17:40:55.545  1163  1240 I SurfaceControl: nativeRelease nativeObject e[499038975488]
02-05 17:40:55.545  1163  1240 V WindowManager: Relayout hash=4136182, pid=1163: mAttrs={(0,0)(fillxfill) sim={adjust=pan} layoutInDisplayCutoutMode=shortEdges ty=APPLICATION_STARTING wanim=0x1030001
02-05 17:40:55.545  1163  1240 V WindowManager:   fl=1830118
02-05 17:40:55.545  1163  1240 V WindowManager:   pfl=12020011
02-05 17:40:55.545  1163  1240 V WindowManager:   fitSides= naviIconColor=0}
02-05 17:40:55.545  1163  1235 V WindowManager: Relayout Window{6030dc2 u0 com.sec.android.app.launcher/com.sec.android.app.launcher.activities.LauncherActivity}: viewVisibility=8 req=1080x2400
02-05 17:40:55.545  1163  1240 I SurfaceControl: nativeRelease nativeObject s[496871092800]
02-05 17:40:55.545  1163  1240 I SurfaceControl: nativeRelease nativeObject e[496871092800]
02-05 17:40:55.545  1163  1240 I SurfaceControl: nativeRelease nativeObject s[496867020608]
02-05 17:40:55.545  1163  1240 I SurfaceControl: nativeRelease nativeObject e[496867020608]
02-05 17:40:55.545  1163  1240 I ViewRootImpl@59174cd[dogglers]: Relayout returned: old=(0,0,1080,2400) new=(0,0,1080,2400) req=(1080,2400)0 dur=2 res=0x1 s={true 497474408448} ch=false fn=2
02-05 17:40:55.546   716   953 D gralloc : [mali_gralloc_allocate] begin
02-05 17:40:55.546   716   953 D gralloc : buffer_descriptor: wh(1080 2400) usage_pc(0x966 0x906) hal_format(0x1) layer_count(1) sizes(0 0 0) strde(0) byte_stride(0) alloc_wh(0 0) internal_format(0x0) alloc_format(0x0) fd_count(1) plane_count(0)
02-05 17:40:55.546  1163  1235 W WindowManager: lockNow pending, ignore updating lockscreen timeout
02-05 17:40:55.547   716   953 D gralloc : [mali_gralloc_allocate] allocation successful
02-05 17:40:55.547  1163  1511 D PkgPredictorService: com.example.dogglers go to foreground!
02-05 17:40:55.547  1163  1511 E PkgPredictorService-Collector: record changed bt=1  wifi=1 screen=0
02-05 17:40:55.547  1163  1511 D PkgPredictorService: previous pkgs: com.example.dogglers,com.example.dogglers,com.example.dogglers running pkg: com.example.dogglers, uid: 0 is system: false
02-05 17:40:55.547  1163  1511 D PkgPredictorService-Collector: save record...
02-05 17:40:55.547  1163  1511 D PkgPredictorService-Collector:  (hour:17 day:7 previous:[com.example.dogglers, com.example.dogglers, com.example.dogglers] activityName:unknown running:com.example.dogglers userId:0 screenOrientation:0 wifi:1 bt:1 predictTime:0 apkVersion:1.0 consumeTime:-1 preloaded:false>)
02-05 17:40:55.547  1163  1511 D PkgPredictorService-NapPreloadController: User using: com.example.dogglers
02-05 17:40:55.547  1163  1511 I PkgPredictorService-NapClassifier: RF predict version:1644037200287
02-05 17:40:55.548  1163  1511 D PkgPredictorService-NapClassifier: Predict result: 22.0,-1.0,-1.0,-1.0,-1.0,-1.0,-1.0,-1.0,-1.0, - [0_&_com.laurencedawson.reddit_sync.pro]
02-05 17:40:55.549 15500 15500 D LifecycleMonitor: Lifecycle status change: com.example.dogglers.GridListActivity@23255f9 in: PRE_ON_CREATE
02-05 17:40:55.549 15500 15500 D LifecycleMonitor: running callback: androidx.test.core.app.ActivityScenario$1@e529366
02-05 17:40:55.549  1163  1235 V WindowManager: Relayout hash=6030dc2, pid=2003: mAttrs={(0,0)(fillxfill) sim={adjust=nothing} layoutInDisplayCutoutMode=shortEdges ty=BASE_APPLICATION fmt=TRANSPARENT wanim=0x10302f2
02-05 17:40:55.549  1163  1235 V WindowManager:   fl=81910100
02-05 17:40:55.549  1163  1235 V WindowManager:   pfl=16020000
02-05 17:40:55.549  1163  1235 V WindowManager:   vsysui=1700
02-05 17:40:55.549  1163  1235 V WindowManager:   apr=LIGHT_STATUS_BARS
02-05 17:40:55.549  1163  1235 V WindowManager:   bhv=SHOW_TRANSIENT_BARS_BY_SWIPE
02-05 17:40:55.549  1163  1235 V WindowManager:   fitSides= dimAmount=0.125 dimDuration=200 naviIconColor=0}
02-05 17:40:55.549 15500 15500 V ActivityScenario: Activity lifecycle changed event received but ignored because the reported transition was not ON_CREATE while the last known transition was PRE_ON_CREATE
02-05 17:40:55.549 15500 15500 D LifecycleMonitor: callback completes: androidx.test.core.app.ActivityScenario$1@e529366
02-05 17:40:55.549  1163  1237 D SehCodecSolutionService: Update top [com.example.dogglers]
02-05 17:40:55.550  1163  1240 I ViewRootImpl@59174cd[dogglers]: [DP] pdf(0) 1 android.view.ViewRootImpl.performDraw:4809 android.view.ViewRootImpl.performTraversals:3866 android.view.ViewRootImpl.doTraversal:2618
02-05 17:40:55.550  1163  1240 I ViewRootImpl@59174cd[dogglers]: [DP] rdf()
02-05 17:40:55.553  1163  1237 D WindowManager: setDisableFlags: displayId=0, vis=0x8008, appearance=0, transientState=Pair{[I@d4d7b71 [I@2d56}, isFullscreen=false, isImmersive=false, barType=0, win=Window{4136182 u0 Splash Screen com.example.dogglers}
02-05 17:40:55.554   789   789 I Layer   : id=79766[1] Destroyed Dim Layer for - Task=12731 - animating-dim#0
02-05 17:40:55.554 15500 15500 I DecorView: [INFO] isPopOver=false, config=true
02-05 17:40:55.554 15500 15500 I DecorView: updateCaptionType >> DecorView@b1ca216[], isFloating=false, isApplication=true, hasWindowDecorCaption=false, hasWindowControllerCallback=true
02-05 17:40:55.554 15500 15500 D DecorView: setCaptionType = 0, this = DecorView@b1ca216[]
02-05 17:40:55.558  1680  1680 D NavigationBar: onSystemBarAppearanceChanged() -  displayId:0, appearance:0, navbarColorManagedByIme:false
02-05 17:40:55.560  1680  1680 D SecStatusBarMobileView: setStaticDrawableColor:
02-05 17:40:55.560  1680  1680 D SecLightBarControlHelper: updateStatus(WHITE icon) NumLightStacks:0, NumStacks:1, IndexLightStack:-1, StatusBarMode:0, StatusBarState:SHD, NeedDarkFontFromWallpaper:true, isWhiteKeyguardStatusBarBySettings:true
02-05 17:40:55.561 15500 15500 D LifecycleMonitor: Lifecycle status change: com.example.dogglers.GridListActivity@23255f9 in: CREATED
02-05 17:40:55.561 15500 15500 D LifecycleMonitor: running callback: androidx.test.core.app.ActivityScenario$1@e529366
02-05 17:40:55.561 15500 15500 V ActivityScenario: Update currentActivityStage to CREATED, currentActivity=com.example.dogglers.GridListActivity@23255f9
02-05 17:40:55.561 15500 15500 D LifecycleMonitor: callback completes: androidx.test.core.app.ActivityScenario$1@e529366
02-05 17:40:55.549  2003  2003 I SurfaceControl: nativeRelease nativeObject s[497484645056]
02-05 17:40:55.562  2003  2003 I SurfaceControl: nativeRelease nativeObject e[497484645056]
02-05 17:40:55.562 15500 15500 D LifecycleMonitor: Lifecycle status change: com.example.dogglers.GridListActivity@23255f9 in: STARTED
02-05 17:40:55.562 15500 15500 D LifecycleMonitor: running callback: androidx.test.core.app.ActivityScenario$1@e529366
02-05 17:40:55.562 15500 15500 V ActivityScenario: Update currentActivityStage to STARTED, currentActivity=com.example.dogglers.GridListActivity@23255f9
02-05 17:40:55.562 15500 15500 D LifecycleMonitor: callback completes: androidx.test.core.app.ActivityScenario$1@e529366
02-05 17:40:55.563 15500 15500 D LifecycleMonitor: Lifecycle status change: com.example.dogglers.GridListActivity@23255f9 in: RESUMED
02-05 17:40:55.563 15500 15500 D LifecycleMonitor: running callback: androidx.test.core.app.ActivityScenario$1@e529366
02-05 17:40:55.563 15500 15500 V ActivityScenario: Update currentActivityStage to RESUMED, currentActivity=com.example.dogglers.GridListActivity@23255f9
02-05 17:40:55.563 15500 15500 D LifecycleMonitor: callback completes: androidx.test.core.app.ActivityScenario$1@e529366
02-05 17:40:55.565  2669 16186 E pageboostd: mem prepare done : 96468992 bytes
02-05 17:40:55.566  2003  2003 I SurfaceControl: assignNativeObject: nativeObject = 0 Surface(name=null)/@0x631c8c8 / android.view.SurfaceControl.readFromParcel:1117 android.view.IWindowSession$Stub$Proxy.relayout:1810 android.view.ViewRootImpl.relayoutWindow:9005 android.view.ViewRootImpl.performTraversals:3360 android.view.ViewRootImpl.doTraversal:2618 android.view.ViewRootImpl$TraversalRunnable.run:9971 android.view.Choreographer$CallbackRecord.run:1010 android.view.Choreographer.doCallbacks:809 android.view.Choreographer.doFrame:744 android.view.Choreographer$FrameDisplayEventReceiver.run:995
02-05 17:40:55.566  1163  1240 W WindowManager: lockNow pending, ignore updating lockscreen timeout
02-05 17:40:55.566  2003  2003 I SurfaceControl: assignNativeObject: nativeObject = 0 Surface(name=null)/@0x37cdda1 / android.view.SurfaceControl.readFromParcel:1117 android.view.IWindowSession$Stub$Proxy.relayout:1820 android.view.ViewRootImpl.relayoutWindow:9005 android.view.ViewRootImpl.performTraversals:3360 android.view.ViewRootImpl.doTraversal:2618 android.view.ViewRootImpl$TraversalRunnable.run:9971 android.view.Choreographer$CallbackRecord.run:1010 android.view.Choreographer.doCallbacks:809 android.view.Choreographer.doFrame:744 android.view.Choreographer$FrameDisplayEventReceiver.run:995
02-05 17:40:55.566  2003  2003 I SurfaceControl: nativeRelease nativeObject s[497484648032]
02-05 17:40:55.566  2003  2003 I SurfaceControl: nativeRelease nativeObject e[497484648032]
02-05 17:40:55.566  2003  2003 I SurfaceControl: nativeRelease nativeObject s[499014742880]
02-05 17:40:55.566  2003  2003 I SurfaceControl: nativeRelease nativeObject e[499014742880]
02-05 17:40:55.566  2003  2003 I SurfaceControl: nativeRelease nativeObject s[497484648512]
02-05 17:40:55.566  2003  2003 I SurfaceControl: nativeRelease nativeObject e[497484648512]
02-05 17:40:55.566  2003  2003 I ViewRootImpl@e2e8b8d[LauncherActivity]: Relayout returned: old=(0,0,1080,2400) new=(0,0,1080,2400) req=(1080,2400)8 dur=23 res=0x5 s={false 0} ch=true fn=24
02-05 17:40:55.566  2003  2003 I SurfaceControl: nativeRelease nativeObject s[497484645056]
02-05 17:40:55.566  2003  2003 I SurfaceControl: nativeRelease nativeObject e[497484645056]
02-05 17:40:55.566  1163  3944 D InputTransport: Input channel constructed: 'b6d5dad', fd=887
02-05 17:40:55.566  1163  3944 D InputTransport: Input channel constructed: 'b6d5dad', fd=916
02-05 17:40:55.567   789  1273 I SurfaceFlinger: id=79769 createSurf (0x0),-1 flag=80004, b6d5dad com.example.dogglers/com.example.dogglers.GridListActivity#0
02-05 17:40:55.567  1163  3944 D WindowManager: isScreenshotDisabledLocked - win: Window{b6d5dad u0 com.example.dogglers/com.example.dogglers.GridListActivity}
02-05 17:40:55.567  1163  3944 D WindowManager: isScreenshotDisabledLocked: userId = 0, disabled =false
02-05 17:40:55.567  1163  3944 D InputTransport: Input channel destroyed: 'b6d5dad', fd=916
02-05 17:40:55.568 15500 15500 D InputTransport: Input channel constructed: 'b6d5dad', fd=90
02-05 17:40:55.568 15500 15500 I ViewRootImpl@ddce2a1[GridListActivity]: setView = com.android.internal.policy.DecorView@b1ca216 TM=true
02-05 17:40:55.569 15500 15500 D IdlingResourceRegistry: All idling resources are idle.
02-05 17:40:55.570  2003  2003 I ViewRootImpl@e2e8b8d[LauncherActivity]: stopped(true) old=false
02-05 17:40:55.570  2003  2003 I StateManager: goToState isInState Normal
02-05 17:40:55.571  1680  1680 D SecStatusBarMobileView: setStaticDrawableColor:
02-05 17:40:55.572  2003  2003 W LauncherAppWidgetHost: setListenIfResumed, mFlags = 7
02-05 17:40:55.572  1163  2104 I AppWidgetServiceImpl: stopListening callbacks : null
02-05 17:40:55.572  2003  2003 W Launcher.NotificationListener: removeNotificationsChangedListener
02-05 17:40:55.572  2003  2003 I BadgeCountUpdaterImpl: onNotificationsChangedDisConnected
02-05 17:40:55.572  2003  2003 I Launcher.NotificationListener: unregisterObserver, this is not notificationService!!
02-05 17:40:55.572  2003  2003 W PageOverlayMover: updateActivityLifecycleState : 4
02-05 17:40:55.572  2003  2003 I LiveIconUpdateEventHandler: cancelMinuteChangeAlarm
02-05 17:40:55.574  1163  2104 V WindowManager: Relayout Window{b6d5dad u0 com.example.dogglers/com.example.dogglers.GridListActivity}: viewVisibility=0 req=1080x2400
02-05 17:40:55.574  2003  2003 I LiveIconUpdateEventHandler: cancelDateChangeAlarm
02-05 17:40:55.574  1163  2104 W WindowManager: lockNow pending, ignore updating lockscreen timeout
02-05 17:40:55.575  1163  2104 D WindowManager: isScreenshotDisabledLocked - win: Window{b6d5dad u0 com.example.dogglers/com.example.dogglers.GridListActivity}
02-05 17:40:55.575  1163  2104 D WindowManager: isScreenshotDisabledLocked: userId = 0, disabled =false
02-05 17:40:55.575   789  1272 I SurfaceFlinger: id=79770 createSurf (1080x2400),1 flag=404, com.example.dogglers/com.example.dogglers.GridListActivity$_15500#0
02-05 17:40:55.576  1163  2104 I SurfaceControl: nativeRelease nativeObject s[496867019552]
02-05 17:40:55.576  1163  2104 I SurfaceControl: nativeRelease nativeObject e[496867019552]
02-05 17:40:55.576   789   835 I SurfaceFlinger: id=79771 createSurf (0x0),-1 flag=24000, Surface(name=8c655e2 StatusBar)/@0x44a9b07 - animation-leash#0
02-05 17:40:55.577  1163  2104 I SurfaceControl: nativeRelease nativeObject s[496871097024]
02-05 17:40:55.577  1163  2104 I SurfaceControl: nativeRelease nativeObject e[496871097024]
02-05 17:40:55.577   789   835 I SurfaceFlinger: id=79772 createSurf (0x0),-1 flag=24000, Surface(name=b29f82b NavigationBar0)/@0x8634759 - animation-leash#1
02-05 17:40:55.578  1163  2104 V WindowManager: Relayout hash=b6d5dad, pid=15500: mAttrs={(0,0)(fillxfill) sim={adjust=resize forwardNavigation} ty=BASE_APPLICATION wanim=0x1030304
02-05 17:40:55.578  1163  2104 V WindowManager:   fl=81810100
02-05 17:40:55.578  1163  2104 V WindowManager:   pfl=12020000
02-05 17:40:55.578  1163  2104 V WindowManager:   fitSides= naviIconColor=0}
02-05 17:40:55.578  1163  2104 I SurfaceControl: nativeRelease nativeObject s[499038031616]
02-05 17:40:55.578  1163  2104 I SurfaceControl: nativeRelease nativeObject e[499038031616]
02-05 17:40:55.578  1163  1235 V WindowManager: Relayout Window{b594a18 u0 NotificationShade}: viewVisibility=4 req=1080x2400
02-05 17:40:55.578  1163  1235 W WindowManager: lockNow pending, ignore updating lockscreen timeout
02-05 17:40:55.578 15500 15500 I SurfaceControl: assignNativeObject: nativeObject = 0 Surface(name=null)/@0xd9fbcc6 / android.view.SurfaceControl.readFromParcel:1117 android.view.IWindowSession$Stub$Proxy.relayout:1820 android.view.ViewRootImpl.relayoutWindow:9005 android.view.ViewRootImpl.performTraversals:3360 android.view.ViewRootImpl.doTraversal:2618 android.view.ViewRootImpl$TraversalRunnable.run:9971 android.view.Choreographer$CallbackRecord.run:1010 android.view.Choreographer.doCallbacks:809 android.view.Choreographer.doFrame:744 android.view.Choreographer$FrameDisplayEventReceiver.run:995
02-05 17:40:55.579   789  1272 I Layer   : id=79763 removeFromCurrentState Surface(name=b29f82b NavigationBar0)/@0x8634759 - animation-leash#0 (197)
02-05 17:40:55.579 15500 15500 I ViewRootImpl@ddce2a1[GridListActivity]: Relayout returned: old=(0,0,1080,2400) new=(0,0,1080,2400) req=(1080,2400)0 dur=5 res=0x7 s={true 498992287744} ch=true fn=-1
02-05 17:40:55.579   789  1272 I Layer   : id=21 removeFromCurrentState b29f82b NavigationBar0#0 (197)
02-05 17:40:55.579   789  1272 I Layer   : id=28 removeFromCurrentState NavigationBar0$_1680#0 (197)
02-05 17:40:55.579   789  1272 I Layer   : id=79762 removeFromCurrentState Surface(name=8c655e2 StatusBar)/@0x44a9b07 - animation-leash#1 (197)
02-05 17:40:55.579   789  1272 I Layer   : id=21 addToCurrentState b29f82b NavigationBar0#0 (197)
02-05 17:40:55.579   789  1272 I Layer   : id=28 addToCurrentState NavigationBar0$_1680#0 (197)
02-05 17:40:55.580 15500 15565 I mali_winsys: new_window_surface() [1080x2400] return: 0x3000
02-05 17:40:55.580  1163  1240 I SurfaceControl: nativeRelease nativeObject s[496860780480]
02-05 17:40:55.580  1163  1240 I SurfaceControl: nativeRelease nativeObject e[496860780480]
02-05 17:40:55.580  1163  1240 I SurfaceControl: nativeRelease nativeObject s[499038975488]
02-05 17:40:55.580  1163  1240 I SurfaceControl: nativeRelease nativeObject e[499038975488]
02-05 17:40:55.580   789   835 I SurfaceFlinger: id=79763 Removed Surface(name=b29f82b NavigationBar0)/@0x8634759 - animation-leash#0 (197)
02-05 17:40:55.580   716   953 D gralloc : [mali_gralloc_allocate] begin
02-05 17:40:55.580   716   953 D gralloc : buffer_descriptor: wh(1080 2400) usage_pc(0x40000000000b00 0x40000000000b00) hal_format(0x1) layer_count(1) sizes(0 0 0) strde(0) byte_stride(0) alloc_wh(0 0) internal_format(0x0) alloc_format(0x0) fd_count(1) plane_count(0)
02-05 17:40:55.581 15500 15500 I ViewRootImpl@ddce2a1[GridListActivity]: [DP] dp(1) 1 android.view.ViewRootImpl.reportNextDraw:10957 android.view.ViewRootImpl.performTraversals:3845 android.view.ViewRootImpl.doTraversal:2618
02-05 17:40:55.581 15500 15500 I ViewRootImpl@ddce2a1[GridListActivity]: [DP] pd() Asnyc report
02-05 17:40:55.581   716   953 D gralloc : [mali_gralloc_allocate] allocation successful
02-05 17:40:55.582   716   953 D gralloc : [mali_gralloc_allocate] begin
02-05 17:40:55.582   716   953 D gralloc : buffer_descriptor: wh(1080 2400) usage_pc(0x40000000000b00 0x40000000000b00) hal_format(0x1) layer_count(1) sizes(0 0 0) strde(0) byte_stride(0) alloc_wh(0 0) internal_format(0x0) alloc_format(0x0) fd_count(1) plane_count(0)
02-05 17:40:55.582  2003  2003 I LiveIconUpdateEventHandler: unregisterReceiver
02-05 17:40:55.583  1163  1235 V WindowManager: Relayout hash=b594a18, pid=1680: mAttrs={(0,0)(fillxfill) gr=TOP CENTER_VERTICAL sim={adjust=resize} layoutInDisplayCutoutMode=always ty=2040 fmt=TRANSLUCENT colorMode=COLOR_MODE_WIDE_COLOR_GAMUT
02-05 17:40:55.583  1163  1235 V WindowManager:   fl=81840048
02-05 17:40:55.583  1163  1235 V WindowManager:   pfl=1b000000
02-05 17:40:55.583  1163  1235 V WindowManager:   bhv=SHOW_TRANSIENT_BARS_BY_SWIPE dimAmount=0.0 naviIconColor=0
02-05 17:40:55.583  1163  1235 V WindowManager:   sfl=40000}
02-05 17:40:55.583   851  9221 I CameraService: notifyMonitoredUids
02-05 17:40:55.584  1680  1680 I SurfaceControl: assignNativeObject: nativeObject = 0 Surface(name=null)/@0x7632417 / android.view.SurfaceControl.readFromParcel:1117 android.view.IWindowSession$Stub$Proxy.relayout:1810 android.view.ViewRootImpl.relayoutWindow:9005 android.view.ViewRootImpl.performTraversals:3360 android.view.ViewRootImpl.doTraversal:2618 android.view.ViewRootImpl$TraversalRunnable.run:9971 android.view.Choreographer$CallbackRecord.run:1010 android.view.Choreographer.doCallbacks:809 android.view.Choreographer.doFrame:744 android.view.Choreographer$FrameDisplayEventReceiver.run:995
02-05 17:40:55.584  1680  1680 I SurfaceControl: assignNativeObject: nativeObject = 0 Surface(name=null)/@0x2dd2a3a / android.view.SurfaceControl.readFromParcel:1117 android.view.IWindowSession$Stub$Proxy.relayout:1820 android.view.ViewRootImpl.relayoutWindow:9005 android.view.ViewRootImpl.performTraversals:3360 android.view.ViewRootImpl.doTraversal:2618 android.view.ViewRootImpl$TraversalRunnable.run:9971 android.view.Choreographer$CallbackRecord.run:1010 android.view.Choreographer.doCallbacks:809 android.view.Choreographer.doFrame:744 android.view.Choreographer$FrameDisplayEventReceiver.run:995
02-05 17:40:55.584  1680  1680 I ViewRootImpl@cb447c7[NotificationShade]: Relayout returned: old=(0,0,1080,2400) new=(0,0,1080,2400) req=(1080,2400)4 dur=9 res=0x1 s={false 0} ch=false fn=-1
02-05 17:40:55.585  1680  1680 D KeyguardBottomAreaShortcutView: updateCameraVisibility isCameraDisabled:false visible:true
02-05 17:40:55.585  1680  1680 D KeyguardBottomAreaShortcutView: mIndicationArea margin start : 180, end : 180, bottom : 400
02-05 17:40:55.585 15500 15500 I ViewRootImpl@ddce2a1[GridListActivity]: [DP] pdf(0) 1 android.view.ViewRootImpl.lambda$performDraw$1$ViewRootImpl:4668 android.view.-$$Lambda$ViewRootImpl$DJd0VUYJgsebcnSohO6h8zc_ONI.run:6 android.os.Handler.handleCallback:938
02-05 17:40:55.585 15500 15500 I ViewRootImpl@ddce2a1[GridListActivity]: [DP] rdf()
02-05 17:40:55.586  1163  1240 W WindowManager: lockNow pending, ignore updating lockscreen timeout
02-05 17:40:55.586   716   953 D gralloc : [mali_gralloc_allocate] allocation successful
02-05 17:40:55.587   716   957 D gralloc : [mali_gralloc_allocate] begin
02-05 17:40:55.587   716   957 D gralloc : buffer_descriptor: wh(1080 2400) usage_pc(0x40000000000b00 0x40000000000b00) hal_format(0x1) layer_count(1) sizes(0 0 0) strde(0) byte_stride(0) alloc_wh(0 0) internal_format(0x0) alloc_format(0x0) fd_count(1) plane_count(0)
02-05 17:40:55.588  1680  1680 D MediaControlPanel: mActionButtonNumCollapsed = 1, mActionButtonNumExpand = 1
02-05 17:40:55.588  1680  1680 D MediaControlPanel: mActionButtonNumCollapsed = 1, mActionButtonNumExpand = 1
02-05 17:40:55.588   789   789 I Layer   : id=79763[1] Destroyed Surface(name=b29f82b NavigationBar0)/@0x8634759 - animation-leash#0
02-05 17:40:55.588  1680  1680 D MediaControlPanel: mActionButtonNumCollapsed = 1, mActionButtonNumExpand = 1
02-05 17:40:55.588  1680  1680 D MediaControlPanel: mActionButtonNumCollapsed = 1, mActionButtonNumExpand = 1
02-05 17:40:55.588  1680  1680 D MediaControlPanel: mActionButtonNumCollapsed = 1, mActionButtonNumExpand = 1
02-05 17:40:55.588  1163  1240 W WindowManager: lockNow pending, ignore updating lockscreen timeout
02-05 17:40:55.588  1680  1680 D MediaControlPanel: mActionButtonNumCollapsed = 1, mActionButtonNumExpand = 1
02-05 17:40:55.589  1680  1680 D MediaControlPanel: mActionButtonNumCollapsed = 1, mActionButtonNumExpand = 1
02-05 17:40:55.589  1680  1680 D MediaControlPanel: mActionButtonNumCollapsed = 1, mActionButtonNumExpand = 1
02-05 17:40:55.589  1680  1680 D MediaControlPanel: mActionButtonNumCollapsed = 3, mActionButtonNumExpand = 5
02-05 17:40:55.589  1680  1680 D MediaControlPanel: mActionButtonNumCollapsed = 3, mActionButtonNumExpand = 5
02-05 17:40:55.589   716   957 D gralloc : [mali_gralloc_allocate] allocation successful
02-05 17:40:55.589   789   835 I SurfaceFlinger: id=79762 Removed Surface(name=8c655e2 StatusBar)/@0x44a9b07 - animation-leash#1 (196)
02-05 17:40:55.591  1163  1240 D PkgPredictorService: pkg:com.example.dogglers activity:com.example.dogglers.GridListActivity thisTime:135
02-05 17:40:55.591  1163  1240 D PkgPredictorService-Collector: update activity launch time: GridListActivity : 135
02-05 17:40:55.591  1163  1240 I SemDvfsHyPerManager: acquire hyper - AMS_RESUME_TAIL/1163@22, type = -999
02-05 17:40:55.591  1163  1240 I SemDvfsHyPerManager: acquire hyper - AMS_ACT_LAZY/1163@23, type = -999
02-05 17:40:55.591   726   817 I HYPER-HAL: [RequestManager.cpp]acquire(): Acquired ID : 702727  [1163 / 22]    HINT : AMS_RESUME_TAIL    list :
02-05 17:40:55.591 15500 15500 D IdlingResourceRegistry: All idling resources are idle.
02-05 17:40:55.591   726   817 I HYPER-HAL: [ResourceManager.cpp]updateResource(): [CPUMinFreq] UpdateResource Request ID : 702727    Value : 1844882
02-05 17:40:55.591   726   817 I HYPER-HAL: [RequestManager.cpp]acquire(): Acquired ID : 703914  [1163 / 23]    HINT :      list :
02-05 17:40:55.591   726   817 E HYPER-HAL: [Request.cpp]acquire(): Request:: id : 703914, No Resource to set
02-05 17:40:55.591   726   817 I HYPER-HAL: [ResourceManager.cpp]removeResource(): [CPUMinFreq] RemoveResource Request ID : 705102
02-05 17:40:55.591  1163  1244 D ArtManagerInternalImpl: /data/misc/iorapd/com.example.dogglers/1/com.example.dogglers.GridListActivity/compiled_traces/compiled_trace.pb doesn't exist
02-05 17:40:55.591   726   817 I HYPER-HAL: [RequestManager.cpp]releaseLocked(): Released ID : 705102
02-05 17:40:55.592 15500 15500 D RootViewPicker: Root not ready - waiting: 10ms for one to appear.
02-05 17:40:55.593  1163  2104 I SurfaceControl: nativeRelease nativeObject s[496867019648]
02-05 17:40:55.593  1163  2104 I SurfaceControl: nativeRelease nativeObject e[496867019648]
02-05 17:40:55.594   789  2265 I Layer   : id=79750 removeFromCurrentState com.sec.android.app.launcher/com.sec.android.app.launcher.activities.LauncherActivity$_2003#0 (196)
02-05 17:40:55.595  1680  1680 D SecStatusBarMobileView: setStaticDrawableColor:
02-05 17:40:55.595  1680  1680 D MediaControlPanel: mActionButtonNumCollapsed = 1, mActionButtonNumExpand = 1
02-05 17:40:55.595  1680  1680 D MediaControlPanel: mActionButtonNumCollapsed = 1, mActionButtonNumExpand = 1
02-05 17:40:55.595  1680  1680 D MediaControlPanel: mActionButtonNumCollapsed = 1, mActionButtonNumExpand = 1
02-05 17:40:55.595  1680  1680 D MediaControlPanel: mActionButtonNumCollapsed = 1, mActionButtonNumExpand = 1
02-05 17:40:55.595  1680  1680 D MediaControlPanel: mActionButtonNumCollapsed = 1, mActionButtonNumExpand = 1
02-05 17:40:55.595  1680  1680 D MediaControlPanel: mActionButtonNumCollapsed = 1, mActionButtonNumExpand = 1
02-05 17:40:55.595  1680  1680 D MediaControlPanel: mActionButtonNumCollapsed = 1, mActionButtonNumExpand = 1
02-05 17:40:55.595  1680  1680 D MediaControlPanel: mActionButtonNumCollapsed = 1, mActionButtonNumExpand = 1
02-05 17:40:55.595  1680  1680 D MediaControlPanel: mActionButtonNumCollapsed = 3, mActionButtonNumExpand = 5
02-05 17:40:55.595  1680  1680 D MediaControlPanel: mActionButtonNumCollapsed = 3, mActionButtonNumExpand = 5
02-05 17:40:55.597  1163  1240 W WindowManager: lockNow pending, ignore updating lockscreen timeout
02-05 17:40:55.597  1163  1240 D ViewRootImpl@59174cd[dogglers]: dispatchDetachedFromWindow: reset blurmask
02-05 17:40:55.597  1163  1240 I ViewRootImpl@59174cd[dogglers]: dispatchDetachedFromWindow
02-05 17:40:55.598  1163  1240 I SurfaceControl: nativeRelease nativeObject s[496871097216]
02-05 17:40:55.598  1163  1240 I SurfaceControl: nativeRelease nativeObject e[496871097216]
02-05 17:40:55.598  1163  1240 D InputTransport: Input channel destroyed: '4136182', fd=888
02-05 17:40:55.599   789  1272 I SurfaceFlinger: id=79773 createSurf (0x0),-1 flag=24000, Surface(name=4136182 Splash Screen com.example.dogglers)/@0x26b2f32 - animation-leash#0
02-05 17:40:55.599  5089  5538 I PageOverlayServiceImpl: [FROM HOME] updateActivityLifecycleState : 4
02-05 17:40:55.600  1163  1240 W WindowManager: lockNow pending, ignore updating lockscreen timeout
02-05 17:40:55.600  1163  1240 D InputTransport: Input channel destroyed: '4136182', fd=915
02-05 17:40:55.601 15500 15500 D IdlingResourceRegistry: All idling resources are idle.
02-05 17:40:55.601 15500 15500 D IdlingResourceRegistry: All idling resources are idle.
02-05 17:40:55.601 15500 15500 D RootViewPicker: Root not ready - waiting: 25ms for one to appear.
02-05 17:40:55.601 15074 15255 I android.vendin: oneway function results will be dropped but finished with status UNKNOWN_TRANSACTION and parcel size 0
02-05 17:40:55.605   789   789 I Layer   : id=79762[1] Destroyed Surface(name=8c655e2 StatusBar)/@0x44a9b07 - animation-leash#1
02-05 17:40:55.605  1680  1680 D SecStatusBarMobileView: setStaticDrawableColor:
02-05 17:40:55.605  1163  3944 I InputDispatcher: Focus entered window (15500): b6d5dad in display 0 0
02-05 17:40:55.606  1163  1235 V WindowManager: Relayout Window{f87dac6 u0 com.samsung.android.app.spage}: viewVisibility=8 req=0x2168
02-05 17:40:55.606  1163  1235 W WindowManager: lockNow pending, ignore updating lockscreen timeout
02-05 17:40:55.606  1163  1244 I ActivityTaskManager: Displayed com.example.dogglers/.GridListActivity: +135ms
02-05 17:40:55.607  2669  2669 E pageboostd: Received HALT command code 2
02-05 17:40:55.608 15500 15500 I ViewRootImpl@ddce2a1[GridListActivity]: MSG_WINDOW_FOCUS_CHANGED 1 1
