02-05 17:41:04.853 15500 15500 D IdlingResourceRegistry: All idling resources are idle.
02-05 17:41:04.853 15500 15500 D IdlingResourceRegistry: All idling resources are idle.
02-05 17:41:04.855 15500 15500 I ViewInteraction: Checking 'MatchesViewAssertion{viewMatcher=is displayed on the screen to the user}' assertion on view with text: is "Tzeitel"
02-05 17:41:04.856 15500 15500 E ViewAssertions: 'is displayed on the screen to the user' check could not be performed because view 'with text: is "Tzeitel"' was not found.
02-05 17:41:04.859  1163  2104 I SemDvfsHyPerManager: acquire hyper - AMS_ACT_START/1163@20, type = -999
02-05 17:41:04.859   726   817 I HYPER-HAL: [RequestManager.cpp]acquire(): Acquired ID : 700356  [1163 / 20]    HINT : AMS_ACT_START    list :
02-05 17:41:04.859   789   835 I SurfaceFlinger: id=80179 createSurf (0x0),-1 flag=80004, ActivityRecord{dc4ac30 u0 com.example.dogglers/androidx.test.core.app.InstrumentationActivityInvoker$EmptyActivity t12742}#0
02-05 17:41:04.859   726   817 I HYPER-HAL: [ResourceManager.cpp]updateResource(): [CPUMinFreq] UpdateResource Request ID : 700356    Value : 1930195
02-05 17:41:04.862  1163  2104 W WindowManager: lockNow pending, ignore updating lockscreen timeout
02-05 17:41:04.862   789   789 I Layer   : id=80158[1] Destroyed com.sec.android.app.launcher/com.sec.android.app.launcher.activities.LauncherActivity$_2003#0
02-05 17:41:04.863  1680  1680 D SecStatusBarMobileView: setStaticDrawableColor:
02-05 17:41:04.863 15500 15500 D LifecycleMonitor: Lifecycle status change: com.example.dogglers.VerticalListActivity@54bf66 in: PAUSED
02-05 17:41:04.863 15500 15500 D LifecycleMonitor: running callback: androidx.test.core.app.ActivityScenario$1@6efecaf
02-05 17:41:04.864 15500 15500 V ActivityScenario: Update currentActivityStage to PAUSED, currentActivity=com.example.dogglers.VerticalListActivity@54bf66
02-05 17:41:04.864 15500 15500 D LifecycleMonitor: callback completes: androidx.test.core.app.ActivityScenario$1@6efecaf
02-05 17:41:04.865  1163  2104 V WindowOrientationListener: getProposedRotation: 0
02-05 17:41:04.865  1163  2104 V WindowOrientationListener: getProposedRotation: 0
02-05 17:41:04.865  1163  2104 V WindowOrientationListener: getProposedRotation: 0
02-05 17:41:04.866  1163  2104 D InputDispatcher: Focused application set to (0): dc4ac30
02-05 17:41:04.867  1163  2104 I SurfaceControl: nativeRelease nativeObject s[496861208128]
02-05 17:41:04.867  1163  2104 I SurfaceControl: nativeRelease nativeObject e[496861208128]
02-05 17:41:04.867   789   834 I SurfaceFlinger: id=80180 createSurf (0x0),-1 flag=24000, Surface(name=8c655e2 StatusBar)/@0x44a9b07 - animation-leash#1
02-05 17:41:04.867   789   789 D SurfaceFlinger: Display 21442653864348033 HWC layers:
02-05 17:41:04.867   789   789 D SurfaceFlinger:      DEVICE | 0x7408191040 | 0002 | RGBA_8888    |    0.0    0.0 1080.0 2400.0 |    0    0 1080 2400 | com.example.dogglers/com.example.dogglers.VerticalListActivity$_15500#0
02-05 17:41:04.867   789   789 D SurfaceFlinger:      DEVICE | 0x7408500100 | 0002 | RGBA_8888    |    0.0    0.0 1080.0 2400.0 |    0    0 1080 2400 | Splash Screen com.example.dogglers#0
02-05 17:41:04.867   789   789 D SurfaceFlinger:      DEVICE | 0x7428c3e6c0 | 0000 | RGBA_8888    |    0.0    0.0 1080.0   88.0 |    0    0 1080   88 | StatusBar$_1680#0
02-05 17:41:04.867   789   789 D SurfaceFlinger:      DEVICE | 0x7428c3f200 | 0000 | RGBA_8888    |    0.0    0.0 1080.0  144.0 |    0 2256 1080 2400 | NavigationBar0$_1680#0
02-05 17:41:04.867   789   789 D SurfaceFlinger:      DEVICE | 0x7408191180 | 0000 | RGBA_8888    |    0.0    0.0 1080.0  125.0 |    0    0 1080  125 | ScreenDecorOverlay$_1680#0
02-05 17:41:04.867   789   789 D SurfaceFlinger:      DEVICE | 0x7428c3f480 | 0000 | RGBA_8888    |    0.0    0.0 1080.0  112.0 |    0 2288 1080 2400 | ScreenDecorOverlayBottom$_1680#0
02-05 17:41:04.867   789   789 D SurfaceFlinger:
02-05 17:41:04.868  1163  2104 I SurfaceControl: nativeRelease nativeObject s[499039084640]
02-05 17:41:04.868  1163  2104 I SurfaceControl: nativeRelease nativeObject e[499039084640]
02-05 17:41:04.868   789   835 I SurfaceFlinger: id=80181 createSurf (0x0),-1 flag=24000, Surface(name=b29f82b NavigationBar0)/@0x8634759 - animation-leash#0
02-05 17:41:04.870  1163  2104 W WindowManager: lockNow pending, ignore updating lockscreen timeout
02-05 17:41:04.870   789  2265 I Layer   : id=80175 removeFromCurrentState Surface(name=8c655e2 StatusBar)/@0x44a9b07 - animation-leash#0 (198)
02-05 17:41:04.870   789  2265 I Layer   : id=80176 removeFromCurrentState Surface(name=b29f82b NavigationBar0)/@0x8634759 - animation-leash#1 (198)
02-05 17:41:04.874 15500 15500 D LifecycleMonitor: Lifecycle status change: androidx.test.core.app.InstrumentationActivityInvoker$EmptyActivity@344c968 in: PRE_ON_CREATE
02-05 17:41:04.874 15500 15500 D LifecycleMonitor: running callback: androidx.test.core.app.ActivityScenario$1@6efecaf
02-05 17:41:04.874 15500 15500 V ActivityScenario: Activity lifecycle changed event received but ignored because the intent does not match. startActivityIntent=Intent { act=android.intent.action.MAIN cat=[android.intent.category.LAUNCHER] cmp=com.example.dogglers/.VerticalListActivity }, activity.getIntent()=Intent { act=android.intent.action.MAIN cat=[android.intent.category.LAUNCHER] flg=0x10000000 cmp=com.example.dogglers/androidx.test.core.app.InstrumentationActivityInvoker$EmptyActivity }, activity=androidx.test.core.app.InstrumentationActivityInvoker$EmptyActivity@344c968
02-05 17:41:04.874 15500 15500 D LifecycleMonitor: callback completes: androidx.test.core.app.ActivityScenario$1@6efecaf
02-05 17:41:04.877 15500 15500 I DecorView: [INFO] isPopOver=false, config=true
02-05 17:41:04.877 15500 15500 I DecorView: updateCaptionType >> DecorView@b4226[], isFloating=false, isApplication=true, hasWindowDecorCaption=false, hasWindowControllerCallback=true
02-05 17:41:04.877 15500 15500 D DecorView: setCaptionType = 0, this = DecorView@b4226[]
02-05 17:41:04.878 15500 15500 D LifecycleMonitor: Lifecycle status change: androidx.test.core.app.InstrumentationActivityInvoker$EmptyActivity@344c968 in: CREATED
02-05 17:41:04.878 15500 15500 D LifecycleMonitor: running callback: androidx.test.core.app.ActivityScenario$1@6efecaf
02-05 17:41:04.878 15500 15500 V ActivityScenario: Activity lifecycle changed event received but ignored because the intent does not match. startActivityIntent=Intent { act=android.intent.action.MAIN cat=[android.intent.category.LAUNCHER] cmp=com.example.dogglers/.VerticalListActivity }, activity.getIntent()=Intent { act=android.intent.action.MAIN cat=[android.intent.category.LAUNCHER] flg=0x10000000 cmp=com.example.dogglers/androidx.test.core.app.InstrumentationActivityInvoker$EmptyActivity }, activity=androidx.test.core.app.InstrumentationActivityInvoker$EmptyActivity@344c968
02-05 17:41:04.878 15500 15500 D LifecycleMonitor: callback completes: androidx.test.core.app.ActivityScenario$1@6efecaf
02-05 17:41:04.879  1680  1680 D SecStatusBarMobileView: setStaticDrawableColor:
02-05 17:41:04.879 15500 15500 D LifecycleMonitor: Lifecycle status change: androidx.test.core.app.InstrumentationActivityInvoker$EmptyActivity@344c968 in: STARTED
02-05 17:41:04.879 15500 15500 D LifecycleMonitor: running callback: androidx.test.core.app.ActivityScenario$1@6efecaf
02-05 17:41:04.879 15500 15500 V ActivityScenario: Activity lifecycle changed event received but ignored because the intent does not match. startActivityIntent=Intent { act=android.intent.action.MAIN cat=[android.intent.category.LAUNCHER] cmp=com.example.dogglers/.VerticalListActivity }, activity.getIntent()=Intent { act=android.intent.action.MAIN cat=[android.intent.category.LAUNCHER] flg=0x10000000 cmp=com.example.dogglers/androidx.test.core.app.InstrumentationActivityInvoker$EmptyActivity }, activity=androidx.test.core.app.InstrumentationActivityInvoker$EmptyActivity@344c968
02-05 17:41:04.879 15500 15500 D LifecycleMonitor: callback completes: androidx.test.core.app.ActivityScenario$1@6efecaf
02-05 17:41:04.880  1163  1240 I SurfaceControl: nativeRelease nativeObject s[496871103840]
02-05 17:41:04.880  1163  1240 I SurfaceControl: nativeRelease nativeObject e[496871103840]
02-05 17:41:04.881  1163  1240 I SurfaceControl: nativeRelease nativeObject s[499038071168]
02-05 17:41:04.881  1163  1240 I SurfaceControl: nativeRelease nativeObject e[499038071168]
02-05 17:41:04.881   789  1273 I Layer   : id=80170 removeFromCurrentState Splash Screen com.example.dogglers#0 (198)
02-05 17:41:04.881  1163  1240 I SurfaceControl: nativeRelease nativeObject s[496866858208]
02-05 17:41:04.881  1163  1240 I SurfaceControl: nativeRelease nativeObject e[496866858208]
02-05 17:41:04.882  1163  1240 I SurfaceControl: nativeRelease nativeObject s[496861214272]
02-05 17:41:04.882  1163  1240 I SurfaceControl: nativeRelease nativeObject e[496861214272]
02-05 17:41:04.882   789  2265 I SurfaceFlinger: id=80182 createSurf (0x0),-1 flag=24000, Surface(name=8c655e2 StatusBar)/@0x44a9b07 - animation-leash#0
02-05 17:41:04.883  1163  1240 I SurfaceControl: nativeRelease nativeObject s[496861214368]
02-05 17:41:04.883  1163  1240 I SurfaceControl: nativeRelease nativeObject e[496861214368]
02-05 17:41:04.883   789  2265 I SurfaceFlinger: id=80183 createSurf (0x0),-1 flag=24000, Surface(name=b29f82b NavigationBar0)/@0x8634759 - animation-leash#1
02-05 17:41:04.883  1163  1240 W WindowManager: lockNow pending, ignore updating lockscreen timeout
02-05 17:41:04.884   789  2265 I Layer   : id=80168 removeFromCurrentState cd036be Splash Screen com.example.dogglers#0 (200)
02-05 17:41:04.884   789  2265 I Layer   : id=80177 removeFromCurrentState Surface(name=cd036be Splash Screen com.example.dogglers)/@0xce9e4ed - animation-leash#0 (200)
02-05 17:41:04.884   789  2265 I Layer   : id=80180 removeFromCurrentState Surface(name=8c655e2 StatusBar)/@0x44a9b07 - animation-leash#1 (200)
02-05 17:41:04.884   789  2265 I Layer   : id=80181 removeFromCurrentState Surface(name=b29f82b NavigationBar0)/@0x8634759 - animation-leash#0 (200)
02-05 17:41:04.884   789  2265 I SurfaceFlinger: id=80168 Removed cd036be Splash Screen com.example.dogglers#0 (200)
02-05 17:41:04.884   789  2265 I SurfaceFlinger: id=80177 Removed Surface(name=cd036be Splash Screen com.example.dogglers)/@0xce9e4ed - animation-leash#0 (200)
02-05 17:41:04.884   789  1273 I SurfaceFlinger: id=80170 Removed Splash Screen com.example.dogglers#0 (200)
02-05 17:41:04.886 15500 15500 D LifecycleMonitor: Lifecycle status change: androidx.test.core.app.InstrumentationActivityInvoker$EmptyActivity@344c968 in: RESUMED
02-05 17:41:04.886 15500 15500 D LifecycleMonitor: running callback: androidx.test.core.app.ActivityScenario$1@6efecaf
02-05 17:41:04.886 15500 15500 V ActivityScenario: Activity lifecycle changed event received but ignored because the intent does not match. startActivityIntent=Intent { act=android.intent.action.MAIN cat=[android.intent.category.LAUNCHER] cmp=com.example.dogglers/.VerticalListActivity }, activity.getIntent()=Intent { act=android.intent.action.MAIN cat=[android.intent.category.LAUNCHER] flg=0x10000000 cmp=com.example.dogglers/androidx.test.core.app.InstrumentationActivityInvoker$EmptyActivity }, activity=androidx.test.core.app.InstrumentationActivityInvoker$EmptyActivity@344c968
02-05 17:41:04.886 15500 15500 D LifecycleMonitor: callback completes: androidx.test.core.app.ActivityScenario$1@6efecaf
02-05 17:41:04.888  1163  3938 D InputTransport: Input channel constructed: '75120bf', fd=857
02-05 17:41:04.889  1163  3938 D InputTransport: Input channel constructed: '75120bf', fd=860
02-05 17:41:04.889   789  1273 I SurfaceFlinger: id=80184 createSurf (0x0),-1 flag=80004, 75120bf com.example.dogglers/androidx.test.core.app.InstrumentationActivityInvoker$EmptyActivity#0
02-05 17:41:04.889  1163  3938 D WindowManager: isScreenshotDisabledLocked - win: Window{75120bf u0 com.example.dogglers/androidx.test.core.app.InstrumentationActivityInvoker$EmptyActivity}
02-05 17:41:04.889  1163  3938 D WindowManager: isScreenshotDisabledLocked: userId = 0, disabled =false
02-05 17:41:04.889  1163  3938 D InputTransport: Input channel destroyed: '75120bf', fd=860
02-05 17:41:04.889 15500 15500 D InputTransport: Input channel constructed: '75120bf', fd=98
02-05 17:41:04.890 15500 15500 I ViewRootImpl@1bd4bd[InstrumentationActivityInvoker$EmptyActivity]: setView = com.android.internal.policy.DecorView@b4226 TM=true
02-05 17:41:04.891 15500 15500 I SurfaceControl: nativeRelease nativeObject s[499014700096]
02-05 17:41:04.891 15500 15500 I SurfaceControl: nativeRelease nativeObject e[499014700096]
02-05 17:41:04.891 15500 15500 I SurfaceControl: nativeRelease nativeObject s[499014699904]
02-05 17:41:04.891 15500 15500 I SurfaceControl: nativeRelease nativeObject e[499014699904]
02-05 17:41:04.891 15500 15500 I SurfaceControl: nativeRelease nativeObject s[499014699616]
02-05 17:41:04.891 15500 15500 I SurfaceControl: nativeRelease nativeObject e[499014699616]
02-05 17:41:04.891   789  1273 I SurfaceFlinger: id=80176 Removed Surface(name=b29f82b NavigationBar0)/@0x8634759 - animation-leash#1 (201)
02-05 17:41:04.891   789  2265 I SurfaceFlinger: id=80175 Removed Surface(name=8c655e2 StatusBar)/@0x44a9b07 - animation-leash#0 (201)
02-05 17:41:04.891 15500 15500 I SurfaceControl: nativeRelease nativeObject s[499014700192]
02-05 17:41:04.891 15500 15500 I SurfaceControl: nativeRelease nativeObject e[499014700192]
02-05 17:41:04.896   789   789 I Layer   : id=80175[1] Destroyed Surface(name=8c655e2 StatusBar)/@0x44a9b07 - animation-leash#0
02-05 17:41:04.896   789   789 I Layer   : id=80176[1] Destroyed Surface(name=b29f82b NavigationBar0)/@0x8634759 - animation-leash#1
02-05 17:41:04.896   789   789 I Layer   : id=80177[1] Destroyed Surface(name=cd036be Splash Screen com.example.dogglers)/@0xce9e4ed - animation-leash#0
02-05 17:41:04.896   789   789 I Layer   : id=80168[1] Destroyed cd036be Splash Screen com.example.dogglers#0
02-05 17:41:04.897  1163  3970 I InputDispatcher: Focus left window (15500): efeb934 in display 0 0
02-05 17:41:04.897  1163  3970 V WindowManager: Relayout Window{75120bf u0 com.example.dogglers/androidx.test.core.app.InstrumentationActivityInvoker$EmptyActivity}: viewVisibility=0 req=1080x2400
02-05 17:41:04.897   789   789 I Layer   : id=80170[1] Destroyed Splash Screen com.example.dogglers#0
02-05 17:41:04.897  1680  1680 D SecStatusBarMobileView: setStaticDrawableColor:
02-05 17:41:04.897  1163  3970 W WindowManager: lockNow pending, ignore updating lockscreen timeout
02-05 17:41:04.898  1163  3970 D WindowManager: isScreenshotDisabledLocked - win: Window{75120bf u0 com.example.dogglers/androidx.test.core.app.InstrumentationActivityInvoker$EmptyActivity}
02-05 17:41:04.898  1163  3970 D WindowManager: isScreenshotDisabledLocked: userId = 0, disabled =false
02-05 17:41:04.898   789  1273 I SurfaceFlinger: id=80185 createSurf (1080x2400),1 flag=404, com.example.dogglers/androidx.test.core.app.InstrumentationActivityInvoker$EmptyActivity$_15500#0
02-05 17:41:04.899   789   789 D SurfaceFlinger: Display 21442653864348033 HWC layers:
02-05 17:41:04.899   789   789 D SurfaceFlinger:      DEVICE | 0x7408191040 | 0002 | RGBA_8888    |    0.0    0.0 1080.0 2400.0 |    0    0 1080 2400 | com.example.dogglers/com.example.dogglers.VerticalListActivity$_15500#0
02-05 17:41:04.899   789   789 D SurfaceFlinger:      DEVICE | 0x7408500740 | 0000 | RGBA_8888    |    0.0    0.0 1080.0   88.0 |    0    0 1080   88 | StatusBar$_1680#0
02-05 17:41:04.899   789   789 D SurfaceFlinger:      DEVICE | 0x7428c3f200 | 0000 | RGBA_8888    |    0.0    0.0 1080.0  144.0 |    0 2256 1080 2400 | NavigationBar0$_1680#0
02-05 17:41:04.899   789   789 D SurfaceFlinger:      DEVICE | 0x7408191180 | 0000 | RGBA_8888    |    0.0    0.0 1080.0  125.0 |    0    0 1080  125 | ScreenDecorOverlay$_1680#0
02-05 17:41:04.899   789   789 D SurfaceFlinger:      DEVICE | 0x7428c3f480 | 0000 | RGBA_8888    |    0.0    0.0 1080.0  112.0 |    0 2288 1080 2400 | ScreenDecorOverlayBottom$_1680#0
02-05 17:41:04.899   789   789 D SurfaceFlinger:
02-05 17:41:04.900  1163  3970 I SurfaceControl: nativeRelease nativeObject s[496861210240]
02-05 17:41:04.900  1163  3970 I SurfaceControl: nativeRelease nativeObject e[496861210240]
02-05 17:41:04.900   789   834 I SurfaceFlinger: id=80186 createSurf (0x0),-1 flag=24000, Surface(name=8c655e2 StatusBar)/@0x44a9b07 - animation-leash#1
02-05 17:41:04.900  1163  3970 I SurfaceControl: nativeRelease nativeObject s[496861211392]
02-05 17:41:04.900  1163  3970 I SurfaceControl: nativeRelease nativeObject e[496861211392]
02-05 17:41:04.901   789  1273 I SurfaceFlinger: id=80187 createSurf (0x0),-1 flag=24000, Surface(name=b29f82b NavigationBar0)/@0x8634759 - animation-leash#0
02-05 17:41:04.901  1163  3970 V WindowManager: Relayout hash=75120bf, pid=15500: mAttrs={(0,0)(fillxfill) sim={adjust=pan forwardNavigation} ty=BASE_APPLICATION wanim=0x1030001
02-05 17:41:04.901  1163  3970 V WindowManager:   fl=1810100
02-05 17:41:04.901  1163  3970 V WindowManager:   pfl=12020000
02-05 17:41:04.901  1163  3970 V WindowManager:   fitSides= naviIconColor=0}
02-05 17:41:04.901  1163  3970 I SurfaceControl: nativeRelease nativeObject s[496861209952]
02-05 17:41:04.901  1163  3970 I SurfaceControl: nativeRelease nativeObject e[496861209952]
02-05 17:41:04.902 15500 15500 I SurfaceControl: assignNativeObject: nativeObject = 0 Surface(name=null)/@0xdd95ab2 / android.view.SurfaceControl.readFromParcel:1117 android.view.IWindowSession$Stub$Proxy.relayout:1820 android.view.ViewRootImpl.relayoutWindow:9005 android.view.ViewRootImpl.performTraversals:3360 android.view.ViewRootImpl.doTraversal:2618 android.view.ViewRootImpl$TraversalRunnable.run:9971 android.view.Choreographer$CallbackRecord.run:1010 android.view.Choreographer.doCallbacks:809 android.view.Choreographer.doFrame:744 android.view.Choreographer$FrameDisplayEventReceiver.run:995
02-05 17:41:04.902 15500 15500 I ViewRootImpl@1bd4bd[InstrumentationActivityInvoker$EmptyActivity]: Relayout returned: old=(0,0,1080,2400) new=(0,0,1080,2400) req=(1080,2400)0 dur=5 res=0x7 s={true 497174126592} ch=true fn=-1
02-05 17:41:04.903 15500 15565 I mali_winsys: new_window_surface() [1080x2400] return: 0x3000
02-05 17:41:04.903 15500 15500 I ViewRootImpl@1bd4bd[InstrumentationActivityInvoker$EmptyActivity]: [DP] dp(1) 1 android.view.ViewRootImpl.reportNextDraw:10957 android.view.ViewRootImpl.performTraversals:3845 android.view.ViewRootImpl.doTraversal:2618
02-05 17:41:04.903 15500 15500 I ViewRootImpl@1bd4bd[InstrumentationActivityInvoker$EmptyActivity]: [DP] pd() Asnyc report
02-05 17:41:04.903   716   957 D gralloc : [mali_gralloc_allocate] begin
02-05 17:41:04.903   716   957 D gralloc : buffer_descriptor: wh(1080 2400) usage_pc(0x40000000000b00 0x40000000000b00) hal_format(0x1) layer_count(1) sizes(0 0 0) strde(0) byte_stride(0) alloc_wh(0 0) internal_format(0x0) alloc_format(0x0) fd_count(1) plane_count(0)
02-05 17:41:04.904   716   957 D gralloc : [mali_gralloc_allocate] allocation successful
02-05 17:41:04.904   716   957 D gralloc : [mali_gralloc_allocate] begin
02-05 17:41:04.904   716   957 D gralloc : buffer_descriptor: wh(1080 2400) usage_pc(0x40000000000b00 0x40000000000b00) hal_format(0x1) layer_count(1) sizes(0 0 0) strde(0) byte_stride(0) alloc_wh(0 0) internal_format(0x0) alloc_format(0x0) fd_count(1) plane_count(0)
02-05 17:41:04.905   716   957 D gralloc : [mali_gralloc_allocate] allocation successful
02-05 17:41:04.905   716   957 D gralloc : [mali_gralloc_allocate] begin
02-05 17:41:04.905   716   957 D gralloc : buffer_descriptor: wh(1080 2400) usage_pc(0x40000000000b00 0x40000000000b00) hal_format(0x1) layer_count(1) sizes(0 0 0) strde(0) byte_stride(0) alloc_wh(0 0) internal_format(0x0) alloc_format(0x0) fd_count(1) plane_count(0)
02-05 17:41:04.906 15500 15500 I ViewRootImpl@1bd4bd[InstrumentationActivityInvoker$EmptyActivity]: [DP] pdf(0) 1 android.view.ViewRootImpl.lambda$performDraw$1$ViewRootImpl:4668 android.view.-$$Lambda$ViewRootImpl$DJd0VUYJgsebcnSohO6h8zc_ONI.run:6 android.os.Handler.handleCallback:938
02-05 17:41:04.906 15500 15500 I ViewRootImpl@1bd4bd[InstrumentationActivityInvoker$EmptyActivity]: [DP] rdf()
02-05 17:41:04.907   716   957 D gralloc : [mali_gralloc_allocate] allocation successful
02-05 17:41:04.907  1163  1240 W WindowManager: lockNow pending, ignore updating lockscreen timeout
02-05 17:41:04.908   789   835 I Layer   : id=80182 removeFromCurrentState Surface(name=8c655e2 StatusBar)/@0x44a9b07 - animation-leash#0 (199)
02-05 17:41:04.908   789   835 I Layer   : id=80183 removeFromCurrentState Surface(name=b29f82b NavigationBar0)/@0x8634759 - animation-leash#1 (199)
02-05 17:41:04.909  1163  1240 D PkgPredictorService: pkg:com.example.dogglers activity:androidx.test.core.app.InstrumentationActivityInvoker$EmptyActivity thisTime:50
02-05 17:41:04.910  1163  1240 I SemDvfsHyPerManager: acquire hyper - AMS_RESUME_TAIL/1163@22, type = -999
02-05 17:41:04.910  1163  1244 I ActivityTaskManager: Displayed com.example.dogglers/androidx.test.core.app.InstrumentationActivityInvoker$EmptyActivity: +50ms
02-05 17:41:04.910  1163  1240 I SemDvfsHyPerManager: acquire hyper - AMS_ACT_LAZY/1163@23, type = -999
02-05 17:41:04.910   726   817 I HYPER-HAL: [RequestManager.cpp]acquire(): Acquired ID : 702727  [1163 / 22]    HINT : AMS_RESUME_TAIL    list :
02-05 17:41:04.911   726   817 I HYPER-HAL: [ResourceManager.cpp]updateResource(): [CPUMinFreq] UpdateResource Request ID : 702727    Value : 1844882
02-05 17:41:04.911   726   817 I HYPER-HAL: [RequestManager.cpp]acquire(): Acquired ID : 703914  [1163 / 23]    HINT :      list :
02-05 17:41:04.911   726   817 E HYPER-HAL: [Request.cpp]acquire(): Request:: id : 703914, No Resource to set
02-05 17:41:04.911   726   817 I HYPER-HAL: [ResourceManager.cpp]removeResource(): [CPUMinFreq] RemoveResource Request ID : 700356
02-05 17:41:04.911   726   817 I HYPER-HAL: [RequestManager.cpp]releaseLocked(): Released ID : 700356
02-05 17:41:04.911  2669  2669 E pageboostd: Received HALT command code 2
02-05 17:41:04.912  1163  1240 W WindowManager: lockNow pending, ignore updating lockscreen timeout
02-05 17:41:04.913  1680  1680 D SecStatusBarMobileView: setStaticDrawableColor:
02-05 17:41:04.913  1163  3938 I InputDispatcher: Focus entered window (15500): 75120bf in display 0 0
02-05 17:41:04.914 15500 15500 I ViewRootImpl@adc89ee[VerticalListActivity]: MSG_WINDOW_FOCUS_CHANGED 0 1
02-05 17:41:04.914 15500 15500 I SurfaceControl: nativeRelease nativeObject s[499014696736]
02-05 17:41:04.914 15500 15500 I SurfaceControl: nativeRelease nativeObject e[499014696736]
02-05 17:41:04.914 15500 15500 I SurfaceControl: nativeRelease nativeObject s[499014700960]
02-05 17:41:04.914 15500 15500 I SurfaceControl: nativeRelease nativeObject e[499014700960]
02-05 17:41:04.914 15500 15500 I SurfaceControl: nativeRelease nativeObject s[499014700288]
02-05 17:41:04.914 15500 15500 I SurfaceControl: nativeRelease nativeObject e[499014700288]
02-05 17:41:04.915   789  2265 I SurfaceFlinger: id=80183 Removed Surface(name=b29f82b NavigationBar0)/@0x8634759 - animation-leash#1 (199)
02-05 17:41:04.915   789   834 I SurfaceFlinger: id=80182 Removed Surface(name=8c655e2 StatusBar)/@0x44a9b07 - animation-leash#0 (199)
02-05 17:41:04.915 15500 15500 I ViewRootImpl@1bd4bd[InstrumentationActivityInvoker$EmptyActivity]: MSG_WINDOW_FOCUS_CHANGED 1 1
02-05 17:41:04.915 15500 15500 D InputMethodManager: prepareNavigationBarInfo() DecorView@b4226[InstrumentationActivityInvoker$EmptyActivity]
02-05 17:41:04.915 15500 15500 D InputMethodManager: getNavigationBarColor() -16711423
02-05 17:41:04.915 15500 15500 D InputMethodManager: prepareNavigationBarInfo() DecorView@b4226[InstrumentationActivityInvoker$EmptyActivity]
02-05 17:41:04.915 15500 15500 D InputMethodManager: getNavigationBarColor() -16711423
02-05 17:41:04.915 15500 15500 V InputMethodManager: Starting input: tba=com.example.dogglers ic=null mNaviBarColor -16711423 mIsGetNaviBarColorSuccess true , NavVisible : true , NavTrans : false
02-05 17:41:04.916 15500 15500 D InputMethodManager: startInputInner - Id : 0
02-05 17:41:04.916 15500 15500 I InputMethodManager: startInputInner - mService.startInputOrWindowGainedFocus
02-05 17:41:04.916   789   789 D SurfaceFlinger: Display 21442653864348033 HWC layers:
02-05 17:41:04.916   789   789 D SurfaceFlinger:      DEVICE | 0x7408190a00 | 0002 | RGBA_8888    |    0.0    0.0 1080.0 2400.0 |    0    0 1080 2400 | com.example.dogglers/androidx.test.c[...]tivityInvoker$EmptyActivity$_15500#0
02-05 17:41:04.916   789   789 D SurfaceFlinger:      DEVICE | 0x7428c3e6c0 | 0000 | RGBA_8888    |    0.0    0.0 1080.0   88.0 |    0    0 1080   88 | StatusBar$_1680#0
02-05 17:41:04.916   789   789 D SurfaceFlinger:      DEVICE | 0x7428c3f200 | 0000 | RGBA_8888    |    0.0    0.0 1080.0  144.0 |    0 2256 1080 2400 | NavigationBar0$_1680#0
02-05 17:41:04.916   789   789 D SurfaceFlinger:      DEVICE | 0x7408191180 | 0000 | RGBA_8888    |    0.0    0.0 1080.0  125.0 |    0    0 1080  125 | ScreenDecorOverlay$_1680#0
02-05 17:41:04.916   789   789 D SurfaceFlinger:      DEVICE | 0x7428c3f480 | 0000 | RGBA_8888    |    0.0    0.0 1080.0  112.0 |    0 2288 1080 2400 | ScreenDecorOverlayBottom$_1680#0
02-05 17:41:04.916   789   789 D SurfaceFlinger:
02-05 17:41:04.916  1163  1240 W WindowManager: lockNow pending, ignore updating lockscreen timeout
02-05 17:41:04.916  1163  3970 D InputMethodManagerService: mSecureKeypadEnabled = false
02-05 17:41:04.917  1163  3970 V InputMethodManagerService: hideCurrentInputLocked : shouldHideSoftInput is false
02-05 17:41:04.917  1163  3970 D InputMethodManagerService: DESKTOP MODE! : 2
02-05 17:41:04.917  1163  3970 D InputMethodManagerService: NOT IN KNOX DESKTOP MODE!
02-05 17:41:04.917  1163  3970 V InputMethodManagerService: getDisplayIdOfInputMethodWindowToBeAdded : 0
02-05 17:41:04.917  1163  3970 D InputMethodManagerService: checkDisplayOfStartInputAndUpdateKeyboard display Id 0last 0
02-05 17:41:04.917  1163  3970 D InputTransport: Input channel constructed: 'ClientS', fd=860
02-05 17:41:04.917  1163  3970 D InputTransport: Input channel destroyed: 'ClientS', fd=860
02-05 17:41:04.917 15500 15500 D InputTransport: Input channel constructed: 'ClientS', fd=106
02-05 17:41:04.917 15500 15500 D InputTransport: Input channel destroyed: 'ClientS', fd=97
02-05 17:41:04.918 15500 15500 I ViewRootImpl@adc89ee[VerticalListActivity]: stopped(true) old=false
02-05 17:41:04.918 15500 15500 I SurfaceControl: nativeRelease nativeObject s[499196689312]
02-05 17:41:04.918 15500 15500 I SurfaceControl: nativeRelease nativeObject e[499196689312]
02-05 17:41:04.918  1163  3940 I SurfaceControl: nativeRelease nativeObject s[496861208320]
02-05 17:41:04.918  1163  3940 I SurfaceControl: nativeRelease nativeObject e[496861208320]
02-05 17:41:04.918 15500 15500 D LifecycleMonitor: Lifecycle status change: com.example.dogglers.VerticalListActivity@54bf66 in: STOPPED
02-05 17:41:04.918 15500 15500 D LifecycleMonitor: running callback: androidx.test.core.app.ActivityScenario$1@6efecaf
02-05 17:41:04.918 15500 15500 V ActivityScenario: Update currentActivityStage to STOPPED, currentActivity=com.example.dogglers.VerticalListActivity@54bf66
02-05 17:41:04.918 15500 15500 D LifecycleMonitor: callback completes: androidx.test.core.app.ActivityScenario$1@6efecaf
02-05 17:41:04.918   789  2265 I SurfaceFlinger: id=80188 createSurf (0x0),-1 flag=24004, Surface(name=dbf3b45 InputMethod)/@0xf70bba8 - animation-leash#1
02-05 17:41:04.919 15500 15500 D LifecycleMonitor: Lifecycle status change: com.example.dogglers.VerticalListActivity@54bf66 in: DESTROYED
02-05 17:41:04.919 15500 15500 D LifecycleMonitor: running callback: androidx.test.core.app.ActivityScenario$1@6efecaf
02-05 17:41:04.919 15500 15500 V ActivityScenario: Update currentActivityStage to DESTROYED, currentActivity=null
02-05 17:41:04.919 15500 15500 D LifecycleMonitor: callback completes: androidx.test.core.app.ActivityScenario$1@6efecaf
02-05 17:41:04.920  3640  3640 I GoogleInputMethodService: GoogleInputMethodService.onFinishInput():3316
02-05 17:41:04.920 15500 15565 I mali_egl: eglDestroySurface() in
02-05 17:41:04.920  1163  3944 I SemDvfsHyPerManager: acquire hyper - AMS_ACT_START/1163@20, type = -999
02-05 17:41:04.921  3640  3640 I GoogleInputMethodService: GoogleInputMethodService.updateDeviceLockedStatus():2181 checkRepeatedly = false, unlocked = true
02-05 17:41:04.921  3640  3640 D InputMethodService: checkDisplayOfStartInputAndUpdateKeyboard display Id 0last 0
02-05 17:41:04.921   789   834 I SurfaceFlinger: id=80189 createSurf (0x0),-1 flag=80004, ActivityRecord{25a0290 u0 com.example.dogglers/androidx.test.core.app.InstrumentationActivityInvoker$EmptyActivity t12742}#0
02-05 17:41:04.921  3640  3640 I GoogleInputMethodService: GoogleInputMethodService.onStartInput():1989
02-05 17:41:04.921  3640  3640 I GoogleInputMethodService: GoogleInputMethodService.updateDeviceLockedStatus():2181 checkRepeatedly = true, unlocked = true
02-05 17:41:04.921 15500 15565 I mali_winsys: delete_surface() [1080x2400] return
02-05 17:41:04.921 15500 15565 I mali_egl: eglDestroySurface() out
02-05 17:41:04.922   789   834 E BufferQueueProducer: [com.example.dogglers/com.example.dogglers.VerticalListActivity$_15500#0](id:315000036fa,api:0,p:-1,c:789) disconnect: not connected (req=1)
02-05 17:41:04.922 15500 15565 W libEGL  : EGLNativeWindowType 0x7437323010 disconnect failed
02-05 17:41:04.922 15500 15500 I ViewRootImpl@adc89ee[VerticalListActivity]: dispatchDetachedFromWindow
02-05 17:41:04.922   726   817 I HYPER-HAL: [RequestManager.cpp]acquire(): Acquired ID : 700356  [1163 / 20]    HINT : AMS_ACT_START    list :
02-05 17:41:04.923   726   817 I HYPER-HAL: [ResourceManager.cpp]updateResource(): [CPUMinFreq] UpdateResource Request ID : 700356    Value : 1930195
02-05 17:41:04.923  1163  3944 W WindowManager: lockNow pending, ignore updating lockscreen timeout
02-05 17:41:04.924   789  2265 I Layer   : id=80178 removeFromCurrentState Surface(name=dbf3b45 InputMethod)/@0xf70bba8 - animation-leash#0 (201)
02-05 17:41:04.924  1163  3940 D InputTransport: Input channel destroyed: 'efeb934', fd=916
02-05 17:41:04.924  1163  3940 I SurfaceControl: nativeRelease nativeObject s[499038071456]
02-05 17:41:04.924  1163  3940 I SurfaceControl: nativeRelease nativeObject e[499038071456]
02-05 17:41:04.924  1163  3940 D WindowManager: isScreenshotDisabledLocked - win: Window{efeb934 u0 com.example.dogglers/com.example.dogglers.VerticalListActivity}
02-05 17:41:04.924  1163  3940 D WindowManager: isScreenshotDisabledLocked: userId = 0, disabled =false
02-05 17:41:04.924  1163  3940 I SurfaceControl: nativeRelease nativeObject s[499038975680]
02-05 17:41:04.924  1163  3940 I SurfaceControl: nativeRelease nativeObject e[499038975680]
02-05 17:41:04.924   789  2265 I Layer   : id=80174 removeFromCurrentState com.example.dogglers/com.example.dogglers.VerticalListActivity$_15500#0 (201)
02-05 17:41:04.925  1163  3940 W WindowManager: lockNow pending, ignore updating lockscreen timeout
02-05 17:41:04.925   789   834 I Layer   : id=80173 removeFromCurrentState efeb934 com.example.dogglers/com.example.dogglers.VerticalListActivity#0 (201)
02-05 17:41:04.926 15500 15500 D InputTransport: Input channel destroyed: 'efeb934', fd=90
02-05 17:41:04.926   789  1272 I SurfaceFlinger: id=80173 Removed efeb934 com.example.dogglers/com.example.dogglers.VerticalListActivity#0 (201)
02-05 17:41:04.926   789  1272 I SurfaceFlinger: id=80174 Removed com.example.dogglers/com.example.dogglers.VerticalListActivity$_15500#0 (201)
02-05 17:41:04.927  1163  3944 I SurfaceControl: nativeRelease nativeObject s[496861208704]
02-05 17:41:04.927  1163  3944 I SurfaceControl: nativeRelease nativeObject e[496861208704]
02-05 17:41:04.929 15500 15500 D LifecycleMonitor: Lifecycle status change: androidx.test.core.app.InstrumentationActivityInvoker$EmptyActivity@344c968 in: PAUSED
02-05 17:41:04.930 15500 15500 D LifecycleMonitor: running callback: androidx.test.core.app.ActivityScenario$1@6efecaf
02-05 17:41:04.930 15500 15500 V ActivityScenario: Activity lifecycle changed event received but ignored because the intent does not match. startActivityIntent=Intent { act=android.intent.action.MAIN cat=[android.intent.category.LAUNCHER] cmp=com.example.dogglers/.VerticalListActivity }, activity.getIntent()=Intent { act=android.intent.action.MAIN cat=[android.intent.category.LAUNCHER] flg=0x10000000 cmp=com.example.dogglers/androidx.test.core.app.InstrumentationActivityInvoker$EmptyActivity }, activity=androidx.test.core.app.InstrumentationActivityInvoker$EmptyActivity@344c968
02-05 17:41:04.930 15500 15500 D LifecycleMonitor: callback completes: androidx.test.core.app.ActivityScenario$1@6efecaf
02-05 17:41:04.930  1680  1680 D SecStatusBarMobileView: setStaticDrawableColor:
02-05 17:41:04.930   789   789 I Layer   : id=80183[1] Destroyed Surface(name=b29f82b NavigationBar0)/@0x8634759 - animation-leash#1
02-05 17:41:04.930   789   789 I Layer   : id=80182[1] Destroyed Surface(name=8c655e2 StatusBar)/@0x44a9b07 - animation-leash#0
02-05 17:41:04.930   789   789 I Layer   : id=80173[1] Destroyed efeb934 com.example.dogglers/com.example.dogglers.VerticalListActivity#0
02-05 17:41:04.931   789   789 I Layer   : id=80174[1] Destroyed com.example.dogglers/com.example.dogglers.VerticalListActivity$_15500#0
02-05 17:41:04.931   789  1272 I Layer   : id=80169 removeFromCurrentState ActivityRecord{f298704 u0 com.example.dogglers/.VerticalListActivity t12742}#0 (197)
02-05 17:41:04.931   789  1272 I SurfaceFlinger: id=80169 Removed ActivityRecord{f298704 u0 com.example.dogglers/.VerticalListActivity t12742}#0 (197)
02-05 17:41:04.932  1163  3944 V WindowOrientationListener: getProposedRotation: 0
02-05 17:41:04.932  1163  3944 V WindowOrientationListener: getProposedRotation: 0
02-05 17:41:04.933  1163  3944 V WindowOrientationListener: getProposedRotation: 0
02-05 17:41:04.934  1163  3944 D InputDispatcher: Focused application set to (0): 25a0290
02-05 17:41:04.936  1163  3944 W WindowManager: lockNow pending, ignore updating lockscreen timeout
02-05 17:41:04.936 15500 15500 I SurfaceControl: nativeRelease nativeObject s[499014742592]
02-05 17:41:04.936 15500 15500 I SurfaceControl: nativeRelease nativeObject e[499014742592]
02-05 17:41:04.936   789  1272 I SurfaceFlinger: id=80178 Removed Surface(name=dbf3b45 InputMethod)/@0xf70bba8 - animation-leash#0 (197)
02-05 17:41:04.937  1163  3940 D SamsungIMMSHWKeyboard: isConnectedDexOnPC false
02-05 17:41:04.937 15500 15500 I SurfaceControl: nativeRelease nativeObject s[499183206464]
02-05 17:41:04.937 15500 15500 I SurfaceControl: nativeRelease nativeObject e[499183206464]
02-05 17:41:04.937 15500 15500 I SurfaceControl: nativeRelease nativeObject s[499183204064]
02-05 17:41:04.937 15500 15500 I SurfaceControl: nativeRelease nativeObject e[499183204064]
02-05 17:41:04.937  1163  3940 D InputMethodManagerService: isImeSwitcherDisabledPackage : false
02-05 17:41:04.939 15500 15500 D LifecycleMonitor: Lifecycle status change: androidx.test.core.app.InstrumentationActivityInvoker$BootstrapActivity@3dbac8e in: DESTROYED
02-05 17:41:04.939 15500 15500 D LifecycleMonitor: running callback: androidx.test.core.app.ActivityScenario$1@6efecaf
02-05 17:41:04.939 15500 15500 V ActivityScenario: Activity lifecycle changed event received but ignored because the intent does not match. startActivityIntent=Intent { act=android.intent.action.MAIN cat=[android.intent.category.LAUNCHER] cmp=com.example.dogglers/.VerticalListActivity }, activity.getIntent()=Intent { act=android.intent.action.MAIN cat=[android.intent.category.LAUNCHER] flg=0x10008000 cmp=com.example.dogglers/androidx.test.core.app.InstrumentationActivityInvoker$BootstrapActivity (has extras) }, activity=androidx.test.core.app.InstrumentationActivityInvoker$BootstrapActivity@3dbac8e
02-05 17:41:04.939 15500 15500 D LifecycleMonitor: callback completes: androidx.test.core.app.ActivityScenario$1@6efecaf
02-05 17:41:04.940  1163  2104 I SurfaceControl: nativeRelease nativeObject s[499038985184]
02-05 17:41:04.940  1163  2104 I SurfaceControl: nativeRelease nativeObject e[499038985184]
02-05 17:41:04.941 15500 15500 D LifecycleMonitor: Lifecycle status change: androidx.test.core.app.InstrumentationActivityInvoker$EmptyActivity@f52d1ac in: PRE_ON_CREATE
02-05 17:41:04.941 15500 15500 D LifecycleMonitor: running callback: androidx.test.core.app.ActivityScenario$1@6efecaf
02-05 17:41:04.941 15500 15500 V ActivityScenario: Activity lifecycle changed event received but ignored because the intent does not match. startActivityIntent=Intent { act=android.intent.action.MAIN cat=[android.intent.category.LAUNCHER] cmp=com.example.dogglers/.VerticalListActivity }, activity.getIntent()=Intent { act=android.intent.action.MAIN cat=[android.intent.category.LAUNCHER] flg=0x10000000 cmp=com.example.dogglers/androidx.test.core.app.InstrumentationActivityInvoker$EmptyActivity }, activity=androidx.test.core.app.InstrumentationActivityInvoker$EmptyActivity@f52d1ac
02-05 17:41:04.941 15500 15500 D LifecycleMonitor: callback completes: androidx.test.core.app.ActivityScenario$1@6efecaf
02-05 17:41:04.941  1163  1240 W WindowManager: lockNow pending, ignore updating lockscreen timeout
02-05 17:41:04.942   789  1272 I Layer   : id=80167 removeFromCurrentState ActivityRecord{d3439ba u0 com.example.dogglers/androidx.test.core.app.InstrumentationActivityInvoker$BootstrapActivity t12742}#0 (197)
02-05 17:41:04.942   789  1272 I SurfaceFlinger: id=80167 Removed ActivityRecord{d3439ba u0 com.example.dogglers/androidx.test.core.app.InstrumentationActivityInvoker$BootstrapActivity t12742}#0 (197)
02-05 17:41:04.945 15500 15500 I DecorView: [INFO] isPopOver=false, config=true
02-05 17:41:04.945 15500 15500 I DecorView: updateCaptionType >> DecorView@5cd8e0a[], isFloating=false, isApplication=true, hasWindowDecorCaption=false, hasWindowControllerCallback=true
02-05 17:41:04.945 15500 15500 D DecorView: setCaptionType = 0, this = DecorView@5cd8e0a[]
02-05 17:41:04.946 15500 15500 D LifecycleMonitor: Lifecycle status change: androidx.test.core.app.InstrumentationActivityInvoker$EmptyActivity@f52d1ac in: CREATED
02-05 17:41:04.946 15500 15500 D LifecycleMonitor: running callback: androidx.test.core.app.ActivityScenario$1@6efecaf
02-05 17:41:04.946 15500 15500 V ActivityScenario: Activity lifecycle changed event received but ignored because the intent does not match. startActivityIntent=Intent { act=android.intent.action.MAIN cat=[android.intent.category.LAUNCHER] cmp=com.example.dogglers/.VerticalListActivity }, activity.getIntent()=Intent { act=android.intent.action.MAIN cat=[android.intent.category.LAUNCHER] flg=0x10000000 cmp=com.example.dogglers/androidx.test.core.app.InstrumentationActivityInvoker$EmptyActivity }, activity=androidx.test.core.app.InstrumentationActivityInvoker$EmptyActivity@f52d1ac
02-05 17:41:04.946 15500 15500 D LifecycleMonitor: callback completes: androidx.test.core.app.ActivityScenario$1@6efecaf
02-05 17:41:04.947   789   789 I Layer   : id=80178[1] Destroyed Surface(name=dbf3b45 InputMethod)/@0xf70bba8 - animation-leash#0
02-05 17:41:04.947   789   789 I Layer   : id=80167[1] Destroyed ActivityRecord{d3439ba u0 com.example.dogglers/androidx.test.core.app.InstrumentationActivityInvoker$BootstrapActivity t12742}#0
02-05 17:41:04.947   789   789 I Layer   : id=80169[1] Destroyed ActivityRecord{f298704 u0 com.example.dogglers/.VerticalListActivity t12742}#0
02-05 17:41:04.947  1163  3970 I InputDispatcher: Focus left window (15500): 75120bf in display 0 0
02-05 17:41:04.948 15500 15500 D LifecycleMonitor: Lifecycle status change: androidx.test.core.app.InstrumentationActivityInvoker$EmptyActivity@f52d1ac in: STARTED
02-05 17:41:04.948 15500 15500 D LifecycleMonitor: running callback: androidx.test.core.app.ActivityScenario$1@6efecaf
02-05 17:41:04.948 15500 15500 V ActivityScenario: Activity lifecycle changed event received but ignored because the intent does not match. startActivityIntent=Intent { act=android.intent.action.MAIN cat=[android.intent.category.LAUNCHER] cmp=com.example.dogglers/.VerticalListActivity }, activity.getIntent()=Intent { act=android.intent.action.MAIN cat=[android.intent.category.LAUNCHER] flg=0x10000000 cmp=com.example.dogglers/androidx.test.core.app.InstrumentationActivityInvoker$EmptyActivity }, activity=androidx.test.core.app.InstrumentationActivityInvoker$EmptyActivity@f52d1ac
02-05 17:41:04.948 15500 15500 D LifecycleMonitor: callback completes: androidx.test.core.app.ActivityScenario$1@6efecaf
02-05 17:41:04.948 15500 15500 D LifecycleMonitor: Lifecycle status change: androidx.test.core.app.InstrumentationActivityInvoker$EmptyActivity@f52d1ac in: RESUMED
02-05 17:41:04.948 15500 15500 D LifecycleMonitor: running callback: androidx.test.core.app.ActivityScenario$1@6efecaf
02-05 17:41:04.948 15500 15500 V ActivityScenario: Activity lifecycle changed event received but ignored because the intent does not match. startActivityIntent=Intent { act=android.intent.action.MAIN cat=[android.intent.category.LAUNCHER] cmp=com.example.dogglers/.VerticalListActivity }, activity.getIntent()=Intent { act=android.intent.action.MAIN cat=[android.intent.category.LAUNCHER] flg=0x10000000 cmp=com.example.dogglers/androidx.test.core.app.InstrumentationActivityInvoker$EmptyActivity }, activity=androidx.test.core.app.InstrumentationActivityInvoker$EmptyActivity@f52d1ac
02-05 17:41:04.948 15500 15500 D LifecycleMonitor: callback completes: androidx.test.core.app.ActivityScenario$1@6efecaf
02-05 17:41:04.951  1163  2104 D InputTransport: Input channel constructed: '124254 ', fd=860
02-05 17:41:04.951  1163  2104 D InputTransport: Input channel constructed: '124254 ', fd=887
02-05 17:41:04.951   789  1272 I SurfaceFlinger: id=80190 createSurf (0x0),-1 flag=80004, 124254 com.example.dogglers/androidx.test.core.app.InstrumentationActivityInvoker$EmptyActivity#0
02-05 17:41:04.951  1163  2104 D WindowManager: isScreenshotDisabledLocked - win: Window{124254 u0 com.example.dogglers/androidx.test.core.app.InstrumentationActivityInvoker$EmptyActivity}
02-05 17:41:04.951  1163  2104 D WindowManager: isScreenshotDisabledLocked: userId = 0, disabled =false
02-05 17:41:04.951  1163  2104 D InputTransport: Input channel destroyed: '124254 ', fd=887
02-05 17:41:04.952 15500 15500 D InputTransport: Input channel constructed: '124254 ', fd=90
02-05 17:41:04.952 15500 15500 I ViewRootImpl@8aecf1[InstrumentationActivityInvoker$EmptyActivity]: setView = com.android.internal.policy.DecorView@5cd8e0a TM=true
02-05 17:41:04.965  1163  3970 V WindowManager: Relayout Window{124254 u0 com.example.dogglers/androidx.test.core.app.InstrumentationActivityInvoker$EmptyActivity}: viewVisibility=0 req=1080x2400
02-05 17:41:04.965  1163  3970 W WindowManager: lockNow pending, ignore updating lockscreen timeout
02-05 17:41:04.966  1163  3970 D WindowManager: isScreenshotDisabledLocked - win: Window{124254 u0 com.example.dogglers/androidx.test.core.app.InstrumentationActivityInvoker$EmptyActivity}
02-05 17:41:04.966  1163  3970 D WindowManager: isScreenshotDisabledLocked: userId = 0, disabled =false
02-05 17:41:04.966   789  1272 I SurfaceFlinger: id=80191 createSurf (1080x2400),1 flag=404, com.example.dogglers/androidx.test.core.app.InstrumentationActivityInvoker$EmptyActivity$_15500#1
02-05 17:41:04.967  1163  3970 I SurfaceControl: nativeRelease nativeObject s[499038073760]
02-05 17:41:04.967  1163  3970 I SurfaceControl: nativeRelease nativeObject e[499038073760]
02-05 17:41:04.968   789  1272 I SurfaceFlinger: id=80192 createSurf (0x0),-1 flag=24000, Surface(name=8c655e2 StatusBar)/@0x44a9b07 - animation-leash#0
02-05 17:41:04.968  1163  3970 I SurfaceControl: nativeRelease nativeObject s[499038073856]
02-05 17:41:04.968  1163  3970 I SurfaceControl: nativeRelease nativeObject e[499038073856]
02-05 17:41:04.968   789  1272 I SurfaceFlinger: id=80193 createSurf (0x0),-1 flag=24000, Surface(name=b29f82b NavigationBar0)/@0x8634759 - animation-leash#1
02-05 17:41:04.969  1163  3970 V WindowManager: Relayout hash=124254, pid=15500: mAttrs={(0,0)(fillxfill) sim={adjust=pan forwardNavigation} ty=BASE_APPLICATION wanim=0x1030001
02-05 17:41:04.969  1163  3970 V WindowManager:   fl=1810100
02-05 17:41:04.969  1163  3970 V WindowManager:   pfl=12020000
02-05 17:41:04.969  1163  3970 V WindowManager:   fitSides= naviIconColor=0}
02-05 17:41:04.969  1163  3970 I SurfaceControl: nativeRelease nativeObject s[496861209952]
02-05 17:41:04.969  1163  3970 I SurfaceControl: nativeRelease nativeObject e[496861209952]
02-05 17:41:04.969 15500 15500 I SurfaceControl: assignNativeObject: nativeObject = 0 Surface(name=null)/@0x2be80d6 / android.view.SurfaceControl.readFromParcel:1117 android.view.IWindowSession$Stub$Proxy.relayout:1820 android.view.ViewRootImpl.relayoutWindow:9005 android.view.ViewRootImpl.performTraversals:3360 android.view.ViewRootImpl.doTraversal:2618 android.view.ViewRootImpl$TraversalRunnable.run:9971 android.view.Choreographer$CallbackRecord.run:1010 android.view.Choreographer.doCallbacks:809 android.view.Choreographer.doFrame:744 android.view.Choreographer$FrameDisplayEventReceiver.run:995
02-05 17:41:04.970 15500 15500 I ViewRootImpl@8aecf1[InstrumentationActivityInvoker$EmptyActivity]: Relayout returned: old=(0,0,1080,2400) new=(0,0,1080,2400) req=(1080,2400)0 dur=4 res=0x7 s={true 499016089600} ch=true fn=-1
02-05 17:41:04.970 15500 15565 I mali_winsys: new_window_surface() [1080x2400] return: 0x3000
02-05 17:41:04.970 15500 15500 I ViewRootImpl@8aecf1[InstrumentationActivityInvoker$EmptyActivity]: [DP] dp(1) 1 android.view.ViewRootImpl.reportNextDraw:10957 android.view.ViewRootImpl.performTraversals:3845 android.view.ViewRootImpl.doTraversal:2618
02-05 17:41:04.970 15500 15500 I ViewRootImpl@8aecf1[InstrumentationActivityInvoker$EmptyActivity]: [DP] pd() Asnyc report
02-05 17:41:04.971   716   957 D gralloc : [mali_gralloc_allocate] begin
02-05 17:41:04.971   716   957 D gralloc : buffer_descriptor: wh(1080 2400) usage_pc(0x40000000000b00 0x40000000000b00) hal_format(0x1) layer_count(1) sizes(0 0 0) strde(0) byte_stride(0) alloc_wh(0 0) internal_format(0x0) alloc_format(0x0) fd_count(1) plane_count(0)
02-05 17:41:04.971   716   957 D gralloc : [mali_gralloc_allocate] allocation successful
02-05 17:41:04.971   716   957 D gralloc : [mali_gralloc_allocate] begin
02-05 17:41:04.971   716   957 D gralloc : buffer_descriptor: wh(1080 2400) usage_pc(0x40000000000b00 0x40000000000b00) hal_format(0x1) layer_count(1) sizes(0 0 0) strde(0) byte_stride(0) alloc_wh(0 0) internal_format(0x0) alloc_format(0x0) fd_count(1) plane_count(0)
02-05 17:41:04.972   716   957 D gralloc : [mali_gralloc_allocate] allocation successful
02-05 17:41:04.972   716   953 D gralloc : [mali_gralloc_allocate] begin
02-05 17:41:04.972   716   953 D gralloc : buffer_descriptor: wh(1080 2400) usage_pc(0x40000000000b00 0x40000000000b00) hal_format(0x1) layer_count(1) sizes(0 0 0) strde(0) byte_stride(0) alloc_wh(0 0) internal_format(0x0) alloc_format(0x0) fd_count(1) plane_count(0)
02-05 17:41:04.973 15500 15500 I ViewRootImpl@8aecf1[InstrumentationActivityInvoker$EmptyActivity]: [DP] pdf(0) 1 android.view.ViewRootImpl.lambda$performDraw$1$ViewRootImpl:4668 android.view.-$$Lambda$ViewRootImpl$DJd0VUYJgsebcnSohO6h8zc_ONI.run:6 android.os.Handler.handleCallback:938
02-05 17:41:04.973 15500 15500 I ViewRootImpl@8aecf1[InstrumentationActivityInvoker$EmptyActivity]: [DP] rdf()
02-05 17:41:04.973 15500 15500 I ViewRootImpl@1bd4bd[InstrumentationActivityInvoker$EmptyActivity]: MSG_WINDOW_FOCUS_CHANGED 0 1
02-05 17:41:04.973   716   953 D gralloc : [mali_gralloc_allocate] allocation successful
02-05 17:41:04.974  1163  1240 W WindowManager: lockNow pending, ignore updating lockscreen timeout
02-05 17:41:04.974   789  1273 I Layer   : id=80186 removeFromCurrentState Surface(name=8c655e2 StatusBar)/@0x44a9b07 - animation-leash#1 (198)
02-05 17:41:04.974   789  1273 I Layer   : id=80187 removeFromCurrentState Surface(name=b29f82b NavigationBar0)/@0x8634759 - animation-leash#0 (198)
02-05 17:41:04.976  1163  1240 D PkgPredictorService: pkg:com.example.dogglers activity:androidx.test.core.app.InstrumentationActivityInvoker$EmptyActivity thisTime:55
02-05 17:41:04.977  1163  1240 I SemDvfsHyPerManager: acquire hyper - AMS_RESUME_TAIL/1163@22, type = -999
02-05 17:41:04.977  1163  1244 I ActivityTaskManager: Displayed com.example.dogglers/androidx.test.core.app.InstrumentationActivityInvoker$EmptyActivity: +55ms
02-05 17:41:04.977  1163  1240 I SemDvfsHyPerManager: acquire hyper - AMS_ACT_LAZY/1163@23, type = -999
02-05 17:41:04.977   726   817 I HYPER-HAL: [RequestManager.cpp]acquire(): Acquired ID : 702727  [1163 / 22]    HINT : AMS_RESUME_TAIL    list :
02-05 17:41:04.977   726   817 I HYPER-HAL: [ResourceManager.cpp]updateResource(): [CPUMinFreq] UpdateResource Request ID : 702727    Value : 1844882
02-05 17:41:04.977  2669  2669 E pageboostd: Received HALT command code 2
02-05 17:41:04.977   726   817 I HYPER-HAL: [RequestManager.cpp]acquire(): Acquired ID : 703914  [1163 / 23]    HINT :      list :
02-05 17:41:04.977   726   817 E HYPER-HAL: [Request.cpp]acquire(): Request:: id : 703914, No Resource to set
02-05 17:41:04.978   726   817 I HYPER-HAL: [ResourceManager.cpp]removeResource(): [CPUMinFreq] RemoveResource Request ID : 700356
02-05 17:41:04.978   726   817 I HYPER-HAL: [RequestManager.cpp]releaseLocked(): Released ID : 700356
02-05 17:41:04.978  1163  1240 W WindowManager: lockNow pending, ignore updating lockscreen timeout
02-05 17:41:04.980 15500 15500 I SurfaceControl: nativeRelease nativeObject s[499014748928]
