02-05 17:41:02.223 15500 15500 I ViewInteraction: Checking 'com.example.dogglers.BaseTest$DrawableMatcher$RecyclerViewAssertion@8482cdf' assertion on view with id is <com.example.dogglers:id/vertical_recycler_view>
02-05 17:41:02.225  1163  2104 I SurfaceControl: nativeRelease nativeObject s[499038977696]
02-05 17:41:02.225  1163  2104 I SurfaceControl: nativeRelease nativeObject e[499038977696]
02-05 17:41:02.225   789  1273 I SurfaceFlinger: id=80069 createSurf (0x0),-1 flag=24004, Surface(name=dbf3b45 InputMethod)/@0xf70bba8 - animation-leash#0
02-05 17:41:02.226  1163  3939 I SurfaceControl: nativeRelease nativeObject s[496785828096]
02-05 17:41:02.226  1163  3939 I SurfaceControl: nativeRelease nativeObject e[496785828096]
02-05 17:41:02.226  3640  3640 I GoogleInputMethodService: GoogleInputMethodService.onFinishInput():3316
02-05 17:41:02.226   789  2265 I Layer   : id=80012 removeFromCurrentState com.sec.android.app.launcher/com.sec.android.app.launcher.activities.LauncherActivity$_2003#0 (209)
02-05 17:41:02.227  3640  3640 I GoogleInputMethodService: GoogleInputMethodService.updateDeviceLockedStatus():2181 checkRepeatedly = false, unlocked = true
02-05 17:41:02.227  3640  3640 D InputMethodService: checkDisplayOfStartInputAndUpdateKeyboard display Id 0last 0
02-05 17:41:02.228  3640  3640 I GoogleInputMethodService: GoogleInputMethodService.onStartInput():1989
02-05 17:41:02.228  3640  3640 I GoogleInputMethodService: GoogleInputMethodService.updateDeviceLockedStatus():2181 checkRepeatedly = true, unlocked = true
02-05 17:41:02.230   789  2265 I SurfaceFlinger: id=80012 Removed com.sec.android.app.launcher/com.sec.android.app.launcher.activities.LauncherActivity$_2003#0 (209)
02-05 17:41:02.230  1163  1237 D SehCodecSolutionService: Update top [com.example.dogglers]
02-05 17:41:02.230  1163  1237 E Native_CFMS: nativePerfMgrRemoveTask    Fail    tid : 2003    return : -1
02-05 17:41:02.232  1163  3939 I SemDvfsHyPerManager: acquire hyper - AMS_ACT_START/1163@20, type = -999
02-05 17:41:02.232   726   817 I HYPER-HAL: [RequestManager.cpp]acquire(): Acquired ID : 700356  [1163 / 20]    HINT : AMS_ACT_START    list :
02-05 17:41:02.232   789  2265 I SurfaceFlinger: id=80070 createSurf (0x0),-1 flag=80004, ActivityRecord{3e1c197 u0 com.example.dogglers/androidx.test.core.app.InstrumentationActivityInvoker$EmptyActivity t12739}#0
02-05 17:41:02.232   726   817 I HYPER-HAL: [ResourceManager.cpp]updateResource(): [CPUMinFreq] UpdateResource Request ID : 700356    Value : 1930195
02-05 17:41:02.235  1163  3939 W WindowManager: lockNow pending, ignore updating lockscreen timeout
02-05 17:41:02.235   789  2265 I Layer   : id=80056 removeFromCurrentState Surface(name=dbf3b45 InputMethod)/@0xf70bba8 - animation-leash#1 (210)
02-05 17:41:02.236  2003  2003 I SurfaceControl: nativeRelease nativeObject s[499183205024]
02-05 17:41:02.236  2003  2003 I SurfaceControl: nativeRelease nativeObject e[499183205024]
02-05 17:41:02.236 15500 15500 D LifecycleMonitor: Lifecycle status change: com.example.dogglers.VerticalListActivity@aea45b8 in: PAUSED
02-05 17:41:02.236 15500 15500 D LifecycleMonitor: running callback: androidx.test.core.app.ActivityScenario$1@561ce59
02-05 17:41:02.236 15500 15500 V ActivityScenario: Update currentActivityStage to PAUSED, currentActivity=com.example.dogglers.VerticalListActivity@aea45b8
02-05 17:41:02.236 15500 15500 D LifecycleMonitor: callback completes: androidx.test.core.app.ActivityScenario$1@561ce59
02-05 17:41:02.237  1163  3944 V WindowOrientationListener: getProposedRotation: 0
02-05 17:41:02.238  1163  3944 V WindowOrientationListener: getProposedRotation: 0
02-05 17:41:02.238  1163  3944 V WindowOrientationListener: getProposedRotation: 0
02-05 17:41:02.239  1163  3944 D InputDispatcher: Focused application set to (0): 3e1c197
02-05 17:41:02.239   789   789 I Layer   : id=80012[1] Destroyed com.sec.android.app.launcher/com.sec.android.app.launcher.activities.LauncherActivity$_2003#0
02-05 17:41:02.239  1163  3944 I SurfaceControl: nativeRelease nativeObject s[499038982976]
02-05 17:41:02.240  1163  3944 I SurfaceControl: nativeRelease nativeObject e[499038982976]
02-05 17:41:02.240  1680  1680 D SecStatusBarMobileView: setStaticDrawableColor:
02-05 17:41:02.240   789  2265 I SurfaceFlinger: id=80071 createSurf (0x0),-1 flag=24000, Surface(name=8c655e2 StatusBar)/@0x44a9b07 - animation-leash#0
02-05 17:41:02.240  1163  3944 I SurfaceControl: nativeRelease nativeObject s[496866868192]
02-05 17:41:02.240  1163  3944 I SurfaceControl: nativeRelease nativeObject e[496866868192]
02-05 17:41:02.241   789  1272 I SurfaceFlinger: id=80072 createSurf (0x0),-1 flag=24000, Surface(name=b29f82b NavigationBar0)/@0x8634759 - animation-leash#1
02-05 17:41:02.243  1163  3944 W WindowManager: lockNow pending, ignore updating lockscreen timeout
02-05 17:41:02.244   789  1273 I Layer   : id=80066 removeFromCurrentState Surface(name=8c655e2 StatusBar)/@0x44a9b07 - animation-leash#1 (211)
02-05 17:41:02.244   789  1273 I Layer   : id=80067 removeFromCurrentState Surface(name=b29f82b NavigationBar0)/@0x8634759 - animation-leash#0 (211)
02-05 17:41:02.247 15500 15500 D LifecycleMonitor: Lifecycle status change: androidx.test.core.app.InstrumentationActivityInvoker$EmptyActivity@bb0018 in: PRE_ON_CREATE
02-05 17:41:02.247 15500 15500 D LifecycleMonitor: running callback: androidx.test.core.app.ActivityScenario$1@561ce59
02-05 17:41:02.247 15500 15500 V ActivityScenario: Activity lifecycle changed event received but ignored because the intent does not match. startActivityIntent=Intent { act=android.intent.action.MAIN cat=[android.intent.category.LAUNCHER] cmp=com.example.dogglers/.VerticalListActivity }, activity.getIntent()=Intent { act=android.intent.action.MAIN cat=[android.intent.category.LAUNCHER] flg=0x10000000 cmp=com.example.dogglers/androidx.test.core.app.InstrumentationActivityInvoker$EmptyActivity }, activity=androidx.test.core.app.InstrumentationActivityInvoker$EmptyActivity@bb0018
02-05 17:41:02.247 15500 15500 D LifecycleMonitor: callback completes: androidx.test.core.app.ActivityScenario$1@561ce59
02-05 17:41:02.251 15500 15500 I DecorView: [INFO] isPopOver=false, config=true
02-05 17:41:02.251 15500 15500 I DecorView: updateCaptionType >> DecorView@dcd9056[], isFloating=false, isApplication=true, hasWindowDecorCaption=false, hasWindowControllerCallback=true
02-05 17:41:02.251 15500 15500 D DecorView: setCaptionType = 0, this = DecorView@dcd9056[]
02-05 17:41:02.253 15500 15500 D LifecycleMonitor: Lifecycle status change: androidx.test.core.app.InstrumentationActivityInvoker$EmptyActivity@bb0018 in: CREATED
02-05 17:41:02.253 15500 15500 D LifecycleMonitor: running callback: androidx.test.core.app.ActivityScenario$1@561ce59
02-05 17:41:02.253 15500 15500 V ActivityScenario: Activity lifecycle changed event received but ignored because the intent does not match. startActivityIntent=Intent { act=android.intent.action.MAIN cat=[android.intent.category.LAUNCHER] cmp=com.example.dogglers/.VerticalListActivity }, activity.getIntent()=Intent { act=android.intent.action.MAIN cat=[android.intent.category.LAUNCHER] flg=0x10000000 cmp=com.example.dogglers/androidx.test.core.app.InstrumentationActivityInvoker$EmptyActivity }, activity=androidx.test.core.app.InstrumentationActivityInvoker$EmptyActivity@bb0018
02-05 17:41:02.253 15500 15500 D LifecycleMonitor: callback completes: androidx.test.core.app.ActivityScenario$1@561ce59
02-05 17:41:02.254 15500 15500 D LifecycleMonitor: Lifecycle status change: androidx.test.core.app.InstrumentationActivityInvoker$EmptyActivity@bb0018 in: STARTED
02-05 17:41:02.254 15500 15500 D LifecycleMonitor: running callback: androidx.test.core.app.ActivityScenario$1@561ce59
02-05 17:41:02.254 15500 15500 V ActivityScenario: Activity lifecycle changed event received but ignored because the intent does not match. startActivityIntent=Intent { act=android.intent.action.MAIN cat=[android.intent.category.LAUNCHER] cmp=com.example.dogglers/.VerticalListActivity }, activity.getIntent()=Intent { act=android.intent.action.MAIN cat=[android.intent.category.LAUNCHER] flg=0x10000000 cmp=com.example.dogglers/androidx.test.core.app.InstrumentationActivityInvoker$EmptyActivity }, activity=androidx.test.core.app.InstrumentationActivityInvoker$EmptyActivity@bb0018
02-05 17:41:02.254 15500 15500 D LifecycleMonitor: callback completes: androidx.test.core.app.ActivityScenario$1@561ce59
02-05 17:41:02.255 15500 15500 D LifecycleMonitor: Lifecycle status change: androidx.test.core.app.InstrumentationActivityInvoker$EmptyActivity@bb0018 in: RESUMED
02-05 17:41:02.255 15500 15500 D LifecycleMonitor: running callback: androidx.test.core.app.ActivityScenario$1@561ce59
02-05 17:41:02.255 15500 15500 V ActivityScenario: Activity lifecycle changed event received but ignored because the intent does not match. startActivityIntent=Intent { act=android.intent.action.MAIN cat=[android.intent.category.LAUNCHER] cmp=com.example.dogglers/.VerticalListActivity }, activity.getIntent()=Intent { act=android.intent.action.MAIN cat=[android.intent.category.LAUNCHER] flg=0x10000000 cmp=com.example.dogglers/androidx.test.core.app.InstrumentationActivityInvoker$EmptyActivity }, activity=androidx.test.core.app.InstrumentationActivityInvoker$EmptyActivity@bb0018
02-05 17:41:02.255 15500 15500 D LifecycleMonitor: callback completes: androidx.test.core.app.ActivityScenario$1@561ce59
02-05 17:41:02.256  1680  1680 D SecStatusBarMobileView: setStaticDrawableColor:
02-05 17:41:02.258  1163  3939 D InputTransport: Input channel constructed: '7253ec6', fd=857
02-05 17:41:02.258  1163  3939 D InputTransport: Input channel constructed: '7253ec6', fd=860
02-05 17:41:02.258   789  1272 I SurfaceFlinger: id=80073 createSurf (0x0),-1 flag=80004, 7253ec6 com.example.dogglers/androidx.test.core.app.InstrumentationActivityInvoker$EmptyActivity#0
02-05 17:41:02.259  1163  3939 D WindowManager: isScreenshotDisabledLocked - win: Window{7253ec6 u0 com.example.dogglers/androidx.test.core.app.InstrumentationActivityInvoker$EmptyActivity}
02-05 17:41:02.259  1163  3939 D WindowManager: isScreenshotDisabledLocked: userId = 0, disabled =false
02-05 17:41:02.259  1163  3939 D InputTransport: Input channel destroyed: '7253ec6', fd=860
02-05 17:41:02.259 15500 15500 D InputTransport: Input channel constructed: '7253ec6', fd=98
02-05 17:41:02.260 15500 15500 I ViewRootImpl@9585cad[InstrumentationActivityInvoker$EmptyActivity]: setView = com.android.internal.policy.DecorView@dcd9056 TM=true
02-05 17:41:02.261   789   789 D SurfaceFlinger: Display 21442653864348033 HWC layers:
02-05 17:41:02.261   789   789 D SurfaceFlinger:      DEVICE | 0x7428c3e1c0 | 0002 | RGBA_8888    |    0.0    0.0 1080.0 2400.0 |    0    0 1080 2400 | com.example.dogglers/com.example.dogglers.VerticalListActivity$_15500#0
02-05 17:41:02.261   789   789 D SurfaceFlinger:      DEVICE | 0x7407b64280 | 0002 | RGBA_8888    |    0.0    0.0 1080.0 2400.0 |    0    0 1080 2400 | Splash Screen com.example.dogglers#0
02-05 17:41:02.261   789   789 D SurfaceFlinger:      DEVICE | 0x7428c3fac0 | 0000 | RGBA_8888    |    0.0    0.0 1080.0   88.0 |    0    0 1080   88 | StatusBar$_1680#0
02-05 17:41:02.261   789   789 D SurfaceFlinger:      DEVICE | 0x7428c3f200 | 0000 | RGBA_8888    |    0.0    0.0 1080.0  144.0 |    0 2256 1080 2400 | NavigationBar0$_1680#0
02-05 17:41:02.261   789   789 D SurfaceFlinger:      DEVICE | 0x7408191180 | 0000 | RGBA_8888    |    0.0    0.0 1080.0  125.0 |    0    0 1080  125 | ScreenDecorOverlay$_1680#0
02-05 17:41:02.261   789   789 D SurfaceFlinger:      DEVICE | 0x7428c3f480 | 0000 | RGBA_8888    |    0.0    0.0 1080.0  112.0 |    0 2288 1080 2400 | ScreenDecorOverlayBottom$_1680#0
02-05 17:41:02.261   789   789 D SurfaceFlinger:
02-05 17:41:02.262  1163  3939 D SamsungIMMSHWKeyboard: isConnectedDexOnPC false
02-05 17:41:02.262 15500 15500 I SurfaceControl: nativeRelease nativeObject s[498994768640]
02-05 17:41:02.262 15500 15500 I SurfaceControl: nativeRelease nativeObject e[498994768640]
02-05 17:41:02.262 15500 15500 I SurfaceControl: nativeRelease nativeObject s[498994768544]
02-05 17:41:02.262 15500 15500 I SurfaceControl: nativeRelease nativeObject e[498994768544]
02-05 17:41:02.262  1163  3939 D InputMethodManagerService: isImeSwitcherDisabledPackage : false
02-05 17:41:02.262 15500 15500 I SurfaceControl: nativeRelease nativeObject s[497477724640]
02-05 17:41:02.262 15500 15500 I SurfaceControl: nativeRelease nativeObject e[497477724640]
02-05 17:41:02.262 15500 15500 I SurfaceControl: nativeRelease nativeObject s[497477724544]
02-05 17:41:02.262 15500 15500 I SurfaceControl: nativeRelease nativeObject e[497477724544]
02-05 17:41:02.262 15500 15500 I SurfaceControl: nativeRelease nativeObject s[497477724448]
02-05 17:41:02.262 15500 15500 I SurfaceControl: nativeRelease nativeObject e[497477724448]
02-05 17:41:02.262   789  1272 I SurfaceFlinger: id=80067 Removed Surface(name=b29f82b NavigationBar0)/@0x8634759 - animation-leash#0 (212)
02-05 17:41:02.262   789  2265 I SurfaceFlinger: id=80066 Removed Surface(name=8c655e2 StatusBar)/@0x44a9b07 - animation-leash#1 (212)
02-05 17:41:02.272   789   789 I Layer   : id=80066[1] Destroyed Surface(name=8c655e2 StatusBar)/@0x44a9b07 - animation-leash#1
02-05 17:41:02.273   789   789 I Layer   : id=80067[1] Destroyed Surface(name=b29f82b NavigationBar0)/@0x8634759 - animation-leash#0
02-05 17:41:02.274  1163  3939 I InputDispatcher: Focus left window (15500): 8d46965 in display 0 0
02-05 17:41:02.274  1163  1240 I SurfaceControl: nativeRelease nativeObject s[496871103744]
02-05 17:41:02.274  1163  1240 I SurfaceControl: nativeRelease nativeObject e[496871103744]
02-05 17:41:02.274  1163  1240 I SurfaceControl: nativeRelease nativeObject s[496785828768]
02-05 17:41:02.274  1163  1240 I SurfaceControl: nativeRelease nativeObject e[496785828768]
02-05 17:41:02.275   789  1273 I Layer   : id=80061 removeFromCurrentState Splash Screen com.example.dogglers#0 (210)
02-05 17:41:02.275  1680  1680 D SecStatusBarMobileView: setStaticDrawableColor:
02-05 17:41:02.275  1163  1240 I SurfaceControl: nativeRelease nativeObject s[499038073376]
02-05 17:41:02.275  1163  1240 I SurfaceControl: nativeRelease nativeObject e[499038073376]
02-05 17:41:02.276  1163  1240 I SurfaceControl: nativeRelease nativeObject s[499183879808]
02-05 17:41:02.276  1163  1240 I SurfaceControl: nativeRelease nativeObject e[499183879808]
02-05 17:41:02.276   789  1273 I SurfaceFlinger: id=80074 createSurf (0x0),-1 flag=24000, Surface(name=8c655e2 StatusBar)/@0x44a9b07 - animation-leash#1
02-05 17:41:02.277  1163  1240 I SurfaceControl: nativeRelease nativeObject s[499038069248]
02-05 17:41:02.277  1163  1240 I SurfaceControl: nativeRelease nativeObject e[499038069248]
02-05 17:41:02.277   789  1273 I SurfaceFlinger: id=80075 createSurf (0x0),-1 flag=24000, Surface(name=b29f82b NavigationBar0)/@0x8634759 - animation-leash#0
02-05 17:41:02.278  1163  1240 W WindowManager: lockNow pending, ignore updating lockscreen timeout
02-05 17:41:02.279   789  1273 I Layer   : id=80059 removeFromCurrentState 95352a6 Splash Screen com.example.dogglers#0 (212)
02-05 17:41:02.279   789  1273 I Layer   : id=80068 removeFromCurrentState Surface(name=95352a6 Splash Screen com.example.dogglers)/@0x930b68a - animation-leash#0 (212)
02-05 17:41:02.279   789  1273 I Layer   : id=80071 removeFromCurrentState Surface(name=8c655e2 StatusBar)/@0x44a9b07 - animation-leash#0 (212)
02-05 17:41:02.279   789  1273 I Layer   : id=80072 removeFromCurrentState Surface(name=b29f82b NavigationBar0)/@0x8634759 - animation-leash#1 (212)
02-05 17:41:02.279  1163  3939 V WindowManager: Relayout Window{7253ec6 u0 com.example.dogglers/androidx.test.core.app.InstrumentationActivityInvoker$EmptyActivity}: viewVisibility=0 req=1080x2400
02-05 17:41:02.279   789  2265 I SurfaceFlinger: id=80059 Removed 95352a6 Splash Screen com.example.dogglers#0 (212)
02-05 17:41:02.280   789  2265 I SurfaceFlinger: id=80068 Removed Surface(name=95352a6 Splash Screen com.example.dogglers)/@0x930b68a - animation-leash#0 (212)
02-05 17:41:02.280   789  2265 I SurfaceFlinger: id=80061 Removed Splash Screen com.example.dogglers#0 (212)
02-05 17:41:02.280  1163  3939 W WindowManager: lockNow pending, ignore updating lockscreen timeout
02-05 17:41:02.280  1163  3939 D WindowManager: isScreenshotDisabledLocked - win: Window{7253ec6 u0 com.example.dogglers/androidx.test.core.app.InstrumentationActivityInvoker$EmptyActivity}
02-05 17:41:02.280  1163  3939 D WindowManager: isScreenshotDisabledLocked: userId = 0, disabled =false
02-05 17:41:02.281   789  1273 I SurfaceFlinger: id=80076 createSurf (1080x2400),1 flag=404, com.example.dogglers/androidx.test.core.app.InstrumentationActivityInvoker$EmptyActivity$_15500#0
02-05 17:41:02.282  1163  3939 I SurfaceControl: nativeRelease nativeObject s[499039084544]
02-05 17:41:02.282  1163  3939 I SurfaceControl: nativeRelease nativeObject e[499039084544]
02-05 17:41:02.282   789  2265 I SurfaceFlinger: id=80077 createSurf (0x0),-1 flag=24000, Surface(name=8c655e2 StatusBar)/@0x44a9b07 - animation-leash#0
02-05 17:41:02.282  1163  3939 I SurfaceControl: nativeRelease nativeObject s[496785829536]
02-05 17:41:02.282  1163  3939 I SurfaceControl: nativeRelease nativeObject e[496785829536]
02-05 17:41:02.282   789  1273 I SurfaceFlinger: id=80078 createSurf (0x0),-1 flag=24000, Surface(name=b29f82b NavigationBar0)/@0x8634759 - animation-leash#1
02-05 17:41:02.283  1163  3939 V WindowManager: Relayout hash=7253ec6, pid=15500: mAttrs={(0,0)(fillxfill) sim={adjust=pan forwardNavigation} ty=BASE_APPLICATION wanim=0x1030001
02-05 17:41:02.283  1163  3939 V WindowManager:   fl=1810100
02-05 17:41:02.283  1163  3939 V WindowManager:   pfl=12020000
02-05 17:41:02.283  1163  3939 V WindowManager:   fitSides= naviIconColor=0}
02-05 17:41:02.283  1163  3939 I SurfaceControl: nativeRelease nativeObject s[499038977888]
02-05 17:41:02.283  1163  3939 I SurfaceControl: nativeRelease nativeObject e[499038977888]
02-05 17:41:02.284 15500 15500 I SurfaceControl: assignNativeObject: nativeObject = 0 Surface(name=null)/@0x1aa5be2 / android.view.SurfaceControl.readFromParcel:1117 android.view.IWindowSession$Stub$Proxy.relayout:1820 android.view.ViewRootImpl.relayoutWindow:9005 android.view.ViewRootImpl.performTraversals:3360 android.view.ViewRootImpl.doTraversal:2618 android.view.ViewRootImpl$TraversalRunnable.run:9971 android.view.Choreographer$CallbackRecord.run:1010 android.view.Choreographer.doCallbacks:809 android.view.Choreographer.doFrame:744 android.view.Choreographer$FrameDisplayEventReceiver.run:995
02-05 17:41:02.284 15500 15500 I ViewRootImpl@9585cad[InstrumentationActivityInvoker$EmptyActivity]: Relayout returned: old=(0,0,1080,2400) new=(0,0,1080,2400) req=(1080,2400)0 dur=10 res=0x7 s={true 497174126592} ch=true fn=-1
02-05 17:41:02.285 15500 15565 I mali_winsys: new_window_surface() [1080x2400] return: 0x3000
02-05 17:41:02.285 15500 15500 I ViewRootImpl@9585cad[InstrumentationActivityInvoker$EmptyActivity]: [DP] dp(1) 1 android.view.ViewRootImpl.reportNextDraw:10957 android.view.ViewRootImpl.performTraversals:3845 android.view.ViewRootImpl.doTraversal:2618
02-05 17:41:02.285   716   953 D gralloc : [mali_gralloc_allocate] begin
02-05 17:41:02.285   716   953 D gralloc : buffer_descriptor: wh(1080 2400) usage_pc(0x40000000000b00 0x40000000000b00) hal_format(0x1) layer_count(1) sizes(0 0 0) strde(0) byte_stride(0) alloc_wh(0 0) internal_format(0x0) alloc_format(0x0) fd_count(1) plane_count(0)
02-05 17:41:02.285 15500 15500 I ViewRootImpl@9585cad[InstrumentationActivityInvoker$EmptyActivity]: [DP] pd() Asnyc report
02-05 17:41:02.287   716   953 D gralloc : [mali_gralloc_allocate] allocation successful
02-05 17:41:02.287   716   953 D gralloc : [mali_gralloc_allocate] begin
02-05 17:41:02.287   716   953 D gralloc : buffer_descriptor: wh(1080 2400) usage_pc(0x40000000000b00 0x40000000000b00) hal_format(0x1) layer_count(1) sizes(0 0 0) strde(0) byte_stride(0) alloc_wh(0 0) internal_format(0x0) alloc_format(0x0) fd_count(1) plane_count(0)
02-05 17:41:02.288   716   953 D gralloc : [mali_gralloc_allocate] allocation successful
02-05 17:41:02.288   716   957 D gralloc : [mali_gralloc_allocate] begin
02-05 17:41:02.288   716   957 D gralloc : buffer_descriptor: wh(1080 2400) usage_pc(0x40000000000b00 0x40000000000b00) hal_format(0x1) layer_count(1) sizes(0 0 0) strde(0) byte_stride(0) alloc_wh(0 0) internal_format(0x0) alloc_format(0x0) fd_count(1) plane_count(0)
02-05 17:41:02.289 15500 15500 I ViewRootImpl@9585cad[InstrumentationActivityInvoker$EmptyActivity]: [DP] pdf(0) 1 android.view.ViewRootImpl.lambda$performDraw$1$ViewRootImpl:4668 android.view.-$$Lambda$ViewRootImpl$DJd0VUYJgsebcnSohO6h8zc_ONI.run:6 android.os.Handler.handleCallback:938
02-05 17:41:02.289 15500 15500 I ViewRootImpl@9585cad[InstrumentationActivityInvoker$EmptyActivity]: [DP] rdf()
02-05 17:41:02.290   789   789 I Layer   : id=80068[1] Destroyed Surface(name=95352a6 Splash Screen com.example.dogglers)/@0x930b68a - animation-leash#0
02-05 17:41:02.290   789   789 I Layer   : id=80059[1] Destroyed 95352a6 Splash Screen com.example.dogglers#0
02-05 17:41:02.290 15500 15500 I SurfaceControl: nativeRelease nativeObject s[497477724832]
02-05 17:41:02.290 15500 15500 I SurfaceControl: nativeRelease nativeObject e[497477724832]
02-05 17:41:02.290  1163  1240 W WindowManager: lockNow pending, ignore updating lockscreen timeout
02-05 17:41:02.290 15500 15500 I ViewRootImpl@a4c1100[VerticalListActivity]: MSG_WINDOW_FOCUS_CHANGED 0 1
02-05 17:41:02.291   789  1273 I Layer   : id=80074 removeFromCurrentState Surface(name=8c655e2 StatusBar)/@0x44a9b07 - animation-leash#1 (213)
02-05 17:41:02.291   789  1273 I Layer   : id=80075 removeFromCurrentState Surface(name=b29f82b NavigationBar0)/@0x8634759 - animation-leash#0 (213)
02-05 17:41:02.291   716   957 D gralloc : [mali_gralloc_allocate] allocation successful
02-05 17:41:02.291  1680  1680 D SecStatusBarMobileView: setStaticDrawableColor:
02-05 17:41:02.292   789   789 I Layer   : id=80061[1] Destroyed Splash Screen com.example.dogglers#0
02-05 17:41:02.292  1163  1240 D PkgPredictorService: pkg:com.example.dogglers activity:androidx.test.core.app.InstrumentationActivityInvoker$EmptyActivity thisTime:60
02-05 17:41:02.293  1163  1240 I SemDvfsHyPerManager: acquire hyper - AMS_RESUME_TAIL/1163@22, type = -999
02-05 17:41:02.293  1163  1240 I SemDvfsHyPerManager: acquire hyper - AMS_ACT_LAZY/1163@23, type = -999
02-05 17:41:02.293  1163  1244 I ActivityTaskManager: Displayed com.example.dogglers/androidx.test.core.app.InstrumentationActivityInvoker$EmptyActivity: +60ms
02-05 17:41:02.293   726   817 I HYPER-HAL: [RequestManager.cpp]acquire(): Acquired ID : 702727  [1163 / 22]    HINT : AMS_RESUME_TAIL    list :
02-05 17:41:02.293   726   817 I HYPER-HAL: [ResourceManager.cpp]updateResource(): [CPUMinFreq] UpdateResource Request ID : 702727    Value : 1844882
02-05 17:41:02.293   726   817 I HYPER-HAL: [RequestManager.cpp]acquire(): Acquired ID : 703914  [1163 / 23]    HINT :      list :
02-05 17:41:02.294   789   789 D SurfaceFlinger: Display 21442653864348033 HWC layers:
02-05 17:41:02.294   789   789 D SurfaceFlinger:      DEVICE | 0x7428c3e1c0 | 0002 | RGBA_8888    |    0.0    0.0 1080.0 2400.0 |    0    0 1080 2400 | com.example.dogglers/com.example.dogglers.VerticalListActivity$_15500#0
02-05 17:41:02.294   789   789 D SurfaceFlinger:      DEVICE | 0x7428c3e6c0 | 0000 | RGBA_8888    |    0.0    0.0 1080.0   88.0 |    0    0 1080   88 | StatusBar$_1680#0
02-05 17:41:02.294   789   789 D SurfaceFlinger:      DEVICE | 0x7428c3f200 | 0000 | RGBA_8888    |    0.0    0.0 1080.0  144.0 |    0 2256 1080 2400 | NavigationBar0$_1680#0
02-05 17:41:02.294   789   789 D SurfaceFlinger:      DEVICE | 0x7408191180 | 0000 | RGBA_8888    |    0.0    0.0 1080.0  125.0 |    0    0 1080  125 | ScreenDecorOverlay$_1680#0
02-05 17:41:02.294   789   789 D SurfaceFlinger:      DEVICE | 0x7428c3f480 | 0000 | RGBA_8888    |    0.0    0.0 1080.0  112.0 |    0 2288 1080 2400 | ScreenDecorOverlayBottom$_1680#0
02-05 17:41:02.294   789   789 D SurfaceFlinger:
02-05 17:41:02.295   726   817 E HYPER-HAL: [Request.cpp]acquire(): Request:: id : 703914, No Resource to set
02-05 17:41:02.295   726   817 I HYPER-HAL: [ResourceManager.cpp]removeResource(): [CPUMinFreq] RemoveResource Request ID : 700356
02-05 17:41:02.295   726   817 I HYPER-HAL: [RequestManager.cpp]releaseLocked(): Released ID : 700356
02-05 17:41:02.295  2669  2669 E pageboostd: Received HALT command code 2
02-05 17:41:02.295  1163  1240 W WindowManager: lockNow pending, ignore updating lockscreen timeout
02-05 17:41:02.299  1163  1240 W WindowManager: lockNow pending, ignore updating lockscreen timeout
02-05 17:41:02.301  1163  3970 I SemDvfsHyPerManager: acquire hyper - AMS_ACT_START/1163@20, type = -999
02-05 17:41:02.301   726   817 I HYPER-HAL: [RequestManager.cpp]acquire(): Acquired ID : 700356  [1163 / 20]    HINT : AMS_ACT_START    list :
02-05 17:41:02.302   789  2265 I SurfaceFlinger: id=80079 createSurf (0x0),-1 flag=80004, ActivityRecord{22fd777 u0 com.example.dogglers/androidx.test.core.app.InstrumentationActivityInvoker$EmptyActivity t12739}#0
02-05 17:41:02.302   726   817 I HYPER-HAL: [ResourceManager.cpp]updateResource(): [CPUMinFreq] UpdateResource Request ID : 700356    Value : 1930195
02-05 17:41:02.304  1163  3970 W WindowManager: lockNow pending, ignore updating lockscreen timeout
02-05 17:41:02.306  1680  1680 D SecStatusBarMobileView: setStaticDrawableColor:
02-05 17:41:02.307 15500 15500 I SurfaceControl: nativeRelease nativeObject s[497477724928]
02-05 17:41:02.307 15500 15500 I SurfaceControl: nativeRelease nativeObject e[497477724928]
02-05 17:41:02.307 15500 15500 I SurfaceControl: nativeRelease nativeObject s[497477725120]
02-05 17:41:02.307 15500 15500 I SurfaceControl: nativeRelease nativeObject e[497477725120]
02-05 17:41:02.307 15500 15500 I SurfaceControl: nativeRelease nativeObject s[497477725024]
02-05 17:41:02.307 15500 15500 I SurfaceControl: nativeRelease nativeObject e[497477725024]
02-05 17:41:02.307   789  1272 I SurfaceFlinger: id=80075 Removed Surface(name=b29f82b NavigationBar0)/@0x8634759 - animation-leash#0 (213)
02-05 17:41:02.307   789   834 I SurfaceFlinger: id=80074 Removed Surface(name=8c655e2 StatusBar)/@0x44a9b07 - animation-leash#1 (213)
02-05 17:41:02.308  1163  1793 I InputDispatcher: Focus entered window (15500): 7253ec6 in display 0 0
02-05 17:41:02.308 15500 15500 I ViewRootImpl@a4c1100[VerticalListActivity]: stopped(true) old=false
02-05 17:41:02.309 15500 15500 I SurfaceControl: nativeRelease nativeObject s[497546646112]
02-05 17:41:02.309 15500 15500 I SurfaceControl: nativeRelease nativeObject e[497546646112]
02-05 17:41:02.309 15500 15500 D LifecycleMonitor: Lifecycle status change: com.example.dogglers.VerticalListActivity@aea45b8 in: STOPPED
02-05 17:41:02.309 15500 15500 D LifecycleMonitor: running callback: androidx.test.core.app.ActivityScenario$1@561ce59
02-05 17:41:02.309 15500 15500 V ActivityScenario: Update currentActivityStage to STOPPED, currentActivity=com.example.dogglers.VerticalListActivity@aea45b8
02-05 17:41:02.309 15500 15500 D LifecycleMonitor: callback completes: androidx.test.core.app.ActivityScenario$1@561ce59
02-05 17:41:02.310 15500 15500 D LifecycleMonitor: Lifecycle status change: com.example.dogglers.VerticalListActivity@aea45b8 in: DESTROYED
02-05 17:41:02.310 15500 15500 D LifecycleMonitor: running callback: androidx.test.core.app.ActivityScenario$1@561ce59
02-05 17:41:02.310 15500 15500 V ActivityScenario: Update currentActivityStage to DESTROYED, currentActivity=null
02-05 17:41:02.310 15500 15500 D LifecycleMonitor: callback completes: androidx.test.core.app.ActivityScenario$1@561ce59
02-05 17:41:02.311   789   789 D SurfaceFlinger: Display 21442653864348033 HWC layers:
02-05 17:41:02.311   789   789 D SurfaceFlinger:      DEVICE | 0x7408190a00 | 0002 | RGBA_8888    |    0.0    0.0 1080.0 2400.0 |    0    0 1080 2400 | com.example.dogglers/androidx.test.c[...]tivityInvoker$EmptyActivity$_15500#0
02-05 17:41:02.311   789   789 D SurfaceFlinger:      DEVICE | 0x7428c3fac0 | 0000 | RGBA_8888    |    0.0    0.0 1080.0   88.0 |    0    0 1080   88 | StatusBar$_1680#0
02-05 17:41:02.311   789   789 D SurfaceFlinger:      DEVICE | 0x7428c3f200 | 0000 | RGBA_8888    |    0.0    0.0 1080.0  144.0 |    0 2256 1080 2400 | NavigationBar0$_1680#0
02-05 17:41:02.311   789   789 D SurfaceFlinger:      DEVICE | 0x7408191180 | 0000 | RGBA_8888    |    0.0    0.0 1080.0  125.0 |    0    0 1080  125 | ScreenDecorOverlay$_1680#0
02-05 17:41:02.311   789   789 D SurfaceFlinger:      DEVICE | 0x7428c3f480 | 0000 | RGBA_8888    |    0.0    0.0 1080.0  112.0 |    0 2288 1080 2400 | ScreenDecorOverlayBottom$_1680#0
02-05 17:41:02.311   789   789 D SurfaceFlinger:
02-05 17:41:02.311 15500 15565 I mali_egl: eglDestroySurface() in
02-05 17:41:02.312 15500 15565 I mali_winsys: delete_surface() [1080x2400] return
02-05 17:41:02.312 15500 15565 I mali_egl: eglDestroySurface() out
02-05 17:41:02.313   789  1273 E BufferQueueProducer: [com.example.dogglers/com.example.dogglers.VerticalListActivity$_15500#0](id:315000036eb,api:0,p:-1,c:789) disconnect: not connected (req=1)
02-05 17:41:02.313 15500 15565 W libEGL  : EGLNativeWindowType 0x73c1cc8010 disconnect failed
02-05 17:41:02.313 15500 15500 I ViewRootImpl@a4c1100[VerticalListActivity]: dispatchDetachedFromWindow
02-05 17:41:02.313  1163  3939 D InputTransport: Input channel destroyed: '8d46965', fd=887
02-05 17:41:02.313  1163  3939 I SurfaceControl: nativeRelease nativeObject s[499038071456]
02-05 17:41:02.313  1163  3939 I SurfaceControl: nativeRelease nativeObject e[499038071456]
02-05 17:41:02.313  1163  3939 D WindowManager: isScreenshotDisabledLocked - win: Window{8d46965 u0 com.example.dogglers/com.example.dogglers.VerticalListActivity}
02-05 17:41:02.313  1163  3939 D WindowManager: isScreenshotDisabledLocked: userId = 0, disabled =false
02-05 17:41:02.313  1163  3939 I SurfaceControl: nativeRelease nativeObject s[496871103552]
02-05 17:41:02.313  1163  3939 I SurfaceControl: nativeRelease nativeObject e[496871103552]
02-05 17:41:02.313   789  2265 I SurfaceFlinger: id=80080 createSurf (0x0),-1 flag=24004, Surface(name=dbf3b45 InputMethod)/@0xf70bba8 - animation-leash#1
02-05 17:41:02.314  1163  3939 I SurfaceControl: nativeRelease nativeObject s[496866862624]
02-05 17:41:02.314  1163  3939 I SurfaceControl: nativeRelease nativeObject e[496866862624]
02-05 17:41:02.314   789  1273 I Layer   : id=80065 removeFromCurrentState com.example.dogglers/com.example.dogglers.VerticalListActivity$_15500#0 (214)
02-05 17:41:02.315  1163  3939 W WindowManager: lockNow pending, ignore updating lockscreen timeout
02-05 17:41:02.315   789   834 I Layer   : id=80064 removeFromCurrentState 8d46965 com.example.dogglers/com.example.dogglers.VerticalListActivity#0 (214)
02-05 17:41:02.316   789   834 I Layer   : id=80069 removeFromCurrentState Surface(name=dbf3b45 InputMethod)/@0xf70bba8 - animation-leash#0 (214)
02-05 17:41:02.316 15500 15500 D InputTransport: Input channel destroyed: '8d46965', fd=90
02-05 17:41:02.316  1163  1793 I SurfaceControl: nativeRelease nativeObject s[496785828672]
02-05 17:41:02.316  1163  1793 I SurfaceControl: nativeRelease nativeObject e[496785828672]
02-05 17:41:02.317   789   834 I SurfaceFlinger: id=80064 Removed 8d46965 com.example.dogglers/com.example.dogglers.VerticalListActivity#0 (214)
02-05 17:41:02.317   789  1273 I SurfaceFlinger: id=80065 Removed com.example.dogglers/com.example.dogglers.VerticalListActivity$_15500#0 (214)
02-05 17:41:02.319 15500 15500 D LifecycleMonitor: Lifecycle status change: androidx.test.core.app.InstrumentationActivityInvoker$EmptyActivity@bb0018 in: PAUSED
02-05 17:41:02.319 15500 15500 D LifecycleMonitor: running callback: androidx.test.core.app.ActivityScenario$1@561ce59
02-05 17:41:02.319 15500 15500 V ActivityScenario: Activity lifecycle changed event received but ignored because the intent does not match. startActivityIntent=Intent { act=android.intent.action.MAIN cat=[android.intent.category.LAUNCHER] cmp=com.example.dogglers/.VerticalListActivity }, activity.getIntent()=Intent { act=android.intent.action.MAIN cat=[android.intent.category.LAUNCHER] flg=0x10000000 cmp=com.example.dogglers/androidx.test.core.app.InstrumentationActivityInvoker$EmptyActivity }, activity=androidx.test.core.app.InstrumentationActivityInvoker$EmptyActivity@bb0018
02-05 17:41:02.319 15500 15500 D LifecycleMonitor: callback completes: androidx.test.core.app.ActivityScenario$1@561ce59
02-05 17:41:02.320  1163  3944 V WindowOrientationListener: getProposedRotation: 0
02-05 17:41:02.320  1163  3944 V WindowOrientationListener: getProposedRotation: 0
02-05 17:41:02.321  1163  3944 V WindowOrientationListener: getProposedRotation: 0
02-05 17:41:02.321  1163  3944 D InputDispatcher: Focused application set to (0): 22fd777
02-05 17:41:02.323  1163  3944 W WindowManager: lockNow pending, ignore updating lockscreen timeout
02-05 17:41:02.323   789   789 I Layer   : id=80074[1] Destroyed Surface(name=8c655e2 StatusBar)/@0x44a9b07 - animation-leash#1
02-05 17:41:02.323   789   789 I Layer   : id=80075[1] Destroyed Surface(name=b29f82b NavigationBar0)/@0x8634759 - animation-leash#0
02-05 17:41:02.324   789   789 I Layer   : id=80064[1] Destroyed 8d46965 com.example.dogglers/com.example.dogglers.VerticalListActivity#0
02-05 17:41:02.324   789   789 I Layer   : id=80065[1] Destroyed com.example.dogglers/com.example.dogglers.VerticalListActivity$_15500#0
02-05 17:41:02.324   789  2265 I Layer   : id=80060 removeFromCurrentState ActivityRecord{9fa58f5 u0 com.example.dogglers/.VerticalListActivity t12739}#0 (210)
02-05 17:41:02.324 15500 15500 I ViewRootImpl@9585cad[InstrumentationActivityInvoker$EmptyActivity]: MSG_WINDOW_FOCUS_CHANGED 1 1
02-05 17:41:02.324 15500 15500 D InputMethodManager: prepareNavigationBarInfo() DecorView@dcd9056[InstrumentationActivityInvoker$EmptyActivity]
02-05 17:41:02.324 15500 15500 D InputMethodManager: getNavigationBarColor() -16711423
02-05 17:41:02.325 15500 15500 D InputMethodManager: prepareNavigationBarInfo() DecorView@dcd9056[InstrumentationActivityInvoker$EmptyActivity]
02-05 17:41:02.325 15500 15500 D InputMethodManager: getNavigationBarColor() -16711423
02-05 17:41:02.325 15500 15500 V InputMethodManager: Starting input: tba=com.example.dogglers ic=null mNaviBarColor -16711423 mIsGetNaviBarColorSuccess true , NavVisible : true , NavTrans : false
02-05 17:41:02.325 15500 15500 D InputMethodManager: startInputInner - Id : 0
02-05 17:41:02.325 15500 15500 I InputMethodManager: startInputInner - mService.startInputOrWindowGainedFocus
02-05 17:41:02.325  1163  3970 D InputMethodManagerService: mSecureKeypadEnabled = false
02-05 17:41:02.325   789  2265 I SurfaceFlinger: id=80060 Removed ActivityRecord{9fa58f5 u0 com.example.dogglers/.VerticalListActivity t12739}#0 (210)
02-05 17:41:02.325  1163  3970 V InputMethodManagerService: hideCurrentInputLocked : shouldHideSoftInput is false
02-05 17:41:02.325  1163  3970 D InputMethodManagerService: DESKTOP MODE! : 2
02-05 17:41:02.325  1163  3970 D InputMethodManagerService: NOT IN KNOX DESKTOP MODE!
02-05 17:41:02.325  1163  3970 V InputMethodManagerService: getDisplayIdOfInputMethodWindowToBeAdded : 0
02-05 17:41:02.326  1163  3970 D InputMethodManagerService: checkDisplayOfStartInputAndUpdateKeyboard display Id 0last 0
02-05 17:41:02.326  1163  3970 D InputTransport: Input channel constructed: 'ClientS', fd=860
02-05 17:41:02.326  1163  3970 D InputTransport: Input channel destroyed: 'ClientS', fd=860
02-05 17:41:02.326 15500 15500 D InputTransport: Input channel constructed: 'ClientS', fd=90
02-05 17:41:02.326 15500 15500 D InputTransport: Input channel destroyed: 'ClientS', fd=97
02-05 17:41:02.326  1163  3944 I SurfaceControl: nativeRelease nativeObject s[499038035360]
02-05 17:41:02.326  1163  3944 I SurfaceControl: nativeRelease nativeObject e[499038035360]
02-05 17:41:02.326   789  1273 I SurfaceFlinger: id=80081 createSurf (0x0),-1 flag=24004, Surface(name=dbf3b45 InputMethod)/@0xf70bba8 - animation-leash#0
02-05 17:41:02.327  3640  3640 I GoogleInputMethodService: GoogleInputMethodService.onFinishInput():3316
02-05 17:41:02.328 15500 15500 D LifecycleMonitor: Lifecycle status change: androidx.test.core.app.InstrumentationActivityInvoker$BootstrapActivity@cac2a0 in: DESTROYED
02-05 17:41:02.328 15500 15500 D LifecycleMonitor: running callback: androidx.test.core.app.ActivityScenario$1@561ce59
02-05 17:41:02.328 15500 15500 V ActivityScenario: Activity lifecycle changed event received but ignored because the intent does not match. startActivityIntent=Intent { act=android.intent.action.MAIN cat=[android.intent.category.LAUNCHER] cmp=com.example.dogglers/.VerticalListActivity }, activity.getIntent()=Intent { act=android.intent.action.MAIN cat=[android.intent.category.LAUNCHER] flg=0x10008000 cmp=com.example.dogglers/androidx.test.core.app.InstrumentationActivityInvoker$BootstrapActivity (has extras) }, activity=androidx.test.core.app.InstrumentationActivityInvoker$BootstrapActivity@cac2a0
02-05 17:41:02.328 15500 15500 D LifecycleMonitor: callback completes: androidx.test.core.app.ActivityScenario$1@561ce59
02-05 17:41:02.328  3640  3640 I GoogleInputMethodService: GoogleInputMethodService.updateDeviceLockedStatus():2181 checkRepeatedly = false, unlocked = true
02-05 17:41:02.328  3640  3640 D InputMethodService: checkDisplayOfStartInputAndUpdateKeyboard display Id 0last 0
02-05 17:41:02.328  1163  3944 I SurfaceControl: nativeRelease nativeObject s[496884985984]
02-05 17:41:02.328  1163  3944 I SurfaceControl: nativeRelease nativeObject e[496884985984]
02-05 17:41:02.328  3640  3640 I GoogleInputMethodService: GoogleInputMethodService.onStartInput():1989
02-05 17:41:02.329  3640  3640 I GoogleInputMethodService: GoogleInputMethodService.updateDeviceLockedStatus():2181 checkRepeatedly = true, unlocked = true
02-05 17:41:02.330  1163  1240 W WindowManager: lockNow pending, ignore updating lockscreen timeout
02-05 17:41:02.331   789  1273 I Layer   : id=80080 removeFromCurrentState Surface(name=dbf3b45 InputMethod)/@0xf70bba8 - animation-leash#1 (211)
02-05 17:41:02.331   789  1273 I Layer   : id=80058 removeFromCurrentState ActivityRecord{25a942 u0 com.example.dogglers/androidx.test.core.app.InstrumentationActivityInvoker$BootstrapActivity t12739}#0 (211)
02-05 17:41:02.331   789  1273 I SurfaceFlinger: id=80058 Removed ActivityRecord{25a942 u0 com.example.dogglers/androidx.test.core.app.InstrumentationActivityInvoker$BootstrapActivity t12739}#0 (211)
02-05 17:41:02.332 15500 15500 D LifecycleMonitor: Lifecycle status change: androidx.test.core.app.InstrumentationActivityInvoker$EmptyActivity@244495c in: PRE_ON_CREATE
02-05 17:41:02.332 15500 15500 D LifecycleMonitor: running callback: androidx.test.core.app.ActivityScenario$1@561ce59
02-05 17:41:02.332 15500 15500 V ActivityScenario: Activity lifecycle changed event received but ignored because the intent does not match. startActivityIntent=Intent { act=android.intent.action.MAIN cat=[android.intent.category.LAUNCHER] cmp=com.example.dogglers/.VerticalListActivity }, activity.getIntent()=Intent { act=android.intent.action.MAIN cat=[android.intent.category.LAUNCHER] flg=0x10000000 cmp=com.example.dogglers/androidx.test.core.app.InstrumentationActivityInvoker$EmptyActivity }, activity=androidx.test.core.app.InstrumentationActivityInvoker$EmptyActivity@244495c
02-05 17:41:02.332 15500 15500 D LifecycleMonitor: callback completes: androidx.test.core.app.ActivityScenario$1@561ce59
02-05 17:41:02.336 15500 15500 I DecorView: [INFO] isPopOver=false, config=true
02-05 17:41:02.336 15500 15500 I DecorView: updateCaptionType >> DecorView@a37853a[], isFloating=false, isApplication=true, hasWindowDecorCaption=false, hasWindowControllerCallback=true
02-05 17:41:02.336 15500 15500 D DecorView: setCaptionType = 0, this = DecorView@a37853a[]
02-05 17:41:02.338 15500 15500 D LifecycleMonitor: Lifecycle status change: androidx.test.core.app.InstrumentationActivityInvoker$EmptyActivity@244495c in: CREATED
02-05 17:41:02.338 15500 15500 D LifecycleMonitor: running callback: androidx.test.core.app.ActivityScenario$1@561ce59
02-05 17:41:02.338 15500 15500 V ActivityScenario: Activity lifecycle changed event received but ignored because the intent does not match. startActivityIntent=Intent { act=android.intent.action.MAIN cat=[android.intent.category.LAUNCHER] cmp=com.example.dogglers/.VerticalListActivity }, activity.getIntent()=Intent { act=android.intent.action.MAIN cat=[android.intent.category.LAUNCHER] flg=0x10000000 cmp=com.example.dogglers/androidx.test.core.app.InstrumentationActivityInvoker$EmptyActivity }, activity=androidx.test.core.app.InstrumentationActivityInvoker$EmptyActivity@244495c
02-05 17:41:02.338 15500 15500 D LifecycleMonitor: callback completes: androidx.test.core.app.ActivityScenario$1@561ce59
02-05 17:41:02.339 15500 15500 D LifecycleMonitor: Lifecycle status change: androidx.test.core.app.InstrumentationActivityInvoker$EmptyActivity@244495c in: STARTED
02-05 17:41:02.339 15500 15500 D LifecycleMonitor: running callback: androidx.test.core.app.ActivityScenario$1@561ce59
02-05 17:41:02.339 15500 15500 V ActivityScenario: Activity lifecycle changed event received but ignored because the intent does not match. startActivityIntent=Intent { act=android.intent.action.MAIN cat=[android.intent.category.LAUNCHER] cmp=com.example.dogglers/.VerticalListActivity }, activity.getIntent()=Intent { act=android.intent.action.MAIN cat=[android.intent.category.LAUNCHER] flg=0x10000000 cmp=com.example.dogglers/androidx.test.core.app.InstrumentationActivityInvoker$EmptyActivity }, activity=androidx.test.core.app.InstrumentationActivityInvoker$EmptyActivity@244495c
02-05 17:41:02.339 15500 15500 D LifecycleMonitor: callback completes: androidx.test.core.app.ActivityScenario$1@561ce59
02-05 17:41:02.340 15500 15500 D LifecycleMonitor: Lifecycle status change: androidx.test.core.app.InstrumentationActivityInvoker$EmptyActivity@244495c in: RESUMED
02-05 17:41:02.340 15500 15500 D LifecycleMonitor: running callback: androidx.test.core.app.ActivityScenario$1@561ce59
02-05 17:41:02.340 15500 15500 V ActivityScenario: Activity lifecycle changed event received but ignored because the intent does not match. startActivityIntent=Intent { act=android.intent.action.MAIN cat=[android.intent.category.LAUNCHER] cmp=com.example.dogglers/.VerticalListActivity }, activity.getIntent()=Intent { act=android.intent.action.MAIN cat=[android.intent.category.LAUNCHER] flg=0x10000000 cmp=com.example.dogglers/androidx.test.core.app.InstrumentationActivityInvoker$EmptyActivity }, activity=androidx.test.core.app.InstrumentationActivityInvoker$EmptyActivity@244495c
02-05 17:41:02.340 15500 15500 D LifecycleMonitor: callback completes: androidx.test.core.app.ActivityScenario$1@561ce59
02-05 17:41:02.340   789   789 I Layer   : id=80058[1] Destroyed ActivityRecord{25a942 u0 com.example.dogglers/androidx.test.core.app.InstrumentationActivityInvoker$BootstrapActivity t12739}#0
02-05 17:41:02.340   789   789 I Layer   : id=80060[1] Destroyed ActivityRecord{9fa58f5 u0 com.example.dogglers/.VerticalListActivity t12739}#0
02-05 17:41:02.341  1163  1793 I InputDispatcher: Focus left window (15500): 7253ec6 in display 0 0
02-05 17:41:02.342  1163  1793 D InputTransport: Input channel constructed: 'd905a14', fd=860
02-05 17:41:02.342  1163  1793 D InputTransport: Input channel constructed: 'd905a14', fd=887
02-05 17:41:02.342   789  2265 I SurfaceFlinger: id=80082 createSurf (0x0),-1 flag=80004, d905a14 com.example.dogglers/androidx.test.core.app.InstrumentationActivityInvoker$EmptyActivity#0
02-05 17:41:02.342  1163  1793 D WindowManager: isScreenshotDisabledLocked - win: Window{d905a14 u0 com.example.dogglers/androidx.test.core.app.InstrumentationActivityInvoker$EmptyActivity}
02-05 17:41:02.342  1163  1793 D WindowManager: isScreenshotDisabledLocked: userId = 0, disabled =false
02-05 17:41:02.343  1163  1793 D InputTransport: Input channel destroyed: 'd905a14', fd=887
02-05 17:41:02.343 15500 15500 D InputTransport: Input channel constructed: 'd905a14', fd=97
02-05 17:41:02.343 15500 15500 I ViewRootImpl@36df1e1[InstrumentationActivityInvoker$EmptyActivity]: setView = com.android.internal.policy.DecorView@a37853a TM=true
02-05 17:41:02.345  1163  3970 V WindowManager: Relayout Window{d905a14 u0 com.example.dogglers/androidx.test.core.app.InstrumentationActivityInvoker$EmptyActivity}: viewVisibility=0 req=1080x2400
02-05 17:41:02.346  1163  3970 W WindowManager: lockNow pending, ignore updating lockscreen timeout
02-05 17:41:02.346  1163  3970 D WindowManager: isScreenshotDisabledLocked - win: Window{d905a14 u0 com.example.dogglers/androidx.test.core.app.InstrumentationActivityInvoker$EmptyActivity}
02-05 17:41:02.346  1163  3970 D WindowManager: isScreenshotDisabledLocked: userId = 0, disabled =false
02-05 17:41:02.346   789  1273 I SurfaceFlinger: id=80083 createSurf (1080x2400),1 flag=404, com.example.dogglers/androidx.test.core.app.InstrumentationActivityInvoker$EmptyActivity$_15500#1
02-05 17:41:02.348  1163  3970 I SurfaceControl: nativeRelease nativeObject s[499038066272]
02-05 17:41:02.348  1163  3970 I SurfaceControl: nativeRelease nativeObject e[499038066272]
02-05 17:41:02.348   789  1273 I SurfaceFlinger: id=80084 createSurf (0x0),-1 flag=24000, Surface(name=8c655e2 StatusBar)/@0x44a9b07 - animation-leash#1
02-05 17:41:02.348  1163  3970 I SurfaceControl: nativeRelease nativeObject s[499038066464]
02-05 17:41:02.348  1163  3970 I SurfaceControl: nativeRelease nativeObject e[499038066464]
02-05 17:41:02.348   789  1273 I SurfaceFlinger: id=80085 createSurf (0x0),-1 flag=24000, Surface(name=b29f82b NavigationBar0)/@0x8634759 - animation-leash#0
02-05 17:41:02.349  1163  3970 V WindowManager: Relayout hash=d905a14, pid=15500: mAttrs={(0,0)(fillxfill) sim={adjust=pan forwardNavigation} ty=BASE_APPLICATION wanim=0x1030001
02-05 17:41:02.349  1163  3970 V WindowManager:   fl=1810100
02-05 17:41:02.349  1163  3970 V WindowManager:   pfl=12020000
02-05 17:41:02.349  1163  3970 V WindowManager:   fitSides= naviIconColor=0}
02-05 17:41:02.349  1163  3970 I SurfaceControl: nativeRelease nativeObject s[496785832320]
02-05 17:41:02.349  1163  3970 I SurfaceControl: nativeRelease nativeObject e[496785832320]
02-05 17:41:02.350 15500 15500 I SurfaceControl: assignNativeObject: nativeObject = 0 Surface(name=null)/@0xa88bb06 / android.view.SurfaceControl.readFromParcel:1117 android.view.IWindowSession$Stub$Proxy.relayout:1820 android.view.ViewRootImpl.relayoutWindow:9005 android.view.ViewRootImpl.performTraversals:3360 android.view.ViewRootImpl.doTraversal:2618 android.view.ViewRootImpl$TraversalRunnable.run:9971 android.view.Choreographer$CallbackRecord.run:1010 android.view.Choreographer.doCallbacks:809 android.view.Choreographer.doFrame:744 android.view.Choreographer$FrameDisplayEventReceiver.run:995
02-05 17:41:02.350 15500 15500 I ViewRootImpl@36df1e1[InstrumentationActivityInvoker$EmptyActivity]: Relayout returned: old=(0,0,1080,2400) new=(0,0,1080,2400) req=(1080,2400)0 dur=5 res=0x7 s={true 499142234112} ch=true fn=-1
02-05 17:41:02.351 15500 15565 I mali_winsys: new_window_surface() [1080x2400] return: 0x3000
02-05 17:41:02.351 15500 15500 I ViewRootImpl@36df1e1[InstrumentationActivityInvoker$EmptyActivity]: [DP] dp(1) 1 android.view.ViewRootImpl.reportNextDraw:10957 android.view.ViewRootImpl.performTraversals:3845 android.view.ViewRootImpl.doTraversal:2618
02-05 17:41:02.351 15500 15500 I ViewRootImpl@36df1e1[InstrumentationActivityInvoker$EmptyActivity]: [DP] pd() Asnyc report
02-05 17:41:02.351   716   953 D gralloc : [mali_gralloc_allocate] begin
02-05 17:41:02.351   716   953 D gralloc : buffer_descriptor: wh(1080 2400) usage_pc(0x40000000000b00 0x40000000000b00) hal_format(0x1) layer_count(1) sizes(0 0 0) strde(0) byte_stride(0) alloc_wh(0 0) internal_format(0x0) alloc_format(0x0) fd_count(1) plane_count(0)
02-05 17:41:02.352   716   953 D gralloc : [mali_gralloc_allocate] allocation successful
02-05 17:41:02.353   716   953 D gralloc : [mali_gralloc_allocate] begin
02-05 17:41:02.353   716   953 D gralloc : buffer_descriptor: wh(1080 2400) usage_pc(0x40000000000b00 0x40000000000b00) hal_format(0x1) layer_count(1) sizes(0 0 0) strde(0) byte_stride(0) alloc_wh(0 0) internal_format(0x0) alloc_format(0x0) fd_count(1) plane_count(0)
02-05 17:41:02.354   716   953 D gralloc : [mali_gralloc_allocate] allocation successful
02-05 17:41:02.354   716   953 D gralloc : [mali_gralloc_allocate] begin
02-05 17:41:02.354   716   953 D gralloc : buffer_descriptor: wh(1080 2400) usage_pc(0x40000000000b00 0x40000000000b00) hal_format(0x1) layer_count(1) sizes(0 0 0) strde(0) byte_stride(0) alloc_wh(0 0) internal_format(0x0) alloc_format(0x0) fd_count(1) plane_count(0)
02-05 17:41:02.355 15500 15500 I ViewRootImpl@36df1e1[InstrumentationActivityInvoker$EmptyActivity]: [DP] pdf(0) 1 android.view.ViewRootImpl.lambda$performDraw$1$ViewRootImpl:4668 android.view.-$$Lambda$ViewRootImpl$DJd0VUYJgsebcnSohO6h8zc_ONI.run:6 android.os.Handler.handleCallback:938
02-05 17:41:02.355 15500 15500 I ViewRootImpl@36df1e1[InstrumentationActivityInvoker$EmptyActivity]: [DP] rdf()
02-05 17:41:02.355   716   953 D gralloc : [mali_gralloc_allocate] allocation successful
02-05 17:41:02.356  1163  3970 D SamsungIMMSHWKeyboard: isConnectedDexOnPC false
02-05 17:41:02.356 15500 15500 I SurfaceControl: nativeRelease nativeObject s[498994772096]
02-05 17:41:02.356 15500 15500 I SurfaceControl: nativeRelease nativeObject e[498994772096]
02-05 17:41:02.356 15500 15500 I SurfaceControl: nativeRelease nativeObject s[498994772000]
