02-05 17:41:04.161   716   957 D gralloc : buffer_descriptor: wh(1080 2400) usage_pc(0x40000000000b00 0x40000000000b00) hal_format(0x1) layer_count(1) sizes(0 0 0) strde(0) byte_stride(0) alloc_wh(0 0) internal_format(0x0) alloc_format(0x0) fd_count(1) plane_count(0)
02-05 17:41:04.161 15500 15500 I ViewRootImpl@a34fdb7[InstrumentationActivityInvoker$EmptyActivity]: [DP] pdf(0) 1 android.view.ViewRootImpl.lambda$performDraw$1$ViewRootImpl:4668 android.view.-$$Lambda$ViewRootImpl$DJd0VUYJgsebcnSohO6h8zc_ONI.run:6 android.os.Handler.handleCallback:938
02-05 17:41:04.161 15500 15500 I ViewRootImpl@a34fdb7[InstrumentationActivityInvoker$EmptyActivity]: [DP] rdf()
02-05 17:41:04.162 15500 15500 I ViewRootImpl@81c3c92[InstrumentationActivityInvoker$EmptyActivity]: MSG_WINDOW_FOCUS_CHANGED 0 1
02-05 17:41:04.162   716   957 D gralloc : [mali_gralloc_allocate] allocation successful
02-05 17:41:04.162  1163  1240 W WindowManager: lockNow pending, ignore updating lockscreen timeout
02-05 17:41:04.163   789  2265 I Layer   : id=80148 removeFromCurrentState Surface(name=8c655e2 StatusBar)/@0x44a9b07 - animation-leash#0 (194)
02-05 17:41:04.163   789  2265 I Layer   : id=80149 removeFromCurrentState Surface(name=b29f82b NavigationBar0)/@0x8634759 - animation-leash#1 (194)
02-05 17:41:04.164  1163  1240 D PkgPredictorService: pkg:com.example.dogglers activity:androidx.test.core.app.InstrumentationActivityInvoker$EmptyActivity thisTime:59
02-05 17:41:04.164  1163  1240 I SemDvfsHyPerManager: acquire hyper - AMS_RESUME_TAIL/1163@22, type = -999
02-05 17:41:04.164  1163  1240 I SemDvfsHyPerManager: acquire hyper - AMS_ACT_LAZY/1163@23, type = -999
02-05 17:41:04.164  1163  1244 I ActivityTaskManager: Displayed com.example.dogglers/androidx.test.core.app.InstrumentationActivityInvoker$EmptyActivity: +59ms
02-05 17:41:04.165   726   817 I HYPER-HAL: [RequestManager.cpp]acquire(): Acquired ID : 702727  [1163 / 22]    HINT : AMS_RESUME_TAIL    list :
02-05 17:41:04.165   726   817 I HYPER-HAL: [ResourceManager.cpp]updateResource(): [CPUMinFreq] UpdateResource Request ID : 702727    Value : 1844882
02-05 17:41:04.165   726   817 I HYPER-HAL: [RequestManager.cpp]acquire(): Acquired ID : 703914  [1163 / 23]    HINT :      list :
02-05 17:41:04.165   726   817 E HYPER-HAL: [Request.cpp]acquire(): Request:: id : 703914, No Resource to set
02-05 17:41:04.165   726   817 I HYPER-HAL: [ResourceManager.cpp]removeResource(): [CPUMinFreq] RemoveResource Request ID : 700356
02-05 17:41:04.165   726   817 I HYPER-HAL: [RequestManager.cpp]releaseLocked(): Released ID : 700356
02-05 17:41:04.165  2669  2669 E pageboostd: Received HALT command code 2
02-05 17:41:04.166  1163  1240 W WindowManager: lockNow pending, ignore updating lockscreen timeout
02-05 17:41:04.167 15500 15500 I SurfaceControl: nativeRelease nativeObject s[497483548896]
02-05 17:41:04.167 15500 15500 I SurfaceControl: nativeRelease nativeObject e[497483548896]
02-05 17:41:04.167 15500 15500 I SurfaceControl: nativeRelease nativeObject s[497483548800]
02-05 17:41:04.168 15500 15500 I SurfaceControl: nativeRelease nativeObject e[497483548800]
02-05 17:41:04.168 15500 15500 I SurfaceControl: nativeRelease nativeObject s[499183202336]
02-05 17:41:04.168 15500 15500 I SurfaceControl: nativeRelease nativeObject e[499183202336]
02-05 17:41:04.168   789  2265 I SurfaceFlinger: id=80149 Removed Surface(name=b29f82b NavigationBar0)/@0x8634759 - animation-leash#1 (194)
02-05 17:41:04.168   789  1273 I SurfaceFlinger: id=80148 Removed Surface(name=8c655e2 StatusBar)/@0x44a9b07 - animation-leash#0 (194)
02-05 17:41:04.168   789   789 I Layer   : id=80148[1] Destroyed Surface(name=8c655e2 StatusBar)/@0x44a9b07 - animation-leash#0
02-05 17:41:04.168   789   789 I Layer   : id=80149[1] Destroyed Surface(name=b29f82b NavigationBar0)/@0x8634759 - animation-leash#1
02-05 17:41:04.169  1163  3939 I InputDispatcher: Focus entered window (15500): c602fa  in display 0 0
02-05 17:41:04.172   789   789 D SurfaceFlinger: Display 21442653864348033 HWC layers:
02-05 17:41:04.172   789   789 D SurfaceFlinger:      DEVICE | 0x7407b64140 | 0002 | RGBA_8888    |    0.0    0.0 1080.0 2400.0 |    0    0 1080 2400 | com.example.dogglers/androidx.test.c[...]tivityInvoker$EmptyActivity$_15500#1
02-05 17:41:04.172   789   789 D SurfaceFlinger:      DEVICE | 0x7408500740 | 0000 | RGBA_8888    |    0.0    0.0 1080.0   88.0 |    0    0 1080   88 | StatusBar$_1680#0
02-05 17:41:04.172   789   789 D SurfaceFlinger:      DEVICE | 0x7428c3ea80 | 0000 | RGBA_8888    |    0.0    0.0 1080.0  144.0 |    0 2256 1080 2400 | NavigationBar0$_1680#0
02-05 17:41:04.172   789   789 D SurfaceFlinger:      DEVICE | 0x7408191180 | 0000 | RGBA_8888    |    0.0    0.0 1080.0  125.0 |    0    0 1080  125 | ScreenDecorOverlay$_1680#0
02-05 17:41:04.172   789   789 D SurfaceFlinger:      DEVICE | 0x7428c3f480 | 0000 | RGBA_8888    |    0.0    0.0 1080.0  112.0 |    0 2288 1080 2400 | ScreenDecorOverlayBottom$_1680#0
02-05 17:41:04.172   789   789 D SurfaceFlinger:
02-05 17:41:04.172  1163  1240 W WindowManager: lockNow pending, ignore updating lockscreen timeout
02-05 17:41:04.185 15500 15565 I mali_egl: eglDestroySurface() in
02-05 17:41:04.187 15500 15565 I mali_winsys: delete_surface() [1080x2400] return
02-05 17:41:04.187 15500 15565 I mali_egl: eglDestroySurface() out
02-05 17:41:04.187   789  2265 E BufferQueueProducer: [com.example.dogglers/androidx.test.core.app.InstrumentationActivityInvoker$EmptyActivity$_15500#0](id:315000036f6,api:0,p:-1,c:789) disconnect: not connected (req=1)
02-05 17:41:04.187 15500 15565 W libEGL  : EGLNativeWindowType 0x73c1e32010 disconnect failed
02-05 17:41:04.187  1163  3939 V WindowManager: Relayout Window{1bd3f54 u0 com.example.dogglers/androidx.test.core.app.InstrumentationActivityInvoker$EmptyActivity}: viewVisibility=8 req=1080x2400
02-05 17:41:04.188  1163  3939 W WindowManager: lockNow pending, ignore updating lockscreen timeout
02-05 17:41:04.188  1163  3939 V WindowManager: Relayout hash=1bd3f54, pid=15500: mAttrs={(0,0)(fillxfill) sim={adjust=pan forwardNavigation} ty=BASE_APPLICATION wanim=0x1030001
02-05 17:41:04.188  1163  3939 V WindowManager:   fl=1810100
02-05 17:41:04.188  1163  3939 V WindowManager:   pfl=12020000
02-05 17:41:04.188  1163  3939 V WindowManager:   fitSides= naviIconColor=0}
02-05 17:41:04.189 15500 15500 I SurfaceControl: nativeRelease nativeObject s[499196691040]
02-05 17:41:04.189 15500 15500 I SurfaceControl: nativeRelease nativeObject e[499196691040]
02-05 17:41:04.189 15500 15500 I SurfaceControl: assignNativeObject: nativeObject = 0 Surface(name=null)/@0x63c8d / android.view.SurfaceControl.readFromParcel:1117 android.view.IWindowSession$Stub$Proxy.relayout:1810 android.view.ViewRootImpl.relayoutWindow:9005 android.view.ViewRootImpl.performTraversals:3360 android.view.ViewRootImpl.doTraversal:2618 android.view.ViewRootImpl$TraversalRunnable.run:9971 android.view.Choreographer$CallbackRecord.run:1010 android.view.Choreographer.doCallbacks:809 android.view.Choreographer.doFrame:744 android.view.Choreographer$FrameDisplayEventReceiver.run:995
02-05 17:41:04.189 15500 15500 I SurfaceControl: assignNativeObject: nativeObject = 0 Surface(name=null)/@0x9667663 / android.view.SurfaceControl.readFromParcel:1117 android.view.IWindowSession$Stub$Proxy.relayout:1820 android.view.ViewRootImpl.relayoutWindow:9005 android.view.ViewRootImpl.performTraversals:3360 android.view.ViewRootImpl.doTraversal:2618 android.view.ViewRootImpl$TraversalRunnable.run:9971 android.view.Choreographer$CallbackRecord.run:1010 android.view.Choreographer.doCallbacks:809 android.view.Choreographer.doFrame:744 android.view.Choreographer$FrameDisplayEventReceiver.run:995
02-05 17:41:04.189 15500 15500 I SurfaceControl: nativeRelease nativeObject s[499183198304]
02-05 17:41:04.189 15500 15500 I SurfaceControl: nativeRelease nativeObject e[499183198304]
02-05 17:41:04.189 15500 15500 I ViewRootImpl@81c3c92[InstrumentationActivityInvoker$EmptyActivity]: Relayout returned: old=(0,0,1080,2400) new=(0,0,1080,2400) req=(1080,2400)8 dur=2 res=0x5 s={false 0} ch=true fn=2
02-05 17:41:04.191  1163  3940 D InputDispatcher: Focused application set to (0): 1dafdd4
02-05 17:41:04.193  1163  3940 W WindowManager: lockNow pending, ignore updating lockscreen timeout
02-05 17:41:04.194 15500 15500 I ViewRootImpl@81c3c92[InstrumentationActivityInvoker$EmptyActivity]: stopped(true) old=false
02-05 17:41:04.194 15500 15500 D LifecycleMonitor: Lifecycle status change: androidx.test.core.app.InstrumentationActivityInvoker$EmptyActivity@e048e1 in: STOPPED
02-05 17:41:04.194 15500 15500 D LifecycleMonitor: running callback: androidx.test.core.app.ActivityScenario$1@1c94fe9
02-05 17:41:04.194 15500 15500 V ActivityScenario: Activity lifecycle changed event received but ignored because the intent does not match. startActivityIntent=Intent { act=android.intent.action.MAIN cat=[android.intent.category.LAUNCHER] cmp=com.example.dogglers/.VerticalListActivity }, activity.getIntent()=Intent { act=android.intent.action.MAIN cat=[android.intent.category.LAUNCHER] flg=0x10000000 cmp=com.example.dogglers/androidx.test.core.app.InstrumentationActivityInvoker$EmptyActivity }, activity=androidx.test.core.app.InstrumentationActivityInvoker$EmptyActivity@e048e1
02-05 17:41:04.194 15500 15500 D LifecycleMonitor: callback completes: androidx.test.core.app.ActivityScenario$1@1c94fe9
02-05 17:41:04.195 15500 15500 I ViewRootImpl@a34fdb7[InstrumentationActivityInvoker$EmptyActivity]: MSG_WINDOW_FOCUS_CHANGED 1 1
02-05 17:41:04.195 15500 15500 D InputMethodManager: prepareNavigationBarInfo() DecorView@42c7d78[InstrumentationActivityInvoker$EmptyActivity]
02-05 17:41:04.195 15500 15500 D InputMethodManager: getNavigationBarColor() -16711423
02-05 17:41:04.195 15500 15500 D InputMethodManager: prepareNavigationBarInfo() DecorView@42c7d78[InstrumentationActivityInvoker$EmptyActivity]
02-05 17:41:04.195 15500 15500 D InputMethodManager: getNavigationBarColor() -16711423
02-05 17:41:04.195 15500 15500 V InputMethodManager: Starting input: tba=com.example.dogglers ic=null mNaviBarColor -16711423 mIsGetNaviBarColorSuccess true , NavVisible : true , NavTrans : false
02-05 17:41:04.195 15500 15500 D InputMethodManager: startInputInner - Id : 0
02-05 17:41:04.195 15500 15500 I InputMethodManager: startInputInner - mService.startInputOrWindowGainedFocus
02-05 17:41:04.195  1163  3970 D InputMethodManagerService: mSecureKeypadEnabled = false
02-05 17:41:04.195  1163  3970 V InputMethodManagerService: hideCurrentInputLocked : shouldHideSoftInput is false
02-05 17:41:04.195  1163  3970 D InputMethodManagerService: DESKTOP MODE! : 2
02-05 17:41:04.195  1163  3970 D InputMethodManagerService: NOT IN KNOX DESKTOP MODE!
02-05 17:41:04.195  1163  3970 V InputMethodManagerService: getDisplayIdOfInputMethodWindowToBeAdded : 0
02-05 17:41:04.196  1163  3970 D InputMethodManagerService: checkDisplayOfStartInputAndUpdateKeyboard display Id 0last 0
02-05 17:41:04.196  1163  3970 D InputTransport: Input channel constructed: 'ClientS', fd=887
02-05 17:41:04.196  1163  3970 D InputTransport: Input channel destroyed: 'ClientS', fd=887
02-05 17:41:04.196 15500 15500 D InputTransport: Input channel constructed: 'ClientS', fd=98
02-05 17:41:04.196 15500 15500 D InputTransport: Input channel destroyed: 'ClientS', fd=90
02-05 17:41:04.196 15500 15500 D LifecycleMonitor: Lifecycle status change: androidx.test.core.app.InstrumentationActivityInvoker$EmptyActivity@e048e1 in: DESTROYED
02-05 17:41:04.196 15500 15500 D LifecycleMonitor: running callback: androidx.test.core.app.ActivityScenario$1@1c94fe9
02-05 17:41:04.196 15500 15500 V ActivityScenario: Activity lifecycle changed event received but ignored because the intent does not match. startActivityIntent=Intent { act=android.intent.action.MAIN cat=[android.intent.category.LAUNCHER] cmp=com.example.dogglers/.VerticalListActivity }, activity.getIntent()=Intent { act=android.intent.action.MAIN cat=[android.intent.category.LAUNCHER] flg=0x10000000 cmp=com.example.dogglers/androidx.test.core.app.InstrumentationActivityInvoker$EmptyActivity }, activity=androidx.test.core.app.InstrumentationActivityInvoker$EmptyActivity@e048e1
02-05 17:41:04.196 15500 15500 D LifecycleMonitor: callback completes: androidx.test.core.app.ActivityScenario$1@1c94fe9
02-05 17:41:04.196  1163  3940 I SurfaceControl: nativeRelease nativeObject s[499183875392]
02-05 17:41:04.196  1163  3940 I SurfaceControl: nativeRelease nativeObject e[499183875392]
02-05 17:41:04.197 15500 15500 I ViewRootImpl@81c3c92[InstrumentationActivityInvoker$EmptyActivity]: dispatchDetachedFromWindow
02-05 17:41:04.197   789  2265 I SurfaceFlinger: id=80157 createSurf (0x0),-1 flag=24004, Surface(name=dbf3b45 InputMethod)/@0xf70bba8 - animation-leash#0
02-05 17:41:04.198  1163  3939 D InputTransport: Input channel destroyed: '1bd3f54', fd=857
02-05 17:41:04.198  1163  3939 I SurfaceControl: nativeRelease nativeObject s[496871103552]
02-05 17:41:04.198  1163  3939 I SurfaceControl: nativeRelease nativeObject e[496871103552]
02-05 17:41:04.198  1163  3939 D WindowManager: isScreenshotDisabledLocked - win: Window{1bd3f54 u0 com.example.dogglers/androidx.test.core.app.InstrumentationActivityInvoker$EmptyActivity}
02-05 17:41:04.198  1163  3939 D WindowManager: isScreenshotDisabledLocked: userId = 0, disabled =false
02-05 17:41:04.198  1163  3939 I SurfaceControl: nativeRelease nativeObject s[499038066272]
02-05 17:41:04.198  1163  3939 I SurfaceControl: nativeRelease nativeObject e[499038066272]
02-05 17:41:04.198   789  2265 I Layer   : id=80147 removeFromCurrentState com.example.dogglers/androidx.test.core.app.InstrumentationActivityInvoker$EmptyActivity$_15500#0 (193)
02-05 17:41:04.199  1163  3939 W WindowManager: lockNow pending, ignore updating lockscreen timeout
02-05 17:41:04.200  3640  3640 I GoogleInputMethodService: GoogleInputMethodService.onFinishInput():3316
02-05 17:41:04.200   789  2265 I Layer   : id=80152 removeFromCurrentState Surface(name=dbf3b45 InputMethod)/@0xf70bba8 - animation-leash#1 (193)
02-05 17:41:04.200   789  2265 I Layer   : id=80146 removeFromCurrentState 1bd3f54 com.example.dogglers/androidx.test.core.app.InstrumentationActivityInvoker$EmptyActivity#0 (193)
02-05 17:41:04.200 15500 15500 D InputTransport: Input channel destroyed: '1bd3f54', fd=99
02-05 17:41:04.200  3640  3640 I GoogleInputMethodService: GoogleInputMethodService.updateDeviceLockedStatus():2181 checkRepeatedly = false, unlocked = true
02-05 17:41:04.200  3640  3640 D InputMethodService: checkDisplayOfStartInputAndUpdateKeyboard display Id 0last 0
02-05 17:41:04.200  3640  3640 I GoogleInputMethodService: GoogleInputMethodService.onStartInput():1989
02-05 17:41:04.201   789  1273 I SurfaceFlinger: id=80147 Removed com.example.dogglers/androidx.test.core.app.InstrumentationActivityInvoker$EmptyActivity$_15500#0 (193)
02-05 17:41:04.201   789  1273 I SurfaceFlinger: id=80146 Removed 1bd3f54 com.example.dogglers/androidx.test.core.app.InstrumentationActivityInvoker$EmptyActivity#0 (193)
02-05 17:41:04.201 15500 15500 D LifecycleMonitor: Lifecycle status change: androidx.test.core.app.InstrumentationActivityInvoker$EmptyActivity@98ecbea in: PAUSED
02-05 17:41:04.201 15500 15500 D LifecycleMonitor: running callback: androidx.test.core.app.ActivityScenario$1@1c94fe9
02-05 17:41:04.201  3640  3640 I GoogleInputMethodService: GoogleInputMethodService.updateDeviceLockedStatus():2181 checkRepeatedly = true, unlocked = true
02-05 17:41:04.201  1163  3944 I SurfaceControl: nativeRelease nativeObject s[496861211392]
02-05 17:41:04.201  1163  3944 I SurfaceControl: nativeRelease nativeObject e[496861211392]
02-05 17:41:04.201 15500 15500 V ActivityScenario: Activity lifecycle changed event received but ignored because the intent does not match. startActivityIntent=Intent { act=android.intent.action.MAIN cat=[android.intent.category.LAUNCHER] cmp=com.example.dogglers/.VerticalListActivity }, activity.getIntent()=Intent { act=android.intent.action.MAIN cat=[android.intent.category.LAUNCHER] flg=0x10000000 cmp=com.example.dogglers/androidx.test.core.app.InstrumentationActivityInvoker$EmptyActivity }, activity=androidx.test.core.app.InstrumentationActivityInvoker$EmptyActivity@98ecbea
02-05 17:41:04.201 15500 15500 D LifecycleMonitor: callback completes: androidx.test.core.app.ActivityScenario$1@1c94fe9
02-05 17:41:04.202   789   789 I Layer   : id=80146[1] Destroyed 1bd3f54 com.example.dogglers/androidx.test.core.app.InstrumentationActivityInvoker$EmptyActivity#0
02-05 17:41:04.202   789   789 I Layer   : id=80147[1] Destroyed com.example.dogglers/androidx.test.core.app.InstrumentationActivityInvoker$EmptyActivity$_15500#0
02-05 17:41:04.203  1163  3940 I InputDispatcher: Focus left window (15500): c602fa  in display 0 0
02-05 17:41:04.211  1163  2104 I SemDvfsHyPerManager: acquire hyper - AMS_APP_HOME/1163@35, type = -999
02-05 17:41:04.211   726   817 I HYPER-HAL: [RequestManager.cpp]acquire(): Acquired ID : 718236  [1163 / 35]    HINT : AMS_APP_HOME    list :
02-05 17:41:04.212   726   817 I HYPER-HAL: [ResourceManager.cpp]updateResource(): [CPUMinFreq] UpdateResource Request ID : 718236    Value : 2623359
02-05 17:41:04.212  4183  4183 I SemDvfsHyPerManager: acquire hyper - com.sec.android.sdhms/4183@9, type = -999
02-05 17:41:04.212   726   817 I HYPER-HAL: [RequestManager.cpp]acquire(): Acquired ID : 8788537  [4183 / 9]    HINT : APP_START    list :
02-05 17:41:04.212   726   817 I HYPER-HAL: [ResourceManager.cpp]updateResource(): [CPUMaxFreq] UpdateResource Request ID : 8788537    Value : 2730000
02-05 17:41:04.212  1163  2104 V WindowOrientationListener: getProposedRotation: 0
02-05 17:41:04.215  1163  2104 W WindowManager: lockNow pending, ignore updating lockscreen timeout
02-05 17:41:04.215   789  1273 I Layer   : id=80145 removeFromCurrentState ActivityRecord{46968af u0 com.example.dogglers/androidx.test.core.app.InstrumentationActivityInvoker$EmptyActivity t12741}#0 (191)
02-05 17:41:04.216   789   835 I SurfaceFlinger: id=80145 Removed ActivityRecord{46968af u0 com.example.dogglers/androidx.test.core.app.InstrumentationActivityInvoker$EmptyActivity t12741}#0 (191)
02-05 17:41:04.219  2003  2003 I ViewRootImpl@e2e8b8d[LauncherActivity]: stopped(false) old=true
02-05 17:41:04.219   789   789 I Layer   : id=80145[1] Destroyed ActivityRecord{46968af u0 com.example.dogglers/androidx.test.core.app.InstrumentationActivityInvoker$EmptyActivity t12741}#0
02-05 17:41:04.220  1163  2104 V WindowManager: Relayout Window{f87dac6 u0 com.samsung.android.app.spage}: viewVisibility=8 req=0x2168
02-05 17:41:04.220  1163  2104 W WindowManager: lockNow pending, ignore updating lockscreen timeout
02-05 17:41:04.222  1163  2104 V WindowManager: Relayout hash=f87dac6, pid=5089: mAttrs={(0,0)(0xfill) sim={adjust=pan} ty=APPLICATION_PANEL fmt=RGBA_8888
02-05 17:41:04.222  1163  2104 V WindowManager:   fl=1000018
02-05 17:41:04.222  1163  2104 V WindowManager:   pfl=2000040
02-05 17:41:04.222  1163  2104 V WindowManager:   fitTypes=STATUS_BARS NAVIGATION_BARS CAPTION_BAR IME naviIconColor=0}
02-05 17:41:04.222  5089  5089 I SurfaceControl: assignNativeObject: nativeObject = 0 Surface(name=null)/@0xb12fb6b / android.view.SurfaceControl.readFromParcel:1117 android.view.IWindowSession$Stub$Proxy.relayout:1810 android.view.ViewRootImpl.relayoutWindow:9005 android.view.ViewRootImpl.performTraversals:3360 android.view.ViewRootImpl.doTraversal:2618 android.view.ViewRootImpl$TraversalRunnable.run:9971 android.view.Choreographer$CallbackRecord.run:1010 android.view.Choreographer.doCallbacks:809 android.view.Choreographer.doFrame:744 android.view.Choreographer$FrameDisplayEventReceiver.run:995
02-05 17:41:04.222  5089  5089 I SurfaceControl: assignNativeObject: nativeObject = 0 Surface(name=null)/@0xf71d6c8 / android.view.SurfaceControl.readFromParcel:1117 android.view.IWindowSession$Stub$Proxy.relayout:1820 android.view.ViewRootImpl.relayoutWindow:9005 android.view.ViewRootImpl.performTraversals:3360 android.view.ViewRootImpl.doTraversal:2618 android.view.ViewRootImpl$TraversalRunnable.run:9971 android.view.Choreographer$CallbackRecord.run:1010 android.view.Choreographer.doCallbacks:809 android.view.Choreographer.doFrame:744 android.view.Choreographer$FrameDisplayEventReceiver.run:995
02-05 17:41:04.223  5089  5089 I ViewRootImpl@7fb81b0[]: Relayout returned: old=(540,88,540,2256) new=(540,88,540,2256) req=(0,2168)8 dur=3 res=0x1 s={false 0} ch=false fn=-1
02-05 17:41:04.223 15500 15500 I SurfaceControl: nativeRelease nativeObject s[497483548512]
02-05 17:41:04.223 15500 15500 I SurfaceControl: nativeRelease nativeObject e[497483548512]
02-05 17:41:04.223 15500 15500 I SurfaceControl: nativeRelease nativeObject s[497483548128]
02-05 17:41:04.223 15500 15500 I SurfaceControl: nativeRelease nativeObject e[497483548128]
02-05 17:41:04.223 15500 15500 I ViewRootImpl@a34fdb7[InstrumentationActivityInvoker$EmptyActivity]: MSG_WINDOW_FOCUS_CHANGED 0 1
02-05 17:41:04.223  1163  3970 D SamsungIMMSHWKeyboard: isConnectedDexOnPC false
02-05 17:41:04.223  1163  3970 D InputMethodManagerService: isImeSwitcherDisabledPackage : false
02-05 17:41:04.224 15500 15559 E TestRunner: failed: vertical_scrolling(com.example.dogglers.VerticalListTests)
02-05 17:41:04.224 15500 15559 E TestRunner: ----- begin exception -----
02-05 17:41:04.224  2003  2003 W LauncherAppWidgetHost: setListenIfResumed, mFlags = 2
02-05 17:41:04.224  1163  3970 I AppWidgetServiceImpl: startListening callbacks : com.android.internal.appwidget.IAppWidgetHost$Stub$Proxy@e1f957f
02-05 17:41:04.224 15500 15559 E TestRunner: androidx.test.espresso.NoMatchingViewException: No views in hierarchy found matching: with text: is "Faye"
02-05 17:41:04.224 15500 15559 E TestRunner:
02-05 17:41:04.224 15500 15559 E TestRunner: View Hierarchy:
02-05 17:41:04.224 15500 15559 E TestRunner: +>DecorView{id=-1, visibility=VISIBLE, width=1080, height=2400, has-focus=false, has-focusable=true, has-window-focus=true, is-clickable=false, is-enabled=true, is-focused=false, is-focusable=false, is-layout-requested=false, is-selected=false, layout-params={(0,0)(fillxfill) ty=BASE_APPLICATION wanim=0x1030304
02-05 17:41:04.224 15500 15559 E TestRunner:   fl=81810100
02-05 17:41:04.224 15500 15559 E TestRunner:   pfl=10020000
02-05 17:41:04.224 15500 15559 E TestRunner:   fitSides= naviIconColor=0}, tag=null, root-is-layout-requested=false, has-input-connection=false, x=0.0, y=0.0, child-count=3}
02-05 17:41:04.224 15500 15559 E TestRunner: |
02-05 17:41:04.224 15500 15559 E TestRunner: +->LinearLayout{id=-1, visibility=VISIBLE, width=1080, height=2256, has-focus=false, has-focusable=true, has-window-focus=true, is-clickable=false, is-enabled=true, is-focused=false, is-focusable=false, is-layout-requested=false, is-selected=false, layout-params=android.widget.FrameLayout$LayoutParams@df99294, tag=null, root-is-layout-requested=false, has-input-connection=false, x=0.0, y=0.0, child-count=2}
02-05 17:41:04.224 15500 15559 E TestRunner: |
02-05 17:41:04.224 15500 15559 E TestRunner: +-->ViewStub{id=16908721, res-name=action_mode_bar_stub, visibility=GONE, width=0, height=0, has-focus=false, has-focusable=false, has-window-focus=true, is-clickable=false, is-enabled=true, is-focused=false, is-focusable=false, is-layout-requested=true, is-selected=false, layout-params=android.widget.LinearLayout$LayoutParams@64b13d, tag=null, root-is-layout-requested=false, has-input-connection=false, x=0.0, y=0.0}
02-05 17:41:04.224 15500 15559 E TestRunner: |
02-05 17:41:04.224 15500 15559 E TestRunner: +-->FrameLayout{id=-1, visibility=VISIBLE, width=1080, height=2168, has-focus=false, has-focusable=true, has-window-focus=true, is-clickable=false, is-enabled=true, is-focused=false, is-focusable=false, is-layout-requested=false, is-selected=false, layout-params=android.widget.LinearLayout$LayoutParams@2617a83, tag=null, root-is-layout-requested=false, has-input-connection=false, x=0.0, y=88.0, child-count=1}
02-05 17:41:04.224 15500 15559 E TestRunner: |
02-05 17:41:04.224 15500 15559 E TestRunner: +--->ActionBarOverlayLayout{id=2131230845, res-name=decor_content_parent, visibility=VISIBLE, width=1080, height=2168, has-focus=false, has-focusable=true, has-window-focus=true, is-clickable=false, is-enabled=true, is-focused=false, is-focusable=false, is-layout-requested=false, is-selected=false, layout-params=android.widget.FrameLayout$LayoutParams@ddefa7e, tag=null, root-is-layout-requested=false, has-input-connection=false, x=0.0, y=0.0, child-count=2}
02-05 17:41:04.224 15500 15559 E TestRunner: |
02-05 17:41:04.224 15500 15559 E TestRunner: +---->ContentFrameLayout{id=16908290, res-name=content, visibility=VISIBLE, width=1080, height=2000, has-focus=false, has-focusable=true, has-window-focus=true, is-clickable=false, is-enabled=true, is-focused=false, is-focusable=false, is-layout-requested=false, is-selected=false, layout-params=androidx.appcompat.widget.ActionBarOverlayLayout$LayoutParams@6bca02c, tag=null, root-is-layout-requested=false, has-input-connection=false, x=0.0, y=168.0, child-count=1}
02-05 17:41:04.224 15500 15559 E TestRunner: |
02-05 17:41:04.224 15500 15559 E TestRunner: +----->FrameLayout{id=-1, visibility=VISIBLE, width=1080, height=2000, has-focus=false, has-focusable=true, has-window-focus=true, is-clickable=false, is-enabled=true, is-focused=false, is-focusable=false, is-layout-requested=false, is-selected=false, layout-params=android.widget.FrameLayout$LayoutParams@36c408a, tag=null, root-is-layout-requested=false, has-input-connection=false, x=0.0, y=0.0, child-count=1}
02-05 17:41:04.224 15500 15559 E TestRunner: |
02-05 17:41:04.224 15500 15559 E TestRunner: +------>RecyclerView{id=2131231135, res-name=vertical_recycler_view, visibility=VISIBLE, width=1080, height=2000, has-focus=false, has-focusable=true, has-window-focus=true, is-clickable=false, is-enabled=true, is-focused=false, is-focusable=true, is-layout-requested=false, is-selected=false, layout-params=android.widget.FrameLayout$LayoutParams@57db6fb, tag=null, root-is-layout-requested=false, has-input-connection=false, x=0.0, y=0.0, child-count=0}
02-05 17:41:04.224 15500 15559 E TestRunner: |
02-05 17:41:04.224 15500 15559 E TestRunner: +---->ActionBarContainer{id=2131230771, res-name=action_bar_container, visibility=VISIBLE, width=1080, height=168, has-focus=false, has-focusable=false, has-window-focus=true, is-clickable=false, is-enabled=true, is-focused=false, is-focusable=false, is-layout-requested=false, is-selected=false, layout-params=androidx.appcompat.widget.ActionBarOverlayLayout$LayoutParams@3d5db56, tag=null, root-is-layout-requested=false, has-input-connection=false, x=0.0, y=0.0, child-count=2}
02-05 17:41:04.224 15500 15559 E TestRunner: |
02-05 17:41:04.224 15500 15559 E TestRunner: +----->Toolbar{id=2131230769, res-name=action_bar, visibility=VISIBLE, width=1080, height=168, has-focus=false, has-focusable=false, has-window-focus=true, is-clickable=false, is-enabled=true, is-focused=false, is-focusable=false, is-layout-requested=false, is-selected=false, layout-params=android.widget.FrameLayout$LayoutParams@76c56e2, tag=null, root-is-layout-requested=false, has-input-connection=false, x=0.0, y=0.0, child-count=3}
02-05 17:41:04.224 15500 15559 E TestRunner: |
02-05 17:41:04.224 15500 15559 E TestRunner: +------>AppCompatTextView{id=-1, visibility=VISIBLE, width=240, height=81, has-focus=false, has-focusable=false, has-window-focus=true, is-clickable=false, is-enabled=true, is-focused=false, is-focusable=false, is-layout-requested=false, is-selected=false, layout-params=androidx.appcompat.widget.Toolbar$LayoutParams@660a73, tag=null, root-is-layout-requested=false, has-input-connection=false, x=216.0, y=43.0, text=Dogglers, input-type=0, ime-target=false, has-links=false}
02-05 17:41:04.224 15500 15559 E TestRunner: |
02-05 17:41:04.224 15500 15559 E TestRunner: +------>AppCompatImageButton{id=-1, desc=Navegar para cima, visibility=VISIBLE, width=168, height=168, has-focus=false, has-focusable=false, has-window-focus=true, is-clickable=true, is-enabled=true, is-focused=false, is-focusable=true, is-layout-requested=false, is-selected=false, layout-params=androidx.appcompat.widget.Toolbar$LayoutParams@a93ad30, tag=null, root-is-layout-requested=false, has-input-connection=false, x=0.0, y=0.0}
02-05 17:41:04.224 15500 15559 E TestRunner: |
02-05 17:41:04.224 15500 15559 E TestRunner: +------>ActionMenuView{id=-1, visibility=VISIBLE, width=0, height=168, has-focus=false, has-focusable=false, has-window-focus=true, is-clickable=false, is-enabled=true, is-focused=false, is-focusable=false, is-layout-requested=false, is-selected=false, layout-params=androidx.appcompat.widget.Toolbar$LayoutParams@2c58da9, tag=null, root-is-layout-requested=false, has-input-connection=false, x=1080.0, y=0.0, child-count=0}
02-05 17:41:04.224 15500 15559 E TestRunner: |
02-05 17:41:04.224 15500 15559 E TestRunner: +----->ActionBarContextView{id=2131230777, res-name=action_context_bar, visibility=GONE, width=0, height=0, has-focus=false, has-focusable=false, has-window-focus=true, is-clickable=false, is-enabled=true, is-focused=false, is-focusable=false, is-layout-requested=true, is-selected=false, layout-params=android.widget.FrameLayout$LayoutParams@8fcff2e, tag=null, root-is-layout-requested=false, has-input-connection=false, x=0.0, y=0.0, child-count=0}
02-05 17:41:04.224 15500 15559 E TestRunner: |
02-05 17:41:04.224 15500 15559 E TestRunner: +->View{id=16908336, res-name=navigationBarBackground, visibility=VISIBLE, width=1080, height=144, has-focus=false, has-focusable=false, has-window-focus=true, is-clickable=false, is-enabled=true, is-focused=false, is-focusable=false, is-layout-requested=false, is-selected=false, layout-params=android.widget.FrameLayout$LayoutParams@50cdacf, tag=null, root-is-layout-requested=false, has-input-connection=false, x=0.0, y=2256.0}
02-05 17:41:04.224 15500 15559 E TestRunner: |
02-05 17:41:04.224 15500 15559 E TestRunner: +->View{id=16908335, res-name=statusBarBackground, visibility=VISIBLE, width=1080, height=88, has-focus=false, has-focusable=false, has-window-focus=true, is-clickable=false, is-enabled=true, is-focused=false, is-focusable=false, is-layout-requested=false, is-selected=false, layout-params=android.widget.FrameLayout$LayoutParams@c3e6c5c, tag=null, root-is-layout-requested=false, has-input-connection=false, x=0.0, y=0.0}
02-05 17:41:04.224 15500 15559 E TestRunner: |
02-05 17:41:04.224 15500 15559 E TestRunner: 	at dalvik.system.VMStack.getThreadStackTrace(Native Method)
02-05 17:41:04.224 15500 15559 E TestRunner: 	at java.lang.Thread.getStackTrace(Thread.java:1736)
02-05 17:41:04.224 15500 15559 E TestRunner: 	at androidx.test.espresso.base.DefaultFailureHandler.getUserFriendlyError(DefaultFailureHandler.java:16)
02-05 17:41:04.224 15500 15559 E TestRunner: 	at androidx.test.espresso.base.DefaultFailureHandler.handle(DefaultFailureHandler.java:36)
02-05 17:41:04.224 15500 15559 E TestRunner: 	at androidx.test.espresso.ViewInteraction.waitForAndHandleInteractionResults(ViewInteraction.java:106)
02-05 17:41:04.224 15500 15559 E TestRunner: 	at androidx.test.espresso.ViewInteraction.check(ViewInteraction.java:31)
02-05 17:41:04.224 15500 15559 E TestRunner: 	at com.example.dogglers.VerticalListTests.vertical_scrolling(VerticalListTests.kt:56)
02-05 17:41:04.224 15500 15559 E TestRunner: 	at java.lang.reflect.Method.invoke(Native Method)
02-05 17:41:04.224 15500 15559 E TestRunner: 	at org.junit.runners.model.FrameworkMethod$1.runReflectiveCall(FrameworkMethod.java:50)
02-05 17:41:04.224 15500 15559 E TestRunner: 	at org.junit.internal.runners.model.ReflectiveCallable.run(ReflectiveCallable.java:12)
02-05 17:41:04.224 15500 15559 E TestRunner: 	at org.junit.runners.model.FrameworkMethod.invokeExplosively(FrameworkMethod.java:47)
02-05 17:41:04.224 15500 15559 E TestRunner: 	at org.junit.internal.runners.statements.InvokeMethod.evaluate(InvokeMethod.java:17)
02-05 17:41:04.224 15500 15559 E TestRunner: 	at org.junit.rules.ExternalResource$1.evaluate(ExternalResource.java:48)
02-05 17:41:04.224 15500 15559 E TestRunner: 	at org.junit.rules.RunRules.evaluate(RunRules.java:20)
02-05 17:41:04.224 15500 15559 E TestRunner: 	at org.junit.runners.ParentRunner.runLeaf(ParentRunner.java:325)
02-05 17:41:04.224 15500 15559 E TestRunner: 	at org.junit.runners.BlockJUnit4ClassRunner.runChild(BlockJUnit4ClassRunner.java:78)
02-05 17:41:04.224 15500 15559 E TestRunner: 	at org.junit.runners.BlockJUnit4ClassRunner.runChild(BlockJUnit4ClassRunner.java:57)
02-05 17:41:04.224 15500 15559 E TestRunner: 	at org.junit.runners.ParentRunner$3.run(ParentRunner.java:290)
02-05 17:41:04.224 15500 15559 E TestRunner: 	at org.junit.runners.ParentRunner$1.schedule(ParentRunner.java:71)
02-05 17:41:04.224 15500 15559 E TestRunner: 	at org.junit.runners.ParentRunner.runChildren(ParentRunner.java:288)
02-05 17:41:04.224 15500 15559 E TestRunner: 	at org.junit.runners.ParentRunner.access$000(ParentRunner.java:58)
02-05 17:41:04.224 15500 15559 E TestRunner: 	at org.junit.runners.ParentRunner$2.evaluate(ParentRunner.java:268)
02-05 17:41:04.224 15500 15559 E TestRunner: 	at org.junit.runners.ParentRunner.run(ParentRunner.java:363)
02-05 17:41:04.224 15500 15559 E TestRunner: 	at androidx.test.ext.junit.runners.AndroidJUnit4.run(AndroidJUnit4.java:154)
02-05 17:41:04.224 15500 15559 E TestRunner: 	at org.junit.runners.Suite.runChild(Suite.java:128)
02-05 17:41:04.224 15500 15559 E TestRunner: 	at org.junit.runners.Suite.runChild(Suite.java:27)
02-05 17:41:04.224 15500 15559 E TestRunner: 	at org.junit.runners.ParentRunner$3.run(ParentRunner.java:290)
02-05 17:41:04.224 15500 15559 E TestRunner: 	at org.junit.runners.ParentRunner$1.schedule(ParentRunner.java:71)
02-05 17:41:04.224 15500 15559 E TestRunner: 	at org.junit.runners.ParentRunner.runChildren(ParentRunner.java:288)
02-05 17:41:04.224 15500 15559 E TestRunner: 	at org.junit.runners.ParentRunner.access$000(ParentRunner.java:58)
02-05 17:41:04.224 15500 15559 E TestRunner: 	at org.junit.runners.ParentRunner$2.evaluate(ParentRunner.java:268)
02-05 17:41:04.224 15500 15559 E TestRunner: 	at org.junit.runners.ParentRunner.run(ParentRunner.java:363)
02-05 17:41:04.224 15500 15559 E TestRunner: 	at org.junit.runner.JUnitCore.run(JUnitCore.java:137)
02-05 17:41:04.224 15500 15559 E TestRunner: 	at org.junit.runner.JUnitCore.run(JUnitCore.java:115)
02-05 17:41:04.224 15500 15559 E TestRunner: 	at androidx.test.internal.runner.TestExecutor.execute(TestExecutor.java:56)
02-05 17:41:04.224 15500 15559 E TestRunner: 	at androidx.test.runner.AndroidJUnitRunner.onStart(AndroidJUnitRunner.java:395)
02-05 17:41:04.224 15500 15559 E TestRunner: 	at android.app.Instrumentation$InstrumentationThread.run(Instrumentation.java:2218)
02-05 17:41:04.224 15500 15559 E TestRunner: ----- end exception -----
02-05 17:41:04.224  2003  2003 W PageOverlayMover: updateActivityLifecycleState : 1
02-05 17:41:04.224  5089 28744 I PageOverlayServiceImpl: [FROM HOME] updateActivityLifecycleState : 1
02-05 17:41:04.224 15500 15559 I TestRunner: finished: vertical_scrolling(com.example.dogglers.VerticalListTests)
