02-05 17:40:59.558 15500 15559 I TestRunner: started: horizontal_scrolling(com.example.dogglers.HorizontalListTests)
02-05 17:40:59.562 15500 15559 W Settings: Setting always_finish_activities has moved from android.provider.Settings.System to android.provider.Settings.Global, returning read-only value.
02-05 17:40:59.569  1163  2602 I SemDvfsHyPerManager: acquire hyper - AMS_APP_SWITCH/1163@24, type = -999
02-05 17:40:59.569   726   817 I HYPER-HAL: [RequestManager.cpp]acquire(): Acquired ID : 705102  [1163 / 24]    HINT : AMS_APP_SWITCH    list :
02-05 17:40:59.570   726   817 I HYPER-HAL: [ResourceManager.cpp]updateResource(): [CPUMinFreq] UpdateResource Request ID : 705102    Value : 2623359
02-05 17:40:59.570   789  1273 I SurfaceFlinger: id=79947 createSurf (0x0),-1 flag=24004, Task=12736#0
02-05 17:40:59.570  4183  4183 I SemDvfsHyPerManager: acquire hyper - com.sec.android.sdhms/4183@9, type = -999
02-05 17:40:59.570   726   817 I HYPER-HAL: [RequestManager.cpp]acquire(): Acquired ID : 8788537  [4183 / 9]    HINT : APP_START    list :
02-05 17:40:59.570   726   817 I HYPER-HAL: [ResourceManager.cpp]updateResource(): [CPUMaxFreq] UpdateResource Request ID : 8788537    Value : 2730000
02-05 17:40:59.571  2669 16352 E pageboostd: prefetch start : app comgoogleandroidcalculator
02-05 17:40:59.572  2669 16352 E pageboostd: comgoogleandroidcalculator, amt 1200128 scnt 5 fcnt 11
02-05 17:40:59.572  2669 16352 E pageboostd: prefetch end : app comgoogleandroidcalculator data_amount 1200128
02-05 17:40:59.572  2669 16353 E pageboostd: prefetch start : app brcomunimedsantosuniapp
02-05 17:40:59.572  2669  2669 E pageboostd: Received Reclaim command code 3, 92MB
02-05 17:40:59.572  2669 16353 E pageboostd: brcomunimedsantosuniapp, amt 4386816 scnt 10 fcnt 0
02-05 17:40:59.572  2669 16353 E pageboostd: prefetch end : app brcomunimedsantosuniapp data_amount 4386816
02-05 17:40:59.572  2669 16354 E pageboostd: mem prepare start : 92 MB
02-05 17:40:59.573   789  1273 I SurfaceFlinger: id=79948 createSurf (0x0),-1 flag=80004, ActivityRecord{1004214 u0 com.example.dogglers/androidx.test.core.app.InstrumentationActivityInvoker$BootstrapActivity t12736}#0
02-05 17:40:59.576  1163  3935 V WindowOrientationListener: getProposedRotation: 0
02-05 17:40:59.580  1163  3935 W WindowManager: lockNow pending, ignore updating lockscreen timeout
02-05 17:40:59.581  1163  3935 I SemDvfsHyPerManager: acquire hyper - AMS_APP_LAUNCH/1163@21, type = -999
02-05 17:40:59.581   726   817 I HYPER-HAL: [RequestManager.cpp]acquire(): Acquired ID : 701541  [1163 / 21]    HINT : AMS_APP_LAUNCH    list :
02-05 17:40:59.582   726   817 I HYPER-HAL: [ResourceManager.cpp]updateResource(): [CPUMinFreq] UpdateResource Request ID : 701541    Value : 2623359
02-05 17:40:59.585  2003  2003 I DragController: endDrag
02-05 17:40:59.585  2003  2003 W PageOverlayMover: updateActivityLifecycleState : 3
02-05 17:40:59.585  5089 17313 I PageOverlayServiceImpl: [FROM HOME] updateActivityLifecycleState : 3
02-05 17:40:59.586  2003  2003 I SPayUpdater: updateSpayHandler launcher activity is paused false
02-05 17:40:59.616  2669 16354 E pageboostd: mem prepare done : 96468992 bytes
02-05 17:40:59.638  1163  3935 V WindowOrientationListener: getProposedRotation: 0
02-05 17:40:59.638  1163  3935 V WindowOrientationListener: getProposedRotation: 0
02-05 17:40:59.638  1163  3935 V WindowOrientationListener: getProposedRotation: 0
02-05 17:40:59.640  1163  3935 D InputDispatcher: Focused application set to (0): 1004214
02-05 17:40:59.642  1163  1177 W System  : A resource failed to call release.
02-05 17:40:59.642  1163  1177 I SurfaceControl: nativeRelease nativeObject s[499038974912]
02-05 17:40:59.642  1163  1177 I SurfaceControl: nativeRelease nativeObject e[499038974912]
02-05 17:40:59.642  1163  1177 W System  : A resource failed to call release.
02-05 17:40:59.642  1163  1177 I SurfaceControl: nativeRelease nativeObject s[499038974816]
02-05 17:40:59.642  1163  1177 I SurfaceControl: nativeRelease nativeObject e[499038974816]
02-05 17:40:59.642   789   835 I SurfaceFlinger: id=79924 Removed Surface(name=8c655e2 StatusBar)/@0x44a9b07 - animation-leash#1 (199)
02-05 17:40:59.642   789  1273 I SurfaceFlinger: id=79925 Removed Surface(name=b29f82b NavigationBar0)/@0x8634759 - animation-leash#0 (199)
02-05 17:40:59.642  1163  1177 W System  : A resource failed to call release.
02-05 17:40:59.642  1163  1177 I SurfaceControl: nativeRelease nativeObject s[499183898752]
02-05 17:40:59.642  1163  1177 I SurfaceControl: nativeRelease nativeObject e[499183898752]
02-05 17:40:59.642  1163  1177 W System  : A resource failed to call release.
02-05 17:40:59.642  1163  1177 I SurfaceControl: nativeRelease nativeObject s[499038973952]
02-05 17:40:59.642  1163  1177 I SurfaceControl: nativeRelease nativeObject e[499038973952]
02-05 17:40:59.643  1163  1177 W System  : A resource failed to call release.
02-05 17:40:59.643  1163  1177 I SurfaceControl: nativeRelease nativeObject s[499038031616]
02-05 17:40:59.643  1163  1177 I SurfaceControl: nativeRelease nativeObject e[499038031616]
02-05 17:40:59.643   789   835 I SurfaceFlinger: id=79909 Removed Surface(name=dbf3b45 InputMethod)/@0xf70bba8 - animation-leash#1 (199)
02-05 17:40:59.643  1163  1177 W System  : A resource failed to call release.
02-05 17:40:59.643  1163  1177 I SurfaceControl: nativeRelease nativeObject s[496861208704]
02-05 17:40:59.643  1163  1177 I SurfaceControl: nativeRelease nativeObject e[496861208704]
02-05 17:40:59.643   789  1273 I SurfaceFlinger: id=79904 Removed Surface(name=b29f82b NavigationBar0)/@0x8634759 - animation-leash#1 (199)
02-05 17:40:59.643   789   835 I SurfaceFlinger: id=79903 Removed Surface(name=8c655e2 StatusBar)/@0x44a9b07 - animation-leash#0 (199)
02-05 17:40:59.643  1163  1177 W System  : A resource failed to call release.
02-05 17:40:59.643  1163  1177 I SurfaceControl: nativeRelease nativeObject s[496860778080]
02-05 17:40:59.643  1163  1177 I SurfaceControl: nativeRelease nativeObject e[496860778080]
02-05 17:40:59.643  1163  1177 W System  : A resource failed to call release.
02-05 17:40:59.643  1163  1177 I SurfaceControl: nativeRelease nativeObject s[499183897792]
02-05 17:40:59.643  1163  1177 I SurfaceControl: nativeRelease nativeObject e[499183897792]
02-05 17:40:59.643  1163  1177 W System  : A resource failed to call release.
02-05 17:40:59.643  1163  1177 I SurfaceControl: nativeRelease nativeObject s[499183897408]
02-05 17:40:59.643  1163  1177 I SurfaceControl: nativeRelease nativeObject e[499183897408]
02-05 17:40:59.643  1163  1177 W System  : A resource failed to call release.
02-05 17:40:59.643   789   835 I SurfaceFlinger: id=79886 Removed Surface(name=8c655e2 StatusBar)/@0x44a9b07 - animation-leash#0 (199)
02-05 17:40:59.643  1163  1177 I SurfaceControl: nativeRelease nativeObject s[499039088480]
02-05 17:40:59.643  1163  1177 I SurfaceControl: nativeRelease nativeObject e[499039088480]
02-05 17:40:59.643   789   835 I SurfaceFlinger: id=79887 Removed Surface(name=b29f82b NavigationBar0)/@0x8634759 - animation-leash#1 (199)
02-05 17:40:59.643  1163  1177 W System  : A resource failed to call release.
02-05 17:40:59.643  1163  1177 I SurfaceControl: nativeRelease nativeObject s[496871104128]
02-05 17:40:59.643  1163  1177 I SurfaceControl: nativeRelease nativeObject e[496871104128]
02-05 17:40:59.643  1163  1177 W System  : A resource failed to call release.
02-05 17:40:59.643  1163  1177 I SurfaceControl: nativeRelease nativeObject s[499014694912]
02-05 17:40:59.643  1163  1177 I SurfaceControl: nativeRelease nativeObject e[499014694912]
02-05 17:40:59.643  1163  1177 W System  : A resource failed to call release.
02-05 17:40:59.643   789   835 I SurfaceFlinger: id=79871 Removed Surface(name=dbf3b45 InputMethod)/@0xf70bba8 - animation-leash#0 (199)
02-05 17:40:59.643  1163  1177 I SurfaceControl: nativeRelease nativeObject s[496866862624]
02-05 17:40:59.643  1163  1177 I SurfaceControl: nativeRelease nativeObject e[496866862624]
02-05 17:40:59.643  1163  1177 W System  : A resource failed to call release.
02-05 17:40:59.643  1163  1177 I SurfaceControl: nativeRelease nativeObject s[496861209664]
02-05 17:40:59.643  1163  1177 I SurfaceControl: nativeRelease nativeObject e[496861209664]
02-05 17:40:59.643  1163  1177 W System  : A resource failed to call release.
02-05 17:40:59.643  1163  1177 I SurfaceControl: nativeRelease nativeObject s[499039087808]
02-05 17:40:59.643  1163  1177 I SurfaceControl: nativeRelease nativeObject e[499039087808]
02-05 17:40:59.643  1163  1177 W System  : A resource failed to call release.
02-05 17:40:59.643   789   835 I SurfaceFlinger: id=79869 Removed Surface(name=b29f82b NavigationBar0)/@0x8634759 - animation-leash#0 (199)
02-05 17:40:59.643  1163  1177 I SurfaceControl: nativeRelease nativeObject s[496867018688]
02-05 17:40:59.643  1163  1177 I SurfaceControl: nativeRelease nativeObject e[496867018688]
02-05 17:40:59.643   789   835 I SurfaceFlinger: id=79868 Removed Surface(name=8c655e2 StatusBar)/@0x44a9b07 - animation-leash#1 (199)
02-05 17:40:59.645  1163  3935 W WindowManager: lockNow pending, ignore updating lockscreen timeout
02-05 17:40:59.646  1163  3935 V WindowManager: Relayout Window{6030dc2 u0 com.sec.android.app.launcher/com.sec.android.app.launcher.activities.LauncherActivity}: viewVisibility=0 req=1080x2400
02-05 17:40:59.647  1163  3935 W WindowManager: lockNow pending, ignore updating lockscreen timeout
02-05 17:40:59.648  1163  1240 D InputTransport: Input channel constructed: '4476dd1', fd=860
02-05 17:40:59.648  1163  1240 D InputTransport: Input channel constructed: '4476dd1', fd=888
02-05 17:40:59.648  1163  3935 V WindowManager: Relayout hash=6030dc2, pid=2003: mAttrs={(0,0)(fillxfill) sim={adjust=nothing} layoutInDisplayCutoutMode=shortEdges ty=BASE_APPLICATION fmt=TRANSPARENT wanim=0x10302f2
02-05 17:40:59.648  1163  3935 V WindowManager:   fl=81910100
02-05 17:40:59.648  1163  3935 V WindowManager:   pfl=16020000
02-05 17:40:59.648  1163  3935 V WindowManager:   vsysui=1700
02-05 17:40:59.648  1163  3935 V WindowManager:   apr=LIGHT_STATUS_BARS
02-05 17:40:59.648  1163  3935 V WindowManager:   bhv=SHOW_TRANSIENT_BARS_BY_SWIPE
02-05 17:40:59.648  1163  3935 V WindowManager:   fitSides= dimAmount=0.125 dimDuration=200 naviIconColor=0}
02-05 17:40:59.648  1163  3935 I SurfaceControl: nativeRelease nativeObject s[496860775200]
02-05 17:40:59.648  1163  3935 I SurfaceControl: nativeRelease nativeObject e[496860775200]
02-05 17:40:59.648   789  1273 I SurfaceFlinger: id=79949 createSurf (0x0),-1 flag=80004, 4476dd1 Splash Screen com.example.dogglers#0
02-05 17:40:59.649  2003  2003 I SurfaceControl: nativeRelease nativeObject s[497485757824]
02-05 17:40:59.649  2003  2003 I SurfaceControl: nativeRelease nativeObject e[497485757824]
02-05 17:40:59.649  2003  2003 I SurfaceControl: assignNativeObject: nativeObject = 0 Surface(name=null)/@0x37cdda1 / android.view.SurfaceControl.readFromParcel:1117 android.view.IWindowSession$Stub$Proxy.relayout:1820 android.view.ViewRootImpl.relayoutWindow:9005 android.view.ViewRootImpl.performTraversals:3360 android.view.ViewRootImpl.doTraversal:2618 android.view.ViewRootImpl$TraversalRunnable.run:9971 android.view.Choreographer$CallbackRecord.run:1010 android.view.Choreographer.doCallbacks:809 android.view.Choreographer.doFrame:744 android.view.Choreographer$FrameDisplayEventReceiver.run:995
02-05 17:40:59.650  2003  2003 I SurfaceControl: nativeRelease nativeObject s[497484220544]
02-05 17:40:59.650   789   789 I Layer   : id=79868[1] Destroyed Surface(name=8c655e2 StatusBar)/@0x44a9b07 - animation-leash#1
02-05 17:40:59.650  2003  2003 I SurfaceControl: nativeRelease nativeObject e[497484220544]
02-05 17:40:59.650  2003  2003 I SurfaceControl: nativeRelease nativeObject s[497484219680]
02-05 17:40:59.650  2003  2003 I SurfaceControl: nativeRelease nativeObject e[497484219680]
02-05 17:40:59.650  2003  2003 I SurfaceControl: nativeRelease nativeObject s[497484218144]
02-05 17:40:59.650   789   789 I Layer   : id=79869[1] Destroyed Surface(name=b29f82b NavigationBar0)/@0x8634759 - animation-leash#0
02-05 17:40:59.650  2003  2003 I SurfaceControl: nativeRelease nativeObject e[497484218144]
02-05 17:40:59.650   789   789 I Layer   : id=79871[1] Destroyed Surface(name=dbf3b45 InputMethod)/@0xf70bba8 - animation-leash#0
02-05 17:40:59.650  2003  2003 I ViewRootImpl@e2e8b8d[LauncherActivity]: Relayout returned: old=(0,0,1080,2400) new=(0,0,1080,2400) req=(1080,2400)0 dur=3 res=0x1 s={true 497483223040} ch=false fn=22
02-05 17:40:59.650   789   789 I Layer   : id=79925[1] Destroyed Surface(name=b29f82b NavigationBar0)/@0x8634759 - animation-leash#0
02-05 17:40:59.650   789   789 I Layer   : id=79924[1] Destroyed Surface(name=8c655e2 StatusBar)/@0x44a9b07 - animation-leash#1
02-05 17:40:59.650   789   789 I Layer   : id=79909[1] Destroyed Surface(name=dbf3b45 InputMethod)/@0xf70bba8 - animation-leash#1
02-05 17:40:59.650   789   789 I Layer   : id=79903[1] Destroyed Surface(name=8c655e2 StatusBar)/@0x44a9b07 - animation-leash#0
02-05 17:40:59.650   789   789 I Layer   : id=79904[1] Destroyed Surface(name=b29f82b NavigationBar0)/@0x8634759 - animation-leash#1
02-05 17:40:59.650   789   789 I Layer   : id=79886[1] Destroyed Surface(name=8c655e2 StatusBar)/@0x44a9b07 - animation-leash#0
02-05 17:40:59.650   789   789 I Layer   : id=79887[1] Destroyed Surface(name=b29f82b NavigationBar0)/@0x8634759 - animation-leash#1
02-05 17:40:59.650  1163  1240 I ViewRootImpl@87dd4f8[dogglers]: setView = com.android.internal.policy.DecorView@d79db37 TM=true
02-05 17:40:59.652  1163  1259 D FastTrack: setFastTrackState: pid = 15500 ;tid= 15500 ;value= 1
02-05 17:40:59.652  1163  1259 D FastTrack: setFastTrackState: pid = 15500 ;tid= 15565 ;value= 1
02-05 17:40:59.653 15500 15500 D LifecycleMonitor: Lifecycle status change: androidx.test.core.app.InstrumentationActivityInvoker$BootstrapActivity@c6be6a6 in: PRE_ON_CREATE
02-05 17:40:59.653 15500 15500 D LifecycleMonitor: running callback: androidx.test.core.app.ActivityScenario$1@49bf8e7
02-05 17:40:59.653 15500 15500 V ActivityScenario: Activity lifecycle changed event received but ignored because the intent does not match. startActivityIntent=Intent { act=android.intent.action.MAIN cat=[android.intent.category.LAUNCHER] cmp=com.example.dogglers/.HorizontalListActivity }, activity.getIntent()=Intent { act=android.intent.action.MAIN cat=[android.intent.category.LAUNCHER] flg=0x10008000 cmp=com.example.dogglers/androidx.test.core.app.InstrumentationActivityInvoker$BootstrapActivity (has extras) }, activity=androidx.test.core.app.InstrumentationActivityInvoker$BootstrapActivity@c6be6a6
02-05 17:40:59.653 15500 15500 D LifecycleMonitor: callback completes: androidx.test.core.app.ActivityScenario$1@49bf8e7
02-05 17:40:59.653  1163  1240 V WindowManager: Relayout Window{4476dd1 u0 Splash Screen com.example.dogglers}: viewVisibility=0 req=1080x2400
02-05 17:40:59.654  1163  1240 W WindowManager: lockNow pending, ignore updating lockscreen timeout
02-05 17:40:59.655  1163  1240 D WindowManager: isScreenshotDisabledLocked - win: Window{4476dd1 u0 Splash Screen com.example.dogglers}
02-05 17:40:59.655  1163  1240 D WindowManager: isScreenshotDisabledLocked: userId = 0, disabled =false
02-05 17:40:59.656   789  1273 I SurfaceFlinger: id=79950 createSurf (1080x2400),1 flag=404, Splash Screen com.example.dogglers#0
02-05 17:40:59.658  1163  1240 V WindowManager: Relayout hash=4476dd1, pid=1163: mAttrs={(0,0)(fillxfill) sim={adjust=pan} layoutInDisplayCutoutMode=shortEdges ty=APPLICATION_STARTING wanim=0x1030001
02-05 17:40:59.658  1163  1240 V WindowManager:   fl=1830118
02-05 17:40:59.658  1163  1240 V WindowManager:   pfl=12020011
02-05 17:40:59.658  1163  1240 V WindowManager:   fitSides= naviIconColor=0}
02-05 17:40:59.658  1163  1240 I ViewRootImpl@87dd4f8[dogglers]: Relayout returned: old=(0,0,1080,2400) new=(0,0,1080,2400) req=(1080,2400)0 dur=5 res=0x7 s={true 497474408448} ch=true fn=-1
02-05 17:40:59.658  1163  1240 I ViewRootImpl@87dd4f8[dogglers]: [DP] dp(1) 1 android.view.ViewRootImpl.reportNextDraw:10957 android.view.ViewRootImpl.performTraversals:3845 android.view.ViewRootImpl.doTraversal:2618
02-05 17:40:59.659   716   953 D gralloc : [mali_gralloc_allocate] begin
02-05 17:40:59.659   716   953 D gralloc : buffer_descriptor: wh(1080 2400) usage_pc(0x966 0x906) hal_format(0x1) layer_count(1) sizes(0 0 0) strde(0) byte_stride(0) alloc_wh(0 0) internal_format(0x0) alloc_format(0x0) fd_count(1) plane_count(0)
02-05 17:40:59.659   716   953 D gralloc : [mali_gralloc_allocate] allocation successful
02-05 17:40:59.660 15500 15500 I DecorView: [INFO] isPopOver=false, config=true
02-05 17:40:59.660 15500 15500 I DecorView: updateCaptionType >> DecorView@bbe233d[], isFloating=false, isApplication=true, hasWindowDecorCaption=false, hasWindowControllerCallback=true
02-05 17:40:59.660 15500 15500 D DecorView: setCaptionType = 0, this = DecorView@bbe233d[]
02-05 17:40:59.662  1163  1240 I ViewRootImpl@87dd4f8[dogglers]: [DP] pdf(0) 1 android.view.ViewRootImpl.performDraw:4809 android.view.ViewRootImpl.performTraversals:3866 android.view.ViewRootImpl.doTraversal:2618
02-05 17:40:59.662  1163  1240 I ViewRootImpl@87dd4f8[dogglers]: [DP] rdf()
02-05 17:40:59.662 15500 15500 D LifecycleMonitor: Lifecycle status change: androidx.test.core.app.InstrumentationActivityInvoker$BootstrapActivity@c6be6a6 in: CREATED
02-05 17:40:59.662 15500 15500 D LifecycleMonitor: running callback: androidx.test.core.app.ActivityScenario$1@49bf8e7
02-05 17:40:59.662  1163  1237 D SehCodecSolutionService: Update top [com.example.dogglers]
02-05 17:40:59.662 15500 15500 V ActivityScenario: Activity lifecycle changed event received but ignored because the intent does not match. startActivityIntent=Intent { act=android.intent.action.MAIN cat=[android.intent.category.LAUNCHER] cmp=com.example.dogglers/.HorizontalListActivity }, activity.getIntent()=Intent { act=android.intent.action.MAIN cat=[android.intent.category.LAUNCHER] flg=0x10008000 cmp=com.example.dogglers/androidx.test.core.app.InstrumentationActivityInvoker$BootstrapActivity (has extras) }, activity=androidx.test.core.app.InstrumentationActivityInvoker$BootstrapActivity@c6be6a6
02-05 17:40:59.662 15500 15500 D LifecycleMonitor: callback completes: androidx.test.core.app.ActivityScenario$1@49bf8e7
02-05 17:40:59.662  1163  1511 D PkgPredictorService: com.example.dogglers go to foreground!
02-05 17:40:59.662  1163  1511 E PkgPredictorService-Collector: record changed bt=1  wifi=1 screen=0
02-05 17:40:59.662  1163  1511 D PkgPredictorService: previous pkgs: com.example.dogglers,com.example.dogglers,com.example.dogglers running pkg: com.example.dogglers, uid: 0 is system: false
02-05 17:40:59.662  1163  1511 D PkgPredictorService-Collector: save record...
02-05 17:40:59.662  1163  1511 D PkgPredictorService-Collector:  (hour:17 day:7 previous:[com.example.dogglers, com.example.dogglers, com.example.dogglers] activityName:unknown running:com.example.dogglers userId:0 screenOrientation:0 wifi:1 bt:1 predictTime:0 apkVersion:1.0 consumeTime:-1 preloaded:false>)
02-05 17:40:59.663  1163  1511 D PkgPredictorService-NapPreloadController: User using: com.example.dogglers
02-05 17:40:59.663  1163  1511 I PkgPredictorService-NapClassifier: RF predict version:1644037200287
02-05 17:40:59.663  1163  1511 D PkgPredictorService-NapClassifier: Predict result: 22.0,-1.0,-1.0,-1.0,-1.0,-1.0,-1.0,-1.0,-1.0, - [0_&_com.laurencedawson.reddit_sync.pro]
02-05 17:40:59.663  1163  1240 W WindowManager: lockNow pending, ignore updating lockscreen timeout
02-05 17:40:59.666  1680  2914 D WallpaperService: dispatchAppVisibility onVisibilityChanged(): false
02-05 17:40:59.667  1680  1680 D WallpaperService: reportVisibility onVisibilityChanged visible: false
02-05 17:40:59.667  1680  1806 I ImageWallpaper:  onVisibilityChanged false , 0
02-05 17:40:59.667  2003  4215 I mali_egl: eglDestroySurface() in
02-05 17:40:59.667  1163  1240 I SurfaceControl: nativeRelease nativeObject s[499038068480]
02-05 17:40:59.667  1163  1240 I SurfaceControl: nativeRelease nativeObject e[499038068480]
02-05 17:40:59.667   789   835 I SurfaceFlinger: id=79951 createSurf (0x0),-1 flag=24000, Surface(name=8c655e2 StatusBar)/@0x44a9b07 - animation-leash#0
02-05 17:40:59.667  2003  4215 I mali_winsys: delete_surface() [1080x2400] return
02-05 17:40:59.667  2003  4215 I mali_egl: eglDestroySurface() out
02-05 17:40:59.667   789  1272 E BufferQueueProducer: [com.sec.android.app.launcher/com.sec.android.app.launcher.activities.LauncherActivity$_2003#0](id:315000036db,api:0,p:-1,c:789) disconnect: not connected (req=1)
02-05 17:40:59.667  2003  4215 W libEGL  : EGLNativeWindowType 0x73d44f9010 disconnect failed
02-05 17:40:59.668  1163  3939 I InputDispatcher: Focus left window (2003): 6030dc2 in display 0 0
02-05 17:40:59.668  1163  1240 I SurfaceControl: nativeRelease nativeObject s[499038068576]
02-05 17:40:59.668  1163  1240 I SurfaceControl: nativeRelease nativeObject e[499038068576]
02-05 17:40:59.668   789   835 I SurfaceFlinger: id=79952 createSurf (0x0),-1 flag=24000, Surface(name=b29f82b NavigationBar0)/@0x8634759 - animation-leash#1
02-05 17:40:59.669  1163  1240 W WindowManager: lockNow pending, ignore updating lockscreen timeout
02-05 17:40:59.670   789   835 I Layer   : id=79940 removeFromCurrentState Surface(name=8c655e2 StatusBar)/@0x44a9b07 - animation-leash#1 (193)
02-05 17:40:59.670   789   835 I Layer   : id=79941 removeFromCurrentState Surface(name=b29f82b NavigationBar0)/@0x8634759 - animation-leash#0 (193)
02-05 17:40:59.671  1163  3940 V WindowManager: Relayout Window{6030dc2 u0 com.sec.android.app.launcher/com.sec.android.app.launcher.activities.LauncherActivity}: viewVisibility=8 req=1080x2400
02-05 17:40:59.671 15500 15500 D LifecycleMonitor: Lifecycle status change: androidx.test.core.app.InstrumentationActivityInvoker$BootstrapActivity@c6be6a6 in: STARTED
02-05 17:40:59.671 15500 15500 D LifecycleMonitor: running callback: androidx.test.core.app.ActivityScenario$1@49bf8e7
02-05 17:40:59.671 15500 15500 V ActivityScenario: Activity lifecycle changed event received but ignored because the intent does not match. startActivityIntent=Intent { act=android.intent.action.MAIN cat=[android.intent.category.LAUNCHER] cmp=com.example.dogglers/.HorizontalListActivity }, activity.getIntent()=Intent { act=android.intent.action.MAIN cat=[android.intent.category.LAUNCHER] flg=0x10008000 cmp=com.example.dogglers/androidx.test.core.app.InstrumentationActivityInvoker$BootstrapActivity (has extras) }, activity=androidx.test.core.app.InstrumentationActivityInvoker$BootstrapActivity@c6be6a6
02-05 17:40:59.671 15500 15500 D LifecycleMonitor: callback completes: androidx.test.core.app.ActivityScenario$1@49bf8e7
02-05 17:40:59.671  1163  3940 W WindowManager: lockNow pending, ignore updating lockscreen timeout
02-05 17:40:59.673  1163  3940 V WindowManager: Relayout hash=6030dc2, pid=2003: mAttrs={(0,0)(fillxfill) sim={adjust=nothing} layoutInDisplayCutoutMode=shortEdges ty=BASE_APPLICATION fmt=TRANSPARENT wanim=0x10302f2
02-05 17:40:59.673  1163  3940 V WindowManager:   fl=81910100
02-05 17:40:59.673  1163  3940 V WindowManager:   pfl=16020000
02-05 17:40:59.673  1163  3940 V WindowManager:   vsysui=1700
02-05 17:40:59.673  1163  3940 V WindowManager:   apr=LIGHT_STATUS_BARS
02-05 17:40:59.673  1163  3940 V WindowManager:   bhv=SHOW_TRANSIENT_BARS_BY_SWIPE
02-05 17:40:59.673  1163  3940 V WindowManager:   fitSides= dimAmount=0.125 dimDuration=200 naviIconColor=0}
02-05 17:40:59.673  2003  2003 I SurfaceControl: nativeRelease nativeObject s[497485757920]
02-05 17:40:59.673  2003  2003 I SurfaceControl: nativeRelease nativeObject e[497485757920]
02-05 17:40:59.673  2003  2003 I SurfaceControl: assignNativeObject: nativeObject = 0 Surface(name=null)/@0x631c8c8 / android.view.SurfaceControl.readFromParcel:1117 android.view.IWindowSession$Stub$Proxy.relayout:1810 android.view.ViewRootImpl.relayoutWindow:9005 android.view.ViewRootImpl.performTraversals:3360 android.view.ViewRootImpl.doTraversal:2618 android.view.ViewRootImpl$TraversalRunnable.run:9971 android.view.Choreographer$CallbackRecord.run:1010 android.view.Choreographer.doCallbacks:809 android.view.Choreographer.doFrame:744 android.view.Choreographer$FrameDisplayEventReceiver.run:995
02-05 17:40:59.673  2003  2003 I SurfaceControl: assignNativeObject: nativeObject = 0 Surface(name=null)/@0x37cdda1 / android.view.SurfaceControl.readFromParcel:1117 android.view.IWindowSession$Stub$Proxy.relayout:1820 android.view.ViewRootImpl.relayoutWindow:9005 android.view.ViewRootImpl.performTraversals:3360 android.view.ViewRootImpl.doTraversal:2618 android.view.ViewRootImpl$TraversalRunnable.run:9971 android.view.Choreographer$CallbackRecord.run:1010 android.view.Choreographer.doCallbacks:809 android.view.Choreographer.doFrame:744 android.view.Choreographer$FrameDisplayEventReceiver.run:995
02-05 17:40:59.674  2003  2003 I SurfaceControl: nativeRelease nativeObject s[497484645920]
02-05 17:40:59.674  2003  2003 I SurfaceControl: nativeRelease nativeObject e[497484645920]
02-05 17:40:59.674  2003  2003 I SurfaceControl: nativeRelease nativeObject s[499014697216]
02-05 17:40:59.674  2003  2003 I SurfaceControl: nativeRelease nativeObject e[499014697216]
02-05 17:40:59.674  2003  2003 I SurfaceControl: nativeRelease nativeObject s[497485757824]
02-05 17:40:59.674  2003  2003 I SurfaceControl: nativeRelease nativeObject e[497485757824]
02-05 17:40:59.674  2003  2003 I ViewRootImpl@e2e8b8d[LauncherActivity]: Relayout returned: old=(0,0,1080,2400) new=(0,0,1080,2400) req=(1080,2400)8 dur=5 res=0x5 s={false 0} ch=true fn=22
02-05 17:40:59.674  2003  2003 I SurfaceControl: nativeRelease nativeObject s[497485757920]
02-05 17:40:59.674  2003  2003 I SurfaceControl: nativeRelease nativeObject e[497485757920]
02-05 17:40:59.674  2003  2003 I ViewRootImpl@e2e8b8d[LauncherActivity]: MSG_WINDOW_FOCUS_CHANGED 0 1
02-05 17:40:59.675   789   835 I SurfaceFlinger: id=79953 createSurf (0x0),-1 flag=80004, ActivityRecord{2ae6d41 u0 com.example.dogglers/.HorizontalListActivity t12736}#0
02-05 17:40:59.678  1163  1235 W WindowManager: lockNow pending, ignore updating lockscreen timeout
02-05 17:40:59.678 15500 15500 D LifecycleMonitor: Lifecycle status change: androidx.test.core.app.InstrumentationActivityInvoker$BootstrapActivity@c6be6a6 in: RESUMED
02-05 17:40:59.678 15500 15500 D LifecycleMonitor: running callback: androidx.test.core.app.ActivityScenario$1@49bf8e7
02-05 17:40:59.679 15500 15500 V ActivityScenario: Activity lifecycle changed event received but ignored because the intent does not match. startActivityIntent=Intent { act=android.intent.action.MAIN cat=[android.intent.category.LAUNCHER] cmp=com.example.dogglers/.HorizontalListActivity }, activity.getIntent()=Intent { act=android.intent.action.MAIN cat=[android.intent.category.LAUNCHER] flg=0x10008000 cmp=com.example.dogglers/androidx.test.core.app.InstrumentationActivityInvoker$BootstrapActivity (has extras) }, activity=androidx.test.core.app.InstrumentationActivityInvoker$BootstrapActivity@c6be6a6
02-05 17:40:59.679 15500 15500 D LifecycleMonitor: callback completes: androidx.test.core.app.ActivityScenario$1@49bf8e7
02-05 17:40:59.679  1163  1240 I ViewRootImpl@87dd4f8[dogglers]: MSG_RESIZED_REPORT: frame=(0,0,1080,2400) ci=(0,88,0,144) vi=(0,88,0,144) or=1
02-05 17:40:59.679  1163  1240 I ViewRootImpl@87dd4f8[dogglers]: [DP] dp(1) 1 android.view.ViewRootImpl.reportNextDraw:10957 android.view.ViewRootImpl.access$1200:256 android.view.ViewRootImpl$ViewRootHandler.handleMessage:6101
02-05 17:40:59.680 15500 15500 D LifecycleMonitor: Lifecycle status change: androidx.test.core.app.InstrumentationActivityInvoker$BootstrapActivity@c6be6a6 in: PAUSED
02-05 17:40:59.680 15500 15500 D LifecycleMonitor: running callback: androidx.test.core.app.ActivityScenario$1@49bf8e7
02-05 17:40:59.680 15500 15500 V ActivityScenario: Activity lifecycle changed event received but ignored because the intent does not match. startActivityIntent=Intent { act=android.intent.action.MAIN cat=[android.intent.category.LAUNCHER] cmp=com.example.dogglers/.HorizontalListActivity }, activity.getIntent()=Intent { act=android.intent.action.MAIN cat=[android.intent.category.LAUNCHER] flg=0x10008000 cmp=com.example.dogglers/androidx.test.core.app.InstrumentationActivityInvoker$BootstrapActivity (has extras) }, activity=androidx.test.core.app.InstrumentationActivityInvoker$BootstrapActivity@c6be6a6
02-05 17:40:59.680 15500 15500 D LifecycleMonitor: callback completes: androidx.test.core.app.ActivityScenario$1@49bf8e7
02-05 17:40:59.681  1163  3939 V WindowOrientationListener: getProposedRotation: 0
02-05 17:40:59.682  1163  3939 D InputDispatcher: Focused application set to (0): 2ae6d41
02-05 17:40:59.684  1163  3939 W WindowManager: lockNow pending, ignore updating lockscreen timeout
02-05 17:40:59.685   789  1272 I SurfaceFlinger: id=79954 createSurf (0x0),-1 flag=24000, Surface(name=ActivityRecord{1004214 u0 com.example.dogglers/androidx.test.core.app.InstrumentationActivityInvoker$BootstrapActivity t12736})/@0x2f69840 - animation-leash#0
02-05 17:40:59.686   789  1273 I SurfaceFlinger: id=79955 createSurf (0x0),-1 flag=20004, Dim Layer for - Task=12736 - animating-dim#0
02-05 17:40:59.686   789  2265 I SurfaceFlinger: id=79956 createSurf (0x0),-1 flag=24000, Surface(name=Dim Layer for - Task=12736 - animating-dim)/@0xe6ccd1f - animation-leash#0
02-05 17:40:59.687   789   835 I SurfaceFlinger: id=79957 createSurf (0x0),-1 flag=80004, Surface(name=ActivityRecord{1004214 u0 com.example.dogglers/androidx.test.core.app.InstrumentationActivityInvoker$BootstrapActivity t12736})/@0x2f69840 - animation-bounds#0
02-05 17:40:59.687   789   789 D SurfaceFlinger: Display 21442653864348033 HWC layers:
02-05 17:40:59.687   789   789 D SurfaceFlinger:      DEVICE | 0x7428c3ed00 | 0002 | RGBA_8888    |    0.0    0.0 1080.0 2400.0 |    0    0 1080 2400 | Splash Screen com.example.dogglers#0
02-05 17:40:59.687   789   789 D SurfaceFlinger:      DEVICE | 0x7428c3fac0 | 0000 | RGBA_8888    |    0.0    0.0 1080.0   88.0 |    0    0 1080   88 | StatusBar$_1680#0
02-05 17:40:59.687   789   789 D SurfaceFlinger:      DEVICE | 0x7428c3ea80 | 0000 | RGBA_8888    |    0.0    0.0 1080.0  144.0 |    0 2256 1080 2400 | NavigationBar0$_1680#0
02-05 17:40:59.687   789   789 D SurfaceFlinger:      DEVICE | 0x7408191180 | 0000 | RGBA_8888    |    0.0    0.0 1080.0  125.0 |    0    0 1080  125 | ScreenDecorOverlay$_1680#0
02-05 17:40:59.687   789   789 D SurfaceFlinger:      DEVICE | 0x7428c3f480 | 0000 | RGBA_8888    |    0.0    0.0 1080.0  112.0 |    0 2288 1080 2400 | ScreenDecorOverlayBottom$_1680#0
02-05 17:40:59.687   789   789 D SurfaceFlinger:
02-05 17:40:59.687  1163  3939 I SurfaceControl: nativeRelease nativeObject s[496860778080]
02-05 17:40:59.687  1163  3939 I SurfaceControl: nativeRelease nativeObject e[496860778080]
02-05 17:40:59.687  1163  3939 W WindowManager: lockNow pending, ignore updating lockscreen timeout
02-05 17:40:59.688   789  1273 I Layer   : id=79955 removeFromCurrentState Dim Layer for - Task=12736 - animating-dim#0 (198)
02-05 17:40:59.689  1163  1240 V WindowManager: Relayout Window{4476dd1 u0 Splash Screen com.example.dogglers}: viewVisibility=0 req=1080x2400
02-05 17:40:59.689  1163  1240 W WindowManager: lockNow pending, ignore updating lockscreen timeout
02-05 17:40:59.690   789  1273 I SurfaceFlinger: id=79955 Removed Dim Layer for - Task=12736 - animating-dim#0 (198)
02-05 17:40:59.690  1163  1240 I SurfaceControl: nativeRelease nativeObject s[496860780672]
02-05 17:40:59.690  1163  1240 I SurfaceControl: nativeRelease nativeObject e[496860780672]
02-05 17:40:59.691  1163  1240 V WindowManager: Relayout hash=4476dd1, pid=1163: mAttrs={(0,0)(fillxfill) sim={adjust=pan} layoutInDisplayCutoutMode=shortEdges ty=APPLICATION_STARTING wanim=0x1030001
02-05 17:40:59.691  1163  1240 V WindowManager:   fl=1830118
02-05 17:40:59.691  1163  1240 V WindowManager:   pfl=12020011
02-05 17:40:59.691  1163  1240 V WindowManager:   fitSides= naviIconColor=0}
02-05 17:40:59.691  1163  1240 I SurfaceControl: nativeRelease nativeObject s[499038068576]
02-05 17:40:59.691  1163  1240 I SurfaceControl: nativeRelease nativeObject e[499038068576]
02-05 17:40:59.691  1163  1240 I SurfaceControl: nativeRelease nativeObject s[499038068480]
02-05 17:40:59.691  1163  1240 I SurfaceControl: nativeRelease nativeObject e[499038068480]
02-05 17:40:59.691  1163  1240 I ViewRootImpl@87dd4f8[dogglers]: Relayout returned: old=(0,0,1080,2400) new=(0,0,1080,2400) req=(1080,2400)0 dur=2 res=0x1 s={true 497474408448} ch=false fn=2
02-05 17:40:59.691 15500 15500 D LifecycleMonitor: Lifecycle status change: com.example.dogglers.HorizontalListActivity@c3f247e in: PRE_ON_CREATE
02-05 17:40:59.691 15500 15500 D LifecycleMonitor: running callback: androidx.test.core.app.ActivityScenario$1@49bf8e7
02-05 17:40:59.692 15500 15500 V ActivityScenario: Activity lifecycle changed event received but ignored because the reported transition was not ON_CREATE while the last known transition was PRE_ON_CREATE
02-05 17:40:59.692 15500 15500 D LifecycleMonitor: callback completes: androidx.test.core.app.ActivityScenario$1@49bf8e7
02-05 17:40:59.692   716   953 D gralloc : [mali_gralloc_allocate] begin
02-05 17:40:59.692   716   953 D gralloc : buffer_descriptor: wh(1080 2400) usage_pc(0x966 0x906) hal_format(0x1) layer_count(1) sizes(0 0 0) strde(0) byte_stride(0) alloc_wh(0 0) internal_format(0x0) alloc_format(0x0) fd_count(1) plane_count(0)
02-05 17:40:59.692   716   953 D gralloc : [mali_gralloc_allocate] allocation successful
02-05 17:40:59.692  1163  1237 D WindowManager: setDisableFlags: displayId=0, vis=0x8008, appearance=0, transientState=Pair{[I@61b1c3b [I@cc72f58}, isFullscreen=false, isImmersive=false, barType=0, win=Window{4476dd1 u0 Splash Screen com.example.dogglers}
02-05 17:40:59.693  1680  1680 D NavigationBar: onSystemBarAppearanceChanged() -  displayId:0, appearance:0, navbarColorManagedByIme:false
02-05 17:40:59.694  1680  1680 D SecStatusBarMobileView: setStaticDrawableColor:
02-05 17:40:59.694  1680  1680 D SecLightBarControlHelper: updateStatus(WHITE icon) NumLightStacks:0, NumStacks:1, IndexLightStack:-1, StatusBarMode:0, StatusBarState:SHD, NeedDarkFontFromWallpaper:true, isWhiteKeyguardStatusBarBySettings:true
02-05 17:40:59.697  1163  1240 I ViewRootImpl@87dd4f8[dogglers]: [DP] pdf(0) 1 android.view.ViewRootImpl.performDraw:4809 android.view.ViewRootImpl.performTraversals:3866 android.view.ViewRootImpl.doTraversal:2618
02-05 17:40:59.697  1163  1240 I ViewRootImpl@87dd4f8[dogglers]: [DP] rdf()
02-05 17:40:59.697 15500 15500 I DecorView: [INFO] isPopOver=false, config=true
02-05 17:40:59.697 15500 15500 I DecorView: updateCaptionType >> DecorView@6bee9d7[], isFloating=false, isApplication=true, hasWindowDecorCaption=false, hasWindowControllerCallback=true
02-05 17:40:59.697 15500 15500 D DecorView: setCaptionType = 0, this = DecorView@6bee9d7[]
02-05 17:40:59.701   789   789 I Layer   : id=79955[1] Destroyed Dim Layer for - Task=12736 - animating-dim#0
02-05 17:40:59.701  1680  1680 D SecStatusBarMobileView: setStaticDrawableColor:
02-05 17:40:59.703  2003  2003 I ViewRootImpl@e2e8b8d[LauncherActivity]: stopped(true) old=false
02-05 17:40:59.704  2003  2003 I StateManager: goToState isInState Normal
02-05 17:40:59.704 15500 15500 D LifecycleMonitor: Lifecycle status change: com.example.dogglers.HorizontalListActivity@c3f247e in: CREATED
02-05 17:40:59.704 15500 15500 D LifecycleMonitor: running callback: androidx.test.core.app.ActivityScenario$1@49bf8e7
02-05 17:40:59.704 15500 15500 V ActivityScenario: Update currentActivityStage to CREATED, currentActivity=com.example.dogglers.HorizontalListActivity@c3f247e
02-05 17:40:59.704 15500 15500 D LifecycleMonitor: callback completes: androidx.test.core.app.ActivityScenario$1@49bf8e7
02-05 17:40:59.705  1163  1793 V WindowManager: Relayout Window{b594a18 u0 NotificationShade}: viewVisibility=4 req=1080x2400
02-05 17:40:59.705  2003  2003 W LauncherAppWidgetHost: setListenIfResumed, mFlags = 7
02-05 17:40:59.705 15500 15500 D LifecycleMonitor: Lifecycle status change: com.example.dogglers.HorizontalListActivity@c3f247e in: STARTED
02-05 17:40:59.705 15500 15500 D LifecycleMonitor: running callback: androidx.test.core.app.ActivityScenario$1@49bf8e7
02-05 17:40:59.705  1163  1235 I AppWidgetServiceImpl: stopListening callbacks : null
02-05 17:40:59.705 15500 15500 V ActivityScenario: Update currentActivityStage to STARTED, currentActivity=com.example.dogglers.HorizontalListActivity@c3f247e
02-05 17:40:59.705 15500 15500 D LifecycleMonitor: callback completes: androidx.test.core.app.ActivityScenario$1@49bf8e7
02-05 17:40:59.705  2003  2003 W Launcher.NotificationListener: removeNotificationsChangedListener
02-05 17:40:59.706  2003  2003 I BadgeCountUpdaterImpl: onNotificationsChangedDisConnected
02-05 17:40:59.706  2003  2003 I Launcher.NotificationListener: unregisterObserver, this is not notificationService!!
02-05 17:40:59.706  2003  2003 W PageOverlayMover: updateActivityLifecycleState : 4
02-05 17:40:59.706  2003  2003 I LiveIconUpdateEventHandler: cancelMinuteChangeAlarm
02-05 17:40:59.706 15500 15500 D LifecycleMonitor: Lifecycle status change: com.example.dogglers.HorizontalListActivity@c3f247e in: RESUMED
02-05 17:40:59.706 15500 15500 D LifecycleMonitor: running callback: androidx.test.core.app.ActivityScenario$1@49bf8e7
02-05 17:40:59.706 15500 15500 V ActivityScenario: Update currentActivityStage to RESUMED, currentActivity=com.example.dogglers.HorizontalListActivity@c3f247e
02-05 17:40:59.706 15500 15500 D LifecycleMonitor: callback completes: androidx.test.core.app.ActivityScenario$1@49bf8e7
02-05 17:40:59.707  2003  2003 I LiveIconUpdateEventHandler: cancelDateChangeAlarm
02-05 17:40:59.707  1163  1793 W WindowManager: lockNow pending, ignore updating lockscreen timeout
02-05 17:40:59.709  1163  3939 D InputTransport: Input channel constructed: '52e3ce9', fd=915
02-05 17:40:59.709  1163  3939 D InputTransport: Input channel constructed: '52e3ce9', fd=916
02-05 17:40:59.709  1163  1793 V WindowManager: Relayout hash=b594a18, pid=1680: mAttrs={(0,0)(fillxfill) gr=TOP CENTER_VERTICAL sim={adjust=resize} layoutInDisplayCutoutMode=always ty=2040 fmt=TRANSLUCENT colorMode=COLOR_MODE_WIDE_COLOR_GAMUT
02-05 17:40:59.709  1163  1793 V WindowManager:   fl=81840048
02-05 17:40:59.709  1163  1793 V WindowManager:   pfl=1b000000
02-05 17:40:59.709  1163  1793 V WindowManager:   bhv=SHOW_TRANSIENT_BARS_BY_SWIPE dimAmount=0.0 naviIconColor=0
02-05 17:40:59.709  1163  1793 V WindowManager:   sfl=40000}
02-05 17:40:59.709   789   835 I SurfaceFlinger: id=79958 createSurf (0x0),-1 flag=80004, 52e3ce9 com.example.dogglers/com.example.dogglers.HorizontalListActivity#0
02-05 17:40:59.709  1680  1680 I SurfaceControl: assignNativeObject: nativeObject = 0 Surface(name=null)/@0x7632417 / android.view.SurfaceControl.readFromParcel:1117 android.view.IWindowSession$Stub$Proxy.relayout:1810 android.view.ViewRootImpl.relayoutWindow:9005 android.view.ViewRootImpl.performTraversals:3360 android.view.ViewRootImpl.doTraversal:2618 android.view.ViewRootImpl$TraversalRunnable.run:9971 android.view.Choreographer$CallbackRecord.run:1010 android.view.Choreographer.doCallbacks:809 android.view.Choreographer.doFrame:744 android.view.Choreographer$FrameDisplayEventReceiver.run:995
02-05 17:40:59.709  1680  1680 I SurfaceControl: assignNativeObject: nativeObject = 0 Surface(name=null)/@0x2dd2a3a / android.view.SurfaceControl.readFromParcel:1117 android.view.IWindowSession$Stub$Proxy.relayout:1820 android.view.ViewRootImpl.relayoutWindow:9005 android.view.ViewRootImpl.performTraversals:3360 android.view.ViewRootImpl.doTraversal:2618 android.view.ViewRootImpl$TraversalRunnable.run:9971 android.view.Choreographer$CallbackRecord.run:1010 android.view.Choreographer.doCallbacks:809 android.view.Choreographer.doFrame:744 android.view.Choreographer$FrameDisplayEventReceiver.run:995
02-05 17:40:59.710  1163  3939 D WindowManager: isScreenshotDisabledLocked - win: Window{52e3ce9 u0 com.example.dogglers/com.example.dogglers.HorizontalListActivity}
02-05 17:40:59.710  1163  3939 D WindowManager: isScreenshotDisabledLocked: userId = 0, disabled =false
02-05 17:40:59.710  1680  1680 I ViewRootImpl@cb447c7[NotificationShade]: Relayout returned: old=(0,0,1080,2400) new=(0,0,1080,2400) req=(1080,2400)4 dur=4 res=0x1 s={false 0} ch=false fn=-1
02-05 17:40:59.710  1163  3939 D InputTransport: Input channel destroyed: '52e3ce9', fd=916
02-05 17:40:59.710 15500 15500 D InputTransport: Input channel constructed: '52e3ce9', fd=90
02-05 17:40:59.711  1680  1680 D KeyguardBottomAreaShortcutView: updateCameraVisibility isCameraDisabled:false visible:true
02-05 17:40:59.711  1680  1680 D KeyguardBottomAreaShortcutView: mIndicationArea margin start : 180, end : 180, bottom : 400
02-05 17:40:59.711 15500 15500 I ViewRootImpl@863b006[HorizontalListActivity]: setView = com.android.internal.policy.DecorView@6bee9d7 TM=true
02-05 17:40:59.711  1680  1680 D MediaControlPanel: mActionButtonNumCollapsed = 1, mActionButtonNumExpand = 1
02-05 17:40:59.711  1680  1680 D MediaControlPanel: mActionButtonNumCollapsed = 1, mActionButtonNumExpand = 1
02-05 17:40:59.711  1680  1680 D MediaControlPanel: mActionButtonNumCollapsed = 1, mActionButtonNumExpand = 1
02-05 17:40:59.711  1680  1680 D MediaControlPanel: mActionButtonNumCollapsed = 1, mActionButtonNumExpand = 1
02-05 17:40:59.711  1680  1680 D MediaControlPanel: mActionButtonNumCollapsed = 1, mActionButtonNumExpand = 1
02-05 17:40:59.711  1680  1680 D MediaControlPanel: mActionButtonNumCollapsed = 1, mActionButtonNumExpand = 1
02-05 17:40:59.711  1680  1680 D MediaControlPanel: mActionButtonNumCollapsed = 1, mActionButtonNumExpand = 1
02-05 17:40:59.711  1680  1680 D MediaControlPanel: mActionButtonNumCollapsed = 1, mActionButtonNumExpand = 1
02-05 17:40:59.711  1680  1680 D MediaControlPanel: mActionButtonNumCollapsed = 3, mActionButtonNumExpand = 5
02-05 17:40:59.711  1680  1680 D MediaControlPanel: mActionButtonNumCollapsed = 3, mActionButtonNumExpand = 5
02-05 17:40:59.712 15500 15500 D IdlingResourceRegistry: All idling resources are idle.
02-05 17:40:59.712  2003  2003 I LiveIconUpdateEventHandler: unregisterReceiver
02-05 17:40:59.715   851  2286 I CameraService: notifyMonitoredUids
02-05 17:40:59.718  1163  3939 I SurfaceControl: nativeRelease nativeObject s[496871100768]
02-05 17:40:59.718  1163  3939 I SurfaceControl: nativeRelease nativeObject e[496871100768]
02-05 17:40:59.719  1680  1680 D SecStatusBarMobileView: setStaticDrawableColor:
02-05 17:40:59.719   789  1273 I Layer   : id=79939 removeFromCurrentState com.sec.android.app.launcher/com.sec.android.app.launcher.activities.LauncherActivity$_2003#0 (198)
02-05 17:40:59.719  1680  1680 D MediaControlPanel: mActionButtonNumCollapsed = 1, mActionButtonNumExpand = 1
02-05 17:40:59.719  1680  1680 D MediaControlPanel: mActionButtonNumCollapsed = 1, mActionButtonNumExpand = 1
02-05 17:40:59.719  1680  1680 D MediaControlPanel: mActionButtonNumCollapsed = 1, mActionButtonNumExpand = 1
02-05 17:40:59.719  1680  1680 D MediaControlPanel: mActionButtonNumCollapsed = 1, mActionButtonNumExpand = 1
02-05 17:40:59.719  1680  1680 D MediaControlPanel: mActionButtonNumCollapsed = 1, mActionButtonNumExpand = 1
02-05 17:40:59.719  1680  1680 D MediaControlPanel: mActionButtonNumCollapsed = 1, mActionButtonNumExpand = 1
02-05 17:40:59.719  1680  1680 D MediaControlPanel: mActionButtonNumCollapsed = 1, mActionButtonNumExpand = 1
02-05 17:40:59.720  1680  1680 D MediaControlPanel: mActionButtonNumCollapsed = 1, mActionButtonNumExpand = 1
02-05 17:40:59.720  1163  1793 V WindowManager: Relayout Window{52e3ce9 u0 com.example.dogglers/com.example.dogglers.HorizontalListActivity}: viewVisibility=0 req=1080x2400
02-05 17:40:59.720  1680  1680 D MediaControlPanel: mActionButtonNumCollapsed = 3, mActionButtonNumExpand = 5
02-05 17:40:59.720  1680  1680 D MediaControlPanel: mActionButtonNumCollapsed = 3, mActionButtonNumExpand = 5
02-05 17:40:59.720  1163  1793 W WindowManager: lockNow pending, ignore updating lockscreen timeout
02-05 17:40:59.721  1163  1793 D WindowManager: isScreenshotDisabledLocked - win: Window{52e3ce9 u0 com.example.dogglers/com.example.dogglers.HorizontalListActivity}
02-05 17:40:59.721  1163  1793 D WindowManager: isScreenshotDisabledLocked: userId = 0, disabled =false
02-05 17:40:59.721   789  1272 I SurfaceFlinger: id=79959 createSurf (1080x2400),1 flag=404, com.example.dogglers/com.example.dogglers.HorizontalListActivity$_15500#0
02-05 17:40:59.722  1163  1793 I SurfaceControl: nativeRelease nativeObject s[496867020224]
02-05 17:40:59.722  1163  1793 I SurfaceControl: nativeRelease nativeObject e[496867020224]
02-05 17:40:59.722   789  1273 I SurfaceFlinger: id=79960 createSurf (0x0),-1 flag=24000, Surface(name=8c655e2 StatusBar)/@0x44a9b07 - animation-leash#1
02-05 17:40:59.723  1163  1793 I SurfaceControl: nativeRelease nativeObject s[496860777984]
02-05 17:40:59.723  1163  1793 I SurfaceControl: nativeRelease nativeObject e[496860777984]
02-05 17:40:59.723   789   834 I SurfaceFlinger: id=79961 createSurf (0x0),-1 flag=24000, Surface(name=b29f82b NavigationBar0)/@0x8634759 - animation-leash#0
02-05 17:40:59.724  1163  1793 V WindowManager: Relayout hash=52e3ce9, pid=15500: mAttrs={(0,0)(fillxfill) sim={adjust=resize forwardNavigation} ty=BASE_APPLICATION wanim=0x1030304
02-05 17:40:59.724  1163  1793 V WindowManager:   fl=81810100
02-05 17:40:59.724  1163  1793 V WindowManager:   pfl=12020000
02-05 17:40:59.724  1163  1793 V WindowManager:   fitSides= naviIconColor=0}
02-05 17:40:59.724  1163  1793 I SurfaceControl: nativeRelease nativeObject s[499183904992]
02-05 17:40:59.724  1163  1793 I SurfaceControl: nativeRelease nativeObject e[499183904992]
02-05 17:40:59.724 15500 15500 I SurfaceControl: assignNativeObject: nativeObject = 0 Surface(name=null)/@0xcb7f6c7 / android.view.SurfaceControl.readFromParcel:1117 android.view.IWindowSession$Stub$Proxy.relayout:1820 android.view.ViewRootImpl.relayoutWindow:9005 android.view.ViewRootImpl.performTraversals:3360 android.view.ViewRootImpl.doTraversal:2618 android.view.ViewRootImpl$TraversalRunnable.run:9971 android.view.Choreographer$CallbackRecord.run:1010 android.view.Choreographer.doCallbacks:809 android.view.Choreographer.doFrame:744 android.view.Choreographer$FrameDisplayEventReceiver.run:995
02-05 17:40:59.725 15500 15500 I ViewRootImpl@863b006[HorizontalListActivity]: Relayout returned: old=(0,0,1080,2400) new=(0,0,1080,2400) req=(1080,2400)0 dur=5 res=0x7 s={true 497169784832} ch=true fn=-1
02-05 17:40:59.725 15500 15565 I mali_winsys: new_window_surface() [1080x2400] return: 0x3000
02-05 17:40:59.726   716   953 D gralloc : [mali_gralloc_allocate] begin
02-05 17:40:59.726   716   953 D gralloc : buffer_descriptor: wh(1080 2400) usage_pc(0x40000000000b00 0x40000000000b00) hal_format(0x1) layer_count(1) sizes(0 0 0) strde(0) byte_stride(0) alloc_wh(0 0) internal_format(0x0) alloc_format(0x0) fd_count(1) plane_count(0)
02-05 17:40:59.726 15500 15500 I ViewRootImpl@863b006[HorizontalListActivity]: [DP] dp(1) 1 android.view.ViewRootImpl.reportNextDraw:10957 android.view.ViewRootImpl.performTraversals:3845 android.view.ViewRootImpl.doTraversal:2618
02-05 17:40:59.726 15500 15500 I ViewRootImpl@863b006[HorizontalListActivity]: [DP] pd() Asnyc report
02-05 17:40:59.728   716   953 D gralloc : [mali_gralloc_allocate] allocation successful
02-05 17:40:59.728   789   835 I SurfaceFlinger: id=79939 Removed com.sec.android.app.launcher/com.sec.android.app.launcher.activities.LauncherActivity$_2003#0 (201)
02-05 17:40:59.729   716   953 D gralloc : [mali_gralloc_allocate] begin
02-05 17:40:59.729   716   953 D gralloc : buffer_descriptor: wh(1080 2400) usage_pc(0x40000000000b00 0x40000000000b00) hal_format(0x1) layer_count(1) sizes(0 0 0) strde(0) byte_stride(0) alloc_wh(0 0) internal_format(0x0) alloc_format(0x0) fd_count(1) plane_count(0)
02-05 17:40:59.729  1163  1237 D SehCodecSolutionService: Update top [com.example.dogglers]
02-05 17:40:59.729  1163  1237 E Native_CFMS: nativePerfMgrRemoveTask    Fail    tid : 2003    return : -1
02-05 17:40:59.731   716   953 D gralloc : [mali_gralloc_allocate] allocation successful
02-05 17:40:59.731   716   953 D gralloc : [mali_gralloc_allocate] begin
02-05 17:40:59.731   716   953 D gralloc : buffer_descriptor: wh(1080 2400) usage_pc(0x40000000000b00 0x40000000000b00) hal_format(0x1) layer_count(1) sizes(0 0 0) strde(0) byte_stride(0) alloc_wh(0 0) internal_format(0x0) alloc_format(0x0) fd_count(1) plane_count(0)
02-05 17:40:59.732 15500 15500 I ViewRootImpl@863b006[HorizontalListActivity]: [DP] pdf(0) 1 android.view.ViewRootImpl.lambda$performDraw$1$ViewRootImpl:4668 android.view.-$$Lambda$ViewRootImpl$DJd0VUYJgsebcnSohO6h8zc_ONI.run:6 android.os.Handler.handleCallback:938
02-05 17:40:59.732 15500 15500 I ViewRootImpl@863b006[HorizontalListActivity]: [DP] rdf()
02-05 17:40:59.732  1163  1240 W WindowManager: lockNow pending, ignore updating lockscreen timeout
02-05 17:40:59.733   716   953 D gralloc : [mali_gralloc_allocate] allocation successful
02-05 17:40:59.733   789  1273 I Layer   : id=79951 removeFromCurrentState Surface(name=8c655e2 StatusBar)/@0x44a9b07 - animation-leash#0 (201)
02-05 17:40:59.733   789  1273 I Layer   : id=79952 removeFromCurrentState Surface(name=b29f82b NavigationBar0)/@0x8634759 - animation-leash#1 (201)
02-05 17:40:59.734  1163  1240 W WindowManager: lockNow pending, ignore updating lockscreen timeout
02-05 17:40:59.735   789   789 I Layer   : id=79939[1] Destroyed com.sec.android.app.launcher/com.sec.android.app.launcher.activities.LauncherActivity$_2003#0
