02-05 17:41:03.097 15500 15500 D LifecycleMonitor: Lifecycle status change: androidx.test.core.app.InstrumentationActivityInvoker$EmptyActivity@ddba76c in: PRE_ON_CREATE
02-05 17:41:03.097 15500 15500 D LifecycleMonitor: running callback: androidx.test.core.app.ActivityScenario$1@1d624de
02-05 17:41:03.097 15500 15500 V ActivityScenario: Activity lifecycle changed event received but ignored because the intent does not match. startActivityIntent=Intent { act=android.intent.action.MAIN cat=[android.intent.category.LAUNCHER] cmp=com.example.dogglers/.VerticalListActivity }, activity.getIntent()=Intent { act=android.intent.action.MAIN cat=[android.intent.category.LAUNCHER] flg=0x10000000 cmp=com.example.dogglers/androidx.test.core.app.InstrumentationActivityInvoker$EmptyActivity }, activity=androidx.test.core.app.InstrumentationActivityInvoker$EmptyActivity@ddba76c
02-05 17:41:03.097 15500 15500 D LifecycleMonitor: callback completes: androidx.test.core.app.ActivityScenario$1@1d624de
02-05 17:41:03.101 15500 15500 I DecorView: [INFO] isPopOver=false, config=true
02-05 17:41:03.101 15500 15500 I DecorView: updateCaptionType >> DecorView@2b9ca[], isFloating=false, isApplication=true, hasWindowDecorCaption=false, hasWindowControllerCallback=true
02-05 17:41:03.101 15500 15500 D DecorView: setCaptionType = 0, this = DecorView@2b9ca[]
02-05 17:41:03.102   789   789 I Layer   : id=80096[1] Destroyed ActivityRecord{3c83040 u0 com.example.dogglers/androidx.test.core.app.InstrumentationActivityInvoker$BootstrapActivity t12740}#0
02-05 17:41:03.103 15500 15500 D LifecycleMonitor: Lifecycle status change: androidx.test.core.app.InstrumentationActivityInvoker$EmptyActivity@ddba76c in: CREATED
02-05 17:41:03.103 15500 15500 D LifecycleMonitor: running callback: androidx.test.core.app.ActivityScenario$1@1d624de
02-05 17:41:03.103 15500 15500 V ActivityScenario: Activity lifecycle changed event received but ignored because the intent does not match. startActivityIntent=Intent { act=android.intent.action.MAIN cat=[android.intent.category.LAUNCHER] cmp=com.example.dogglers/.VerticalListActivity }, activity.getIntent()=Intent { act=android.intent.action.MAIN cat=[android.intent.category.LAUNCHER] flg=0x10000000 cmp=com.example.dogglers/androidx.test.core.app.InstrumentationActivityInvoker$EmptyActivity }, activity=androidx.test.core.app.InstrumentationActivityInvoker$EmptyActivity@ddba76c
02-05 17:41:03.103 15500 15500 D LifecycleMonitor: callback completes: androidx.test.core.app.ActivityScenario$1@1d624de
02-05 17:41:03.103  1163  3970 I InputDispatcher: Focus left window (15500): 2a0e6a2 in display 0 0
02-05 17:41:03.104 15500 15500 D LifecycleMonitor: Lifecycle status change: androidx.test.core.app.InstrumentationActivityInvoker$EmptyActivity@ddba76c in: STARTED
02-05 17:41:03.104 15500 15500 D LifecycleMonitor: running callback: androidx.test.core.app.ActivityScenario$1@1d624de
02-05 17:41:03.104 15500 15500 V ActivityScenario: Activity lifecycle changed event received but ignored because the intent does not match. startActivityIntent=Intent { act=android.intent.action.MAIN cat=[android.intent.category.LAUNCHER] cmp=com.example.dogglers/.VerticalListActivity }, activity.getIntent()=Intent { act=android.intent.action.MAIN cat=[android.intent.category.LAUNCHER] flg=0x10000000 cmp=com.example.dogglers/androidx.test.core.app.InstrumentationActivityInvoker$EmptyActivity }, activity=androidx.test.core.app.InstrumentationActivityInvoker$EmptyActivity@ddba76c
02-05 17:41:03.104 15500 15500 D LifecycleMonitor: callback completes: androidx.test.core.app.ActivityScenario$1@1d624de
02-05 17:41:03.106 15500 15500 D LifecycleMonitor: Lifecycle status change: androidx.test.core.app.InstrumentationActivityInvoker$EmptyActivity@ddba76c in: RESUMED
02-05 17:41:03.106 15500 15500 D LifecycleMonitor: running callback: androidx.test.core.app.ActivityScenario$1@1d624de
02-05 17:41:03.106 15500 15500 V ActivityScenario: Activity lifecycle changed event received but ignored because the intent does not match. startActivityIntent=Intent { act=android.intent.action.MAIN cat=[android.intent.category.LAUNCHER] cmp=com.example.dogglers/.VerticalListActivity }, activity.getIntent()=Intent { act=android.intent.action.MAIN cat=[android.intent.category.LAUNCHER] flg=0x10000000 cmp=com.example.dogglers/androidx.test.core.app.InstrumentationActivityInvoker$EmptyActivity }, activity=androidx.test.core.app.InstrumentationActivityInvoker$EmptyActivity@ddba76c
02-05 17:41:03.106 15500 15500 D LifecycleMonitor: callback completes: androidx.test.core.app.ActivityScenario$1@1d624de
02-05 17:41:03.108  1163  3938 D InputTransport: Input channel constructed: 'd38d313', fd=860
02-05 17:41:03.108  1163  3938 D InputTransport: Input channel constructed: 'd38d313', fd=887
02-05 17:41:03.109   789  2265 I SurfaceFlinger: id=80119 createSurf (0x0),-1 flag=80004, d38d313 com.example.dogglers/androidx.test.core.app.InstrumentationActivityInvoker$EmptyActivity#0
02-05 17:41:03.109  1163  3938 D WindowManager: isScreenshotDisabledLocked - win: Window{d38d313 u0 com.example.dogglers/androidx.test.core.app.InstrumentationActivityInvoker$EmptyActivity}
02-05 17:41:03.109  1163  3938 D WindowManager: isScreenshotDisabledLocked: userId = 0, disabled =false
02-05 17:41:03.109  1163  3938 D InputTransport: Input channel destroyed: 'd38d313', fd=887
02-05 17:41:03.109 15500 15500 D InputTransport: Input channel constructed: 'd38d313', fd=90
02-05 17:41:03.110 15500 15500 I ViewRootImpl@103dbb1[InstrumentationActivityInvoker$EmptyActivity]: setView = com.android.internal.policy.DecorView@2b9ca TM=true
02-05 17:41:03.111 15500 15500 I ViewRootImpl@6a4bf7d[InstrumentationActivityInvoker$EmptyActivity]: MSG_WINDOW_FOCUS_CHANGED 0 1
02-05 17:41:03.120  1163  3938 V WindowManager: Relayout Window{d38d313 u0 com.example.dogglers/androidx.test.core.app.InstrumentationActivityInvoker$EmptyActivity}: viewVisibility=0 req=1080x2400
02-05 17:41:03.120  1163  3938 W WindowManager: lockNow pending, ignore updating lockscreen timeout
02-05 17:41:03.121  1163  3938 D WindowManager: isScreenshotDisabledLocked - win: Window{d38d313 u0 com.example.dogglers/androidx.test.core.app.InstrumentationActivityInvoker$EmptyActivity}
02-05 17:41:03.121  1163  3938 D WindowManager: isScreenshotDisabledLocked: userId = 0, disabled =false
02-05 17:41:03.121   789   835 I SurfaceFlinger: id=80120 createSurf (1080x2400),1 flag=404, com.example.dogglers/androidx.test.core.app.InstrumentationActivityInvoker$EmptyActivity$_15500#1
02-05 17:41:03.123  1163  3938 I SurfaceControl: nativeRelease nativeObject s[499038975680]
02-05 17:41:03.123  1163  3938 I SurfaceControl: nativeRelease nativeObject e[499038975680]
02-05 17:41:03.123   789   835 I SurfaceFlinger: id=80121 createSurf (0x0),-1 flag=24000, Surface(name=8c655e2 StatusBar)/@0x44a9b07 - animation-leash#0
02-05 17:41:03.123  1163  3938 I SurfaceControl: nativeRelease nativeObject s[499038985280]
02-05 17:41:03.123  1163  3938 I SurfaceControl: nativeRelease nativeObject e[499038985280]
02-05 17:41:03.123   789  1272 I SurfaceFlinger: id=80122 createSurf (0x0),-1 flag=24000, Surface(name=b29f82b NavigationBar0)/@0x8634759 - animation-leash#1
02-05 17:41:03.124  1163  3938 V WindowManager: Relayout hash=d38d313, pid=15500: mAttrs={(0,0)(fillxfill) sim={adjust=pan forwardNavigation} ty=BASE_APPLICATION wanim=0x1030001
02-05 17:41:03.124  1163  3938 V WindowManager:   fl=1810100
02-05 17:41:03.124  1163  3938 V WindowManager:   pfl=12020000
02-05 17:41:03.124  1163  3938 V WindowManager:   fitSides= naviIconColor=0}
02-05 17:41:03.124  1163  3938 I SurfaceControl: nativeRelease nativeObject s[496871103744]
02-05 17:41:03.124  1163  3938 I SurfaceControl: nativeRelease nativeObject e[496871103744]
02-05 17:41:03.124 15500 15500 I SurfaceControl: assignNativeObject: nativeObject = 0 Surface(name=null)/@0x77aa896 / android.view.SurfaceControl.readFromParcel:1117 android.view.IWindowSession$Stub$Proxy.relayout:1820 android.view.ViewRootImpl.relayoutWindow:9005 android.view.ViewRootImpl.performTraversals:3360 android.view.ViewRootImpl.doTraversal:2618 android.view.ViewRootImpl$TraversalRunnable.run:9971 android.view.Choreographer$CallbackRecord.run:1010 android.view.Choreographer.doCallbacks:809 android.view.Choreographer.doFrame:744 android.view.Choreographer$FrameDisplayEventReceiver.run:995
02-05 17:41:03.125 15500 15500 I ViewRootImpl@103dbb1[InstrumentationActivityInvoker$EmptyActivity]: Relayout returned: old=(0,0,1080,2400) new=(0,0,1080,2400) req=(1080,2400)0 dur=4 res=0x7 s={true 499142242304} ch=true fn=-1
02-05 17:41:03.125 15500 15565 I mali_winsys: new_window_surface() [1080x2400] return: 0x3000
02-05 17:41:03.126 15500 15500 I ViewRootImpl@103dbb1[InstrumentationActivityInvoker$EmptyActivity]: [DP] dp(1) 1 android.view.ViewRootImpl.reportNextDraw:10957 android.view.ViewRootImpl.performTraversals:3845 android.view.ViewRootImpl.doTraversal:2618
02-05 17:41:03.126 15500 15500 I ViewRootImpl@103dbb1[InstrumentationActivityInvoker$EmptyActivity]: [DP] pd() Asnyc report
02-05 17:41:03.126   716   953 D gralloc : [mali_gralloc_allocate] begin
02-05 17:41:03.126   716   953 D gralloc : buffer_descriptor: wh(1080 2400) usage_pc(0x40000000000b00 0x40000000000b00) hal_format(0x1) layer_count(1) sizes(0 0 0) strde(0) byte_stride(0) alloc_wh(0 0) internal_format(0x0) alloc_format(0x0) fd_count(1) plane_count(0)
02-05 17:41:03.127   716   953 D gralloc : [mali_gralloc_allocate] allocation successful
02-05 17:41:03.127   716   953 D gralloc : [mali_gralloc_allocate] begin
02-05 17:41:03.127   716   953 D gralloc : buffer_descriptor: wh(1080 2400) usage_pc(0x40000000000b00 0x40000000000b00) hal_format(0x1) layer_count(1) sizes(0 0 0) strde(0) byte_stride(0) alloc_wh(0 0) internal_format(0x0) alloc_format(0x0) fd_count(1) plane_count(0)
02-05 17:41:03.128   716   953 D gralloc : [mali_gralloc_allocate] allocation successful
02-05 17:41:03.129   716   957 D gralloc : [mali_gralloc_allocate] begin
02-05 17:41:03.129   716   957 D gralloc : buffer_descriptor: wh(1080 2400) usage_pc(0x40000000000b00 0x40000000000b00) hal_format(0x1) layer_count(1) sizes(0 0 0) strde(0) byte_stride(0) alloc_wh(0 0) internal_format(0x0) alloc_format(0x0) fd_count(1) plane_count(0)
02-05 17:41:03.129 15500 15500 I ViewRootImpl@103dbb1[InstrumentationActivityInvoker$EmptyActivity]: [DP] pdf(0) 1 android.view.ViewRootImpl.lambda$performDraw$1$ViewRootImpl:4668 android.view.-$$Lambda$ViewRootImpl$DJd0VUYJgsebcnSohO6h8zc_ONI.run:6 android.os.Handler.handleCallback:938
02-05 17:41:03.129 15500 15500 I ViewRootImpl@103dbb1[InstrumentationActivityInvoker$EmptyActivity]: [DP] rdf()
02-05 17:41:03.130 15500 15500 I ViewRootImpl@6a4bf7d[InstrumentationActivityInvoker$EmptyActivity]: MSG_WINDOW_FOCUS_CHANGED 0 1
02-05 17:41:03.130   716   957 D gralloc : [mali_gralloc_allocate] allocation successful
02-05 17:41:03.130  1163  1240 W WindowManager: lockNow pending, ignore updating lockscreen timeout
02-05 17:41:03.131   789   834 I Layer   : id=80115 removeFromCurrentState Surface(name=8c655e2 StatusBar)/@0x44a9b07 - animation-leash#1 (197)
02-05 17:41:03.131   789   834 I Layer   : id=80116 removeFromCurrentState Surface(name=b29f82b NavigationBar0)/@0x8634759 - animation-leash#0 (197)
02-05 17:41:03.132  1163  1240 D PkgPredictorService: pkg:com.example.dogglers activity:androidx.test.core.app.InstrumentationActivityInvoker$EmptyActivity thisTime:52
02-05 17:41:03.133  1163  1240 I SemDvfsHyPerManager: acquire hyper - AMS_RESUME_TAIL/1163@22, type = -999
02-05 17:41:03.133  1163  1240 I SemDvfsHyPerManager: acquire hyper - AMS_ACT_LAZY/1163@23, type = -999
02-05 17:41:03.133  1163  1244 I ActivityTaskManager: Displayed com.example.dogglers/androidx.test.core.app.InstrumentationActivityInvoker$EmptyActivity: +52ms
02-05 17:41:03.133   726   817 I HYPER-HAL: [RequestManager.cpp]acquire(): Acquired ID : 702727  [1163 / 22]    HINT : AMS_RESUME_TAIL    list :
02-05 17:41:03.133   726   817 I HYPER-HAL: [ResourceManager.cpp]updateResource(): [CPUMinFreq] UpdateResource Request ID : 702727    Value : 1844882
02-05 17:41:03.133   726   817 I HYPER-HAL: [RequestManager.cpp]acquire(): Acquired ID : 703914  [1163 / 23]    HINT :      list :
02-05 17:41:03.133   726   817 E HYPER-HAL: [Request.cpp]acquire(): Request:: id : 703914, No Resource to set
02-05 17:41:03.133  2669  2669 E pageboostd: Received HALT command code 2
02-05 17:41:03.133   726   817 I HYPER-HAL: [ResourceManager.cpp]removeResource(): [CPUMinFreq] RemoveResource Request ID : 700356
02-05 17:41:03.133   726   817 I HYPER-HAL: [RequestManager.cpp]releaseLocked(): Released ID : 700356
02-05 17:41:03.134  1163  1240 W WindowManager: lockNow pending, ignore updating lockscreen timeout
02-05 17:41:03.135 15500 15500 I SurfaceControl: nativeRelease nativeObject s[499183202528]
02-05 17:41:03.135 15500 15500 I SurfaceControl: nativeRelease nativeObject e[499183202528]
02-05 17:41:03.135 15500 15500 I SurfaceControl: nativeRelease nativeObject s[497483549280]
02-05 17:41:03.135 15500 15500 I SurfaceControl: nativeRelease nativeObject e[497483549280]
02-05 17:41:03.135   789   834 I SurfaceFlinger: id=80116 Removed Surface(name=b29f82b NavigationBar0)/@0x8634759 - animation-leash#0 (197)
02-05 17:41:03.135   789   834 I SurfaceFlinger: id=80115 Removed Surface(name=8c655e2 StatusBar)/@0x44a9b07 - animation-leash#1 (197)
02-05 17:41:03.136   789   789 I Layer   : id=80115[1] Destroyed Surface(name=8c655e2 StatusBar)/@0x44a9b07 - animation-leash#1
02-05 17:41:03.136   789   789 I Layer   : id=80116[1] Destroyed Surface(name=b29f82b NavigationBar0)/@0x8634759 - animation-leash#0
02-05 17:41:03.136  1163  3970 I InputDispatcher: Focus entered window (15500): d38d313 in display 0 0
02-05 17:41:03.137  1163  1240 W WindowManager: lockNow pending, ignore updating lockscreen timeout
02-05 17:41:03.139   789   789 D SurfaceFlinger: Display 21442653864348033 HWC layers:
02-05 17:41:03.139   789   789 D SurfaceFlinger:      DEVICE | 0x7407b648c0 | 0002 | RGBA_8888    |    0.0    0.0 1080.0 2400.0 |    0    0 1080 2400 | com.example.dogglers/androidx.test.c[...]tivityInvoker$EmptyActivity$_15500#1
02-05 17:41:03.139   789   789 D SurfaceFlinger:      DEVICE | 0x7408500740 | 0000 | RGBA_8888    |    0.0    0.0 1080.0   88.0 |    0    0 1080   88 | StatusBar$_1680#0
02-05 17:41:03.139   789   789 D SurfaceFlinger:      DEVICE | 0x7428c40600 | 0000 | RGBA_8888    |    0.0    0.0 1080.0  144.0 |    0 2256 1080 2400 | NavigationBar0$_1680#0
02-05 17:41:03.139   789   789 D SurfaceFlinger:      DEVICE | 0x7408191180 | 0000 | RGBA_8888    |    0.0    0.0 1080.0  125.0 |    0    0 1080  125 | ScreenDecorOverlay$_1680#0
02-05 17:41:03.139   789   789 D SurfaceFlinger:      DEVICE | 0x7428c3f480 | 0000 | RGBA_8888    |    0.0    0.0 1080.0  112.0 |    0 2288 1080 2400 | ScreenDecorOverlayBottom$_1680#0
02-05 17:41:03.139   789   789 D SurfaceFlinger:
02-05 17:41:03.153 15500 15565 I mali_egl: eglDestroySurface() in
02-05 17:41:03.153 15500 15565 I mali_winsys: delete_surface() [1080x2400] return
02-05 17:41:03.153 15500 15565 I mali_egl: eglDestroySurface() out
02-05 17:41:03.153   789  1272 E BufferQueueProducer: [com.example.dogglers/androidx.test.core.app.InstrumentationActivityInvoker$EmptyActivity$_15500#0](id:315000036f1,api:0,p:-1,c:789) disconnect: not connected (req=1)
02-05 17:41:03.153 15500 15565 W libEGL  : EGLNativeWindowType 0x73c1e32010 disconnect failed
02-05 17:41:03.154  1163  3938 V WindowManager: Relayout Window{2a0e6a2 u0 com.example.dogglers/androidx.test.core.app.InstrumentationActivityInvoker$EmptyActivity}: viewVisibility=8 req=1080x2400
02-05 17:41:03.154  1163  3938 W WindowManager: lockNow pending, ignore updating lockscreen timeout
02-05 17:41:03.155  1163  3938 V WindowManager: Relayout hash=2a0e6a2, pid=15500: mAttrs={(0,0)(fillxfill) sim={adjust=pan forwardNavigation} ty=BASE_APPLICATION wanim=0x1030001
02-05 17:41:03.155  1163  3938 V WindowManager:   fl=1810100
02-05 17:41:03.155  1163  3938 V WindowManager:   pfl=12020000
02-05 17:41:03.155  1163  3938 V WindowManager:   fitSides= naviIconColor=0}
02-05 17:41:03.155 15500 15500 I SurfaceControl: nativeRelease nativeObject s[497477725792]
02-05 17:41:03.155 15500 15500 I SurfaceControl: nativeRelease nativeObject e[497477725792]
02-05 17:41:03.155 15500 15500 I SurfaceControl: assignNativeObject: nativeObject = 0 Surface(name=null)/@0x89bac17 / android.view.SurfaceControl.readFromParcel:1117 android.view.IWindowSession$Stub$Proxy.relayout:1810 android.view.ViewRootImpl.relayoutWindow:9005 android.view.ViewRootImpl.performTraversals:3360 android.view.ViewRootImpl.doTraversal:2618 android.view.ViewRootImpl$TraversalRunnable.run:9971 android.view.Choreographer$CallbackRecord.run:1010 android.view.Choreographer.doCallbacks:809 android.view.Choreographer.doFrame:744 android.view.Choreographer$FrameDisplayEventReceiver.run:995
02-05 17:41:03.156 15500 15500 I SurfaceControl: assignNativeObject: nativeObject = 0 Surface(name=null)/@0xe2bce72 / android.view.SurfaceControl.readFromParcel:1117 android.view.IWindowSession$Stub$Proxy.relayout:1820 android.view.ViewRootImpl.relayoutWindow:9005 android.view.ViewRootImpl.performTraversals:3360 android.view.ViewRootImpl.doTraversal:2618 android.view.ViewRootImpl$TraversalRunnable.run:9971 android.view.Choreographer$CallbackRecord.run:1010 android.view.Choreographer.doCallbacks:809 android.view.Choreographer.doFrame:744 android.view.Choreographer$FrameDisplayEventReceiver.run:995
02-05 17:41:03.156 15500 15500 I ViewRootImpl@6a4bf7d[InstrumentationActivityInvoker$EmptyActivity]: Relayout returned: old=(0,0,1080,2400) new=(0,0,1080,2400) req=(1080,2400)8 dur=3 res=0x5 s={false 0} ch=true fn=2
02-05 17:41:03.158  1163  3940 D InputDispatcher: Focused application set to (0): 1dafdd4
02-05 17:41:03.159  1163  3940 W WindowManager: lockNow pending, ignore updating lockscreen timeout
02-05 17:41:03.160 15500 15500 I ViewRootImpl@103dbb1[InstrumentationActivityInvoker$EmptyActivity]: MSG_WINDOW_FOCUS_CHANGED 1 1
02-05 17:41:03.160 15500 15500 D InputMethodManager: prepareNavigationBarInfo() DecorView@2b9ca[InstrumentationActivityInvoker$EmptyActivity]
02-05 17:41:03.160 15500 15500 D InputMethodManager: getNavigationBarColor() -16711423
02-05 17:41:03.160 15500 15500 D InputMethodManager: prepareNavigationBarInfo() DecorView@2b9ca[InstrumentationActivityInvoker$EmptyActivity]
02-05 17:41:03.161 15500 15500 D InputMethodManager: getNavigationBarColor() -16711423
02-05 17:41:03.161 15500 15500 V InputMethodManager: Starting input: tba=com.example.dogglers ic=null mNaviBarColor -16711423 mIsGetNaviBarColorSuccess true , NavVisible : true , NavTrans : false
02-05 17:41:03.161 15500 15500 D InputMethodManager: startInputInner - Id : 0
02-05 17:41:03.161 15500 15500 I InputMethodManager: startInputInner - mService.startInputOrWindowGainedFocus
02-05 17:41:03.161  1163  3970 D InputMethodManagerService: mSecureKeypadEnabled = false
02-05 17:41:03.161  1163  3970 V InputMethodManagerService: hideCurrentInputLocked : shouldHideSoftInput is false
02-05 17:41:03.161  1163  3970 D InputMethodManagerService: DESKTOP MODE! : 2
02-05 17:41:03.161  1163  3970 D InputMethodManagerService: NOT IN KNOX DESKTOP MODE!
02-05 17:41:03.161  1163  3970 V InputMethodManagerService: getDisplayIdOfInputMethodWindowToBeAdded : 0
02-05 17:41:03.161  1163  3970 D InputMethodManagerService: checkDisplayOfStartInputAndUpdateKeyboard display Id 0last 0
02-05 17:41:03.161  1163  3970 D InputTransport: Input channel constructed: 'ClientS', fd=887
02-05 17:41:03.161  1163  3970 D InputTransport: Input channel destroyed: 'ClientS', fd=887
02-05 17:41:03.161 15500 15500 D InputTransport: Input channel constructed: 'ClientS', fd=98
02-05 17:41:03.161 15500 15500 D InputTransport: Input channel destroyed: 'ClientS', fd=97
02-05 17:41:03.162 15500 15500 I ViewRootImpl@6a4bf7d[InstrumentationActivityInvoker$EmptyActivity]: stopped(true) old=false
02-05 17:41:03.162 15500 15500 D LifecycleMonitor: Lifecycle status change: androidx.test.core.app.InstrumentationActivityInvoker$EmptyActivity@7244f9b in: STOPPED
02-05 17:41:03.162 15500 15500 D LifecycleMonitor: running callback: androidx.test.core.app.ActivityScenario$1@1d624de
02-05 17:41:03.162 15500 15500 V ActivityScenario: Activity lifecycle changed event received but ignored because the intent does not match. startActivityIntent=Intent { act=android.intent.action.MAIN cat=[android.intent.category.LAUNCHER] cmp=com.example.dogglers/.VerticalListActivity }, activity.getIntent()=Intent { act=android.intent.action.MAIN cat=[android.intent.category.LAUNCHER] flg=0x10000000 cmp=com.example.dogglers/androidx.test.core.app.InstrumentationActivityInvoker$EmptyActivity }, activity=androidx.test.core.app.InstrumentationActivityInvoker$EmptyActivity@7244f9b
02-05 17:41:03.162 15500 15500 D LifecycleMonitor: callback completes: androidx.test.core.app.ActivityScenario$1@1d624de
02-05 17:41:03.162  1163  1235 I SurfaceControl: nativeRelease nativeObject s[499038975584]
02-05 17:41:03.162  1163  1235 I SurfaceControl: nativeRelease nativeObject e[499038975584]
02-05 17:41:03.162   789  1272 I SurfaceFlinger: id=80123 createSurf (0x0),-1 flag=24004, Surface(name=dbf3b45 InputMethod)/@0xf70bba8 - animation-leash#1
02-05 17:41:03.163 15500 15500 D LifecycleMonitor: Lifecycle status change: androidx.test.core.app.InstrumentationActivityInvoker$EmptyActivity@7244f9b in: DESTROYED
02-05 17:41:03.163 15500 15500 D LifecycleMonitor: running callback: androidx.test.core.app.ActivityScenario$1@1d624de
02-05 17:41:03.163 15500 15500 V ActivityScenario: Activity lifecycle changed event received but ignored because the intent does not match. startActivityIntent=Intent { act=android.intent.action.MAIN cat=[android.intent.category.LAUNCHER] cmp=com.example.dogglers/.VerticalListActivity }, activity.getIntent()=Intent { act=android.intent.action.MAIN cat=[android.intent.category.LAUNCHER] flg=0x10000000 cmp=com.example.dogglers/androidx.test.core.app.InstrumentationActivityInvoker$EmptyActivity }, activity=androidx.test.core.app.InstrumentationActivityInvoker$EmptyActivity@7244f9b
02-05 17:41:03.163 15500 15500 D LifecycleMonitor: callback completes: androidx.test.core.app.ActivityScenario$1@1d624de
02-05 17:41:03.163 15500 15500 I ViewRootImpl@6a4bf7d[InstrumentationActivityInvoker$EmptyActivity]: dispatchDetachedFromWindow
02-05 17:41:03.163  1163  3970 D InputTransport: Input channel destroyed: '2a0e6a2', fd=857
02-05 17:41:03.164  1163  3970 I SurfaceControl: nativeRelease nativeObject s[499038975488]
02-05 17:41:03.164  1163  3970 I SurfaceControl: nativeRelease nativeObject e[499038975488]
02-05 17:41:03.164  1163  3970 D WindowManager: isScreenshotDisabledLocked - win: Window{2a0e6a2 u0 com.example.dogglers/androidx.test.core.app.InstrumentationActivityInvoker$EmptyActivity}
02-05 17:41:03.164  1163  3970 D WindowManager: isScreenshotDisabledLocked: userId = 0, disabled =false
02-05 17:41:03.164  1163  3970 I SurfaceControl: nativeRelease nativeObject s[499038069440]
02-05 17:41:03.164  1163  3970 I SurfaceControl: nativeRelease nativeObject e[499038069440]
02-05 17:41:03.164   789  1272 I Layer   : id=80114 removeFromCurrentState com.example.dogglers/androidx.test.core.app.InstrumentationActivityInvoker$EmptyActivity$_15500#0 (196)
02-05 17:41:03.165  1163  3970 W WindowManager: lockNow pending, ignore updating lockscreen timeout
02-05 17:41:03.165   789  2265 I Layer   : id=80113 removeFromCurrentState 2a0e6a2 com.example.dogglers/androidx.test.core.app.InstrumentationActivityInvoker$EmptyActivity#0 (196)
02-05 17:41:03.165   789  2265 I Layer   : id=80117 removeFromCurrentState Surface(name=dbf3b45 InputMethod)/@0xf70bba8 - animation-leash#0 (196)
02-05 17:41:03.166 15500 15500 D InputTransport: Input channel destroyed: '2a0e6a2', fd=99
02-05 17:41:03.166   789  1273 I SurfaceFlinger: id=80113 Removed 2a0e6a2 com.example.dogglers/androidx.test.core.app.InstrumentationActivityInvoker$EmptyActivity#0 (196)
02-05 17:41:03.166  3640  3640 I GoogleInputMethodService: GoogleInputMethodService.onFinishInput():3316
02-05 17:41:03.166   789  1272 I SurfaceFlinger: id=80114 Removed com.example.dogglers/androidx.test.core.app.InstrumentationActivityInvoker$EmptyActivity$_15500#0 (196)
02-05 17:41:03.166  1163  2104 I SurfaceControl: nativeRelease nativeObject s[496785832320]
02-05 17:41:03.166  1163  2104 I SurfaceControl: nativeRelease nativeObject e[496785832320]
02-05 17:41:03.167  3640  3640 I GoogleInputMethodService: GoogleInputMethodService.updateDeviceLockedStatus():2181 checkRepeatedly = false, unlocked = true
02-05 17:41:03.167  3640  3640 D InputMethodService: checkDisplayOfStartInputAndUpdateKeyboard display Id 0last 0
02-05 17:41:03.167  3640  3640 I GoogleInputMethodService: GoogleInputMethodService.onStartInput():1989
02-05 17:41:03.167  3640  3640 I GoogleInputMethodService: GoogleInputMethodService.updateDeviceLockedStatus():2181 checkRepeatedly = true, unlocked = true
02-05 17:41:03.170   789   789 I Layer   : id=80113[1] Destroyed 2a0e6a2 com.example.dogglers/androidx.test.core.app.InstrumentationActivityInvoker$EmptyActivity#0
02-05 17:41:03.170   789   789 I Layer   : id=80114[1] Destroyed com.example.dogglers/androidx.test.core.app.InstrumentationActivityInvoker$EmptyActivity$_15500#0
02-05 17:41:03.171  1163  3940 I InputDispatcher: Focus left window (15500): d38d313 in display 0 0
02-05 17:41:03.175 15500 15500 D LifecycleMonitor: Lifecycle status change: androidx.test.core.app.InstrumentationActivityInvoker$EmptyActivity@ddba76c in: PAUSED
02-05 17:41:03.175 15500 15500 D LifecycleMonitor: running callback: androidx.test.core.app.ActivityScenario$1@1d624de
02-05 17:41:03.175 15500 15500 V ActivityScenario: Activity lifecycle changed event received but ignored because the intent does not match. startActivityIntent=Intent { act=android.intent.action.MAIN cat=[android.intent.category.LAUNCHER] cmp=com.example.dogglers/.VerticalListActivity }, activity.getIntent()=Intent { act=android.intent.action.MAIN cat=[android.intent.category.LAUNCHER] flg=0x10000000 cmp=com.example.dogglers/androidx.test.core.app.InstrumentationActivityInvoker$EmptyActivity }, activity=androidx.test.core.app.InstrumentationActivityInvoker$EmptyActivity@ddba76c
02-05 17:41:03.175 15500 15500 D LifecycleMonitor: callback completes: androidx.test.core.app.ActivityScenario$1@1d624de
02-05 17:41:03.177   789  1272 I Layer   : id=80108 removeFromCurrentState ActivityRecord{7c88fa7 u0 com.example.dogglers/androidx.test.core.app.InstrumentationActivityInvoker$EmptyActivity t12740}#0 (194)
02-05 17:41:03.177   789  1272 I SurfaceFlinger: id=80108 Removed ActivityRecord{7c88fa7 u0 com.example.dogglers/androidx.test.core.app.InstrumentationActivityInvoker$EmptyActivity t12740}#0 (194)
02-05 17:41:03.178  1163  2104 I SemDvfsHyPerManager: acquire hyper - AMS_APP_HOME/1163@35, type = -999
02-05 17:41:03.178   726   817 I HYPER-HAL: [RequestManager.cpp]acquire(): Acquired ID : 718236  [1163 / 35]    HINT : AMS_APP_HOME    list :
02-05 17:41:03.179   726   817 I HYPER-HAL: [ResourceManager.cpp]updateResource(): [CPUMinFreq] UpdateResource Request ID : 718236    Value : 2623359
02-05 17:41:03.179  4183  4183 I SemDvfsHyPerManager: acquire hyper - com.sec.android.sdhms/4183@9, type = -999
02-05 17:41:03.179   726   817 I HYPER-HAL: [RequestManager.cpp]acquire(): Acquired ID : 8788537  [4183 / 9]    HINT : APP_START    list :
02-05 17:41:03.179   726   817 I HYPER-HAL: [ResourceManager.cpp]updateResource(): [CPUMaxFreq] UpdateResource Request ID : 8788537    Value : 2730000
02-05 17:41:03.180  1163  2104 V WindowOrientationListener: getProposedRotation: 0
02-05 17:41:03.184  1163  2104 W WindowManager: lockNow pending, ignore updating lockscreen timeout
02-05 17:41:03.186 15500 15500 I SurfaceControl: nativeRelease nativeObject s[499183203104]
02-05 17:41:03.186 15500 15500 I SurfaceControl: nativeRelease nativeObject e[499183203104]
02-05 17:41:03.186   789   789 I Layer   : id=80108[1] Destroyed ActivityRecord{7c88fa7 u0 com.example.dogglers/androidx.test.core.app.InstrumentationActivityInvoker$EmptyActivity t12740}#0
02-05 17:41:03.186  1163  1235 D SamsungIMMSHWKeyboard: isConnectedDexOnPC false
02-05 17:41:03.186 15500 15500 I SurfaceControl: nativeRelease nativeObject s[499183202624]
02-05 17:41:03.186 15500 15500 I SurfaceControl: nativeRelease nativeObject e[499183202624]
02-05 17:41:03.187 15500 15500 I ViewRootImpl@103dbb1[InstrumentationActivityInvoker$EmptyActivity]: MSG_WINDOW_FOCUS_CHANGED 0 1
02-05 17:41:03.187  1163  3939 V WindowManager: Relayout Window{6030dc2 u0 com.sec.android.app.launcher/com.sec.android.app.launcher.activities.LauncherActivity}: viewVisibility=4 req=1080x2400
02-05 17:41:03.187 15500 15559 E TestRunner: failed: vertical_scroll_content_at_last_position(com.example.dogglers.VerticalListTests)
02-05 17:41:03.187 15500 15559 E TestRunner: ----- begin exception -----
02-05 17:41:03.188  1163  3939 W WindowManager: lockNow pending, ignore updating lockscreen timeout
02-05 17:41:03.188 15500 15559 E TestRunner: androidx.test.espresso.NoMatchingViewException: No views in hierarchy found matching: with text: is "Bella"
02-05 17:41:03.188 15500 15559 E TestRunner:
02-05 17:41:03.188 15500 15559 E TestRunner: View Hierarchy:
02-05 17:41:03.188 15500 15559 E TestRunner: +>DecorView{id=-1, visibility=VISIBLE, width=1080, height=2400, has-focus=false, has-focusable=true, has-window-focus=true, is-clickable=false, is-enabled=true, is-focused=false, is-focusable=false, is-layout-requested=false, is-selected=false, layout-params={(0,0)(fillxfill) ty=BASE_APPLICATION wanim=0x1030304
02-05 17:41:03.188 15500 15559 E TestRunner:   fl=81810100
02-05 17:41:03.188 15500 15559 E TestRunner:   pfl=10020000
02-05 17:41:03.188 15500 15559 E TestRunner:   fitSides= naviIconColor=0}, tag=null, root-is-layout-requested=false, has-input-connection=false, x=0.0, y=0.0, child-count=3}
02-05 17:41:03.188 15500 15559 E TestRunner: |
02-05 17:41:03.188 15500 15559 E TestRunner: +->LinearLayout{id=-1, visibility=VISIBLE, width=1080, height=2256, has-focus=false, has-focusable=true, has-window-focus=true, is-clickable=false, is-enabled=true, is-focused=false, is-focusable=false, is-layout-requested=false, is-selected=false, layout-params=android.widget.FrameLayout$LayoutParams@b368316, tag=null, root-is-layout-requested=false, has-input-connection=false, x=0.0, y=0.0, child-count=2}
02-05 17:41:03.188 15500 15559 E TestRunner: |
02-05 17:41:03.188 15500 15559 E TestRunner: +-->ViewStub{id=16908721, res-name=action_mode_bar_stub, visibility=GONE, width=0, height=0, has-focus=false, has-focusable=false, has-window-focus=true, is-clickable=false, is-enabled=true, is-focused=false, is-focusable=false, is-layout-requested=true, is-selected=false, layout-params=android.widget.LinearLayout$LayoutParams@b2ab497, tag=null, root-is-layout-requested=false, has-input-connection=false, x=0.0, y=0.0}
02-05 17:41:03.188 15500 15559 E TestRunner: |
02-05 17:41:03.188 15500 15559 E TestRunner: +-->FrameLayout{id=-1, visibility=VISIBLE, width=1080, height=2168, has-focus=false, has-focusable=true, has-window-focus=true, is-clickable=false, is-enabled=true, is-focused=false, is-focusable=false, is-layout-requested=false, is-selected=false, layout-params=android.widget.LinearLayout$LayoutParams@e90fe6d, tag=null, root-is-layout-requested=false, has-input-connection=false, x=0.0, y=88.0, child-count=1}
02-05 17:41:03.188 15500 15559 E TestRunner: |
02-05 17:41:03.188 15500 15559 E TestRunner: +--->ActionBarOverlayLayout{id=2131230845, res-name=decor_content_parent, visibility=VISIBLE, width=1080, height=2168, has-focus=false, has-focusable=true, has-window-focus=true, is-clickable=false, is-enabled=true, is-focused=false, is-focusable=false, is-layout-requested=false, is-selected=false, layout-params=android.widget.FrameLayout$LayoutParams@99916f0, tag=null, root-is-layout-requested=false, has-input-connection=false, x=0.0, y=0.0, child-count=2}
02-05 17:41:03.188 15500 15559 E TestRunner: |
02-05 17:41:03.188 15500 15559 E TestRunner: +---->ContentFrameLayout{id=16908290, res-name=content, visibility=VISIBLE, width=1080, height=2000, has-focus=false, has-focusable=true, has-window-focus=true, is-clickable=false, is-enabled=true, is-focused=false, is-focusable=false, is-layout-requested=false, is-selected=false, layout-params=androidx.appcompat.widget.ActionBarOverlayLayout$LayoutParams@f52deee, tag=null, root-is-layout-requested=false, has-input-connection=false, x=0.0, y=168.0, child-count=1}
02-05 17:41:03.188 15500 15559 E TestRunner: |
02-05 17:41:03.188 15500 15559 E TestRunner: +----->FrameLayout{id=-1, visibility=VISIBLE, width=1080, height=2000, has-focus=false, has-focusable=true, has-window-focus=true, is-clickable=false, is-enabled=true, is-focused=false, is-focusable=false, is-layout-requested=false, is-selected=false, layout-params=android.widget.FrameLayout$LayoutParams@590b21c, tag=null, root-is-layout-requested=false, has-input-connection=false, x=0.0, y=0.0, child-count=1}
02-05 17:41:03.188 15500 15559 E TestRunner: |
02-05 17:41:03.188 15500 15559 E TestRunner: +------>RecyclerView{id=2131231135, res-name=vertical_recycler_view, visibility=VISIBLE, width=1080, height=2000, has-focus=false, has-focusable=true, has-window-focus=true, is-clickable=false, is-enabled=true, is-focused=false, is-focusable=true, is-layout-requested=false, is-selected=false, layout-params=android.widget.FrameLayout$LayoutParams@2888e25, tag=null, root-is-layout-requested=false, has-input-connection=false, x=0.0, y=0.0, child-count=0}
02-05 17:41:03.188 15500 15559 E TestRunner: |
02-05 17:41:03.188 15500 15559 E TestRunner: +---->ActionBarContainer{id=2131230771, res-name=action_bar_container, visibility=VISIBLE, width=1080, height=168, has-focus=false, has-focusable=false, has-window-focus=true, is-clickable=false, is-enabled=true, is-focused=false, is-focusable=false, is-layout-requested=false, is-selected=false, layout-params=androidx.appcompat.widget.ActionBarOverlayLayout$LayoutParams@204d408, tag=null, root-is-layout-requested=false, has-input-connection=false, x=0.0, y=0.0, child-count=2}
02-05 17:41:03.188 15500 15559 E TestRunner: |
02-05 17:41:03.188 15500 15559 E TestRunner: +----->Toolbar{id=2131230769, res-name=action_bar, visibility=VISIBLE, width=1080, height=168, has-focus=false, has-focusable=false, has-window-focus=true, is-clickable=false, is-enabled=true, is-focused=false, is-focusable=false, is-layout-requested=false, is-selected=false, layout-params=android.widget.FrameLayout$LayoutParams@61728b4, tag=null, root-is-layout-requested=false, has-input-connection=false, x=0.0, y=0.0, child-count=3}
02-05 17:41:03.188 15500 15559 E TestRunner: |
02-05 17:41:03.188 15500 15559 E TestRunner: +------>AppCompatTextView{id=-1, visibility=VISIBLE, width=240, height=81, has-focus=false, has-focusable=false, has-window-focus=true, is-clickable=false, is-enabled=true, is-focused=false, is-focusable=false, is-layout-requested=false, is-selected=false, layout-params=androidx.appcompat.widget.Toolbar$LayoutParams@57b5cdd, tag=null, root-is-layout-requested=false, has-input-connection=false, x=216.0, y=43.0, text=Dogglers, input-type=0, ime-target=false, has-links=false}
02-05 17:41:03.188 15500 15559 E TestRunner: |
02-05 17:41:03.188 15500 15559 E TestRunner: +------>AppCompatImageButton{id=-1, desc=Navegar para cima, visibility=VISIBLE, width=168, height=168, has-focus=false, has-focusable=false, has-window-focus=true, is-clickable=true, is-enabled=true, is-focused=false, is-focusable=true, is-layout-requested=false, is-selected=false, layout-params=androidx.appcompat.widget.Toolbar$LayoutParams@bc01052, tag=null, root-is-layout-requested=false, has-input-connection=false, x=0.0, y=0.0}
02-05 17:41:03.188 15500 15559 E TestRunner: |
02-05 17:41:03.188 15500 15559 E TestRunner: +------>ActionMenuView{id=-1, visibility=VISIBLE, width=0, height=168, has-focus=false, has-focusable=false, has-window-focus=true, is-clickable=false, is-enabled=true, is-focused=false, is-focusable=false, is-layout-requested=false, is-selected=false, layout-params=androidx.appcompat.widget.Toolbar$LayoutParams@72c1f23, tag=null, root-is-layout-requested=false, has-input-connection=false, x=1080.0, y=0.0, child-count=0}
02-05 17:41:03.188 15500 15559 E TestRunner: |
02-05 17:41:03.188 15500 15559 E TestRunner: +----->ActionBarContextView{id=2131230777, res-name=action_context_bar, visibility=GONE, width=0, height=0, has-focus=false, has-focusable=false, has-window-focus=true, is-clickable=false, is-enabled=true, is-focused=false, is-focusable=false, is-layout-requested=true, is-selected=false, layout-params=android.widget.FrameLayout$LayoutParams@7581c20, tag=null, root-is-layout-requested=false, has-input-connection=false, x=0.0, y=0.0, child-count=0}
02-05 17:41:03.188 15500 15559 E TestRunner: |
02-05 17:41:03.188 15500 15559 E TestRunner: +->View{id=16908336, res-name=navigationBarBackground, visibility=VISIBLE, width=1080, height=144, has-focus=false, has-focusable=false, has-window-focus=true, is-clickable=false, is-enabled=true, is-focused=false, is-focusable=false, is-layout-requested=false, is-selected=false, layout-params=android.widget.FrameLayout$LayoutParams@9d5e9d9, tag=null, root-is-layout-requested=false, has-input-connection=false, x=0.0, y=2256.0}
02-05 17:41:03.188 15500 15559 E TestRunner: |
02-05 17:41:03.188 15500 15559 E TestRunner: +->View{id=16908335, res-name=statusBarBackground, visibility=VISIBLE, width=1080, height=88, has-focus=false, has-focusable=false, has-window-focus=true, is-clickable=false, is-enabled=true, is-focused=false, is-focusable=false, is-layout-requested=false, is-selected=false, layout-params=android.widget.FrameLayout$LayoutParams@42adf9e, tag=null, root-is-layout-requested=false, has-input-connection=false, x=0.0, y=0.0}
02-05 17:41:03.188 15500 15559 E TestRunner: |
02-05 17:41:03.188 15500 15559 E TestRunner: 	at dalvik.system.VMStack.getThreadStackTrace(Native Method)
02-05 17:41:03.188 15500 15559 E TestRunner: 	at java.lang.Thread.getStackTrace(Thread.java:1736)
02-05 17:41:03.188 15500 15559 E TestRunner: 	at androidx.test.espresso.base.DefaultFailureHandler.getUserFriendlyError(DefaultFailureHandler.java:16)
02-05 17:41:03.188 15500 15559 E TestRunner: 	at androidx.test.espresso.base.DefaultFailureHandler.handle(DefaultFailureHandler.java:36)
02-05 17:41:03.188 15500 15559 E TestRunner: 	at androidx.test.espresso.ViewInteraction.waitForAndHandleInteractionResults(ViewInteraction.java:106)
02-05 17:41:03.188 15500 15559 E TestRunner: 	at androidx.test.espresso.ViewInteraction.check(ViewInteraction.java:31)
02-05 17:41:03.188 15500 15559 E TestRunner: 	at com.example.dogglers.VerticalListTests.vertical_scroll_content_at_last_position(VerticalListTests.kt:49)
02-05 17:41:03.188 15500 15559 E TestRunner: 	at java.lang.reflect.Method.invoke(Native Method)
02-05 17:41:03.188 15500 15559 E TestRunner: 	at org.junit.runners.model.FrameworkMethod$1.runReflectiveCall(FrameworkMethod.java:50)
02-05 17:41:03.188 15500 15559 E TestRunner: 	at org.junit.internal.runners.model.ReflectiveCallable.run(ReflectiveCallable.java:12)
02-05 17:41:03.188 15500 15559 E TestRunner: 	at org.junit.runners.model.FrameworkMethod.invokeExplosively(FrameworkMethod.java:47)
02-05 17:41:03.188 15500 15559 E TestRunner: 	at org.junit.internal.runners.statements.InvokeMethod.evaluate(InvokeMethod.java:17)
02-05 17:41:03.188 15500 15559 E TestRunner: 	at org.junit.rules.ExternalResource$1.evaluate(ExternalResource.java:48)
02-05 17:41:03.188 15500 15559 E TestRunner: 	at org.junit.rules.RunRules.evaluate(RunRules.java:20)
02-05 17:41:03.188 15500 15559 E TestRunner: 	at org.junit.runners.ParentRunner.runLeaf(ParentRunner.java:325)
02-05 17:41:03.188 15500 15559 E TestRunner: 	at org.junit.runners.BlockJUnit4ClassRunner.runChild(BlockJUnit4ClassRunner.java:78)
02-05 17:41:03.188 15500 15559 E TestRunner: 	at org.junit.runners.BlockJUnit4ClassRunner.runChild(BlockJUnit4ClassRunner.java:57)
02-05 17:41:03.188 15500 15559 E TestRunner: 	at org.junit.runners.ParentRunner$3.run(ParentRunner.java:290)
02-05 17:41:03.188 15500 15559 E TestRunner: 	at org.junit.runners.ParentRunner$1.schedule(ParentRunner.java:71)
02-05 17:41:03.188 15500 15559 E TestRunner: 	at org.junit.runners.ParentRunner.runChildren(ParentRunner.java:288)
02-05 17:41:03.188 15500 15559 E TestRunner: 	at org.junit.runners.ParentRunner.access$000(ParentRunner.java:58)
02-05 17:41:03.188 15500 15559 E TestRunner: 	at org.junit.runners.ParentRunner$2.evaluate(ParentRunner.java:268)
02-05 17:41:03.188 15500 15559 E TestRunner: 	at org.junit.runners.ParentRunner.run(ParentRunner.java:363)
02-05 17:41:03.188 15500 15559 E TestRunner: 	at androidx.test.ext.junit.runners.AndroidJUnit4.run(AndroidJUnit4.java:154)
02-05 17:41:03.188 15500 15559 E TestRunner: 	at org.junit.runners.Suite.runChild(Suite.java:128)
02-05 17:41:03.188 15500 15559 E TestRunner: 	at org.junit.runners.Suite.runChild(Suite.java:27)
02-05 17:41:03.188 15500 15559 E TestRunner: 	at org.junit.runners.ParentRunner$3.run(ParentRunner.java:290)
02-05 17:41:03.188 15500 15559 E TestRunner: 	at org.junit.runners.ParentRunner$1.schedule(ParentRunner.java:71)
02-05 17:41:03.188 15500 15559 E TestRunner: 	at org.junit.runners.ParentRunner.runChildren(ParentRunner.java:288)
02-05 17:41:03.188 15500 15559 E TestRunner: 	at org.junit.runners.ParentRunner.access$000(ParentRunner.java:58)
02-05 17:41:03.188 15500 15559 E TestRunner: 	at org.junit.runners.ParentRunner$2.evaluate(ParentRunner.java:268)
02-05 17:41:03.188 15500 15559 E TestRunner: 	at org.junit.runners.ParentRunner.run(ParentRunner.java:363)
02-05 17:41:03.188 15500 15559 E TestRunner: 	at org.junit.runner.JUnitCore.run(JUnitCore.java:137)
02-05 17:41:03.188 15500 15559 E TestRunner: 	at org.junit.runner.JUnitCore.run(JUnitCore.java:115)
02-05 17:41:03.188 15500 15559 E TestRunner: 	at androidx.test.internal.runner.TestExecutor.execute(TestExecutor.java:56)
02-05 17:41:03.188 15500 15559 E TestRunner: 	at androidx.test.runner.AndroidJUnitRunner.onStart(AndroidJUnitRunner.java:395)
02-05 17:41:03.188 15500 15559 E TestRunner: 	at android.app.Instrumentation$InstrumentationThread.run(Instrumentation.java:2218)
02-05 17:41:03.188 15500 15559 E TestRunner: ----- end exception -----
02-05 17:41:03.190  1163  1235 D InputMethodManagerService: isImeSwitcherDisabledPackage : false
02-05 17:41:03.190 15500 15559 I TestRunner: finished: vertical_scroll_content_at_last_position(com.example.dogglers.VerticalListTests)
